[2025-03-10T00:12:55.197+0000] {processor.py:186} INFO - Started process (PID=20294) to work on /home/airflow/.local/lib/python3.12/site-packages/airflow/example_dags/example_sensors.py
[2025-03-10T00:12:55.200+0000] {processor.py:914} INFO - Processing file /home/airflow/.local/lib/python3.12/site-packages/airflow/example_dags/example_sensors.py for tasks to queue
[2025-03-10T00:12:55.213+0000] {logging_mixin.py:190} INFO - [2025-03-10T00:12:55.203+0000] {dagbag.py:588} INFO - Filling up the DagBag from /home/airflow/.local/lib/python3.12/site-packages/airflow/example_dags/example_sensors.py
[2025-03-10T00:12:55.312+0000] {processor.py:925} INFO - DAG(s) 'example_sensors' retrieved from /home/airflow/.local/lib/python3.12/site-packages/airflow/example_dags/example_sensors.py
[2025-03-10T00:12:55.501+0000] {logging_mixin.py:190} INFO - [2025-03-10T00:12:55.500+0000] {dag.py:3239} INFO - Sync 1 DAGs
[2025-03-10T00:12:55.574+0000] {logging_mixin.py:190} INFO - [2025-03-10T00:12:55.573+0000] {dag.py:4180} INFO - Setting next_dagrun for example_sensors to None, run_after=None
[2025-03-10T00:12:55.731+0000] {processor.py:208} INFO - Processing /home/airflow/.local/lib/python3.12/site-packages/airflow/example_dags/example_sensors.py took 0.588 seconds
[2025-03-10T00:13:30.037+0000] {processor.py:186} INFO - Started process (PID=20359) to work on /home/airflow/.local/lib/python3.12/site-packages/airflow/example_dags/example_sensors.py
[2025-03-10T00:13:30.041+0000] {processor.py:914} INFO - Processing file /home/airflow/.local/lib/python3.12/site-packages/airflow/example_dags/example_sensors.py for tasks to queue
[2025-03-10T00:13:30.055+0000] {logging_mixin.py:190} INFO - [2025-03-10T00:13:30.054+0000] {dagbag.py:588} INFO - Filling up the DagBag from /home/airflow/.local/lib/python3.12/site-packages/airflow/example_dags/example_sensors.py
[2025-03-10T00:13:30.130+0000] {processor.py:925} INFO - DAG(s) 'example_sensors' retrieved from /home/airflow/.local/lib/python3.12/site-packages/airflow/example_dags/example_sensors.py
[2025-03-10T00:13:30.310+0000] {logging_mixin.py:190} INFO - [2025-03-10T00:13:30.309+0000] {dag.py:3239} INFO - Sync 1 DAGs
[2025-03-10T00:13:30.406+0000] {logging_mixin.py:190} INFO - [2025-03-10T00:13:30.406+0000] {dag.py:4180} INFO - Setting next_dagrun for example_sensors to None, run_after=None
[2025-03-10T00:13:30.534+0000] {processor.py:208} INFO - Processing /home/airflow/.local/lib/python3.12/site-packages/airflow/example_dags/example_sensors.py took 0.531 seconds
[2025-03-10T00:14:00.768+0000] {processor.py:186} INFO - Started process (PID=20423) to work on /home/airflow/.local/lib/python3.12/site-packages/airflow/example_dags/example_sensors.py
[2025-03-10T00:14:00.770+0000] {processor.py:914} INFO - Processing file /home/airflow/.local/lib/python3.12/site-packages/airflow/example_dags/example_sensors.py for tasks to queue
[2025-03-10T00:14:00.773+0000] {logging_mixin.py:190} INFO - [2025-03-10T00:14:00.772+0000] {dagbag.py:588} INFO - Filling up the DagBag from /home/airflow/.local/lib/python3.12/site-packages/airflow/example_dags/example_sensors.py
[2025-03-10T00:14:00.793+0000] {processor.py:925} INFO - DAG(s) 'example_sensors' retrieved from /home/airflow/.local/lib/python3.12/site-packages/airflow/example_dags/example_sensors.py
[2025-03-10T00:14:00.844+0000] {logging_mixin.py:190} INFO - [2025-03-10T00:14:00.843+0000] {dag.py:3239} INFO - Sync 1 DAGs
[2025-03-10T00:14:00.870+0000] {logging_mixin.py:190} INFO - [2025-03-10T00:14:00.870+0000] {dag.py:4180} INFO - Setting next_dagrun for example_sensors to None, run_after=None
[2025-03-10T00:14:00.914+0000] {processor.py:208} INFO - Processing /home/airflow/.local/lib/python3.12/site-packages/airflow/example_dags/example_sensors.py took 0.156 seconds
[2025-03-10T00:14:31.473+0000] {processor.py:186} INFO - Started process (PID=20488) to work on /home/airflow/.local/lib/python3.12/site-packages/airflow/example_dags/example_sensors.py
[2025-03-10T00:14:31.476+0000] {processor.py:914} INFO - Processing file /home/airflow/.local/lib/python3.12/site-packages/airflow/example_dags/example_sensors.py for tasks to queue
[2025-03-10T00:14:31.480+0000] {logging_mixin.py:190} INFO - [2025-03-10T00:14:31.479+0000] {dagbag.py:588} INFO - Filling up the DagBag from /home/airflow/.local/lib/python3.12/site-packages/airflow/example_dags/example_sensors.py
[2025-03-10T00:14:31.533+0000] {processor.py:925} INFO - DAG(s) 'example_sensors' retrieved from /home/airflow/.local/lib/python3.12/site-packages/airflow/example_dags/example_sensors.py
[2025-03-10T00:14:31.617+0000] {logging_mixin.py:190} INFO - [2025-03-10T00:14:31.616+0000] {dag.py:3239} INFO - Sync 1 DAGs
[2025-03-10T00:14:31.660+0000] {logging_mixin.py:190} INFO - [2025-03-10T00:14:31.659+0000] {dag.py:4180} INFO - Setting next_dagrun for example_sensors to None, run_after=None
[2025-03-10T00:14:31.703+0000] {processor.py:208} INFO - Processing /home/airflow/.local/lib/python3.12/site-packages/airflow/example_dags/example_sensors.py took 0.245 seconds
[2025-03-10T00:15:02.027+0000] {processor.py:186} INFO - Started process (PID=20552) to work on /home/airflow/.local/lib/python3.12/site-packages/airflow/example_dags/example_sensors.py
[2025-03-10T00:15:02.031+0000] {processor.py:914} INFO - Processing file /home/airflow/.local/lib/python3.12/site-packages/airflow/example_dags/example_sensors.py for tasks to queue
[2025-03-10T00:15:02.034+0000] {logging_mixin.py:190} INFO - [2025-03-10T00:15:02.034+0000] {dagbag.py:588} INFO - Filling up the DagBag from /home/airflow/.local/lib/python3.12/site-packages/airflow/example_dags/example_sensors.py
[2025-03-10T00:15:02.064+0000] {processor.py:925} INFO - DAG(s) 'example_sensors' retrieved from /home/airflow/.local/lib/python3.12/site-packages/airflow/example_dags/example_sensors.py
[2025-03-10T00:15:02.122+0000] {logging_mixin.py:190} INFO - [2025-03-10T00:15:02.122+0000] {dag.py:3239} INFO - Sync 1 DAGs
[2025-03-10T00:15:02.150+0000] {logging_mixin.py:190} INFO - [2025-03-10T00:15:02.150+0000] {dag.py:4180} INFO - Setting next_dagrun for example_sensors to None, run_after=None
[2025-03-10T00:15:02.196+0000] {processor.py:208} INFO - Processing /home/airflow/.local/lib/python3.12/site-packages/airflow/example_dags/example_sensors.py took 0.200 seconds
[2025-03-10T00:15:32.473+0000] {processor.py:186} INFO - Started process (PID=20617) to work on /home/airflow/.local/lib/python3.12/site-packages/airflow/example_dags/example_sensors.py
[2025-03-10T00:15:32.476+0000] {processor.py:914} INFO - Processing file /home/airflow/.local/lib/python3.12/site-packages/airflow/example_dags/example_sensors.py for tasks to queue
[2025-03-10T00:15:32.481+0000] {logging_mixin.py:190} INFO - [2025-03-10T00:15:32.480+0000] {dagbag.py:588} INFO - Filling up the DagBag from /home/airflow/.local/lib/python3.12/site-packages/airflow/example_dags/example_sensors.py
[2025-03-10T00:15:32.518+0000] {processor.py:925} INFO - DAG(s) 'example_sensors' retrieved from /home/airflow/.local/lib/python3.12/site-packages/airflow/example_dags/example_sensors.py
[2025-03-10T00:15:32.568+0000] {logging_mixin.py:190} INFO - [2025-03-10T00:15:32.567+0000] {dag.py:3239} INFO - Sync 1 DAGs
[2025-03-10T00:15:32.597+0000] {logging_mixin.py:190} INFO - [2025-03-10T00:15:32.596+0000] {dag.py:4180} INFO - Setting next_dagrun for example_sensors to None, run_after=None
[2025-03-10T00:15:32.632+0000] {processor.py:208} INFO - Processing /home/airflow/.local/lib/python3.12/site-packages/airflow/example_dags/example_sensors.py took 0.196 seconds
