[2025-03-10T00:12:56.656+0000] {processor.py:186} INFO - Started process (PID=20298) to work on /home/airflow/.local/lib/python3.12/site-packages/airflow/example_dags/example_time_delta_sensor_async.py
[2025-03-10T00:12:56.669+0000] {processor.py:914} INFO - Processing file /home/airflow/.local/lib/python3.12/site-packages/airflow/example_dags/example_time_delta_sensor_async.py for tasks to queue
[2025-03-10T00:12:56.673+0000] {logging_mixin.py:190} INFO - [2025-03-10T00:12:56.672+0000] {dagbag.py:588} INFO - Filling up the DagBag from /home/airflow/.local/lib/python3.12/site-packages/airflow/example_dags/example_time_delta_sensor_async.py
[2025-03-10T00:12:56.721+0000] {processor.py:925} INFO - DAG(s) 'example_time_delta_sensor_async' retrieved from /home/airflow/.local/lib/python3.12/site-packages/airflow/example_dags/example_time_delta_sensor_async.py
[2025-03-10T00:12:56.861+0000] {logging_mixin.py:190} INFO - [2025-03-10T00:12:56.860+0000] {dag.py:3239} INFO - Sync 1 DAGs
[2025-03-10T00:12:56.991+0000] {logging_mixin.py:190} INFO - [2025-03-10T00:12:56.980+0000] {dag.py:4180} INFO - Setting next_dagrun for example_time_delta_sensor_async to None, run_after=None
[2025-03-10T00:12:57.104+0000] {processor.py:208} INFO - Processing /home/airflow/.local/lib/python3.12/site-packages/airflow/example_dags/example_time_delta_sensor_async.py took 0.483 seconds
[2025-03-10T00:13:32.267+0000] {processor.py:186} INFO - Started process (PID=20363) to work on /home/airflow/.local/lib/python3.12/site-packages/airflow/example_dags/example_time_delta_sensor_async.py
[2025-03-10T00:13:32.278+0000] {processor.py:914} INFO - Processing file /home/airflow/.local/lib/python3.12/site-packages/airflow/example_dags/example_time_delta_sensor_async.py for tasks to queue
[2025-03-10T00:13:32.290+0000] {logging_mixin.py:190} INFO - [2025-03-10T00:13:32.288+0000] {dagbag.py:588} INFO - Filling up the DagBag from /home/airflow/.local/lib/python3.12/site-packages/airflow/example_dags/example_time_delta_sensor_async.py
[2025-03-10T00:13:32.344+0000] {processor.py:925} INFO - DAG(s) 'example_time_delta_sensor_async' retrieved from /home/airflow/.local/lib/python3.12/site-packages/airflow/example_dags/example_time_delta_sensor_async.py
[2025-03-10T00:13:32.442+0000] {logging_mixin.py:190} INFO - [2025-03-10T00:13:32.442+0000] {dag.py:3239} INFO - Sync 1 DAGs
[2025-03-10T00:13:32.553+0000] {logging_mixin.py:190} INFO - [2025-03-10T00:13:32.546+0000] {dag.py:4180} INFO - Setting next_dagrun for example_time_delta_sensor_async to None, run_after=None
[2025-03-10T00:13:32.684+0000] {processor.py:208} INFO - Processing /home/airflow/.local/lib/python3.12/site-packages/airflow/example_dags/example_time_delta_sensor_async.py took 0.455 seconds
[2025-03-10T00:14:03.184+0000] {processor.py:186} INFO - Started process (PID=20432) to work on /home/airflow/.local/lib/python3.12/site-packages/airflow/example_dags/example_time_delta_sensor_async.py
[2025-03-10T00:14:03.195+0000] {processor.py:914} INFO - Processing file /home/airflow/.local/lib/python3.12/site-packages/airflow/example_dags/example_time_delta_sensor_async.py for tasks to queue
[2025-03-10T00:14:03.201+0000] {logging_mixin.py:190} INFO - [2025-03-10T00:14:03.200+0000] {dagbag.py:588} INFO - Filling up the DagBag from /home/airflow/.local/lib/python3.12/site-packages/airflow/example_dags/example_time_delta_sensor_async.py
[2025-03-10T00:14:03.224+0000] {processor.py:925} INFO - DAG(s) 'example_time_delta_sensor_async' retrieved from /home/airflow/.local/lib/python3.12/site-packages/airflow/example_dags/example_time_delta_sensor_async.py
[2025-03-10T00:14:03.271+0000] {logging_mixin.py:190} INFO - [2025-03-10T00:14:03.271+0000] {dag.py:3239} INFO - Sync 1 DAGs
[2025-03-10T00:14:03.303+0000] {logging_mixin.py:190} INFO - [2025-03-10T00:14:03.303+0000] {dag.py:4180} INFO - Setting next_dagrun for example_time_delta_sensor_async to None, run_after=None
[2025-03-10T00:14:03.339+0000] {processor.py:208} INFO - Processing /home/airflow/.local/lib/python3.12/site-packages/airflow/example_dags/example_time_delta_sensor_async.py took 0.173 seconds
[2025-03-10T00:14:34.154+0000] {processor.py:186} INFO - Started process (PID=20497) to work on /home/airflow/.local/lib/python3.12/site-packages/airflow/example_dags/example_time_delta_sensor_async.py
[2025-03-10T00:14:34.157+0000] {processor.py:914} INFO - Processing file /home/airflow/.local/lib/python3.12/site-packages/airflow/example_dags/example_time_delta_sensor_async.py for tasks to queue
[2025-03-10T00:14:34.161+0000] {logging_mixin.py:190} INFO - [2025-03-10T00:14:34.160+0000] {dagbag.py:588} INFO - Filling up the DagBag from /home/airflow/.local/lib/python3.12/site-packages/airflow/example_dags/example_time_delta_sensor_async.py
[2025-03-10T00:14:34.184+0000] {processor.py:925} INFO - DAG(s) 'example_time_delta_sensor_async' retrieved from /home/airflow/.local/lib/python3.12/site-packages/airflow/example_dags/example_time_delta_sensor_async.py
[2025-03-10T00:14:34.237+0000] {logging_mixin.py:190} INFO - [2025-03-10T00:14:34.236+0000] {dag.py:3239} INFO - Sync 1 DAGs
[2025-03-10T00:14:34.281+0000] {logging_mixin.py:190} INFO - [2025-03-10T00:14:34.280+0000] {dag.py:4180} INFO - Setting next_dagrun for example_time_delta_sensor_async to None, run_after=None
[2025-03-10T00:14:34.370+0000] {processor.py:208} INFO - Processing /home/airflow/.local/lib/python3.12/site-packages/airflow/example_dags/example_time_delta_sensor_async.py took 0.227 seconds
[2025-03-10T00:15:04.599+0000] {processor.py:186} INFO - Started process (PID=20561) to work on /home/airflow/.local/lib/python3.12/site-packages/airflow/example_dags/example_time_delta_sensor_async.py
[2025-03-10T00:15:04.601+0000] {processor.py:914} INFO - Processing file /home/airflow/.local/lib/python3.12/site-packages/airflow/example_dags/example_time_delta_sensor_async.py for tasks to queue
[2025-03-10T00:15:04.604+0000] {logging_mixin.py:190} INFO - [2025-03-10T00:15:04.603+0000] {dagbag.py:588} INFO - Filling up the DagBag from /home/airflow/.local/lib/python3.12/site-packages/airflow/example_dags/example_time_delta_sensor_async.py
[2025-03-10T00:15:04.620+0000] {processor.py:925} INFO - DAG(s) 'example_time_delta_sensor_async' retrieved from /home/airflow/.local/lib/python3.12/site-packages/airflow/example_dags/example_time_delta_sensor_async.py
[2025-03-10T00:15:04.663+0000] {logging_mixin.py:190} INFO - [2025-03-10T00:15:04.663+0000] {dag.py:3239} INFO - Sync 1 DAGs
[2025-03-10T00:15:04.695+0000] {logging_mixin.py:190} INFO - [2025-03-10T00:15:04.694+0000] {dag.py:4180} INFO - Setting next_dagrun for example_time_delta_sensor_async to None, run_after=None
[2025-03-10T00:15:04.739+0000] {processor.py:208} INFO - Processing /home/airflow/.local/lib/python3.12/site-packages/airflow/example_dags/example_time_delta_sensor_async.py took 0.150 seconds
[2025-03-10T00:15:35.523+0000] {processor.py:186} INFO - Started process (PID=20626) to work on /home/airflow/.local/lib/python3.12/site-packages/airflow/example_dags/example_time_delta_sensor_async.py
[2025-03-10T00:15:35.525+0000] {processor.py:914} INFO - Processing file /home/airflow/.local/lib/python3.12/site-packages/airflow/example_dags/example_time_delta_sensor_async.py for tasks to queue
[2025-03-10T00:15:35.528+0000] {logging_mixin.py:190} INFO - [2025-03-10T00:15:35.527+0000] {dagbag.py:588} INFO - Filling up the DagBag from /home/airflow/.local/lib/python3.12/site-packages/airflow/example_dags/example_time_delta_sensor_async.py
[2025-03-10T00:15:35.542+0000] {processor.py:925} INFO - DAG(s) 'example_time_delta_sensor_async' retrieved from /home/airflow/.local/lib/python3.12/site-packages/airflow/example_dags/example_time_delta_sensor_async.py
[2025-03-10T00:15:35.591+0000] {logging_mixin.py:190} INFO - [2025-03-10T00:15:35.590+0000] {dag.py:3239} INFO - Sync 1 DAGs
[2025-03-10T00:15:35.635+0000] {logging_mixin.py:190} INFO - [2025-03-10T00:15:35.634+0000] {dag.py:4180} INFO - Setting next_dagrun for example_time_delta_sensor_async to None, run_after=None
[2025-03-10T00:15:35.692+0000] {processor.py:208} INFO - Processing /home/airflow/.local/lib/python3.12/site-packages/airflow/example_dags/example_time_delta_sensor_async.py took 0.183 seconds
