[2025-03-10T00:12:43.281+0000] {processor.py:186} INFO - Started process (PID=20279) to work on /home/airflow/.local/lib/python3.12/site-packages/airflow/example_dags/example_trigger_controller_dag.py
[2025-03-10T00:12:43.291+0000] {processor.py:914} INFO - Processing file /home/airflow/.local/lib/python3.12/site-packages/airflow/example_dags/example_trigger_controller_dag.py for tasks to queue
[2025-03-10T00:12:43.300+0000] {logging_mixin.py:190} INFO - [2025-03-10T00:12:43.299+0000] {dagbag.py:588} INFO - Filling up the DagBag from /home/airflow/.local/lib/python3.12/site-packages/airflow/example_dags/example_trigger_controller_dag.py
[2025-03-10T00:12:43.344+0000] {processor.py:925} INFO - DAG(s) 'example_trigger_controller_dag' retrieved from /home/airflow/.local/lib/python3.12/site-packages/airflow/example_dags/example_trigger_controller_dag.py
[2025-03-10T00:12:43.487+0000] {logging_mixin.py:190} INFO - [2025-03-10T00:12:43.478+0000] {dag.py:3239} INFO - Sync 1 DAGs
[2025-03-10T00:12:43.682+0000] {logging_mixin.py:190} INFO - [2025-03-10T00:12:43.681+0000] {dag.py:4180} INFO - Setting next_dagrun for example_trigger_controller_dag to 2021-01-01 00:00:00+00:00, run_after=2021-01-01 00:00:00+00:00
[2025-03-10T00:12:43.830+0000] {processor.py:208} INFO - Processing /home/airflow/.local/lib/python3.12/site-packages/airflow/example_dags/example_trigger_controller_dag.py took 0.574 seconds
[2025-03-10T00:13:19.551+0000] {processor.py:186} INFO - Started process (PID=20344) to work on /home/airflow/.local/lib/python3.12/site-packages/airflow/example_dags/example_trigger_controller_dag.py
[2025-03-10T00:13:19.563+0000] {processor.py:914} INFO - Processing file /home/airflow/.local/lib/python3.12/site-packages/airflow/example_dags/example_trigger_controller_dag.py for tasks to queue
[2025-03-10T00:13:19.567+0000] {logging_mixin.py:190} INFO - [2025-03-10T00:13:19.566+0000] {dagbag.py:588} INFO - Filling up the DagBag from /home/airflow/.local/lib/python3.12/site-packages/airflow/example_dags/example_trigger_controller_dag.py
[2025-03-10T00:13:19.632+0000] {processor.py:925} INFO - DAG(s) 'example_trigger_controller_dag' retrieved from /home/airflow/.local/lib/python3.12/site-packages/airflow/example_dags/example_trigger_controller_dag.py
[2025-03-10T00:13:19.751+0000] {logging_mixin.py:190} INFO - [2025-03-10T00:13:19.751+0000] {dag.py:3239} INFO - Sync 1 DAGs
[2025-03-10T00:13:19.982+0000] {logging_mixin.py:190} INFO - [2025-03-10T00:13:19.981+0000] {dag.py:4180} INFO - Setting next_dagrun for example_trigger_controller_dag to 2021-01-01 00:00:00+00:00, run_after=2021-01-01 00:00:00+00:00
[2025-03-10T00:13:20.138+0000] {processor.py:208} INFO - Processing /home/airflow/.local/lib/python3.12/site-packages/airflow/example_dags/example_trigger_controller_dag.py took 0.623 seconds
[2025-03-10T00:13:50.570+0000] {processor.py:186} INFO - Started process (PID=20409) to work on /home/airflow/.local/lib/python3.12/site-packages/airflow/example_dags/example_trigger_controller_dag.py
[2025-03-10T00:13:50.572+0000] {processor.py:914} INFO - Processing file /home/airflow/.local/lib/python3.12/site-packages/airflow/example_dags/example_trigger_controller_dag.py for tasks to queue
[2025-03-10T00:13:50.578+0000] {logging_mixin.py:190} INFO - [2025-03-10T00:13:50.576+0000] {dagbag.py:588} INFO - Filling up the DagBag from /home/airflow/.local/lib/python3.12/site-packages/airflow/example_dags/example_trigger_controller_dag.py
[2025-03-10T00:13:50.593+0000] {processor.py:925} INFO - DAG(s) 'example_trigger_controller_dag' retrieved from /home/airflow/.local/lib/python3.12/site-packages/airflow/example_dags/example_trigger_controller_dag.py
[2025-03-10T00:13:50.634+0000] {logging_mixin.py:190} INFO - [2025-03-10T00:13:50.634+0000] {dag.py:3239} INFO - Sync 1 DAGs
[2025-03-10T00:13:50.730+0000] {logging_mixin.py:190} INFO - [2025-03-10T00:13:50.730+0000] {dag.py:4180} INFO - Setting next_dagrun for example_trigger_controller_dag to 2021-01-01 00:00:00+00:00, run_after=2021-01-01 00:00:00+00:00
[2025-03-10T00:13:50.796+0000] {processor.py:208} INFO - Processing /home/airflow/.local/lib/python3.12/site-packages/airflow/example_dags/example_trigger_controller_dag.py took 0.236 seconds
[2025-03-10T00:14:20.954+0000] {processor.py:186} INFO - Started process (PID=20473) to work on /home/airflow/.local/lib/python3.12/site-packages/airflow/example_dags/example_trigger_controller_dag.py
[2025-03-10T00:14:20.956+0000] {processor.py:914} INFO - Processing file /home/airflow/.local/lib/python3.12/site-packages/airflow/example_dags/example_trigger_controller_dag.py for tasks to queue
[2025-03-10T00:14:20.959+0000] {logging_mixin.py:190} INFO - [2025-03-10T00:14:20.958+0000] {dagbag.py:588} INFO - Filling up the DagBag from /home/airflow/.local/lib/python3.12/site-packages/airflow/example_dags/example_trigger_controller_dag.py
[2025-03-10T00:14:20.972+0000] {processor.py:925} INFO - DAG(s) 'example_trigger_controller_dag' retrieved from /home/airflow/.local/lib/python3.12/site-packages/airflow/example_dags/example_trigger_controller_dag.py
[2025-03-10T00:14:21.014+0000] {logging_mixin.py:190} INFO - [2025-03-10T00:14:21.013+0000] {dag.py:3239} INFO - Sync 1 DAGs
[2025-03-10T00:14:21.074+0000] {logging_mixin.py:190} INFO - [2025-03-10T00:14:21.074+0000] {dag.py:4180} INFO - Setting next_dagrun for example_trigger_controller_dag to 2021-01-01 00:00:00+00:00, run_after=2021-01-01 00:00:00+00:00
[2025-03-10T00:14:21.135+0000] {processor.py:208} INFO - Processing /home/airflow/.local/lib/python3.12/site-packages/airflow/example_dags/example_trigger_controller_dag.py took 0.191 seconds
[2025-03-10T00:14:51.741+0000] {processor.py:186} INFO - Started process (PID=20538) to work on /home/airflow/.local/lib/python3.12/site-packages/airflow/example_dags/example_trigger_controller_dag.py
[2025-03-10T00:14:51.744+0000] {processor.py:914} INFO - Processing file /home/airflow/.local/lib/python3.12/site-packages/airflow/example_dags/example_trigger_controller_dag.py for tasks to queue
[2025-03-10T00:14:51.746+0000] {logging_mixin.py:190} INFO - [2025-03-10T00:14:51.746+0000] {dagbag.py:588} INFO - Filling up the DagBag from /home/airflow/.local/lib/python3.12/site-packages/airflow/example_dags/example_trigger_controller_dag.py
[2025-03-10T00:14:51.759+0000] {processor.py:925} INFO - DAG(s) 'example_trigger_controller_dag' retrieved from /home/airflow/.local/lib/python3.12/site-packages/airflow/example_dags/example_trigger_controller_dag.py
[2025-03-10T00:14:51.799+0000] {logging_mixin.py:190} INFO - [2025-03-10T00:14:51.798+0000] {dag.py:3239} INFO - Sync 1 DAGs
[2025-03-10T00:14:51.845+0000] {logging_mixin.py:190} INFO - [2025-03-10T00:14:51.843+0000] {dag.py:4180} INFO - Setting next_dagrun for example_trigger_controller_dag to 2021-01-01 00:00:00+00:00, run_after=2021-01-01 00:00:00+00:00
[2025-03-10T00:14:51.885+0000] {processor.py:208} INFO - Processing /home/airflow/.local/lib/python3.12/site-packages/airflow/example_dags/example_trigger_controller_dag.py took 0.155 seconds
[2025-03-10T00:15:22.691+0000] {processor.py:186} INFO - Started process (PID=20603) to work on /home/airflow/.local/lib/python3.12/site-packages/airflow/example_dags/example_trigger_controller_dag.py
[2025-03-10T00:15:22.692+0000] {processor.py:914} INFO - Processing file /home/airflow/.local/lib/python3.12/site-packages/airflow/example_dags/example_trigger_controller_dag.py for tasks to queue
[2025-03-10T00:15:22.695+0000] {logging_mixin.py:190} INFO - [2025-03-10T00:15:22.694+0000] {dagbag.py:588} INFO - Filling up the DagBag from /home/airflow/.local/lib/python3.12/site-packages/airflow/example_dags/example_trigger_controller_dag.py
[2025-03-10T00:15:22.708+0000] {processor.py:925} INFO - DAG(s) 'example_trigger_controller_dag' retrieved from /home/airflow/.local/lib/python3.12/site-packages/airflow/example_dags/example_trigger_controller_dag.py
[2025-03-10T00:15:22.748+0000] {logging_mixin.py:190} INFO - [2025-03-10T00:15:22.747+0000] {dag.py:3239} INFO - Sync 1 DAGs
[2025-03-10T00:15:22.802+0000] {logging_mixin.py:190} INFO - [2025-03-10T00:15:22.801+0000] {dag.py:4180} INFO - Setting next_dagrun for example_trigger_controller_dag to 2021-01-01 00:00:00+00:00, run_after=2021-01-01 00:00:00+00:00
[2025-03-10T00:15:22.845+0000] {processor.py:208} INFO - Processing /home/airflow/.local/lib/python3.12/site-packages/airflow/example_dags/example_trigger_controller_dag.py took 0.167 seconds
