[2025-03-10T00:12:50.779+0000] {processor.py:186} INFO - Started process (PID=20288) to work on /home/airflow/.local/lib/python3.12/site-packages/airflow/example_dags/example_sla_dag.py
[2025-03-10T00:12:50.782+0000] {processor.py:914} INFO - Processing file /home/airflow/.local/lib/python3.12/site-packages/airflow/example_dags/example_sla_dag.py for tasks to queue
[2025-03-10T00:12:50.787+0000] {logging_mixin.py:190} INFO - [2025-03-10T00:12:50.786+0000] {dagbag.py:588} INFO - Filling up the DagBag from /home/airflow/.local/lib/python3.12/site-packages/airflow/example_dags/example_sla_dag.py
[2025-03-10T00:12:50.879+0000] {processor.py:925} INFO - DAG(s) 'example_sla_dag' retrieved from /home/airflow/.local/lib/python3.12/site-packages/airflow/example_dags/example_sla_dag.py
[2025-03-10T00:12:51.020+0000] {logging_mixin.py:190} INFO - [2025-03-10T00:12:51.010+0000] {dag.py:3239} INFO - Sync 1 DAGs
[2025-03-10T00:12:51.292+0000] {logging_mixin.py:190} INFO - [2025-03-10T00:12:51.292+0000] {dag.py:4180} INFO - Setting next_dagrun for example_sla_dag to 2025-03-10 00:10:00+00:00, run_after=2025-03-10 00:12:00+00:00
[2025-03-10T00:12:51.436+0000] {processor.py:208} INFO - Processing /home/airflow/.local/lib/python3.12/site-packages/airflow/example_dags/example_sla_dag.py took 0.701 seconds
[2025-03-10T00:13:22.789+0000] {processor.py:186} INFO - Started process (PID=20352) to work on /home/airflow/.local/lib/python3.12/site-packages/airflow/example_dags/example_sla_dag.py
[2025-03-10T00:13:22.795+0000] {processor.py:914} INFO - Processing file /home/airflow/.local/lib/python3.12/site-packages/airflow/example_dags/example_sla_dag.py for tasks to queue
[2025-03-10T00:13:22.806+0000] {logging_mixin.py:190} INFO - [2025-03-10T00:13:22.805+0000] {dagbag.py:588} INFO - Filling up the DagBag from /home/airflow/.local/lib/python3.12/site-packages/airflow/example_dags/example_sla_dag.py
[2025-03-10T00:13:22.917+0000] {processor.py:925} INFO - DAG(s) 'example_sla_dag' retrieved from /home/airflow/.local/lib/python3.12/site-packages/airflow/example_dags/example_sla_dag.py
[2025-03-10T00:13:23.060+0000] {logging_mixin.py:190} INFO - [2025-03-10T00:13:23.059+0000] {dag.py:3239} INFO - Sync 1 DAGs
[2025-03-10T00:13:23.380+0000] {logging_mixin.py:190} INFO - [2025-03-10T00:13:23.378+0000] {dag.py:4180} INFO - Setting next_dagrun for example_sla_dag to 2025-03-10 00:10:00+00:00, run_after=2025-03-10 00:12:00+00:00
[2025-03-10T00:13:23.578+0000] {processor.py:208} INFO - Processing /home/airflow/.local/lib/python3.12/site-packages/airflow/example_dags/example_sla_dag.py took 0.830 seconds
[2025-03-10T00:13:53.951+0000] {processor.py:186} INFO - Started process (PID=20416) to work on /home/airflow/.local/lib/python3.12/site-packages/airflow/example_dags/example_sla_dag.py
[2025-03-10T00:13:53.953+0000] {processor.py:914} INFO - Processing file /home/airflow/.local/lib/python3.12/site-packages/airflow/example_dags/example_sla_dag.py for tasks to queue
[2025-03-10T00:13:53.956+0000] {logging_mixin.py:190} INFO - [2025-03-10T00:13:53.955+0000] {dagbag.py:588} INFO - Filling up the DagBag from /home/airflow/.local/lib/python3.12/site-packages/airflow/example_dags/example_sla_dag.py
[2025-03-10T00:13:53.982+0000] {processor.py:925} INFO - DAG(s) 'example_sla_dag' retrieved from /home/airflow/.local/lib/python3.12/site-packages/airflow/example_dags/example_sla_dag.py
[2025-03-10T00:13:54.021+0000] {logging_mixin.py:190} INFO - [2025-03-10T00:13:54.020+0000] {dag.py:3239} INFO - Sync 1 DAGs
[2025-03-10T00:13:54.069+0000] {logging_mixin.py:190} INFO - [2025-03-10T00:13:54.069+0000] {dag.py:4180} INFO - Setting next_dagrun for example_sla_dag to 2025-03-10 00:10:00+00:00, run_after=2025-03-10 00:12:00+00:00
[2025-03-10T00:13:54.120+0000] {processor.py:208} INFO - Processing /home/airflow/.local/lib/python3.12/site-packages/airflow/example_dags/example_sla_dag.py took 0.180 seconds
[2025-03-10T00:14:24.533+0000] {processor.py:186} INFO - Started process (PID=20481) to work on /home/airflow/.local/lib/python3.12/site-packages/airflow/example_dags/example_sla_dag.py
[2025-03-10T00:14:24.535+0000] {processor.py:914} INFO - Processing file /home/airflow/.local/lib/python3.12/site-packages/airflow/example_dags/example_sla_dag.py for tasks to queue
[2025-03-10T00:14:24.538+0000] {logging_mixin.py:190} INFO - [2025-03-10T00:14:24.537+0000] {dagbag.py:588} INFO - Filling up the DagBag from /home/airflow/.local/lib/python3.12/site-packages/airflow/example_dags/example_sla_dag.py
[2025-03-10T00:14:24.558+0000] {processor.py:925} INFO - DAG(s) 'example_sla_dag' retrieved from /home/airflow/.local/lib/python3.12/site-packages/airflow/example_dags/example_sla_dag.py
[2025-03-10T00:14:24.598+0000] {logging_mixin.py:190} INFO - [2025-03-10T00:14:24.597+0000] {dag.py:3239} INFO - Sync 1 DAGs
[2025-03-10T00:14:24.657+0000] {logging_mixin.py:190} INFO - [2025-03-10T00:14:24.657+0000] {dag.py:4180} INFO - Setting next_dagrun for example_sla_dag to 2025-03-10 00:12:00+00:00, run_after=2025-03-10 00:14:00+00:00
[2025-03-10T00:14:24.702+0000] {processor.py:208} INFO - Processing /home/airflow/.local/lib/python3.12/site-packages/airflow/example_dags/example_sla_dag.py took 0.181 seconds
[2025-03-10T00:14:55.117+0000] {processor.py:186} INFO - Started process (PID=20546) to work on /home/airflow/.local/lib/python3.12/site-packages/airflow/example_dags/example_sla_dag.py
[2025-03-10T00:14:55.120+0000] {processor.py:914} INFO - Processing file /home/airflow/.local/lib/python3.12/site-packages/airflow/example_dags/example_sla_dag.py for tasks to queue
[2025-03-10T00:14:55.123+0000] {logging_mixin.py:190} INFO - [2025-03-10T00:14:55.122+0000] {dagbag.py:588} INFO - Filling up the DagBag from /home/airflow/.local/lib/python3.12/site-packages/airflow/example_dags/example_sla_dag.py
[2025-03-10T00:14:55.142+0000] {processor.py:925} INFO - DAG(s) 'example_sla_dag' retrieved from /home/airflow/.local/lib/python3.12/site-packages/airflow/example_dags/example_sla_dag.py
[2025-03-10T00:14:55.187+0000] {logging_mixin.py:190} INFO - [2025-03-10T00:14:55.186+0000] {dag.py:3239} INFO - Sync 1 DAGs
[2025-03-10T00:14:55.241+0000] {logging_mixin.py:190} INFO - [2025-03-10T00:14:55.241+0000] {dag.py:4180} INFO - Setting next_dagrun for example_sla_dag to 2025-03-10 00:12:00+00:00, run_after=2025-03-10 00:14:00+00:00
[2025-03-10T00:14:55.280+0000] {processor.py:208} INFO - Processing /home/airflow/.local/lib/python3.12/site-packages/airflow/example_dags/example_sla_dag.py took 0.173 seconds
[2025-03-10T00:15:25.525+0000] {processor.py:186} INFO - Started process (PID=20611) to work on /home/airflow/.local/lib/python3.12/site-packages/airflow/example_dags/example_sla_dag.py
[2025-03-10T00:15:25.527+0000] {processor.py:914} INFO - Processing file /home/airflow/.local/lib/python3.12/site-packages/airflow/example_dags/example_sla_dag.py for tasks to queue
[2025-03-10T00:15:25.529+0000] {logging_mixin.py:190} INFO - [2025-03-10T00:15:25.529+0000] {dagbag.py:588} INFO - Filling up the DagBag from /home/airflow/.local/lib/python3.12/site-packages/airflow/example_dags/example_sla_dag.py
[2025-03-10T00:15:25.550+0000] {processor.py:925} INFO - DAG(s) 'example_sla_dag' retrieved from /home/airflow/.local/lib/python3.12/site-packages/airflow/example_dags/example_sla_dag.py
[2025-03-10T00:15:25.590+0000] {logging_mixin.py:190} INFO - [2025-03-10T00:15:25.590+0000] {dag.py:3239} INFO - Sync 1 DAGs
[2025-03-10T00:15:25.647+0000] {logging_mixin.py:190} INFO - [2025-03-10T00:15:25.647+0000] {dag.py:4180} INFO - Setting next_dagrun for example_sla_dag to 2025-03-10 00:12:00+00:00, run_after=2025-03-10 00:14:00+00:00
[2025-03-10T00:15:25.713+0000] {processor.py:208} INFO - Processing /home/airflow/.local/lib/python3.12/site-packages/airflow/example_dags/example_sla_dag.py took 0.199 seconds
