[2025-03-10T00:12:29.936+0000] {processor.py:186} INFO - Started process (PID=20253) to work on /home/airflow/.local/lib/python3.12/site-packages/airflow/example_dags/example_setup_teardown_taskflow.py
[2025-03-10T00:12:29.939+0000] {processor.py:914} INFO - Processing file /home/airflow/.local/lib/python3.12/site-packages/airflow/example_dags/example_setup_teardown_taskflow.py for tasks to queue
[2025-03-10T00:12:29.952+0000] {logging_mixin.py:190} INFO - [2025-03-10T00:12:29.951+0000] {dagbag.py:588} INFO - Filling up the DagBag from /home/airflow/.local/lib/python3.12/site-packages/airflow/example_dags/example_setup_teardown_taskflow.py
[2025-03-10T00:12:30.061+0000] {processor.py:925} INFO - DAG(s) 'example_setup_teardown_taskflow' retrieved from /home/airflow/.local/lib/python3.12/site-packages/airflow/example_dags/example_setup_teardown_taskflow.py
[2025-03-10T00:12:30.200+0000] {logging_mixin.py:190} INFO - [2025-03-10T00:12:30.199+0000] {dag.py:3239} INFO - Sync 1 DAGs
[2025-03-10T00:12:30.329+0000] {logging_mixin.py:190} INFO - [2025-03-10T00:12:30.328+0000] {dag.py:4180} INFO - Setting next_dagrun for example_setup_teardown_taskflow to None, run_after=None
[2025-03-10T00:12:30.466+0000] {processor.py:208} INFO - Processing /home/airflow/.local/lib/python3.12/site-packages/airflow/example_dags/example_setup_teardown_taskflow.py took 0.556 seconds
[2025-03-10T00:13:05.799+0000] {processor.py:186} INFO - Started process (PID=20325) to work on /home/airflow/.local/lib/python3.12/site-packages/airflow/example_dags/example_setup_teardown_taskflow.py
[2025-03-10T00:13:05.812+0000] {processor.py:914} INFO - Processing file /home/airflow/.local/lib/python3.12/site-packages/airflow/example_dags/example_setup_teardown_taskflow.py for tasks to queue
[2025-03-10T00:13:05.815+0000] {logging_mixin.py:190} INFO - [2025-03-10T00:13:05.814+0000] {dagbag.py:588} INFO - Filling up the DagBag from /home/airflow/.local/lib/python3.12/site-packages/airflow/example_dags/example_setup_teardown_taskflow.py
[2025-03-10T00:13:05.857+0000] {processor.py:925} INFO - DAG(s) 'example_setup_teardown_taskflow' retrieved from /home/airflow/.local/lib/python3.12/site-packages/airflow/example_dags/example_setup_teardown_taskflow.py
[2025-03-10T00:13:05.995+0000] {logging_mixin.py:190} INFO - [2025-03-10T00:13:05.994+0000] {dag.py:3239} INFO - Sync 1 DAGs
[2025-03-10T00:13:06.094+0000] {logging_mixin.py:190} INFO - [2025-03-10T00:13:06.093+0000] {dag.py:4180} INFO - Setting next_dagrun for example_setup_teardown_taskflow to None, run_after=None
[2025-03-10T00:13:06.227+0000] {processor.py:208} INFO - Processing /home/airflow/.local/lib/python3.12/site-packages/airflow/example_dags/example_setup_teardown_taskflow.py took 0.452 seconds
[2025-03-10T00:13:40.696+0000] {processor.py:186} INFO - Started process (PID=20389) to work on /home/airflow/.local/lib/python3.12/site-packages/airflow/example_dags/example_setup_teardown_taskflow.py
[2025-03-10T00:13:40.705+0000] {processor.py:914} INFO - Processing file /home/airflow/.local/lib/python3.12/site-packages/airflow/example_dags/example_setup_teardown_taskflow.py for tasks to queue
[2025-03-10T00:13:40.709+0000] {logging_mixin.py:190} INFO - [2025-03-10T00:13:40.708+0000] {dagbag.py:588} INFO - Filling up the DagBag from /home/airflow/.local/lib/python3.12/site-packages/airflow/example_dags/example_setup_teardown_taskflow.py
[2025-03-10T00:13:40.755+0000] {processor.py:925} INFO - DAG(s) 'example_setup_teardown_taskflow' retrieved from /home/airflow/.local/lib/python3.12/site-packages/airflow/example_dags/example_setup_teardown_taskflow.py
[2025-03-10T00:13:40.878+0000] {logging_mixin.py:190} INFO - [2025-03-10T00:13:40.869+0000] {dag.py:3239} INFO - Sync 1 DAGs
[2025-03-10T00:13:41.015+0000] {logging_mixin.py:190} INFO - [2025-03-10T00:13:41.003+0000] {dag.py:4180} INFO - Setting next_dagrun for example_setup_teardown_taskflow to None, run_after=None
[2025-03-10T00:13:41.162+0000] {processor.py:208} INFO - Processing /home/airflow/.local/lib/python3.12/site-packages/airflow/example_dags/example_setup_teardown_taskflow.py took 0.484 seconds
[2025-03-10T00:14:12.032+0000] {processor.py:186} INFO - Started process (PID=20454) to work on /home/airflow/.local/lib/python3.12/site-packages/airflow/example_dags/example_setup_teardown_taskflow.py
[2025-03-10T00:14:12.034+0000] {processor.py:914} INFO - Processing file /home/airflow/.local/lib/python3.12/site-packages/airflow/example_dags/example_setup_teardown_taskflow.py for tasks to queue
[2025-03-10T00:14:12.038+0000] {logging_mixin.py:190} INFO - [2025-03-10T00:14:12.037+0000] {dagbag.py:588} INFO - Filling up the DagBag from /home/airflow/.local/lib/python3.12/site-packages/airflow/example_dags/example_setup_teardown_taskflow.py
[2025-03-10T00:14:12.066+0000] {processor.py:925} INFO - DAG(s) 'example_setup_teardown_taskflow' retrieved from /home/airflow/.local/lib/python3.12/site-packages/airflow/example_dags/example_setup_teardown_taskflow.py
[2025-03-10T00:14:12.131+0000] {logging_mixin.py:190} INFO - [2025-03-10T00:14:12.130+0000] {dag.py:3239} INFO - Sync 1 DAGs
[2025-03-10T00:14:12.171+0000] {logging_mixin.py:190} INFO - [2025-03-10T00:14:12.170+0000] {dag.py:4180} INFO - Setting next_dagrun for example_setup_teardown_taskflow to None, run_after=None
[2025-03-10T00:14:12.218+0000] {processor.py:208} INFO - Processing /home/airflow/.local/lib/python3.12/site-packages/airflow/example_dags/example_setup_teardown_taskflow.py took 0.206 seconds
[2025-03-10T00:14:42.972+0000] {processor.py:186} INFO - Started process (PID=20519) to work on /home/airflow/.local/lib/python3.12/site-packages/airflow/example_dags/example_setup_teardown_taskflow.py
[2025-03-10T00:14:42.974+0000] {processor.py:914} INFO - Processing file /home/airflow/.local/lib/python3.12/site-packages/airflow/example_dags/example_setup_teardown_taskflow.py for tasks to queue
[2025-03-10T00:14:42.979+0000] {logging_mixin.py:190} INFO - [2025-03-10T00:14:42.977+0000] {dagbag.py:588} INFO - Filling up the DagBag from /home/airflow/.local/lib/python3.12/site-packages/airflow/example_dags/example_setup_teardown_taskflow.py
[2025-03-10T00:14:43.002+0000] {processor.py:925} INFO - DAG(s) 'example_setup_teardown_taskflow' retrieved from /home/airflow/.local/lib/python3.12/site-packages/airflow/example_dags/example_setup_teardown_taskflow.py
[2025-03-10T00:14:43.061+0000] {logging_mixin.py:190} INFO - [2025-03-10T00:14:43.060+0000] {dag.py:3239} INFO - Sync 1 DAGs
[2025-03-10T00:14:43.101+0000] {logging_mixin.py:190} INFO - [2025-03-10T00:14:43.101+0000] {dag.py:4180} INFO - Setting next_dagrun for example_setup_teardown_taskflow to None, run_after=None
[2025-03-10T00:14:43.145+0000] {processor.py:208} INFO - Processing /home/airflow/.local/lib/python3.12/site-packages/airflow/example_dags/example_setup_teardown_taskflow.py took 0.183 seconds
[2025-03-10T00:15:13.717+0000] {processor.py:186} INFO - Started process (PID=20584) to work on /home/airflow/.local/lib/python3.12/site-packages/airflow/example_dags/example_setup_teardown_taskflow.py
[2025-03-10T00:15:13.719+0000] {processor.py:914} INFO - Processing file /home/airflow/.local/lib/python3.12/site-packages/airflow/example_dags/example_setup_teardown_taskflow.py for tasks to queue
[2025-03-10T00:15:13.722+0000] {logging_mixin.py:190} INFO - [2025-03-10T00:15:13.721+0000] {dagbag.py:588} INFO - Filling up the DagBag from /home/airflow/.local/lib/python3.12/site-packages/airflow/example_dags/example_setup_teardown_taskflow.py
[2025-03-10T00:15:13.748+0000] {processor.py:925} INFO - DAG(s) 'example_setup_teardown_taskflow' retrieved from /home/airflow/.local/lib/python3.12/site-packages/airflow/example_dags/example_setup_teardown_taskflow.py
[2025-03-10T00:15:13.822+0000] {logging_mixin.py:190} INFO - [2025-03-10T00:15:13.822+0000] {dag.py:3239} INFO - Sync 1 DAGs
[2025-03-10T00:15:13.864+0000] {logging_mixin.py:190} INFO - [2025-03-10T00:15:13.863+0000] {dag.py:4180} INFO - Setting next_dagrun for example_setup_teardown_taskflow to None, run_after=None
[2025-03-10T00:15:13.912+0000] {processor.py:208} INFO - Processing /home/airflow/.local/lib/python3.12/site-packages/airflow/example_dags/example_setup_teardown_taskflow.py took 0.208 seconds
[2025-03-10T05:16:30.298+0000] {processor.py:186} INFO - Started process (PID=20653) to work on /home/airflow/.local/lib/python3.12/site-packages/airflow/example_dags/example_setup_teardown_taskflow.py
[2025-03-10T05:16:30.305+0000] {processor.py:914} INFO - Processing file /home/airflow/.local/lib/python3.12/site-packages/airflow/example_dags/example_setup_teardown_taskflow.py for tasks to queue
[2025-03-10T05:16:30.310+0000] {logging_mixin.py:190} INFO - [2025-03-10T05:16:30.309+0000] {dagbag.py:588} INFO - Filling up the DagBag from /home/airflow/.local/lib/python3.12/site-packages/airflow/example_dags/example_setup_teardown_taskflow.py
[2025-03-10T05:16:30.371+0000] {processor.py:925} INFO - DAG(s) 'example_setup_teardown_taskflow' retrieved from /home/airflow/.local/lib/python3.12/site-packages/airflow/example_dags/example_setup_teardown_taskflow.py
[2025-03-10T05:16:30.502+0000] {logging_mixin.py:190} INFO - [2025-03-10T05:16:30.501+0000] {dag.py:3239} INFO - Sync 1 DAGs
[2025-03-10T05:16:30.637+0000] {logging_mixin.py:190} INFO - [2025-03-10T05:16:30.637+0000] {dag.py:4180} INFO - Setting next_dagrun for example_setup_teardown_taskflow to None, run_after=None
[2025-03-10T05:16:30.767+0000] {processor.py:208} INFO - Processing /home/airflow/.local/lib/python3.12/site-packages/airflow/example_dags/example_setup_teardown_taskflow.py took 0.492 seconds
