[2025-03-10T00:12:23.210+0000] {processor.py:186} INFO - Started process (PID=20241) to work on /home/airflow/.local/lib/python3.12/site-packages/airflow/example_dags/example_bash_decorator.py
[2025-03-10T00:12:23.219+0000] {processor.py:914} INFO - Processing file /home/airflow/.local/lib/python3.12/site-packages/airflow/example_dags/example_bash_decorator.py for tasks to queue
[2025-03-10T00:12:23.228+0000] {logging_mixin.py:190} INFO - [2025-03-10T00:12:23.227+0000] {dagbag.py:588} INFO - Filling up the DagBag from /home/airflow/.local/lib/python3.12/site-packages/airflow/example_dags/example_bash_decorator.py
[2025-03-10T00:12:23.343+0000] {processor.py:925} INFO - DAG(s) 'example_bash_decorator' retrieved from /home/airflow/.local/lib/python3.12/site-packages/airflow/example_dags/example_bash_decorator.py
[2025-03-10T00:12:23.496+0000] {logging_mixin.py:190} INFO - [2025-03-10T00:12:23.488+0000] {dag.py:3239} INFO - Sync 1 DAGs
[2025-03-10T00:12:23.608+0000] {logging_mixin.py:190} INFO - [2025-03-10T00:12:23.598+0000] {dag.py:4180} INFO - Setting next_dagrun for example_bash_decorator to None, run_after=None
[2025-03-10T00:12:23.765+0000] {processor.py:208} INFO - Processing /home/airflow/.local/lib/python3.12/site-packages/airflow/example_dags/example_bash_decorator.py took 0.593 seconds
[2025-03-10T00:13:01.424+0000] {processor.py:186} INFO - Started process (PID=20307) to work on /home/airflow/.local/lib/python3.12/site-packages/airflow/example_dags/example_bash_decorator.py
[2025-03-10T00:13:01.435+0000] {processor.py:914} INFO - Processing file /home/airflow/.local/lib/python3.12/site-packages/airflow/example_dags/example_bash_decorator.py for tasks to queue
[2025-03-10T00:13:01.440+0000] {logging_mixin.py:190} INFO - [2025-03-10T00:13:01.439+0000] {dagbag.py:588} INFO - Filling up the DagBag from /home/airflow/.local/lib/python3.12/site-packages/airflow/example_dags/example_bash_decorator.py
[2025-03-10T00:13:01.538+0000] {processor.py:925} INFO - DAG(s) 'example_bash_decorator' retrieved from /home/airflow/.local/lib/python3.12/site-packages/airflow/example_dags/example_bash_decorator.py
[2025-03-10T00:13:01.670+0000] {logging_mixin.py:190} INFO - [2025-03-10T00:13:01.670+0000] {dag.py:3239} INFO - Sync 1 DAGs
[2025-03-10T00:13:01.753+0000] {logging_mixin.py:190} INFO - [2025-03-10T00:13:01.752+0000] {dag.py:4180} INFO - Setting next_dagrun for example_bash_decorator to None, run_after=None
[2025-03-10T00:13:01.844+0000] {processor.py:208} INFO - Processing /home/airflow/.local/lib/python3.12/site-packages/airflow/example_dags/example_bash_decorator.py took 0.441 seconds
[2025-03-10T00:13:36.221+0000] {processor.py:186} INFO - Started process (PID=20378) to work on /home/airflow/.local/lib/python3.12/site-packages/airflow/example_dags/example_bash_decorator.py
[2025-03-10T00:13:36.224+0000] {processor.py:914} INFO - Processing file /home/airflow/.local/lib/python3.12/site-packages/airflow/example_dags/example_bash_decorator.py for tasks to queue
[2025-03-10T00:13:36.229+0000] {logging_mixin.py:190} INFO - [2025-03-10T00:13:36.227+0000] {dagbag.py:588} INFO - Filling up the DagBag from /home/airflow/.local/lib/python3.12/site-packages/airflow/example_dags/example_bash_decorator.py
[2025-03-10T00:13:36.324+0000] {processor.py:925} INFO - DAG(s) 'example_bash_decorator' retrieved from /home/airflow/.local/lib/python3.12/site-packages/airflow/example_dags/example_bash_decorator.py
[2025-03-10T00:13:36.503+0000] {logging_mixin.py:190} INFO - [2025-03-10T00:13:36.502+0000] {dag.py:3239} INFO - Sync 1 DAGs
[2025-03-10T00:13:36.603+0000] {logging_mixin.py:190} INFO - [2025-03-10T00:13:36.603+0000] {dag.py:4180} INFO - Setting next_dagrun for example_bash_decorator to None, run_after=None
[2025-03-10T00:13:36.804+0000] {processor.py:208} INFO - Processing /home/airflow/.local/lib/python3.12/site-packages/airflow/example_dags/example_bash_decorator.py took 0.631 seconds
[2025-03-10T00:14:07.568+0000] {processor.py:186} INFO - Started process (PID=20443) to work on /home/airflow/.local/lib/python3.12/site-packages/airflow/example_dags/example_bash_decorator.py
[2025-03-10T00:14:07.571+0000] {processor.py:914} INFO - Processing file /home/airflow/.local/lib/python3.12/site-packages/airflow/example_dags/example_bash_decorator.py for tasks to queue
[2025-03-10T00:14:07.573+0000] {logging_mixin.py:190} INFO - [2025-03-10T00:14:07.573+0000] {dagbag.py:588} INFO - Filling up the DagBag from /home/airflow/.local/lib/python3.12/site-packages/airflow/example_dags/example_bash_decorator.py
[2025-03-10T00:14:07.605+0000] {processor.py:925} INFO - DAG(s) 'example_bash_decorator' retrieved from /home/airflow/.local/lib/python3.12/site-packages/airflow/example_dags/example_bash_decorator.py
[2025-03-10T00:14:07.658+0000] {logging_mixin.py:190} INFO - [2025-03-10T00:14:07.657+0000] {dag.py:3239} INFO - Sync 1 DAGs
[2025-03-10T00:14:07.690+0000] {logging_mixin.py:190} INFO - [2025-03-10T00:14:07.689+0000] {dag.py:4180} INFO - Setting next_dagrun for example_bash_decorator to None, run_after=None
[2025-03-10T00:14:07.730+0000] {processor.py:208} INFO - Processing /home/airflow/.local/lib/python3.12/site-packages/airflow/example_dags/example_bash_decorator.py took 0.178 seconds
[2025-03-10T00:14:37.917+0000] {processor.py:186} INFO - Started process (PID=20508) to work on /home/airflow/.local/lib/python3.12/site-packages/airflow/example_dags/example_bash_decorator.py
[2025-03-10T00:14:37.919+0000] {processor.py:914} INFO - Processing file /home/airflow/.local/lib/python3.12/site-packages/airflow/example_dags/example_bash_decorator.py for tasks to queue
[2025-03-10T00:14:37.923+0000] {logging_mixin.py:190} INFO - [2025-03-10T00:14:37.922+0000] {dagbag.py:588} INFO - Filling up the DagBag from /home/airflow/.local/lib/python3.12/site-packages/airflow/example_dags/example_bash_decorator.py
[2025-03-10T00:14:37.963+0000] {processor.py:925} INFO - DAG(s) 'example_bash_decorator' retrieved from /home/airflow/.local/lib/python3.12/site-packages/airflow/example_dags/example_bash_decorator.py
[2025-03-10T00:14:38.054+0000] {logging_mixin.py:190} INFO - [2025-03-10T00:14:38.053+0000] {dag.py:3239} INFO - Sync 1 DAGs
[2025-03-10T00:14:38.114+0000] {logging_mixin.py:190} INFO - [2025-03-10T00:14:38.113+0000] {dag.py:4180} INFO - Setting next_dagrun for example_bash_decorator to None, run_after=None
[2025-03-10T00:14:38.176+0000] {processor.py:208} INFO - Processing /home/airflow/.local/lib/python3.12/site-packages/airflow/example_dags/example_bash_decorator.py took 0.270 seconds
[2025-03-10T00:15:08.629+0000] {processor.py:186} INFO - Started process (PID=20572) to work on /home/airflow/.local/lib/python3.12/site-packages/airflow/example_dags/example_bash_decorator.py
[2025-03-10T00:15:08.635+0000] {processor.py:914} INFO - Processing file /home/airflow/.local/lib/python3.12/site-packages/airflow/example_dags/example_bash_decorator.py for tasks to queue
[2025-03-10T00:15:08.642+0000] {logging_mixin.py:190} INFO - [2025-03-10T00:15:08.640+0000] {dagbag.py:588} INFO - Filling up the DagBag from /home/airflow/.local/lib/python3.12/site-packages/airflow/example_dags/example_bash_decorator.py
[2025-03-10T00:15:08.745+0000] {processor.py:925} INFO - DAG(s) 'example_bash_decorator' retrieved from /home/airflow/.local/lib/python3.12/site-packages/airflow/example_dags/example_bash_decorator.py
[2025-03-10T00:15:08.822+0000] {logging_mixin.py:190} INFO - [2025-03-10T00:15:08.821+0000] {dag.py:3239} INFO - Sync 1 DAGs
[2025-03-10T00:15:08.863+0000] {logging_mixin.py:190} INFO - [2025-03-10T00:15:08.862+0000] {dag.py:4180} INFO - Setting next_dagrun for example_bash_decorator to None, run_after=None
[2025-03-10T00:15:08.919+0000] {processor.py:208} INFO - Processing /home/airflow/.local/lib/python3.12/site-packages/airflow/example_dags/example_bash_decorator.py took 0.324 seconds
[2025-03-10T05:16:18.872+0000] {processor.py:186} INFO - Started process (PID=20637) to work on /home/airflow/.local/lib/python3.12/site-packages/airflow/example_dags/example_bash_decorator.py
[2025-03-10T05:16:18.922+0000] {processor.py:914} INFO - Processing file /home/airflow/.local/lib/python3.12/site-packages/airflow/example_dags/example_bash_decorator.py for tasks to queue
[2025-03-10T05:16:19.013+0000] {logging_mixin.py:190} INFO - [2025-03-10T05:16:18.984+0000] {dagbag.py:588} INFO - Filling up the DagBag from /home/airflow/.local/lib/python3.12/site-packages/airflow/example_dags/example_bash_decorator.py
[2025-03-10T05:16:19.544+0000] {processor.py:925} INFO - DAG(s) 'example_bash_decorator' retrieved from /home/airflow/.local/lib/python3.12/site-packages/airflow/example_dags/example_bash_decorator.py
[2025-03-10T05:16:19.726+0000] {logging_mixin.py:190} INFO - [2025-03-10T05:16:19.715+0000] {dag.py:3239} INFO - Sync 1 DAGs
[2025-03-10T05:16:19.865+0000] {logging_mixin.py:190} INFO - [2025-03-10T05:16:19.864+0000] {dag.py:4180} INFO - Setting next_dagrun for example_bash_decorator to None, run_after=None
[2025-03-10T05:16:20.049+0000] {processor.py:208} INFO - Processing /home/airflow/.local/lib/python3.12/site-packages/airflow/example_dags/example_bash_decorator.py took 1.198 seconds
