[2025-03-10T00:12:24.056+0000] {processor.py:186} INFO - Started process (PID=20243) to work on /home/airflow/.local/lib/python3.12/site-packages/airflow/example_dags/example_external_task_marker_dag.py
[2025-03-10T00:12:24.061+0000] {processor.py:914} INFO - Processing file /home/airflow/.local/lib/python3.12/site-packages/airflow/example_dags/example_external_task_marker_dag.py for tasks to queue
[2025-03-10T00:12:24.072+0000] {logging_mixin.py:190} INFO - [2025-03-10T00:12:24.071+0000] {dagbag.py:588} INFO - Filling up the DagBag from /home/airflow/.local/lib/python3.12/site-packages/airflow/example_dags/example_external_task_marker_dag.py
[2025-03-10T00:12:24.122+0000] {processor.py:925} INFO - DAG(s) 'example_external_task_marker_parent', 'example_external_task_marker_child' retrieved from /home/airflow/.local/lib/python3.12/site-packages/airflow/example_dags/example_external_task_marker_dag.py
[2025-03-10T00:12:24.246+0000] {logging_mixin.py:190} INFO - [2025-03-10T00:12:24.245+0000] {dag.py:3239} INFO - Sync 2 DAGs
[2025-03-10T00:12:24.354+0000] {logging_mixin.py:190} INFO - [2025-03-10T00:12:24.354+0000] {dag.py:4180} INFO - Setting next_dagrun for example_external_task_marker_child to None, run_after=None
[2025-03-10T00:12:24.387+0000] {logging_mixin.py:190} INFO - [2025-03-10T00:12:24.386+0000] {dag.py:4180} INFO - Setting next_dagrun for example_external_task_marker_parent to None, run_after=None
[2025-03-10T00:12:24.494+0000] {processor.py:208} INFO - Processing /home/airflow/.local/lib/python3.12/site-packages/airflow/example_dags/example_external_task_marker_dag.py took 0.474 seconds
[2025-03-10T00:13:02.077+0000] {processor.py:186} INFO - Started process (PID=20315) to work on /home/airflow/.local/lib/python3.12/site-packages/airflow/example_dags/example_external_task_marker_dag.py
[2025-03-10T00:13:02.122+0000] {processor.py:914} INFO - Processing file /home/airflow/.local/lib/python3.12/site-packages/airflow/example_dags/example_external_task_marker_dag.py for tasks to queue
[2025-03-10T00:13:02.126+0000] {logging_mixin.py:190} INFO - [2025-03-10T00:13:02.125+0000] {dagbag.py:588} INFO - Filling up the DagBag from /home/airflow/.local/lib/python3.12/site-packages/airflow/example_dags/example_external_task_marker_dag.py
[2025-03-10T00:13:02.194+0000] {processor.py:925} INFO - DAG(s) 'example_external_task_marker_child', 'example_external_task_marker_parent' retrieved from /home/airflow/.local/lib/python3.12/site-packages/airflow/example_dags/example_external_task_marker_dag.py
[2025-03-10T00:13:02.333+0000] {logging_mixin.py:190} INFO - [2025-03-10T00:13:02.332+0000] {dag.py:3239} INFO - Sync 2 DAGs
[2025-03-10T00:13:02.430+0000] {logging_mixin.py:190} INFO - [2025-03-10T00:13:02.429+0000] {dag.py:4180} INFO - Setting next_dagrun for example_external_task_marker_child to None, run_after=None
[2025-03-10T00:13:02.461+0000] {logging_mixin.py:190} INFO - [2025-03-10T00:13:02.461+0000] {dag.py:4180} INFO - Setting next_dagrun for example_external_task_marker_parent to None, run_after=None
[2025-03-10T00:13:02.575+0000] {processor.py:208} INFO - Processing /home/airflow/.local/lib/python3.12/site-packages/airflow/example_dags/example_external_task_marker_dag.py took 0.540 seconds
[2025-03-10T00:13:37.042+0000] {processor.py:186} INFO - Started process (PID=20380) to work on /home/airflow/.local/lib/python3.12/site-packages/airflow/example_dags/example_external_task_marker_dag.py
[2025-03-10T00:13:37.045+0000] {processor.py:914} INFO - Processing file /home/airflow/.local/lib/python3.12/site-packages/airflow/example_dags/example_external_task_marker_dag.py for tasks to queue
[2025-03-10T00:13:37.050+0000] {logging_mixin.py:190} INFO - [2025-03-10T00:13:37.048+0000] {dagbag.py:588} INFO - Filling up the DagBag from /home/airflow/.local/lib/python3.12/site-packages/airflow/example_dags/example_external_task_marker_dag.py
[2025-03-10T00:13:37.097+0000] {processor.py:925} INFO - DAG(s) 'example_external_task_marker_child', 'example_external_task_marker_parent' retrieved from /home/airflow/.local/lib/python3.12/site-packages/airflow/example_dags/example_external_task_marker_dag.py
[2025-03-10T00:13:37.231+0000] {logging_mixin.py:190} INFO - [2025-03-10T00:13:37.230+0000] {dag.py:3239} INFO - Sync 2 DAGs
[2025-03-10T00:13:37.364+0000] {logging_mixin.py:190} INFO - [2025-03-10T00:13:37.363+0000] {dag.py:4180} INFO - Setting next_dagrun for example_external_task_marker_child to None, run_after=None
[2025-03-10T00:13:37.398+0000] {logging_mixin.py:190} INFO - [2025-03-10T00:13:37.397+0000] {dag.py:4180} INFO - Setting next_dagrun for example_external_task_marker_parent to None, run_after=None
[2025-03-10T00:13:37.526+0000] {processor.py:208} INFO - Processing /home/airflow/.local/lib/python3.12/site-packages/airflow/example_dags/example_external_task_marker_dag.py took 0.517 seconds
[2025-03-10T00:14:07.826+0000] {processor.py:186} INFO - Started process (PID=20445) to work on /home/airflow/.local/lib/python3.12/site-packages/airflow/example_dags/example_external_task_marker_dag.py
[2025-03-10T00:14:07.829+0000] {processor.py:914} INFO - Processing file /home/airflow/.local/lib/python3.12/site-packages/airflow/example_dags/example_external_task_marker_dag.py for tasks to queue
[2025-03-10T00:14:07.832+0000] {logging_mixin.py:190} INFO - [2025-03-10T00:14:07.831+0000] {dagbag.py:588} INFO - Filling up the DagBag from /home/airflow/.local/lib/python3.12/site-packages/airflow/example_dags/example_external_task_marker_dag.py
[2025-03-10T00:14:07.848+0000] {processor.py:925} INFO - DAG(s) 'example_external_task_marker_child', 'example_external_task_marker_parent' retrieved from /home/airflow/.local/lib/python3.12/site-packages/airflow/example_dags/example_external_task_marker_dag.py
[2025-03-10T00:14:07.894+0000] {logging_mixin.py:190} INFO - [2025-03-10T00:14:07.894+0000] {dag.py:3239} INFO - Sync 2 DAGs
[2025-03-10T00:14:07.927+0000] {logging_mixin.py:190} INFO - [2025-03-10T00:14:07.926+0000] {dag.py:4180} INFO - Setting next_dagrun for example_external_task_marker_child to None, run_after=None
[2025-03-10T00:14:07.951+0000] {logging_mixin.py:190} INFO - [2025-03-10T00:14:07.950+0000] {dag.py:4180} INFO - Setting next_dagrun for example_external_task_marker_parent to None, run_after=None
[2025-03-10T00:14:08.026+0000] {processor.py:208} INFO - Processing /home/airflow/.local/lib/python3.12/site-packages/airflow/example_dags/example_external_task_marker_dag.py took 0.209 seconds
[2025-03-10T00:14:38.809+0000] {processor.py:186} INFO - Started process (PID=20510) to work on /home/airflow/.local/lib/python3.12/site-packages/airflow/example_dags/example_external_task_marker_dag.py
[2025-03-10T00:14:38.812+0000] {processor.py:914} INFO - Processing file /home/airflow/.local/lib/python3.12/site-packages/airflow/example_dags/example_external_task_marker_dag.py for tasks to queue
[2025-03-10T00:14:38.816+0000] {logging_mixin.py:190} INFO - [2025-03-10T00:14:38.815+0000] {dagbag.py:588} INFO - Filling up the DagBag from /home/airflow/.local/lib/python3.12/site-packages/airflow/example_dags/example_external_task_marker_dag.py
[2025-03-10T00:14:38.841+0000] {processor.py:925} INFO - DAG(s) 'example_external_task_marker_child', 'example_external_task_marker_parent' retrieved from /home/airflow/.local/lib/python3.12/site-packages/airflow/example_dags/example_external_task_marker_dag.py
[2025-03-10T00:14:38.902+0000] {logging_mixin.py:190} INFO - [2025-03-10T00:14:38.901+0000] {dag.py:3239} INFO - Sync 2 DAGs
[2025-03-10T00:14:38.945+0000] {logging_mixin.py:190} INFO - [2025-03-10T00:14:38.945+0000] {dag.py:4180} INFO - Setting next_dagrun for example_external_task_marker_child to None, run_after=None
[2025-03-10T00:14:38.954+0000] {logging_mixin.py:190} INFO - [2025-03-10T00:14:38.953+0000] {dag.py:4180} INFO - Setting next_dagrun for example_external_task_marker_parent to None, run_after=None
[2025-03-10T00:14:38.999+0000] {processor.py:208} INFO - Processing /home/airflow/.local/lib/python3.12/site-packages/airflow/example_dags/example_external_task_marker_dag.py took 0.204 seconds
[2025-03-10T00:15:10.188+0000] {processor.py:186} INFO - Started process (PID=20575) to work on /home/airflow/.local/lib/python3.12/site-packages/airflow/example_dags/example_external_task_marker_dag.py
[2025-03-10T00:15:10.191+0000] {processor.py:914} INFO - Processing file /home/airflow/.local/lib/python3.12/site-packages/airflow/example_dags/example_external_task_marker_dag.py for tasks to queue
[2025-03-10T00:15:10.196+0000] {logging_mixin.py:190} INFO - [2025-03-10T00:15:10.195+0000] {dagbag.py:588} INFO - Filling up the DagBag from /home/airflow/.local/lib/python3.12/site-packages/airflow/example_dags/example_external_task_marker_dag.py
[2025-03-10T00:15:10.221+0000] {processor.py:925} INFO - DAG(s) 'example_external_task_marker_child', 'example_external_task_marker_parent' retrieved from /home/airflow/.local/lib/python3.12/site-packages/airflow/example_dags/example_external_task_marker_dag.py
[2025-03-10T00:15:10.289+0000] {logging_mixin.py:190} INFO - [2025-03-10T00:15:10.288+0000] {dag.py:3239} INFO - Sync 2 DAGs
[2025-03-10T00:15:10.332+0000] {logging_mixin.py:190} INFO - [2025-03-10T00:15:10.331+0000] {dag.py:4180} INFO - Setting next_dagrun for example_external_task_marker_child to None, run_after=None
[2025-03-10T00:15:10.340+0000] {logging_mixin.py:190} INFO - [2025-03-10T00:15:10.340+0000] {dag.py:4180} INFO - Setting next_dagrun for example_external_task_marker_parent to None, run_after=None
[2025-03-10T00:15:10.383+0000] {processor.py:208} INFO - Processing /home/airflow/.local/lib/python3.12/site-packages/airflow/example_dags/example_external_task_marker_dag.py took 0.216 seconds
[2025-03-10T05:16:20.743+0000] {processor.py:186} INFO - Started process (PID=20639) to work on /home/airflow/.local/lib/python3.12/site-packages/airflow/example_dags/example_external_task_marker_dag.py
[2025-03-10T05:16:20.751+0000] {processor.py:914} INFO - Processing file /home/airflow/.local/lib/python3.12/site-packages/airflow/example_dags/example_external_task_marker_dag.py for tasks to queue
[2025-03-10T05:16:20.759+0000] {logging_mixin.py:190} INFO - [2025-03-10T05:16:20.758+0000] {dagbag.py:588} INFO - Filling up the DagBag from /home/airflow/.local/lib/python3.12/site-packages/airflow/example_dags/example_external_task_marker_dag.py
[2025-03-10T05:16:20.816+0000] {processor.py:925} INFO - DAG(s) 'example_external_task_marker_parent', 'example_external_task_marker_child' retrieved from /home/airflow/.local/lib/python3.12/site-packages/airflow/example_dags/example_external_task_marker_dag.py
[2025-03-10T05:16:20.975+0000] {logging_mixin.py:190} INFO - [2025-03-10T05:16:20.967+0000] {dag.py:3239} INFO - Sync 2 DAGs
[2025-03-10T05:16:21.108+0000] {logging_mixin.py:190} INFO - [2025-03-10T05:16:21.107+0000] {dag.py:4180} INFO - Setting next_dagrun for example_external_task_marker_child to None, run_after=None
[2025-03-10T05:16:21.191+0000] {logging_mixin.py:190} INFO - [2025-03-10T05:16:21.190+0000] {dag.py:4180} INFO - Setting next_dagrun for example_external_task_marker_parent to None, run_after=None
[2025-03-10T05:16:21.314+0000] {processor.py:208} INFO - Processing /home/airflow/.local/lib/python3.12/site-packages/airflow/example_dags/example_external_task_marker_dag.py took 0.593 seconds
