[2025-03-10T00:12:44.973+0000] {processor.py:186} INFO - Started process (PID=20283) to work on /home/airflow/.local/lib/python3.12/site-packages/airflow/example_dags/example_inlet_event_extra.py
[2025-03-10T00:12:44.976+0000] {processor.py:914} INFO - Processing file /home/airflow/.local/lib/python3.12/site-packages/airflow/example_dags/example_inlet_event_extra.py for tasks to queue
[2025-03-10T00:12:44.991+0000] {logging_mixin.py:190} INFO - [2025-03-10T00:12:44.990+0000] {dagbag.py:588} INFO - Filling up the DagBag from /home/airflow/.local/lib/python3.12/site-packages/airflow/example_dags/example_inlet_event_extra.py
[2025-03-10T00:12:49.854+0000] {processor.py:925} INFO - DAG(s) 'read_dataset_event', 'read_dataset_event_from_classic' retrieved from /home/airflow/.local/lib/python3.12/site-packages/airflow/example_dags/example_inlet_event_extra.py
[2025-03-10T00:12:49.998+0000] {logging_mixin.py:190} INFO - [2025-03-10T00:12:49.998+0000] {dag.py:3239} INFO - Sync 2 DAGs
[2025-03-10T00:12:50.166+0000] {logging_mixin.py:190} INFO - [2025-03-10T00:12:50.166+0000] {dag.py:4180} INFO - Setting next_dagrun for read_dataset_event to 2025-03-09 00:00:00+00:00, run_after=2025-03-10 00:00:00+00:00
[2025-03-10T00:12:50.205+0000] {logging_mixin.py:190} INFO - [2025-03-10T00:12:50.205+0000] {dag.py:4180} INFO - Setting next_dagrun for read_dataset_event_from_classic to 2025-03-09 00:00:00+00:00, run_after=2025-03-10 00:00:00+00:00
[2025-03-10T00:12:50.320+0000] {processor.py:208} INFO - Processing /home/airflow/.local/lib/python3.12/site-packages/airflow/example_dags/example_inlet_event_extra.py took 5.399 seconds
[2025-03-10T00:13:22.672+0000] {processor.py:186} INFO - Started process (PID=20351) to work on /home/airflow/.local/lib/python3.12/site-packages/airflow/example_dags/example_inlet_event_extra.py
[2025-03-10T00:13:22.684+0000] {processor.py:914} INFO - Processing file /home/airflow/.local/lib/python3.12/site-packages/airflow/example_dags/example_inlet_event_extra.py for tasks to queue
[2025-03-10T00:13:22.689+0000] {logging_mixin.py:190} INFO - [2025-03-10T00:13:22.688+0000] {dagbag.py:588} INFO - Filling up the DagBag from /home/airflow/.local/lib/python3.12/site-packages/airflow/example_dags/example_inlet_event_extra.py
[2025-03-10T00:13:27.979+0000] {processor.py:925} INFO - DAG(s) 'read_dataset_event', 'read_dataset_event_from_classic' retrieved from /home/airflow/.local/lib/python3.12/site-packages/airflow/example_dags/example_inlet_event_extra.py
[2025-03-10T00:13:28.124+0000] {logging_mixin.py:190} INFO - [2025-03-10T00:13:28.123+0000] {dag.py:3239} INFO - Sync 2 DAGs
[2025-03-10T00:13:28.269+0000] {logging_mixin.py:190} INFO - [2025-03-10T00:13:28.269+0000] {dag.py:4180} INFO - Setting next_dagrun for read_dataset_event to 2025-03-09 00:00:00+00:00, run_after=2025-03-10 00:00:00+00:00
[2025-03-10T00:13:28.305+0000] {logging_mixin.py:190} INFO - [2025-03-10T00:13:28.304+0000] {dag.py:4180} INFO - Setting next_dagrun for read_dataset_event_from_classic to 2025-03-09 00:00:00+00:00, run_after=2025-03-10 00:00:00+00:00
[2025-03-10T00:13:28.407+0000] {processor.py:208} INFO - Processing /home/airflow/.local/lib/python3.12/site-packages/airflow/example_dags/example_inlet_event_extra.py took 5.774 seconds
[2025-03-10T00:13:58.793+0000] {processor.py:186} INFO - Started process (PID=20420) to work on /home/airflow/.local/lib/python3.12/site-packages/airflow/example_dags/example_inlet_event_extra.py
[2025-03-10T00:13:58.798+0000] {processor.py:914} INFO - Processing file /home/airflow/.local/lib/python3.12/site-packages/airflow/example_dags/example_inlet_event_extra.py for tasks to queue
[2025-03-10T00:13:58.802+0000] {logging_mixin.py:190} INFO - [2025-03-10T00:13:58.801+0000] {dagbag.py:588} INFO - Filling up the DagBag from /home/airflow/.local/lib/python3.12/site-packages/airflow/example_dags/example_inlet_event_extra.py
[2025-03-10T00:14:00.229+0000] {processor.py:925} INFO - DAG(s) 'read_dataset_event_from_classic', 'read_dataset_event' retrieved from /home/airflow/.local/lib/python3.12/site-packages/airflow/example_dags/example_inlet_event_extra.py
[2025-03-10T00:14:00.273+0000] {logging_mixin.py:190} INFO - [2025-03-10T00:14:00.272+0000] {dag.py:3239} INFO - Sync 2 DAGs
[2025-03-10T00:14:00.324+0000] {logging_mixin.py:190} INFO - [2025-03-10T00:14:00.323+0000] {dag.py:4180} INFO - Setting next_dagrun for read_dataset_event to 2025-03-09 00:00:00+00:00, run_after=2025-03-10 00:00:00+00:00
[2025-03-10T00:14:00.333+0000] {logging_mixin.py:190} INFO - [2025-03-10T00:14:00.333+0000] {dag.py:4180} INFO - Setting next_dagrun for read_dataset_event_from_classic to 2025-03-09 00:00:00+00:00, run_after=2025-03-10 00:00:00+00:00
[2025-03-10T00:14:00.368+0000] {processor.py:208} INFO - Processing /home/airflow/.local/lib/python3.12/site-packages/airflow/example_dags/example_inlet_event_extra.py took 1.599 seconds
[2025-03-10T00:14:31.154+0000] {processor.py:186} INFO - Started process (PID=20486) to work on /home/airflow/.local/lib/python3.12/site-packages/airflow/example_dags/example_inlet_event_extra.py
[2025-03-10T00:14:31.156+0000] {processor.py:914} INFO - Processing file /home/airflow/.local/lib/python3.12/site-packages/airflow/example_dags/example_inlet_event_extra.py for tasks to queue
[2025-03-10T00:14:31.160+0000] {logging_mixin.py:190} INFO - [2025-03-10T00:14:31.159+0000] {dagbag.py:588} INFO - Filling up the DagBag from /home/airflow/.local/lib/python3.12/site-packages/airflow/example_dags/example_inlet_event_extra.py
[2025-03-10T00:14:32.585+0000] {processor.py:925} INFO - DAG(s) 'read_dataset_event', 'read_dataset_event_from_classic' retrieved from /home/airflow/.local/lib/python3.12/site-packages/airflow/example_dags/example_inlet_event_extra.py
[2025-03-10T00:14:32.643+0000] {logging_mixin.py:190} INFO - [2025-03-10T00:14:32.642+0000] {dag.py:3239} INFO - Sync 2 DAGs
[2025-03-10T00:14:32.720+0000] {logging_mixin.py:190} INFO - [2025-03-10T00:14:32.719+0000] {dag.py:4180} INFO - Setting next_dagrun for read_dataset_event to 2025-03-09 00:00:00+00:00, run_after=2025-03-10 00:00:00+00:00
[2025-03-10T00:14:32.735+0000] {logging_mixin.py:190} INFO - [2025-03-10T00:14:32.735+0000] {dag.py:4180} INFO - Setting next_dagrun for read_dataset_event_from_classic to 2025-03-09 00:00:00+00:00, run_after=2025-03-10 00:00:00+00:00
[2025-03-10T00:14:32.777+0000] {processor.py:208} INFO - Processing /home/airflow/.local/lib/python3.12/site-packages/airflow/example_dags/example_inlet_event_extra.py took 1.635 seconds
[2025-03-10T00:15:03.179+0000] {processor.py:186} INFO - Started process (PID=20559) to work on /home/airflow/.local/lib/python3.12/site-packages/airflow/example_dags/example_inlet_event_extra.py
[2025-03-10T00:15:03.182+0000] {processor.py:914} INFO - Processing file /home/airflow/.local/lib/python3.12/site-packages/airflow/example_dags/example_inlet_event_extra.py for tasks to queue
[2025-03-10T00:15:03.184+0000] {logging_mixin.py:190} INFO - [2025-03-10T00:15:03.184+0000] {dagbag.py:588} INFO - Filling up the DagBag from /home/airflow/.local/lib/python3.12/site-packages/airflow/example_dags/example_inlet_event_extra.py
[2025-03-10T00:15:04.310+0000] {processor.py:925} INFO - DAG(s) 'read_dataset_event', 'read_dataset_event_from_classic' retrieved from /home/airflow/.local/lib/python3.12/site-packages/airflow/example_dags/example_inlet_event_extra.py
[2025-03-10T00:15:04.361+0000] {logging_mixin.py:190} INFO - [2025-03-10T00:15:04.360+0000] {dag.py:3239} INFO - Sync 2 DAGs
[2025-03-10T00:15:04.419+0000] {logging_mixin.py:190} INFO - [2025-03-10T00:15:04.418+0000] {dag.py:4180} INFO - Setting next_dagrun for read_dataset_event to 2025-03-09 00:00:00+00:00, run_after=2025-03-10 00:00:00+00:00
[2025-03-10T00:15:04.441+0000] {logging_mixin.py:190} INFO - [2025-03-10T00:15:04.440+0000] {dag.py:4180} INFO - Setting next_dagrun for read_dataset_event_from_classic to 2025-03-09 00:00:00+00:00, run_after=2025-03-10 00:00:00+00:00
[2025-03-10T00:15:04.484+0000] {processor.py:208} INFO - Processing /home/airflow/.local/lib/python3.12/site-packages/airflow/example_dags/example_inlet_event_extra.py took 1.316 seconds
[2025-03-10T00:15:34.784+0000] {processor.py:186} INFO - Started process (PID=20625) to work on /home/airflow/.local/lib/python3.12/site-packages/airflow/example_dags/example_inlet_event_extra.py
[2025-03-10T00:15:34.786+0000] {processor.py:914} INFO - Processing file /home/airflow/.local/lib/python3.12/site-packages/airflow/example_dags/example_inlet_event_extra.py for tasks to queue
[2025-03-10T00:15:34.789+0000] {logging_mixin.py:190} INFO - [2025-03-10T00:15:34.788+0000] {dagbag.py:588} INFO - Filling up the DagBag from /home/airflow/.local/lib/python3.12/site-packages/airflow/example_dags/example_inlet_event_extra.py
[2025-03-10T00:15:36.353+0000] {processor.py:925} INFO - DAG(s) 'read_dataset_event', 'read_dataset_event_from_classic' retrieved from /home/airflow/.local/lib/python3.12/site-packages/airflow/example_dags/example_inlet_event_extra.py
[2025-03-10T00:15:36.394+0000] {logging_mixin.py:190} INFO - [2025-03-10T00:15:36.394+0000] {dag.py:3239} INFO - Sync 2 DAGs
[2025-03-10T00:15:36.443+0000] {logging_mixin.py:190} INFO - [2025-03-10T00:15:36.443+0000] {dag.py:4180} INFO - Setting next_dagrun for read_dataset_event to 2025-03-09 00:00:00+00:00, run_after=2025-03-10 00:00:00+00:00
[2025-03-10T00:15:36.453+0000] {logging_mixin.py:190} INFO - [2025-03-10T00:15:36.452+0000] {dag.py:4180} INFO - Setting next_dagrun for read_dataset_event_from_classic to 2025-03-09 00:00:00+00:00, run_after=2025-03-10 00:00:00+00:00
[2025-03-10T00:15:36.495+0000] {processor.py:208} INFO - Processing /home/airflow/.local/lib/python3.12/site-packages/airflow/example_dags/example_inlet_event_extra.py took 1.726 seconds
