[2025-03-10T00:12:31.634+0000] {processor.py:186} INFO - Started process (PID=20263) to work on /home/airflow/.local/lib/python3.12/site-packages/airflow/example_dags/example_branch_operator.py
[2025-03-10T00:12:31.645+0000] {processor.py:914} INFO - Processing file /home/airflow/.local/lib/python3.12/site-packages/airflow/example_dags/example_branch_operator.py for tasks to queue
[2025-03-10T00:12:31.649+0000] {logging_mixin.py:190} INFO - [2025-03-10T00:12:31.648+0000] {dagbag.py:588} INFO - Filling up the DagBag from /home/airflow/.local/lib/python3.12/site-packages/airflow/example_dags/example_branch_operator.py
[2025-03-10T00:12:31.820+0000] {processor.py:925} INFO - DAG(s) 'example_branch_operator' retrieved from /home/airflow/.local/lib/python3.12/site-packages/airflow/example_dags/example_branch_operator.py
[2025-03-10T00:12:31.997+0000] {logging_mixin.py:190} INFO - [2025-03-10T00:12:31.996+0000] {dag.py:3239} INFO - Sync 1 DAGs
[2025-03-10T00:12:32.172+0000] {logging_mixin.py:190} INFO - [2025-03-10T00:12:32.172+0000] {dag.py:4180} INFO - Setting next_dagrun for example_branch_operator to 2025-03-09 00:00:00+00:00, run_after=2025-03-10 00:00:00+00:00
[2025-03-10T00:12:32.340+0000] {processor.py:208} INFO - Processing /home/airflow/.local/lib/python3.12/site-packages/airflow/example_dags/example_branch_operator.py took 0.730 seconds
[2025-03-10T00:13:07.901+0000] {processor.py:186} INFO - Started process (PID=20328) to work on /home/airflow/.local/lib/python3.12/site-packages/airflow/example_dags/example_branch_operator.py
[2025-03-10T00:13:07.914+0000] {processor.py:914} INFO - Processing file /home/airflow/.local/lib/python3.12/site-packages/airflow/example_dags/example_branch_operator.py for tasks to queue
[2025-03-10T00:13:07.919+0000] {logging_mixin.py:190} INFO - [2025-03-10T00:13:07.918+0000] {dagbag.py:588} INFO - Filling up the DagBag from /home/airflow/.local/lib/python3.12/site-packages/airflow/example_dags/example_branch_operator.py
[2025-03-10T00:13:08.035+0000] {processor.py:925} INFO - DAG(s) 'example_branch_operator' retrieved from /home/airflow/.local/lib/python3.12/site-packages/airflow/example_dags/example_branch_operator.py
[2025-03-10T00:13:08.168+0000] {logging_mixin.py:190} INFO - [2025-03-10T00:13:08.167+0000] {dag.py:3239} INFO - Sync 1 DAGs
[2025-03-10T00:13:08.292+0000] {logging_mixin.py:190} INFO - [2025-03-10T00:13:08.291+0000] {dag.py:4180} INFO - Setting next_dagrun for example_branch_operator to 2025-03-09 00:00:00+00:00, run_after=2025-03-10 00:00:00+00:00
[2025-03-10T00:13:08.406+0000] {processor.py:208} INFO - Processing /home/airflow/.local/lib/python3.12/site-packages/airflow/example_dags/example_branch_operator.py took 0.541 seconds
[2025-03-10T00:13:41.967+0000] {processor.py:186} INFO - Started process (PID=20393) to work on /home/airflow/.local/lib/python3.12/site-packages/airflow/example_dags/example_branch_operator.py
[2025-03-10T00:13:41.970+0000] {processor.py:914} INFO - Processing file /home/airflow/.local/lib/python3.12/site-packages/airflow/example_dags/example_branch_operator.py for tasks to queue
[2025-03-10T00:13:41.976+0000] {logging_mixin.py:190} INFO - [2025-03-10T00:13:41.975+0000] {dagbag.py:588} INFO - Filling up the DagBag from /home/airflow/.local/lib/python3.12/site-packages/airflow/example_dags/example_branch_operator.py
[2025-03-10T00:13:42.059+0000] {processor.py:925} INFO - DAG(s) 'example_branch_operator' retrieved from /home/airflow/.local/lib/python3.12/site-packages/airflow/example_dags/example_branch_operator.py
[2025-03-10T00:13:42.173+0000] {logging_mixin.py:190} INFO - [2025-03-10T00:13:42.172+0000] {dag.py:3239} INFO - Sync 1 DAGs
[2025-03-10T00:13:42.296+0000] {logging_mixin.py:190} INFO - [2025-03-10T00:13:42.295+0000] {dag.py:4180} INFO - Setting next_dagrun for example_branch_operator to 2025-03-09 00:00:00+00:00, run_after=2025-03-10 00:00:00+00:00
[2025-03-10T00:13:42.369+0000] {processor.py:208} INFO - Processing /home/airflow/.local/lib/python3.12/site-packages/airflow/example_dags/example_branch_operator.py took 0.424 seconds
[2025-03-10T00:14:12.555+0000] {processor.py:186} INFO - Started process (PID=20457) to work on /home/airflow/.local/lib/python3.12/site-packages/airflow/example_dags/example_branch_operator.py
[2025-03-10T00:14:12.557+0000] {processor.py:914} INFO - Processing file /home/airflow/.local/lib/python3.12/site-packages/airflow/example_dags/example_branch_operator.py for tasks to queue
[2025-03-10T00:14:12.560+0000] {logging_mixin.py:190} INFO - [2025-03-10T00:14:12.559+0000] {dagbag.py:588} INFO - Filling up the DagBag from /home/airflow/.local/lib/python3.12/site-packages/airflow/example_dags/example_branch_operator.py
[2025-03-10T00:14:12.594+0000] {processor.py:925} INFO - DAG(s) 'example_branch_operator' retrieved from /home/airflow/.local/lib/python3.12/site-packages/airflow/example_dags/example_branch_operator.py
[2025-03-10T00:14:12.683+0000] {logging_mixin.py:190} INFO - [2025-03-10T00:14:12.683+0000] {dag.py:3239} INFO - Sync 1 DAGs
[2025-03-10T00:14:12.780+0000] {logging_mixin.py:190} INFO - [2025-03-10T00:14:12.779+0000] {dag.py:4180} INFO - Setting next_dagrun for example_branch_operator to 2025-03-09 00:00:00+00:00, run_after=2025-03-10 00:00:00+00:00
[2025-03-10T00:14:12.850+0000] {processor.py:208} INFO - Processing /home/airflow/.local/lib/python3.12/site-packages/airflow/example_dags/example_branch_operator.py took 0.307 seconds
[2025-03-10T00:14:43.322+0000] {processor.py:186} INFO - Started process (PID=20522) to work on /home/airflow/.local/lib/python3.12/site-packages/airflow/example_dags/example_branch_operator.py
[2025-03-10T00:14:43.325+0000] {processor.py:914} INFO - Processing file /home/airflow/.local/lib/python3.12/site-packages/airflow/example_dags/example_branch_operator.py for tasks to queue
[2025-03-10T00:14:43.328+0000] {logging_mixin.py:190} INFO - [2025-03-10T00:14:43.327+0000] {dagbag.py:588} INFO - Filling up the DagBag from /home/airflow/.local/lib/python3.12/site-packages/airflow/example_dags/example_branch_operator.py
[2025-03-10T00:14:43.374+0000] {processor.py:925} INFO - DAG(s) 'example_branch_operator' retrieved from /home/airflow/.local/lib/python3.12/site-packages/airflow/example_dags/example_branch_operator.py
[2025-03-10T00:14:43.434+0000] {logging_mixin.py:190} INFO - [2025-03-10T00:14:43.434+0000] {dag.py:3239} INFO - Sync 1 DAGs
[2025-03-10T00:14:43.482+0000] {logging_mixin.py:190} INFO - [2025-03-10T00:14:43.482+0000] {dag.py:4180} INFO - Setting next_dagrun for example_branch_operator to 2025-03-09 00:00:00+00:00, run_after=2025-03-10 00:00:00+00:00
[2025-03-10T00:14:43.520+0000] {processor.py:208} INFO - Processing /home/airflow/.local/lib/python3.12/site-packages/airflow/example_dags/example_branch_operator.py took 0.209 seconds
[2025-03-10T00:15:14.094+0000] {processor.py:186} INFO - Started process (PID=20587) to work on /home/airflow/.local/lib/python3.12/site-packages/airflow/example_dags/example_branch_operator.py
[2025-03-10T00:15:14.096+0000] {processor.py:914} INFO - Processing file /home/airflow/.local/lib/python3.12/site-packages/airflow/example_dags/example_branch_operator.py for tasks to queue
[2025-03-10T00:15:14.100+0000] {logging_mixin.py:190} INFO - [2025-03-10T00:15:14.099+0000] {dagbag.py:588} INFO - Filling up the DagBag from /home/airflow/.local/lib/python3.12/site-packages/airflow/example_dags/example_branch_operator.py
[2025-03-10T00:15:14.148+0000] {processor.py:925} INFO - DAG(s) 'example_branch_operator' retrieved from /home/airflow/.local/lib/python3.12/site-packages/airflow/example_dags/example_branch_operator.py
[2025-03-10T00:15:14.233+0000] {logging_mixin.py:190} INFO - [2025-03-10T00:15:14.232+0000] {dag.py:3239} INFO - Sync 1 DAGs
[2025-03-10T00:15:14.291+0000] {logging_mixin.py:190} INFO - [2025-03-10T00:15:14.290+0000] {dag.py:4180} INFO - Setting next_dagrun for example_branch_operator to 2025-03-09 00:00:00+00:00, run_after=2025-03-10 00:00:00+00:00
[2025-03-10T00:15:14.339+0000] {processor.py:208} INFO - Processing /home/airflow/.local/lib/python3.12/site-packages/airflow/example_dags/example_branch_operator.py took 0.255 seconds
[2025-03-10T05:16:32.614+0000] {processor.py:186} INFO - Started process (PID=20656) to work on /home/airflow/.local/lib/python3.12/site-packages/airflow/example_dags/example_branch_operator.py
[2025-03-10T05:16:32.617+0000] {processor.py:914} INFO - Processing file /home/airflow/.local/lib/python3.12/site-packages/airflow/example_dags/example_branch_operator.py for tasks to queue
[2025-03-10T05:16:32.623+0000] {logging_mixin.py:190} INFO - [2025-03-10T05:16:32.621+0000] {dagbag.py:588} INFO - Filling up the DagBag from /home/airflow/.local/lib/python3.12/site-packages/airflow/example_dags/example_branch_operator.py
[2025-03-10T05:16:32.692+0000] {processor.py:925} INFO - DAG(s) 'example_branch_operator' retrieved from /home/airflow/.local/lib/python3.12/site-packages/airflow/example_dags/example_branch_operator.py
[2025-03-10T05:16:32.785+0000] {logging_mixin.py:190} INFO - [2025-03-10T05:16:32.785+0000] {dag.py:3239} INFO - Sync 1 DAGs
[2025-03-10T05:16:32.893+0000] {logging_mixin.py:190} INFO - [2025-03-10T05:16:32.891+0000] {dag.py:4180} INFO - Setting next_dagrun for example_branch_operator to 2025-03-09 00:00:00+00:00, run_after=2025-03-10 00:00:00+00:00
[2025-03-10T05:16:32.988+0000] {processor.py:208} INFO - Processing /home/airflow/.local/lib/python3.12/site-packages/airflow/example_dags/example_branch_operator.py took 0.396 seconds
