[2025-03-10T00:12:48.460+0000] {processor.py:186} INFO - Started process (PID=20286) to work on /home/airflow/.local/lib/python3.12/site-packages/airflow/example_dags/example_task_group_decorator.py
[2025-03-10T00:12:48.474+0000] {processor.py:914} INFO - Processing file /home/airflow/.local/lib/python3.12/site-packages/airflow/example_dags/example_task_group_decorator.py for tasks to queue
[2025-03-10T00:12:48.487+0000] {logging_mixin.py:190} INFO - [2025-03-10T00:12:48.479+0000] {dagbag.py:588} INFO - Filling up the DagBag from /home/airflow/.local/lib/python3.12/site-packages/airflow/example_dags/example_task_group_decorator.py
[2025-03-10T00:12:48.651+0000] {processor.py:925} INFO - DAG(s) 'example_task_group_decorator' retrieved from /home/airflow/.local/lib/python3.12/site-packages/airflow/example_dags/example_task_group_decorator.py
[2025-03-10T00:12:48.854+0000] {logging_mixin.py:190} INFO - [2025-03-10T00:12:48.853+0000] {dag.py:3239} INFO - Sync 1 DAGs
[2025-03-10T00:12:48.995+0000] {logging_mixin.py:190} INFO - [2025-03-10T00:12:48.994+0000] {dag.py:4180} INFO - Setting next_dagrun for example_task_group_decorator to None, run_after=None
[2025-03-10T00:12:49.123+0000] {processor.py:208} INFO - Processing /home/airflow/.local/lib/python3.12/site-packages/airflow/example_dags/example_task_group_decorator.py took 0.699 seconds
[2025-03-10T00:13:21.893+0000] {processor.py:186} INFO - Started process (PID=20350) to work on /home/airflow/.local/lib/python3.12/site-packages/airflow/example_dags/example_task_group_decorator.py
[2025-03-10T00:13:21.905+0000] {processor.py:914} INFO - Processing file /home/airflow/.local/lib/python3.12/site-packages/airflow/example_dags/example_task_group_decorator.py for tasks to queue
[2025-03-10T00:13:21.910+0000] {logging_mixin.py:190} INFO - [2025-03-10T00:13:21.909+0000] {dagbag.py:588} INFO - Filling up the DagBag from /home/airflow/.local/lib/python3.12/site-packages/airflow/example_dags/example_task_group_decorator.py
[2025-03-10T00:13:22.053+0000] {processor.py:925} INFO - DAG(s) 'example_task_group_decorator' retrieved from /home/airflow/.local/lib/python3.12/site-packages/airflow/example_dags/example_task_group_decorator.py
[2025-03-10T00:13:22.244+0000] {logging_mixin.py:190} INFO - [2025-03-10T00:13:22.244+0000] {dag.py:3239} INFO - Sync 1 DAGs
[2025-03-10T00:13:22.332+0000] {logging_mixin.py:190} INFO - [2025-03-10T00:13:22.331+0000] {dag.py:4180} INFO - Setting next_dagrun for example_task_group_decorator to None, run_after=None
[2025-03-10T00:13:22.461+0000] {processor.py:208} INFO - Processing /home/airflow/.local/lib/python3.12/site-packages/airflow/example_dags/example_task_group_decorator.py took 0.602 seconds
[2025-03-10T00:13:52.913+0000] {processor.py:186} INFO - Started process (PID=20415) to work on /home/airflow/.local/lib/python3.12/site-packages/airflow/example_dags/example_task_group_decorator.py
[2025-03-10T00:13:52.915+0000] {processor.py:914} INFO - Processing file /home/airflow/.local/lib/python3.12/site-packages/airflow/example_dags/example_task_group_decorator.py for tasks to queue
[2025-03-10T00:13:52.920+0000] {logging_mixin.py:190} INFO - [2025-03-10T00:13:52.918+0000] {dagbag.py:588} INFO - Filling up the DagBag from /home/airflow/.local/lib/python3.12/site-packages/airflow/example_dags/example_task_group_decorator.py
[2025-03-10T00:13:52.966+0000] {processor.py:925} INFO - DAG(s) 'example_task_group_decorator' retrieved from /home/airflow/.local/lib/python3.12/site-packages/airflow/example_dags/example_task_group_decorator.py
[2025-03-10T00:13:53.025+0000] {logging_mixin.py:190} INFO - [2025-03-10T00:13:53.024+0000] {dag.py:3239} INFO - Sync 1 DAGs
[2025-03-10T00:13:53.063+0000] {logging_mixin.py:190} INFO - [2025-03-10T00:13:53.063+0000] {dag.py:4180} INFO - Setting next_dagrun for example_task_group_decorator to None, run_after=None
[2025-03-10T00:13:53.102+0000] {processor.py:208} INFO - Processing /home/airflow/.local/lib/python3.12/site-packages/airflow/example_dags/example_task_group_decorator.py took 0.203 seconds
[2025-03-10T00:14:23.517+0000] {processor.py:186} INFO - Started process (PID=20480) to work on /home/airflow/.local/lib/python3.12/site-packages/airflow/example_dags/example_task_group_decorator.py
[2025-03-10T00:14:23.520+0000] {processor.py:914} INFO - Processing file /home/airflow/.local/lib/python3.12/site-packages/airflow/example_dags/example_task_group_decorator.py for tasks to queue
[2025-03-10T00:14:23.524+0000] {logging_mixin.py:190} INFO - [2025-03-10T00:14:23.523+0000] {dagbag.py:588} INFO - Filling up the DagBag from /home/airflow/.local/lib/python3.12/site-packages/airflow/example_dags/example_task_group_decorator.py
[2025-03-10T00:14:23.576+0000] {processor.py:925} INFO - DAG(s) 'example_task_group_decorator' retrieved from /home/airflow/.local/lib/python3.12/site-packages/airflow/example_dags/example_task_group_decorator.py
[2025-03-10T00:14:23.650+0000] {logging_mixin.py:190} INFO - [2025-03-10T00:14:23.649+0000] {dag.py:3239} INFO - Sync 1 DAGs
[2025-03-10T00:14:23.693+0000] {logging_mixin.py:190} INFO - [2025-03-10T00:14:23.693+0000] {dag.py:4180} INFO - Setting next_dagrun for example_task_group_decorator to None, run_after=None
[2025-03-10T00:14:23.737+0000] {processor.py:208} INFO - Processing /home/airflow/.local/lib/python3.12/site-packages/airflow/example_dags/example_task_group_decorator.py took 0.236 seconds
[2025-03-10T00:14:53.825+0000] {processor.py:186} INFO - Started process (PID=20545) to work on /home/airflow/.local/lib/python3.12/site-packages/airflow/example_dags/example_task_group_decorator.py
[2025-03-10T00:14:53.828+0000] {processor.py:914} INFO - Processing file /home/airflow/.local/lib/python3.12/site-packages/airflow/example_dags/example_task_group_decorator.py for tasks to queue
[2025-03-10T00:14:53.831+0000] {logging_mixin.py:190} INFO - [2025-03-10T00:14:53.830+0000] {dagbag.py:588} INFO - Filling up the DagBag from /home/airflow/.local/lib/python3.12/site-packages/airflow/example_dags/example_task_group_decorator.py
[2025-03-10T00:14:53.874+0000] {processor.py:925} INFO - DAG(s) 'example_task_group_decorator' retrieved from /home/airflow/.local/lib/python3.12/site-packages/airflow/example_dags/example_task_group_decorator.py
[2025-03-10T00:14:53.928+0000] {logging_mixin.py:190} INFO - [2025-03-10T00:14:53.928+0000] {dag.py:3239} INFO - Sync 1 DAGs
[2025-03-10T00:14:53.959+0000] {logging_mixin.py:190} INFO - [2025-03-10T00:14:53.958+0000] {dag.py:4180} INFO - Setting next_dagrun for example_task_group_decorator to None, run_after=None
[2025-03-10T00:14:54.007+0000] {processor.py:208} INFO - Processing /home/airflow/.local/lib/python3.12/site-packages/airflow/example_dags/example_task_group_decorator.py took 0.194 seconds
[2025-03-10T00:15:24.230+0000] {processor.py:186} INFO - Started process (PID=20609) to work on /home/airflow/.local/lib/python3.12/site-packages/airflow/example_dags/example_task_group_decorator.py
[2025-03-10T00:15:24.232+0000] {processor.py:914} INFO - Processing file /home/airflow/.local/lib/python3.12/site-packages/airflow/example_dags/example_task_group_decorator.py for tasks to queue
[2025-03-10T00:15:24.235+0000] {logging_mixin.py:190} INFO - [2025-03-10T00:15:24.234+0000] {dagbag.py:588} INFO - Filling up the DagBag from /home/airflow/.local/lib/python3.12/site-packages/airflow/example_dags/example_task_group_decorator.py
[2025-03-10T00:15:24.263+0000] {processor.py:925} INFO - DAG(s) 'example_task_group_decorator' retrieved from /home/airflow/.local/lib/python3.12/site-packages/airflow/example_dags/example_task_group_decorator.py
[2025-03-10T00:15:24.308+0000] {logging_mixin.py:190} INFO - [2025-03-10T00:15:24.308+0000] {dag.py:3239} INFO - Sync 1 DAGs
[2025-03-10T00:15:24.362+0000] {logging_mixin.py:190} INFO - [2025-03-10T00:15:24.359+0000] {dag.py:4180} INFO - Setting next_dagrun for example_task_group_decorator to None, run_after=None
[2025-03-10T00:15:24.415+0000] {processor.py:208} INFO - Processing /home/airflow/.local/lib/python3.12/site-packages/airflow/example_dags/example_task_group_decorator.py took 0.195 seconds
