[2025-03-10T00:12:24.285+0000] {processor.py:186} INFO - Started process (PID=20244) to work on /home/airflow/.local/lib/python3.12/site-packages/airflow/example_dags/example_branch_day_of_week_operator.py
[2025-03-10T00:12:24.288+0000] {processor.py:914} INFO - Processing file /home/airflow/.local/lib/python3.12/site-packages/airflow/example_dags/example_branch_day_of_week_operator.py for tasks to queue
[2025-03-10T00:12:24.302+0000] {logging_mixin.py:190} INFO - [2025-03-10T00:12:24.302+0000] {dagbag.py:588} INFO - Filling up the DagBag from /home/airflow/.local/lib/python3.12/site-packages/airflow/example_dags/example_branch_day_of_week_operator.py
[2025-03-10T00:12:24.377+0000] {processor.py:925} INFO - DAG(s) 'example_weekday_branch_operator' retrieved from /home/airflow/.local/lib/python3.12/site-packages/airflow/example_dags/example_branch_day_of_week_operator.py
[2025-03-10T00:12:24.499+0000] {logging_mixin.py:190} INFO - [2025-03-10T00:12:24.498+0000] {dag.py:3239} INFO - Sync 1 DAGs
[2025-03-10T00:12:24.705+0000] {logging_mixin.py:190} INFO - [2025-03-10T00:12:24.698+0000] {dag.py:4180} INFO - Setting next_dagrun for example_weekday_branch_operator to 2025-03-09 00:00:00+00:00, run_after=2025-03-10 00:00:00+00:00
[2025-03-10T00:12:24.852+0000] {processor.py:208} INFO - Processing /home/airflow/.local/lib/python3.12/site-packages/airflow/example_dags/example_branch_day_of_week_operator.py took 0.618 seconds
[2025-03-10T00:13:02.508+0000] {processor.py:186} INFO - Started process (PID=20316) to work on /home/airflow/.local/lib/python3.12/site-packages/airflow/example_dags/example_branch_day_of_week_operator.py
[2025-03-10T00:13:02.511+0000] {processor.py:914} INFO - Processing file /home/airflow/.local/lib/python3.12/site-packages/airflow/example_dags/example_branch_day_of_week_operator.py for tasks to queue
[2025-03-10T00:13:02.524+0000] {logging_mixin.py:190} INFO - [2025-03-10T00:13:02.523+0000] {dagbag.py:588} INFO - Filling up the DagBag from /home/airflow/.local/lib/python3.12/site-packages/airflow/example_dags/example_branch_day_of_week_operator.py
[2025-03-10T00:13:02.604+0000] {processor.py:925} INFO - DAG(s) 'example_weekday_branch_operator' retrieved from /home/airflow/.local/lib/python3.12/site-packages/airflow/example_dags/example_branch_day_of_week_operator.py
[2025-03-10T00:13:02.734+0000] {logging_mixin.py:190} INFO - [2025-03-10T00:13:02.734+0000] {dag.py:3239} INFO - Sync 1 DAGs
[2025-03-10T00:13:02.876+0000] {logging_mixin.py:190} INFO - [2025-03-10T00:13:02.875+0000] {dag.py:4180} INFO - Setting next_dagrun for example_weekday_branch_operator to 2025-03-09 00:00:00+00:00, run_after=2025-03-10 00:00:00+00:00
[2025-03-10T00:13:02.982+0000] {processor.py:208} INFO - Processing /home/airflow/.local/lib/python3.12/site-packages/airflow/example_dags/example_branch_day_of_week_operator.py took 0.508 seconds
[2025-03-10T00:13:37.442+0000] {processor.py:186} INFO - Started process (PID=20381) to work on /home/airflow/.local/lib/python3.12/site-packages/airflow/example_dags/example_branch_day_of_week_operator.py
[2025-03-10T00:13:37.446+0000] {processor.py:914} INFO - Processing file /home/airflow/.local/lib/python3.12/site-packages/airflow/example_dags/example_branch_day_of_week_operator.py for tasks to queue
[2025-03-10T00:13:37.450+0000] {logging_mixin.py:190} INFO - [2025-03-10T00:13:37.449+0000] {dagbag.py:588} INFO - Filling up the DagBag from /home/airflow/.local/lib/python3.12/site-packages/airflow/example_dags/example_branch_day_of_week_operator.py
[2025-03-10T00:13:37.508+0000] {processor.py:925} INFO - DAG(s) 'example_weekday_branch_operator' retrieved from /home/airflow/.local/lib/python3.12/site-packages/airflow/example_dags/example_branch_day_of_week_operator.py
[2025-03-10T00:13:37.614+0000] {logging_mixin.py:190} INFO - [2025-03-10T00:13:37.613+0000] {dag.py:3239} INFO - Sync 1 DAGs
[2025-03-10T00:13:37.864+0000] {logging_mixin.py:190} INFO - [2025-03-10T00:13:37.863+0000] {dag.py:4180} INFO - Setting next_dagrun for example_weekday_branch_operator to 2025-03-09 00:00:00+00:00, run_after=2025-03-10 00:00:00+00:00
[2025-03-10T00:13:37.994+0000] {processor.py:208} INFO - Processing /home/airflow/.local/lib/python3.12/site-packages/airflow/example_dags/example_branch_day_of_week_operator.py took 0.586 seconds
[2025-03-10T00:14:08.130+0000] {processor.py:186} INFO - Started process (PID=20446) to work on /home/airflow/.local/lib/python3.12/site-packages/airflow/example_dags/example_branch_day_of_week_operator.py
[2025-03-10T00:14:08.132+0000] {processor.py:914} INFO - Processing file /home/airflow/.local/lib/python3.12/site-packages/airflow/example_dags/example_branch_day_of_week_operator.py for tasks to queue
[2025-03-10T00:14:08.134+0000] {logging_mixin.py:190} INFO - [2025-03-10T00:14:08.134+0000] {dagbag.py:588} INFO - Filling up the DagBag from /home/airflow/.local/lib/python3.12/site-packages/airflow/example_dags/example_branch_day_of_week_operator.py
[2025-03-10T00:14:08.152+0000] {processor.py:925} INFO - DAG(s) 'example_weekday_branch_operator' retrieved from /home/airflow/.local/lib/python3.12/site-packages/airflow/example_dags/example_branch_day_of_week_operator.py
[2025-03-10T00:14:08.193+0000] {logging_mixin.py:190} INFO - [2025-03-10T00:14:08.192+0000] {dag.py:3239} INFO - Sync 1 DAGs
[2025-03-10T00:14:08.240+0000] {logging_mixin.py:190} INFO - [2025-03-10T00:14:08.239+0000] {dag.py:4180} INFO - Setting next_dagrun for example_weekday_branch_operator to 2025-03-09 00:00:00+00:00, run_after=2025-03-10 00:00:00+00:00
[2025-03-10T00:14:08.280+0000] {processor.py:208} INFO - Processing /home/airflow/.local/lib/python3.12/site-packages/airflow/example_dags/example_branch_day_of_week_operator.py took 0.160 seconds
[2025-03-10T00:14:38.875+0000] {processor.py:186} INFO - Started process (PID=20511) to work on /home/airflow/.local/lib/python3.12/site-packages/airflow/example_dags/example_branch_day_of_week_operator.py
[2025-03-10T00:14:38.878+0000] {processor.py:914} INFO - Processing file /home/airflow/.local/lib/python3.12/site-packages/airflow/example_dags/example_branch_day_of_week_operator.py for tasks to queue
[2025-03-10T00:14:38.882+0000] {logging_mixin.py:190} INFO - [2025-03-10T00:14:38.881+0000] {dagbag.py:588} INFO - Filling up the DagBag from /home/airflow/.local/lib/python3.12/site-packages/airflow/example_dags/example_branch_day_of_week_operator.py
[2025-03-10T00:14:38.906+0000] {processor.py:925} INFO - DAG(s) 'example_weekday_branch_operator' retrieved from /home/airflow/.local/lib/python3.12/site-packages/airflow/example_dags/example_branch_day_of_week_operator.py
[2025-03-10T00:14:38.960+0000] {logging_mixin.py:190} INFO - [2025-03-10T00:14:38.959+0000] {dag.py:3239} INFO - Sync 1 DAGs
[2025-03-10T00:14:39.020+0000] {logging_mixin.py:190} INFO - [2025-03-10T00:14:39.020+0000] {dag.py:4180} INFO - Setting next_dagrun for example_weekday_branch_operator to 2025-03-09 00:00:00+00:00, run_after=2025-03-10 00:00:00+00:00
[2025-03-10T00:14:39.079+0000] {processor.py:208} INFO - Processing /home/airflow/.local/lib/python3.12/site-packages/airflow/example_dags/example_branch_day_of_week_operator.py took 0.216 seconds
[2025-03-10T00:15:10.356+0000] {processor.py:186} INFO - Started process (PID=20576) to work on /home/airflow/.local/lib/python3.12/site-packages/airflow/example_dags/example_branch_day_of_week_operator.py
[2025-03-10T00:15:10.360+0000] {processor.py:914} INFO - Processing file /home/airflow/.local/lib/python3.12/site-packages/airflow/example_dags/example_branch_day_of_week_operator.py for tasks to queue
[2025-03-10T00:15:10.364+0000] {logging_mixin.py:190} INFO - [2025-03-10T00:15:10.363+0000] {dagbag.py:588} INFO - Filling up the DagBag from /home/airflow/.local/lib/python3.12/site-packages/airflow/example_dags/example_branch_day_of_week_operator.py
[2025-03-10T00:15:10.392+0000] {processor.py:925} INFO - DAG(s) 'example_weekday_branch_operator' retrieved from /home/airflow/.local/lib/python3.12/site-packages/airflow/example_dags/example_branch_day_of_week_operator.py
[2025-03-10T00:15:10.451+0000] {logging_mixin.py:190} INFO - [2025-03-10T00:15:10.450+0000] {dag.py:3239} INFO - Sync 1 DAGs
[2025-03-10T00:15:10.517+0000] {logging_mixin.py:190} INFO - [2025-03-10T00:15:10.517+0000] {dag.py:4180} INFO - Setting next_dagrun for example_weekday_branch_operator to 2025-03-09 00:00:00+00:00, run_after=2025-03-10 00:00:00+00:00
[2025-03-10T00:15:10.568+0000] {processor.py:208} INFO - Processing /home/airflow/.local/lib/python3.12/site-packages/airflow/example_dags/example_branch_day_of_week_operator.py took 0.235 seconds
[2025-03-10T05:16:20.720+0000] {processor.py:186} INFO - Started process (PID=20640) to work on /home/airflow/.local/lib/python3.12/site-packages/airflow/example_dags/example_branch_day_of_week_operator.py
[2025-03-10T05:16:20.733+0000] {processor.py:914} INFO - Processing file /home/airflow/.local/lib/python3.12/site-packages/airflow/example_dags/example_branch_day_of_week_operator.py for tasks to queue
[2025-03-10T05:16:20.739+0000] {logging_mixin.py:190} INFO - [2025-03-10T05:16:20.737+0000] {dagbag.py:588} INFO - Filling up the DagBag from /home/airflow/.local/lib/python3.12/site-packages/airflow/example_dags/example_branch_day_of_week_operator.py
[2025-03-10T05:16:20.803+0000] {processor.py:925} INFO - DAG(s) 'example_weekday_branch_operator' retrieved from /home/airflow/.local/lib/python3.12/site-packages/airflow/example_dags/example_branch_day_of_week_operator.py
[2025-03-10T05:16:20.930+0000] {logging_mixin.py:190} INFO - [2025-03-10T05:16:20.929+0000] {dag.py:3239} INFO - Sync 1 DAGs
[2025-03-10T05:16:21.130+0000] {logging_mixin.py:190} INFO - [2025-03-10T05:16:21.129+0000] {dag.py:4180} INFO - Setting next_dagrun for example_weekday_branch_operator to 2025-03-09 00:00:00+00:00, run_after=2025-03-10 00:00:00+00:00
[2025-03-10T05:16:21.293+0000] {processor.py:208} INFO - Processing /home/airflow/.local/lib/python3.12/site-packages/airflow/example_dags/example_branch_day_of_week_operator.py took 0.597 seconds
