[2025-03-10T00:12:22.062+0000] {processor.py:186} INFO - Started process (PID=20240) to work on /home/airflow/.local/lib/python3.12/site-packages/airflow/example_dags/example_complex.py
[2025-03-10T00:12:22.071+0000] {processor.py:914} INFO - Processing file /home/airflow/.local/lib/python3.12/site-packages/airflow/example_dags/example_complex.py for tasks to queue
[2025-03-10T00:12:22.079+0000] {logging_mixin.py:190} INFO - [2025-03-10T00:12:22.078+0000] {dagbag.py:588} INFO - Filling up the DagBag from /home/airflow/.local/lib/python3.12/site-packages/airflow/example_dags/example_complex.py
[2025-03-10T00:12:22.185+0000] {processor.py:925} INFO - DAG(s) 'example_complex' retrieved from /home/airflow/.local/lib/python3.12/site-packages/airflow/example_dags/example_complex.py
[2025-03-10T00:12:22.468+0000] {logging_mixin.py:190} INFO - [2025-03-10T00:12:22.461+0000] {dag.py:3239} INFO - Sync 1 DAGs
[2025-03-10T00:12:22.594+0000] {logging_mixin.py:190} INFO - [2025-03-10T00:12:22.593+0000] {dag.py:4180} INFO - Setting next_dagrun for example_complex to None, run_after=None
[2025-03-10T00:12:22.840+0000] {processor.py:208} INFO - Processing /home/airflow/.local/lib/python3.12/site-packages/airflow/example_dags/example_complex.py took 0.806 seconds
[2025-03-10T00:13:00.917+0000] {processor.py:186} INFO - Started process (PID=20306) to work on /home/airflow/.local/lib/python3.12/site-packages/airflow/example_dags/example_complex.py
[2025-03-10T00:13:00.920+0000] {processor.py:914} INFO - Processing file /home/airflow/.local/lib/python3.12/site-packages/airflow/example_dags/example_complex.py for tasks to queue
[2025-03-10T00:13:00.934+0000] {logging_mixin.py:190} INFO - [2025-03-10T00:13:00.923+0000] {dagbag.py:588} INFO - Filling up the DagBag from /home/airflow/.local/lib/python3.12/site-packages/airflow/example_dags/example_complex.py
[2025-03-10T00:13:01.029+0000] {processor.py:925} INFO - DAG(s) 'example_complex' retrieved from /home/airflow/.local/lib/python3.12/site-packages/airflow/example_dags/example_complex.py
[2025-03-10T00:13:01.215+0000] {logging_mixin.py:190} INFO - [2025-03-10T00:13:01.214+0000] {dag.py:3239} INFO - Sync 1 DAGs
[2025-03-10T00:13:01.343+0000] {logging_mixin.py:190} INFO - [2025-03-10T00:13:01.343+0000] {dag.py:4180} INFO - Setting next_dagrun for example_complex to None, run_after=None
[2025-03-10T00:13:01.473+0000] {processor.py:208} INFO - Processing /home/airflow/.local/lib/python3.12/site-packages/airflow/example_dags/example_complex.py took 0.598 seconds
[2025-03-10T00:13:35.130+0000] {processor.py:186} INFO - Started process (PID=20377) to work on /home/airflow/.local/lib/python3.12/site-packages/airflow/example_dags/example_complex.py
[2025-03-10T00:13:35.134+0000] {processor.py:914} INFO - Processing file /home/airflow/.local/lib/python3.12/site-packages/airflow/example_dags/example_complex.py for tasks to queue
[2025-03-10T00:13:35.144+0000] {logging_mixin.py:190} INFO - [2025-03-10T00:13:35.143+0000] {dagbag.py:588} INFO - Filling up the DagBag from /home/airflow/.local/lib/python3.12/site-packages/airflow/example_dags/example_complex.py
[2025-03-10T00:13:35.304+0000] {processor.py:925} INFO - DAG(s) 'example_complex' retrieved from /home/airflow/.local/lib/python3.12/site-packages/airflow/example_dags/example_complex.py
[2025-03-10T00:13:35.602+0000] {logging_mixin.py:190} INFO - [2025-03-10T00:13:35.601+0000] {dag.py:3239} INFO - Sync 1 DAGs
[2025-03-10T00:13:35.748+0000] {logging_mixin.py:190} INFO - [2025-03-10T00:13:35.747+0000] {dag.py:4180} INFO - Setting next_dagrun for example_complex to None, run_after=None
[2025-03-10T00:13:35.909+0000] {processor.py:208} INFO - Processing /home/airflow/.local/lib/python3.12/site-packages/airflow/example_dags/example_complex.py took 0.801 seconds
[2025-03-10T00:14:06.236+0000] {processor.py:186} INFO - Started process (PID=20441) to work on /home/airflow/.local/lib/python3.12/site-packages/airflow/example_dags/example_complex.py
[2025-03-10T00:14:06.239+0000] {processor.py:914} INFO - Processing file /home/airflow/.local/lib/python3.12/site-packages/airflow/example_dags/example_complex.py for tasks to queue
[2025-03-10T00:14:06.242+0000] {logging_mixin.py:190} INFO - [2025-03-10T00:14:06.242+0000] {dagbag.py:588} INFO - Filling up the DagBag from /home/airflow/.local/lib/python3.12/site-packages/airflow/example_dags/example_complex.py
[2025-03-10T00:14:06.265+0000] {processor.py:925} INFO - DAG(s) 'example_complex' retrieved from /home/airflow/.local/lib/python3.12/site-packages/airflow/example_dags/example_complex.py
[2025-03-10T00:14:06.334+0000] {logging_mixin.py:190} INFO - [2025-03-10T00:14:06.333+0000] {dag.py:3239} INFO - Sync 1 DAGs
[2025-03-10T00:14:06.375+0000] {logging_mixin.py:190} INFO - [2025-03-10T00:14:06.375+0000] {dag.py:4180} INFO - Setting next_dagrun for example_complex to None, run_after=None
[2025-03-10T00:14:06.426+0000] {processor.py:208} INFO - Processing /home/airflow/.local/lib/python3.12/site-packages/airflow/example_dags/example_complex.py took 0.202 seconds
[2025-03-10T00:14:36.553+0000] {processor.py:186} INFO - Started process (PID=20506) to work on /home/airflow/.local/lib/python3.12/site-packages/airflow/example_dags/example_complex.py
[2025-03-10T00:14:36.556+0000] {processor.py:914} INFO - Processing file /home/airflow/.local/lib/python3.12/site-packages/airflow/example_dags/example_complex.py for tasks to queue
[2025-03-10T00:14:36.559+0000] {logging_mixin.py:190} INFO - [2025-03-10T00:14:36.558+0000] {dagbag.py:588} INFO - Filling up the DagBag from /home/airflow/.local/lib/python3.12/site-packages/airflow/example_dags/example_complex.py
[2025-03-10T00:14:36.586+0000] {processor.py:925} INFO - DAG(s) 'example_complex' retrieved from /home/airflow/.local/lib/python3.12/site-packages/airflow/example_dags/example_complex.py
[2025-03-10T00:14:36.712+0000] {logging_mixin.py:190} INFO - [2025-03-10T00:14:36.712+0000] {dag.py:3239} INFO - Sync 1 DAGs
[2025-03-10T00:14:36.757+0000] {logging_mixin.py:190} INFO - [2025-03-10T00:14:36.757+0000] {dag.py:4180} INFO - Setting next_dagrun for example_complex to None, run_after=None
[2025-03-10T00:14:36.816+0000] {processor.py:208} INFO - Processing /home/airflow/.local/lib/python3.12/site-packages/airflow/example_dags/example_complex.py took 0.275 seconds
[2025-03-10T00:15:07.038+0000] {processor.py:186} INFO - Started process (PID=20566) to work on /home/airflow/.local/lib/python3.12/site-packages/airflow/example_dags/example_complex.py
[2025-03-10T00:15:07.040+0000] {processor.py:914} INFO - Processing file /home/airflow/.local/lib/python3.12/site-packages/airflow/example_dags/example_complex.py for tasks to queue
[2025-03-10T00:15:07.043+0000] {logging_mixin.py:190} INFO - [2025-03-10T00:15:07.042+0000] {dagbag.py:588} INFO - Filling up the DagBag from /home/airflow/.local/lib/python3.12/site-packages/airflow/example_dags/example_complex.py
[2025-03-10T00:15:07.069+0000] {processor.py:925} INFO - DAG(s) 'example_complex' retrieved from /home/airflow/.local/lib/python3.12/site-packages/airflow/example_dags/example_complex.py
[2025-03-10T00:15:07.144+0000] {logging_mixin.py:190} INFO - [2025-03-10T00:15:07.143+0000] {dag.py:3239} INFO - Sync 1 DAGs
[2025-03-10T00:15:07.181+0000] {logging_mixin.py:190} INFO - [2025-03-10T00:15:07.181+0000] {dag.py:4180} INFO - Setting next_dagrun for example_complex to None, run_after=None
[2025-03-10T00:15:07.228+0000] {processor.py:208} INFO - Processing /home/airflow/.local/lib/python3.12/site-packages/airflow/example_dags/example_complex.py took 0.201 seconds
[2025-03-10T00:15:37.377+0000] {processor.py:186} INFO - Started process (PID=20631) to work on /home/airflow/.local/lib/python3.12/site-packages/airflow/example_dags/example_complex.py
[2025-03-10T00:15:37.379+0000] {processor.py:914} INFO - Processing file /home/airflow/.local/lib/python3.12/site-packages/airflow/example_dags/example_complex.py for tasks to queue
[2025-03-10T00:15:37.382+0000] {logging_mixin.py:190} INFO - [2025-03-10T00:15:37.381+0000] {dagbag.py:588} INFO - Filling up the DagBag from /home/airflow/.local/lib/python3.12/site-packages/airflow/example_dags/example_complex.py
[2025-03-10T00:15:37.412+0000] {processor.py:925} INFO - DAG(s) 'example_complex' retrieved from /home/airflow/.local/lib/python3.12/site-packages/airflow/example_dags/example_complex.py
[2025-03-10T00:15:37.527+0000] {logging_mixin.py:190} INFO - [2025-03-10T00:15:37.526+0000] {dag.py:3239} INFO - Sync 1 DAGs
[2025-03-10T00:15:37.580+0000] {logging_mixin.py:190} INFO - [2025-03-10T00:15:37.579+0000] {dag.py:4180} INFO - Setting next_dagrun for example_complex to None, run_after=None
[2025-03-10T00:15:37.644+0000] {processor.py:208} INFO - Processing /home/airflow/.local/lib/python3.12/site-packages/airflow/example_dags/example_complex.py took 0.280 seconds
[2025-03-10T05:16:27.090+0000] {processor.py:186} INFO - Started process (PID=20649) to work on /home/airflow/.local/lib/python3.12/site-packages/airflow/example_dags/example_complex.py
[2025-03-10T05:16:27.095+0000] {processor.py:914} INFO - Processing file /home/airflow/.local/lib/python3.12/site-packages/airflow/example_dags/example_complex.py for tasks to queue
[2025-03-10T05:16:27.105+0000] {logging_mixin.py:190} INFO - [2025-03-10T05:16:27.104+0000] {dagbag.py:588} INFO - Filling up the DagBag from /home/airflow/.local/lib/python3.12/site-packages/airflow/example_dags/example_complex.py
[2025-03-10T05:16:27.204+0000] {processor.py:925} INFO - DAG(s) 'example_complex' retrieved from /home/airflow/.local/lib/python3.12/site-packages/airflow/example_dags/example_complex.py
[2025-03-10T05:16:27.436+0000] {logging_mixin.py:190} INFO - [2025-03-10T05:16:27.436+0000] {dag.py:3239} INFO - Sync 1 DAGs
[2025-03-10T05:16:27.554+0000] {logging_mixin.py:190} INFO - [2025-03-10T05:16:27.543+0000] {dag.py:4180} INFO - Setting next_dagrun for example_complex to None, run_after=None
[2025-03-10T05:16:27.684+0000] {processor.py:208} INFO - Processing /home/airflow/.local/lib/python3.12/site-packages/airflow/example_dags/example_complex.py took 0.628 seconds
