[2025-03-10T00:12:42.544+0000] {processor.py:186} INFO - Started process (PID=20277) to work on /home/airflow/.local/lib/python3.12/site-packages/airflow/example_dags/example_setup_teardown.py
[2025-03-10T00:12:42.547+0000] {processor.py:914} INFO - Processing file /home/airflow/.local/lib/python3.12/site-packages/airflow/example_dags/example_setup_teardown.py for tasks to queue
[2025-03-10T00:12:42.570+0000] {logging_mixin.py:190} INFO - [2025-03-10T00:12:42.569+0000] {dagbag.py:588} INFO - Filling up the DagBag from /home/airflow/.local/lib/python3.12/site-packages/airflow/example_dags/example_setup_teardown.py
[2025-03-10T00:12:42.637+0000] {processor.py:925} INFO - DAG(s) 'example_setup_teardown' retrieved from /home/airflow/.local/lib/python3.12/site-packages/airflow/example_dags/example_setup_teardown.py
[2025-03-10T00:12:42.815+0000] {logging_mixin.py:190} INFO - [2025-03-10T00:12:42.814+0000] {dag.py:3239} INFO - Sync 1 DAGs
[2025-03-10T00:12:42.920+0000] {logging_mixin.py:190} INFO - [2025-03-10T00:12:42.908+0000] {dag.py:4180} INFO - Setting next_dagrun for example_setup_teardown to None, run_after=None
[2025-03-10T00:12:43.037+0000] {processor.py:208} INFO - Processing /home/airflow/.local/lib/python3.12/site-packages/airflow/example_dags/example_setup_teardown.py took 0.525 seconds
[2025-03-10T00:13:18.502+0000] {processor.py:186} INFO - Started process (PID=20342) to work on /home/airflow/.local/lib/python3.12/site-packages/airflow/example_dags/example_setup_teardown.py
[2025-03-10T00:13:18.509+0000] {processor.py:914} INFO - Processing file /home/airflow/.local/lib/python3.12/site-packages/airflow/example_dags/example_setup_teardown.py for tasks to queue
[2025-03-10T00:13:18.525+0000] {logging_mixin.py:190} INFO - [2025-03-10T00:13:18.524+0000] {dagbag.py:588} INFO - Filling up the DagBag from /home/airflow/.local/lib/python3.12/site-packages/airflow/example_dags/example_setup_teardown.py
[2025-03-10T00:13:18.582+0000] {processor.py:925} INFO - DAG(s) 'example_setup_teardown' retrieved from /home/airflow/.local/lib/python3.12/site-packages/airflow/example_dags/example_setup_teardown.py
[2025-03-10T00:13:18.777+0000] {logging_mixin.py:190} INFO - [2025-03-10T00:13:18.776+0000] {dag.py:3239} INFO - Sync 1 DAGs
[2025-03-10T00:13:18.868+0000] {logging_mixin.py:190} INFO - [2025-03-10T00:13:18.868+0000] {dag.py:4180} INFO - Setting next_dagrun for example_setup_teardown to None, run_after=None
[2025-03-10T00:13:18.966+0000] {processor.py:208} INFO - Processing /home/airflow/.local/lib/python3.12/site-packages/airflow/example_dags/example_setup_teardown.py took 0.513 seconds
[2025-03-10T00:13:49.251+0000] {processor.py:186} INFO - Started process (PID=20406) to work on /home/airflow/.local/lib/python3.12/site-packages/airflow/example_dags/example_setup_teardown.py
[2025-03-10T00:13:49.254+0000] {processor.py:914} INFO - Processing file /home/airflow/.local/lib/python3.12/site-packages/airflow/example_dags/example_setup_teardown.py for tasks to queue
[2025-03-10T00:13:49.257+0000] {logging_mixin.py:190} INFO - [2025-03-10T00:13:49.256+0000] {dagbag.py:588} INFO - Filling up the DagBag from /home/airflow/.local/lib/python3.12/site-packages/airflow/example_dags/example_setup_teardown.py
[2025-03-10T00:13:49.300+0000] {processor.py:925} INFO - DAG(s) 'example_setup_teardown' retrieved from /home/airflow/.local/lib/python3.12/site-packages/airflow/example_dags/example_setup_teardown.py
[2025-03-10T00:13:49.383+0000] {logging_mixin.py:190} INFO - [2025-03-10T00:13:49.382+0000] {dag.py:3239} INFO - Sync 1 DAGs
[2025-03-10T00:13:49.429+0000] {logging_mixin.py:190} INFO - [2025-03-10T00:13:49.428+0000] {dag.py:4180} INFO - Setting next_dagrun for example_setup_teardown to None, run_after=None
[2025-03-10T00:13:49.469+0000] {processor.py:208} INFO - Processing /home/airflow/.local/lib/python3.12/site-packages/airflow/example_dags/example_setup_teardown.py took 0.230 seconds
[2025-03-10T00:14:19.689+0000] {processor.py:186} INFO - Started process (PID=20471) to work on /home/airflow/.local/lib/python3.12/site-packages/airflow/example_dags/example_setup_teardown.py
[2025-03-10T00:14:19.691+0000] {processor.py:914} INFO - Processing file /home/airflow/.local/lib/python3.12/site-packages/airflow/example_dags/example_setup_teardown.py for tasks to queue
[2025-03-10T00:14:19.694+0000] {logging_mixin.py:190} INFO - [2025-03-10T00:14:19.693+0000] {dagbag.py:588} INFO - Filling up the DagBag from /home/airflow/.local/lib/python3.12/site-packages/airflow/example_dags/example_setup_teardown.py
[2025-03-10T00:14:19.714+0000] {processor.py:925} INFO - DAG(s) 'example_setup_teardown' retrieved from /home/airflow/.local/lib/python3.12/site-packages/airflow/example_dags/example_setup_teardown.py
[2025-03-10T00:14:19.759+0000] {logging_mixin.py:190} INFO - [2025-03-10T00:14:19.757+0000] {dag.py:3239} INFO - Sync 1 DAGs
[2025-03-10T00:14:19.794+0000] {logging_mixin.py:190} INFO - [2025-03-10T00:14:19.794+0000] {dag.py:4180} INFO - Setting next_dagrun for example_setup_teardown to None, run_after=None
[2025-03-10T00:14:19.838+0000] {processor.py:208} INFO - Processing /home/airflow/.local/lib/python3.12/site-packages/airflow/example_dags/example_setup_teardown.py took 0.159 seconds
[2025-03-10T00:14:50.436+0000] {processor.py:186} INFO - Started process (PID=20536) to work on /home/airflow/.local/lib/python3.12/site-packages/airflow/example_dags/example_setup_teardown.py
[2025-03-10T00:14:50.438+0000] {processor.py:914} INFO - Processing file /home/airflow/.local/lib/python3.12/site-packages/airflow/example_dags/example_setup_teardown.py for tasks to queue
[2025-03-10T00:14:50.441+0000] {logging_mixin.py:190} INFO - [2025-03-10T00:14:50.440+0000] {dagbag.py:588} INFO - Filling up the DagBag from /home/airflow/.local/lib/python3.12/site-packages/airflow/example_dags/example_setup_teardown.py
[2025-03-10T00:14:50.458+0000] {processor.py:925} INFO - DAG(s) 'example_setup_teardown' retrieved from /home/airflow/.local/lib/python3.12/site-packages/airflow/example_dags/example_setup_teardown.py
[2025-03-10T00:14:50.497+0000] {logging_mixin.py:190} INFO - [2025-03-10T00:14:50.496+0000] {dag.py:3239} INFO - Sync 1 DAGs
[2025-03-10T00:14:50.525+0000] {logging_mixin.py:190} INFO - [2025-03-10T00:14:50.524+0000] {dag.py:4180} INFO - Setting next_dagrun for example_setup_teardown to None, run_after=None
[2025-03-10T00:14:50.562+0000] {processor.py:208} INFO - Processing /home/airflow/.local/lib/python3.12/site-packages/airflow/example_dags/example_setup_teardown.py took 0.137 seconds
[2025-03-10T00:15:21.210+0000] {processor.py:186} INFO - Started process (PID=20600) to work on /home/airflow/.local/lib/python3.12/site-packages/airflow/example_dags/example_setup_teardown.py
[2025-03-10T00:15:21.212+0000] {processor.py:914} INFO - Processing file /home/airflow/.local/lib/python3.12/site-packages/airflow/example_dags/example_setup_teardown.py for tasks to queue
[2025-03-10T00:15:21.216+0000] {logging_mixin.py:190} INFO - [2025-03-10T00:15:21.215+0000] {dagbag.py:588} INFO - Filling up the DagBag from /home/airflow/.local/lib/python3.12/site-packages/airflow/example_dags/example_setup_teardown.py
[2025-03-10T00:15:21.233+0000] {processor.py:925} INFO - DAG(s) 'example_setup_teardown' retrieved from /home/airflow/.local/lib/python3.12/site-packages/airflow/example_dags/example_setup_teardown.py
[2025-03-10T00:15:21.315+0000] {logging_mixin.py:190} INFO - [2025-03-10T00:15:21.314+0000] {dag.py:3239} INFO - Sync 1 DAGs
[2025-03-10T00:15:21.349+0000] {logging_mixin.py:190} INFO - [2025-03-10T00:15:21.348+0000] {dag.py:4180} INFO - Setting next_dagrun for example_setup_teardown to None, run_after=None
[2025-03-10T00:15:21.407+0000] {processor.py:208} INFO - Processing /home/airflow/.local/lib/python3.12/site-packages/airflow/example_dags/example_setup_teardown.py took 0.208 seconds
