[2025-03-10T00:12:28.581+0000] {processor.py:186} INFO - Started process (PID=20251) to work on /home/airflow/.local/lib/python3.12/site-packages/airflow/example_dags/example_short_circuit_decorator.py
[2025-03-10T00:12:28.584+0000] {processor.py:914} INFO - Processing file /home/airflow/.local/lib/python3.12/site-packages/airflow/example_dags/example_short_circuit_decorator.py for tasks to queue
[2025-03-10T00:12:28.588+0000] {logging_mixin.py:190} INFO - [2025-03-10T00:12:28.587+0000] {dagbag.py:588} INFO - Filling up the DagBag from /home/airflow/.local/lib/python3.12/site-packages/airflow/example_dags/example_short_circuit_decorator.py
[2025-03-10T00:12:28.668+0000] {processor.py:925} INFO - DAG(s) 'example_short_circuit_decorator' retrieved from /home/airflow/.local/lib/python3.12/site-packages/airflow/example_dags/example_short_circuit_decorator.py
[2025-03-10T00:12:28.808+0000] {logging_mixin.py:190} INFO - [2025-03-10T00:12:28.807+0000] {dag.py:3239} INFO - Sync 1 DAGs
[2025-03-10T00:12:28.902+0000] {logging_mixin.py:190} INFO - [2025-03-10T00:12:28.901+0000] {dag.py:4180} INFO - Setting next_dagrun for example_short_circuit_decorator to None, run_after=None
[2025-03-10T00:12:29.023+0000] {processor.py:208} INFO - Processing /home/airflow/.local/lib/python3.12/site-packages/airflow/example_dags/example_short_circuit_decorator.py took 0.488 seconds
[2025-03-10T00:13:04.539+0000] {processor.py:186} INFO - Started process (PID=20322) to work on /home/airflow/.local/lib/python3.12/site-packages/airflow/example_dags/example_short_circuit_decorator.py
[2025-03-10T00:13:04.542+0000] {processor.py:914} INFO - Processing file /home/airflow/.local/lib/python3.12/site-packages/airflow/example_dags/example_short_circuit_decorator.py for tasks to queue
[2025-03-10T00:13:04.556+0000] {logging_mixin.py:190} INFO - [2025-03-10T00:13:04.555+0000] {dagbag.py:588} INFO - Filling up the DagBag from /home/airflow/.local/lib/python3.12/site-packages/airflow/example_dags/example_short_circuit_decorator.py
[2025-03-10T00:13:04.636+0000] {processor.py:925} INFO - DAG(s) 'example_short_circuit_decorator' retrieved from /home/airflow/.local/lib/python3.12/site-packages/airflow/example_dags/example_short_circuit_decorator.py
[2025-03-10T00:13:04.778+0000] {logging_mixin.py:190} INFO - [2025-03-10T00:13:04.768+0000] {dag.py:3239} INFO - Sync 1 DAGs
[2025-03-10T00:13:04.908+0000] {logging_mixin.py:190} INFO - [2025-03-10T00:13:04.907+0000] {dag.py:4180} INFO - Setting next_dagrun for example_short_circuit_decorator to None, run_after=None
[2025-03-10T00:13:05.040+0000] {processor.py:208} INFO - Processing /home/airflow/.local/lib/python3.12/site-packages/airflow/example_dags/example_short_circuit_decorator.py took 0.534 seconds
[2025-03-10T00:13:40.156+0000] {processor.py:186} INFO - Started process (PID=20387) to work on /home/airflow/.local/lib/python3.12/site-packages/airflow/example_dags/example_short_circuit_decorator.py
[2025-03-10T00:13:40.182+0000] {processor.py:914} INFO - Processing file /home/airflow/.local/lib/python3.12/site-packages/airflow/example_dags/example_short_circuit_decorator.py for tasks to queue
[2025-03-10T00:13:40.187+0000] {logging_mixin.py:190} INFO - [2025-03-10T00:13:40.185+0000] {dagbag.py:588} INFO - Filling up the DagBag from /home/airflow/.local/lib/python3.12/site-packages/airflow/example_dags/example_short_circuit_decorator.py
[2025-03-10T00:13:40.250+0000] {processor.py:925} INFO - DAG(s) 'example_short_circuit_decorator' retrieved from /home/airflow/.local/lib/python3.12/site-packages/airflow/example_dags/example_short_circuit_decorator.py
[2025-03-10T00:13:40.376+0000] {logging_mixin.py:190} INFO - [2025-03-10T00:13:40.375+0000] {dag.py:3239} INFO - Sync 1 DAGs
[2025-03-10T00:13:40.462+0000] {logging_mixin.py:190} INFO - [2025-03-10T00:13:40.461+0000] {dag.py:4180} INFO - Setting next_dagrun for example_short_circuit_decorator to None, run_after=None
[2025-03-10T00:13:40.548+0000] {processor.py:208} INFO - Processing /home/airflow/.local/lib/python3.12/site-packages/airflow/example_dags/example_short_circuit_decorator.py took 0.416 seconds
[2025-03-10T00:14:10.687+0000] {processor.py:186} INFO - Started process (PID=20452) to work on /home/airflow/.local/lib/python3.12/site-packages/airflow/example_dags/example_short_circuit_decorator.py
[2025-03-10T00:14:10.689+0000] {processor.py:914} INFO - Processing file /home/airflow/.local/lib/python3.12/site-packages/airflow/example_dags/example_short_circuit_decorator.py for tasks to queue
[2025-03-10T00:14:10.693+0000] {logging_mixin.py:190} INFO - [2025-03-10T00:14:10.692+0000] {dagbag.py:588} INFO - Filling up the DagBag from /home/airflow/.local/lib/python3.12/site-packages/airflow/example_dags/example_short_circuit_decorator.py
[2025-03-10T00:14:10.714+0000] {processor.py:925} INFO - DAG(s) 'example_short_circuit_decorator' retrieved from /home/airflow/.local/lib/python3.12/site-packages/airflow/example_dags/example_short_circuit_decorator.py
[2025-03-10T00:14:10.771+0000] {logging_mixin.py:190} INFO - [2025-03-10T00:14:10.770+0000] {dag.py:3239} INFO - Sync 1 DAGs
[2025-03-10T00:14:10.806+0000] {logging_mixin.py:190} INFO - [2025-03-10T00:14:10.806+0000] {dag.py:4180} INFO - Setting next_dagrun for example_short_circuit_decorator to None, run_after=None
[2025-03-10T00:14:10.854+0000] {processor.py:208} INFO - Processing /home/airflow/.local/lib/python3.12/site-packages/airflow/example_dags/example_short_circuit_decorator.py took 0.180 seconds
[2025-03-10T00:14:41.665+0000] {processor.py:186} INFO - Started process (PID=20517) to work on /home/airflow/.local/lib/python3.12/site-packages/airflow/example_dags/example_short_circuit_decorator.py
[2025-03-10T00:14:41.667+0000] {processor.py:914} INFO - Processing file /home/airflow/.local/lib/python3.12/site-packages/airflow/example_dags/example_short_circuit_decorator.py for tasks to queue
[2025-03-10T00:14:41.672+0000] {logging_mixin.py:190} INFO - [2025-03-10T00:14:41.671+0000] {dagbag.py:588} INFO - Filling up the DagBag from /home/airflow/.local/lib/python3.12/site-packages/airflow/example_dags/example_short_circuit_decorator.py
[2025-03-10T00:14:41.701+0000] {processor.py:925} INFO - DAG(s) 'example_short_circuit_decorator' retrieved from /home/airflow/.local/lib/python3.12/site-packages/airflow/example_dags/example_short_circuit_decorator.py
[2025-03-10T00:14:41.753+0000] {logging_mixin.py:190} INFO - [2025-03-10T00:14:41.752+0000] {dag.py:3239} INFO - Sync 1 DAGs
[2025-03-10T00:14:41.793+0000] {logging_mixin.py:190} INFO - [2025-03-10T00:14:41.792+0000] {dag.py:4180} INFO - Setting next_dagrun for example_short_circuit_decorator to None, run_after=None
[2025-03-10T00:14:41.849+0000] {processor.py:208} INFO - Processing /home/airflow/.local/lib/python3.12/site-packages/airflow/example_dags/example_short_circuit_decorator.py took 0.195 seconds
[2025-03-10T00:15:12.367+0000] {processor.py:186} INFO - Started process (PID=20582) to work on /home/airflow/.local/lib/python3.12/site-packages/airflow/example_dags/example_short_circuit_decorator.py
[2025-03-10T00:15:12.370+0000] {processor.py:914} INFO - Processing file /home/airflow/.local/lib/python3.12/site-packages/airflow/example_dags/example_short_circuit_decorator.py for tasks to queue
[2025-03-10T00:15:12.374+0000] {logging_mixin.py:190} INFO - [2025-03-10T00:15:12.373+0000] {dagbag.py:588} INFO - Filling up the DagBag from /home/airflow/.local/lib/python3.12/site-packages/airflow/example_dags/example_short_circuit_decorator.py
[2025-03-10T00:15:12.408+0000] {processor.py:925} INFO - DAG(s) 'example_short_circuit_decorator' retrieved from /home/airflow/.local/lib/python3.12/site-packages/airflow/example_dags/example_short_circuit_decorator.py
[2025-03-10T00:15:12.485+0000] {logging_mixin.py:190} INFO - [2025-03-10T00:15:12.485+0000] {dag.py:3239} INFO - Sync 1 DAGs
[2025-03-10T00:15:12.522+0000] {logging_mixin.py:190} INFO - [2025-03-10T00:15:12.521+0000] {dag.py:4180} INFO - Setting next_dagrun for example_short_circuit_decorator to None, run_after=None
[2025-03-10T00:15:12.572+0000] {processor.py:208} INFO - Processing /home/airflow/.local/lib/python3.12/site-packages/airflow/example_dags/example_short_circuit_decorator.py took 0.225 seconds
[2025-03-10T05:16:29.038+0000] {processor.py:186} INFO - Started process (PID=20651) to work on /home/airflow/.local/lib/python3.12/site-packages/airflow/example_dags/example_short_circuit_decorator.py
[2025-03-10T05:16:29.042+0000] {processor.py:914} INFO - Processing file /home/airflow/.local/lib/python3.12/site-packages/airflow/example_dags/example_short_circuit_decorator.py for tasks to queue
[2025-03-10T05:16:29.055+0000] {logging_mixin.py:190} INFO - [2025-03-10T05:16:29.045+0000] {dagbag.py:588} INFO - Filling up the DagBag from /home/airflow/.local/lib/python3.12/site-packages/airflow/example_dags/example_short_circuit_decorator.py
[2025-03-10T05:16:29.142+0000] {processor.py:925} INFO - DAG(s) 'example_short_circuit_decorator' retrieved from /home/airflow/.local/lib/python3.12/site-packages/airflow/example_dags/example_short_circuit_decorator.py
[2025-03-10T05:16:29.244+0000] {logging_mixin.py:190} INFO - [2025-03-10T05:16:29.243+0000] {dag.py:3239} INFO - Sync 1 DAGs
[2025-03-10T05:16:29.339+0000] {logging_mixin.py:190} INFO - [2025-03-10T05:16:29.338+0000] {dag.py:4180} INFO - Setting next_dagrun for example_short_circuit_decorator to None, run_after=None
[2025-03-10T05:16:29.476+0000] {processor.py:208} INFO - Processing /home/airflow/.local/lib/python3.12/site-packages/airflow/example_dags/example_short_circuit_decorator.py took 0.461 seconds
