[2025-03-10T00:12:37.335+0000] {processor.py:186} INFO - Started process (PID=20272) to work on /home/airflow/.local/lib/python3.12/site-packages/airflow/example_dags/example_outlet_event_extra.py
[2025-03-10T00:12:37.346+0000] {processor.py:914} INFO - Processing file /home/airflow/.local/lib/python3.12/site-packages/airflow/example_dags/example_outlet_event_extra.py for tasks to queue
[2025-03-10T00:12:37.352+0000] {logging_mixin.py:190} INFO - [2025-03-10T00:12:37.350+0000] {dagbag.py:588} INFO - Filling up the DagBag from /home/airflow/.local/lib/python3.12/site-packages/airflow/example_dags/example_outlet_event_extra.py
[2025-03-10T00:12:42.068+0000] {processor.py:925} INFO - DAG(s) 'dataset_with_extra_by_context', 'dataset_with_extra_from_classic_operator', 'dataset_with_extra_by_yield' retrieved from /home/airflow/.local/lib/python3.12/site-packages/airflow/example_dags/example_outlet_event_extra.py
[2025-03-10T00:12:42.251+0000] {logging_mixin.py:190} INFO - [2025-03-10T00:12:42.250+0000] {dag.py:3239} INFO - Sync 3 DAGs
[2025-03-10T00:12:42.423+0000] {logging_mixin.py:190} INFO - [2025-03-10T00:12:42.423+0000] {dag.py:4180} INFO - Setting next_dagrun for dataset_with_extra_by_context to 2025-03-09 00:00:00+00:00, run_after=2025-03-10 00:00:00+00:00
[2025-03-10T00:12:42.452+0000] {logging_mixin.py:190} INFO - [2025-03-10T00:12:42.452+0000] {dag.py:4180} INFO - Setting next_dagrun for dataset_with_extra_by_yield to 2025-03-09 00:00:00+00:00, run_after=2025-03-10 00:00:00+00:00
[2025-03-10T00:12:42.472+0000] {logging_mixin.py:190} INFO - [2025-03-10T00:12:42.471+0000] {dag.py:4180} INFO - Setting next_dagrun for dataset_with_extra_from_classic_operator to 2025-03-09 00:00:00+00:00, run_after=2025-03-10 00:00:00+00:00
[2025-03-10T00:12:42.613+0000] {processor.py:208} INFO - Processing /home/airflow/.local/lib/python3.12/site-packages/airflow/example_dags/example_outlet_event_extra.py took 5.313 seconds
[2025-03-10T00:13:14.297+0000] {processor.py:186} INFO - Started process (PID=20338) to work on /home/airflow/.local/lib/python3.12/site-packages/airflow/example_dags/example_outlet_event_extra.py
[2025-03-10T00:13:14.301+0000] {processor.py:914} INFO - Processing file /home/airflow/.local/lib/python3.12/site-packages/airflow/example_dags/example_outlet_event_extra.py for tasks to queue
[2025-03-10T00:13:14.312+0000] {logging_mixin.py:190} INFO - [2025-03-10T00:13:14.311+0000] {dagbag.py:588} INFO - Filling up the DagBag from /home/airflow/.local/lib/python3.12/site-packages/airflow/example_dags/example_outlet_event_extra.py
[2025-03-10T00:13:18.529+0000] {processor.py:925} INFO - DAG(s) 'dataset_with_extra_by_context', 'dataset_with_extra_from_classic_operator', 'dataset_with_extra_by_yield' retrieved from /home/airflow/.local/lib/python3.12/site-packages/airflow/example_dags/example_outlet_event_extra.py
[2025-03-10T00:13:18.752+0000] {logging_mixin.py:190} INFO - [2025-03-10T00:13:18.751+0000] {dag.py:3239} INFO - Sync 3 DAGs
[2025-03-10T00:13:18.966+0000] {logging_mixin.py:190} INFO - [2025-03-10T00:13:18.958+0000] {dag.py:4180} INFO - Setting next_dagrun for dataset_with_extra_by_context to 2025-03-09 00:00:00+00:00, run_after=2025-03-10 00:00:00+00:00
[2025-03-10T00:13:19.004+0000] {logging_mixin.py:190} INFO - [2025-03-10T00:13:19.003+0000] {dag.py:4180} INFO - Setting next_dagrun for dataset_with_extra_by_yield to 2025-03-09 00:00:00+00:00, run_after=2025-03-10 00:00:00+00:00
[2025-03-10T00:13:19.035+0000] {logging_mixin.py:190} INFO - [2025-03-10T00:13:19.034+0000] {dag.py:4180} INFO - Setting next_dagrun for dataset_with_extra_from_classic_operator to 2025-03-09 00:00:00+00:00, run_after=2025-03-10 00:00:00+00:00
[2025-03-10T00:13:19.216+0000] {processor.py:208} INFO - Processing /home/airflow/.local/lib/python3.12/site-packages/airflow/example_dags/example_outlet_event_extra.py took 4.954 seconds
[2025-03-10T00:13:49.564+0000] {processor.py:186} INFO - Started process (PID=20407) to work on /home/airflow/.local/lib/python3.12/site-packages/airflow/example_dags/example_outlet_event_extra.py
[2025-03-10T00:13:49.566+0000] {processor.py:914} INFO - Processing file /home/airflow/.local/lib/python3.12/site-packages/airflow/example_dags/example_outlet_event_extra.py for tasks to queue
[2025-03-10T00:13:49.570+0000] {logging_mixin.py:190} INFO - [2025-03-10T00:13:49.569+0000] {dagbag.py:588} INFO - Filling up the DagBag from /home/airflow/.local/lib/python3.12/site-packages/airflow/example_dags/example_outlet_event_extra.py
[2025-03-10T00:13:50.919+0000] {processor.py:925} INFO - DAG(s) 'dataset_with_extra_by_context', 'dataset_with_extra_by_yield', 'dataset_with_extra_from_classic_operator' retrieved from /home/airflow/.local/lib/python3.12/site-packages/airflow/example_dags/example_outlet_event_extra.py
[2025-03-10T00:13:50.970+0000] {logging_mixin.py:190} INFO - [2025-03-10T00:13:50.969+0000] {dag.py:3239} INFO - Sync 3 DAGs
[2025-03-10T00:13:51.028+0000] {logging_mixin.py:190} INFO - [2025-03-10T00:13:51.028+0000] {dag.py:4180} INFO - Setting next_dagrun for dataset_with_extra_by_context to 2025-03-09 00:00:00+00:00, run_after=2025-03-10 00:00:00+00:00
[2025-03-10T00:13:51.041+0000] {logging_mixin.py:190} INFO - [2025-03-10T00:13:51.041+0000] {dag.py:4180} INFO - Setting next_dagrun for dataset_with_extra_by_yield to 2025-03-09 00:00:00+00:00, run_after=2025-03-10 00:00:00+00:00
[2025-03-10T00:13:51.047+0000] {logging_mixin.py:190} INFO - [2025-03-10T00:13:51.047+0000] {dag.py:4180} INFO - Setting next_dagrun for dataset_with_extra_from_classic_operator to 2025-03-09 00:00:00+00:00, run_after=2025-03-10 00:00:00+00:00
[2025-03-10T00:13:51.109+0000] {processor.py:208} INFO - Processing /home/airflow/.local/lib/python3.12/site-packages/airflow/example_dags/example_outlet_event_extra.py took 1.558 seconds
[2025-03-10T00:14:21.265+0000] {processor.py:186} INFO - Started process (PID=20474) to work on /home/airflow/.local/lib/python3.12/site-packages/airflow/example_dags/example_outlet_event_extra.py
[2025-03-10T00:14:21.269+0000] {processor.py:914} INFO - Processing file /home/airflow/.local/lib/python3.12/site-packages/airflow/example_dags/example_outlet_event_extra.py for tasks to queue
[2025-03-10T00:14:21.274+0000] {logging_mixin.py:190} INFO - [2025-03-10T00:14:21.273+0000] {dagbag.py:588} INFO - Filling up the DagBag from /home/airflow/.local/lib/python3.12/site-packages/airflow/example_dags/example_outlet_event_extra.py
[2025-03-10T00:14:22.590+0000] {processor.py:925} INFO - DAG(s) 'dataset_with_extra_by_context', 'dataset_with_extra_by_yield', 'dataset_with_extra_from_classic_operator' retrieved from /home/airflow/.local/lib/python3.12/site-packages/airflow/example_dags/example_outlet_event_extra.py
[2025-03-10T00:14:22.650+0000] {logging_mixin.py:190} INFO - [2025-03-10T00:14:22.650+0000] {dag.py:3239} INFO - Sync 3 DAGs
[2025-03-10T00:14:22.716+0000] {logging_mixin.py:190} INFO - [2025-03-10T00:14:22.715+0000] {dag.py:4180} INFO - Setting next_dagrun for dataset_with_extra_by_context to 2025-03-09 00:00:00+00:00, run_after=2025-03-10 00:00:00+00:00
[2025-03-10T00:14:22.730+0000] {logging_mixin.py:190} INFO - [2025-03-10T00:14:22.729+0000] {dag.py:4180} INFO - Setting next_dagrun for dataset_with_extra_by_yield to 2025-03-09 00:00:00+00:00, run_after=2025-03-10 00:00:00+00:00
[2025-03-10T00:14:22.737+0000] {logging_mixin.py:190} INFO - [2025-03-10T00:14:22.737+0000] {dag.py:4180} INFO - Setting next_dagrun for dataset_with_extra_from_classic_operator to 2025-03-09 00:00:00+00:00, run_after=2025-03-10 00:00:00+00:00
[2025-03-10T00:14:22.788+0000] {processor.py:208} INFO - Processing /home/airflow/.local/lib/python3.12/site-packages/airflow/example_dags/example_outlet_event_extra.py took 1.541 seconds
[2025-03-10T00:14:53.012+0000] {processor.py:186} INFO - Started process (PID=20541) to work on /home/airflow/.local/lib/python3.12/site-packages/airflow/example_dags/example_outlet_event_extra.py
[2025-03-10T00:14:53.015+0000] {processor.py:914} INFO - Processing file /home/airflow/.local/lib/python3.12/site-packages/airflow/example_dags/example_outlet_event_extra.py for tasks to queue
[2025-03-10T00:14:53.018+0000] {logging_mixin.py:190} INFO - [2025-03-10T00:14:53.017+0000] {dagbag.py:588} INFO - Filling up the DagBag from /home/airflow/.local/lib/python3.12/site-packages/airflow/example_dags/example_outlet_event_extra.py
[2025-03-10T00:14:54.365+0000] {processor.py:925} INFO - DAG(s) 'dataset_with_extra_by_yield', 'dataset_with_extra_from_classic_operator', 'dataset_with_extra_by_context' retrieved from /home/airflow/.local/lib/python3.12/site-packages/airflow/example_dags/example_outlet_event_extra.py
[2025-03-10T00:14:54.415+0000] {logging_mixin.py:190} INFO - [2025-03-10T00:14:54.414+0000] {dag.py:3239} INFO - Sync 3 DAGs
[2025-03-10T00:14:54.462+0000] {logging_mixin.py:190} INFO - [2025-03-10T00:14:54.462+0000] {dag.py:4180} INFO - Setting next_dagrun for dataset_with_extra_by_context to 2025-03-09 00:00:00+00:00, run_after=2025-03-10 00:00:00+00:00
[2025-03-10T00:14:54.473+0000] {logging_mixin.py:190} INFO - [2025-03-10T00:14:54.473+0000] {dag.py:4180} INFO - Setting next_dagrun for dataset_with_extra_by_yield to 2025-03-09 00:00:00+00:00, run_after=2025-03-10 00:00:00+00:00
[2025-03-10T00:14:54.480+0000] {logging_mixin.py:190} INFO - [2025-03-10T00:14:54.479+0000] {dag.py:4180} INFO - Setting next_dagrun for dataset_with_extra_from_classic_operator to 2025-03-09 00:00:00+00:00, run_after=2025-03-10 00:00:00+00:00
[2025-03-10T00:14:54.527+0000] {processor.py:208} INFO - Processing /home/airflow/.local/lib/python3.12/site-packages/airflow/example_dags/example_outlet_event_extra.py took 1.525 seconds
[2025-03-10T00:15:25.253+0000] {processor.py:186} INFO - Started process (PID=20610) to work on /home/airflow/.local/lib/python3.12/site-packages/airflow/example_dags/example_outlet_event_extra.py
[2025-03-10T00:15:25.255+0000] {processor.py:914} INFO - Processing file /home/airflow/.local/lib/python3.12/site-packages/airflow/example_dags/example_outlet_event_extra.py for tasks to queue
[2025-03-10T00:15:25.257+0000] {logging_mixin.py:190} INFO - [2025-03-10T00:15:25.256+0000] {dagbag.py:588} INFO - Filling up the DagBag from /home/airflow/.local/lib/python3.12/site-packages/airflow/example_dags/example_outlet_event_extra.py
[2025-03-10T00:15:26.624+0000] {processor.py:925} INFO - DAG(s) 'dataset_with_extra_by_context', 'dataset_with_extra_by_yield', 'dataset_with_extra_from_classic_operator' retrieved from /home/airflow/.local/lib/python3.12/site-packages/airflow/example_dags/example_outlet_event_extra.py
[2025-03-10T00:15:26.675+0000] {logging_mixin.py:190} INFO - [2025-03-10T00:15:26.674+0000] {dag.py:3239} INFO - Sync 3 DAGs
[2025-03-10T00:15:26.724+0000] {logging_mixin.py:190} INFO - [2025-03-10T00:15:26.724+0000] {dag.py:4180} INFO - Setting next_dagrun for dataset_with_extra_by_context to 2025-03-09 00:00:00+00:00, run_after=2025-03-10 00:00:00+00:00
[2025-03-10T00:15:26.736+0000] {logging_mixin.py:190} INFO - [2025-03-10T00:15:26.736+0000] {dag.py:4180} INFO - Setting next_dagrun for dataset_with_extra_by_yield to 2025-03-09 00:00:00+00:00, run_after=2025-03-10 00:00:00+00:00
[2025-03-10T00:15:26.744+0000] {logging_mixin.py:190} INFO - [2025-03-10T00:15:26.743+0000] {dag.py:4180} INFO - Setting next_dagrun for dataset_with_extra_from_classic_operator to 2025-03-09 00:00:00+00:00, run_after=2025-03-10 00:00:00+00:00
[2025-03-10T00:15:26.792+0000] {processor.py:208} INFO - Processing /home/airflow/.local/lib/python3.12/site-packages/airflow/example_dags/example_outlet_event_extra.py took 1.548 seconds
