[2025-03-10T00:12:24.706+0000] {processor.py:186} INFO - Started process (PID=20245) to work on /home/airflow/.local/lib/python3.12/site-packages/airflow/example_dags/tutorial_objectstorage.py
[2025-03-10T00:12:24.709+0000] {processor.py:914} INFO - Processing file /home/airflow/.local/lib/python3.12/site-packages/airflow/example_dags/tutorial_objectstorage.py for tasks to queue
[2025-03-10T00:12:24.721+0000] {logging_mixin.py:190} INFO - [2025-03-10T00:12:24.720+0000] {dagbag.py:588} INFO - Filling up the DagBag from /home/airflow/.local/lib/python3.12/site-packages/airflow/example_dags/tutorial_objectstorage.py
[2025-03-10T00:12:24.801+0000] {processor.py:925} INFO - DAG(s) 'tutorial_objectstorage' retrieved from /home/airflow/.local/lib/python3.12/site-packages/airflow/example_dags/tutorial_objectstorage.py
[2025-03-10T00:12:24.922+0000] {logging_mixin.py:190} INFO - [2025-03-10T00:12:24.922+0000] {dag.py:3239} INFO - Sync 1 DAGs
[2025-03-10T00:12:25.049+0000] {logging_mixin.py:190} INFO - [2025-03-10T00:12:25.048+0000] {dag.py:4180} INFO - Setting next_dagrun for tutorial_objectstorage to None, run_after=None
[2025-03-10T00:12:25.166+0000] {processor.py:208} INFO - Processing /home/airflow/.local/lib/python3.12/site-packages/airflow/example_dags/tutorial_objectstorage.py took 0.498 seconds
[2025-03-10T00:13:02.781+0000] {processor.py:186} INFO - Started process (PID=20317) to work on /home/airflow/.local/lib/python3.12/site-packages/airflow/example_dags/tutorial_objectstorage.py
[2025-03-10T00:13:02.792+0000] {processor.py:914} INFO - Processing file /home/airflow/.local/lib/python3.12/site-packages/airflow/example_dags/tutorial_objectstorage.py for tasks to queue
[2025-03-10T00:13:02.796+0000] {logging_mixin.py:190} INFO - [2025-03-10T00:13:02.795+0000] {dagbag.py:588} INFO - Filling up the DagBag from /home/airflow/.local/lib/python3.12/site-packages/airflow/example_dags/tutorial_objectstorage.py
[2025-03-10T00:13:02.853+0000] {processor.py:925} INFO - DAG(s) 'tutorial_objectstorage' retrieved from /home/airflow/.local/lib/python3.12/site-packages/airflow/example_dags/tutorial_objectstorage.py
[2025-03-10T00:13:02.968+0000] {logging_mixin.py:190} INFO - [2025-03-10T00:13:02.967+0000] {dag.py:3239} INFO - Sync 1 DAGs
[2025-03-10T00:13:03.094+0000] {logging_mixin.py:190} INFO - [2025-03-10T00:13:03.093+0000] {dag.py:4180} INFO - Setting next_dagrun for tutorial_objectstorage to None, run_after=None
[2025-03-10T00:13:03.256+0000] {processor.py:208} INFO - Processing /home/airflow/.local/lib/python3.12/site-packages/airflow/example_dags/tutorial_objectstorage.py took 0.501 seconds
[2025-03-10T00:13:37.816+0000] {processor.py:186} INFO - Started process (PID=20382) to work on /home/airflow/.local/lib/python3.12/site-packages/airflow/example_dags/tutorial_objectstorage.py
[2025-03-10T00:13:37.824+0000] {processor.py:914} INFO - Processing file /home/airflow/.local/lib/python3.12/site-packages/airflow/example_dags/tutorial_objectstorage.py for tasks to queue
[2025-03-10T00:13:37.848+0000] {logging_mixin.py:190} INFO - [2025-03-10T00:13:37.847+0000] {dagbag.py:588} INFO - Filling up the DagBag from /home/airflow/.local/lib/python3.12/site-packages/airflow/example_dags/tutorial_objectstorage.py
[2025-03-10T00:13:37.932+0000] {processor.py:925} INFO - DAG(s) 'tutorial_objectstorage' retrieved from /home/airflow/.local/lib/python3.12/site-packages/airflow/example_dags/tutorial_objectstorage.py
[2025-03-10T00:13:38.047+0000] {logging_mixin.py:190} INFO - [2025-03-10T00:13:38.047+0000] {dag.py:3239} INFO - Sync 1 DAGs
[2025-03-10T00:13:38.149+0000] {logging_mixin.py:190} INFO - [2025-03-10T00:13:38.148+0000] {dag.py:4180} INFO - Setting next_dagrun for tutorial_objectstorage to None, run_after=None
[2025-03-10T00:13:38.313+0000] {processor.py:208} INFO - Processing /home/airflow/.local/lib/python3.12/site-packages/airflow/example_dags/tutorial_objectstorage.py took 0.554 seconds
[2025-03-10T00:14:09.188+0000] {processor.py:186} INFO - Started process (PID=20447) to work on /home/airflow/.local/lib/python3.12/site-packages/airflow/example_dags/tutorial_objectstorage.py
[2025-03-10T00:14:09.190+0000] {processor.py:914} INFO - Processing file /home/airflow/.local/lib/python3.12/site-packages/airflow/example_dags/tutorial_objectstorage.py for tasks to queue
[2025-03-10T00:14:09.193+0000] {logging_mixin.py:190} INFO - [2025-03-10T00:14:09.193+0000] {dagbag.py:588} INFO - Filling up the DagBag from /home/airflow/.local/lib/python3.12/site-packages/airflow/example_dags/tutorial_objectstorage.py
[2025-03-10T00:14:09.215+0000] {processor.py:925} INFO - DAG(s) 'tutorial_objectstorage' retrieved from /home/airflow/.local/lib/python3.12/site-packages/airflow/example_dags/tutorial_objectstorage.py
[2025-03-10T00:14:09.251+0000] {logging_mixin.py:190} INFO - [2025-03-10T00:14:09.251+0000] {dag.py:3239} INFO - Sync 1 DAGs
[2025-03-10T00:14:09.286+0000] {logging_mixin.py:190} INFO - [2025-03-10T00:14:09.285+0000] {dag.py:4180} INFO - Setting next_dagrun for tutorial_objectstorage to None, run_after=None
[2025-03-10T00:14:09.329+0000] {processor.py:208} INFO - Processing /home/airflow/.local/lib/python3.12/site-packages/airflow/example_dags/tutorial_objectstorage.py took 0.156 seconds
[2025-03-10T00:14:40.116+0000] {processor.py:186} INFO - Started process (PID=20512) to work on /home/airflow/.local/lib/python3.12/site-packages/airflow/example_dags/tutorial_objectstorage.py
[2025-03-10T00:14:40.118+0000] {processor.py:914} INFO - Processing file /home/airflow/.local/lib/python3.12/site-packages/airflow/example_dags/tutorial_objectstorage.py for tasks to queue
[2025-03-10T00:14:40.121+0000] {logging_mixin.py:190} INFO - [2025-03-10T00:14:40.120+0000] {dagbag.py:588} INFO - Filling up the DagBag from /home/airflow/.local/lib/python3.12/site-packages/airflow/example_dags/tutorial_objectstorage.py
[2025-03-10T00:14:40.141+0000] {processor.py:925} INFO - DAG(s) 'tutorial_objectstorage' retrieved from /home/airflow/.local/lib/python3.12/site-packages/airflow/example_dags/tutorial_objectstorage.py
[2025-03-10T00:14:40.193+0000] {logging_mixin.py:190} INFO - [2025-03-10T00:14:40.192+0000] {dag.py:3239} INFO - Sync 1 DAGs
[2025-03-10T00:14:40.225+0000] {logging_mixin.py:190} INFO - [2025-03-10T00:14:40.224+0000] {dag.py:4180} INFO - Setting next_dagrun for tutorial_objectstorage to None, run_after=None
[2025-03-10T00:14:40.270+0000] {processor.py:208} INFO - Processing /home/airflow/.local/lib/python3.12/site-packages/airflow/example_dags/tutorial_objectstorage.py took 0.165 seconds
[2025-03-10T00:15:10.488+0000] {processor.py:186} INFO - Started process (PID=20577) to work on /home/airflow/.local/lib/python3.12/site-packages/airflow/example_dags/tutorial_objectstorage.py
[2025-03-10T00:15:10.491+0000] {processor.py:914} INFO - Processing file /home/airflow/.local/lib/python3.12/site-packages/airflow/example_dags/tutorial_objectstorage.py for tasks to queue
[2025-03-10T00:15:10.493+0000] {logging_mixin.py:190} INFO - [2025-03-10T00:15:10.493+0000] {dagbag.py:588} INFO - Filling up the DagBag from /home/airflow/.local/lib/python3.12/site-packages/airflow/example_dags/tutorial_objectstorage.py
[2025-03-10T00:15:10.512+0000] {processor.py:925} INFO - DAG(s) 'tutorial_objectstorage' retrieved from /home/airflow/.local/lib/python3.12/site-packages/airflow/example_dags/tutorial_objectstorage.py
[2025-03-10T00:15:10.553+0000] {logging_mixin.py:190} INFO - [2025-03-10T00:15:10.552+0000] {dag.py:3239} INFO - Sync 1 DAGs
[2025-03-10T00:15:10.592+0000] {logging_mixin.py:190} INFO - [2025-03-10T00:15:10.591+0000] {dag.py:4180} INFO - Setting next_dagrun for tutorial_objectstorage to None, run_after=None
[2025-03-10T00:15:10.639+0000] {processor.py:208} INFO - Processing /home/airflow/.local/lib/python3.12/site-packages/airflow/example_dags/tutorial_objectstorage.py took 0.163 seconds
[2025-03-10T05:16:21.984+0000] {processor.py:186} INFO - Started process (PID=20641) to work on /home/airflow/.local/lib/python3.12/site-packages/airflow/example_dags/tutorial_objectstorage.py
[2025-03-10T05:16:21.996+0000] {processor.py:914} INFO - Processing file /home/airflow/.local/lib/python3.12/site-packages/airflow/example_dags/tutorial_objectstorage.py for tasks to queue
[2025-03-10T05:16:22.012+0000] {logging_mixin.py:190} INFO - [2025-03-10T05:16:22.011+0000] {dagbag.py:588} INFO - Filling up the DagBag from /home/airflow/.local/lib/python3.12/site-packages/airflow/example_dags/tutorial_objectstorage.py
[2025-03-10T05:16:22.091+0000] {processor.py:925} INFO - DAG(s) 'tutorial_objectstorage' retrieved from /home/airflow/.local/lib/python3.12/site-packages/airflow/example_dags/tutorial_objectstorage.py
[2025-03-10T05:16:22.190+0000] {logging_mixin.py:190} INFO - [2025-03-10T05:16:22.190+0000] {dag.py:3239} INFO - Sync 1 DAGs
[2025-03-10T05:16:22.306+0000] {logging_mixin.py:190} INFO - [2025-03-10T05:16:22.295+0000] {dag.py:4180} INFO - Setting next_dagrun for tutorial_objectstorage to None, run_after=None
[2025-03-10T05:16:22.439+0000] {processor.py:208} INFO - Processing /home/airflow/.local/lib/python3.12/site-packages/airflow/example_dags/tutorial_objectstorage.py took 0.490 seconds
