[2025-03-10T00:12:52.479+0000] {processor.py:186} INFO - Started process (PID=20290) to work on /home/airflow/.local/lib/python3.12/site-packages/airflow/example_dags/tutorial_taskflow_api.py
[2025-03-10T00:12:52.492+0000] {processor.py:914} INFO - Processing file /home/airflow/.local/lib/python3.12/site-packages/airflow/example_dags/tutorial_taskflow_api.py for tasks to queue
[2025-03-10T00:12:52.497+0000] {logging_mixin.py:190} INFO - [2025-03-10T00:12:52.496+0000] {dagbag.py:588} INFO - Filling up the DagBag from /home/airflow/.local/lib/python3.12/site-packages/airflow/example_dags/tutorial_taskflow_api.py
[2025-03-10T00:12:52.571+0000] {processor.py:925} INFO - DAG(s) 'tutorial_taskflow_api' retrieved from /home/airflow/.local/lib/python3.12/site-packages/airflow/example_dags/tutorial_taskflow_api.py
[2025-03-10T00:12:52.702+0000] {logging_mixin.py:190} INFO - [2025-03-10T00:12:52.702+0000] {dag.py:3239} INFO - Sync 1 DAGs
[2025-03-10T00:12:52.816+0000] {logging_mixin.py:190} INFO - [2025-03-10T00:12:52.816+0000] {dag.py:4180} INFO - Setting next_dagrun for tutorial_taskflow_api to None, run_after=None
[2025-03-10T00:12:52.983+0000] {processor.py:208} INFO - Processing /home/airflow/.local/lib/python3.12/site-packages/airflow/example_dags/tutorial_taskflow_api.py took 0.549 seconds
[2025-03-10T00:13:24.588+0000] {processor.py:186} INFO - Started process (PID=20354) to work on /home/airflow/.local/lib/python3.12/site-packages/airflow/example_dags/tutorial_taskflow_api.py
[2025-03-10T00:13:24.599+0000] {processor.py:914} INFO - Processing file /home/airflow/.local/lib/python3.12/site-packages/airflow/example_dags/tutorial_taskflow_api.py for tasks to queue
[2025-03-10T00:13:24.603+0000] {logging_mixin.py:190} INFO - [2025-03-10T00:13:24.602+0000] {dagbag.py:588} INFO - Filling up the DagBag from /home/airflow/.local/lib/python3.12/site-packages/airflow/example_dags/tutorial_taskflow_api.py
[2025-03-10T00:13:24.675+0000] {processor.py:925} INFO - DAG(s) 'tutorial_taskflow_api' retrieved from /home/airflow/.local/lib/python3.12/site-packages/airflow/example_dags/tutorial_taskflow_api.py
[2025-03-10T00:13:24.837+0000] {logging_mixin.py:190} INFO - [2025-03-10T00:13:24.826+0000] {dag.py:3239} INFO - Sync 1 DAGs
[2025-03-10T00:13:25.006+0000] {logging_mixin.py:190} INFO - [2025-03-10T00:13:25.006+0000] {dag.py:4180} INFO - Setting next_dagrun for tutorial_taskflow_api to None, run_after=None
[2025-03-10T00:13:25.165+0000] {processor.py:208} INFO - Processing /home/airflow/.local/lib/python3.12/site-packages/airflow/example_dags/tutorial_taskflow_api.py took 0.614 seconds
[2025-03-10T00:13:56.122+0000] {processor.py:186} INFO - Started process (PID=20418) to work on /home/airflow/.local/lib/python3.12/site-packages/airflow/example_dags/tutorial_taskflow_api.py
[2025-03-10T00:13:56.126+0000] {processor.py:914} INFO - Processing file /home/airflow/.local/lib/python3.12/site-packages/airflow/example_dags/tutorial_taskflow_api.py for tasks to queue
[2025-03-10T00:13:56.130+0000] {logging_mixin.py:190} INFO - [2025-03-10T00:13:56.128+0000] {dagbag.py:588} INFO - Filling up the DagBag from /home/airflow/.local/lib/python3.12/site-packages/airflow/example_dags/tutorial_taskflow_api.py
[2025-03-10T00:13:56.156+0000] {processor.py:925} INFO - DAG(s) 'tutorial_taskflow_api' retrieved from /home/airflow/.local/lib/python3.12/site-packages/airflow/example_dags/tutorial_taskflow_api.py
[2025-03-10T00:13:56.226+0000] {logging_mixin.py:190} INFO - [2025-03-10T00:13:56.225+0000] {dag.py:3239} INFO - Sync 1 DAGs
[2025-03-10T00:13:56.260+0000] {logging_mixin.py:190} INFO - [2025-03-10T00:13:56.260+0000] {dag.py:4180} INFO - Setting next_dagrun for tutorial_taskflow_api to None, run_after=None
[2025-03-10T00:13:56.316+0000] {processor.py:208} INFO - Processing /home/airflow/.local/lib/python3.12/site-packages/airflow/example_dags/tutorial_taskflow_api.py took 0.222 seconds
[2025-03-10T00:14:26.585+0000] {processor.py:186} INFO - Started process (PID=20483) to work on /home/airflow/.local/lib/python3.12/site-packages/airflow/example_dags/tutorial_taskflow_api.py
[2025-03-10T00:14:26.587+0000] {processor.py:914} INFO - Processing file /home/airflow/.local/lib/python3.12/site-packages/airflow/example_dags/tutorial_taskflow_api.py for tasks to queue
[2025-03-10T00:14:26.592+0000] {logging_mixin.py:190} INFO - [2025-03-10T00:14:26.591+0000] {dagbag.py:588} INFO - Filling up the DagBag from /home/airflow/.local/lib/python3.12/site-packages/airflow/example_dags/tutorial_taskflow_api.py
[2025-03-10T00:14:26.610+0000] {processor.py:925} INFO - DAG(s) 'tutorial_taskflow_api' retrieved from /home/airflow/.local/lib/python3.12/site-packages/airflow/example_dags/tutorial_taskflow_api.py
[2025-03-10T00:14:26.654+0000] {logging_mixin.py:190} INFO - [2025-03-10T00:14:26.654+0000] {dag.py:3239} INFO - Sync 1 DAGs
[2025-03-10T00:14:26.682+0000] {logging_mixin.py:190} INFO - [2025-03-10T00:14:26.682+0000] {dag.py:4180} INFO - Setting next_dagrun for tutorial_taskflow_api to None, run_after=None
[2025-03-10T00:14:26.727+0000] {processor.py:208} INFO - Processing /home/airflow/.local/lib/python3.12/site-packages/airflow/example_dags/tutorial_taskflow_api.py took 0.154 seconds
[2025-03-10T00:14:57.414+0000] {processor.py:186} INFO - Started process (PID=20548) to work on /home/airflow/.local/lib/python3.12/site-packages/airflow/example_dags/tutorial_taskflow_api.py
[2025-03-10T00:14:57.417+0000] {processor.py:914} INFO - Processing file /home/airflow/.local/lib/python3.12/site-packages/airflow/example_dags/tutorial_taskflow_api.py for tasks to queue
[2025-03-10T00:14:57.420+0000] {logging_mixin.py:190} INFO - [2025-03-10T00:14:57.419+0000] {dagbag.py:588} INFO - Filling up the DagBag from /home/airflow/.local/lib/python3.12/site-packages/airflow/example_dags/tutorial_taskflow_api.py
[2025-03-10T00:14:57.443+0000] {processor.py:925} INFO - DAG(s) 'tutorial_taskflow_api' retrieved from /home/airflow/.local/lib/python3.12/site-packages/airflow/example_dags/tutorial_taskflow_api.py
[2025-03-10T00:14:57.494+0000] {logging_mixin.py:190} INFO - [2025-03-10T00:14:57.493+0000] {dag.py:3239} INFO - Sync 1 DAGs
[2025-03-10T00:14:57.524+0000] {logging_mixin.py:190} INFO - [2025-03-10T00:14:57.524+0000] {dag.py:4180} INFO - Setting next_dagrun for tutorial_taskflow_api to None, run_after=None
[2025-03-10T00:14:57.572+0000] {processor.py:208} INFO - Processing /home/airflow/.local/lib/python3.12/site-packages/airflow/example_dags/tutorial_taskflow_api.py took 0.171 seconds
[2025-03-10T00:15:27.829+0000] {processor.py:186} INFO - Started process (PID=20613) to work on /home/airflow/.local/lib/python3.12/site-packages/airflow/example_dags/tutorial_taskflow_api.py
[2025-03-10T00:15:27.831+0000] {processor.py:914} INFO - Processing file /home/airflow/.local/lib/python3.12/site-packages/airflow/example_dags/tutorial_taskflow_api.py for tasks to queue
[2025-03-10T00:15:27.834+0000] {logging_mixin.py:190} INFO - [2025-03-10T00:15:27.833+0000] {dagbag.py:588} INFO - Filling up the DagBag from /home/airflow/.local/lib/python3.12/site-packages/airflow/example_dags/tutorial_taskflow_api.py
[2025-03-10T00:15:27.853+0000] {processor.py:925} INFO - DAG(s) 'tutorial_taskflow_api' retrieved from /home/airflow/.local/lib/python3.12/site-packages/airflow/example_dags/tutorial_taskflow_api.py
[2025-03-10T00:15:27.901+0000] {logging_mixin.py:190} INFO - [2025-03-10T00:15:27.901+0000] {dag.py:3239} INFO - Sync 1 DAGs
[2025-03-10T00:15:27.940+0000] {logging_mixin.py:190} INFO - [2025-03-10T00:15:27.939+0000] {dag.py:4180} INFO - Setting next_dagrun for tutorial_taskflow_api to None, run_after=None
[2025-03-10T00:15:28.000+0000] {processor.py:208} INFO - Processing /home/airflow/.local/lib/python3.12/site-packages/airflow/example_dags/tutorial_taskflow_api.py took 0.181 seconds
