[2025-03-10T00:12:55.982+0000] {processor.py:186} INFO - Started process (PID=20296) to work on /home/airflow/.local/lib/python3.12/site-packages/airflow/example_dags/tutorial_taskflow_templates.py
[2025-03-10T00:12:55.995+0000] {processor.py:914} INFO - Processing file /home/airflow/.local/lib/python3.12/site-packages/airflow/example_dags/tutorial_taskflow_templates.py for tasks to queue
[2025-03-10T00:12:55.999+0000] {logging_mixin.py:190} INFO - [2025-03-10T00:12:55.998+0000] {dagbag.py:588} INFO - Filling up the DagBag from /home/airflow/.local/lib/python3.12/site-packages/airflow/example_dags/tutorial_taskflow_templates.py
[2025-03-10T00:12:56.098+0000] {processor.py:925} INFO - DAG(s) 'tutorial_taskflow_templates' retrieved from /home/airflow/.local/lib/python3.12/site-packages/airflow/example_dags/tutorial_taskflow_templates.py
[2025-03-10T00:12:56.221+0000] {logging_mixin.py:190} INFO - [2025-03-10T00:12:56.220+0000] {dag.py:3239} INFO - Sync 1 DAGs
[2025-03-10T00:12:56.363+0000] {logging_mixin.py:190} INFO - [2025-03-10T00:12:56.362+0000] {dag.py:4180} INFO - Setting next_dagrun for tutorial_taskflow_templates to 2025-03-09 00:00:00+00:00, run_after=2025-03-10 00:00:00+00:00
[2025-03-10T00:12:56.475+0000] {processor.py:208} INFO - Processing /home/airflow/.local/lib/python3.12/site-packages/airflow/example_dags/tutorial_taskflow_templates.py took 0.528 seconds
[2025-03-10T00:13:31.656+0000] {processor.py:186} INFO - Started process (PID=20362) to work on /home/airflow/.local/lib/python3.12/site-packages/airflow/example_dags/tutorial_taskflow_templates.py
[2025-03-10T00:13:31.661+0000] {processor.py:914} INFO - Processing file /home/airflow/.local/lib/python3.12/site-packages/airflow/example_dags/tutorial_taskflow_templates.py for tasks to queue
[2025-03-10T00:13:31.666+0000] {logging_mixin.py:190} INFO - [2025-03-10T00:13:31.665+0000] {dagbag.py:588} INFO - Filling up the DagBag from /home/airflow/.local/lib/python3.12/site-packages/airflow/example_dags/tutorial_taskflow_templates.py
[2025-03-10T00:13:31.728+0000] {processor.py:925} INFO - DAG(s) 'tutorial_taskflow_templates' retrieved from /home/airflow/.local/lib/python3.12/site-packages/airflow/example_dags/tutorial_taskflow_templates.py
[2025-03-10T00:13:31.820+0000] {logging_mixin.py:190} INFO - [2025-03-10T00:13:31.819+0000] {dag.py:3239} INFO - Sync 1 DAGs
[2025-03-10T00:13:31.912+0000] {logging_mixin.py:190} INFO - [2025-03-10T00:13:31.911+0000] {dag.py:4180} INFO - Setting next_dagrun for tutorial_taskflow_templates to 2025-03-09 00:00:00+00:00, run_after=2025-03-10 00:00:00+00:00
[2025-03-10T00:13:32.021+0000] {processor.py:208} INFO - Processing /home/airflow/.local/lib/python3.12/site-packages/airflow/example_dags/tutorial_taskflow_templates.py took 0.404 seconds
[2025-03-10T00:14:02.871+0000] {processor.py:186} INFO - Started process (PID=20431) to work on /home/airflow/.local/lib/python3.12/site-packages/airflow/example_dags/tutorial_taskflow_templates.py
[2025-03-10T00:14:02.884+0000] {processor.py:914} INFO - Processing file /home/airflow/.local/lib/python3.12/site-packages/airflow/example_dags/tutorial_taskflow_templates.py for tasks to queue
[2025-03-10T00:14:02.892+0000] {logging_mixin.py:190} INFO - [2025-03-10T00:14:02.891+0000] {dagbag.py:588} INFO - Filling up the DagBag from /home/airflow/.local/lib/python3.12/site-packages/airflow/example_dags/tutorial_taskflow_templates.py
[2025-03-10T00:14:02.934+0000] {processor.py:925} INFO - DAG(s) 'tutorial_taskflow_templates' retrieved from /home/airflow/.local/lib/python3.12/site-packages/airflow/example_dags/tutorial_taskflow_templates.py
[2025-03-10T00:14:02.990+0000] {logging_mixin.py:190} INFO - [2025-03-10T00:14:02.990+0000] {dag.py:3239} INFO - Sync 1 DAGs
[2025-03-10T00:14:03.048+0000] {logging_mixin.py:190} INFO - [2025-03-10T00:14:03.047+0000] {dag.py:4180} INFO - Setting next_dagrun for tutorial_taskflow_templates to 2025-03-09 00:00:00+00:00, run_after=2025-03-10 00:00:00+00:00
[2025-03-10T00:14:03.093+0000] {processor.py:208} INFO - Processing /home/airflow/.local/lib/python3.12/site-packages/airflow/example_dags/tutorial_taskflow_templates.py took 0.249 seconds
[2025-03-10T00:14:33.843+0000] {processor.py:186} INFO - Started process (PID=20496) to work on /home/airflow/.local/lib/python3.12/site-packages/airflow/example_dags/tutorial_taskflow_templates.py
[2025-03-10T00:14:33.845+0000] {processor.py:914} INFO - Processing file /home/airflow/.local/lib/python3.12/site-packages/airflow/example_dags/tutorial_taskflow_templates.py for tasks to queue
[2025-03-10T00:14:33.848+0000] {logging_mixin.py:190} INFO - [2025-03-10T00:14:33.847+0000] {dagbag.py:588} INFO - Filling up the DagBag from /home/airflow/.local/lib/python3.12/site-packages/airflow/example_dags/tutorial_taskflow_templates.py
[2025-03-10T00:14:33.886+0000] {processor.py:925} INFO - DAG(s) 'tutorial_taskflow_templates' retrieved from /home/airflow/.local/lib/python3.12/site-packages/airflow/example_dags/tutorial_taskflow_templates.py
[2025-03-10T00:14:33.944+0000] {logging_mixin.py:190} INFO - [2025-03-10T00:14:33.943+0000] {dag.py:3239} INFO - Sync 1 DAGs
[2025-03-10T00:14:34.015+0000] {logging_mixin.py:190} INFO - [2025-03-10T00:14:34.015+0000] {dag.py:4180} INFO - Setting next_dagrun for tutorial_taskflow_templates to 2025-03-09 00:00:00+00:00, run_after=2025-03-10 00:00:00+00:00
[2025-03-10T00:14:34.069+0000] {processor.py:208} INFO - Processing /home/airflow/.local/lib/python3.12/site-packages/airflow/example_dags/tutorial_taskflow_templates.py took 0.237 seconds
[2025-03-10T00:15:04.168+0000] {processor.py:186} INFO - Started process (PID=20560) to work on /home/airflow/.local/lib/python3.12/site-packages/airflow/example_dags/tutorial_taskflow_templates.py
[2025-03-10T00:15:04.173+0000] {processor.py:914} INFO - Processing file /home/airflow/.local/lib/python3.12/site-packages/airflow/example_dags/tutorial_taskflow_templates.py for tasks to queue
[2025-03-10T00:15:04.178+0000] {logging_mixin.py:190} INFO - [2025-03-10T00:15:04.176+0000] {dagbag.py:588} INFO - Filling up the DagBag from /home/airflow/.local/lib/python3.12/site-packages/airflow/example_dags/tutorial_taskflow_templates.py
[2025-03-10T00:15:04.204+0000] {processor.py:925} INFO - DAG(s) 'tutorial_taskflow_templates' retrieved from /home/airflow/.local/lib/python3.12/site-packages/airflow/example_dags/tutorial_taskflow_templates.py
[2025-03-10T00:15:04.248+0000] {logging_mixin.py:190} INFO - [2025-03-10T00:15:04.247+0000] {dag.py:3239} INFO - Sync 1 DAGs
[2025-03-10T00:15:04.296+0000] {logging_mixin.py:190} INFO - [2025-03-10T00:15:04.296+0000] {dag.py:4180} INFO - Setting next_dagrun for tutorial_taskflow_templates to 2025-03-09 00:00:00+00:00, run_after=2025-03-10 00:00:00+00:00
[2025-03-10T00:15:04.333+0000] {processor.py:208} INFO - Processing /home/airflow/.local/lib/python3.12/site-packages/airflow/example_dags/tutorial_taskflow_templates.py took 0.178 seconds
[2025-03-10T00:15:34.491+0000] {processor.py:186} INFO - Started process (PID=20624) to work on /home/airflow/.local/lib/python3.12/site-packages/airflow/example_dags/tutorial_taskflow_templates.py
[2025-03-10T00:15:34.493+0000] {processor.py:914} INFO - Processing file /home/airflow/.local/lib/python3.12/site-packages/airflow/example_dags/tutorial_taskflow_templates.py for tasks to queue
[2025-03-10T00:15:34.496+0000] {logging_mixin.py:190} INFO - [2025-03-10T00:15:34.495+0000] {dagbag.py:588} INFO - Filling up the DagBag from /home/airflow/.local/lib/python3.12/site-packages/airflow/example_dags/tutorial_taskflow_templates.py
[2025-03-10T00:15:34.522+0000] {processor.py:925} INFO - DAG(s) 'tutorial_taskflow_templates' retrieved from /home/airflow/.local/lib/python3.12/site-packages/airflow/example_dags/tutorial_taskflow_templates.py
[2025-03-10T00:15:34.562+0000] {logging_mixin.py:190} INFO - [2025-03-10T00:15:34.562+0000] {dag.py:3239} INFO - Sync 1 DAGs
[2025-03-10T00:15:34.616+0000] {logging_mixin.py:190} INFO - [2025-03-10T00:15:34.615+0000] {dag.py:4180} INFO - Setting next_dagrun for tutorial_taskflow_templates to 2025-03-09 00:00:00+00:00, run_after=2025-03-10 00:00:00+00:00
[2025-03-10T00:15:34.668+0000] {processor.py:208} INFO - Processing /home/airflow/.local/lib/python3.12/site-packages/airflow/example_dags/tutorial_taskflow_templates.py took 0.187 seconds
