[2025-05-25T15:12:40.359+0000] {local_task_job_runner.py:123} INFO - ::group::Pre task execution logs
[2025-05-25T15:12:40.414+0000] {taskinstance.py:2614} INFO - Dependencies all met for dep_context=non-requeueable deps ti=<TaskInstance: main_dag.run_activesg_scrape manual__2025-05-25T15:12:29.432731+00:00 [queued]>
[2025-05-25T15:12:40.436+0000] {taskinstance.py:2614} INFO - Dependencies all met for dep_context=requeueable deps ti=<TaskInstance: main_dag.run_activesg_scrape manual__2025-05-25T15:12:29.432731+00:00 [queued]>
[2025-05-25T15:12:40.438+0000] {taskinstance.py:2867} INFO - Starting attempt 1 of 2
[2025-05-25T15:12:40.487+0000] {taskinstance.py:2890} INFO - Executing <Task(DockerOperator): run_activesg_scrape> on 2025-05-25 15:12:29.432731+00:00
[2025-05-25T15:12:40.506+0000] {warnings.py:112} WARNING - /home/***/.local/lib/python3.12/site-packages/***/task/task_runner/standard_task_runner.py:70: DeprecationWarning: This process (pid=145) is multi-threaded, use of fork() may lead to deadlocks in the child.
  pid = os.fork()

[2025-05-25T15:12:40.511+0000] {standard_task_runner.py:72} INFO - Started process 148 to run task
[2025-05-25T15:12:40.512+0000] {standard_task_runner.py:104} INFO - Running: ['***', 'tasks', 'run', 'main_dag', 'run_activesg_scrape', 'manual__2025-05-25T15:12:29.432731+00:00', '--job-id', '32', '--raw', '--subdir', 'DAGS_FOLDER/main.py', '--cfg-path', '/tmp/tmp7ysrx0oi']
[2025-05-25T15:12:40.514+0000] {standard_task_runner.py:105} INFO - Job 32: Subtask run_activesg_scrape
[2025-05-25T15:12:40.615+0000] {task_command.py:467} INFO - Running <TaskInstance: main_dag.run_activesg_scrape manual__2025-05-25T15:12:29.432731+00:00 [running]> on host 0e2c171a3c5e
[2025-05-25T15:12:40.943+0000] {taskinstance.py:3134} INFO - Exporting env vars: AIRFLOW_CTX_DAG_EMAIL='***@example.com' AIRFLOW_CTX_DAG_OWNER='***' AIRFLOW_CTX_DAG_ID='main_dag' AIRFLOW_CTX_TASK_ID='run_activesg_scrape' AIRFLOW_CTX_EXECUTION_DATE='2025-05-25T15:12:29.432731+00:00' AIRFLOW_CTX_TRY_NUMBER='1' AIRFLOW_CTX_DAG_RUN_ID='manual__2025-05-25T15:12:29.432731+00:00'
[2025-05-25T15:12:40.952+0000] {logging_mixin.py:190} INFO - Task instance is in running state
[2025-05-25T15:12:40.955+0000] {logging_mixin.py:190} INFO -  Previous state of the Task instance: queued
[2025-05-25T15:12:40.958+0000] {logging_mixin.py:190} INFO - Current task name:run_activesg_scrape state:running start_date:2025-05-25 15:12:40.416031+00:00
[2025-05-25T15:12:40.964+0000] {logging_mixin.py:190} INFO - Dag name:main_dag and current dag run status:running
[2025-05-25T15:12:40.973+0000] {taskinstance.py:732} INFO - ::endgroup::
[2025-05-25T15:12:41.112+0000] {docker.py:345} INFO - Starting docker container from image poewun/activesg-scrape:latest
[2025-05-25T15:12:41.209+0000] {docker.py:353} WARNING - Using remote engine or docker-in-docker and mounting temporary volume from host is not supported. Falling back to `mount_tmp_dir=False` mode. You can set `mount_tmp_dir` parameter to False to disable mounting and remove the warning
[2025-05-25T15:13:16.945+0000] {docker.py:69} INFO - ---Reading csv---
[2025-05-25T15:13:16.947+0000] {docker.py:69} INFO -                                   gym_name  ...                   timestamp
[2025-05-25T15:13:16.948+0000] {docker.py:69} INFO - 0             ActiveSG Gym @ Ang Mo Kio CC  ...  2025-05-25 23:12:54.796153
[2025-05-25T15:13:16.949+0000] {docker.py:69} INFO - 1                Bukit Gombak ActiveSG Gym  ...  2025-05-25 23:12:54.796153
[2025-05-25T15:13:16.951+0000] {docker.py:69} INFO - 2   ActiveSG Hockey Village @ Boon Lay Gym  ...  2025-05-25 23:12:54.796153
[2025-05-25T15:13:16.953+0000] {docker.py:69} INFO - 3               Kallang Basin ActiveSG Gym  ...  2025-05-25 23:12:54.796153
[2025-05-25T15:13:16.954+0000] {docker.py:69} INFO - 4                      Katong ActiveSG Gym  ...  2025-05-25 23:12:54.796153
[2025-05-25T15:13:16.956+0000] {docker.py:69} INFO - 5              Bukit Canberra ActiveSG Gym  ...  2025-05-25 23:12:54.796153
[2025-05-25T15:13:16.957+0000] {docker.py:69} INFO - 6                      Bishan ActiveSG Gym  ...  2025-05-25 23:12:54.796153
[2025-05-25T15:13:16.960+0000] {docker.py:69} INFO - 7                 Bukit Batok ActiveSG Gym  ...  2025-05-25 23:12:54.796153
[2025-05-25T15:13:16.962+0000] {docker.py:69} INFO - 8                    Sengkang ActiveSG Gym  ...  2025-05-25 23:12:54.796153
[2025-05-25T15:13:16.963+0000] {docker.py:69} INFO - 9           ActiveSG Gym @ Fernvale Square  ...  2025-05-25 23:12:54.796153
[2025-05-25T15:13:16.964+0000] {docker.py:69} INFO - 10                  Pasir Ris ActiveSG Gym  ...  2025-05-25 23:12:54.796153
[2025-05-25T15:13:16.968+0000] {docker.py:69} INFO - 11           Enabling Village ActiveSG Gym  ...  2025-05-25 23:12:54.796153
[2025-05-25T15:13:16.969+0000] {docker.py:69} INFO - 12                      Delta ActiveSG Gym  ...  2025-05-25 23:12:54.796153
[2025-05-25T15:13:16.971+0000] {docker.py:69} INFO - 13                   Clementi ActiveSG Gym  ...  2025-05-25 23:12:54.796153
[2025-05-25T15:13:16.972+0000] {docker.py:69} INFO - 14                Jalan Besar ActiveSG Gym  ...  2025-05-25 23:12:54.796153
[2025-05-25T15:13:16.973+0000] {docker.py:69} INFO - 15        ActiveSG Gym @ Serangoon Central  ...  2025-05-25 23:12:54.796153
[2025-05-25T15:13:16.975+0000] {docker.py:69} INFO - 16        ActiveSG Gym @ Toa Payoh West CC  ...  2025-05-25 23:12:54.796153
[2025-05-25T15:13:16.978+0000] {docker.py:69} INFO - 17               Yio Chu Kang ActiveSG Gym  ...  2025-05-25 23:12:54.796153
[2025-05-25T15:13:16.979+0000] {docker.py:69} INFO - 18                ActiveSG Gym @ Toa Payoh  ...  2025-05-25 23:12:54.796153
[2025-05-25T15:13:16.981+0000] {docker.py:69} INFO - 19                     Yishun ActiveSG Gym  ...  2025-05-25 23:12:54.796153
[2025-05-25T15:13:16.982+0000] {docker.py:69} INFO - 20                   Tampines ActiveSG Gym  ...  2025-05-25 23:12:54.796153
[2025-05-25T15:13:16.983+0000] {docker.py:69} INFO - 21                        Senja-Cashew Gym  ...  2025-05-25 23:12:54.796153
[2025-05-25T15:13:16.984+0000] {docker.py:69} INFO - 22          Heartbeat @ Bedok ActiveSG Gym  ...  2025-05-25 23:12:54.796153
[2025-05-25T15:13:16.986+0000] {docker.py:69} INFO - 23                 Jurong Lake Gardens Gym  ...  2025-05-25 23:12:54.796153
[2025-05-25T15:13:16.988+0000] {docker.py:69} INFO - 24              Choa Chu Kang ActiveSG Gym  ...  2025-05-25 23:12:54.796153
[2025-05-25T15:13:16.989+0000] {docker.py:69} INFO - 25                  Woodlands ActiveSG Gym  ...  2025-05-25 23:12:54.796153
[2025-05-25T15:13:16.990+0000] {docker.py:69} INFO - 26                Jurong West ActiveSG Gym  ...  2025-05-25 23:12:54.796153
[2025-05-25T15:13:16.991+0000] {docker.py:69} INFO - 27                Jurong East ActiveSG Gym  ...  2025-05-25 23:12:54.796153
[2025-05-25T15:13:16.993+0000] {docker.py:69} INFO - 
[2025-05-25T15:13:16.994+0000] {docker.py:69} INFO - [28 rows x 3 columns]
[2025-05-25T15:13:16.996+0000] {docker.py:69} INFO - ---End---
[2025-05-25T15:13:16.998+0000] {docker.py:69} INFO - /src/data/20250525_23_12_gym_capacity.csv
[2025-05-25T15:13:17.972+0000] {taskinstance.py:341} INFO - ::group::Post task execution logs
[2025-05-25T15:13:17.980+0000] {taskinstance.py:353} INFO - Marking task as SUCCESS. dag_id=main_dag, task_id=run_activesg_scrape, run_id=manual__2025-05-25T15:12:29.432731+00:00, execution_date=20250525T151229, start_date=20250525T151240, end_date=20250525T151317
[2025-05-25T15:13:18.112+0000] {logging_mixin.py:190} INFO - Task instance in success state
[2025-05-25T15:13:18.120+0000] {logging_mixin.py:190} INFO -  Previous state of the Task instance: running
[2025-05-25T15:13:18.122+0000] {logging_mixin.py:190} INFO - Dag name:main_dag queued_at:2025-05-25 15:12:29.484965+00:00
[2025-05-25T15:13:18.123+0000] {logging_mixin.py:190} INFO - Task hostname:0e2c171a3c5e operator:DockerOperator
[2025-05-25T15:13:18.190+0000] {local_task_job_runner.py:266} INFO - Task exited with return code 0
[2025-05-25T15:13:18.236+0000] {taskinstance.py:3901} INFO - 0 downstream tasks scheduled from follow-on schedule check
[2025-05-25T15:13:18.262+0000] {local_task_job_runner.py:245} INFO - ::endgroup::
