[2025-05-25T13:41:55.164+0000] {local_task_job_runner.py:123} INFO - ::group::Pre task execution logs
[2025-05-25T13:41:55.228+0000] {taskinstance.py:2614} INFO - Dependencies all met for dep_context=non-requeueable deps ti=<TaskInstance: main_dag.run_activesg_scrape manual__2025-05-25T13:41:40.646016+00:00 [queued]>
[2025-05-25T13:41:55.253+0000] {taskinstance.py:2614} INFO - Dependencies all met for dep_context=requeueable deps ti=<TaskInstance: main_dag.run_activesg_scrape manual__2025-05-25T13:41:40.646016+00:00 [queued]>
[2025-05-25T13:41:55.254+0000] {taskinstance.py:2867} INFO - Starting attempt 1 of 2
[2025-05-25T13:41:55.302+0000] {taskinstance.py:2890} INFO - Executing <Task(DockerOperator): run_activesg_scrape> on 2025-05-25 13:41:40.646016+00:00
[2025-05-25T13:41:55.338+0000] {warnings.py:112} WARNING - /home/***/.local/lib/python3.12/site-packages/***/task/task_runner/standard_task_runner.py:70: DeprecationWarning: This process (pid=86) is multi-threaded, use of fork() may lead to deadlocks in the child.
  pid = os.fork()

[2025-05-25T13:41:55.342+0000] {standard_task_runner.py:72} INFO - Started process 94 to run task
[2025-05-25T13:41:55.341+0000] {standard_task_runner.py:104} INFO - Running: ['***', 'tasks', 'run', 'main_dag', 'run_activesg_scrape', 'manual__2025-05-25T13:41:40.646016+00:00', '--job-id', '12', '--raw', '--subdir', 'DAGS_FOLDER/main.py', '--cfg-path', '/tmp/tmpfomrwbbj']
[2025-05-25T13:41:55.344+0000] {standard_task_runner.py:105} INFO - Job 12: Subtask run_activesg_scrape
[2025-05-25T13:41:55.585+0000] {task_command.py:467} INFO - Running <TaskInstance: main_dag.run_activesg_scrape manual__2025-05-25T13:41:40.646016+00:00 [running]> on host 3b72fe10554b
[2025-05-25T13:41:56.207+0000] {taskinstance.py:3134} INFO - Exporting env vars: AIRFLOW_CTX_DAG_EMAIL='***@example.com' AIRFLOW_CTX_DAG_OWNER='***' AIRFLOW_CTX_DAG_ID='main_dag' AIRFLOW_CTX_TASK_ID='run_activesg_scrape' AIRFLOW_CTX_EXECUTION_DATE='2025-05-25T13:41:40.646016+00:00' AIRFLOW_CTX_TRY_NUMBER='1' AIRFLOW_CTX_DAG_RUN_ID='manual__2025-05-25T13:41:40.646016+00:00'
[2025-05-25T13:41:56.213+0000] {logging_mixin.py:190} INFO - Task instance is in running state
[2025-05-25T13:41:56.216+0000] {logging_mixin.py:190} INFO -  Previous state of the Task instance: queued
[2025-05-25T13:41:56.218+0000] {logging_mixin.py:190} INFO - Current task name:run_activesg_scrape state:running start_date:2025-05-25 13:41:55.232821+00:00
[2025-05-25T13:41:56.219+0000] {logging_mixin.py:190} INFO - Dag name:main_dag and current dag run status:running
[2025-05-25T13:41:56.221+0000] {taskinstance.py:732} INFO - ::endgroup::
[2025-05-25T13:42:04.123+0000] {docker.py:157} ERROR - Failed to establish connection to Docker host tcp://docker-proxy:2375: Error while fetching server API version: HTTPConnectionPool(host='docker-proxy', port=2375): Max retries exceeded with url: /version (Caused by NameResolutionError("<urllib3.connection.HTTPConnection object at 0x7f55fc5d6f90>: Failed to resolve 'docker-proxy' ([Errno -2] Name or service not known)"))
[2025-05-25T13:42:04.167+0000] {taskinstance.py:3313} ERROR - Task failed with exception
Traceback (most recent call last):
  File "/home/airflow/.local/lib/python3.12/site-packages/airflow/models/taskinstance.py", line 768, in _execute_task
    result = _execute_callable(context=context, **execute_callable_kwargs)
             ^^^^^^^^^^^^^^^^^^^^^^^^^^^^^^^^^^^^^^^^^^^^^^^^^^^^^^^^^^^^^
  File "/home/airflow/.local/lib/python3.12/site-packages/airflow/models/taskinstance.py", line 734, in _execute_callable
    return ExecutionCallableRunner(
           ^^^^^^^^^^^^^^^^^^^^^^^^
  File "/home/airflow/.local/lib/python3.12/site-packages/airflow/utils/operator_helpers.py", line 252, in run
    return self.func(*args, **kwargs)
           ^^^^^^^^^^^^^^^^^^^^^^^^^^
  File "/home/airflow/.local/lib/python3.12/site-packages/airflow/models/baseoperator.py", line 424, in wrapper
    return func(self, *args, **kwargs)
           ^^^^^^^^^^^^^^^^^^^^^^^^^^^
  File "/home/airflow/.local/lib/python3.12/site-packages/airflow/providers/docker/operators/docker.py", line 467, in execute
    if self.force_pull or not self.cli.images(name=self.image):
                              ^^^^^^^^
  File "/home/airflow/.local/lib/python3.12/site-packages/airflow/providers/docker/operators/docker.py", line 341, in cli
    return self.hook.api_client
           ^^^^^^^^^^^^^^^^^^^^
  File "/usr/local/lib/python3.12/functools.py", line 998, in __get__
    val = self.func(instance)
          ^^^^^^^^^^^^^^^^^^^
  File "/home/airflow/.local/lib/python3.12/site-packages/airflow/providers/docker/hooks/docker.py", line 161, in api_client
    raise AirflowException("Failed to establish connection to any given Docker hosts.")
airflow.exceptions.AirflowException: Failed to establish connection to any given Docker hosts.
[2025-05-25T13:42:04.216+0000] {logging_mixin.py:190} INFO - Task instance in failure state
[2025-05-25T13:42:04.218+0000] {logging_mixin.py:190} INFO - Task start:2025-05-25 13:41:55.232821+00:00 end:2025-05-25 13:42:04.215353+00:00 duration:8.982532
[2025-05-25T13:42:04.222+0000] {logging_mixin.py:190} INFO - Task:<Task(DockerOperator): run_activesg_scrape> dag:<DAG: main_dag> dagrun:<DagRun main_dag @ 2025-05-25 13:41:40.646016+00:00: manual__2025-05-25T13:41:40.646016+00:00, state:running, queued_at: 2025-05-25 13:41:40.725959+00:00. externally triggered: True>
[2025-05-25T13:42:04.225+0000] {logging_mixin.py:190} INFO - Failure caused by Failed to establish connection to any given Docker hosts.
[2025-05-25T13:42:04.228+0000] {taskinstance.py:1226} INFO - Marking task as UP_FOR_RETRY. dag_id=main_dag, task_id=run_activesg_scrape, run_id=manual__2025-05-25T13:41:40.646016+00:00, execution_date=20250525T134140, start_date=20250525T134155, end_date=20250525T134204
[2025-05-25T13:42:04.376+0000] {taskinstance.py:341} INFO - ::group::Post task execution logs
[2025-05-25T13:42:04.378+0000] {standard_task_runner.py:124} ERROR - Failed to execute job 12 for task run_activesg_scrape (Failed to establish connection to any given Docker hosts.; 94)
Traceback (most recent call last):
  File "/home/airflow/.local/lib/python3.12/site-packages/airflow/task/task_runner/standard_task_runner.py", line 117, in _start_by_fork
    ret = args.func(args, dag=self.dag)
          ^^^^^^^^^^^^^^^^^^^^^^^^^^^^^
  File "/home/airflow/.local/lib/python3.12/site-packages/airflow/cli/cli_config.py", line 49, in command
    return func(*args, **kwargs)
           ^^^^^^^^^^^^^^^^^^^^^
  File "/home/airflow/.local/lib/python3.12/site-packages/airflow/utils/cli.py", line 116, in wrapper
    return f(*args, **kwargs)
           ^^^^^^^^^^^^^^^^^^
  File "/home/airflow/.local/lib/python3.12/site-packages/airflow/cli/commands/task_command.py", line 483, in task_run
    task_return_code = _run_task_by_selected_method(args, _dag, ti)
                       ^^^^^^^^^^^^^^^^^^^^^^^^^^^^^^^^^^^^^^^^^^^^
  File "/home/airflow/.local/lib/python3.12/site-packages/airflow/cli/commands/task_command.py", line 256, in _run_task_by_selected_method
    return _run_raw_task(args, ti)
           ^^^^^^^^^^^^^^^^^^^^^^^
  File "/home/airflow/.local/lib/python3.12/site-packages/airflow/cli/commands/task_command.py", line 341, in _run_raw_task
    return ti._run_raw_task(
           ^^^^^^^^^^^^^^^^^
  File "/home/airflow/.local/lib/python3.12/site-packages/airflow/utils/session.py", line 97, in wrapper
    return func(*args, session=session, **kwargs)
           ^^^^^^^^^^^^^^^^^^^^^^^^^^^^^^^^^^^^^^
  File "/home/airflow/.local/lib/python3.12/site-packages/airflow/models/taskinstance.py", line 3006, in _run_raw_task
    return _run_raw_task(
           ^^^^^^^^^^^^^^
  File "/home/airflow/.local/lib/python3.12/site-packages/airflow/models/taskinstance.py", line 274, in _run_raw_task
    TaskInstance._execute_task_with_callbacks(
  File "/home/airflow/.local/lib/python3.12/site-packages/airflow/models/taskinstance.py", line 3161, in _execute_task_with_callbacks
    result = self._execute_task(context, task_orig)
             ^^^^^^^^^^^^^^^^^^^^^^^^^^^^^^^^^^^^^^
  File "/home/airflow/.local/lib/python3.12/site-packages/airflow/models/taskinstance.py", line 3185, in _execute_task
    return _execute_task(self, context, task_orig)
           ^^^^^^^^^^^^^^^^^^^^^^^^^^^^^^^^^^^^^^^
  File "/home/airflow/.local/lib/python3.12/site-packages/airflow/models/taskinstance.py", line 768, in _execute_task
    result = _execute_callable(context=context, **execute_callable_kwargs)
             ^^^^^^^^^^^^^^^^^^^^^^^^^^^^^^^^^^^^^^^^^^^^^^^^^^^^^^^^^^^^^
  File "/home/airflow/.local/lib/python3.12/site-packages/airflow/models/taskinstance.py", line 734, in _execute_callable
    return ExecutionCallableRunner(
           ^^^^^^^^^^^^^^^^^^^^^^^^
  File "/home/airflow/.local/lib/python3.12/site-packages/airflow/utils/operator_helpers.py", line 252, in run
    return self.func(*args, **kwargs)
           ^^^^^^^^^^^^^^^^^^^^^^^^^^
  File "/home/airflow/.local/lib/python3.12/site-packages/airflow/models/baseoperator.py", line 424, in wrapper
    return func(self, *args, **kwargs)
           ^^^^^^^^^^^^^^^^^^^^^^^^^^^
  File "/home/airflow/.local/lib/python3.12/site-packages/airflow/providers/docker/operators/docker.py", line 467, in execute
    if self.force_pull or not self.cli.images(name=self.image):
                              ^^^^^^^^
  File "/home/airflow/.local/lib/python3.12/site-packages/airflow/providers/docker/operators/docker.py", line 341, in cli
    return self.hook.api_client
           ^^^^^^^^^^^^^^^^^^^^
  File "/usr/local/lib/python3.12/functools.py", line 998, in __get__
    val = self.func(instance)
          ^^^^^^^^^^^^^^^^^^^
  File "/home/airflow/.local/lib/python3.12/site-packages/airflow/providers/docker/hooks/docker.py", line 161, in api_client
    raise AirflowException("Failed to establish connection to any given Docker hosts.")
airflow.exceptions.AirflowException: Failed to establish connection to any given Docker hosts.
[2025-05-25T13:42:04.514+0000] {local_task_job_runner.py:266} INFO - Task exited with return code 1
[2025-05-25T13:42:04.581+0000] {taskinstance.py:3901} INFO - 0 downstream tasks scheduled from follow-on schedule check
[2025-05-25T13:42:04.592+0000] {local_task_job_runner.py:245} INFO - ::endgroup::
