[2025-03-27T11:58:35.344+0000] {processor.py:186} INFO - Started process (PID=52252) to work on /home/airflow/.local/lib/python3.12/site-packages/airflow/example_dags/example_short_circuit_operator.py
[2025-03-27T11:58:35.349+0000] {processor.py:914} INFO - Processing file /home/airflow/.local/lib/python3.12/site-packages/airflow/example_dags/example_short_circuit_operator.py for tasks to queue
[2025-03-27T11:58:35.361+0000] {logging_mixin.py:190} INFO - [2025-03-27T11:58:35.352+0000] {dagbag.py:588} INFO - Filling up the DagBag from /home/airflow/.local/lib/python3.12/site-packages/airflow/example_dags/example_short_circuit_operator.py
[2025-03-27T11:58:35.402+0000] {processor.py:925} INFO - DAG(s) 'example_short_circuit_operator' retrieved from /home/airflow/.local/lib/python3.12/site-packages/airflow/example_dags/example_short_circuit_operator.py
[2025-03-27T11:58:35.503+0000] {logging_mixin.py:190} INFO - [2025-03-27T11:58:35.502+0000] {dag.py:3239} INFO - Sync 1 DAGs
[2025-03-27T11:58:35.588+0000] {logging_mixin.py:190} INFO - [2025-03-27T11:58:35.587+0000] {dag.py:4180} INFO - Setting next_dagrun for example_short_circuit_operator to None, run_after=None
[2025-03-27T11:58:35.734+0000] {processor.py:208} INFO - Processing /home/airflow/.local/lib/python3.12/site-packages/airflow/example_dags/example_short_circuit_operator.py took 0.426 seconds
[2025-03-27T11:59:08.864+0000] {processor.py:186} INFO - Started process (PID=52316) to work on /home/airflow/.local/lib/python3.12/site-packages/airflow/example_dags/example_short_circuit_operator.py
[2025-03-27T11:59:08.867+0000] {processor.py:914} INFO - Processing file /home/airflow/.local/lib/python3.12/site-packages/airflow/example_dags/example_short_circuit_operator.py for tasks to queue
[2025-03-27T11:59:08.879+0000] {logging_mixin.py:190} INFO - [2025-03-27T11:59:08.870+0000] {dagbag.py:588} INFO - Filling up the DagBag from /home/airflow/.local/lib/python3.12/site-packages/airflow/example_dags/example_short_circuit_operator.py
[2025-03-27T11:59:08.919+0000] {processor.py:925} INFO - DAG(s) 'example_short_circuit_operator' retrieved from /home/airflow/.local/lib/python3.12/site-packages/airflow/example_dags/example_short_circuit_operator.py
[2025-03-27T11:59:09.013+0000] {logging_mixin.py:190} INFO - [2025-03-27T11:59:09.012+0000] {dag.py:3239} INFO - Sync 1 DAGs
[2025-03-27T11:59:09.088+0000] {logging_mixin.py:190} INFO - [2025-03-27T11:59:09.083+0000] {dag.py:4180} INFO - Setting next_dagrun for example_short_circuit_operator to None, run_after=None
[2025-03-27T11:59:09.200+0000] {processor.py:208} INFO - Processing /home/airflow/.local/lib/python3.12/site-packages/airflow/example_dags/example_short_circuit_operator.py took 0.359 seconds
[2025-03-27T11:59:40.804+0000] {processor.py:186} INFO - Started process (PID=52381) to work on /home/airflow/.local/lib/python3.12/site-packages/airflow/example_dags/example_short_circuit_operator.py
[2025-03-27T11:59:40.849+0000] {processor.py:914} INFO - Processing file /home/airflow/.local/lib/python3.12/site-packages/airflow/example_dags/example_short_circuit_operator.py for tasks to queue
[2025-03-27T11:59:40.910+0000] {logging_mixin.py:190} INFO - [2025-03-27T11:59:40.909+0000] {dagbag.py:588} INFO - Filling up the DagBag from /home/airflow/.local/lib/python3.12/site-packages/airflow/example_dags/example_short_circuit_operator.py
[2025-03-27T11:59:40.991+0000] {processor.py:925} INFO - DAG(s) 'example_short_circuit_operator' retrieved from /home/airflow/.local/lib/python3.12/site-packages/airflow/example_dags/example_short_circuit_operator.py
[2025-03-27T11:59:41.224+0000] {logging_mixin.py:190} INFO - [2025-03-27T11:59:41.222+0000] {dag.py:3239} INFO - Sync 1 DAGs
[2025-03-27T11:59:41.377+0000] {logging_mixin.py:190} INFO - [2025-03-27T11:59:41.377+0000] {dag.py:4180} INFO - Setting next_dagrun for example_short_circuit_operator to None, run_after=None
[2025-03-27T11:59:41.535+0000] {processor.py:208} INFO - Processing /home/airflow/.local/lib/python3.12/site-packages/airflow/example_dags/example_short_circuit_operator.py took 0.793 seconds
[2025-03-27T12:00:12.552+0000] {processor.py:186} INFO - Started process (PID=52444) to work on /home/airflow/.local/lib/python3.12/site-packages/airflow/example_dags/example_short_circuit_operator.py
[2025-03-27T12:00:12.561+0000] {processor.py:914} INFO - Processing file /home/airflow/.local/lib/python3.12/site-packages/airflow/example_dags/example_short_circuit_operator.py for tasks to queue
[2025-03-27T12:00:12.565+0000] {logging_mixin.py:190} INFO - [2025-03-27T12:00:12.564+0000] {dagbag.py:588} INFO - Filling up the DagBag from /home/airflow/.local/lib/python3.12/site-packages/airflow/example_dags/example_short_circuit_operator.py
[2025-03-27T12:00:12.628+0000] {processor.py:925} INFO - DAG(s) 'example_short_circuit_operator' retrieved from /home/airflow/.local/lib/python3.12/site-packages/airflow/example_dags/example_short_circuit_operator.py
[2025-03-27T12:00:12.742+0000] {logging_mixin.py:190} INFO - [2025-03-27T12:00:12.741+0000] {dag.py:3239} INFO - Sync 1 DAGs
[2025-03-27T12:00:12.824+0000] {logging_mixin.py:190} INFO - [2025-03-27T12:00:12.824+0000] {dag.py:4180} INFO - Setting next_dagrun for example_short_circuit_operator to None, run_after=None
[2025-03-27T12:00:12.975+0000] {processor.py:208} INFO - Processing /home/airflow/.local/lib/python3.12/site-packages/airflow/example_dags/example_short_circuit_operator.py took 0.454 seconds
[2025-03-27T12:00:43.260+0000] {processor.py:186} INFO - Started process (PID=52509) to work on /home/airflow/.local/lib/python3.12/site-packages/airflow/example_dags/example_short_circuit_operator.py
[2025-03-27T12:00:43.262+0000] {processor.py:914} INFO - Processing file /home/airflow/.local/lib/python3.12/site-packages/airflow/example_dags/example_short_circuit_operator.py for tasks to queue
[2025-03-27T12:00:43.264+0000] {logging_mixin.py:190} INFO - [2025-03-27T12:00:43.264+0000] {dagbag.py:588} INFO - Filling up the DagBag from /home/airflow/.local/lib/python3.12/site-packages/airflow/example_dags/example_short_circuit_operator.py
[2025-03-27T12:00:43.285+0000] {processor.py:925} INFO - DAG(s) 'example_short_circuit_operator' retrieved from /home/airflow/.local/lib/python3.12/site-packages/airflow/example_dags/example_short_circuit_operator.py
[2025-03-27T12:00:43.334+0000] {logging_mixin.py:190} INFO - [2025-03-27T12:00:43.334+0000] {dag.py:3239} INFO - Sync 1 DAGs
[2025-03-27T12:00:43.372+0000] {logging_mixin.py:190} INFO - [2025-03-27T12:00:43.371+0000] {dag.py:4180} INFO - Setting next_dagrun for example_short_circuit_operator to None, run_after=None
[2025-03-27T12:00:43.417+0000] {processor.py:208} INFO - Processing /home/airflow/.local/lib/python3.12/site-packages/airflow/example_dags/example_short_circuit_operator.py took 0.168 seconds
[2025-03-27T12:01:13.733+0000] {processor.py:186} INFO - Started process (PID=52574) to work on /home/airflow/.local/lib/python3.12/site-packages/airflow/example_dags/example_short_circuit_operator.py
[2025-03-27T12:01:13.735+0000] {processor.py:914} INFO - Processing file /home/airflow/.local/lib/python3.12/site-packages/airflow/example_dags/example_short_circuit_operator.py for tasks to queue
[2025-03-27T12:01:13.737+0000] {logging_mixin.py:190} INFO - [2025-03-27T12:01:13.736+0000] {dagbag.py:588} INFO - Filling up the DagBag from /home/airflow/.local/lib/python3.12/site-packages/airflow/example_dags/example_short_circuit_operator.py
[2025-03-27T12:01:13.760+0000] {processor.py:925} INFO - DAG(s) 'example_short_circuit_operator' retrieved from /home/airflow/.local/lib/python3.12/site-packages/airflow/example_dags/example_short_circuit_operator.py
[2025-03-27T12:01:13.806+0000] {logging_mixin.py:190} INFO - [2025-03-27T12:01:13.805+0000] {dag.py:3239} INFO - Sync 1 DAGs
[2025-03-27T12:01:13.836+0000] {logging_mixin.py:190} INFO - [2025-03-27T12:01:13.835+0000] {dag.py:4180} INFO - Setting next_dagrun for example_short_circuit_operator to None, run_after=None
[2025-03-27T12:01:13.886+0000] {processor.py:208} INFO - Processing /home/airflow/.local/lib/python3.12/site-packages/airflow/example_dags/example_short_circuit_operator.py took 0.165 seconds
[2025-03-27T12:01:44.031+0000] {processor.py:186} INFO - Started process (PID=52639) to work on /home/airflow/.local/lib/python3.12/site-packages/airflow/example_dags/example_short_circuit_operator.py
[2025-03-27T12:01:44.033+0000] {processor.py:914} INFO - Processing file /home/airflow/.local/lib/python3.12/site-packages/airflow/example_dags/example_short_circuit_operator.py for tasks to queue
[2025-03-27T12:01:44.036+0000] {logging_mixin.py:190} INFO - [2025-03-27T12:01:44.035+0000] {dagbag.py:588} INFO - Filling up the DagBag from /home/airflow/.local/lib/python3.12/site-packages/airflow/example_dags/example_short_circuit_operator.py
[2025-03-27T12:01:44.052+0000] {processor.py:925} INFO - DAG(s) 'example_short_circuit_operator' retrieved from /home/airflow/.local/lib/python3.12/site-packages/airflow/example_dags/example_short_circuit_operator.py
[2025-03-27T12:01:44.098+0000] {logging_mixin.py:190} INFO - [2025-03-27T12:01:44.097+0000] {dag.py:3239} INFO - Sync 1 DAGs
[2025-03-27T12:01:44.126+0000] {logging_mixin.py:190} INFO - [2025-03-27T12:01:44.125+0000] {dag.py:4180} INFO - Setting next_dagrun for example_short_circuit_operator to None, run_after=None
[2025-03-27T12:01:44.180+0000] {processor.py:208} INFO - Processing /home/airflow/.local/lib/python3.12/site-packages/airflow/example_dags/example_short_circuit_operator.py took 0.159 seconds
[2025-03-27T12:02:14.792+0000] {processor.py:186} INFO - Started process (PID=52703) to work on /home/airflow/.local/lib/python3.12/site-packages/airflow/example_dags/example_short_circuit_operator.py
[2025-03-27T12:02:14.793+0000] {processor.py:914} INFO - Processing file /home/airflow/.local/lib/python3.12/site-packages/airflow/example_dags/example_short_circuit_operator.py for tasks to queue
[2025-03-27T12:02:14.796+0000] {logging_mixin.py:190} INFO - [2025-03-27T12:02:14.795+0000] {dagbag.py:588} INFO - Filling up the DagBag from /home/airflow/.local/lib/python3.12/site-packages/airflow/example_dags/example_short_circuit_operator.py
[2025-03-27T12:02:14.816+0000] {processor.py:925} INFO - DAG(s) 'example_short_circuit_operator' retrieved from /home/airflow/.local/lib/python3.12/site-packages/airflow/example_dags/example_short_circuit_operator.py
[2025-03-27T12:02:14.859+0000] {logging_mixin.py:190} INFO - [2025-03-27T12:02:14.858+0000] {dag.py:3239} INFO - Sync 1 DAGs
[2025-03-27T12:02:14.889+0000] {logging_mixin.py:190} INFO - [2025-03-27T12:02:14.889+0000] {dag.py:4180} INFO - Setting next_dagrun for example_short_circuit_operator to None, run_after=None
[2025-03-27T12:02:14.942+0000] {processor.py:208} INFO - Processing /home/airflow/.local/lib/python3.12/site-packages/airflow/example_dags/example_short_circuit_operator.py took 0.160 seconds
[2025-03-27T12:02:45.070+0000] {processor.py:186} INFO - Started process (PID=52768) to work on /home/airflow/.local/lib/python3.12/site-packages/airflow/example_dags/example_short_circuit_operator.py
[2025-03-27T12:02:45.071+0000] {processor.py:914} INFO - Processing file /home/airflow/.local/lib/python3.12/site-packages/airflow/example_dags/example_short_circuit_operator.py for tasks to queue
[2025-03-27T12:02:45.074+0000] {logging_mixin.py:190} INFO - [2025-03-27T12:02:45.073+0000] {dagbag.py:588} INFO - Filling up the DagBag from /home/airflow/.local/lib/python3.12/site-packages/airflow/example_dags/example_short_circuit_operator.py
[2025-03-27T12:02:45.089+0000] {processor.py:925} INFO - DAG(s) 'example_short_circuit_operator' retrieved from /home/airflow/.local/lib/python3.12/site-packages/airflow/example_dags/example_short_circuit_operator.py
[2025-03-27T12:02:45.128+0000] {logging_mixin.py:190} INFO - [2025-03-27T12:02:45.127+0000] {dag.py:3239} INFO - Sync 1 DAGs
[2025-03-27T12:02:45.153+0000] {logging_mixin.py:190} INFO - [2025-03-27T12:02:45.153+0000] {dag.py:4180} INFO - Setting next_dagrun for example_short_circuit_operator to None, run_after=None
[2025-03-27T12:02:45.190+0000] {processor.py:208} INFO - Processing /home/airflow/.local/lib/python3.12/site-packages/airflow/example_dags/example_short_circuit_operator.py took 0.129 seconds
[2025-03-27T12:03:15.953+0000] {processor.py:186} INFO - Started process (PID=52833) to work on /home/airflow/.local/lib/python3.12/site-packages/airflow/example_dags/example_short_circuit_operator.py
[2025-03-27T12:03:15.955+0000] {processor.py:914} INFO - Processing file /home/airflow/.local/lib/python3.12/site-packages/airflow/example_dags/example_short_circuit_operator.py for tasks to queue
[2025-03-27T12:03:15.958+0000] {logging_mixin.py:190} INFO - [2025-03-27T12:03:15.957+0000] {dagbag.py:588} INFO - Filling up the DagBag from /home/airflow/.local/lib/python3.12/site-packages/airflow/example_dags/example_short_circuit_operator.py
[2025-03-27T12:03:15.977+0000] {processor.py:925} INFO - DAG(s) 'example_short_circuit_operator' retrieved from /home/airflow/.local/lib/python3.12/site-packages/airflow/example_dags/example_short_circuit_operator.py
[2025-03-27T12:03:16.023+0000] {logging_mixin.py:190} INFO - [2025-03-27T12:03:16.022+0000] {dag.py:3239} INFO - Sync 1 DAGs
[2025-03-27T12:03:16.059+0000] {logging_mixin.py:190} INFO - [2025-03-27T12:03:16.058+0000] {dag.py:4180} INFO - Setting next_dagrun for example_short_circuit_operator to None, run_after=None
[2025-03-27T12:03:16.130+0000] {processor.py:208} INFO - Processing /home/airflow/.local/lib/python3.12/site-packages/airflow/example_dags/example_short_circuit_operator.py took 0.189 seconds
[2025-03-27T12:03:46.696+0000] {processor.py:186} INFO - Started process (PID=52898) to work on /home/airflow/.local/lib/python3.12/site-packages/airflow/example_dags/example_short_circuit_operator.py
[2025-03-27T12:03:46.699+0000] {processor.py:914} INFO - Processing file /home/airflow/.local/lib/python3.12/site-packages/airflow/example_dags/example_short_circuit_operator.py for tasks to queue
[2025-03-27T12:03:46.703+0000] {logging_mixin.py:190} INFO - [2025-03-27T12:03:46.702+0000] {dagbag.py:588} INFO - Filling up the DagBag from /home/airflow/.local/lib/python3.12/site-packages/airflow/example_dags/example_short_circuit_operator.py
[2025-03-27T12:03:46.728+0000] {processor.py:925} INFO - DAG(s) 'example_short_circuit_operator' retrieved from /home/airflow/.local/lib/python3.12/site-packages/airflow/example_dags/example_short_circuit_operator.py
[2025-03-27T12:03:46.777+0000] {logging_mixin.py:190} INFO - [2025-03-27T12:03:46.776+0000] {dag.py:3239} INFO - Sync 1 DAGs
[2025-03-27T12:03:46.816+0000] {logging_mixin.py:190} INFO - [2025-03-27T12:03:46.815+0000] {dag.py:4180} INFO - Setting next_dagrun for example_short_circuit_operator to None, run_after=None
[2025-03-27T12:03:46.873+0000] {processor.py:208} INFO - Processing /home/airflow/.local/lib/python3.12/site-packages/airflow/example_dags/example_short_circuit_operator.py took 0.189 seconds
[2025-03-27T12:04:18.214+0000] {processor.py:186} INFO - Started process (PID=52960) to work on /home/airflow/.local/lib/python3.12/site-packages/airflow/example_dags/example_short_circuit_operator.py
[2025-03-27T12:04:18.218+0000] {processor.py:914} INFO - Processing file /home/airflow/.local/lib/python3.12/site-packages/airflow/example_dags/example_short_circuit_operator.py for tasks to queue
[2025-03-27T12:04:18.223+0000] {logging_mixin.py:190} INFO - [2025-03-27T12:04:18.222+0000] {dagbag.py:588} INFO - Filling up the DagBag from /home/airflow/.local/lib/python3.12/site-packages/airflow/example_dags/example_short_circuit_operator.py
[2025-03-27T12:04:18.265+0000] {processor.py:925} INFO - DAG(s) 'example_short_circuit_operator' retrieved from /home/airflow/.local/lib/python3.12/site-packages/airflow/example_dags/example_short_circuit_operator.py
[2025-03-27T12:04:18.383+0000] {logging_mixin.py:190} INFO - [2025-03-27T12:04:18.382+0000] {dag.py:3239} INFO - Sync 1 DAGs
[2025-03-27T12:04:18.459+0000] {logging_mixin.py:190} INFO - [2025-03-27T12:04:18.459+0000] {dag.py:4180} INFO - Setting next_dagrun for example_short_circuit_operator to None, run_after=None
[2025-03-27T12:04:18.568+0000] {processor.py:208} INFO - Processing /home/airflow/.local/lib/python3.12/site-packages/airflow/example_dags/example_short_circuit_operator.py took 0.378 seconds
[2025-03-27T12:04:48.818+0000] {processor.py:186} INFO - Started process (PID=53024) to work on /home/airflow/.local/lib/python3.12/site-packages/airflow/example_dags/example_short_circuit_operator.py
[2025-03-27T12:04:48.821+0000] {processor.py:914} INFO - Processing file /home/airflow/.local/lib/python3.12/site-packages/airflow/example_dags/example_short_circuit_operator.py for tasks to queue
[2025-03-27T12:04:48.824+0000] {logging_mixin.py:190} INFO - [2025-03-27T12:04:48.823+0000] {dagbag.py:588} INFO - Filling up the DagBag from /home/airflow/.local/lib/python3.12/site-packages/airflow/example_dags/example_short_circuit_operator.py
[2025-03-27T12:04:48.844+0000] {processor.py:925} INFO - DAG(s) 'example_short_circuit_operator' retrieved from /home/airflow/.local/lib/python3.12/site-packages/airflow/example_dags/example_short_circuit_operator.py
[2025-03-27T12:04:48.900+0000] {logging_mixin.py:190} INFO - [2025-03-27T12:04:48.900+0000] {dag.py:3239} INFO - Sync 1 DAGs
[2025-03-27T12:04:48.931+0000] {logging_mixin.py:190} INFO - [2025-03-27T12:04:48.931+0000] {dag.py:4180} INFO - Setting next_dagrun for example_short_circuit_operator to None, run_after=None
[2025-03-27T12:04:48.986+0000] {processor.py:208} INFO - Processing /home/airflow/.local/lib/python3.12/site-packages/airflow/example_dags/example_short_circuit_operator.py took 0.180 seconds
[2025-03-27T12:05:19.398+0000] {processor.py:186} INFO - Started process (PID=53088) to work on /home/airflow/.local/lib/python3.12/site-packages/airflow/example_dags/example_short_circuit_operator.py
[2025-03-27T12:05:19.400+0000] {processor.py:914} INFO - Processing file /home/airflow/.local/lib/python3.12/site-packages/airflow/example_dags/example_short_circuit_operator.py for tasks to queue
[2025-03-27T12:05:19.406+0000] {logging_mixin.py:190} INFO - [2025-03-27T12:05:19.405+0000] {dagbag.py:588} INFO - Filling up the DagBag from /home/airflow/.local/lib/python3.12/site-packages/airflow/example_dags/example_short_circuit_operator.py
[2025-03-27T12:05:19.429+0000] {processor.py:925} INFO - DAG(s) 'example_short_circuit_operator' retrieved from /home/airflow/.local/lib/python3.12/site-packages/airflow/example_dags/example_short_circuit_operator.py
[2025-03-27T12:05:19.475+0000] {logging_mixin.py:190} INFO - [2025-03-27T12:05:19.474+0000] {dag.py:3239} INFO - Sync 1 DAGs
[2025-03-27T12:05:19.509+0000] {logging_mixin.py:190} INFO - [2025-03-27T12:05:19.508+0000] {dag.py:4180} INFO - Setting next_dagrun for example_short_circuit_operator to None, run_after=None
[2025-03-27T12:05:19.559+0000] {processor.py:208} INFO - Processing /home/airflow/.local/lib/python3.12/site-packages/airflow/example_dags/example_short_circuit_operator.py took 0.178 seconds
[2025-03-27T12:05:50.075+0000] {processor.py:186} INFO - Started process (PID=53153) to work on /home/airflow/.local/lib/python3.12/site-packages/airflow/example_dags/example_short_circuit_operator.py
[2025-03-27T12:05:50.077+0000] {processor.py:914} INFO - Processing file /home/airflow/.local/lib/python3.12/site-packages/airflow/example_dags/example_short_circuit_operator.py for tasks to queue
[2025-03-27T12:05:50.080+0000] {logging_mixin.py:190} INFO - [2025-03-27T12:05:50.079+0000] {dagbag.py:588} INFO - Filling up the DagBag from /home/airflow/.local/lib/python3.12/site-packages/airflow/example_dags/example_short_circuit_operator.py
[2025-03-27T12:05:50.097+0000] {processor.py:925} INFO - DAG(s) 'example_short_circuit_operator' retrieved from /home/airflow/.local/lib/python3.12/site-packages/airflow/example_dags/example_short_circuit_operator.py
[2025-03-27T12:05:50.141+0000] {logging_mixin.py:190} INFO - [2025-03-27T12:05:50.140+0000] {dag.py:3239} INFO - Sync 1 DAGs
[2025-03-27T12:05:50.169+0000] {logging_mixin.py:190} INFO - [2025-03-27T12:05:50.168+0000] {dag.py:4180} INFO - Setting next_dagrun for example_short_circuit_operator to None, run_after=None
[2025-03-27T12:05:50.207+0000] {processor.py:208} INFO - Processing /home/airflow/.local/lib/python3.12/site-packages/airflow/example_dags/example_short_circuit_operator.py took 0.144 seconds
[2025-03-27T12:06:20.578+0000] {processor.py:186} INFO - Started process (PID=53217) to work on /home/airflow/.local/lib/python3.12/site-packages/airflow/example_dags/example_short_circuit_operator.py
[2025-03-27T12:06:20.580+0000] {processor.py:914} INFO - Processing file /home/airflow/.local/lib/python3.12/site-packages/airflow/example_dags/example_short_circuit_operator.py for tasks to queue
[2025-03-27T12:06:20.584+0000] {logging_mixin.py:190} INFO - [2025-03-27T12:06:20.583+0000] {dagbag.py:588} INFO - Filling up the DagBag from /home/airflow/.local/lib/python3.12/site-packages/airflow/example_dags/example_short_circuit_operator.py
[2025-03-27T12:06:20.609+0000] {processor.py:925} INFO - DAG(s) 'example_short_circuit_operator' retrieved from /home/airflow/.local/lib/python3.12/site-packages/airflow/example_dags/example_short_circuit_operator.py
[2025-03-27T12:06:20.720+0000] {logging_mixin.py:190} INFO - [2025-03-27T12:06:20.718+0000] {dag.py:3239} INFO - Sync 1 DAGs
[2025-03-27T12:06:20.827+0000] {logging_mixin.py:190} INFO - [2025-03-27T12:06:20.826+0000] {dag.py:4180} INFO - Setting next_dagrun for example_short_circuit_operator to None, run_after=None
[2025-03-27T12:06:21.173+0000] {processor.py:208} INFO - Processing /home/airflow/.local/lib/python3.12/site-packages/airflow/example_dags/example_short_circuit_operator.py took 0.613 seconds
[2025-03-27T12:06:53.489+0000] {processor.py:186} INFO - Started process (PID=53282) to work on /home/airflow/.local/lib/python3.12/site-packages/airflow/example_dags/example_short_circuit_operator.py
[2025-03-27T12:06:53.492+0000] {processor.py:914} INFO - Processing file /home/airflow/.local/lib/python3.12/site-packages/airflow/example_dags/example_short_circuit_operator.py for tasks to queue
[2025-03-27T12:06:53.501+0000] {logging_mixin.py:190} INFO - [2025-03-27T12:06:53.500+0000] {dagbag.py:588} INFO - Filling up the DagBag from /home/airflow/.local/lib/python3.12/site-packages/airflow/example_dags/example_short_circuit_operator.py
[2025-03-27T12:06:53.546+0000] {processor.py:925} INFO - DAG(s) 'example_short_circuit_operator' retrieved from /home/airflow/.local/lib/python3.12/site-packages/airflow/example_dags/example_short_circuit_operator.py
[2025-03-27T12:06:53.746+0000] {logging_mixin.py:190} INFO - [2025-03-27T12:06:53.745+0000] {dag.py:3239} INFO - Sync 1 DAGs
[2025-03-27T12:06:53.873+0000] {logging_mixin.py:190} INFO - [2025-03-27T12:06:53.872+0000] {dag.py:4180} INFO - Setting next_dagrun for example_short_circuit_operator to None, run_after=None
[2025-03-27T12:06:54.394+0000] {processor.py:208} INFO - Processing /home/airflow/.local/lib/python3.12/site-packages/airflow/example_dags/example_short_circuit_operator.py took 0.928 seconds
[2025-03-27T12:07:25.630+0000] {processor.py:186} INFO - Started process (PID=53354) to work on /home/airflow/.local/lib/python3.12/site-packages/airflow/example_dags/example_short_circuit_operator.py
[2025-03-27T12:07:25.632+0000] {processor.py:914} INFO - Processing file /home/airflow/.local/lib/python3.12/site-packages/airflow/example_dags/example_short_circuit_operator.py for tasks to queue
[2025-03-27T12:07:25.635+0000] {logging_mixin.py:190} INFO - [2025-03-27T12:07:25.634+0000] {dagbag.py:588} INFO - Filling up the DagBag from /home/airflow/.local/lib/python3.12/site-packages/airflow/example_dags/example_short_circuit_operator.py
[2025-03-27T12:07:25.660+0000] {processor.py:925} INFO - DAG(s) 'example_short_circuit_operator' retrieved from /home/airflow/.local/lib/python3.12/site-packages/airflow/example_dags/example_short_circuit_operator.py
[2025-03-27T12:07:25.730+0000] {logging_mixin.py:190} INFO - [2025-03-27T12:07:25.727+0000] {dag.py:3239} INFO - Sync 1 DAGs
[2025-03-27T12:07:25.784+0000] {logging_mixin.py:190} INFO - [2025-03-27T12:07:25.783+0000] {dag.py:4180} INFO - Setting next_dagrun for example_short_circuit_operator to None, run_after=None
[2025-03-27T12:07:26.530+0000] {processor.py:208} INFO - Processing /home/airflow/.local/lib/python3.12/site-packages/airflow/example_dags/example_short_circuit_operator.py took 0.915 seconds
[2025-03-27T12:07:56.858+0000] {processor.py:186} INFO - Started process (PID=53420) to work on /home/airflow/.local/lib/python3.12/site-packages/airflow/example_dags/example_short_circuit_operator.py
[2025-03-27T12:07:56.861+0000] {processor.py:914} INFO - Processing file /home/airflow/.local/lib/python3.12/site-packages/airflow/example_dags/example_short_circuit_operator.py for tasks to queue
[2025-03-27T12:07:56.865+0000] {logging_mixin.py:190} INFO - [2025-03-27T12:07:56.864+0000] {dagbag.py:588} INFO - Filling up the DagBag from /home/airflow/.local/lib/python3.12/site-packages/airflow/example_dags/example_short_circuit_operator.py
[2025-03-27T12:07:56.919+0000] {processor.py:925} INFO - DAG(s) 'example_short_circuit_operator' retrieved from /home/airflow/.local/lib/python3.12/site-packages/airflow/example_dags/example_short_circuit_operator.py
[2025-03-27T12:07:57.003+0000] {logging_mixin.py:190} INFO - [2025-03-27T12:07:57.002+0000] {dag.py:3239} INFO - Sync 1 DAGs
[2025-03-27T12:07:57.079+0000] {logging_mixin.py:190} INFO - [2025-03-27T12:07:57.078+0000] {dag.py:4180} INFO - Setting next_dagrun for example_short_circuit_operator to None, run_after=None
[2025-03-27T12:07:57.739+0000] {processor.py:208} INFO - Processing /home/airflow/.local/lib/python3.12/site-packages/airflow/example_dags/example_short_circuit_operator.py took 0.914 seconds
[2025-03-27T12:08:30.363+0000] {processor.py:186} INFO - Started process (PID=53484) to work on /home/airflow/.local/lib/python3.12/site-packages/airflow/example_dags/example_short_circuit_operator.py
[2025-03-27T12:08:30.366+0000] {processor.py:914} INFO - Processing file /home/airflow/.local/lib/python3.12/site-packages/airflow/example_dags/example_short_circuit_operator.py for tasks to queue
[2025-03-27T12:08:30.369+0000] {logging_mixin.py:190} INFO - [2025-03-27T12:08:30.368+0000] {dagbag.py:588} INFO - Filling up the DagBag from /home/airflow/.local/lib/python3.12/site-packages/airflow/example_dags/example_short_circuit_operator.py
[2025-03-27T12:08:30.396+0000] {processor.py:925} INFO - DAG(s) 'example_short_circuit_operator' retrieved from /home/airflow/.local/lib/python3.12/site-packages/airflow/example_dags/example_short_circuit_operator.py
[2025-03-27T12:08:30.467+0000] {logging_mixin.py:190} INFO - [2025-03-27T12:08:30.466+0000] {dag.py:3239} INFO - Sync 1 DAGs
[2025-03-27T12:08:30.515+0000] {logging_mixin.py:190} INFO - [2025-03-27T12:08:30.514+0000] {dag.py:4180} INFO - Setting next_dagrun for example_short_circuit_operator to None, run_after=None
[2025-03-27T12:08:30.575+0000] {processor.py:208} INFO - Processing /home/airflow/.local/lib/python3.12/site-packages/airflow/example_dags/example_short_circuit_operator.py took 0.227 seconds
[2025-03-27T12:09:01.544+0000] {processor.py:186} INFO - Started process (PID=53548) to work on /home/airflow/.local/lib/python3.12/site-packages/airflow/example_dags/example_short_circuit_operator.py
[2025-03-27T12:09:01.553+0000] {processor.py:914} INFO - Processing file /home/airflow/.local/lib/python3.12/site-packages/airflow/example_dags/example_short_circuit_operator.py for tasks to queue
[2025-03-27T12:09:01.557+0000] {logging_mixin.py:190} INFO - [2025-03-27T12:09:01.556+0000] {dagbag.py:588} INFO - Filling up the DagBag from /home/airflow/.local/lib/python3.12/site-packages/airflow/example_dags/example_short_circuit_operator.py
[2025-03-27T12:09:01.622+0000] {processor.py:925} INFO - DAG(s) 'example_short_circuit_operator' retrieved from /home/airflow/.local/lib/python3.12/site-packages/airflow/example_dags/example_short_circuit_operator.py
[2025-03-27T12:09:01.857+0000] {logging_mixin.py:190} INFO - [2025-03-27T12:09:01.856+0000] {dag.py:3239} INFO - Sync 1 DAGs
[2025-03-27T12:09:02.051+0000] {logging_mixin.py:190} INFO - [2025-03-27T12:09:02.050+0000] {dag.py:4180} INFO - Setting next_dagrun for example_short_circuit_operator to None, run_after=None
[2025-03-27T12:09:02.241+0000] {processor.py:208} INFO - Processing /home/airflow/.local/lib/python3.12/site-packages/airflow/example_dags/example_short_circuit_operator.py took 0.723 seconds
[2025-03-27T12:09:32.524+0000] {processor.py:186} INFO - Started process (PID=53612) to work on /home/airflow/.local/lib/python3.12/site-packages/airflow/example_dags/example_short_circuit_operator.py
[2025-03-27T12:09:32.529+0000] {processor.py:914} INFO - Processing file /home/airflow/.local/lib/python3.12/site-packages/airflow/example_dags/example_short_circuit_operator.py for tasks to queue
[2025-03-27T12:09:32.539+0000] {logging_mixin.py:190} INFO - [2025-03-27T12:09:32.538+0000] {dagbag.py:588} INFO - Filling up the DagBag from /home/airflow/.local/lib/python3.12/site-packages/airflow/example_dags/example_short_circuit_operator.py
[2025-03-27T12:09:32.606+0000] {processor.py:925} INFO - DAG(s) 'example_short_circuit_operator' retrieved from /home/airflow/.local/lib/python3.12/site-packages/airflow/example_dags/example_short_circuit_operator.py
[2025-03-27T12:09:32.685+0000] {logging_mixin.py:190} INFO - [2025-03-27T12:09:32.684+0000] {dag.py:3239} INFO - Sync 1 DAGs
[2025-03-27T12:09:32.758+0000] {logging_mixin.py:190} INFO - [2025-03-27T12:09:32.757+0000] {dag.py:4180} INFO - Setting next_dagrun for example_short_circuit_operator to None, run_after=None
[2025-03-27T12:09:32.834+0000] {processor.py:208} INFO - Processing /home/airflow/.local/lib/python3.12/site-packages/airflow/example_dags/example_short_circuit_operator.py took 0.336 seconds
[2025-03-27T12:10:03.635+0000] {processor.py:186} INFO - Started process (PID=53676) to work on /home/airflow/.local/lib/python3.12/site-packages/airflow/example_dags/example_short_circuit_operator.py
[2025-03-27T12:10:03.645+0000] {processor.py:914} INFO - Processing file /home/airflow/.local/lib/python3.12/site-packages/airflow/example_dags/example_short_circuit_operator.py for tasks to queue
[2025-03-27T12:10:03.650+0000] {logging_mixin.py:190} INFO - [2025-03-27T12:10:03.649+0000] {dagbag.py:588} INFO - Filling up the DagBag from /home/airflow/.local/lib/python3.12/site-packages/airflow/example_dags/example_short_circuit_operator.py
[2025-03-27T12:10:03.702+0000] {processor.py:925} INFO - DAG(s) 'example_short_circuit_operator' retrieved from /home/airflow/.local/lib/python3.12/site-packages/airflow/example_dags/example_short_circuit_operator.py
[2025-03-27T12:10:03.847+0000] {logging_mixin.py:190} INFO - [2025-03-27T12:10:03.847+0000] {dag.py:3239} INFO - Sync 1 DAGs
[2025-03-27T12:10:03.932+0000] {logging_mixin.py:190} INFO - [2025-03-27T12:10:03.932+0000] {dag.py:4180} INFO - Setting next_dagrun for example_short_circuit_operator to None, run_after=None
[2025-03-27T12:10:04.067+0000] {processor.py:208} INFO - Processing /home/airflow/.local/lib/python3.12/site-packages/airflow/example_dags/example_short_circuit_operator.py took 0.450 seconds
[2025-03-27T12:10:34.681+0000] {processor.py:186} INFO - Started process (PID=53740) to work on /home/airflow/.local/lib/python3.12/site-packages/airflow/example_dags/example_short_circuit_operator.py
[2025-03-27T12:10:34.683+0000] {processor.py:914} INFO - Processing file /home/airflow/.local/lib/python3.12/site-packages/airflow/example_dags/example_short_circuit_operator.py for tasks to queue
[2025-03-27T12:10:34.686+0000] {logging_mixin.py:190} INFO - [2025-03-27T12:10:34.685+0000] {dagbag.py:588} INFO - Filling up the DagBag from /home/airflow/.local/lib/python3.12/site-packages/airflow/example_dags/example_short_circuit_operator.py
[2025-03-27T12:10:34.704+0000] {processor.py:925} INFO - DAG(s) 'example_short_circuit_operator' retrieved from /home/airflow/.local/lib/python3.12/site-packages/airflow/example_dags/example_short_circuit_operator.py
[2025-03-27T12:10:34.776+0000] {logging_mixin.py:190} INFO - [2025-03-27T12:10:34.774+0000] {dag.py:3239} INFO - Sync 1 DAGs
[2025-03-27T12:10:34.827+0000] {logging_mixin.py:190} INFO - [2025-03-27T12:10:34.827+0000] {dag.py:4180} INFO - Setting next_dagrun for example_short_circuit_operator to None, run_after=None
[2025-03-27T12:10:34.883+0000] {processor.py:208} INFO - Processing /home/airflow/.local/lib/python3.12/site-packages/airflow/example_dags/example_short_circuit_operator.py took 0.215 seconds
[2025-03-27T12:11:05.020+0000] {processor.py:186} INFO - Started process (PID=53805) to work on /home/airflow/.local/lib/python3.12/site-packages/airflow/example_dags/example_short_circuit_operator.py
[2025-03-27T12:11:05.023+0000] {processor.py:914} INFO - Processing file /home/airflow/.local/lib/python3.12/site-packages/airflow/example_dags/example_short_circuit_operator.py for tasks to queue
[2025-03-27T12:11:05.026+0000] {logging_mixin.py:190} INFO - [2025-03-27T12:11:05.025+0000] {dagbag.py:588} INFO - Filling up the DagBag from /home/airflow/.local/lib/python3.12/site-packages/airflow/example_dags/example_short_circuit_operator.py
[2025-03-27T12:11:05.053+0000] {processor.py:925} INFO - DAG(s) 'example_short_circuit_operator' retrieved from /home/airflow/.local/lib/python3.12/site-packages/airflow/example_dags/example_short_circuit_operator.py
[2025-03-27T12:11:05.119+0000] {logging_mixin.py:190} INFO - [2025-03-27T12:11:05.118+0000] {dag.py:3239} INFO - Sync 1 DAGs
[2025-03-27T12:11:05.161+0000] {logging_mixin.py:190} INFO - [2025-03-27T12:11:05.161+0000] {dag.py:4180} INFO - Setting next_dagrun for example_short_circuit_operator to None, run_after=None
[2025-03-27T12:11:05.209+0000] {processor.py:208} INFO - Processing /home/airflow/.local/lib/python3.12/site-packages/airflow/example_dags/example_short_circuit_operator.py took 0.203 seconds
[2025-03-27T12:11:36.036+0000] {processor.py:186} INFO - Started process (PID=53870) to work on /home/airflow/.local/lib/python3.12/site-packages/airflow/example_dags/example_short_circuit_operator.py
[2025-03-27T12:11:36.043+0000] {processor.py:914} INFO - Processing file /home/airflow/.local/lib/python3.12/site-packages/airflow/example_dags/example_short_circuit_operator.py for tasks to queue
[2025-03-27T12:11:36.050+0000] {logging_mixin.py:190} INFO - [2025-03-27T12:11:36.046+0000] {dagbag.py:588} INFO - Filling up the DagBag from /home/airflow/.local/lib/python3.12/site-packages/airflow/example_dags/example_short_circuit_operator.py
[2025-03-27T12:11:36.119+0000] {processor.py:925} INFO - DAG(s) 'example_short_circuit_operator' retrieved from /home/airflow/.local/lib/python3.12/site-packages/airflow/example_dags/example_short_circuit_operator.py
[2025-03-27T12:11:36.245+0000] {logging_mixin.py:190} INFO - [2025-03-27T12:11:36.244+0000] {dag.py:3239} INFO - Sync 1 DAGs
[2025-03-27T12:11:36.347+0000] {logging_mixin.py:190} INFO - [2025-03-27T12:11:36.346+0000] {dag.py:4180} INFO - Setting next_dagrun for example_short_circuit_operator to None, run_after=None
[2025-03-27T12:11:36.428+0000] {processor.py:208} INFO - Processing /home/airflow/.local/lib/python3.12/site-packages/airflow/example_dags/example_short_circuit_operator.py took 0.416 seconds
[2025-03-27T12:12:06.837+0000] {processor.py:186} INFO - Started process (PID=53935) to work on /home/airflow/.local/lib/python3.12/site-packages/airflow/example_dags/example_short_circuit_operator.py
[2025-03-27T12:12:06.839+0000] {processor.py:914} INFO - Processing file /home/airflow/.local/lib/python3.12/site-packages/airflow/example_dags/example_short_circuit_operator.py for tasks to queue
[2025-03-27T12:12:06.842+0000] {logging_mixin.py:190} INFO - [2025-03-27T12:12:06.841+0000] {dagbag.py:588} INFO - Filling up the DagBag from /home/airflow/.local/lib/python3.12/site-packages/airflow/example_dags/example_short_circuit_operator.py
[2025-03-27T12:12:06.856+0000] {processor.py:925} INFO - DAG(s) 'example_short_circuit_operator' retrieved from /home/airflow/.local/lib/python3.12/site-packages/airflow/example_dags/example_short_circuit_operator.py
[2025-03-27T12:12:06.896+0000] {logging_mixin.py:190} INFO - [2025-03-27T12:12:06.895+0000] {dag.py:3239} INFO - Sync 1 DAGs
[2025-03-27T12:12:06.922+0000] {logging_mixin.py:190} INFO - [2025-03-27T12:12:06.922+0000] {dag.py:4180} INFO - Setting next_dagrun for example_short_circuit_operator to None, run_after=None
[2025-03-27T12:12:06.999+0000] {processor.py:208} INFO - Processing /home/airflow/.local/lib/python3.12/site-packages/airflow/example_dags/example_short_circuit_operator.py took 0.172 seconds
[2025-03-27T12:12:37.235+0000] {processor.py:186} INFO - Started process (PID=53998) to work on /home/airflow/.local/lib/python3.12/site-packages/airflow/example_dags/example_short_circuit_operator.py
[2025-03-27T12:12:37.238+0000] {processor.py:914} INFO - Processing file /home/airflow/.local/lib/python3.12/site-packages/airflow/example_dags/example_short_circuit_operator.py for tasks to queue
[2025-03-27T12:12:37.242+0000] {logging_mixin.py:190} INFO - [2025-03-27T12:12:37.241+0000] {dagbag.py:588} INFO - Filling up the DagBag from /home/airflow/.local/lib/python3.12/site-packages/airflow/example_dags/example_short_circuit_operator.py
[2025-03-27T12:12:37.261+0000] {processor.py:925} INFO - DAG(s) 'example_short_circuit_operator' retrieved from /home/airflow/.local/lib/python3.12/site-packages/airflow/example_dags/example_short_circuit_operator.py
[2025-03-27T12:12:37.322+0000] {logging_mixin.py:190} INFO - [2025-03-27T12:12:37.321+0000] {dag.py:3239} INFO - Sync 1 DAGs
[2025-03-27T12:12:37.357+0000] {logging_mixin.py:190} INFO - [2025-03-27T12:12:37.357+0000] {dag.py:4180} INFO - Setting next_dagrun for example_short_circuit_operator to None, run_after=None
[2025-03-27T12:12:37.412+0000] {processor.py:208} INFO - Processing /home/airflow/.local/lib/python3.12/site-packages/airflow/example_dags/example_short_circuit_operator.py took 0.190 seconds
[2025-03-27T12:13:07.557+0000] {processor.py:186} INFO - Started process (PID=54063) to work on /home/airflow/.local/lib/python3.12/site-packages/airflow/example_dags/example_short_circuit_operator.py
[2025-03-27T12:13:07.559+0000] {processor.py:914} INFO - Processing file /home/airflow/.local/lib/python3.12/site-packages/airflow/example_dags/example_short_circuit_operator.py for tasks to queue
[2025-03-27T12:13:07.562+0000] {logging_mixin.py:190} INFO - [2025-03-27T12:13:07.561+0000] {dagbag.py:588} INFO - Filling up the DagBag from /home/airflow/.local/lib/python3.12/site-packages/airflow/example_dags/example_short_circuit_operator.py
[2025-03-27T12:13:07.580+0000] {processor.py:925} INFO - DAG(s) 'example_short_circuit_operator' retrieved from /home/airflow/.local/lib/python3.12/site-packages/airflow/example_dags/example_short_circuit_operator.py
[2025-03-27T12:13:07.632+0000] {logging_mixin.py:190} INFO - [2025-03-27T12:13:07.632+0000] {dag.py:3239} INFO - Sync 1 DAGs
[2025-03-27T12:13:07.670+0000] {logging_mixin.py:190} INFO - [2025-03-27T12:13:07.670+0000] {dag.py:4180} INFO - Setting next_dagrun for example_short_circuit_operator to None, run_after=None
[2025-03-27T12:13:07.714+0000] {processor.py:208} INFO - Processing /home/airflow/.local/lib/python3.12/site-packages/airflow/example_dags/example_short_circuit_operator.py took 0.168 seconds
[2025-03-27T12:13:38.192+0000] {processor.py:186} INFO - Started process (PID=54130) to work on /home/airflow/.local/lib/python3.12/site-packages/airflow/example_dags/example_short_circuit_operator.py
[2025-03-27T12:13:38.194+0000] {processor.py:914} INFO - Processing file /home/airflow/.local/lib/python3.12/site-packages/airflow/example_dags/example_short_circuit_operator.py for tasks to queue
[2025-03-27T12:13:38.197+0000] {logging_mixin.py:190} INFO - [2025-03-27T12:13:38.196+0000] {dagbag.py:588} INFO - Filling up the DagBag from /home/airflow/.local/lib/python3.12/site-packages/airflow/example_dags/example_short_circuit_operator.py
[2025-03-27T12:13:38.216+0000] {processor.py:925} INFO - DAG(s) 'example_short_circuit_operator' retrieved from /home/airflow/.local/lib/python3.12/site-packages/airflow/example_dags/example_short_circuit_operator.py
[2025-03-27T12:13:38.267+0000] {logging_mixin.py:190} INFO - [2025-03-27T12:13:38.267+0000] {dag.py:3239} INFO - Sync 1 DAGs
[2025-03-27T12:13:38.296+0000] {logging_mixin.py:190} INFO - [2025-03-27T12:13:38.296+0000] {dag.py:4180} INFO - Setting next_dagrun for example_short_circuit_operator to None, run_after=None
[2025-03-27T12:13:38.332+0000] {processor.py:208} INFO - Processing /home/airflow/.local/lib/python3.12/site-packages/airflow/example_dags/example_short_circuit_operator.py took 0.151 seconds
[2025-03-27T12:14:08.721+0000] {processor.py:186} INFO - Started process (PID=54195) to work on /home/airflow/.local/lib/python3.12/site-packages/airflow/example_dags/example_short_circuit_operator.py
[2025-03-27T12:14:08.723+0000] {processor.py:914} INFO - Processing file /home/airflow/.local/lib/python3.12/site-packages/airflow/example_dags/example_short_circuit_operator.py for tasks to queue
[2025-03-27T12:14:08.726+0000] {logging_mixin.py:190} INFO - [2025-03-27T12:14:08.725+0000] {dagbag.py:588} INFO - Filling up the DagBag from /home/airflow/.local/lib/python3.12/site-packages/airflow/example_dags/example_short_circuit_operator.py
[2025-03-27T12:14:08.745+0000] {processor.py:925} INFO - DAG(s) 'example_short_circuit_operator' retrieved from /home/airflow/.local/lib/python3.12/site-packages/airflow/example_dags/example_short_circuit_operator.py
[2025-03-27T12:14:08.785+0000] {logging_mixin.py:190} INFO - [2025-03-27T12:14:08.784+0000] {dag.py:3239} INFO - Sync 1 DAGs
[2025-03-27T12:14:08.816+0000] {logging_mixin.py:190} INFO - [2025-03-27T12:14:08.815+0000] {dag.py:4180} INFO - Setting next_dagrun for example_short_circuit_operator to None, run_after=None
[2025-03-27T12:14:08.858+0000] {processor.py:208} INFO - Processing /home/airflow/.local/lib/python3.12/site-packages/airflow/example_dags/example_short_circuit_operator.py took 0.147 seconds
[2025-03-27T12:14:39.427+0000] {processor.py:186} INFO - Started process (PID=54260) to work on /home/airflow/.local/lib/python3.12/site-packages/airflow/example_dags/example_short_circuit_operator.py
[2025-03-27T12:14:39.429+0000] {processor.py:914} INFO - Processing file /home/airflow/.local/lib/python3.12/site-packages/airflow/example_dags/example_short_circuit_operator.py for tasks to queue
[2025-03-27T12:14:39.432+0000] {logging_mixin.py:190} INFO - [2025-03-27T12:14:39.431+0000] {dagbag.py:588} INFO - Filling up the DagBag from /home/airflow/.local/lib/python3.12/site-packages/airflow/example_dags/example_short_circuit_operator.py
[2025-03-27T12:14:39.447+0000] {processor.py:925} INFO - DAG(s) 'example_short_circuit_operator' retrieved from /home/airflow/.local/lib/python3.12/site-packages/airflow/example_dags/example_short_circuit_operator.py
[2025-03-27T12:14:39.495+0000] {logging_mixin.py:190} INFO - [2025-03-27T12:14:39.494+0000] {dag.py:3239} INFO - Sync 1 DAGs
[2025-03-27T12:14:39.525+0000] {logging_mixin.py:190} INFO - [2025-03-27T12:14:39.525+0000] {dag.py:4180} INFO - Setting next_dagrun for example_short_circuit_operator to None, run_after=None
[2025-03-27T12:14:39.565+0000] {processor.py:208} INFO - Processing /home/airflow/.local/lib/python3.12/site-packages/airflow/example_dags/example_short_circuit_operator.py took 0.146 seconds
[2025-03-27T12:15:09.947+0000] {processor.py:186} INFO - Started process (PID=54325) to work on /home/airflow/.local/lib/python3.12/site-packages/airflow/example_dags/example_short_circuit_operator.py
[2025-03-27T12:15:09.949+0000] {processor.py:914} INFO - Processing file /home/airflow/.local/lib/python3.12/site-packages/airflow/example_dags/example_short_circuit_operator.py for tasks to queue
[2025-03-27T12:15:09.952+0000] {logging_mixin.py:190} INFO - [2025-03-27T12:15:09.951+0000] {dagbag.py:588} INFO - Filling up the DagBag from /home/airflow/.local/lib/python3.12/site-packages/airflow/example_dags/example_short_circuit_operator.py
[2025-03-27T12:15:09.971+0000] {processor.py:925} INFO - DAG(s) 'example_short_circuit_operator' retrieved from /home/airflow/.local/lib/python3.12/site-packages/airflow/example_dags/example_short_circuit_operator.py
[2025-03-27T12:15:10.024+0000] {logging_mixin.py:190} INFO - [2025-03-27T12:15:10.023+0000] {dag.py:3239} INFO - Sync 1 DAGs
[2025-03-27T12:15:10.062+0000] {logging_mixin.py:190} INFO - [2025-03-27T12:15:10.061+0000] {dag.py:4180} INFO - Setting next_dagrun for example_short_circuit_operator to None, run_after=None
[2025-03-27T12:15:10.105+0000] {processor.py:208} INFO - Processing /home/airflow/.local/lib/python3.12/site-packages/airflow/example_dags/example_short_circuit_operator.py took 0.171 seconds
[2025-03-27T12:15:40.249+0000] {processor.py:186} INFO - Started process (PID=54390) to work on /home/airflow/.local/lib/python3.12/site-packages/airflow/example_dags/example_short_circuit_operator.py
[2025-03-27T12:15:40.251+0000] {processor.py:914} INFO - Processing file /home/airflow/.local/lib/python3.12/site-packages/airflow/example_dags/example_short_circuit_operator.py for tasks to queue
[2025-03-27T12:15:40.253+0000] {logging_mixin.py:190} INFO - [2025-03-27T12:15:40.252+0000] {dagbag.py:588} INFO - Filling up the DagBag from /home/airflow/.local/lib/python3.12/site-packages/airflow/example_dags/example_short_circuit_operator.py
[2025-03-27T12:15:40.270+0000] {processor.py:925} INFO - DAG(s) 'example_short_circuit_operator' retrieved from /home/airflow/.local/lib/python3.12/site-packages/airflow/example_dags/example_short_circuit_operator.py
[2025-03-27T12:15:40.314+0000] {logging_mixin.py:190} INFO - [2025-03-27T12:15:40.313+0000] {dag.py:3239} INFO - Sync 1 DAGs
[2025-03-27T12:15:40.340+0000] {logging_mixin.py:190} INFO - [2025-03-27T12:15:40.340+0000] {dag.py:4180} INFO - Setting next_dagrun for example_short_circuit_operator to None, run_after=None
[2025-03-27T12:15:40.392+0000] {processor.py:208} INFO - Processing /home/airflow/.local/lib/python3.12/site-packages/airflow/example_dags/example_short_circuit_operator.py took 0.152 seconds
[2025-03-27T12:16:10.776+0000] {processor.py:186} INFO - Started process (PID=54455) to work on /home/airflow/.local/lib/python3.12/site-packages/airflow/example_dags/example_short_circuit_operator.py
[2025-03-27T12:16:10.778+0000] {processor.py:914} INFO - Processing file /home/airflow/.local/lib/python3.12/site-packages/airflow/example_dags/example_short_circuit_operator.py for tasks to queue
[2025-03-27T12:16:10.781+0000] {logging_mixin.py:190} INFO - [2025-03-27T12:16:10.781+0000] {dagbag.py:588} INFO - Filling up the DagBag from /home/airflow/.local/lib/python3.12/site-packages/airflow/example_dags/example_short_circuit_operator.py
[2025-03-27T12:16:10.800+0000] {processor.py:925} INFO - DAG(s) 'example_short_circuit_operator' retrieved from /home/airflow/.local/lib/python3.12/site-packages/airflow/example_dags/example_short_circuit_operator.py
[2025-03-27T12:16:10.852+0000] {logging_mixin.py:190} INFO - [2025-03-27T12:16:10.851+0000] {dag.py:3239} INFO - Sync 1 DAGs
[2025-03-27T12:16:10.880+0000] {logging_mixin.py:190} INFO - [2025-03-27T12:16:10.879+0000] {dag.py:4180} INFO - Setting next_dagrun for example_short_circuit_operator to None, run_after=None
[2025-03-27T12:16:10.930+0000] {processor.py:208} INFO - Processing /home/airflow/.local/lib/python3.12/site-packages/airflow/example_dags/example_short_circuit_operator.py took 0.165 seconds
[2025-03-27T12:16:41.602+0000] {processor.py:186} INFO - Started process (PID=54517) to work on /home/airflow/.local/lib/python3.12/site-packages/airflow/example_dags/example_short_circuit_operator.py
[2025-03-27T12:16:41.605+0000] {processor.py:914} INFO - Processing file /home/airflow/.local/lib/python3.12/site-packages/airflow/example_dags/example_short_circuit_operator.py for tasks to queue
[2025-03-27T12:16:41.608+0000] {logging_mixin.py:190} INFO - [2025-03-27T12:16:41.607+0000] {dagbag.py:588} INFO - Filling up the DagBag from /home/airflow/.local/lib/python3.12/site-packages/airflow/example_dags/example_short_circuit_operator.py
[2025-03-27T12:16:41.631+0000] {processor.py:925} INFO - DAG(s) 'example_short_circuit_operator' retrieved from /home/airflow/.local/lib/python3.12/site-packages/airflow/example_dags/example_short_circuit_operator.py
[2025-03-27T12:16:41.691+0000] {logging_mixin.py:190} INFO - [2025-03-27T12:16:41.690+0000] {dag.py:3239} INFO - Sync 1 DAGs
[2025-03-27T12:16:41.731+0000] {logging_mixin.py:190} INFO - [2025-03-27T12:16:41.730+0000] {dag.py:4180} INFO - Setting next_dagrun for example_short_circuit_operator to None, run_after=None
[2025-03-27T12:16:41.794+0000] {processor.py:208} INFO - Processing /home/airflow/.local/lib/python3.12/site-packages/airflow/example_dags/example_short_circuit_operator.py took 0.206 seconds
[2025-03-27T12:17:12.643+0000] {processor.py:186} INFO - Started process (PID=54582) to work on /home/airflow/.local/lib/python3.12/site-packages/airflow/example_dags/example_short_circuit_operator.py
[2025-03-27T12:17:12.645+0000] {processor.py:914} INFO - Processing file /home/airflow/.local/lib/python3.12/site-packages/airflow/example_dags/example_short_circuit_operator.py for tasks to queue
[2025-03-27T12:17:12.649+0000] {logging_mixin.py:190} INFO - [2025-03-27T12:17:12.648+0000] {dagbag.py:588} INFO - Filling up the DagBag from /home/airflow/.local/lib/python3.12/site-packages/airflow/example_dags/example_short_circuit_operator.py
[2025-03-27T12:17:12.667+0000] {processor.py:925} INFO - DAG(s) 'example_short_circuit_operator' retrieved from /home/airflow/.local/lib/python3.12/site-packages/airflow/example_dags/example_short_circuit_operator.py
[2025-03-27T12:17:12.712+0000] {logging_mixin.py:190} INFO - [2025-03-27T12:17:12.712+0000] {dag.py:3239} INFO - Sync 1 DAGs
[2025-03-27T12:17:12.740+0000] {logging_mixin.py:190} INFO - [2025-03-27T12:17:12.739+0000] {dag.py:4180} INFO - Setting next_dagrun for example_short_circuit_operator to None, run_after=None
[2025-03-27T12:17:12.782+0000] {processor.py:208} INFO - Processing /home/airflow/.local/lib/python3.12/site-packages/airflow/example_dags/example_short_circuit_operator.py took 0.150 seconds
[2025-03-27T12:17:43.670+0000] {processor.py:186} INFO - Started process (PID=54647) to work on /home/airflow/.local/lib/python3.12/site-packages/airflow/example_dags/example_short_circuit_operator.py
[2025-03-27T12:17:43.672+0000] {processor.py:914} INFO - Processing file /home/airflow/.local/lib/python3.12/site-packages/airflow/example_dags/example_short_circuit_operator.py for tasks to queue
[2025-03-27T12:17:43.674+0000] {logging_mixin.py:190} INFO - [2025-03-27T12:17:43.674+0000] {dagbag.py:588} INFO - Filling up the DagBag from /home/airflow/.local/lib/python3.12/site-packages/airflow/example_dags/example_short_circuit_operator.py
[2025-03-27T12:17:43.691+0000] {processor.py:925} INFO - DAG(s) 'example_short_circuit_operator' retrieved from /home/airflow/.local/lib/python3.12/site-packages/airflow/example_dags/example_short_circuit_operator.py
[2025-03-27T12:17:43.733+0000] {logging_mixin.py:190} INFO - [2025-03-27T12:17:43.733+0000] {dag.py:3239} INFO - Sync 1 DAGs
[2025-03-27T12:17:43.758+0000] {logging_mixin.py:190} INFO - [2025-03-27T12:17:43.757+0000] {dag.py:4180} INFO - Setting next_dagrun for example_short_circuit_operator to None, run_after=None
[2025-03-27T12:17:43.797+0000] {processor.py:208} INFO - Processing /home/airflow/.local/lib/python3.12/site-packages/airflow/example_dags/example_short_circuit_operator.py took 0.136 seconds
[2025-03-27T12:18:14.832+0000] {processor.py:186} INFO - Started process (PID=54712) to work on /home/airflow/.local/lib/python3.12/site-packages/airflow/example_dags/example_short_circuit_operator.py
[2025-03-27T12:18:14.835+0000] {processor.py:914} INFO - Processing file /home/airflow/.local/lib/python3.12/site-packages/airflow/example_dags/example_short_circuit_operator.py for tasks to queue
[2025-03-27T12:18:14.839+0000] {logging_mixin.py:190} INFO - [2025-03-27T12:18:14.838+0000] {dagbag.py:588} INFO - Filling up the DagBag from /home/airflow/.local/lib/python3.12/site-packages/airflow/example_dags/example_short_circuit_operator.py
[2025-03-27T12:18:14.862+0000] {processor.py:925} INFO - DAG(s) 'example_short_circuit_operator' retrieved from /home/airflow/.local/lib/python3.12/site-packages/airflow/example_dags/example_short_circuit_operator.py
[2025-03-27T12:18:14.921+0000] {logging_mixin.py:190} INFO - [2025-03-27T12:18:14.920+0000] {dag.py:3239} INFO - Sync 1 DAGs
[2025-03-27T12:18:14.960+0000] {logging_mixin.py:190} INFO - [2025-03-27T12:18:14.959+0000] {dag.py:4180} INFO - Setting next_dagrun for example_short_circuit_operator to None, run_after=None
[2025-03-27T12:18:15.014+0000] {processor.py:208} INFO - Processing /home/airflow/.local/lib/python3.12/site-packages/airflow/example_dags/example_short_circuit_operator.py took 0.194 seconds
[2025-03-27T12:18:45.994+0000] {processor.py:186} INFO - Started process (PID=54778) to work on /home/airflow/.local/lib/python3.12/site-packages/airflow/example_dags/example_short_circuit_operator.py
[2025-03-27T12:18:45.996+0000] {processor.py:914} INFO - Processing file /home/airflow/.local/lib/python3.12/site-packages/airflow/example_dags/example_short_circuit_operator.py for tasks to queue
[2025-03-27T12:18:45.999+0000] {logging_mixin.py:190} INFO - [2025-03-27T12:18:45.998+0000] {dagbag.py:588} INFO - Filling up the DagBag from /home/airflow/.local/lib/python3.12/site-packages/airflow/example_dags/example_short_circuit_operator.py
[2025-03-27T12:18:46.016+0000] {processor.py:925} INFO - DAG(s) 'example_short_circuit_operator' retrieved from /home/airflow/.local/lib/python3.12/site-packages/airflow/example_dags/example_short_circuit_operator.py
[2025-03-27T12:18:46.056+0000] {logging_mixin.py:190} INFO - [2025-03-27T12:18:46.056+0000] {dag.py:3239} INFO - Sync 1 DAGs
[2025-03-27T12:18:46.083+0000] {logging_mixin.py:190} INFO - [2025-03-27T12:18:46.083+0000] {dag.py:4180} INFO - Setting next_dagrun for example_short_circuit_operator to None, run_after=None
[2025-03-27T12:18:46.119+0000] {processor.py:208} INFO - Processing /home/airflow/.local/lib/python3.12/site-packages/airflow/example_dags/example_short_circuit_operator.py took 0.134 seconds
[2025-03-27T12:19:16.885+0000] {processor.py:186} INFO - Started process (PID=54843) to work on /home/airflow/.local/lib/python3.12/site-packages/airflow/example_dags/example_short_circuit_operator.py
[2025-03-27T12:19:16.886+0000] {processor.py:914} INFO - Processing file /home/airflow/.local/lib/python3.12/site-packages/airflow/example_dags/example_short_circuit_operator.py for tasks to queue
[2025-03-27T12:19:16.889+0000] {logging_mixin.py:190} INFO - [2025-03-27T12:19:16.888+0000] {dagbag.py:588} INFO - Filling up the DagBag from /home/airflow/.local/lib/python3.12/site-packages/airflow/example_dags/example_short_circuit_operator.py
[2025-03-27T12:19:16.906+0000] {processor.py:925} INFO - DAG(s) 'example_short_circuit_operator' retrieved from /home/airflow/.local/lib/python3.12/site-packages/airflow/example_dags/example_short_circuit_operator.py
[2025-03-27T12:19:16.945+0000] {logging_mixin.py:190} INFO - [2025-03-27T12:19:16.945+0000] {dag.py:3239} INFO - Sync 1 DAGs
[2025-03-27T12:19:16.971+0000] {logging_mixin.py:190} INFO - [2025-03-27T12:19:16.971+0000] {dag.py:4180} INFO - Setting next_dagrun for example_short_circuit_operator to None, run_after=None
[2025-03-27T12:19:17.010+0000] {processor.py:208} INFO - Processing /home/airflow/.local/lib/python3.12/site-packages/airflow/example_dags/example_short_circuit_operator.py took 0.134 seconds
[2025-03-27T12:19:47.344+0000] {processor.py:186} INFO - Started process (PID=54908) to work on /home/airflow/.local/lib/python3.12/site-packages/airflow/example_dags/example_short_circuit_operator.py
[2025-03-27T12:19:47.346+0000] {processor.py:914} INFO - Processing file /home/airflow/.local/lib/python3.12/site-packages/airflow/example_dags/example_short_circuit_operator.py for tasks to queue
[2025-03-27T12:19:47.349+0000] {logging_mixin.py:190} INFO - [2025-03-27T12:19:47.348+0000] {dagbag.py:588} INFO - Filling up the DagBag from /home/airflow/.local/lib/python3.12/site-packages/airflow/example_dags/example_short_circuit_operator.py
[2025-03-27T12:19:47.366+0000] {processor.py:925} INFO - DAG(s) 'example_short_circuit_operator' retrieved from /home/airflow/.local/lib/python3.12/site-packages/airflow/example_dags/example_short_circuit_operator.py
[2025-03-27T12:19:47.411+0000] {logging_mixin.py:190} INFO - [2025-03-27T12:19:47.410+0000] {dag.py:3239} INFO - Sync 1 DAGs
[2025-03-27T12:19:47.438+0000] {logging_mixin.py:190} INFO - [2025-03-27T12:19:47.437+0000] {dag.py:4180} INFO - Setting next_dagrun for example_short_circuit_operator to None, run_after=None
[2025-03-27T12:19:47.488+0000] {processor.py:208} INFO - Processing /home/airflow/.local/lib/python3.12/site-packages/airflow/example_dags/example_short_circuit_operator.py took 0.154 seconds
[2025-03-27T12:20:17.826+0000] {processor.py:186} INFO - Started process (PID=54972) to work on /home/airflow/.local/lib/python3.12/site-packages/airflow/example_dags/example_short_circuit_operator.py
[2025-03-27T12:20:17.827+0000] {processor.py:914} INFO - Processing file /home/airflow/.local/lib/python3.12/site-packages/airflow/example_dags/example_short_circuit_operator.py for tasks to queue
[2025-03-27T12:20:17.831+0000] {logging_mixin.py:190} INFO - [2025-03-27T12:20:17.830+0000] {dagbag.py:588} INFO - Filling up the DagBag from /home/airflow/.local/lib/python3.12/site-packages/airflow/example_dags/example_short_circuit_operator.py
[2025-03-27T12:20:17.848+0000] {processor.py:925} INFO - DAG(s) 'example_short_circuit_operator' retrieved from /home/airflow/.local/lib/python3.12/site-packages/airflow/example_dags/example_short_circuit_operator.py
[2025-03-27T12:20:17.893+0000] {logging_mixin.py:190} INFO - [2025-03-27T12:20:17.892+0000] {dag.py:3239} INFO - Sync 1 DAGs
[2025-03-27T12:20:17.923+0000] {logging_mixin.py:190} INFO - [2025-03-27T12:20:17.922+0000] {dag.py:4180} INFO - Setting next_dagrun for example_short_circuit_operator to None, run_after=None
[2025-03-27T12:20:17.977+0000] {processor.py:208} INFO - Processing /home/airflow/.local/lib/python3.12/site-packages/airflow/example_dags/example_short_circuit_operator.py took 0.165 seconds
[2025-03-27T12:20:48.255+0000] {processor.py:186} INFO - Started process (PID=55037) to work on /home/airflow/.local/lib/python3.12/site-packages/airflow/example_dags/example_short_circuit_operator.py
[2025-03-27T12:20:48.257+0000] {processor.py:914} INFO - Processing file /home/airflow/.local/lib/python3.12/site-packages/airflow/example_dags/example_short_circuit_operator.py for tasks to queue
[2025-03-27T12:20:48.259+0000] {logging_mixin.py:190} INFO - [2025-03-27T12:20:48.259+0000] {dagbag.py:588} INFO - Filling up the DagBag from /home/airflow/.local/lib/python3.12/site-packages/airflow/example_dags/example_short_circuit_operator.py
[2025-03-27T12:20:48.275+0000] {processor.py:925} INFO - DAG(s) 'example_short_circuit_operator' retrieved from /home/airflow/.local/lib/python3.12/site-packages/airflow/example_dags/example_short_circuit_operator.py
[2025-03-27T12:20:48.319+0000] {logging_mixin.py:190} INFO - [2025-03-27T12:20:48.319+0000] {dag.py:3239} INFO - Sync 1 DAGs
[2025-03-27T12:20:48.344+0000] {logging_mixin.py:190} INFO - [2025-03-27T12:20:48.344+0000] {dag.py:4180} INFO - Setting next_dagrun for example_short_circuit_operator to None, run_after=None
[2025-03-27T12:20:48.398+0000] {processor.py:208} INFO - Processing /home/airflow/.local/lib/python3.12/site-packages/airflow/example_dags/example_short_circuit_operator.py took 0.156 seconds
[2025-03-27T12:21:18.591+0000] {processor.py:186} INFO - Started process (PID=55101) to work on /home/airflow/.local/lib/python3.12/site-packages/airflow/example_dags/example_short_circuit_operator.py
[2025-03-27T12:21:18.594+0000] {processor.py:914} INFO - Processing file /home/airflow/.local/lib/python3.12/site-packages/airflow/example_dags/example_short_circuit_operator.py for tasks to queue
[2025-03-27T12:21:18.596+0000] {logging_mixin.py:190} INFO - [2025-03-27T12:21:18.596+0000] {dagbag.py:588} INFO - Filling up the DagBag from /home/airflow/.local/lib/python3.12/site-packages/airflow/example_dags/example_short_circuit_operator.py
[2025-03-27T12:21:18.613+0000] {processor.py:925} INFO - DAG(s) 'example_short_circuit_operator' retrieved from /home/airflow/.local/lib/python3.12/site-packages/airflow/example_dags/example_short_circuit_operator.py
[2025-03-27T12:21:18.660+0000] {logging_mixin.py:190} INFO - [2025-03-27T12:21:18.659+0000] {dag.py:3239} INFO - Sync 1 DAGs
[2025-03-27T12:21:18.688+0000] {logging_mixin.py:190} INFO - [2025-03-27T12:21:18.687+0000] {dag.py:4180} INFO - Setting next_dagrun for example_short_circuit_operator to None, run_after=None
[2025-03-27T12:21:18.742+0000] {processor.py:208} INFO - Processing /home/airflow/.local/lib/python3.12/site-packages/airflow/example_dags/example_short_circuit_operator.py took 0.162 seconds
[2025-03-27T12:21:48.964+0000] {processor.py:186} INFO - Started process (PID=55166) to work on /home/airflow/.local/lib/python3.12/site-packages/airflow/example_dags/example_short_circuit_operator.py
[2025-03-27T12:21:48.966+0000] {processor.py:914} INFO - Processing file /home/airflow/.local/lib/python3.12/site-packages/airflow/example_dags/example_short_circuit_operator.py for tasks to queue
[2025-03-27T12:21:48.968+0000] {logging_mixin.py:190} INFO - [2025-03-27T12:21:48.968+0000] {dagbag.py:588} INFO - Filling up the DagBag from /home/airflow/.local/lib/python3.12/site-packages/airflow/example_dags/example_short_circuit_operator.py
[2025-03-27T12:21:48.984+0000] {processor.py:925} INFO - DAG(s) 'example_short_circuit_operator' retrieved from /home/airflow/.local/lib/python3.12/site-packages/airflow/example_dags/example_short_circuit_operator.py
[2025-03-27T12:21:49.024+0000] {logging_mixin.py:190} INFO - [2025-03-27T12:21:49.023+0000] {dag.py:3239} INFO - Sync 1 DAGs
[2025-03-27T12:21:49.049+0000] {logging_mixin.py:190} INFO - [2025-03-27T12:21:49.049+0000] {dag.py:4180} INFO - Setting next_dagrun for example_short_circuit_operator to None, run_after=None
[2025-03-27T12:21:49.098+0000] {processor.py:208} INFO - Processing /home/airflow/.local/lib/python3.12/site-packages/airflow/example_dags/example_short_circuit_operator.py took 0.145 seconds
[2025-03-27T12:22:19.401+0000] {processor.py:186} INFO - Started process (PID=55231) to work on /home/airflow/.local/lib/python3.12/site-packages/airflow/example_dags/example_short_circuit_operator.py
[2025-03-27T12:22:19.403+0000] {processor.py:914} INFO - Processing file /home/airflow/.local/lib/python3.12/site-packages/airflow/example_dags/example_short_circuit_operator.py for tasks to queue
[2025-03-27T12:22:19.406+0000] {logging_mixin.py:190} INFO - [2025-03-27T12:22:19.405+0000] {dagbag.py:588} INFO - Filling up the DagBag from /home/airflow/.local/lib/python3.12/site-packages/airflow/example_dags/example_short_circuit_operator.py
[2025-03-27T12:22:19.420+0000] {processor.py:925} INFO - DAG(s) 'example_short_circuit_operator' retrieved from /home/airflow/.local/lib/python3.12/site-packages/airflow/example_dags/example_short_circuit_operator.py
[2025-03-27T12:22:19.460+0000] {logging_mixin.py:190} INFO - [2025-03-27T12:22:19.459+0000] {dag.py:3239} INFO - Sync 1 DAGs
[2025-03-27T12:22:19.483+0000] {logging_mixin.py:190} INFO - [2025-03-27T12:22:19.483+0000] {dag.py:4180} INFO - Setting next_dagrun for example_short_circuit_operator to None, run_after=None
[2025-03-27T12:22:19.517+0000] {processor.py:208} INFO - Processing /home/airflow/.local/lib/python3.12/site-packages/airflow/example_dags/example_short_circuit_operator.py took 0.127 seconds
[2025-03-27T12:22:49.993+0000] {processor.py:186} INFO - Started process (PID=55296) to work on /home/airflow/.local/lib/python3.12/site-packages/airflow/example_dags/example_short_circuit_operator.py
[2025-03-27T12:22:49.995+0000] {processor.py:914} INFO - Processing file /home/airflow/.local/lib/python3.12/site-packages/airflow/example_dags/example_short_circuit_operator.py for tasks to queue
[2025-03-27T12:22:49.997+0000] {logging_mixin.py:190} INFO - [2025-03-27T12:22:49.996+0000] {dagbag.py:588} INFO - Filling up the DagBag from /home/airflow/.local/lib/python3.12/site-packages/airflow/example_dags/example_short_circuit_operator.py
[2025-03-27T12:22:50.013+0000] {processor.py:925} INFO - DAG(s) 'example_short_circuit_operator' retrieved from /home/airflow/.local/lib/python3.12/site-packages/airflow/example_dags/example_short_circuit_operator.py
[2025-03-27T12:22:50.051+0000] {logging_mixin.py:190} INFO - [2025-03-27T12:22:50.051+0000] {dag.py:3239} INFO - Sync 1 DAGs
[2025-03-27T12:22:50.077+0000] {logging_mixin.py:190} INFO - [2025-03-27T12:22:50.077+0000] {dag.py:4180} INFO - Setting next_dagrun for example_short_circuit_operator to None, run_after=None
[2025-03-27T12:22:50.125+0000] {processor.py:208} INFO - Processing /home/airflow/.local/lib/python3.12/site-packages/airflow/example_dags/example_short_circuit_operator.py took 0.143 seconds
[2025-03-27T12:23:21.051+0000] {processor.py:186} INFO - Started process (PID=55361) to work on /home/airflow/.local/lib/python3.12/site-packages/airflow/example_dags/example_short_circuit_operator.py
[2025-03-27T12:23:21.053+0000] {processor.py:914} INFO - Processing file /home/airflow/.local/lib/python3.12/site-packages/airflow/example_dags/example_short_circuit_operator.py for tasks to queue
[2025-03-27T12:23:21.056+0000] {logging_mixin.py:190} INFO - [2025-03-27T12:23:21.055+0000] {dagbag.py:588} INFO - Filling up the DagBag from /home/airflow/.local/lib/python3.12/site-packages/airflow/example_dags/example_short_circuit_operator.py
[2025-03-27T12:23:21.071+0000] {processor.py:925} INFO - DAG(s) 'example_short_circuit_operator' retrieved from /home/airflow/.local/lib/python3.12/site-packages/airflow/example_dags/example_short_circuit_operator.py
[2025-03-27T12:23:21.111+0000] {logging_mixin.py:190} INFO - [2025-03-27T12:23:21.110+0000] {dag.py:3239} INFO - Sync 1 DAGs
[2025-03-27T12:23:21.137+0000] {logging_mixin.py:190} INFO - [2025-03-27T12:23:21.136+0000] {dag.py:4180} INFO - Setting next_dagrun for example_short_circuit_operator to None, run_after=None
[2025-03-27T12:23:21.188+0000] {processor.py:208} INFO - Processing /home/airflow/.local/lib/python3.12/site-packages/airflow/example_dags/example_short_circuit_operator.py took 0.146 seconds
[2025-03-27T12:23:51.371+0000] {processor.py:186} INFO - Started process (PID=55426) to work on /home/airflow/.local/lib/python3.12/site-packages/airflow/example_dags/example_short_circuit_operator.py
[2025-03-27T12:23:51.374+0000] {processor.py:914} INFO - Processing file /home/airflow/.local/lib/python3.12/site-packages/airflow/example_dags/example_short_circuit_operator.py for tasks to queue
[2025-03-27T12:23:51.377+0000] {logging_mixin.py:190} INFO - [2025-03-27T12:23:51.376+0000] {dagbag.py:588} INFO - Filling up the DagBag from /home/airflow/.local/lib/python3.12/site-packages/airflow/example_dags/example_short_circuit_operator.py
[2025-03-27T12:23:51.395+0000] {processor.py:925} INFO - DAG(s) 'example_short_circuit_operator' retrieved from /home/airflow/.local/lib/python3.12/site-packages/airflow/example_dags/example_short_circuit_operator.py
[2025-03-27T12:23:51.456+0000] {logging_mixin.py:190} INFO - [2025-03-27T12:23:51.455+0000] {dag.py:3239} INFO - Sync 1 DAGs
[2025-03-27T12:23:51.510+0000] {logging_mixin.py:190} INFO - [2025-03-27T12:23:51.510+0000] {dag.py:4180} INFO - Setting next_dagrun for example_short_circuit_operator to None, run_after=None
[2025-03-27T12:23:51.551+0000] {processor.py:208} INFO - Processing /home/airflow/.local/lib/python3.12/site-packages/airflow/example_dags/example_short_circuit_operator.py took 0.191 seconds
[2025-03-27T12:24:22.260+0000] {processor.py:186} INFO - Started process (PID=55491) to work on /home/airflow/.local/lib/python3.12/site-packages/airflow/example_dags/example_short_circuit_operator.py
[2025-03-27T12:24:22.262+0000] {processor.py:914} INFO - Processing file /home/airflow/.local/lib/python3.12/site-packages/airflow/example_dags/example_short_circuit_operator.py for tasks to queue
[2025-03-27T12:24:22.264+0000] {logging_mixin.py:190} INFO - [2025-03-27T12:24:22.263+0000] {dagbag.py:588} INFO - Filling up the DagBag from /home/airflow/.local/lib/python3.12/site-packages/airflow/example_dags/example_short_circuit_operator.py
[2025-03-27T12:24:22.278+0000] {processor.py:925} INFO - DAG(s) 'example_short_circuit_operator' retrieved from /home/airflow/.local/lib/python3.12/site-packages/airflow/example_dags/example_short_circuit_operator.py
[2025-03-27T12:24:22.317+0000] {logging_mixin.py:190} INFO - [2025-03-27T12:24:22.317+0000] {dag.py:3239} INFO - Sync 1 DAGs
[2025-03-27T12:24:22.343+0000] {logging_mixin.py:190} INFO - [2025-03-27T12:24:22.343+0000] {dag.py:4180} INFO - Setting next_dagrun for example_short_circuit_operator to None, run_after=None
[2025-03-27T12:24:22.377+0000] {processor.py:208} INFO - Processing /home/airflow/.local/lib/python3.12/site-packages/airflow/example_dags/example_short_circuit_operator.py took 0.127 seconds
[2025-03-27T12:24:53.585+0000] {processor.py:186} INFO - Started process (PID=55556) to work on /home/airflow/.local/lib/python3.12/site-packages/airflow/example_dags/example_short_circuit_operator.py
[2025-03-27T12:24:53.587+0000] {processor.py:914} INFO - Processing file /home/airflow/.local/lib/python3.12/site-packages/airflow/example_dags/example_short_circuit_operator.py for tasks to queue
[2025-03-27T12:24:53.592+0000] {logging_mixin.py:190} INFO - [2025-03-27T12:24:53.590+0000] {dagbag.py:588} INFO - Filling up the DagBag from /home/airflow/.local/lib/python3.12/site-packages/airflow/example_dags/example_short_circuit_operator.py
[2025-03-27T12:24:53.622+0000] {processor.py:925} INFO - DAG(s) 'example_short_circuit_operator' retrieved from /home/airflow/.local/lib/python3.12/site-packages/airflow/example_dags/example_short_circuit_operator.py
[2025-03-27T12:24:53.705+0000] {logging_mixin.py:190} INFO - [2025-03-27T12:24:53.696+0000] {dag.py:3239} INFO - Sync 1 DAGs
[2025-03-27T12:24:53.787+0000] {logging_mixin.py:190} INFO - [2025-03-27T12:24:53.786+0000] {dag.py:4180} INFO - Setting next_dagrun for example_short_circuit_operator to None, run_after=None
[2025-03-27T12:24:53.887+0000] {processor.py:208} INFO - Processing /home/airflow/.local/lib/python3.12/site-packages/airflow/example_dags/example_short_circuit_operator.py took 0.325 seconds
[2025-03-27T12:25:24.156+0000] {processor.py:186} INFO - Started process (PID=55621) to work on /home/airflow/.local/lib/python3.12/site-packages/airflow/example_dags/example_short_circuit_operator.py
[2025-03-27T12:25:24.158+0000] {processor.py:914} INFO - Processing file /home/airflow/.local/lib/python3.12/site-packages/airflow/example_dags/example_short_circuit_operator.py for tasks to queue
[2025-03-27T12:25:24.161+0000] {logging_mixin.py:190} INFO - [2025-03-27T12:25:24.160+0000] {dagbag.py:588} INFO - Filling up the DagBag from /home/airflow/.local/lib/python3.12/site-packages/airflow/example_dags/example_short_circuit_operator.py
[2025-03-27T12:25:24.184+0000] {processor.py:925} INFO - DAG(s) 'example_short_circuit_operator' retrieved from /home/airflow/.local/lib/python3.12/site-packages/airflow/example_dags/example_short_circuit_operator.py
[2025-03-27T12:25:24.240+0000] {logging_mixin.py:190} INFO - [2025-03-27T12:25:24.240+0000] {dag.py:3239} INFO - Sync 1 DAGs
[2025-03-27T12:25:24.276+0000] {logging_mixin.py:190} INFO - [2025-03-27T12:25:24.275+0000] {dag.py:4180} INFO - Setting next_dagrun for example_short_circuit_operator to None, run_after=None
[2025-03-27T12:25:24.316+0000] {processor.py:208} INFO - Processing /home/airflow/.local/lib/python3.12/site-packages/airflow/example_dags/example_short_circuit_operator.py took 0.173 seconds
[2025-03-27T12:25:54.701+0000] {processor.py:186} INFO - Started process (PID=55685) to work on /home/airflow/.local/lib/python3.12/site-packages/airflow/example_dags/example_short_circuit_operator.py
[2025-03-27T12:25:54.703+0000] {processor.py:914} INFO - Processing file /home/airflow/.local/lib/python3.12/site-packages/airflow/example_dags/example_short_circuit_operator.py for tasks to queue
[2025-03-27T12:25:54.706+0000] {logging_mixin.py:190} INFO - [2025-03-27T12:25:54.705+0000] {dagbag.py:588} INFO - Filling up the DagBag from /home/airflow/.local/lib/python3.12/site-packages/airflow/example_dags/example_short_circuit_operator.py
[2025-03-27T12:25:54.725+0000] {processor.py:925} INFO - DAG(s) 'example_short_circuit_operator' retrieved from /home/airflow/.local/lib/python3.12/site-packages/airflow/example_dags/example_short_circuit_operator.py
[2025-03-27T12:25:54.768+0000] {logging_mixin.py:190} INFO - [2025-03-27T12:25:54.767+0000] {dag.py:3239} INFO - Sync 1 DAGs
[2025-03-27T12:25:54.798+0000] {logging_mixin.py:190} INFO - [2025-03-27T12:25:54.798+0000] {dag.py:4180} INFO - Setting next_dagrun for example_short_circuit_operator to None, run_after=None
[2025-03-27T12:25:54.836+0000] {processor.py:208} INFO - Processing /home/airflow/.local/lib/python3.12/site-packages/airflow/example_dags/example_short_circuit_operator.py took 0.147 seconds
[2025-03-27T12:26:25.586+0000] {processor.py:186} INFO - Started process (PID=55750) to work on /home/airflow/.local/lib/python3.12/site-packages/airflow/example_dags/example_short_circuit_operator.py
[2025-03-27T12:26:25.590+0000] {processor.py:914} INFO - Processing file /home/airflow/.local/lib/python3.12/site-packages/airflow/example_dags/example_short_circuit_operator.py for tasks to queue
[2025-03-27T12:26:25.597+0000] {logging_mixin.py:190} INFO - [2025-03-27T12:26:25.596+0000] {dagbag.py:588} INFO - Filling up the DagBag from /home/airflow/.local/lib/python3.12/site-packages/airflow/example_dags/example_short_circuit_operator.py
[2025-03-27T12:26:25.637+0000] {processor.py:925} INFO - DAG(s) 'example_short_circuit_operator' retrieved from /home/airflow/.local/lib/python3.12/site-packages/airflow/example_dags/example_short_circuit_operator.py
[2025-03-27T12:26:25.711+0000] {logging_mixin.py:190} INFO - [2025-03-27T12:26:25.710+0000] {dag.py:3239} INFO - Sync 1 DAGs
[2025-03-27T12:26:25.756+0000] {logging_mixin.py:190} INFO - [2025-03-27T12:26:25.755+0000] {dag.py:4180} INFO - Setting next_dagrun for example_short_circuit_operator to None, run_after=None
[2025-03-27T12:26:25.817+0000] {processor.py:208} INFO - Processing /home/airflow/.local/lib/python3.12/site-packages/airflow/example_dags/example_short_circuit_operator.py took 0.244 seconds
[2025-03-27T12:26:56.016+0000] {processor.py:186} INFO - Started process (PID=55815) to work on /home/airflow/.local/lib/python3.12/site-packages/airflow/example_dags/example_short_circuit_operator.py
[2025-03-27T12:26:56.017+0000] {processor.py:914} INFO - Processing file /home/airflow/.local/lib/python3.12/site-packages/airflow/example_dags/example_short_circuit_operator.py for tasks to queue
[2025-03-27T12:26:56.020+0000] {logging_mixin.py:190} INFO - [2025-03-27T12:26:56.019+0000] {dagbag.py:588} INFO - Filling up the DagBag from /home/airflow/.local/lib/python3.12/site-packages/airflow/example_dags/example_short_circuit_operator.py
[2025-03-27T12:26:56.035+0000] {processor.py:925} INFO - DAG(s) 'example_short_circuit_operator' retrieved from /home/airflow/.local/lib/python3.12/site-packages/airflow/example_dags/example_short_circuit_operator.py
[2025-03-27T12:26:56.073+0000] {logging_mixin.py:190} INFO - [2025-03-27T12:26:56.072+0000] {dag.py:3239} INFO - Sync 1 DAGs
[2025-03-27T12:26:56.102+0000] {logging_mixin.py:190} INFO - [2025-03-27T12:26:56.102+0000] {dag.py:4180} INFO - Setting next_dagrun for example_short_circuit_operator to None, run_after=None
[2025-03-27T12:26:56.153+0000] {processor.py:208} INFO - Processing /home/airflow/.local/lib/python3.12/site-packages/airflow/example_dags/example_short_circuit_operator.py took 0.146 seconds
[2025-03-27T12:27:26.472+0000] {processor.py:186} INFO - Started process (PID=55880) to work on /home/airflow/.local/lib/python3.12/site-packages/airflow/example_dags/example_short_circuit_operator.py
[2025-03-27T12:27:26.474+0000] {processor.py:914} INFO - Processing file /home/airflow/.local/lib/python3.12/site-packages/airflow/example_dags/example_short_circuit_operator.py for tasks to queue
[2025-03-27T12:27:26.476+0000] {logging_mixin.py:190} INFO - [2025-03-27T12:27:26.475+0000] {dagbag.py:588} INFO - Filling up the DagBag from /home/airflow/.local/lib/python3.12/site-packages/airflow/example_dags/example_short_circuit_operator.py
[2025-03-27T12:27:26.490+0000] {processor.py:925} INFO - DAG(s) 'example_short_circuit_operator' retrieved from /home/airflow/.local/lib/python3.12/site-packages/airflow/example_dags/example_short_circuit_operator.py
[2025-03-27T12:27:26.528+0000] {logging_mixin.py:190} INFO - [2025-03-27T12:27:26.528+0000] {dag.py:3239} INFO - Sync 1 DAGs
[2025-03-27T12:27:26.553+0000] {logging_mixin.py:190} INFO - [2025-03-27T12:27:26.552+0000] {dag.py:4180} INFO - Setting next_dagrun for example_short_circuit_operator to None, run_after=None
[2025-03-27T12:27:26.602+0000] {processor.py:208} INFO - Processing /home/airflow/.local/lib/python3.12/site-packages/airflow/example_dags/example_short_circuit_operator.py took 0.139 seconds
[2025-03-27T12:27:57.716+0000] {processor.py:186} INFO - Started process (PID=55945) to work on /home/airflow/.local/lib/python3.12/site-packages/airflow/example_dags/example_short_circuit_operator.py
[2025-03-27T12:27:57.719+0000] {processor.py:914} INFO - Processing file /home/airflow/.local/lib/python3.12/site-packages/airflow/example_dags/example_short_circuit_operator.py for tasks to queue
[2025-03-27T12:27:57.723+0000] {logging_mixin.py:190} INFO - [2025-03-27T12:27:57.721+0000] {dagbag.py:588} INFO - Filling up the DagBag from /home/airflow/.local/lib/python3.12/site-packages/airflow/example_dags/example_short_circuit_operator.py
[2025-03-27T12:27:57.745+0000] {processor.py:925} INFO - DAG(s) 'example_short_circuit_operator' retrieved from /home/airflow/.local/lib/python3.12/site-packages/airflow/example_dags/example_short_circuit_operator.py
[2025-03-27T12:27:57.795+0000] {logging_mixin.py:190} INFO - [2025-03-27T12:27:57.794+0000] {dag.py:3239} INFO - Sync 1 DAGs
[2025-03-27T12:27:57.832+0000] {logging_mixin.py:190} INFO - [2025-03-27T12:27:57.832+0000] {dag.py:4180} INFO - Setting next_dagrun for example_short_circuit_operator to None, run_after=None
[2025-03-27T12:27:57.881+0000] {processor.py:208} INFO - Processing /home/airflow/.local/lib/python3.12/site-packages/airflow/example_dags/example_short_circuit_operator.py took 0.178 seconds
[2025-03-27T12:28:28.246+0000] {processor.py:186} INFO - Started process (PID=56009) to work on /home/airflow/.local/lib/python3.12/site-packages/airflow/example_dags/example_short_circuit_operator.py
[2025-03-27T12:28:28.249+0000] {processor.py:914} INFO - Processing file /home/airflow/.local/lib/python3.12/site-packages/airflow/example_dags/example_short_circuit_operator.py for tasks to queue
[2025-03-27T12:28:28.252+0000] {logging_mixin.py:190} INFO - [2025-03-27T12:28:28.251+0000] {dagbag.py:588} INFO - Filling up the DagBag from /home/airflow/.local/lib/python3.12/site-packages/airflow/example_dags/example_short_circuit_operator.py
[2025-03-27T12:28:28.269+0000] {processor.py:925} INFO - DAG(s) 'example_short_circuit_operator' retrieved from /home/airflow/.local/lib/python3.12/site-packages/airflow/example_dags/example_short_circuit_operator.py
[2025-03-27T12:28:28.321+0000] {logging_mixin.py:190} INFO - [2025-03-27T12:28:28.321+0000] {dag.py:3239} INFO - Sync 1 DAGs
[2025-03-27T12:28:28.351+0000] {logging_mixin.py:190} INFO - [2025-03-27T12:28:28.351+0000] {dag.py:4180} INFO - Setting next_dagrun for example_short_circuit_operator to None, run_after=None
[2025-03-27T12:28:28.405+0000] {processor.py:208} INFO - Processing /home/airflow/.local/lib/python3.12/site-packages/airflow/example_dags/example_short_circuit_operator.py took 0.172 seconds
[2025-03-27T12:28:58.735+0000] {processor.py:186} INFO - Started process (PID=56074) to work on /home/airflow/.local/lib/python3.12/site-packages/airflow/example_dags/example_short_circuit_operator.py
[2025-03-27T12:28:58.737+0000] {processor.py:914} INFO - Processing file /home/airflow/.local/lib/python3.12/site-packages/airflow/example_dags/example_short_circuit_operator.py for tasks to queue
[2025-03-27T12:28:58.739+0000] {logging_mixin.py:190} INFO - [2025-03-27T12:28:58.739+0000] {dagbag.py:588} INFO - Filling up the DagBag from /home/airflow/.local/lib/python3.12/site-packages/airflow/example_dags/example_short_circuit_operator.py
[2025-03-27T12:28:58.755+0000] {processor.py:925} INFO - DAG(s) 'example_short_circuit_operator' retrieved from /home/airflow/.local/lib/python3.12/site-packages/airflow/example_dags/example_short_circuit_operator.py
[2025-03-27T12:28:58.806+0000] {logging_mixin.py:190} INFO - [2025-03-27T12:28:58.806+0000] {dag.py:3239} INFO - Sync 1 DAGs
[2025-03-27T12:28:58.835+0000] {logging_mixin.py:190} INFO - [2025-03-27T12:28:58.834+0000] {dag.py:4180} INFO - Setting next_dagrun for example_short_circuit_operator to None, run_after=None
[2025-03-27T12:28:58.893+0000] {processor.py:208} INFO - Processing /home/airflow/.local/lib/python3.12/site-packages/airflow/example_dags/example_short_circuit_operator.py took 0.168 seconds
[2025-03-27T12:29:29.305+0000] {processor.py:186} INFO - Started process (PID=56139) to work on /home/airflow/.local/lib/python3.12/site-packages/airflow/example_dags/example_short_circuit_operator.py
[2025-03-27T12:29:29.307+0000] {processor.py:914} INFO - Processing file /home/airflow/.local/lib/python3.12/site-packages/airflow/example_dags/example_short_circuit_operator.py for tasks to queue
[2025-03-27T12:29:29.309+0000] {logging_mixin.py:190} INFO - [2025-03-27T12:29:29.309+0000] {dagbag.py:588} INFO - Filling up the DagBag from /home/airflow/.local/lib/python3.12/site-packages/airflow/example_dags/example_short_circuit_operator.py
[2025-03-27T12:29:29.328+0000] {processor.py:925} INFO - DAG(s) 'example_short_circuit_operator' retrieved from /home/airflow/.local/lib/python3.12/site-packages/airflow/example_dags/example_short_circuit_operator.py
[2025-03-27T12:29:29.376+0000] {logging_mixin.py:190} INFO - [2025-03-27T12:29:29.375+0000] {dag.py:3239} INFO - Sync 1 DAGs
[2025-03-27T12:29:29.405+0000] {logging_mixin.py:190} INFO - [2025-03-27T12:29:29.404+0000] {dag.py:4180} INFO - Setting next_dagrun for example_short_circuit_operator to None, run_after=None
[2025-03-27T12:29:29.444+0000] {processor.py:208} INFO - Processing /home/airflow/.local/lib/python3.12/site-packages/airflow/example_dags/example_short_circuit_operator.py took 0.149 seconds
[2025-03-27T12:29:59.590+0000] {processor.py:186} INFO - Started process (PID=56204) to work on /home/airflow/.local/lib/python3.12/site-packages/airflow/example_dags/example_short_circuit_operator.py
[2025-03-27T12:29:59.591+0000] {processor.py:914} INFO - Processing file /home/airflow/.local/lib/python3.12/site-packages/airflow/example_dags/example_short_circuit_operator.py for tasks to queue
[2025-03-27T12:29:59.594+0000] {logging_mixin.py:190} INFO - [2025-03-27T12:29:59.593+0000] {dagbag.py:588} INFO - Filling up the DagBag from /home/airflow/.local/lib/python3.12/site-packages/airflow/example_dags/example_short_circuit_operator.py
[2025-03-27T12:29:59.608+0000] {processor.py:925} INFO - DAG(s) 'example_short_circuit_operator' retrieved from /home/airflow/.local/lib/python3.12/site-packages/airflow/example_dags/example_short_circuit_operator.py
[2025-03-27T12:29:59.649+0000] {logging_mixin.py:190} INFO - [2025-03-27T12:29:59.649+0000] {dag.py:3239} INFO - Sync 1 DAGs
[2025-03-27T12:29:59.681+0000] {logging_mixin.py:190} INFO - [2025-03-27T12:29:59.681+0000] {dag.py:4180} INFO - Setting next_dagrun for example_short_circuit_operator to None, run_after=None
[2025-03-27T12:29:59.736+0000] {processor.py:208} INFO - Processing /home/airflow/.local/lib/python3.12/site-packages/airflow/example_dags/example_short_circuit_operator.py took 0.156 seconds
[2025-03-27T12:30:29.987+0000] {processor.py:186} INFO - Started process (PID=56267) to work on /home/airflow/.local/lib/python3.12/site-packages/airflow/example_dags/example_short_circuit_operator.py
[2025-03-27T12:30:29.989+0000] {processor.py:914} INFO - Processing file /home/airflow/.local/lib/python3.12/site-packages/airflow/example_dags/example_short_circuit_operator.py for tasks to queue
[2025-03-27T12:30:29.992+0000] {logging_mixin.py:190} INFO - [2025-03-27T12:30:29.991+0000] {dagbag.py:588} INFO - Filling up the DagBag from /home/airflow/.local/lib/python3.12/site-packages/airflow/example_dags/example_short_circuit_operator.py
[2025-03-27T12:30:30.005+0000] {processor.py:925} INFO - DAG(s) 'example_short_circuit_operator' retrieved from /home/airflow/.local/lib/python3.12/site-packages/airflow/example_dags/example_short_circuit_operator.py
[2025-03-27T12:30:30.074+0000] {logging_mixin.py:190} INFO - [2025-03-27T12:30:30.074+0000] {dag.py:3239} INFO - Sync 1 DAGs
[2025-03-27T12:30:30.115+0000] {logging_mixin.py:190} INFO - [2025-03-27T12:30:30.114+0000] {dag.py:4180} INFO - Setting next_dagrun for example_short_circuit_operator to None, run_after=None
[2025-03-27T12:30:30.168+0000] {processor.py:208} INFO - Processing /home/airflow/.local/lib/python3.12/site-packages/airflow/example_dags/example_short_circuit_operator.py took 0.189 seconds
[2025-03-27T12:31:00.726+0000] {processor.py:186} INFO - Started process (PID=56337) to work on /home/airflow/.local/lib/python3.12/site-packages/airflow/example_dags/example_short_circuit_operator.py
[2025-03-27T12:31:00.728+0000] {processor.py:914} INFO - Processing file /home/airflow/.local/lib/python3.12/site-packages/airflow/example_dags/example_short_circuit_operator.py for tasks to queue
[2025-03-27T12:31:00.730+0000] {logging_mixin.py:190} INFO - [2025-03-27T12:31:00.730+0000] {dagbag.py:588} INFO - Filling up the DagBag from /home/airflow/.local/lib/python3.12/site-packages/airflow/example_dags/example_short_circuit_operator.py
[2025-03-27T12:31:00.745+0000] {processor.py:925} INFO - DAG(s) 'example_short_circuit_operator' retrieved from /home/airflow/.local/lib/python3.12/site-packages/airflow/example_dags/example_short_circuit_operator.py
[2025-03-27T12:31:00.783+0000] {logging_mixin.py:190} INFO - [2025-03-27T12:31:00.783+0000] {dag.py:3239} INFO - Sync 1 DAGs
[2025-03-27T12:31:00.806+0000] {logging_mixin.py:190} INFO - [2025-03-27T12:31:00.806+0000] {dag.py:4180} INFO - Setting next_dagrun for example_short_circuit_operator to None, run_after=None
[2025-03-27T12:31:00.851+0000] {processor.py:208} INFO - Processing /home/airflow/.local/lib/python3.12/site-packages/airflow/example_dags/example_short_circuit_operator.py took 0.134 seconds
[2025-03-27T18:31:14.679+0000] {processor.py:186} INFO - Started process (PID=56370) to work on /home/airflow/.local/lib/python3.12/site-packages/airflow/example_dags/example_short_circuit_operator.py
[2025-03-27T18:31:14.682+0000] {processor.py:914} INFO - Processing file /home/airflow/.local/lib/python3.12/site-packages/airflow/example_dags/example_short_circuit_operator.py for tasks to queue
[2025-03-27T18:31:14.695+0000] {logging_mixin.py:190} INFO - [2025-03-27T18:31:14.685+0000] {dagbag.py:588} INFO - Filling up the DagBag from /home/airflow/.local/lib/python3.12/site-packages/airflow/example_dags/example_short_circuit_operator.py
[2025-03-27T18:31:14.729+0000] {processor.py:925} INFO - DAG(s) 'example_short_circuit_operator' retrieved from /home/airflow/.local/lib/python3.12/site-packages/airflow/example_dags/example_short_circuit_operator.py
[2025-03-27T18:31:14.898+0000] {logging_mixin.py:190} INFO - [2025-03-27T18:31:14.897+0000] {dag.py:3239} INFO - Sync 1 DAGs
[2025-03-27T18:31:15.007+0000] {logging_mixin.py:190} INFO - [2025-03-27T18:31:15.007+0000] {dag.py:4180} INFO - Setting next_dagrun for example_short_circuit_operator to None, run_after=None
[2025-03-27T18:31:15.132+0000] {processor.py:208} INFO - Processing /home/airflow/.local/lib/python3.12/site-packages/airflow/example_dags/example_short_circuit_operator.py took 0.487 seconds
