[2025-03-27T11:58:36.709+0000] {processor.py:186} INFO - Started process (PID=52254) to work on /home/airflow/.local/lib/python3.12/site-packages/airflow/example_dags/example_branch_operator_decorator.py
[2025-03-27T11:58:36.712+0000] {processor.py:914} INFO - Processing file /home/airflow/.local/lib/python3.12/site-packages/airflow/example_dags/example_branch_operator_decorator.py for tasks to queue
[2025-03-27T11:58:36.716+0000] {logging_mixin.py:190} INFO - [2025-03-27T11:58:36.715+0000] {dagbag.py:588} INFO - Filling up the DagBag from /home/airflow/.local/lib/python3.12/site-packages/airflow/example_dags/example_branch_operator_decorator.py
[2025-03-27T11:58:36.822+0000] {processor.py:925} INFO - DAG(s) 'example_branch_python_operator_decorator' retrieved from /home/airflow/.local/lib/python3.12/site-packages/airflow/example_dags/example_branch_operator_decorator.py
[2025-03-27T11:58:36.978+0000] {logging_mixin.py:190} INFO - [2025-03-27T11:58:36.977+0000] {dag.py:3239} INFO - Sync 1 DAGs
[2025-03-27T11:58:37.096+0000] {logging_mixin.py:190} INFO - [2025-03-27T11:58:37.095+0000] {dag.py:4180} INFO - Setting next_dagrun for example_branch_python_operator_decorator to 2025-03-26 00:00:00+00:00, run_after=2025-03-27 00:00:00+00:00
[2025-03-27T11:58:37.203+0000] {processor.py:208} INFO - Processing /home/airflow/.local/lib/python3.12/site-packages/airflow/example_dags/example_branch_operator_decorator.py took 0.523 seconds
[2025-03-27T11:59:11.039+0000] {processor.py:186} INFO - Started process (PID=52319) to work on /home/airflow/.local/lib/python3.12/site-packages/airflow/example_dags/example_branch_operator_decorator.py
[2025-03-27T11:59:11.043+0000] {processor.py:914} INFO - Processing file /home/airflow/.local/lib/python3.12/site-packages/airflow/example_dags/example_branch_operator_decorator.py for tasks to queue
[2025-03-27T11:59:11.057+0000] {logging_mixin.py:190} INFO - [2025-03-27T11:59:11.056+0000] {dagbag.py:588} INFO - Filling up the DagBag from /home/airflow/.local/lib/python3.12/site-packages/airflow/example_dags/example_branch_operator_decorator.py
[2025-03-27T11:59:11.212+0000] {processor.py:925} INFO - DAG(s) 'example_branch_python_operator_decorator' retrieved from /home/airflow/.local/lib/python3.12/site-packages/airflow/example_dags/example_branch_operator_decorator.py
[2025-03-27T11:59:11.442+0000] {logging_mixin.py:190} INFO - [2025-03-27T11:59:11.431+0000] {dag.py:3239} INFO - Sync 1 DAGs
[2025-03-27T11:59:11.663+0000] {logging_mixin.py:190} INFO - [2025-03-27T11:59:11.662+0000] {dag.py:4180} INFO - Setting next_dagrun for example_branch_python_operator_decorator to 2025-03-26 00:00:00+00:00, run_after=2025-03-27 00:00:00+00:00
[2025-03-27T11:59:11.786+0000] {processor.py:208} INFO - Processing /home/airflow/.local/lib/python3.12/site-packages/airflow/example_dags/example_branch_operator_decorator.py took 0.776 seconds
[2025-03-27T11:59:42.353+0000] {processor.py:186} INFO - Started process (PID=52383) to work on /home/airflow/.local/lib/python3.12/site-packages/airflow/example_dags/example_branch_operator_decorator.py
[2025-03-27T11:59:42.355+0000] {processor.py:914} INFO - Processing file /home/airflow/.local/lib/python3.12/site-packages/airflow/example_dags/example_branch_operator_decorator.py for tasks to queue
[2025-03-27T11:59:42.364+0000] {logging_mixin.py:190} INFO - [2025-03-27T11:59:42.357+0000] {dagbag.py:588} INFO - Filling up the DagBag from /home/airflow/.local/lib/python3.12/site-packages/airflow/example_dags/example_branch_operator_decorator.py
[2025-03-27T11:59:42.444+0000] {processor.py:925} INFO - DAG(s) 'example_branch_python_operator_decorator' retrieved from /home/airflow/.local/lib/python3.12/site-packages/airflow/example_dags/example_branch_operator_decorator.py
[2025-03-27T11:59:42.545+0000] {logging_mixin.py:190} INFO - [2025-03-27T11:59:42.544+0000] {dag.py:3239} INFO - Sync 1 DAGs
[2025-03-27T11:59:42.680+0000] {logging_mixin.py:190} INFO - [2025-03-27T11:59:42.679+0000] {dag.py:4180} INFO - Setting next_dagrun for example_branch_python_operator_decorator to 2025-03-26 00:00:00+00:00, run_after=2025-03-27 00:00:00+00:00
[2025-03-27T11:59:42.795+0000] {processor.py:208} INFO - Processing /home/airflow/.local/lib/python3.12/site-packages/airflow/example_dags/example_branch_operator_decorator.py took 0.466 seconds
[2025-03-27T12:00:13.200+0000] {processor.py:186} INFO - Started process (PID=52446) to work on /home/airflow/.local/lib/python3.12/site-packages/airflow/example_dags/example_branch_operator_decorator.py
[2025-03-27T12:00:13.203+0000] {processor.py:914} INFO - Processing file /home/airflow/.local/lib/python3.12/site-packages/airflow/example_dags/example_branch_operator_decorator.py for tasks to queue
[2025-03-27T12:00:13.208+0000] {logging_mixin.py:190} INFO - [2025-03-27T12:00:13.207+0000] {dagbag.py:588} INFO - Filling up the DagBag from /home/airflow/.local/lib/python3.12/site-packages/airflow/example_dags/example_branch_operator_decorator.py
[2025-03-27T12:00:13.288+0000] {processor.py:925} INFO - DAG(s) 'example_branch_python_operator_decorator' retrieved from /home/airflow/.local/lib/python3.12/site-packages/airflow/example_dags/example_branch_operator_decorator.py
[2025-03-27T12:00:13.401+0000] {logging_mixin.py:190} INFO - [2025-03-27T12:00:13.400+0000] {dag.py:3239} INFO - Sync 1 DAGs
[2025-03-27T12:00:13.484+0000] {logging_mixin.py:190} INFO - [2025-03-27T12:00:13.483+0000] {dag.py:4180} INFO - Setting next_dagrun for example_branch_python_operator_decorator to 2025-03-26 00:00:00+00:00, run_after=2025-03-27 00:00:00+00:00
[2025-03-27T12:00:13.541+0000] {processor.py:208} INFO - Processing /home/airflow/.local/lib/python3.12/site-packages/airflow/example_dags/example_branch_operator_decorator.py took 0.354 seconds
[2025-03-27T12:00:44.305+0000] {processor.py:186} INFO - Started process (PID=52511) to work on /home/airflow/.local/lib/python3.12/site-packages/airflow/example_dags/example_branch_operator_decorator.py
[2025-03-27T12:00:44.308+0000] {processor.py:914} INFO - Processing file /home/airflow/.local/lib/python3.12/site-packages/airflow/example_dags/example_branch_operator_decorator.py for tasks to queue
[2025-03-27T12:00:44.311+0000] {logging_mixin.py:190} INFO - [2025-03-27T12:00:44.310+0000] {dagbag.py:588} INFO - Filling up the DagBag from /home/airflow/.local/lib/python3.12/site-packages/airflow/example_dags/example_branch_operator_decorator.py
[2025-03-27T12:00:44.356+0000] {processor.py:925} INFO - DAG(s) 'example_branch_python_operator_decorator' retrieved from /home/airflow/.local/lib/python3.12/site-packages/airflow/example_dags/example_branch_operator_decorator.py
[2025-03-27T12:00:44.414+0000] {logging_mixin.py:190} INFO - [2025-03-27T12:00:44.414+0000] {dag.py:3239} INFO - Sync 1 DAGs
[2025-03-27T12:00:44.472+0000] {logging_mixin.py:190} INFO - [2025-03-27T12:00:44.471+0000] {dag.py:4180} INFO - Setting next_dagrun for example_branch_python_operator_decorator to 2025-03-26 00:00:00+00:00, run_after=2025-03-27 00:00:00+00:00
[2025-03-27T12:00:44.525+0000] {processor.py:208} INFO - Processing /home/airflow/.local/lib/python3.12/site-packages/airflow/example_dags/example_branch_operator_decorator.py took 0.230 seconds
[2025-03-27T12:01:14.783+0000] {processor.py:186} INFO - Started process (PID=52576) to work on /home/airflow/.local/lib/python3.12/site-packages/airflow/example_dags/example_branch_operator_decorator.py
[2025-03-27T12:01:14.785+0000] {processor.py:914} INFO - Processing file /home/airflow/.local/lib/python3.12/site-packages/airflow/example_dags/example_branch_operator_decorator.py for tasks to queue
[2025-03-27T12:01:14.788+0000] {logging_mixin.py:190} INFO - [2025-03-27T12:01:14.788+0000] {dagbag.py:588} INFO - Filling up the DagBag from /home/airflow/.local/lib/python3.12/site-packages/airflow/example_dags/example_branch_operator_decorator.py
[2025-03-27T12:01:14.835+0000] {processor.py:925} INFO - DAG(s) 'example_branch_python_operator_decorator' retrieved from /home/airflow/.local/lib/python3.12/site-packages/airflow/example_dags/example_branch_operator_decorator.py
[2025-03-27T12:01:14.900+0000] {logging_mixin.py:190} INFO - [2025-03-27T12:01:14.900+0000] {dag.py:3239} INFO - Sync 1 DAGs
[2025-03-27T12:01:14.958+0000] {logging_mixin.py:190} INFO - [2025-03-27T12:01:14.958+0000] {dag.py:4180} INFO - Setting next_dagrun for example_branch_python_operator_decorator to 2025-03-26 00:00:00+00:00, run_after=2025-03-27 00:00:00+00:00
[2025-03-27T12:01:15.000+0000] {processor.py:208} INFO - Processing /home/airflow/.local/lib/python3.12/site-packages/airflow/example_dags/example_branch_operator_decorator.py took 0.229 seconds
[2025-03-27T12:01:45.523+0000] {processor.py:186} INFO - Started process (PID=52641) to work on /home/airflow/.local/lib/python3.12/site-packages/airflow/example_dags/example_branch_operator_decorator.py
[2025-03-27T12:01:45.525+0000] {processor.py:914} INFO - Processing file /home/airflow/.local/lib/python3.12/site-packages/airflow/example_dags/example_branch_operator_decorator.py for tasks to queue
[2025-03-27T12:01:45.529+0000] {logging_mixin.py:190} INFO - [2025-03-27T12:01:45.528+0000] {dagbag.py:588} INFO - Filling up the DagBag from /home/airflow/.local/lib/python3.12/site-packages/airflow/example_dags/example_branch_operator_decorator.py
[2025-03-27T12:01:45.580+0000] {processor.py:925} INFO - DAG(s) 'example_branch_python_operator_decorator' retrieved from /home/airflow/.local/lib/python3.12/site-packages/airflow/example_dags/example_branch_operator_decorator.py
[2025-03-27T12:01:45.645+0000] {logging_mixin.py:190} INFO - [2025-03-27T12:01:45.644+0000] {dag.py:3239} INFO - Sync 1 DAGs
[2025-03-27T12:01:45.700+0000] {logging_mixin.py:190} INFO - [2025-03-27T12:01:45.700+0000] {dag.py:4180} INFO - Setting next_dagrun for example_branch_python_operator_decorator to 2025-03-26 00:00:00+00:00, run_after=2025-03-27 00:00:00+00:00
[2025-03-27T12:01:45.741+0000] {processor.py:208} INFO - Processing /home/airflow/.local/lib/python3.12/site-packages/airflow/example_dags/example_branch_operator_decorator.py took 0.227 seconds
[2025-03-27T12:02:15.981+0000] {processor.py:186} INFO - Started process (PID=52706) to work on /home/airflow/.local/lib/python3.12/site-packages/airflow/example_dags/example_branch_operator_decorator.py
[2025-03-27T12:02:15.983+0000] {processor.py:914} INFO - Processing file /home/airflow/.local/lib/python3.12/site-packages/airflow/example_dags/example_branch_operator_decorator.py for tasks to queue
[2025-03-27T12:02:15.986+0000] {logging_mixin.py:190} INFO - [2025-03-27T12:02:15.986+0000] {dagbag.py:588} INFO - Filling up the DagBag from /home/airflow/.local/lib/python3.12/site-packages/airflow/example_dags/example_branch_operator_decorator.py
[2025-03-27T12:02:16.029+0000] {processor.py:925} INFO - DAG(s) 'example_branch_python_operator_decorator' retrieved from /home/airflow/.local/lib/python3.12/site-packages/airflow/example_dags/example_branch_operator_decorator.py
[2025-03-27T12:02:16.078+0000] {logging_mixin.py:190} INFO - [2025-03-27T12:02:16.077+0000] {dag.py:3239} INFO - Sync 1 DAGs
[2025-03-27T12:02:16.123+0000] {logging_mixin.py:190} INFO - [2025-03-27T12:02:16.122+0000] {dag.py:4180} INFO - Setting next_dagrun for example_branch_python_operator_decorator to 2025-03-26 00:00:00+00:00, run_after=2025-03-27 00:00:00+00:00
[2025-03-27T12:02:16.178+0000] {processor.py:208} INFO - Processing /home/airflow/.local/lib/python3.12/site-packages/airflow/example_dags/example_branch_operator_decorator.py took 0.206 seconds
[2025-03-27T12:02:46.297+0000] {processor.py:186} INFO - Started process (PID=52770) to work on /home/airflow/.local/lib/python3.12/site-packages/airflow/example_dags/example_branch_operator_decorator.py
[2025-03-27T12:02:46.299+0000] {processor.py:914} INFO - Processing file /home/airflow/.local/lib/python3.12/site-packages/airflow/example_dags/example_branch_operator_decorator.py for tasks to queue
[2025-03-27T12:02:46.302+0000] {logging_mixin.py:190} INFO - [2025-03-27T12:02:46.301+0000] {dagbag.py:588} INFO - Filling up the DagBag from /home/airflow/.local/lib/python3.12/site-packages/airflow/example_dags/example_branch_operator_decorator.py
[2025-03-27T12:02:46.344+0000] {processor.py:925} INFO - DAG(s) 'example_branch_python_operator_decorator' retrieved from /home/airflow/.local/lib/python3.12/site-packages/airflow/example_dags/example_branch_operator_decorator.py
[2025-03-27T12:02:46.394+0000] {logging_mixin.py:190} INFO - [2025-03-27T12:02:46.394+0000] {dag.py:3239} INFO - Sync 1 DAGs
[2025-03-27T12:02:46.435+0000] {logging_mixin.py:190} INFO - [2025-03-27T12:02:46.434+0000] {dag.py:4180} INFO - Setting next_dagrun for example_branch_python_operator_decorator to 2025-03-26 00:00:00+00:00, run_after=2025-03-27 00:00:00+00:00
[2025-03-27T12:02:46.474+0000] {processor.py:208} INFO - Processing /home/airflow/.local/lib/python3.12/site-packages/airflow/example_dags/example_branch_operator_decorator.py took 0.187 seconds
[2025-03-27T12:03:16.585+0000] {processor.py:186} INFO - Started process (PID=52835) to work on /home/airflow/.local/lib/python3.12/site-packages/airflow/example_dags/example_branch_operator_decorator.py
[2025-03-27T12:03:16.587+0000] {processor.py:914} INFO - Processing file /home/airflow/.local/lib/python3.12/site-packages/airflow/example_dags/example_branch_operator_decorator.py for tasks to queue
[2025-03-27T12:03:16.589+0000] {logging_mixin.py:190} INFO - [2025-03-27T12:03:16.589+0000] {dagbag.py:588} INFO - Filling up the DagBag from /home/airflow/.local/lib/python3.12/site-packages/airflow/example_dags/example_branch_operator_decorator.py
[2025-03-27T12:03:16.635+0000] {processor.py:925} INFO - DAG(s) 'example_branch_python_operator_decorator' retrieved from /home/airflow/.local/lib/python3.12/site-packages/airflow/example_dags/example_branch_operator_decorator.py
[2025-03-27T12:03:16.690+0000] {logging_mixin.py:190} INFO - [2025-03-27T12:03:16.689+0000] {dag.py:3239} INFO - Sync 1 DAGs
[2025-03-27T12:03:16.741+0000] {logging_mixin.py:190} INFO - [2025-03-27T12:03:16.740+0000] {dag.py:4180} INFO - Setting next_dagrun for example_branch_python_operator_decorator to 2025-03-26 00:00:00+00:00, run_after=2025-03-27 00:00:00+00:00
[2025-03-27T12:03:16.795+0000] {processor.py:208} INFO - Processing /home/airflow/.local/lib/python3.12/site-packages/airflow/example_dags/example_branch_operator_decorator.py took 0.222 seconds
[2025-03-27T12:03:47.205+0000] {processor.py:186} INFO - Started process (PID=52900) to work on /home/airflow/.local/lib/python3.12/site-packages/airflow/example_dags/example_branch_operator_decorator.py
[2025-03-27T12:03:47.207+0000] {processor.py:914} INFO - Processing file /home/airflow/.local/lib/python3.12/site-packages/airflow/example_dags/example_branch_operator_decorator.py for tasks to queue
[2025-03-27T12:03:47.210+0000] {logging_mixin.py:190} INFO - [2025-03-27T12:03:47.209+0000] {dagbag.py:588} INFO - Filling up the DagBag from /home/airflow/.local/lib/python3.12/site-packages/airflow/example_dags/example_branch_operator_decorator.py
[2025-03-27T12:03:47.260+0000] {processor.py:925} INFO - DAG(s) 'example_branch_python_operator_decorator' retrieved from /home/airflow/.local/lib/python3.12/site-packages/airflow/example_dags/example_branch_operator_decorator.py
[2025-03-27T12:03:47.330+0000] {logging_mixin.py:190} INFO - [2025-03-27T12:03:47.330+0000] {dag.py:3239} INFO - Sync 1 DAGs
[2025-03-27T12:03:47.384+0000] {logging_mixin.py:190} INFO - [2025-03-27T12:03:47.383+0000] {dag.py:4180} INFO - Setting next_dagrun for example_branch_python_operator_decorator to 2025-03-26 00:00:00+00:00, run_after=2025-03-27 00:00:00+00:00
[2025-03-27T12:03:47.443+0000] {processor.py:208} INFO - Processing /home/airflow/.local/lib/python3.12/site-packages/airflow/example_dags/example_branch_operator_decorator.py took 0.250 seconds
[2025-03-27T12:04:19.771+0000] {processor.py:186} INFO - Started process (PID=52963) to work on /home/airflow/.local/lib/python3.12/site-packages/airflow/example_dags/example_branch_operator_decorator.py
[2025-03-27T12:04:19.780+0000] {processor.py:914} INFO - Processing file /home/airflow/.local/lib/python3.12/site-packages/airflow/example_dags/example_branch_operator_decorator.py for tasks to queue
[2025-03-27T12:04:19.784+0000] {logging_mixin.py:190} INFO - [2025-03-27T12:04:19.783+0000] {dagbag.py:588} INFO - Filling up the DagBag from /home/airflow/.local/lib/python3.12/site-packages/airflow/example_dags/example_branch_operator_decorator.py
[2025-03-27T12:04:19.872+0000] {processor.py:925} INFO - DAG(s) 'example_branch_python_operator_decorator' retrieved from /home/airflow/.local/lib/python3.12/site-packages/airflow/example_dags/example_branch_operator_decorator.py
[2025-03-27T12:04:20.004+0000] {logging_mixin.py:190} INFO - [2025-03-27T12:04:20.003+0000] {dag.py:3239} INFO - Sync 1 DAGs
[2025-03-27T12:04:20.109+0000] {logging_mixin.py:190} INFO - [2025-03-27T12:04:20.108+0000] {dag.py:4180} INFO - Setting next_dagrun for example_branch_python_operator_decorator to 2025-03-26 00:00:00+00:00, run_after=2025-03-27 00:00:00+00:00
[2025-03-27T12:04:20.181+0000] {processor.py:208} INFO - Processing /home/airflow/.local/lib/python3.12/site-packages/airflow/example_dags/example_branch_operator_decorator.py took 0.433 seconds
[2025-03-27T12:04:50.451+0000] {processor.py:186} INFO - Started process (PID=53029) to work on /home/airflow/.local/lib/python3.12/site-packages/airflow/example_dags/example_branch_operator_decorator.py
[2025-03-27T12:04:50.454+0000] {processor.py:914} INFO - Processing file /home/airflow/.local/lib/python3.12/site-packages/airflow/example_dags/example_branch_operator_decorator.py for tasks to queue
[2025-03-27T12:04:50.457+0000] {logging_mixin.py:190} INFO - [2025-03-27T12:04:50.456+0000] {dagbag.py:588} INFO - Filling up the DagBag from /home/airflow/.local/lib/python3.12/site-packages/airflow/example_dags/example_branch_operator_decorator.py
[2025-03-27T12:04:50.533+0000] {processor.py:925} INFO - DAG(s) 'example_branch_python_operator_decorator' retrieved from /home/airflow/.local/lib/python3.12/site-packages/airflow/example_dags/example_branch_operator_decorator.py
[2025-03-27T12:04:50.657+0000] {logging_mixin.py:190} INFO - [2025-03-27T12:04:50.656+0000] {dag.py:3239} INFO - Sync 1 DAGs
[2025-03-27T12:04:50.765+0000] {logging_mixin.py:190} INFO - [2025-03-27T12:04:50.764+0000] {dag.py:4180} INFO - Setting next_dagrun for example_branch_python_operator_decorator to 2025-03-26 00:00:00+00:00, run_after=2025-03-27 00:00:00+00:00
[2025-03-27T12:04:50.827+0000] {processor.py:208} INFO - Processing /home/airflow/.local/lib/python3.12/site-packages/airflow/example_dags/example_branch_operator_decorator.py took 0.386 seconds
[2025-03-27T12:05:21.992+0000] {processor.py:186} INFO - Started process (PID=53093) to work on /home/airflow/.local/lib/python3.12/site-packages/airflow/example_dags/example_branch_operator_decorator.py
[2025-03-27T12:05:21.994+0000] {processor.py:914} INFO - Processing file /home/airflow/.local/lib/python3.12/site-packages/airflow/example_dags/example_branch_operator_decorator.py for tasks to queue
[2025-03-27T12:05:21.997+0000] {logging_mixin.py:190} INFO - [2025-03-27T12:05:21.997+0000] {dagbag.py:588} INFO - Filling up the DagBag from /home/airflow/.local/lib/python3.12/site-packages/airflow/example_dags/example_branch_operator_decorator.py
[2025-03-27T12:05:22.049+0000] {processor.py:925} INFO - DAG(s) 'example_branch_python_operator_decorator' retrieved from /home/airflow/.local/lib/python3.12/site-packages/airflow/example_dags/example_branch_operator_decorator.py
[2025-03-27T12:05:22.103+0000] {logging_mixin.py:190} INFO - [2025-03-27T12:05:22.103+0000] {dag.py:3239} INFO - Sync 1 DAGs
[2025-03-27T12:05:22.159+0000] {logging_mixin.py:190} INFO - [2025-03-27T12:05:22.158+0000] {dag.py:4180} INFO - Setting next_dagrun for example_branch_python_operator_decorator to 2025-03-26 00:00:00+00:00, run_after=2025-03-27 00:00:00+00:00
[2025-03-27T12:05:22.218+0000] {processor.py:208} INFO - Processing /home/airflow/.local/lib/python3.12/site-packages/airflow/example_dags/example_branch_operator_decorator.py took 0.241 seconds
[2025-03-27T12:05:52.329+0000] {processor.py:186} INFO - Started process (PID=53157) to work on /home/airflow/.local/lib/python3.12/site-packages/airflow/example_dags/example_branch_operator_decorator.py
[2025-03-27T12:05:52.331+0000] {processor.py:914} INFO - Processing file /home/airflow/.local/lib/python3.12/site-packages/airflow/example_dags/example_branch_operator_decorator.py for tasks to queue
[2025-03-27T12:05:52.334+0000] {logging_mixin.py:190} INFO - [2025-03-27T12:05:52.333+0000] {dagbag.py:588} INFO - Filling up the DagBag from /home/airflow/.local/lib/python3.12/site-packages/airflow/example_dags/example_branch_operator_decorator.py
[2025-03-27T12:05:52.380+0000] {processor.py:925} INFO - DAG(s) 'example_branch_python_operator_decorator' retrieved from /home/airflow/.local/lib/python3.12/site-packages/airflow/example_dags/example_branch_operator_decorator.py
[2025-03-27T12:05:52.443+0000] {logging_mixin.py:190} INFO - [2025-03-27T12:05:52.442+0000] {dag.py:3239} INFO - Sync 1 DAGs
[2025-03-27T12:05:52.489+0000] {logging_mixin.py:190} INFO - [2025-03-27T12:05:52.488+0000] {dag.py:4180} INFO - Setting next_dagrun for example_branch_python_operator_decorator to 2025-03-26 00:00:00+00:00, run_after=2025-03-27 00:00:00+00:00
[2025-03-27T12:05:52.532+0000] {processor.py:208} INFO - Processing /home/airflow/.local/lib/python3.12/site-packages/airflow/example_dags/example_branch_operator_decorator.py took 0.213 seconds
[2025-03-27T12:06:22.910+0000] {processor.py:186} INFO - Started process (PID=53221) to work on /home/airflow/.local/lib/python3.12/site-packages/airflow/example_dags/example_branch_operator_decorator.py
[2025-03-27T12:06:22.913+0000] {processor.py:914} INFO - Processing file /home/airflow/.local/lib/python3.12/site-packages/airflow/example_dags/example_branch_operator_decorator.py for tasks to queue
[2025-03-27T12:06:22.915+0000] {logging_mixin.py:190} INFO - [2025-03-27T12:06:22.915+0000] {dagbag.py:588} INFO - Filling up the DagBag from /home/airflow/.local/lib/python3.12/site-packages/airflow/example_dags/example_branch_operator_decorator.py
[2025-03-27T12:06:22.963+0000] {processor.py:925} INFO - DAG(s) 'example_branch_python_operator_decorator' retrieved from /home/airflow/.local/lib/python3.12/site-packages/airflow/example_dags/example_branch_operator_decorator.py
[2025-03-27T12:06:23.025+0000] {logging_mixin.py:190} INFO - [2025-03-27T12:06:23.024+0000] {dag.py:3239} INFO - Sync 1 DAGs
[2025-03-27T12:06:23.079+0000] {logging_mixin.py:190} INFO - [2025-03-27T12:06:23.079+0000] {dag.py:4180} INFO - Setting next_dagrun for example_branch_python_operator_decorator to 2025-03-26 00:00:00+00:00, run_after=2025-03-27 00:00:00+00:00
[2025-03-27T12:06:23.142+0000] {processor.py:208} INFO - Processing /home/airflow/.local/lib/python3.12/site-packages/airflow/example_dags/example_branch_operator_decorator.py took 0.244 seconds
[2025-03-27T12:06:54.538+0000] {processor.py:186} INFO - Started process (PID=53284) to work on /home/airflow/.local/lib/python3.12/site-packages/airflow/example_dags/example_branch_operator_decorator.py
[2025-03-27T12:06:54.544+0000] {processor.py:914} INFO - Processing file /home/airflow/.local/lib/python3.12/site-packages/airflow/example_dags/example_branch_operator_decorator.py for tasks to queue
[2025-03-27T12:06:54.548+0000] {logging_mixin.py:190} INFO - [2025-03-27T12:06:54.546+0000] {dagbag.py:588} INFO - Filling up the DagBag from /home/airflow/.local/lib/python3.12/site-packages/airflow/example_dags/example_branch_operator_decorator.py
[2025-03-27T12:06:54.644+0000] {processor.py:925} INFO - DAG(s) 'example_branch_python_operator_decorator' retrieved from /home/airflow/.local/lib/python3.12/site-packages/airflow/example_dags/example_branch_operator_decorator.py
[2025-03-27T12:06:54.876+0000] {logging_mixin.py:190} INFO - [2025-03-27T12:06:54.875+0000] {dag.py:3239} INFO - Sync 1 DAGs
[2025-03-27T12:06:56.148+0000] {logging_mixin.py:190} INFO - [2025-03-27T12:06:56.148+0000] {dag.py:4180} INFO - Setting next_dagrun for example_branch_python_operator_decorator to 2025-03-26 00:00:00+00:00, run_after=2025-03-27 00:00:00+00:00
[2025-03-27T12:06:56.237+0000] {processor.py:208} INFO - Processing /home/airflow/.local/lib/python3.12/site-packages/airflow/example_dags/example_branch_operator_decorator.py took 1.717 seconds
[2025-03-27T12:07:27.162+0000] {processor.py:186} INFO - Started process (PID=53356) to work on /home/airflow/.local/lib/python3.12/site-packages/airflow/example_dags/example_branch_operator_decorator.py
[2025-03-27T12:07:27.165+0000] {processor.py:914} INFO - Processing file /home/airflow/.local/lib/python3.12/site-packages/airflow/example_dags/example_branch_operator_decorator.py for tasks to queue
[2025-03-27T12:07:27.169+0000] {logging_mixin.py:190} INFO - [2025-03-27T12:07:27.168+0000] {dagbag.py:588} INFO - Filling up the DagBag from /home/airflow/.local/lib/python3.12/site-packages/airflow/example_dags/example_branch_operator_decorator.py
[2025-03-27T12:07:27.250+0000] {processor.py:925} INFO - DAG(s) 'example_branch_python_operator_decorator' retrieved from /home/airflow/.local/lib/python3.12/site-packages/airflow/example_dags/example_branch_operator_decorator.py
[2025-03-27T12:07:27.361+0000] {logging_mixin.py:190} INFO - [2025-03-27T12:07:27.361+0000] {dag.py:3239} INFO - Sync 1 DAGs
[2025-03-27T12:07:27.861+0000] {logging_mixin.py:190} INFO - [2025-03-27T12:07:27.861+0000] {dag.py:4180} INFO - Setting next_dagrun for example_branch_python_operator_decorator to 2025-03-26 00:00:00+00:00, run_after=2025-03-27 00:00:00+00:00
[2025-03-27T12:07:27.924+0000] {processor.py:208} INFO - Processing /home/airflow/.local/lib/python3.12/site-packages/airflow/example_dags/example_branch_operator_decorator.py took 0.782 seconds
[2025-03-27T12:07:59.654+0000] {processor.py:186} INFO - Started process (PID=53423) to work on /home/airflow/.local/lib/python3.12/site-packages/airflow/example_dags/example_branch_operator_decorator.py
[2025-03-27T12:07:59.656+0000] {processor.py:914} INFO - Processing file /home/airflow/.local/lib/python3.12/site-packages/airflow/example_dags/example_branch_operator_decorator.py for tasks to queue
[2025-03-27T12:07:59.661+0000] {logging_mixin.py:190} INFO - [2025-03-27T12:07:59.659+0000] {dagbag.py:588} INFO - Filling up the DagBag from /home/airflow/.local/lib/python3.12/site-packages/airflow/example_dags/example_branch_operator_decorator.py
[2025-03-27T12:07:59.731+0000] {processor.py:925} INFO - DAG(s) 'example_branch_python_operator_decorator' retrieved from /home/airflow/.local/lib/python3.12/site-packages/airflow/example_dags/example_branch_operator_decorator.py
[2025-03-27T12:07:59.811+0000] {logging_mixin.py:190} INFO - [2025-03-27T12:07:59.810+0000] {dag.py:3239} INFO - Sync 1 DAGs
[2025-03-27T12:08:00.508+0000] {logging_mixin.py:190} INFO - [2025-03-27T12:08:00.507+0000] {dag.py:4180} INFO - Setting next_dagrun for example_branch_python_operator_decorator to 2025-03-26 00:00:00+00:00, run_after=2025-03-27 00:00:00+00:00
[2025-03-27T12:08:00.588+0000] {processor.py:208} INFO - Processing /home/airflow/.local/lib/python3.12/site-packages/airflow/example_dags/example_branch_operator_decorator.py took 0.953 seconds
[2025-03-27T12:08:32.912+0000] {processor.py:186} INFO - Started process (PID=53488) to work on /home/airflow/.local/lib/python3.12/site-packages/airflow/example_dags/example_branch_operator_decorator.py
[2025-03-27T12:08:32.916+0000] {processor.py:914} INFO - Processing file /home/airflow/.local/lib/python3.12/site-packages/airflow/example_dags/example_branch_operator_decorator.py for tasks to queue
[2025-03-27T12:08:32.920+0000] {logging_mixin.py:190} INFO - [2025-03-27T12:08:32.919+0000] {dagbag.py:588} INFO - Filling up the DagBag from /home/airflow/.local/lib/python3.12/site-packages/airflow/example_dags/example_branch_operator_decorator.py
[2025-03-27T12:08:33.002+0000] {processor.py:925} INFO - DAG(s) 'example_branch_python_operator_decorator' retrieved from /home/airflow/.local/lib/python3.12/site-packages/airflow/example_dags/example_branch_operator_decorator.py
[2025-03-27T12:08:33.160+0000] {logging_mixin.py:190} INFO - [2025-03-27T12:08:33.159+0000] {dag.py:3239} INFO - Sync 1 DAGs
[2025-03-27T12:08:33.733+0000] {logging_mixin.py:190} INFO - [2025-03-27T12:08:33.732+0000] {dag.py:4180} INFO - Setting next_dagrun for example_branch_python_operator_decorator to 2025-03-26 00:00:00+00:00, run_after=2025-03-27 00:00:00+00:00
[2025-03-27T12:08:33.797+0000] {processor.py:208} INFO - Processing /home/airflow/.local/lib/python3.12/site-packages/airflow/example_dags/example_branch_operator_decorator.py took 0.910 seconds
[2025-03-27T12:09:04.728+0000] {processor.py:186} INFO - Started process (PID=53553) to work on /home/airflow/.local/lib/python3.12/site-packages/airflow/example_dags/example_branch_operator_decorator.py
[2025-03-27T12:09:04.730+0000] {processor.py:914} INFO - Processing file /home/airflow/.local/lib/python3.12/site-packages/airflow/example_dags/example_branch_operator_decorator.py for tasks to queue
[2025-03-27T12:09:04.734+0000] {logging_mixin.py:190} INFO - [2025-03-27T12:09:04.733+0000] {dagbag.py:588} INFO - Filling up the DagBag from /home/airflow/.local/lib/python3.12/site-packages/airflow/example_dags/example_branch_operator_decorator.py
[2025-03-27T12:09:04.777+0000] {processor.py:925} INFO - DAG(s) 'example_branch_python_operator_decorator' retrieved from /home/airflow/.local/lib/python3.12/site-packages/airflow/example_dags/example_branch_operator_decorator.py
[2025-03-27T12:09:04.845+0000] {logging_mixin.py:190} INFO - [2025-03-27T12:09:04.844+0000] {dag.py:3239} INFO - Sync 1 DAGs
[2025-03-27T12:09:04.925+0000] {logging_mixin.py:190} INFO - [2025-03-27T12:09:04.924+0000] {dag.py:4180} INFO - Setting next_dagrun for example_branch_python_operator_decorator to 2025-03-26 00:00:00+00:00, run_after=2025-03-27 00:00:00+00:00
[2025-03-27T12:09:04.973+0000] {processor.py:208} INFO - Processing /home/airflow/.local/lib/python3.12/site-packages/airflow/example_dags/example_branch_operator_decorator.py took 0.257 seconds
[2025-03-27T12:09:35.914+0000] {processor.py:186} INFO - Started process (PID=53618) to work on /home/airflow/.local/lib/python3.12/site-packages/airflow/example_dags/example_branch_operator_decorator.py
[2025-03-27T12:09:35.925+0000] {processor.py:914} INFO - Processing file /home/airflow/.local/lib/python3.12/site-packages/airflow/example_dags/example_branch_operator_decorator.py for tasks to queue
[2025-03-27T12:09:35.945+0000] {logging_mixin.py:190} INFO - [2025-03-27T12:09:35.944+0000] {dagbag.py:588} INFO - Filling up the DagBag from /home/airflow/.local/lib/python3.12/site-packages/airflow/example_dags/example_branch_operator_decorator.py
[2025-03-27T12:09:36.086+0000] {processor.py:925} INFO - DAG(s) 'example_branch_python_operator_decorator' retrieved from /home/airflow/.local/lib/python3.12/site-packages/airflow/example_dags/example_branch_operator_decorator.py
[2025-03-27T12:09:36.245+0000] {logging_mixin.py:190} INFO - [2025-03-27T12:09:36.244+0000] {dag.py:3239} INFO - Sync 1 DAGs
[2025-03-27T12:09:36.353+0000] {logging_mixin.py:190} INFO - [2025-03-27T12:09:36.353+0000] {dag.py:4180} INFO - Setting next_dagrun for example_branch_python_operator_decorator to 2025-03-26 00:00:00+00:00, run_after=2025-03-27 00:00:00+00:00
[2025-03-27T12:09:36.518+0000] {processor.py:208} INFO - Processing /home/airflow/.local/lib/python3.12/site-packages/airflow/example_dags/example_branch_operator_decorator.py took 0.619 seconds
[2025-03-27T12:10:06.885+0000] {processor.py:186} INFO - Started process (PID=53681) to work on /home/airflow/.local/lib/python3.12/site-packages/airflow/example_dags/example_branch_operator_decorator.py
[2025-03-27T12:10:06.892+0000] {processor.py:914} INFO - Processing file /home/airflow/.local/lib/python3.12/site-packages/airflow/example_dags/example_branch_operator_decorator.py for tasks to queue
[2025-03-27T12:10:06.898+0000] {logging_mixin.py:190} INFO - [2025-03-27T12:10:06.896+0000] {dagbag.py:588} INFO - Filling up the DagBag from /home/airflow/.local/lib/python3.12/site-packages/airflow/example_dags/example_branch_operator_decorator.py
[2025-03-27T12:10:06.996+0000] {processor.py:925} INFO - DAG(s) 'example_branch_python_operator_decorator' retrieved from /home/airflow/.local/lib/python3.12/site-packages/airflow/example_dags/example_branch_operator_decorator.py
[2025-03-27T12:10:07.126+0000] {logging_mixin.py:190} INFO - [2025-03-27T12:10:07.118+0000] {dag.py:3239} INFO - Sync 1 DAGs
[2025-03-27T12:10:07.279+0000] {logging_mixin.py:190} INFO - [2025-03-27T12:10:07.278+0000] {dag.py:4180} INFO - Setting next_dagrun for example_branch_python_operator_decorator to 2025-03-26 00:00:00+00:00, run_after=2025-03-27 00:00:00+00:00
[2025-03-27T12:10:07.385+0000] {processor.py:208} INFO - Processing /home/airflow/.local/lib/python3.12/site-packages/airflow/example_dags/example_branch_operator_decorator.py took 0.524 seconds
[2025-03-27T12:10:38.187+0000] {processor.py:186} INFO - Started process (PID=53746) to work on /home/airflow/.local/lib/python3.12/site-packages/airflow/example_dags/example_branch_operator_decorator.py
[2025-03-27T12:10:38.188+0000] {processor.py:914} INFO - Processing file /home/airflow/.local/lib/python3.12/site-packages/airflow/example_dags/example_branch_operator_decorator.py for tasks to queue
[2025-03-27T12:10:38.191+0000] {logging_mixin.py:190} INFO - [2025-03-27T12:10:38.190+0000] {dagbag.py:588} INFO - Filling up the DagBag from /home/airflow/.local/lib/python3.12/site-packages/airflow/example_dags/example_branch_operator_decorator.py
[2025-03-27T12:10:38.242+0000] {processor.py:925} INFO - DAG(s) 'example_branch_python_operator_decorator' retrieved from /home/airflow/.local/lib/python3.12/site-packages/airflow/example_dags/example_branch_operator_decorator.py
[2025-03-27T12:10:38.316+0000] {logging_mixin.py:190} INFO - [2025-03-27T12:10:38.316+0000] {dag.py:3239} INFO - Sync 1 DAGs
[2025-03-27T12:10:38.371+0000] {logging_mixin.py:190} INFO - [2025-03-27T12:10:38.370+0000] {dag.py:4180} INFO - Setting next_dagrun for example_branch_python_operator_decorator to 2025-03-26 00:00:00+00:00, run_after=2025-03-27 00:00:00+00:00
[2025-03-27T12:10:38.416+0000] {processor.py:208} INFO - Processing /home/airflow/.local/lib/python3.12/site-packages/airflow/example_dags/example_branch_operator_decorator.py took 0.240 seconds
[2025-03-27T12:11:08.572+0000] {processor.py:186} INFO - Started process (PID=53811) to work on /home/airflow/.local/lib/python3.12/site-packages/airflow/example_dags/example_branch_operator_decorator.py
[2025-03-27T12:11:08.575+0000] {processor.py:914} INFO - Processing file /home/airflow/.local/lib/python3.12/site-packages/airflow/example_dags/example_branch_operator_decorator.py for tasks to queue
[2025-03-27T12:11:08.580+0000] {logging_mixin.py:190} INFO - [2025-03-27T12:11:08.578+0000] {dagbag.py:588} INFO - Filling up the DagBag from /home/airflow/.local/lib/python3.12/site-packages/airflow/example_dags/example_branch_operator_decorator.py
[2025-03-27T12:11:08.648+0000] {processor.py:925} INFO - DAG(s) 'example_branch_python_operator_decorator' retrieved from /home/airflow/.local/lib/python3.12/site-packages/airflow/example_dags/example_branch_operator_decorator.py
[2025-03-27T12:11:08.758+0000] {logging_mixin.py:190} INFO - [2025-03-27T12:11:08.757+0000] {dag.py:3239} INFO - Sync 1 DAGs
[2025-03-27T12:11:08.857+0000] {logging_mixin.py:190} INFO - [2025-03-27T12:11:08.856+0000] {dag.py:4180} INFO - Setting next_dagrun for example_branch_python_operator_decorator to 2025-03-26 00:00:00+00:00, run_after=2025-03-27 00:00:00+00:00
[2025-03-27T12:11:08.921+0000] {processor.py:208} INFO - Processing /home/airflow/.local/lib/python3.12/site-packages/airflow/example_dags/example_branch_operator_decorator.py took 0.368 seconds
[2025-03-27T12:11:39.839+0000] {processor.py:186} INFO - Started process (PID=53875) to work on /home/airflow/.local/lib/python3.12/site-packages/airflow/example_dags/example_branch_operator_decorator.py
[2025-03-27T12:11:39.841+0000] {processor.py:914} INFO - Processing file /home/airflow/.local/lib/python3.12/site-packages/airflow/example_dags/example_branch_operator_decorator.py for tasks to queue
[2025-03-27T12:11:39.845+0000] {logging_mixin.py:190} INFO - [2025-03-27T12:11:39.844+0000] {dagbag.py:588} INFO - Filling up the DagBag from /home/airflow/.local/lib/python3.12/site-packages/airflow/example_dags/example_branch_operator_decorator.py
[2025-03-27T12:11:39.905+0000] {processor.py:925} INFO - DAG(s) 'example_branch_python_operator_decorator' retrieved from /home/airflow/.local/lib/python3.12/site-packages/airflow/example_dags/example_branch_operator_decorator.py
[2025-03-27T12:11:39.976+0000] {logging_mixin.py:190} INFO - [2025-03-27T12:11:39.975+0000] {dag.py:3239} INFO - Sync 1 DAGs
[2025-03-27T12:11:40.049+0000] {logging_mixin.py:190} INFO - [2025-03-27T12:11:40.049+0000] {dag.py:4180} INFO - Setting next_dagrun for example_branch_python_operator_decorator to 2025-03-26 00:00:00+00:00, run_after=2025-03-27 00:00:00+00:00
[2025-03-27T12:11:40.102+0000] {processor.py:208} INFO - Processing /home/airflow/.local/lib/python3.12/site-packages/airflow/example_dags/example_branch_operator_decorator.py took 0.273 seconds
[2025-03-27T12:12:10.523+0000] {processor.py:186} INFO - Started process (PID=53940) to work on /home/airflow/.local/lib/python3.12/site-packages/airflow/example_dags/example_branch_operator_decorator.py
[2025-03-27T12:12:10.527+0000] {processor.py:914} INFO - Processing file /home/airflow/.local/lib/python3.12/site-packages/airflow/example_dags/example_branch_operator_decorator.py for tasks to queue
[2025-03-27T12:12:10.530+0000] {logging_mixin.py:190} INFO - [2025-03-27T12:12:10.529+0000] {dagbag.py:588} INFO - Filling up the DagBag from /home/airflow/.local/lib/python3.12/site-packages/airflow/example_dags/example_branch_operator_decorator.py
[2025-03-27T12:12:10.586+0000] {processor.py:925} INFO - DAG(s) 'example_branch_python_operator_decorator' retrieved from /home/airflow/.local/lib/python3.12/site-packages/airflow/example_dags/example_branch_operator_decorator.py
[2025-03-27T12:12:10.646+0000] {logging_mixin.py:190} INFO - [2025-03-27T12:12:10.645+0000] {dag.py:3239} INFO - Sync 1 DAGs
[2025-03-27T12:12:10.690+0000] {logging_mixin.py:190} INFO - [2025-03-27T12:12:10.689+0000] {dag.py:4180} INFO - Setting next_dagrun for example_branch_python_operator_decorator to 2025-03-26 00:00:00+00:00, run_after=2025-03-27 00:00:00+00:00
[2025-03-27T12:12:10.732+0000] {processor.py:208} INFO - Processing /home/airflow/.local/lib/python3.12/site-packages/airflow/example_dags/example_branch_operator_decorator.py took 0.222 seconds
[2025-03-27T12:12:41.006+0000] {processor.py:186} INFO - Started process (PID=54006) to work on /home/airflow/.local/lib/python3.12/site-packages/airflow/example_dags/example_branch_operator_decorator.py
[2025-03-27T12:12:41.008+0000] {processor.py:914} INFO - Processing file /home/airflow/.local/lib/python3.12/site-packages/airflow/example_dags/example_branch_operator_decorator.py for tasks to queue
[2025-03-27T12:12:41.011+0000] {logging_mixin.py:190} INFO - [2025-03-27T12:12:41.010+0000] {dagbag.py:588} INFO - Filling up the DagBag from /home/airflow/.local/lib/python3.12/site-packages/airflow/example_dags/example_branch_operator_decorator.py
[2025-03-27T12:12:41.055+0000] {processor.py:925} INFO - DAG(s) 'example_branch_python_operator_decorator' retrieved from /home/airflow/.local/lib/python3.12/site-packages/airflow/example_dags/example_branch_operator_decorator.py
[2025-03-27T12:12:41.104+0000] {logging_mixin.py:190} INFO - [2025-03-27T12:12:41.104+0000] {dag.py:3239} INFO - Sync 1 DAGs
[2025-03-27T12:12:41.145+0000] {logging_mixin.py:190} INFO - [2025-03-27T12:12:41.145+0000] {dag.py:4180} INFO - Setting next_dagrun for example_branch_python_operator_decorator to 2025-03-26 00:00:00+00:00, run_after=2025-03-27 00:00:00+00:00
[2025-03-27T12:12:41.195+0000] {processor.py:208} INFO - Processing /home/airflow/.local/lib/python3.12/site-packages/airflow/example_dags/example_branch_operator_decorator.py took 0.203 seconds
[2025-03-27T12:13:11.344+0000] {processor.py:186} INFO - Started process (PID=54071) to work on /home/airflow/.local/lib/python3.12/site-packages/airflow/example_dags/example_branch_operator_decorator.py
[2025-03-27T12:13:11.346+0000] {processor.py:914} INFO - Processing file /home/airflow/.local/lib/python3.12/site-packages/airflow/example_dags/example_branch_operator_decorator.py for tasks to queue
[2025-03-27T12:13:11.350+0000] {logging_mixin.py:190} INFO - [2025-03-27T12:13:11.349+0000] {dagbag.py:588} INFO - Filling up the DagBag from /home/airflow/.local/lib/python3.12/site-packages/airflow/example_dags/example_branch_operator_decorator.py
[2025-03-27T12:13:11.417+0000] {processor.py:925} INFO - DAG(s) 'example_branch_python_operator_decorator' retrieved from /home/airflow/.local/lib/python3.12/site-packages/airflow/example_dags/example_branch_operator_decorator.py
[2025-03-27T12:13:11.547+0000] {logging_mixin.py:190} INFO - [2025-03-27T12:13:11.546+0000] {dag.py:3239} INFO - Sync 1 DAGs
[2025-03-27T12:13:11.627+0000] {logging_mixin.py:190} INFO - [2025-03-27T12:13:11.627+0000] {dag.py:4180} INFO - Setting next_dagrun for example_branch_python_operator_decorator to 2025-03-26 00:00:00+00:00, run_after=2025-03-27 00:00:00+00:00
[2025-03-27T12:13:11.692+0000] {processor.py:208} INFO - Processing /home/airflow/.local/lib/python3.12/site-packages/airflow/example_dags/example_branch_operator_decorator.py took 0.360 seconds
[2025-03-27T12:13:41.818+0000] {processor.py:186} INFO - Started process (PID=54136) to work on /home/airflow/.local/lib/python3.12/site-packages/airflow/example_dags/example_branch_operator_decorator.py
[2025-03-27T12:13:41.821+0000] {processor.py:914} INFO - Processing file /home/airflow/.local/lib/python3.12/site-packages/airflow/example_dags/example_branch_operator_decorator.py for tasks to queue
[2025-03-27T12:13:41.824+0000] {logging_mixin.py:190} INFO - [2025-03-27T12:13:41.823+0000] {dagbag.py:588} INFO - Filling up the DagBag from /home/airflow/.local/lib/python3.12/site-packages/airflow/example_dags/example_branch_operator_decorator.py
[2025-03-27T12:13:41.871+0000] {processor.py:925} INFO - DAG(s) 'example_branch_python_operator_decorator' retrieved from /home/airflow/.local/lib/python3.12/site-packages/airflow/example_dags/example_branch_operator_decorator.py
[2025-03-27T12:13:41.916+0000] {logging_mixin.py:190} INFO - [2025-03-27T12:13:41.915+0000] {dag.py:3239} INFO - Sync 1 DAGs
[2025-03-27T12:13:41.957+0000] {logging_mixin.py:190} INFO - [2025-03-27T12:13:41.956+0000] {dag.py:4180} INFO - Setting next_dagrun for example_branch_python_operator_decorator to 2025-03-26 00:00:00+00:00, run_after=2025-03-27 00:00:00+00:00
[2025-03-27T12:13:41.996+0000] {processor.py:208} INFO - Processing /home/airflow/.local/lib/python3.12/site-packages/airflow/example_dags/example_branch_operator_decorator.py took 0.188 seconds
[2025-03-27T12:14:12.110+0000] {processor.py:186} INFO - Started process (PID=54199) to work on /home/airflow/.local/lib/python3.12/site-packages/airflow/example_dags/example_branch_operator_decorator.py
[2025-03-27T12:14:12.112+0000] {processor.py:914} INFO - Processing file /home/airflow/.local/lib/python3.12/site-packages/airflow/example_dags/example_branch_operator_decorator.py for tasks to queue
[2025-03-27T12:14:12.114+0000] {logging_mixin.py:190} INFO - [2025-03-27T12:14:12.114+0000] {dagbag.py:588} INFO - Filling up the DagBag from /home/airflow/.local/lib/python3.12/site-packages/airflow/example_dags/example_branch_operator_decorator.py
[2025-03-27T12:14:12.150+0000] {processor.py:925} INFO - DAG(s) 'example_branch_python_operator_decorator' retrieved from /home/airflow/.local/lib/python3.12/site-packages/airflow/example_dags/example_branch_operator_decorator.py
[2025-03-27T12:14:12.211+0000] {logging_mixin.py:190} INFO - [2025-03-27T12:14:12.210+0000] {dag.py:3239} INFO - Sync 1 DAGs
[2025-03-27T12:14:12.254+0000] {logging_mixin.py:190} INFO - [2025-03-27T12:14:12.253+0000] {dag.py:4180} INFO - Setting next_dagrun for example_branch_python_operator_decorator to 2025-03-26 00:00:00+00:00, run_after=2025-03-27 00:00:00+00:00
[2025-03-27T12:14:12.296+0000] {processor.py:208} INFO - Processing /home/airflow/.local/lib/python3.12/site-packages/airflow/example_dags/example_branch_operator_decorator.py took 0.195 seconds
[2025-03-27T12:14:42.457+0000] {processor.py:186} INFO - Started process (PID=54264) to work on /home/airflow/.local/lib/python3.12/site-packages/airflow/example_dags/example_branch_operator_decorator.py
[2025-03-27T12:14:42.460+0000] {processor.py:914} INFO - Processing file /home/airflow/.local/lib/python3.12/site-packages/airflow/example_dags/example_branch_operator_decorator.py for tasks to queue
[2025-03-27T12:14:42.467+0000] {logging_mixin.py:190} INFO - [2025-03-27T12:14:42.464+0000] {dagbag.py:588} INFO - Filling up the DagBag from /home/airflow/.local/lib/python3.12/site-packages/airflow/example_dags/example_branch_operator_decorator.py
[2025-03-27T12:14:42.568+0000] {processor.py:925} INFO - DAG(s) 'example_branch_python_operator_decorator' retrieved from /home/airflow/.local/lib/python3.12/site-packages/airflow/example_dags/example_branch_operator_decorator.py
[2025-03-27T12:14:42.705+0000] {logging_mixin.py:190} INFO - [2025-03-27T12:14:42.704+0000] {dag.py:3239} INFO - Sync 1 DAGs
[2025-03-27T12:14:42.817+0000] {logging_mixin.py:190} INFO - [2025-03-27T12:14:42.816+0000] {dag.py:4180} INFO - Setting next_dagrun for example_branch_python_operator_decorator to 2025-03-26 00:00:00+00:00, run_after=2025-03-27 00:00:00+00:00
[2025-03-27T12:14:42.901+0000] {processor.py:208} INFO - Processing /home/airflow/.local/lib/python3.12/site-packages/airflow/example_dags/example_branch_operator_decorator.py took 0.463 seconds
[2025-03-27T12:15:13.556+0000] {processor.py:186} INFO - Started process (PID=54329) to work on /home/airflow/.local/lib/python3.12/site-packages/airflow/example_dags/example_branch_operator_decorator.py
[2025-03-27T12:15:13.558+0000] {processor.py:914} INFO - Processing file /home/airflow/.local/lib/python3.12/site-packages/airflow/example_dags/example_branch_operator_decorator.py for tasks to queue
[2025-03-27T12:15:13.560+0000] {logging_mixin.py:190} INFO - [2025-03-27T12:15:13.559+0000] {dagbag.py:588} INFO - Filling up the DagBag from /home/airflow/.local/lib/python3.12/site-packages/airflow/example_dags/example_branch_operator_decorator.py
[2025-03-27T12:15:13.599+0000] {processor.py:925} INFO - DAG(s) 'example_branch_python_operator_decorator' retrieved from /home/airflow/.local/lib/python3.12/site-packages/airflow/example_dags/example_branch_operator_decorator.py
[2025-03-27T12:15:13.653+0000] {logging_mixin.py:190} INFO - [2025-03-27T12:15:13.652+0000] {dag.py:3239} INFO - Sync 1 DAGs
[2025-03-27T12:15:13.714+0000] {logging_mixin.py:190} INFO - [2025-03-27T12:15:13.714+0000] {dag.py:4180} INFO - Setting next_dagrun for example_branch_python_operator_decorator to 2025-03-26 00:00:00+00:00, run_after=2025-03-27 00:00:00+00:00
[2025-03-27T12:15:13.759+0000] {processor.py:208} INFO - Processing /home/airflow/.local/lib/python3.12/site-packages/airflow/example_dags/example_branch_operator_decorator.py took 0.212 seconds
[2025-03-27T12:15:43.982+0000] {processor.py:186} INFO - Started process (PID=54396) to work on /home/airflow/.local/lib/python3.12/site-packages/airflow/example_dags/example_branch_operator_decorator.py
[2025-03-27T12:15:43.984+0000] {processor.py:914} INFO - Processing file /home/airflow/.local/lib/python3.12/site-packages/airflow/example_dags/example_branch_operator_decorator.py for tasks to queue
[2025-03-27T12:15:43.986+0000] {logging_mixin.py:190} INFO - [2025-03-27T12:15:43.985+0000] {dagbag.py:588} INFO - Filling up the DagBag from /home/airflow/.local/lib/python3.12/site-packages/airflow/example_dags/example_branch_operator_decorator.py
[2025-03-27T12:15:44.019+0000] {processor.py:925} INFO - DAG(s) 'example_branch_python_operator_decorator' retrieved from /home/airflow/.local/lib/python3.12/site-packages/airflow/example_dags/example_branch_operator_decorator.py
[2025-03-27T12:15:44.065+0000] {logging_mixin.py:190} INFO - [2025-03-27T12:15:44.064+0000] {dag.py:3239} INFO - Sync 1 DAGs
[2025-03-27T12:15:44.104+0000] {logging_mixin.py:190} INFO - [2025-03-27T12:15:44.103+0000] {dag.py:4180} INFO - Setting next_dagrun for example_branch_python_operator_decorator to 2025-03-26 00:00:00+00:00, run_after=2025-03-27 00:00:00+00:00
[2025-03-27T12:15:44.136+0000] {processor.py:208} INFO - Processing /home/airflow/.local/lib/python3.12/site-packages/airflow/example_dags/example_branch_operator_decorator.py took 0.163 seconds
[2025-03-27T12:16:14.407+0000] {processor.py:186} INFO - Started process (PID=54460) to work on /home/airflow/.local/lib/python3.12/site-packages/airflow/example_dags/example_branch_operator_decorator.py
[2025-03-27T12:16:14.425+0000] {processor.py:914} INFO - Processing file /home/airflow/.local/lib/python3.12/site-packages/airflow/example_dags/example_branch_operator_decorator.py for tasks to queue
[2025-03-27T12:16:14.463+0000] {logging_mixin.py:190} INFO - [2025-03-27T12:16:14.462+0000] {dagbag.py:588} INFO - Filling up the DagBag from /home/airflow/.local/lib/python3.12/site-packages/airflow/example_dags/example_branch_operator_decorator.py
[2025-03-27T12:16:14.701+0000] {processor.py:925} INFO - DAG(s) 'example_branch_python_operator_decorator' retrieved from /home/airflow/.local/lib/python3.12/site-packages/airflow/example_dags/example_branch_operator_decorator.py
[2025-03-27T12:16:14.865+0000] {logging_mixin.py:190} INFO - [2025-03-27T12:16:14.864+0000] {dag.py:3239} INFO - Sync 1 DAGs
[2025-03-27T12:16:14.982+0000] {logging_mixin.py:190} INFO - [2025-03-27T12:16:14.981+0000] {dag.py:4180} INFO - Setting next_dagrun for example_branch_python_operator_decorator to 2025-03-26 00:00:00+00:00, run_after=2025-03-27 00:00:00+00:00
[2025-03-27T12:16:15.040+0000] {processor.py:208} INFO - Processing /home/airflow/.local/lib/python3.12/site-packages/airflow/example_dags/example_branch_operator_decorator.py took 0.653 seconds
[2025-03-27T12:16:45.716+0000] {processor.py:186} INFO - Started process (PID=54524) to work on /home/airflow/.local/lib/python3.12/site-packages/airflow/example_dags/example_branch_operator_decorator.py
[2025-03-27T12:16:45.718+0000] {processor.py:914} INFO - Processing file /home/airflow/.local/lib/python3.12/site-packages/airflow/example_dags/example_branch_operator_decorator.py for tasks to queue
[2025-03-27T12:16:45.721+0000] {logging_mixin.py:190} INFO - [2025-03-27T12:16:45.720+0000] {dagbag.py:588} INFO - Filling up the DagBag from /home/airflow/.local/lib/python3.12/site-packages/airflow/example_dags/example_branch_operator_decorator.py
[2025-03-27T12:16:45.765+0000] {processor.py:925} INFO - DAG(s) 'example_branch_python_operator_decorator' retrieved from /home/airflow/.local/lib/python3.12/site-packages/airflow/example_dags/example_branch_operator_decorator.py
[2025-03-27T12:16:45.815+0000] {logging_mixin.py:190} INFO - [2025-03-27T12:16:45.814+0000] {dag.py:3239} INFO - Sync 1 DAGs
[2025-03-27T12:16:45.862+0000] {logging_mixin.py:190} INFO - [2025-03-27T12:16:45.862+0000] {dag.py:4180} INFO - Setting next_dagrun for example_branch_python_operator_decorator to 2025-03-26 00:00:00+00:00, run_after=2025-03-27 00:00:00+00:00
[2025-03-27T12:16:45.905+0000] {processor.py:208} INFO - Processing /home/airflow/.local/lib/python3.12/site-packages/airflow/example_dags/example_branch_operator_decorator.py took 0.204 seconds
[2025-03-27T12:17:16.243+0000] {processor.py:186} INFO - Started process (PID=54589) to work on /home/airflow/.local/lib/python3.12/site-packages/airflow/example_dags/example_branch_operator_decorator.py
[2025-03-27T12:17:16.248+0000] {processor.py:914} INFO - Processing file /home/airflow/.local/lib/python3.12/site-packages/airflow/example_dags/example_branch_operator_decorator.py for tasks to queue
[2025-03-27T12:17:16.252+0000] {logging_mixin.py:190} INFO - [2025-03-27T12:17:16.251+0000] {dagbag.py:588} INFO - Filling up the DagBag from /home/airflow/.local/lib/python3.12/site-packages/airflow/example_dags/example_branch_operator_decorator.py
[2025-03-27T12:17:16.309+0000] {processor.py:925} INFO - DAG(s) 'example_branch_python_operator_decorator' retrieved from /home/airflow/.local/lib/python3.12/site-packages/airflow/example_dags/example_branch_operator_decorator.py
[2025-03-27T12:17:16.392+0000] {logging_mixin.py:190} INFO - [2025-03-27T12:17:16.391+0000] {dag.py:3239} INFO - Sync 1 DAGs
[2025-03-27T12:17:16.450+0000] {logging_mixin.py:190} INFO - [2025-03-27T12:17:16.449+0000] {dag.py:4180} INFO - Setting next_dagrun for example_branch_python_operator_decorator to 2025-03-26 00:00:00+00:00, run_after=2025-03-27 00:00:00+00:00
[2025-03-27T12:17:16.494+0000] {processor.py:208} INFO - Processing /home/airflow/.local/lib/python3.12/site-packages/airflow/example_dags/example_branch_operator_decorator.py took 0.268 seconds
[2025-03-27T12:17:46.743+0000] {processor.py:186} INFO - Started process (PID=54655) to work on /home/airflow/.local/lib/python3.12/site-packages/airflow/example_dags/example_branch_operator_decorator.py
[2025-03-27T12:17:46.745+0000] {processor.py:914} INFO - Processing file /home/airflow/.local/lib/python3.12/site-packages/airflow/example_dags/example_branch_operator_decorator.py for tasks to queue
[2025-03-27T12:17:46.747+0000] {logging_mixin.py:190} INFO - [2025-03-27T12:17:46.747+0000] {dagbag.py:588} INFO - Filling up the DagBag from /home/airflow/.local/lib/python3.12/site-packages/airflow/example_dags/example_branch_operator_decorator.py
[2025-03-27T12:17:46.783+0000] {processor.py:925} INFO - DAG(s) 'example_branch_python_operator_decorator' retrieved from /home/airflow/.local/lib/python3.12/site-packages/airflow/example_dags/example_branch_operator_decorator.py
[2025-03-27T12:17:46.831+0000] {logging_mixin.py:190} INFO - [2025-03-27T12:17:46.831+0000] {dag.py:3239} INFO - Sync 1 DAGs
[2025-03-27T12:17:46.874+0000] {logging_mixin.py:190} INFO - [2025-03-27T12:17:46.873+0000] {dag.py:4180} INFO - Setting next_dagrun for example_branch_python_operator_decorator to 2025-03-26 00:00:00+00:00, run_after=2025-03-27 00:00:00+00:00
[2025-03-27T12:17:46.927+0000] {processor.py:208} INFO - Processing /home/airflow/.local/lib/python3.12/site-packages/airflow/example_dags/example_branch_operator_decorator.py took 0.193 seconds
[2025-03-27T12:18:17.121+0000] {processor.py:186} INFO - Started process (PID=54720) to work on /home/airflow/.local/lib/python3.12/site-packages/airflow/example_dags/example_branch_operator_decorator.py
[2025-03-27T12:18:17.123+0000] {processor.py:914} INFO - Processing file /home/airflow/.local/lib/python3.12/site-packages/airflow/example_dags/example_branch_operator_decorator.py for tasks to queue
[2025-03-27T12:18:17.127+0000] {logging_mixin.py:190} INFO - [2025-03-27T12:18:17.126+0000] {dagbag.py:588} INFO - Filling up the DagBag from /home/airflow/.local/lib/python3.12/site-packages/airflow/example_dags/example_branch_operator_decorator.py
[2025-03-27T12:18:17.177+0000] {processor.py:925} INFO - DAG(s) 'example_branch_python_operator_decorator' retrieved from /home/airflow/.local/lib/python3.12/site-packages/airflow/example_dags/example_branch_operator_decorator.py
[2025-03-27T12:18:17.232+0000] {logging_mixin.py:190} INFO - [2025-03-27T12:18:17.232+0000] {dag.py:3239} INFO - Sync 1 DAGs
[2025-03-27T12:18:17.289+0000] {logging_mixin.py:190} INFO - [2025-03-27T12:18:17.289+0000] {dag.py:4180} INFO - Setting next_dagrun for example_branch_python_operator_decorator to 2025-03-26 00:00:00+00:00, run_after=2025-03-27 00:00:00+00:00
[2025-03-27T12:18:17.342+0000] {processor.py:208} INFO - Processing /home/airflow/.local/lib/python3.12/site-packages/airflow/example_dags/example_branch_operator_decorator.py took 0.234 seconds
[2025-03-27T12:18:47.678+0000] {processor.py:186} INFO - Started process (PID=54785) to work on /home/airflow/.local/lib/python3.12/site-packages/airflow/example_dags/example_branch_operator_decorator.py
[2025-03-27T12:18:47.679+0000] {processor.py:914} INFO - Processing file /home/airflow/.local/lib/python3.12/site-packages/airflow/example_dags/example_branch_operator_decorator.py for tasks to queue
[2025-03-27T12:18:47.682+0000] {logging_mixin.py:190} INFO - [2025-03-27T12:18:47.681+0000] {dagbag.py:588} INFO - Filling up the DagBag from /home/airflow/.local/lib/python3.12/site-packages/airflow/example_dags/example_branch_operator_decorator.py
[2025-03-27T12:18:47.724+0000] {processor.py:925} INFO - DAG(s) 'example_branch_python_operator_decorator' retrieved from /home/airflow/.local/lib/python3.12/site-packages/airflow/example_dags/example_branch_operator_decorator.py
[2025-03-27T12:18:47.785+0000] {logging_mixin.py:190} INFO - [2025-03-27T12:18:47.784+0000] {dag.py:3239} INFO - Sync 1 DAGs
[2025-03-27T12:18:47.836+0000] {logging_mixin.py:190} INFO - [2025-03-27T12:18:47.835+0000] {dag.py:4180} INFO - Setting next_dagrun for example_branch_python_operator_decorator to 2025-03-26 00:00:00+00:00, run_after=2025-03-27 00:00:00+00:00
[2025-03-27T12:18:47.882+0000] {processor.py:208} INFO - Processing /home/airflow/.local/lib/python3.12/site-packages/airflow/example_dags/example_branch_operator_decorator.py took 0.214 seconds
[2025-03-27T12:19:18.541+0000] {processor.py:186} INFO - Started process (PID=54850) to work on /home/airflow/.local/lib/python3.12/site-packages/airflow/example_dags/example_branch_operator_decorator.py
[2025-03-27T12:19:18.543+0000] {processor.py:914} INFO - Processing file /home/airflow/.local/lib/python3.12/site-packages/airflow/example_dags/example_branch_operator_decorator.py for tasks to queue
[2025-03-27T12:19:18.546+0000] {logging_mixin.py:190} INFO - [2025-03-27T12:19:18.545+0000] {dagbag.py:588} INFO - Filling up the DagBag from /home/airflow/.local/lib/python3.12/site-packages/airflow/example_dags/example_branch_operator_decorator.py
[2025-03-27T12:19:18.590+0000] {processor.py:925} INFO - DAG(s) 'example_branch_python_operator_decorator' retrieved from /home/airflow/.local/lib/python3.12/site-packages/airflow/example_dags/example_branch_operator_decorator.py
[2025-03-27T12:19:18.640+0000] {logging_mixin.py:190} INFO - [2025-03-27T12:19:18.640+0000] {dag.py:3239} INFO - Sync 1 DAGs
[2025-03-27T12:19:18.685+0000] {logging_mixin.py:190} INFO - [2025-03-27T12:19:18.685+0000] {dag.py:4180} INFO - Setting next_dagrun for example_branch_python_operator_decorator to 2025-03-26 00:00:00+00:00, run_after=2025-03-27 00:00:00+00:00
[2025-03-27T12:19:18.724+0000] {processor.py:208} INFO - Processing /home/airflow/.local/lib/python3.12/site-packages/airflow/example_dags/example_branch_operator_decorator.py took 0.193 seconds
[2025-03-27T12:19:49.449+0000] {processor.py:186} INFO - Started process (PID=54915) to work on /home/airflow/.local/lib/python3.12/site-packages/airflow/example_dags/example_branch_operator_decorator.py
[2025-03-27T12:19:49.451+0000] {processor.py:914} INFO - Processing file /home/airflow/.local/lib/python3.12/site-packages/airflow/example_dags/example_branch_operator_decorator.py for tasks to queue
[2025-03-27T12:19:49.455+0000] {logging_mixin.py:190} INFO - [2025-03-27T12:19:49.455+0000] {dagbag.py:588} INFO - Filling up the DagBag from /home/airflow/.local/lib/python3.12/site-packages/airflow/example_dags/example_branch_operator_decorator.py
[2025-03-27T12:19:49.498+0000] {processor.py:925} INFO - DAG(s) 'example_branch_python_operator_decorator' retrieved from /home/airflow/.local/lib/python3.12/site-packages/airflow/example_dags/example_branch_operator_decorator.py
[2025-03-27T12:19:49.551+0000] {logging_mixin.py:190} INFO - [2025-03-27T12:19:49.551+0000] {dag.py:3239} INFO - Sync 1 DAGs
[2025-03-27T12:19:49.594+0000] {logging_mixin.py:190} INFO - [2025-03-27T12:19:49.593+0000] {dag.py:4180} INFO - Setting next_dagrun for example_branch_python_operator_decorator to 2025-03-26 00:00:00+00:00, run_after=2025-03-27 00:00:00+00:00
[2025-03-27T12:19:49.634+0000] {processor.py:208} INFO - Processing /home/airflow/.local/lib/python3.12/site-packages/airflow/example_dags/example_branch_operator_decorator.py took 0.199 seconds
[2025-03-27T12:20:19.856+0000] {processor.py:186} INFO - Started process (PID=54980) to work on /home/airflow/.local/lib/python3.12/site-packages/airflow/example_dags/example_branch_operator_decorator.py
[2025-03-27T12:20:19.858+0000] {processor.py:914} INFO - Processing file /home/airflow/.local/lib/python3.12/site-packages/airflow/example_dags/example_branch_operator_decorator.py for tasks to queue
[2025-03-27T12:20:19.861+0000] {logging_mixin.py:190} INFO - [2025-03-27T12:20:19.860+0000] {dagbag.py:588} INFO - Filling up the DagBag from /home/airflow/.local/lib/python3.12/site-packages/airflow/example_dags/example_branch_operator_decorator.py
[2025-03-27T12:20:19.907+0000] {processor.py:925} INFO - DAG(s) 'example_branch_python_operator_decorator' retrieved from /home/airflow/.local/lib/python3.12/site-packages/airflow/example_dags/example_branch_operator_decorator.py
[2025-03-27T12:20:19.969+0000] {logging_mixin.py:190} INFO - [2025-03-27T12:20:19.969+0000] {dag.py:3239} INFO - Sync 1 DAGs
[2025-03-27T12:20:20.017+0000] {logging_mixin.py:190} INFO - [2025-03-27T12:20:20.017+0000] {dag.py:4180} INFO - Setting next_dagrun for example_branch_python_operator_decorator to 2025-03-26 00:00:00+00:00, run_after=2025-03-27 00:00:00+00:00
[2025-03-27T12:20:20.068+0000] {processor.py:208} INFO - Processing /home/airflow/.local/lib/python3.12/site-packages/airflow/example_dags/example_branch_operator_decorator.py took 0.224 seconds
[2025-03-27T12:20:50.190+0000] {processor.py:186} INFO - Started process (PID=55044) to work on /home/airflow/.local/lib/python3.12/site-packages/airflow/example_dags/example_branch_operator_decorator.py
[2025-03-27T12:20:50.192+0000] {processor.py:914} INFO - Processing file /home/airflow/.local/lib/python3.12/site-packages/airflow/example_dags/example_branch_operator_decorator.py for tasks to queue
[2025-03-27T12:20:50.195+0000] {logging_mixin.py:190} INFO - [2025-03-27T12:20:50.194+0000] {dagbag.py:588} INFO - Filling up the DagBag from /home/airflow/.local/lib/python3.12/site-packages/airflow/example_dags/example_branch_operator_decorator.py
[2025-03-27T12:20:50.235+0000] {processor.py:925} INFO - DAG(s) 'example_branch_python_operator_decorator' retrieved from /home/airflow/.local/lib/python3.12/site-packages/airflow/example_dags/example_branch_operator_decorator.py
[2025-03-27T12:20:50.292+0000] {logging_mixin.py:190} INFO - [2025-03-27T12:20:50.292+0000] {dag.py:3239} INFO - Sync 1 DAGs
[2025-03-27T12:20:50.341+0000] {logging_mixin.py:190} INFO - [2025-03-27T12:20:50.341+0000] {dag.py:4180} INFO - Setting next_dagrun for example_branch_python_operator_decorator to 2025-03-26 00:00:00+00:00, run_after=2025-03-27 00:00:00+00:00
[2025-03-27T12:20:50.380+0000] {processor.py:208} INFO - Processing /home/airflow/.local/lib/python3.12/site-packages/airflow/example_dags/example_branch_operator_decorator.py took 0.201 seconds
[2025-03-27T12:21:20.824+0000] {processor.py:186} INFO - Started process (PID=55109) to work on /home/airflow/.local/lib/python3.12/site-packages/airflow/example_dags/example_branch_operator_decorator.py
[2025-03-27T12:21:20.826+0000] {processor.py:914} INFO - Processing file /home/airflow/.local/lib/python3.12/site-packages/airflow/example_dags/example_branch_operator_decorator.py for tasks to queue
[2025-03-27T12:21:20.829+0000] {logging_mixin.py:190} INFO - [2025-03-27T12:21:20.828+0000] {dagbag.py:588} INFO - Filling up the DagBag from /home/airflow/.local/lib/python3.12/site-packages/airflow/example_dags/example_branch_operator_decorator.py
[2025-03-27T12:21:20.876+0000] {processor.py:925} INFO - DAG(s) 'example_branch_python_operator_decorator' retrieved from /home/airflow/.local/lib/python3.12/site-packages/airflow/example_dags/example_branch_operator_decorator.py
[2025-03-27T12:21:20.937+0000] {logging_mixin.py:190} INFO - [2025-03-27T12:21:20.937+0000] {dag.py:3239} INFO - Sync 1 DAGs
[2025-03-27T12:21:20.981+0000] {logging_mixin.py:190} INFO - [2025-03-27T12:21:20.980+0000] {dag.py:4180} INFO - Setting next_dagrun for example_branch_python_operator_decorator to 2025-03-26 00:00:00+00:00, run_after=2025-03-27 00:00:00+00:00
[2025-03-27T12:21:21.022+0000] {processor.py:208} INFO - Processing /home/airflow/.local/lib/python3.12/site-packages/airflow/example_dags/example_branch_operator_decorator.py took 0.211 seconds
[2025-03-27T12:21:51.895+0000] {processor.py:186} INFO - Started process (PID=55174) to work on /home/airflow/.local/lib/python3.12/site-packages/airflow/example_dags/example_branch_operator_decorator.py
[2025-03-27T12:21:51.897+0000] {processor.py:914} INFO - Processing file /home/airflow/.local/lib/python3.12/site-packages/airflow/example_dags/example_branch_operator_decorator.py for tasks to queue
[2025-03-27T12:21:51.900+0000] {logging_mixin.py:190} INFO - [2025-03-27T12:21:51.899+0000] {dagbag.py:588} INFO - Filling up the DagBag from /home/airflow/.local/lib/python3.12/site-packages/airflow/example_dags/example_branch_operator_decorator.py
[2025-03-27T12:21:51.949+0000] {processor.py:925} INFO - DAG(s) 'example_branch_python_operator_decorator' retrieved from /home/airflow/.local/lib/python3.12/site-packages/airflow/example_dags/example_branch_operator_decorator.py
[2025-03-27T12:21:52.007+0000] {logging_mixin.py:190} INFO - [2025-03-27T12:21:52.006+0000] {dag.py:3239} INFO - Sync 1 DAGs
[2025-03-27T12:21:52.081+0000] {logging_mixin.py:190} INFO - [2025-03-27T12:21:52.081+0000] {dag.py:4180} INFO - Setting next_dagrun for example_branch_python_operator_decorator to 2025-03-26 00:00:00+00:00, run_after=2025-03-27 00:00:00+00:00
[2025-03-27T12:21:52.149+0000] {processor.py:208} INFO - Processing /home/airflow/.local/lib/python3.12/site-packages/airflow/example_dags/example_branch_operator_decorator.py took 0.268 seconds
[2025-03-27T12:22:23.023+0000] {processor.py:186} INFO - Started process (PID=55239) to work on /home/airflow/.local/lib/python3.12/site-packages/airflow/example_dags/example_branch_operator_decorator.py
[2025-03-27T12:22:23.025+0000] {processor.py:914} INFO - Processing file /home/airflow/.local/lib/python3.12/site-packages/airflow/example_dags/example_branch_operator_decorator.py for tasks to queue
[2025-03-27T12:22:23.028+0000] {logging_mixin.py:190} INFO - [2025-03-27T12:22:23.027+0000] {dagbag.py:588} INFO - Filling up the DagBag from /home/airflow/.local/lib/python3.12/site-packages/airflow/example_dags/example_branch_operator_decorator.py
[2025-03-27T12:22:23.066+0000] {processor.py:925} INFO - DAG(s) 'example_branch_python_operator_decorator' retrieved from /home/airflow/.local/lib/python3.12/site-packages/airflow/example_dags/example_branch_operator_decorator.py
[2025-03-27T12:22:23.118+0000] {logging_mixin.py:190} INFO - [2025-03-27T12:22:23.117+0000] {dag.py:3239} INFO - Sync 1 DAGs
[2025-03-27T12:22:23.166+0000] {logging_mixin.py:190} INFO - [2025-03-27T12:22:23.165+0000] {dag.py:4180} INFO - Setting next_dagrun for example_branch_python_operator_decorator to 2025-03-26 00:00:00+00:00, run_after=2025-03-27 00:00:00+00:00
[2025-03-27T12:22:23.217+0000] {processor.py:208} INFO - Processing /home/airflow/.local/lib/python3.12/site-packages/airflow/example_dags/example_branch_operator_decorator.py took 0.204 seconds
[2025-03-27T12:22:53.729+0000] {processor.py:186} INFO - Started process (PID=55304) to work on /home/airflow/.local/lib/python3.12/site-packages/airflow/example_dags/example_branch_operator_decorator.py
[2025-03-27T12:22:53.731+0000] {processor.py:914} INFO - Processing file /home/airflow/.local/lib/python3.12/site-packages/airflow/example_dags/example_branch_operator_decorator.py for tasks to queue
[2025-03-27T12:22:53.733+0000] {logging_mixin.py:190} INFO - [2025-03-27T12:22:53.733+0000] {dagbag.py:588} INFO - Filling up the DagBag from /home/airflow/.local/lib/python3.12/site-packages/airflow/example_dags/example_branch_operator_decorator.py
[2025-03-27T12:22:53.775+0000] {processor.py:925} INFO - DAG(s) 'example_branch_python_operator_decorator' retrieved from /home/airflow/.local/lib/python3.12/site-packages/airflow/example_dags/example_branch_operator_decorator.py
[2025-03-27T12:22:53.839+0000] {logging_mixin.py:190} INFO - [2025-03-27T12:22:53.838+0000] {dag.py:3239} INFO - Sync 1 DAGs
[2025-03-27T12:22:53.884+0000] {logging_mixin.py:190} INFO - [2025-03-27T12:22:53.883+0000] {dag.py:4180} INFO - Setting next_dagrun for example_branch_python_operator_decorator to 2025-03-26 00:00:00+00:00, run_after=2025-03-27 00:00:00+00:00
[2025-03-27T12:22:53.932+0000] {processor.py:208} INFO - Processing /home/airflow/.local/lib/python3.12/site-packages/airflow/example_dags/example_branch_operator_decorator.py took 0.213 seconds
[2025-03-27T12:23:24.715+0000] {processor.py:186} INFO - Started process (PID=55368) to work on /home/airflow/.local/lib/python3.12/site-packages/airflow/example_dags/example_branch_operator_decorator.py
[2025-03-27T12:23:24.717+0000] {processor.py:914} INFO - Processing file /home/airflow/.local/lib/python3.12/site-packages/airflow/example_dags/example_branch_operator_decorator.py for tasks to queue
[2025-03-27T12:23:24.720+0000] {logging_mixin.py:190} INFO - [2025-03-27T12:23:24.719+0000] {dagbag.py:588} INFO - Filling up the DagBag from /home/airflow/.local/lib/python3.12/site-packages/airflow/example_dags/example_branch_operator_decorator.py
[2025-03-27T12:23:24.764+0000] {processor.py:925} INFO - DAG(s) 'example_branch_python_operator_decorator' retrieved from /home/airflow/.local/lib/python3.12/site-packages/airflow/example_dags/example_branch_operator_decorator.py
[2025-03-27T12:23:24.847+0000] {logging_mixin.py:190} INFO - [2025-03-27T12:23:24.846+0000] {dag.py:3239} INFO - Sync 1 DAGs
[2025-03-27T12:23:24.925+0000] {logging_mixin.py:190} INFO - [2025-03-27T12:23:24.924+0000] {dag.py:4180} INFO - Setting next_dagrun for example_branch_python_operator_decorator to 2025-03-26 00:00:00+00:00, run_after=2025-03-27 00:00:00+00:00
[2025-03-27T12:23:25.050+0000] {processor.py:208} INFO - Processing /home/airflow/.local/lib/python3.12/site-packages/airflow/example_dags/example_branch_operator_decorator.py took 0.347 seconds
[2025-03-27T12:23:55.345+0000] {processor.py:186} INFO - Started process (PID=55434) to work on /home/airflow/.local/lib/python3.12/site-packages/airflow/example_dags/example_branch_operator_decorator.py
[2025-03-27T12:23:55.348+0000] {processor.py:914} INFO - Processing file /home/airflow/.local/lib/python3.12/site-packages/airflow/example_dags/example_branch_operator_decorator.py for tasks to queue
[2025-03-27T12:23:55.350+0000] {logging_mixin.py:190} INFO - [2025-03-27T12:23:55.349+0000] {dagbag.py:588} INFO - Filling up the DagBag from /home/airflow/.local/lib/python3.12/site-packages/airflow/example_dags/example_branch_operator_decorator.py
[2025-03-27T12:23:55.389+0000] {processor.py:925} INFO - DAG(s) 'example_branch_python_operator_decorator' retrieved from /home/airflow/.local/lib/python3.12/site-packages/airflow/example_dags/example_branch_operator_decorator.py
[2025-03-27T12:23:55.436+0000] {logging_mixin.py:190} INFO - [2025-03-27T12:23:55.435+0000] {dag.py:3239} INFO - Sync 1 DAGs
[2025-03-27T12:23:55.483+0000] {logging_mixin.py:190} INFO - [2025-03-27T12:23:55.482+0000] {dag.py:4180} INFO - Setting next_dagrun for example_branch_python_operator_decorator to 2025-03-26 00:00:00+00:00, run_after=2025-03-27 00:00:00+00:00
[2025-03-27T12:23:55.533+0000] {processor.py:208} INFO - Processing /home/airflow/.local/lib/python3.12/site-packages/airflow/example_dags/example_branch_operator_decorator.py took 0.199 seconds
[2025-03-27T12:24:25.976+0000] {processor.py:186} INFO - Started process (PID=55498) to work on /home/airflow/.local/lib/python3.12/site-packages/airflow/example_dags/example_branch_operator_decorator.py
[2025-03-27T12:24:25.978+0000] {processor.py:914} INFO - Processing file /home/airflow/.local/lib/python3.12/site-packages/airflow/example_dags/example_branch_operator_decorator.py for tasks to queue
[2025-03-27T12:24:25.981+0000] {logging_mixin.py:190} INFO - [2025-03-27T12:24:25.981+0000] {dagbag.py:588} INFO - Filling up the DagBag from /home/airflow/.local/lib/python3.12/site-packages/airflow/example_dags/example_branch_operator_decorator.py
[2025-03-27T12:24:26.033+0000] {processor.py:925} INFO - DAG(s) 'example_branch_python_operator_decorator' retrieved from /home/airflow/.local/lib/python3.12/site-packages/airflow/example_dags/example_branch_operator_decorator.py
[2025-03-27T12:24:26.083+0000] {logging_mixin.py:190} INFO - [2025-03-27T12:24:26.083+0000] {dag.py:3239} INFO - Sync 1 DAGs
[2025-03-27T12:24:26.138+0000] {logging_mixin.py:190} INFO - [2025-03-27T12:24:26.137+0000] {dag.py:4180} INFO - Setting next_dagrun for example_branch_python_operator_decorator to 2025-03-26 00:00:00+00:00, run_after=2025-03-27 00:00:00+00:00
[2025-03-27T12:24:26.196+0000] {processor.py:208} INFO - Processing /home/airflow/.local/lib/python3.12/site-packages/airflow/example_dags/example_branch_operator_decorator.py took 0.230 seconds
[2025-03-27T12:24:56.475+0000] {processor.py:186} INFO - Started process (PID=55563) to work on /home/airflow/.local/lib/python3.12/site-packages/airflow/example_dags/example_branch_operator_decorator.py
[2025-03-27T12:24:56.478+0000] {processor.py:914} INFO - Processing file /home/airflow/.local/lib/python3.12/site-packages/airflow/example_dags/example_branch_operator_decorator.py for tasks to queue
[2025-03-27T12:24:56.482+0000] {logging_mixin.py:190} INFO - [2025-03-27T12:24:56.481+0000] {dagbag.py:588} INFO - Filling up the DagBag from /home/airflow/.local/lib/python3.12/site-packages/airflow/example_dags/example_branch_operator_decorator.py
[2025-03-27T12:24:56.525+0000] {processor.py:925} INFO - DAG(s) 'example_branch_python_operator_decorator' retrieved from /home/airflow/.local/lib/python3.12/site-packages/airflow/example_dags/example_branch_operator_decorator.py
[2025-03-27T12:24:56.584+0000] {logging_mixin.py:190} INFO - [2025-03-27T12:24:56.584+0000] {dag.py:3239} INFO - Sync 1 DAGs
[2025-03-27T12:24:56.629+0000] {logging_mixin.py:190} INFO - [2025-03-27T12:24:56.629+0000] {dag.py:4180} INFO - Setting next_dagrun for example_branch_python_operator_decorator to 2025-03-26 00:00:00+00:00, run_after=2025-03-27 00:00:00+00:00
[2025-03-27T12:24:56.673+0000] {processor.py:208} INFO - Processing /home/airflow/.local/lib/python3.12/site-packages/airflow/example_dags/example_branch_operator_decorator.py took 0.208 seconds
[2025-03-27T12:25:27.380+0000] {processor.py:186} INFO - Started process (PID=55628) to work on /home/airflow/.local/lib/python3.12/site-packages/airflow/example_dags/example_branch_operator_decorator.py
[2025-03-27T12:25:27.382+0000] {processor.py:914} INFO - Processing file /home/airflow/.local/lib/python3.12/site-packages/airflow/example_dags/example_branch_operator_decorator.py for tasks to queue
[2025-03-27T12:25:27.385+0000] {logging_mixin.py:190} INFO - [2025-03-27T12:25:27.384+0000] {dagbag.py:588} INFO - Filling up the DagBag from /home/airflow/.local/lib/python3.12/site-packages/airflow/example_dags/example_branch_operator_decorator.py
[2025-03-27T12:25:27.433+0000] {processor.py:925} INFO - DAG(s) 'example_branch_python_operator_decorator' retrieved from /home/airflow/.local/lib/python3.12/site-packages/airflow/example_dags/example_branch_operator_decorator.py
[2025-03-27T12:25:27.501+0000] {logging_mixin.py:190} INFO - [2025-03-27T12:25:27.500+0000] {dag.py:3239} INFO - Sync 1 DAGs
[2025-03-27T12:25:27.572+0000] {logging_mixin.py:190} INFO - [2025-03-27T12:25:27.572+0000] {dag.py:4180} INFO - Setting next_dagrun for example_branch_python_operator_decorator to 2025-03-26 00:00:00+00:00, run_after=2025-03-27 00:00:00+00:00
[2025-03-27T12:25:27.618+0000] {processor.py:208} INFO - Processing /home/airflow/.local/lib/python3.12/site-packages/airflow/example_dags/example_branch_operator_decorator.py took 0.251 seconds
[2025-03-27T12:25:57.832+0000] {processor.py:186} INFO - Started process (PID=55693) to work on /home/airflow/.local/lib/python3.12/site-packages/airflow/example_dags/example_branch_operator_decorator.py
[2025-03-27T12:25:57.835+0000] {processor.py:914} INFO - Processing file /home/airflow/.local/lib/python3.12/site-packages/airflow/example_dags/example_branch_operator_decorator.py for tasks to queue
[2025-03-27T12:25:57.837+0000] {logging_mixin.py:190} INFO - [2025-03-27T12:25:57.837+0000] {dagbag.py:588} INFO - Filling up the DagBag from /home/airflow/.local/lib/python3.12/site-packages/airflow/example_dags/example_branch_operator_decorator.py
[2025-03-27T12:25:57.888+0000] {processor.py:925} INFO - DAG(s) 'example_branch_python_operator_decorator' retrieved from /home/airflow/.local/lib/python3.12/site-packages/airflow/example_dags/example_branch_operator_decorator.py
[2025-03-27T12:25:57.953+0000] {logging_mixin.py:190} INFO - [2025-03-27T12:25:57.952+0000] {dag.py:3239} INFO - Sync 1 DAGs
[2025-03-27T12:25:58.023+0000] {logging_mixin.py:190} INFO - [2025-03-27T12:25:58.022+0000] {dag.py:4180} INFO - Setting next_dagrun for example_branch_python_operator_decorator to 2025-03-26 00:00:00+00:00, run_after=2025-03-27 00:00:00+00:00
[2025-03-27T12:25:58.070+0000] {processor.py:208} INFO - Processing /home/airflow/.local/lib/python3.12/site-packages/airflow/example_dags/example_branch_operator_decorator.py took 0.250 seconds
[2025-03-27T12:26:28.651+0000] {processor.py:186} INFO - Started process (PID=55758) to work on /home/airflow/.local/lib/python3.12/site-packages/airflow/example_dags/example_branch_operator_decorator.py
[2025-03-27T12:26:28.654+0000] {processor.py:914} INFO - Processing file /home/airflow/.local/lib/python3.12/site-packages/airflow/example_dags/example_branch_operator_decorator.py for tasks to queue
[2025-03-27T12:26:28.657+0000] {logging_mixin.py:190} INFO - [2025-03-27T12:26:28.656+0000] {dagbag.py:588} INFO - Filling up the DagBag from /home/airflow/.local/lib/python3.12/site-packages/airflow/example_dags/example_branch_operator_decorator.py
[2025-03-27T12:26:28.728+0000] {processor.py:925} INFO - DAG(s) 'example_branch_python_operator_decorator' retrieved from /home/airflow/.local/lib/python3.12/site-packages/airflow/example_dags/example_branch_operator_decorator.py
[2025-03-27T12:26:28.808+0000] {logging_mixin.py:190} INFO - [2025-03-27T12:26:28.807+0000] {dag.py:3239} INFO - Sync 1 DAGs
[2025-03-27T12:26:28.894+0000] {logging_mixin.py:190} INFO - [2025-03-27T12:26:28.894+0000] {dag.py:4180} INFO - Setting next_dagrun for example_branch_python_operator_decorator to 2025-03-26 00:00:00+00:00, run_after=2025-03-27 00:00:00+00:00
[2025-03-27T12:26:28.947+0000] {processor.py:208} INFO - Processing /home/airflow/.local/lib/python3.12/site-packages/airflow/example_dags/example_branch_operator_decorator.py took 0.312 seconds
[2025-03-27T12:26:59.061+0000] {processor.py:186} INFO - Started process (PID=55822) to work on /home/airflow/.local/lib/python3.12/site-packages/airflow/example_dags/example_branch_operator_decorator.py
[2025-03-27T12:26:59.064+0000] {processor.py:914} INFO - Processing file /home/airflow/.local/lib/python3.12/site-packages/airflow/example_dags/example_branch_operator_decorator.py for tasks to queue
[2025-03-27T12:26:59.066+0000] {logging_mixin.py:190} INFO - [2025-03-27T12:26:59.066+0000] {dagbag.py:588} INFO - Filling up the DagBag from /home/airflow/.local/lib/python3.12/site-packages/airflow/example_dags/example_branch_operator_decorator.py
[2025-03-27T12:26:59.108+0000] {processor.py:925} INFO - DAG(s) 'example_branch_python_operator_decorator' retrieved from /home/airflow/.local/lib/python3.12/site-packages/airflow/example_dags/example_branch_operator_decorator.py
[2025-03-27T12:26:59.176+0000] {logging_mixin.py:190} INFO - [2025-03-27T12:26:59.175+0000] {dag.py:3239} INFO - Sync 1 DAGs
[2025-03-27T12:26:59.240+0000] {logging_mixin.py:190} INFO - [2025-03-27T12:26:59.239+0000] {dag.py:4180} INFO - Setting next_dagrun for example_branch_python_operator_decorator to 2025-03-26 00:00:00+00:00, run_after=2025-03-27 00:00:00+00:00
[2025-03-27T12:26:59.298+0000] {processor.py:208} INFO - Processing /home/airflow/.local/lib/python3.12/site-packages/airflow/example_dags/example_branch_operator_decorator.py took 0.247 seconds
[2025-03-27T12:27:30.267+0000] {processor.py:186} INFO - Started process (PID=55893) to work on /home/airflow/.local/lib/python3.12/site-packages/airflow/example_dags/example_branch_operator_decorator.py
[2025-03-27T12:27:30.269+0000] {processor.py:914} INFO - Processing file /home/airflow/.local/lib/python3.12/site-packages/airflow/example_dags/example_branch_operator_decorator.py for tasks to queue
[2025-03-27T12:27:30.271+0000] {logging_mixin.py:190} INFO - [2025-03-27T12:27:30.271+0000] {dagbag.py:588} INFO - Filling up the DagBag from /home/airflow/.local/lib/python3.12/site-packages/airflow/example_dags/example_branch_operator_decorator.py
[2025-03-27T12:27:30.322+0000] {processor.py:925} INFO - DAG(s) 'example_branch_python_operator_decorator' retrieved from /home/airflow/.local/lib/python3.12/site-packages/airflow/example_dags/example_branch_operator_decorator.py
[2025-03-27T12:27:30.402+0000] {logging_mixin.py:190} INFO - [2025-03-27T12:27:30.402+0000] {dag.py:3239} INFO - Sync 1 DAGs
[2025-03-27T12:27:30.465+0000] {logging_mixin.py:190} INFO - [2025-03-27T12:27:30.464+0000] {dag.py:4180} INFO - Setting next_dagrun for example_branch_python_operator_decorator to 2025-03-26 00:00:00+00:00, run_after=2025-03-27 00:00:00+00:00
[2025-03-27T12:27:30.525+0000] {processor.py:208} INFO - Processing /home/airflow/.local/lib/python3.12/site-packages/airflow/example_dags/example_branch_operator_decorator.py took 0.271 seconds
[2025-03-27T12:28:00.643+0000] {processor.py:186} INFO - Started process (PID=55958) to work on /home/airflow/.local/lib/python3.12/site-packages/airflow/example_dags/example_branch_operator_decorator.py
[2025-03-27T12:28:00.645+0000] {processor.py:914} INFO - Processing file /home/airflow/.local/lib/python3.12/site-packages/airflow/example_dags/example_branch_operator_decorator.py for tasks to queue
[2025-03-27T12:28:00.648+0000] {logging_mixin.py:190} INFO - [2025-03-27T12:28:00.647+0000] {dagbag.py:588} INFO - Filling up the DagBag from /home/airflow/.local/lib/python3.12/site-packages/airflow/example_dags/example_branch_operator_decorator.py
[2025-03-27T12:28:00.691+0000] {processor.py:925} INFO - DAG(s) 'example_branch_python_operator_decorator' retrieved from /home/airflow/.local/lib/python3.12/site-packages/airflow/example_dags/example_branch_operator_decorator.py
[2025-03-27T12:28:00.745+0000] {logging_mixin.py:190} INFO - [2025-03-27T12:28:00.745+0000] {dag.py:3239} INFO - Sync 1 DAGs
[2025-03-27T12:28:00.796+0000] {logging_mixin.py:190} INFO - [2025-03-27T12:28:00.795+0000] {dag.py:4180} INFO - Setting next_dagrun for example_branch_python_operator_decorator to 2025-03-26 00:00:00+00:00, run_after=2025-03-27 00:00:00+00:00
[2025-03-27T12:28:00.835+0000] {processor.py:208} INFO - Processing /home/airflow/.local/lib/python3.12/site-packages/airflow/example_dags/example_branch_operator_decorator.py took 0.203 seconds
[2025-03-27T12:28:31.114+0000] {processor.py:186} INFO - Started process (PID=56023) to work on /home/airflow/.local/lib/python3.12/site-packages/airflow/example_dags/example_branch_operator_decorator.py
[2025-03-27T12:28:31.123+0000] {processor.py:914} INFO - Processing file /home/airflow/.local/lib/python3.12/site-packages/airflow/example_dags/example_branch_operator_decorator.py for tasks to queue
[2025-03-27T12:28:31.127+0000] {logging_mixin.py:190} INFO - [2025-03-27T12:28:31.126+0000] {dagbag.py:588} INFO - Filling up the DagBag from /home/airflow/.local/lib/python3.12/site-packages/airflow/example_dags/example_branch_operator_decorator.py
[2025-03-27T12:28:31.186+0000] {processor.py:925} INFO - DAG(s) 'example_branch_python_operator_decorator' retrieved from /home/airflow/.local/lib/python3.12/site-packages/airflow/example_dags/example_branch_operator_decorator.py
[2025-03-27T12:28:31.254+0000] {logging_mixin.py:190} INFO - [2025-03-27T12:28:31.253+0000] {dag.py:3239} INFO - Sync 1 DAGs
[2025-03-27T12:28:31.311+0000] {logging_mixin.py:190} INFO - [2025-03-27T12:28:31.310+0000] {dag.py:4180} INFO - Setting next_dagrun for example_branch_python_operator_decorator to 2025-03-26 00:00:00+00:00, run_after=2025-03-27 00:00:00+00:00
[2025-03-27T12:28:31.350+0000] {processor.py:208} INFO - Processing /home/airflow/.local/lib/python3.12/site-packages/airflow/example_dags/example_branch_operator_decorator.py took 0.258 seconds
[2025-03-27T12:29:01.645+0000] {processor.py:186} INFO - Started process (PID=56089) to work on /home/airflow/.local/lib/python3.12/site-packages/airflow/example_dags/example_branch_operator_decorator.py
[2025-03-27T12:29:01.649+0000] {processor.py:914} INFO - Processing file /home/airflow/.local/lib/python3.12/site-packages/airflow/example_dags/example_branch_operator_decorator.py for tasks to queue
[2025-03-27T12:29:01.653+0000] {logging_mixin.py:190} INFO - [2025-03-27T12:29:01.652+0000] {dagbag.py:588} INFO - Filling up the DagBag from /home/airflow/.local/lib/python3.12/site-packages/airflow/example_dags/example_branch_operator_decorator.py
[2025-03-27T12:29:01.709+0000] {processor.py:925} INFO - DAG(s) 'example_branch_python_operator_decorator' retrieved from /home/airflow/.local/lib/python3.12/site-packages/airflow/example_dags/example_branch_operator_decorator.py
[2025-03-27T12:29:01.762+0000] {logging_mixin.py:190} INFO - [2025-03-27T12:29:01.761+0000] {dag.py:3239} INFO - Sync 1 DAGs
[2025-03-27T12:29:01.807+0000] {logging_mixin.py:190} INFO - [2025-03-27T12:29:01.806+0000] {dag.py:4180} INFO - Setting next_dagrun for example_branch_python_operator_decorator to 2025-03-26 00:00:00+00:00, run_after=2025-03-27 00:00:00+00:00
[2025-03-27T12:29:01.842+0000] {processor.py:208} INFO - Processing /home/airflow/.local/lib/python3.12/site-packages/airflow/example_dags/example_branch_operator_decorator.py took 0.210 seconds
[2025-03-27T12:29:31.979+0000] {processor.py:186} INFO - Started process (PID=56154) to work on /home/airflow/.local/lib/python3.12/site-packages/airflow/example_dags/example_branch_operator_decorator.py
[2025-03-27T12:29:31.981+0000] {processor.py:914} INFO - Processing file /home/airflow/.local/lib/python3.12/site-packages/airflow/example_dags/example_branch_operator_decorator.py for tasks to queue
[2025-03-27T12:29:31.984+0000] {logging_mixin.py:190} INFO - [2025-03-27T12:29:31.983+0000] {dagbag.py:588} INFO - Filling up the DagBag from /home/airflow/.local/lib/python3.12/site-packages/airflow/example_dags/example_branch_operator_decorator.py
[2025-03-27T12:29:32.038+0000] {processor.py:925} INFO - DAG(s) 'example_branch_python_operator_decorator' retrieved from /home/airflow/.local/lib/python3.12/site-packages/airflow/example_dags/example_branch_operator_decorator.py
[2025-03-27T12:29:32.100+0000] {logging_mixin.py:190} INFO - [2025-03-27T12:29:32.100+0000] {dag.py:3239} INFO - Sync 1 DAGs
[2025-03-27T12:29:32.144+0000] {logging_mixin.py:190} INFO - [2025-03-27T12:29:32.143+0000] {dag.py:4180} INFO - Setting next_dagrun for example_branch_python_operator_decorator to 2025-03-26 00:00:00+00:00, run_after=2025-03-27 00:00:00+00:00
[2025-03-27T12:29:32.191+0000] {processor.py:208} INFO - Processing /home/airflow/.local/lib/python3.12/site-packages/airflow/example_dags/example_branch_operator_decorator.py took 0.223 seconds
[2025-03-27T12:30:02.488+0000] {processor.py:186} INFO - Started process (PID=56217) to work on /home/airflow/.local/lib/python3.12/site-packages/airflow/example_dags/example_branch_operator_decorator.py
[2025-03-27T12:30:02.490+0000] {processor.py:914} INFO - Processing file /home/airflow/.local/lib/python3.12/site-packages/airflow/example_dags/example_branch_operator_decorator.py for tasks to queue
[2025-03-27T12:30:02.493+0000] {logging_mixin.py:190} INFO - [2025-03-27T12:30:02.492+0000] {dagbag.py:588} INFO - Filling up the DagBag from /home/airflow/.local/lib/python3.12/site-packages/airflow/example_dags/example_branch_operator_decorator.py
[2025-03-27T12:30:02.538+0000] {processor.py:925} INFO - DAG(s) 'example_branch_python_operator_decorator' retrieved from /home/airflow/.local/lib/python3.12/site-packages/airflow/example_dags/example_branch_operator_decorator.py
[2025-03-27T12:30:02.592+0000] {logging_mixin.py:190} INFO - [2025-03-27T12:30:02.591+0000] {dag.py:3239} INFO - Sync 1 DAGs
[2025-03-27T12:30:02.644+0000] {logging_mixin.py:190} INFO - [2025-03-27T12:30:02.644+0000] {dag.py:4180} INFO - Setting next_dagrun for example_branch_python_operator_decorator to 2025-03-26 00:00:00+00:00, run_after=2025-03-27 00:00:00+00:00
[2025-03-27T12:30:02.686+0000] {processor.py:208} INFO - Processing /home/airflow/.local/lib/python3.12/site-packages/airflow/example_dags/example_branch_operator_decorator.py took 0.211 seconds
[2025-03-27T12:30:33.255+0000] {processor.py:186} INFO - Started process (PID=56282) to work on /home/airflow/.local/lib/python3.12/site-packages/airflow/example_dags/example_branch_operator_decorator.py
[2025-03-27T12:30:33.258+0000] {processor.py:914} INFO - Processing file /home/airflow/.local/lib/python3.12/site-packages/airflow/example_dags/example_branch_operator_decorator.py for tasks to queue
[2025-03-27T12:30:33.261+0000] {logging_mixin.py:190} INFO - [2025-03-27T12:30:33.260+0000] {dagbag.py:588} INFO - Filling up the DagBag from /home/airflow/.local/lib/python3.12/site-packages/airflow/example_dags/example_branch_operator_decorator.py
[2025-03-27T12:30:33.307+0000] {processor.py:925} INFO - DAG(s) 'example_branch_python_operator_decorator' retrieved from /home/airflow/.local/lib/python3.12/site-packages/airflow/example_dags/example_branch_operator_decorator.py
[2025-03-27T12:30:33.360+0000] {logging_mixin.py:190} INFO - [2025-03-27T12:30:33.360+0000] {dag.py:3239} INFO - Sync 1 DAGs
[2025-03-27T12:30:33.413+0000] {logging_mixin.py:190} INFO - [2025-03-27T12:30:33.412+0000] {dag.py:4180} INFO - Setting next_dagrun for example_branch_python_operator_decorator to 2025-03-26 00:00:00+00:00, run_after=2025-03-27 00:00:00+00:00
[2025-03-27T12:30:33.450+0000] {processor.py:208} INFO - Processing /home/airflow/.local/lib/python3.12/site-packages/airflow/example_dags/example_branch_operator_decorator.py took 0.204 seconds
[2025-03-27T12:31:03.658+0000] {processor.py:186} INFO - Started process (PID=56347) to work on /home/airflow/.local/lib/python3.12/site-packages/airflow/example_dags/example_branch_operator_decorator.py
[2025-03-27T12:31:03.660+0000] {processor.py:914} INFO - Processing file /home/airflow/.local/lib/python3.12/site-packages/airflow/example_dags/example_branch_operator_decorator.py for tasks to queue
[2025-03-27T12:31:03.662+0000] {logging_mixin.py:190} INFO - [2025-03-27T12:31:03.662+0000] {dagbag.py:588} INFO - Filling up the DagBag from /home/airflow/.local/lib/python3.12/site-packages/airflow/example_dags/example_branch_operator_decorator.py
[2025-03-27T12:31:03.700+0000] {processor.py:925} INFO - DAG(s) 'example_branch_python_operator_decorator' retrieved from /home/airflow/.local/lib/python3.12/site-packages/airflow/example_dags/example_branch_operator_decorator.py
[2025-03-27T12:31:03.748+0000] {logging_mixin.py:190} INFO - [2025-03-27T12:31:03.747+0000] {dag.py:3239} INFO - Sync 1 DAGs
[2025-03-27T12:31:03.791+0000] {logging_mixin.py:190} INFO - [2025-03-27T12:31:03.791+0000] {dag.py:4180} INFO - Setting next_dagrun for example_branch_python_operator_decorator to 2025-03-26 00:00:00+00:00, run_after=2025-03-27 00:00:00+00:00
[2025-03-27T12:31:03.829+0000] {processor.py:208} INFO - Processing /home/airflow/.local/lib/python3.12/site-packages/airflow/example_dags/example_branch_operator_decorator.py took 0.182 seconds
[2025-03-27T18:31:15.336+0000] {processor.py:186} INFO - Started process (PID=56372) to work on /home/airflow/.local/lib/python3.12/site-packages/airflow/example_dags/example_branch_operator_decorator.py
[2025-03-27T18:31:15.347+0000] {processor.py:914} INFO - Processing file /home/airflow/.local/lib/python3.12/site-packages/airflow/example_dags/example_branch_operator_decorator.py for tasks to queue
[2025-03-27T18:31:15.352+0000] {logging_mixin.py:190} INFO - [2025-03-27T18:31:15.351+0000] {dagbag.py:588} INFO - Filling up the DagBag from /home/airflow/.local/lib/python3.12/site-packages/airflow/example_dags/example_branch_operator_decorator.py
[2025-03-27T18:31:15.507+0000] {processor.py:925} INFO - DAG(s) 'example_branch_python_operator_decorator' retrieved from /home/airflow/.local/lib/python3.12/site-packages/airflow/example_dags/example_branch_operator_decorator.py
[2025-03-27T18:31:15.682+0000] {logging_mixin.py:190} INFO - [2025-03-27T18:31:15.681+0000] {dag.py:3239} INFO - Sync 1 DAGs
[2025-03-27T18:31:15.870+0000] {logging_mixin.py:190} INFO - [2025-03-27T18:31:15.861+0000] {dag.py:4180} INFO - Setting next_dagrun for example_branch_python_operator_decorator to 2025-03-26 00:00:00+00:00, run_after=2025-03-27 00:00:00+00:00
[2025-03-27T18:31:16.001+0000] {processor.py:208} INFO - Processing /home/airflow/.local/lib/python3.12/site-packages/airflow/example_dags/example_branch_operator_decorator.py took 0.695 seconds
