[2025-03-27T11:58:30.507+0000] {processor.py:186} INFO - Started process (PID=52244) to work on /home/airflow/.local/lib/python3.12/site-packages/airflow/example_dags/example_branch_day_of_week_operator.py
[2025-03-27T11:58:30.529+0000] {processor.py:914} INFO - Processing file /home/airflow/.local/lib/python3.12/site-packages/airflow/example_dags/example_branch_day_of_week_operator.py for tasks to queue
[2025-03-27T11:58:30.566+0000] {logging_mixin.py:190} INFO - [2025-03-27T11:58:30.565+0000] {dagbag.py:588} INFO - Filling up the DagBag from /home/airflow/.local/lib/python3.12/site-packages/airflow/example_dags/example_branch_day_of_week_operator.py
[2025-03-27T11:58:30.625+0000] {processor.py:925} INFO - DAG(s) 'example_weekday_branch_operator' retrieved from /home/airflow/.local/lib/python3.12/site-packages/airflow/example_dags/example_branch_day_of_week_operator.py
[2025-03-27T11:58:30.736+0000] {logging_mixin.py:190} INFO - [2025-03-27T11:58:30.735+0000] {dag.py:3239} INFO - Sync 1 DAGs
[2025-03-27T11:58:30.879+0000] {logging_mixin.py:190} INFO - [2025-03-27T11:58:30.879+0000] {dag.py:4180} INFO - Setting next_dagrun for example_weekday_branch_operator to 2025-03-26 00:00:00+00:00, run_after=2025-03-27 00:00:00+00:00
[2025-03-27T11:58:30.987+0000] {processor.py:208} INFO - Processing /home/airflow/.local/lib/python3.12/site-packages/airflow/example_dags/example_branch_day_of_week_operator.py took 0.505 seconds
[2025-03-27T11:59:05.096+0000] {processor.py:186} INFO - Started process (PID=52306) to work on /home/airflow/.local/lib/python3.12/site-packages/airflow/example_dags/example_branch_day_of_week_operator.py
[2025-03-27T11:59:05.100+0000] {processor.py:914} INFO - Processing file /home/airflow/.local/lib/python3.12/site-packages/airflow/example_dags/example_branch_day_of_week_operator.py for tasks to queue
[2025-03-27T11:59:05.105+0000] {logging_mixin.py:190} INFO - [2025-03-27T11:59:05.104+0000] {dagbag.py:588} INFO - Filling up the DagBag from /home/airflow/.local/lib/python3.12/site-packages/airflow/example_dags/example_branch_day_of_week_operator.py
[2025-03-27T11:59:05.155+0000] {processor.py:925} INFO - DAG(s) 'example_weekday_branch_operator' retrieved from /home/airflow/.local/lib/python3.12/site-packages/airflow/example_dags/example_branch_day_of_week_operator.py
[2025-03-27T11:59:05.250+0000] {logging_mixin.py:190} INFO - [2025-03-27T11:59:05.249+0000] {dag.py:3239} INFO - Sync 1 DAGs
[2025-03-27T11:59:05.363+0000] {logging_mixin.py:190} INFO - [2025-03-27T11:59:05.363+0000] {dag.py:4180} INFO - Setting next_dagrun for example_weekday_branch_operator to 2025-03-26 00:00:00+00:00, run_after=2025-03-27 00:00:00+00:00
[2025-03-27T11:59:05.453+0000] {processor.py:208} INFO - Processing /home/airflow/.local/lib/python3.12/site-packages/airflow/example_dags/example_branch_day_of_week_operator.py took 0.379 seconds
[2025-03-27T11:59:36.434+0000] {processor.py:186} INFO - Started process (PID=52371) to work on /home/airflow/.local/lib/python3.12/site-packages/airflow/example_dags/example_branch_day_of_week_operator.py
[2025-03-27T11:59:36.436+0000] {processor.py:914} INFO - Processing file /home/airflow/.local/lib/python3.12/site-packages/airflow/example_dags/example_branch_day_of_week_operator.py for tasks to queue
[2025-03-27T11:59:36.443+0000] {logging_mixin.py:190} INFO - [2025-03-27T11:59:36.440+0000] {dagbag.py:588} INFO - Filling up the DagBag from /home/airflow/.local/lib/python3.12/site-packages/airflow/example_dags/example_branch_day_of_week_operator.py
[2025-03-27T11:59:36.470+0000] {processor.py:925} INFO - DAG(s) 'example_weekday_branch_operator' retrieved from /home/airflow/.local/lib/python3.12/site-packages/airflow/example_dags/example_branch_day_of_week_operator.py
[2025-03-27T11:59:36.534+0000] {logging_mixin.py:190} INFO - [2025-03-27T11:59:36.532+0000] {dag.py:3239} INFO - Sync 1 DAGs
[2025-03-27T11:59:36.659+0000] {logging_mixin.py:190} INFO - [2025-03-27T11:59:36.658+0000] {dag.py:4180} INFO - Setting next_dagrun for example_weekday_branch_operator to 2025-03-26 00:00:00+00:00, run_after=2025-03-27 00:00:00+00:00
[2025-03-27T11:59:36.756+0000] {processor.py:208} INFO - Processing /home/airflow/.local/lib/python3.12/site-packages/airflow/example_dags/example_branch_day_of_week_operator.py took 0.343 seconds
[2025-03-27T12:00:07.614+0000] {processor.py:186} INFO - Started process (PID=52436) to work on /home/airflow/.local/lib/python3.12/site-packages/airflow/example_dags/example_branch_day_of_week_operator.py
[2025-03-27T12:00:07.617+0000] {processor.py:914} INFO - Processing file /home/airflow/.local/lib/python3.12/site-packages/airflow/example_dags/example_branch_day_of_week_operator.py for tasks to queue
[2025-03-27T12:00:07.626+0000] {logging_mixin.py:190} INFO - [2025-03-27T12:00:07.624+0000] {dagbag.py:588} INFO - Filling up the DagBag from /home/airflow/.local/lib/python3.12/site-packages/airflow/example_dags/example_branch_day_of_week_operator.py
[2025-03-27T12:00:07.668+0000] {processor.py:925} INFO - DAG(s) 'example_weekday_branch_operator' retrieved from /home/airflow/.local/lib/python3.12/site-packages/airflow/example_dags/example_branch_day_of_week_operator.py
[2025-03-27T12:00:07.773+0000] {logging_mixin.py:190} INFO - [2025-03-27T12:00:07.773+0000] {dag.py:3239} INFO - Sync 1 DAGs
[2025-03-27T12:00:07.928+0000] {logging_mixin.py:190} INFO - [2025-03-27T12:00:07.927+0000] {dag.py:4180} INFO - Setting next_dagrun for example_weekday_branch_operator to 2025-03-26 00:00:00+00:00, run_after=2025-03-27 00:00:00+00:00
[2025-03-27T12:00:08.073+0000] {processor.py:208} INFO - Processing /home/airflow/.local/lib/python3.12/site-packages/airflow/example_dags/example_branch_day_of_week_operator.py took 0.484 seconds
[2025-03-27T12:00:39.285+0000] {processor.py:186} INFO - Started process (PID=52501) to work on /home/airflow/.local/lib/python3.12/site-packages/airflow/example_dags/example_branch_day_of_week_operator.py
[2025-03-27T12:00:39.288+0000] {processor.py:914} INFO - Processing file /home/airflow/.local/lib/python3.12/site-packages/airflow/example_dags/example_branch_day_of_week_operator.py for tasks to queue
[2025-03-27T12:00:39.292+0000] {logging_mixin.py:190} INFO - [2025-03-27T12:00:39.291+0000] {dagbag.py:588} INFO - Filling up the DagBag from /home/airflow/.local/lib/python3.12/site-packages/airflow/example_dags/example_branch_day_of_week_operator.py
[2025-03-27T12:00:39.317+0000] {processor.py:925} INFO - DAG(s) 'example_weekday_branch_operator' retrieved from /home/airflow/.local/lib/python3.12/site-packages/airflow/example_dags/example_branch_day_of_week_operator.py
[2025-03-27T12:00:39.366+0000] {logging_mixin.py:190} INFO - [2025-03-27T12:00:39.365+0000] {dag.py:3239} INFO - Sync 1 DAGs
[2025-03-27T12:00:39.427+0000] {logging_mixin.py:190} INFO - [2025-03-27T12:00:39.426+0000] {dag.py:4180} INFO - Setting next_dagrun for example_weekday_branch_operator to 2025-03-26 00:00:00+00:00, run_after=2025-03-27 00:00:00+00:00
[2025-03-27T12:00:39.477+0000] {processor.py:208} INFO - Processing /home/airflow/.local/lib/python3.12/site-packages/airflow/example_dags/example_branch_day_of_week_operator.py took 0.202 seconds
[2025-03-27T12:01:09.875+0000] {processor.py:186} INFO - Started process (PID=52565) to work on /home/airflow/.local/lib/python3.12/site-packages/airflow/example_dags/example_branch_day_of_week_operator.py
[2025-03-27T12:01:09.877+0000] {processor.py:914} INFO - Processing file /home/airflow/.local/lib/python3.12/site-packages/airflow/example_dags/example_branch_day_of_week_operator.py for tasks to queue
[2025-03-27T12:01:09.881+0000] {logging_mixin.py:190} INFO - [2025-03-27T12:01:09.880+0000] {dagbag.py:588} INFO - Filling up the DagBag from /home/airflow/.local/lib/python3.12/site-packages/airflow/example_dags/example_branch_day_of_week_operator.py
[2025-03-27T12:01:09.901+0000] {processor.py:925} INFO - DAG(s) 'example_weekday_branch_operator' retrieved from /home/airflow/.local/lib/python3.12/site-packages/airflow/example_dags/example_branch_day_of_week_operator.py
[2025-03-27T12:01:09.945+0000] {logging_mixin.py:190} INFO - [2025-03-27T12:01:09.944+0000] {dag.py:3239} INFO - Sync 1 DAGs
[2025-03-27T12:01:09.998+0000] {logging_mixin.py:190} INFO - [2025-03-27T12:01:09.998+0000] {dag.py:4180} INFO - Setting next_dagrun for example_weekday_branch_operator to 2025-03-26 00:00:00+00:00, run_after=2025-03-27 00:00:00+00:00
[2025-03-27T12:01:10.047+0000] {processor.py:208} INFO - Processing /home/airflow/.local/lib/python3.12/site-packages/airflow/example_dags/example_branch_day_of_week_operator.py took 0.183 seconds
[2025-03-27T12:01:40.133+0000] {processor.py:186} INFO - Started process (PID=52629) to work on /home/airflow/.local/lib/python3.12/site-packages/airflow/example_dags/example_branch_day_of_week_operator.py
[2025-03-27T12:01:40.134+0000] {processor.py:914} INFO - Processing file /home/airflow/.local/lib/python3.12/site-packages/airflow/example_dags/example_branch_day_of_week_operator.py for tasks to queue
[2025-03-27T12:01:40.137+0000] {logging_mixin.py:190} INFO - [2025-03-27T12:01:40.136+0000] {dagbag.py:588} INFO - Filling up the DagBag from /home/airflow/.local/lib/python3.12/site-packages/airflow/example_dags/example_branch_day_of_week_operator.py
[2025-03-27T12:01:40.154+0000] {processor.py:925} INFO - DAG(s) 'example_weekday_branch_operator' retrieved from /home/airflow/.local/lib/python3.12/site-packages/airflow/example_dags/example_branch_day_of_week_operator.py
[2025-03-27T12:01:40.191+0000] {logging_mixin.py:190} INFO - [2025-03-27T12:01:40.190+0000] {dag.py:3239} INFO - Sync 1 DAGs
[2025-03-27T12:01:40.234+0000] {logging_mixin.py:190} INFO - [2025-03-27T12:01:40.233+0000] {dag.py:4180} INFO - Setting next_dagrun for example_weekday_branch_operator to 2025-03-26 00:00:00+00:00, run_after=2025-03-27 00:00:00+00:00
[2025-03-27T12:01:40.285+0000] {processor.py:208} INFO - Processing /home/airflow/.local/lib/python3.12/site-packages/airflow/example_dags/example_branch_day_of_week_operator.py took 0.164 seconds
[2025-03-27T12:02:10.459+0000] {processor.py:186} INFO - Started process (PID=52693) to work on /home/airflow/.local/lib/python3.12/site-packages/airflow/example_dags/example_branch_day_of_week_operator.py
[2025-03-27T12:02:10.462+0000] {processor.py:914} INFO - Processing file /home/airflow/.local/lib/python3.12/site-packages/airflow/example_dags/example_branch_day_of_week_operator.py for tasks to queue
[2025-03-27T12:02:10.466+0000] {logging_mixin.py:190} INFO - [2025-03-27T12:02:10.465+0000] {dagbag.py:588} INFO - Filling up the DagBag from /home/airflow/.local/lib/python3.12/site-packages/airflow/example_dags/example_branch_day_of_week_operator.py
[2025-03-27T12:02:10.490+0000] {processor.py:925} INFO - DAG(s) 'example_weekday_branch_operator' retrieved from /home/airflow/.local/lib/python3.12/site-packages/airflow/example_dags/example_branch_day_of_week_operator.py
[2025-03-27T12:02:10.554+0000] {logging_mixin.py:190} INFO - [2025-03-27T12:02:10.553+0000] {dag.py:3239} INFO - Sync 1 DAGs
[2025-03-27T12:02:10.605+0000] {logging_mixin.py:190} INFO - [2025-03-27T12:02:10.605+0000] {dag.py:4180} INFO - Setting next_dagrun for example_weekday_branch_operator to 2025-03-26 00:00:00+00:00, run_after=2025-03-27 00:00:00+00:00
[2025-03-27T12:02:10.642+0000] {processor.py:208} INFO - Processing /home/airflow/.local/lib/python3.12/site-packages/airflow/example_dags/example_branch_day_of_week_operator.py took 0.195 seconds
[2025-03-27T12:02:41.055+0000] {processor.py:186} INFO - Started process (PID=52758) to work on /home/airflow/.local/lib/python3.12/site-packages/airflow/example_dags/example_branch_day_of_week_operator.py
[2025-03-27T12:02:41.057+0000] {processor.py:914} INFO - Processing file /home/airflow/.local/lib/python3.12/site-packages/airflow/example_dags/example_branch_day_of_week_operator.py for tasks to queue
[2025-03-27T12:02:41.060+0000] {logging_mixin.py:190} INFO - [2025-03-27T12:02:41.059+0000] {dagbag.py:588} INFO - Filling up the DagBag from /home/airflow/.local/lib/python3.12/site-packages/airflow/example_dags/example_branch_day_of_week_operator.py
[2025-03-27T12:02:41.082+0000] {processor.py:925} INFO - DAG(s) 'example_weekday_branch_operator' retrieved from /home/airflow/.local/lib/python3.12/site-packages/airflow/example_dags/example_branch_day_of_week_operator.py
[2025-03-27T12:02:41.123+0000] {logging_mixin.py:190} INFO - [2025-03-27T12:02:41.123+0000] {dag.py:3239} INFO - Sync 1 DAGs
[2025-03-27T12:02:41.175+0000] {logging_mixin.py:190} INFO - [2025-03-27T12:02:41.175+0000] {dag.py:4180} INFO - Setting next_dagrun for example_weekday_branch_operator to 2025-03-26 00:00:00+00:00, run_after=2025-03-27 00:00:00+00:00
[2025-03-27T12:02:41.224+0000] {processor.py:208} INFO - Processing /home/airflow/.local/lib/python3.12/site-packages/airflow/example_dags/example_branch_day_of_week_operator.py took 0.179 seconds
[2025-03-27T12:03:11.488+0000] {processor.py:186} INFO - Started process (PID=52823) to work on /home/airflow/.local/lib/python3.12/site-packages/airflow/example_dags/example_branch_day_of_week_operator.py
[2025-03-27T12:03:11.491+0000] {processor.py:914} INFO - Processing file /home/airflow/.local/lib/python3.12/site-packages/airflow/example_dags/example_branch_day_of_week_operator.py for tasks to queue
[2025-03-27T12:03:11.495+0000] {logging_mixin.py:190} INFO - [2025-03-27T12:03:11.494+0000] {dagbag.py:588} INFO - Filling up the DagBag from /home/airflow/.local/lib/python3.12/site-packages/airflow/example_dags/example_branch_day_of_week_operator.py
[2025-03-27T12:03:11.523+0000] {processor.py:925} INFO - DAG(s) 'example_weekday_branch_operator' retrieved from /home/airflow/.local/lib/python3.12/site-packages/airflow/example_dags/example_branch_day_of_week_operator.py
[2025-03-27T12:03:11.596+0000] {logging_mixin.py:190} INFO - [2025-03-27T12:03:11.595+0000] {dag.py:3239} INFO - Sync 1 DAGs
[2025-03-27T12:03:11.669+0000] {logging_mixin.py:190} INFO - [2025-03-27T12:03:11.668+0000] {dag.py:4180} INFO - Setting next_dagrun for example_weekday_branch_operator to 2025-03-26 00:00:00+00:00, run_after=2025-03-27 00:00:00+00:00
[2025-03-27T12:03:11.739+0000] {processor.py:208} INFO - Processing /home/airflow/.local/lib/python3.12/site-packages/airflow/example_dags/example_branch_day_of_week_operator.py took 0.266 seconds
[2025-03-27T12:03:42.041+0000] {processor.py:186} INFO - Started process (PID=52887) to work on /home/airflow/.local/lib/python3.12/site-packages/airflow/example_dags/example_branch_day_of_week_operator.py
[2025-03-27T12:03:42.043+0000] {processor.py:914} INFO - Processing file /home/airflow/.local/lib/python3.12/site-packages/airflow/example_dags/example_branch_day_of_week_operator.py for tasks to queue
[2025-03-27T12:03:42.045+0000] {logging_mixin.py:190} INFO - [2025-03-27T12:03:42.045+0000] {dagbag.py:588} INFO - Filling up the DagBag from /home/airflow/.local/lib/python3.12/site-packages/airflow/example_dags/example_branch_day_of_week_operator.py
[2025-03-27T12:03:42.063+0000] {processor.py:925} INFO - DAG(s) 'example_weekday_branch_operator' retrieved from /home/airflow/.local/lib/python3.12/site-packages/airflow/example_dags/example_branch_day_of_week_operator.py
[2025-03-27T12:03:42.099+0000] {logging_mixin.py:190} INFO - [2025-03-27T12:03:42.098+0000] {dag.py:3239} INFO - Sync 1 DAGs
[2025-03-27T12:03:42.156+0000] {logging_mixin.py:190} INFO - [2025-03-27T12:03:42.156+0000] {dag.py:4180} INFO - Setting next_dagrun for example_weekday_branch_operator to 2025-03-26 00:00:00+00:00, run_after=2025-03-27 00:00:00+00:00
[2025-03-27T12:03:42.199+0000] {processor.py:208} INFO - Processing /home/airflow/.local/lib/python3.12/site-packages/airflow/example_dags/example_branch_day_of_week_operator.py took 0.169 seconds
[2025-03-27T12:04:12.511+0000] {processor.py:186} INFO - Started process (PID=52951) to work on /home/airflow/.local/lib/python3.12/site-packages/airflow/example_dags/example_branch_day_of_week_operator.py
[2025-03-27T12:04:12.513+0000] {processor.py:914} INFO - Processing file /home/airflow/.local/lib/python3.12/site-packages/airflow/example_dags/example_branch_day_of_week_operator.py for tasks to queue
[2025-03-27T12:04:12.516+0000] {logging_mixin.py:190} INFO - [2025-03-27T12:04:12.515+0000] {dagbag.py:588} INFO - Filling up the DagBag from /home/airflow/.local/lib/python3.12/site-packages/airflow/example_dags/example_branch_day_of_week_operator.py
[2025-03-27T12:04:12.548+0000] {processor.py:925} INFO - DAG(s) 'example_weekday_branch_operator' retrieved from /home/airflow/.local/lib/python3.12/site-packages/airflow/example_dags/example_branch_day_of_week_operator.py
[2025-03-27T12:04:12.628+0000] {logging_mixin.py:190} INFO - [2025-03-27T12:04:12.628+0000] {dag.py:3239} INFO - Sync 1 DAGs
[2025-03-27T12:04:12.732+0000] {logging_mixin.py:190} INFO - [2025-03-27T12:04:12.731+0000] {dag.py:4180} INFO - Setting next_dagrun for example_weekday_branch_operator to 2025-03-26 00:00:00+00:00, run_after=2025-03-27 00:00:00+00:00
[2025-03-27T12:04:12.796+0000] {processor.py:208} INFO - Processing /home/airflow/.local/lib/python3.12/site-packages/airflow/example_dags/example_branch_day_of_week_operator.py took 0.304 seconds
[2025-03-27T12:04:45.083+0000] {processor.py:186} INFO - Started process (PID=53015) to work on /home/airflow/.local/lib/python3.12/site-packages/airflow/example_dags/example_branch_day_of_week_operator.py
[2025-03-27T12:04:45.086+0000] {processor.py:914} INFO - Processing file /home/airflow/.local/lib/python3.12/site-packages/airflow/example_dags/example_branch_day_of_week_operator.py for tasks to queue
[2025-03-27T12:04:45.090+0000] {logging_mixin.py:190} INFO - [2025-03-27T12:04:45.089+0000] {dagbag.py:588} INFO - Filling up the DagBag from /home/airflow/.local/lib/python3.12/site-packages/airflow/example_dags/example_branch_day_of_week_operator.py
[2025-03-27T12:04:45.126+0000] {processor.py:925} INFO - DAG(s) 'example_weekday_branch_operator' retrieved from /home/airflow/.local/lib/python3.12/site-packages/airflow/example_dags/example_branch_day_of_week_operator.py
[2025-03-27T12:04:45.198+0000] {logging_mixin.py:190} INFO - [2025-03-27T12:04:45.198+0000] {dag.py:3239} INFO - Sync 1 DAGs
[2025-03-27T12:04:45.287+0000] {logging_mixin.py:190} INFO - [2025-03-27T12:04:45.286+0000] {dag.py:4180} INFO - Setting next_dagrun for example_weekday_branch_operator to 2025-03-26 00:00:00+00:00, run_after=2025-03-27 00:00:00+00:00
[2025-03-27T12:04:45.339+0000] {processor.py:208} INFO - Processing /home/airflow/.local/lib/python3.12/site-packages/airflow/example_dags/example_branch_day_of_week_operator.py took 0.275 seconds
[2025-03-27T12:05:16.194+0000] {processor.py:186} INFO - Started process (PID=53079) to work on /home/airflow/.local/lib/python3.12/site-packages/airflow/example_dags/example_branch_day_of_week_operator.py
[2025-03-27T12:05:16.196+0000] {processor.py:914} INFO - Processing file /home/airflow/.local/lib/python3.12/site-packages/airflow/example_dags/example_branch_day_of_week_operator.py for tasks to queue
[2025-03-27T12:05:16.199+0000] {logging_mixin.py:190} INFO - [2025-03-27T12:05:16.198+0000] {dagbag.py:588} INFO - Filling up the DagBag from /home/airflow/.local/lib/python3.12/site-packages/airflow/example_dags/example_branch_day_of_week_operator.py
[2025-03-27T12:05:16.221+0000] {processor.py:925} INFO - DAG(s) 'example_weekday_branch_operator' retrieved from /home/airflow/.local/lib/python3.12/site-packages/airflow/example_dags/example_branch_day_of_week_operator.py
[2025-03-27T12:05:16.266+0000] {logging_mixin.py:190} INFO - [2025-03-27T12:05:16.266+0000] {dag.py:3239} INFO - Sync 1 DAGs
[2025-03-27T12:05:16.359+0000] {logging_mixin.py:190} INFO - [2025-03-27T12:05:16.358+0000] {dag.py:4180} INFO - Setting next_dagrun for example_weekday_branch_operator to 2025-03-26 00:00:00+00:00, run_after=2025-03-27 00:00:00+00:00
[2025-03-27T12:05:16.416+0000] {processor.py:208} INFO - Processing /home/airflow/.local/lib/python3.12/site-packages/airflow/example_dags/example_branch_day_of_week_operator.py took 0.236 seconds
[2025-03-27T12:05:46.802+0000] {processor.py:186} INFO - Started process (PID=53144) to work on /home/airflow/.local/lib/python3.12/site-packages/airflow/example_dags/example_branch_day_of_week_operator.py
[2025-03-27T12:05:46.804+0000] {processor.py:914} INFO - Processing file /home/airflow/.local/lib/python3.12/site-packages/airflow/example_dags/example_branch_day_of_week_operator.py for tasks to queue
[2025-03-27T12:05:46.808+0000] {logging_mixin.py:190} INFO - [2025-03-27T12:05:46.807+0000] {dagbag.py:588} INFO - Filling up the DagBag from /home/airflow/.local/lib/python3.12/site-packages/airflow/example_dags/example_branch_day_of_week_operator.py
[2025-03-27T12:05:46.829+0000] {processor.py:925} INFO - DAG(s) 'example_weekday_branch_operator' retrieved from /home/airflow/.local/lib/python3.12/site-packages/airflow/example_dags/example_branch_day_of_week_operator.py
[2025-03-27T12:05:46.875+0000] {logging_mixin.py:190} INFO - [2025-03-27T12:05:46.875+0000] {dag.py:3239} INFO - Sync 1 DAGs
[2025-03-27T12:05:46.943+0000] {logging_mixin.py:190} INFO - [2025-03-27T12:05:46.942+0000] {dag.py:4180} INFO - Setting next_dagrun for example_weekday_branch_operator to 2025-03-26 00:00:00+00:00, run_after=2025-03-27 00:00:00+00:00
[2025-03-27T12:05:46.999+0000] {processor.py:208} INFO - Processing /home/airflow/.local/lib/python3.12/site-packages/airflow/example_dags/example_branch_day_of_week_operator.py took 0.216 seconds
[2025-03-27T12:06:17.800+0000] {processor.py:186} INFO - Started process (PID=53208) to work on /home/airflow/.local/lib/python3.12/site-packages/airflow/example_dags/example_branch_day_of_week_operator.py
[2025-03-27T12:06:17.803+0000] {processor.py:914} INFO - Processing file /home/airflow/.local/lib/python3.12/site-packages/airflow/example_dags/example_branch_day_of_week_operator.py for tasks to queue
[2025-03-27T12:06:17.809+0000] {logging_mixin.py:190} INFO - [2025-03-27T12:06:17.808+0000] {dagbag.py:588} INFO - Filling up the DagBag from /home/airflow/.local/lib/python3.12/site-packages/airflow/example_dags/example_branch_day_of_week_operator.py
[2025-03-27T12:06:17.853+0000] {processor.py:925} INFO - DAG(s) 'example_weekday_branch_operator' retrieved from /home/airflow/.local/lib/python3.12/site-packages/airflow/example_dags/example_branch_day_of_week_operator.py
[2025-03-27T12:06:17.916+0000] {logging_mixin.py:190} INFO - [2025-03-27T12:06:17.915+0000] {dag.py:3239} INFO - Sync 1 DAGs
[2025-03-27T12:06:17.998+0000] {logging_mixin.py:190} INFO - [2025-03-27T12:06:17.997+0000] {dag.py:4180} INFO - Setting next_dagrun for example_weekday_branch_operator to 2025-03-26 00:00:00+00:00, run_after=2025-03-27 00:00:00+00:00
[2025-03-27T12:06:18.369+0000] {processor.py:208} INFO - Processing /home/airflow/.local/lib/python3.12/site-packages/airflow/example_dags/example_branch_day_of_week_operator.py took 0.590 seconds
[2025-03-27T12:06:48.826+0000] {processor.py:186} INFO - Started process (PID=53274) to work on /home/airflow/.local/lib/python3.12/site-packages/airflow/example_dags/example_branch_day_of_week_operator.py
[2025-03-27T12:06:48.828+0000] {processor.py:914} INFO - Processing file /home/airflow/.local/lib/python3.12/site-packages/airflow/example_dags/example_branch_day_of_week_operator.py for tasks to queue
[2025-03-27T12:06:48.832+0000] {logging_mixin.py:190} INFO - [2025-03-27T12:06:48.831+0000] {dagbag.py:588} INFO - Filling up the DagBag from /home/airflow/.local/lib/python3.12/site-packages/airflow/example_dags/example_branch_day_of_week_operator.py
[2025-03-27T12:06:48.861+0000] {processor.py:925} INFO - DAG(s) 'example_weekday_branch_operator' retrieved from /home/airflow/.local/lib/python3.12/site-packages/airflow/example_dags/example_branch_day_of_week_operator.py
[2025-03-27T12:06:48.919+0000] {logging_mixin.py:190} INFO - [2025-03-27T12:06:48.919+0000] {dag.py:3239} INFO - Sync 1 DAGs
[2025-03-27T12:06:48.984+0000] {logging_mixin.py:190} INFO - [2025-03-27T12:06:48.983+0000] {dag.py:4180} INFO - Setting next_dagrun for example_weekday_branch_operator to 2025-03-26 00:00:00+00:00, run_after=2025-03-27 00:00:00+00:00
[2025-03-27T12:06:49.043+0000] {processor.py:208} INFO - Processing /home/airflow/.local/lib/python3.12/site-packages/airflow/example_dags/example_branch_day_of_week_operator.py took 0.231 seconds
[2025-03-27T12:07:19.418+0000] {processor.py:186} INFO - Started process (PID=53338) to work on /home/airflow/.local/lib/python3.12/site-packages/airflow/example_dags/example_branch_day_of_week_operator.py
[2025-03-27T12:07:19.421+0000] {processor.py:914} INFO - Processing file /home/airflow/.local/lib/python3.12/site-packages/airflow/example_dags/example_branch_day_of_week_operator.py for tasks to queue
[2025-03-27T12:07:19.425+0000] {logging_mixin.py:190} INFO - [2025-03-27T12:07:19.424+0000] {dagbag.py:588} INFO - Filling up the DagBag from /home/airflow/.local/lib/python3.12/site-packages/airflow/example_dags/example_branch_day_of_week_operator.py
[2025-03-27T12:07:19.464+0000] {processor.py:925} INFO - DAG(s) 'example_weekday_branch_operator' retrieved from /home/airflow/.local/lib/python3.12/site-packages/airflow/example_dags/example_branch_day_of_week_operator.py
[2025-03-27T12:07:19.549+0000] {logging_mixin.py:190} INFO - [2025-03-27T12:07:19.548+0000] {dag.py:3239} INFO - Sync 1 DAGs
[2025-03-27T12:07:19.643+0000] {logging_mixin.py:190} INFO - [2025-03-27T12:07:19.641+0000] {dag.py:4180} INFO - Setting next_dagrun for example_weekday_branch_operator to 2025-03-26 00:00:00+00:00, run_after=2025-03-27 00:00:00+00:00
[2025-03-27T12:07:19.713+0000] {processor.py:208} INFO - Processing /home/airflow/.local/lib/python3.12/site-packages/airflow/example_dags/example_branch_day_of_week_operator.py took 0.314 seconds
[2025-03-27T12:07:50.418+0000] {processor.py:186} INFO - Started process (PID=53404) to work on /home/airflow/.local/lib/python3.12/site-packages/airflow/example_dags/example_branch_day_of_week_operator.py
[2025-03-27T12:07:50.421+0000] {processor.py:914} INFO - Processing file /home/airflow/.local/lib/python3.12/site-packages/airflow/example_dags/example_branch_day_of_week_operator.py for tasks to queue
[2025-03-27T12:07:50.425+0000] {logging_mixin.py:190} INFO - [2025-03-27T12:07:50.424+0000] {dagbag.py:588} INFO - Filling up the DagBag from /home/airflow/.local/lib/python3.12/site-packages/airflow/example_dags/example_branch_day_of_week_operator.py
[2025-03-27T12:07:50.455+0000] {processor.py:925} INFO - DAG(s) 'example_weekday_branch_operator' retrieved from /home/airflow/.local/lib/python3.12/site-packages/airflow/example_dags/example_branch_day_of_week_operator.py
[2025-03-27T12:07:50.537+0000] {logging_mixin.py:190} INFO - [2025-03-27T12:07:50.537+0000] {dag.py:3239} INFO - Sync 1 DAGs
[2025-03-27T12:07:50.623+0000] {logging_mixin.py:190} INFO - [2025-03-27T12:07:50.622+0000] {dag.py:4180} INFO - Setting next_dagrun for example_weekday_branch_operator to 2025-03-26 00:00:00+00:00, run_after=2025-03-27 00:00:00+00:00
[2025-03-27T12:07:50.746+0000] {processor.py:208} INFO - Processing /home/airflow/.local/lib/python3.12/site-packages/airflow/example_dags/example_branch_day_of_week_operator.py took 0.346 seconds
[2025-03-27T12:08:25.026+0000] {processor.py:186} INFO - Started process (PID=53464) to work on /home/airflow/.local/lib/python3.12/site-packages/airflow/example_dags/example_branch_day_of_week_operator.py
[2025-03-27T12:08:25.028+0000] {processor.py:914} INFO - Processing file /home/airflow/.local/lib/python3.12/site-packages/airflow/example_dags/example_branch_day_of_week_operator.py for tasks to queue
[2025-03-27T12:08:25.034+0000] {logging_mixin.py:190} INFO - [2025-03-27T12:08:25.033+0000] {dagbag.py:588} INFO - Filling up the DagBag from /home/airflow/.local/lib/python3.12/site-packages/airflow/example_dags/example_branch_day_of_week_operator.py
[2025-03-27T12:08:25.095+0000] {processor.py:925} INFO - DAG(s) 'example_weekday_branch_operator' retrieved from /home/airflow/.local/lib/python3.12/site-packages/airflow/example_dags/example_branch_day_of_week_operator.py
[2025-03-27T12:08:25.191+0000] {logging_mixin.py:190} INFO - [2025-03-27T12:08:25.190+0000] {dag.py:3239} INFO - Sync 1 DAGs
[2025-03-27T12:08:25.331+0000] {logging_mixin.py:190} INFO - [2025-03-27T12:08:25.330+0000] {dag.py:4180} INFO - Setting next_dagrun for example_weekday_branch_operator to 2025-03-26 00:00:00+00:00, run_after=2025-03-27 00:00:00+00:00
[2025-03-27T12:08:25.433+0000] {processor.py:208} INFO - Processing /home/airflow/.local/lib/python3.12/site-packages/airflow/example_dags/example_branch_day_of_week_operator.py took 0.428 seconds
[2025-03-27T12:08:57.019+0000] {processor.py:186} INFO - Started process (PID=53535) to work on /home/airflow/.local/lib/python3.12/site-packages/airflow/example_dags/example_branch_day_of_week_operator.py
[2025-03-27T12:08:57.022+0000] {processor.py:914} INFO - Processing file /home/airflow/.local/lib/python3.12/site-packages/airflow/example_dags/example_branch_day_of_week_operator.py for tasks to queue
[2025-03-27T12:08:57.026+0000] {logging_mixin.py:190} INFO - [2025-03-27T12:08:57.025+0000] {dagbag.py:588} INFO - Filling up the DagBag from /home/airflow/.local/lib/python3.12/site-packages/airflow/example_dags/example_branch_day_of_week_operator.py
[2025-03-27T12:08:57.077+0000] {processor.py:925} INFO - DAG(s) 'example_weekday_branch_operator' retrieved from /home/airflow/.local/lib/python3.12/site-packages/airflow/example_dags/example_branch_day_of_week_operator.py
[2025-03-27T12:08:57.152+0000] {logging_mixin.py:190} INFO - [2025-03-27T12:08:57.151+0000] {dag.py:3239} INFO - Sync 1 DAGs
[2025-03-27T12:08:57.265+0000] {logging_mixin.py:190} INFO - [2025-03-27T12:08:57.262+0000] {dag.py:4180} INFO - Setting next_dagrun for example_weekday_branch_operator to 2025-03-26 00:00:00+00:00, run_after=2025-03-27 00:00:00+00:00
[2025-03-27T12:08:57.389+0000] {processor.py:208} INFO - Processing /home/airflow/.local/lib/python3.12/site-packages/airflow/example_dags/example_branch_day_of_week_operator.py took 0.394 seconds
[2025-03-27T12:09:27.754+0000] {processor.py:186} INFO - Started process (PID=53600) to work on /home/airflow/.local/lib/python3.12/site-packages/airflow/example_dags/example_branch_day_of_week_operator.py
[2025-03-27T12:09:27.764+0000] {processor.py:914} INFO - Processing file /home/airflow/.local/lib/python3.12/site-packages/airflow/example_dags/example_branch_day_of_week_operator.py for tasks to queue
[2025-03-27T12:09:27.770+0000] {logging_mixin.py:190} INFO - [2025-03-27T12:09:27.769+0000] {dagbag.py:588} INFO - Filling up the DagBag from /home/airflow/.local/lib/python3.12/site-packages/airflow/example_dags/example_branch_day_of_week_operator.py
[2025-03-27T12:09:27.839+0000] {processor.py:925} INFO - DAG(s) 'example_weekday_branch_operator' retrieved from /home/airflow/.local/lib/python3.12/site-packages/airflow/example_dags/example_branch_day_of_week_operator.py
[2025-03-27T12:09:27.964+0000] {logging_mixin.py:190} INFO - [2025-03-27T12:09:27.963+0000] {dag.py:3239} INFO - Sync 1 DAGs
[2025-03-27T12:09:28.114+0000] {logging_mixin.py:190} INFO - [2025-03-27T12:09:28.111+0000] {dag.py:4180} INFO - Setting next_dagrun for example_weekday_branch_operator to 2025-03-26 00:00:00+00:00, run_after=2025-03-27 00:00:00+00:00
[2025-03-27T12:09:28.233+0000] {processor.py:208} INFO - Processing /home/airflow/.local/lib/python3.12/site-packages/airflow/example_dags/example_branch_day_of_week_operator.py took 0.513 seconds
[2025-03-27T12:09:59.334+0000] {processor.py:186} INFO - Started process (PID=53665) to work on /home/airflow/.local/lib/python3.12/site-packages/airflow/example_dags/example_branch_day_of_week_operator.py
[2025-03-27T12:09:59.337+0000] {processor.py:914} INFO - Processing file /home/airflow/.local/lib/python3.12/site-packages/airflow/example_dags/example_branch_day_of_week_operator.py for tasks to queue
[2025-03-27T12:09:59.341+0000] {logging_mixin.py:190} INFO - [2025-03-27T12:09:59.340+0000] {dagbag.py:588} INFO - Filling up the DagBag from /home/airflow/.local/lib/python3.12/site-packages/airflow/example_dags/example_branch_day_of_week_operator.py
[2025-03-27T12:09:59.381+0000] {processor.py:925} INFO - DAG(s) 'example_weekday_branch_operator' retrieved from /home/airflow/.local/lib/python3.12/site-packages/airflow/example_dags/example_branch_day_of_week_operator.py
[2025-03-27T12:09:59.448+0000] {logging_mixin.py:190} INFO - [2025-03-27T12:09:59.448+0000] {dag.py:3239} INFO - Sync 1 DAGs
[2025-03-27T12:09:59.530+0000] {logging_mixin.py:190} INFO - [2025-03-27T12:09:59.523+0000] {dag.py:4180} INFO - Setting next_dagrun for example_weekday_branch_operator to 2025-03-26 00:00:00+00:00, run_after=2025-03-27 00:00:00+00:00
[2025-03-27T12:09:59.591+0000] {processor.py:208} INFO - Processing /home/airflow/.local/lib/python3.12/site-packages/airflow/example_dags/example_branch_day_of_week_operator.py took 0.273 seconds
[2025-03-27T12:10:30.328+0000] {processor.py:186} INFO - Started process (PID=53730) to work on /home/airflow/.local/lib/python3.12/site-packages/airflow/example_dags/example_branch_day_of_week_operator.py
[2025-03-27T12:10:30.331+0000] {processor.py:914} INFO - Processing file /home/airflow/.local/lib/python3.12/site-packages/airflow/example_dags/example_branch_day_of_week_operator.py for tasks to queue
[2025-03-27T12:10:30.335+0000] {logging_mixin.py:190} INFO - [2025-03-27T12:10:30.334+0000] {dagbag.py:588} INFO - Filling up the DagBag from /home/airflow/.local/lib/python3.12/site-packages/airflow/example_dags/example_branch_day_of_week_operator.py
[2025-03-27T12:10:30.357+0000] {processor.py:925} INFO - DAG(s) 'example_weekday_branch_operator' retrieved from /home/airflow/.local/lib/python3.12/site-packages/airflow/example_dags/example_branch_day_of_week_operator.py
[2025-03-27T12:10:30.418+0000] {logging_mixin.py:190} INFO - [2025-03-27T12:10:30.418+0000] {dag.py:3239} INFO - Sync 1 DAGs
[2025-03-27T12:10:30.503+0000] {logging_mixin.py:190} INFO - [2025-03-27T12:10:30.502+0000] {dag.py:4180} INFO - Setting next_dagrun for example_weekday_branch_operator to 2025-03-26 00:00:00+00:00, run_after=2025-03-27 00:00:00+00:00
[2025-03-27T12:10:30.597+0000] {processor.py:208} INFO - Processing /home/airflow/.local/lib/python3.12/site-packages/airflow/example_dags/example_branch_day_of_week_operator.py took 0.288 seconds
[2025-03-27T12:11:01.318+0000] {processor.py:186} INFO - Started process (PID=53794) to work on /home/airflow/.local/lib/python3.12/site-packages/airflow/example_dags/example_branch_day_of_week_operator.py
[2025-03-27T12:11:01.320+0000] {processor.py:914} INFO - Processing file /home/airflow/.local/lib/python3.12/site-packages/airflow/example_dags/example_branch_day_of_week_operator.py for tasks to queue
[2025-03-27T12:11:01.323+0000] {logging_mixin.py:190} INFO - [2025-03-27T12:11:01.323+0000] {dagbag.py:588} INFO - Filling up the DagBag from /home/airflow/.local/lib/python3.12/site-packages/airflow/example_dags/example_branch_day_of_week_operator.py
[2025-03-27T12:11:01.348+0000] {processor.py:925} INFO - DAG(s) 'example_weekday_branch_operator' retrieved from /home/airflow/.local/lib/python3.12/site-packages/airflow/example_dags/example_branch_day_of_week_operator.py
[2025-03-27T12:11:01.395+0000] {logging_mixin.py:190} INFO - [2025-03-27T12:11:01.394+0000] {dag.py:3239} INFO - Sync 1 DAGs
[2025-03-27T12:11:01.460+0000] {logging_mixin.py:190} INFO - [2025-03-27T12:11:01.459+0000] {dag.py:4180} INFO - Setting next_dagrun for example_weekday_branch_operator to 2025-03-26 00:00:00+00:00, run_after=2025-03-27 00:00:00+00:00
[2025-03-27T12:11:01.514+0000] {processor.py:208} INFO - Processing /home/airflow/.local/lib/python3.12/site-packages/airflow/example_dags/example_branch_day_of_week_operator.py took 0.212 seconds
[2025-03-27T12:11:32.096+0000] {processor.py:186} INFO - Started process (PID=53859) to work on /home/airflow/.local/lib/python3.12/site-packages/airflow/example_dags/example_branch_day_of_week_operator.py
[2025-03-27T12:11:32.100+0000] {processor.py:914} INFO - Processing file /home/airflow/.local/lib/python3.12/site-packages/airflow/example_dags/example_branch_day_of_week_operator.py for tasks to queue
[2025-03-27T12:11:32.104+0000] {logging_mixin.py:190} INFO - [2025-03-27T12:11:32.103+0000] {dagbag.py:588} INFO - Filling up the DagBag from /home/airflow/.local/lib/python3.12/site-packages/airflow/example_dags/example_branch_day_of_week_operator.py
[2025-03-27T12:11:32.138+0000] {processor.py:925} INFO - DAG(s) 'example_weekday_branch_operator' retrieved from /home/airflow/.local/lib/python3.12/site-packages/airflow/example_dags/example_branch_day_of_week_operator.py
[2025-03-27T12:11:32.196+0000] {logging_mixin.py:190} INFO - [2025-03-27T12:11:32.195+0000] {dag.py:3239} INFO - Sync 1 DAGs
[2025-03-27T12:11:32.270+0000] {logging_mixin.py:190} INFO - [2025-03-27T12:11:32.269+0000] {dag.py:4180} INFO - Setting next_dagrun for example_weekday_branch_operator to 2025-03-26 00:00:00+00:00, run_after=2025-03-27 00:00:00+00:00
[2025-03-27T12:11:32.331+0000] {processor.py:208} INFO - Processing /home/airflow/.local/lib/python3.12/site-packages/airflow/example_dags/example_branch_day_of_week_operator.py took 0.253 seconds
[2025-03-27T12:12:02.523+0000] {processor.py:186} INFO - Started process (PID=53924) to work on /home/airflow/.local/lib/python3.12/site-packages/airflow/example_dags/example_branch_day_of_week_operator.py
[2025-03-27T12:12:02.524+0000] {processor.py:914} INFO - Processing file /home/airflow/.local/lib/python3.12/site-packages/airflow/example_dags/example_branch_day_of_week_operator.py for tasks to queue
[2025-03-27T12:12:02.527+0000] {logging_mixin.py:190} INFO - [2025-03-27T12:12:02.526+0000] {dagbag.py:588} INFO - Filling up the DagBag from /home/airflow/.local/lib/python3.12/site-packages/airflow/example_dags/example_branch_day_of_week_operator.py
[2025-03-27T12:12:02.544+0000] {processor.py:925} INFO - DAG(s) 'example_weekday_branch_operator' retrieved from /home/airflow/.local/lib/python3.12/site-packages/airflow/example_dags/example_branch_day_of_week_operator.py
[2025-03-27T12:12:02.584+0000] {logging_mixin.py:190} INFO - [2025-03-27T12:12:02.583+0000] {dag.py:3239} INFO - Sync 1 DAGs
[2025-03-27T12:12:02.627+0000] {logging_mixin.py:190} INFO - [2025-03-27T12:12:02.627+0000] {dag.py:4180} INFO - Setting next_dagrun for example_weekday_branch_operator to 2025-03-26 00:00:00+00:00, run_after=2025-03-27 00:00:00+00:00
[2025-03-27T12:12:02.663+0000] {processor.py:208} INFO - Processing /home/airflow/.local/lib/python3.12/site-packages/airflow/example_dags/example_branch_day_of_week_operator.py took 0.151 seconds
[2025-03-27T12:12:32.865+0000] {processor.py:186} INFO - Started process (PID=53989) to work on /home/airflow/.local/lib/python3.12/site-packages/airflow/example_dags/example_branch_day_of_week_operator.py
[2025-03-27T12:12:32.867+0000] {processor.py:914} INFO - Processing file /home/airflow/.local/lib/python3.12/site-packages/airflow/example_dags/example_branch_day_of_week_operator.py for tasks to queue
[2025-03-27T12:12:32.870+0000] {logging_mixin.py:190} INFO - [2025-03-27T12:12:32.869+0000] {dagbag.py:588} INFO - Filling up the DagBag from /home/airflow/.local/lib/python3.12/site-packages/airflow/example_dags/example_branch_day_of_week_operator.py
[2025-03-27T12:12:32.890+0000] {processor.py:925} INFO - DAG(s) 'example_weekday_branch_operator' retrieved from /home/airflow/.local/lib/python3.12/site-packages/airflow/example_dags/example_branch_day_of_week_operator.py
[2025-03-27T12:12:32.928+0000] {logging_mixin.py:190} INFO - [2025-03-27T12:12:32.928+0000] {dag.py:3239} INFO - Sync 1 DAGs
[2025-03-27T12:12:32.980+0000] {logging_mixin.py:190} INFO - [2025-03-27T12:12:32.979+0000] {dag.py:4180} INFO - Setting next_dagrun for example_weekday_branch_operator to 2025-03-26 00:00:00+00:00, run_after=2025-03-27 00:00:00+00:00
[2025-03-27T12:12:33.020+0000] {processor.py:208} INFO - Processing /home/airflow/.local/lib/python3.12/site-packages/airflow/example_dags/example_branch_day_of_week_operator.py took 0.168 seconds
[2025-03-27T12:13:03.450+0000] {processor.py:186} INFO - Started process (PID=54053) to work on /home/airflow/.local/lib/python3.12/site-packages/airflow/example_dags/example_branch_day_of_week_operator.py
[2025-03-27T12:13:03.454+0000] {processor.py:914} INFO - Processing file /home/airflow/.local/lib/python3.12/site-packages/airflow/example_dags/example_branch_day_of_week_operator.py for tasks to queue
[2025-03-27T12:13:03.457+0000] {logging_mixin.py:190} INFO - [2025-03-27T12:13:03.456+0000] {dagbag.py:588} INFO - Filling up the DagBag from /home/airflow/.local/lib/python3.12/site-packages/airflow/example_dags/example_branch_day_of_week_operator.py
[2025-03-27T12:13:03.480+0000] {processor.py:925} INFO - DAG(s) 'example_weekday_branch_operator' retrieved from /home/airflow/.local/lib/python3.12/site-packages/airflow/example_dags/example_branch_day_of_week_operator.py
[2025-03-27T12:13:03.515+0000] {logging_mixin.py:190} INFO - [2025-03-27T12:13:03.514+0000] {dag.py:3239} INFO - Sync 1 DAGs
[2025-03-27T12:13:03.563+0000] {logging_mixin.py:190} INFO - [2025-03-27T12:13:03.563+0000] {dag.py:4180} INFO - Setting next_dagrun for example_weekday_branch_operator to 2025-03-26 00:00:00+00:00, run_after=2025-03-27 00:00:00+00:00
[2025-03-27T12:13:03.600+0000] {processor.py:208} INFO - Processing /home/airflow/.local/lib/python3.12/site-packages/airflow/example_dags/example_branch_day_of_week_operator.py took 0.162 seconds
[2025-03-27T12:13:34.118+0000] {processor.py:186} INFO - Started process (PID=54118) to work on /home/airflow/.local/lib/python3.12/site-packages/airflow/example_dags/example_branch_day_of_week_operator.py
[2025-03-27T12:13:34.120+0000] {processor.py:914} INFO - Processing file /home/airflow/.local/lib/python3.12/site-packages/airflow/example_dags/example_branch_day_of_week_operator.py for tasks to queue
[2025-03-27T12:13:34.123+0000] {logging_mixin.py:190} INFO - [2025-03-27T12:13:34.122+0000] {dagbag.py:588} INFO - Filling up the DagBag from /home/airflow/.local/lib/python3.12/site-packages/airflow/example_dags/example_branch_day_of_week_operator.py
[2025-03-27T12:13:34.159+0000] {processor.py:925} INFO - DAG(s) 'example_weekday_branch_operator' retrieved from /home/airflow/.local/lib/python3.12/site-packages/airflow/example_dags/example_branch_day_of_week_operator.py
[2025-03-27T12:13:34.210+0000] {logging_mixin.py:190} INFO - [2025-03-27T12:13:34.209+0000] {dag.py:3239} INFO - Sync 1 DAGs
[2025-03-27T12:13:34.284+0000] {logging_mixin.py:190} INFO - [2025-03-27T12:13:34.283+0000] {dag.py:4180} INFO - Setting next_dagrun for example_weekday_branch_operator to 2025-03-26 00:00:00+00:00, run_after=2025-03-27 00:00:00+00:00
[2025-03-27T12:13:34.339+0000] {processor.py:208} INFO - Processing /home/airflow/.local/lib/python3.12/site-packages/airflow/example_dags/example_branch_day_of_week_operator.py took 0.232 seconds
[2025-03-27T12:14:04.672+0000] {processor.py:186} INFO - Started process (PID=54183) to work on /home/airflow/.local/lib/python3.12/site-packages/airflow/example_dags/example_branch_day_of_week_operator.py
[2025-03-27T12:14:04.673+0000] {processor.py:914} INFO - Processing file /home/airflow/.local/lib/python3.12/site-packages/airflow/example_dags/example_branch_day_of_week_operator.py for tasks to queue
[2025-03-27T12:14:04.676+0000] {logging_mixin.py:190} INFO - [2025-03-27T12:14:04.675+0000] {dagbag.py:588} INFO - Filling up the DagBag from /home/airflow/.local/lib/python3.12/site-packages/airflow/example_dags/example_branch_day_of_week_operator.py
[2025-03-27T12:14:04.698+0000] {processor.py:925} INFO - DAG(s) 'example_weekday_branch_operator' retrieved from /home/airflow/.local/lib/python3.12/site-packages/airflow/example_dags/example_branch_day_of_week_operator.py
[2025-03-27T12:14:04.740+0000] {logging_mixin.py:190} INFO - [2025-03-27T12:14:04.740+0000] {dag.py:3239} INFO - Sync 1 DAGs
[2025-03-27T12:14:04.797+0000] {logging_mixin.py:190} INFO - [2025-03-27T12:14:04.797+0000] {dag.py:4180} INFO - Setting next_dagrun for example_weekday_branch_operator to 2025-03-26 00:00:00+00:00, run_after=2025-03-27 00:00:00+00:00
[2025-03-27T12:14:04.857+0000] {processor.py:208} INFO - Processing /home/airflow/.local/lib/python3.12/site-packages/airflow/example_dags/example_branch_day_of_week_operator.py took 0.198 seconds
[2025-03-27T12:14:35.674+0000] {processor.py:186} INFO - Started process (PID=54248) to work on /home/airflow/.local/lib/python3.12/site-packages/airflow/example_dags/example_branch_day_of_week_operator.py
[2025-03-27T12:14:35.677+0000] {processor.py:914} INFO - Processing file /home/airflow/.local/lib/python3.12/site-packages/airflow/example_dags/example_branch_day_of_week_operator.py for tasks to queue
[2025-03-27T12:14:35.680+0000] {logging_mixin.py:190} INFO - [2025-03-27T12:14:35.679+0000] {dagbag.py:588} INFO - Filling up the DagBag from /home/airflow/.local/lib/python3.12/site-packages/airflow/example_dags/example_branch_day_of_week_operator.py
[2025-03-27T12:14:35.702+0000] {processor.py:925} INFO - DAG(s) 'example_weekday_branch_operator' retrieved from /home/airflow/.local/lib/python3.12/site-packages/airflow/example_dags/example_branch_day_of_week_operator.py
[2025-03-27T12:14:35.741+0000] {logging_mixin.py:190} INFO - [2025-03-27T12:14:35.740+0000] {dag.py:3239} INFO - Sync 1 DAGs
[2025-03-27T12:14:35.789+0000] {logging_mixin.py:190} INFO - [2025-03-27T12:14:35.788+0000] {dag.py:4180} INFO - Setting next_dagrun for example_weekday_branch_operator to 2025-03-26 00:00:00+00:00, run_after=2025-03-27 00:00:00+00:00
[2025-03-27T12:14:35.828+0000] {processor.py:208} INFO - Processing /home/airflow/.local/lib/python3.12/site-packages/airflow/example_dags/example_branch_day_of_week_operator.py took 0.164 seconds
[2025-03-27T12:15:06.416+0000] {processor.py:186} INFO - Started process (PID=54313) to work on /home/airflow/.local/lib/python3.12/site-packages/airflow/example_dags/example_branch_day_of_week_operator.py
[2025-03-27T12:15:06.419+0000] {processor.py:914} INFO - Processing file /home/airflow/.local/lib/python3.12/site-packages/airflow/example_dags/example_branch_day_of_week_operator.py for tasks to queue
[2025-03-27T12:15:06.423+0000] {logging_mixin.py:190} INFO - [2025-03-27T12:15:06.422+0000] {dagbag.py:588} INFO - Filling up the DagBag from /home/airflow/.local/lib/python3.12/site-packages/airflow/example_dags/example_branch_day_of_week_operator.py
[2025-03-27T12:15:06.452+0000] {processor.py:925} INFO - DAG(s) 'example_weekday_branch_operator' retrieved from /home/airflow/.local/lib/python3.12/site-packages/airflow/example_dags/example_branch_day_of_week_operator.py
[2025-03-27T12:15:06.493+0000] {logging_mixin.py:190} INFO - [2025-03-27T12:15:06.493+0000] {dag.py:3239} INFO - Sync 1 DAGs
[2025-03-27T12:15:06.545+0000] {logging_mixin.py:190} INFO - [2025-03-27T12:15:06.544+0000] {dag.py:4180} INFO - Setting next_dagrun for example_weekday_branch_operator to 2025-03-26 00:00:00+00:00, run_after=2025-03-27 00:00:00+00:00
[2025-03-27T12:15:06.581+0000] {processor.py:208} INFO - Processing /home/airflow/.local/lib/python3.12/site-packages/airflow/example_dags/example_branch_day_of_week_operator.py took 0.177 seconds
[2025-03-27T12:15:36.875+0000] {processor.py:186} INFO - Started process (PID=54379) to work on /home/airflow/.local/lib/python3.12/site-packages/airflow/example_dags/example_branch_day_of_week_operator.py
[2025-03-27T12:15:36.877+0000] {processor.py:914} INFO - Processing file /home/airflow/.local/lib/python3.12/site-packages/airflow/example_dags/example_branch_day_of_week_operator.py for tasks to queue
[2025-03-27T12:15:36.880+0000] {logging_mixin.py:190} INFO - [2025-03-27T12:15:36.879+0000] {dagbag.py:588} INFO - Filling up the DagBag from /home/airflow/.local/lib/python3.12/site-packages/airflow/example_dags/example_branch_day_of_week_operator.py
[2025-03-27T12:15:36.900+0000] {processor.py:925} INFO - DAG(s) 'example_weekday_branch_operator' retrieved from /home/airflow/.local/lib/python3.12/site-packages/airflow/example_dags/example_branch_day_of_week_operator.py
[2025-03-27T12:15:36.938+0000] {logging_mixin.py:190} INFO - [2025-03-27T12:15:36.937+0000] {dag.py:3239} INFO - Sync 1 DAGs
[2025-03-27T12:15:36.986+0000] {logging_mixin.py:190} INFO - [2025-03-27T12:15:36.985+0000] {dag.py:4180} INFO - Setting next_dagrun for example_weekday_branch_operator to 2025-03-26 00:00:00+00:00, run_after=2025-03-27 00:00:00+00:00
[2025-03-27T12:15:37.037+0000] {processor.py:208} INFO - Processing /home/airflow/.local/lib/python3.12/site-packages/airflow/example_dags/example_branch_day_of_week_operator.py took 0.173 seconds
[2025-03-27T12:16:07.501+0000] {processor.py:186} INFO - Started process (PID=54444) to work on /home/airflow/.local/lib/python3.12/site-packages/airflow/example_dags/example_branch_day_of_week_operator.py
[2025-03-27T12:16:07.503+0000] {processor.py:914} INFO - Processing file /home/airflow/.local/lib/python3.12/site-packages/airflow/example_dags/example_branch_day_of_week_operator.py for tasks to queue
[2025-03-27T12:16:07.507+0000] {logging_mixin.py:190} INFO - [2025-03-27T12:16:07.506+0000] {dagbag.py:588} INFO - Filling up the DagBag from /home/airflow/.local/lib/python3.12/site-packages/airflow/example_dags/example_branch_day_of_week_operator.py
[2025-03-27T12:16:07.534+0000] {processor.py:925} INFO - DAG(s) 'example_weekday_branch_operator' retrieved from /home/airflow/.local/lib/python3.12/site-packages/airflow/example_dags/example_branch_day_of_week_operator.py
[2025-03-27T12:16:07.587+0000] {logging_mixin.py:190} INFO - [2025-03-27T12:16:07.586+0000] {dag.py:3239} INFO - Sync 1 DAGs
[2025-03-27T12:16:07.646+0000] {logging_mixin.py:190} INFO - [2025-03-27T12:16:07.646+0000] {dag.py:4180} INFO - Setting next_dagrun for example_weekday_branch_operator to 2025-03-26 00:00:00+00:00, run_after=2025-03-27 00:00:00+00:00
[2025-03-27T12:16:07.689+0000] {processor.py:208} INFO - Processing /home/airflow/.local/lib/python3.12/site-packages/airflow/example_dags/example_branch_day_of_week_operator.py took 0.202 seconds
[2025-03-27T12:16:38.069+0000] {processor.py:186} INFO - Started process (PID=54509) to work on /home/airflow/.local/lib/python3.12/site-packages/airflow/example_dags/example_branch_day_of_week_operator.py
[2025-03-27T12:16:38.072+0000] {processor.py:914} INFO - Processing file /home/airflow/.local/lib/python3.12/site-packages/airflow/example_dags/example_branch_day_of_week_operator.py for tasks to queue
[2025-03-27T12:16:38.075+0000] {logging_mixin.py:190} INFO - [2025-03-27T12:16:38.075+0000] {dagbag.py:588} INFO - Filling up the DagBag from /home/airflow/.local/lib/python3.12/site-packages/airflow/example_dags/example_branch_day_of_week_operator.py
[2025-03-27T12:16:38.101+0000] {processor.py:925} INFO - DAG(s) 'example_weekday_branch_operator' retrieved from /home/airflow/.local/lib/python3.12/site-packages/airflow/example_dags/example_branch_day_of_week_operator.py
[2025-03-27T12:16:38.155+0000] {logging_mixin.py:190} INFO - [2025-03-27T12:16:38.155+0000] {dag.py:3239} INFO - Sync 1 DAGs
[2025-03-27T12:16:38.227+0000] {logging_mixin.py:190} INFO - [2025-03-27T12:16:38.226+0000] {dag.py:4180} INFO - Setting next_dagrun for example_weekday_branch_operator to 2025-03-26 00:00:00+00:00, run_after=2025-03-27 00:00:00+00:00
[2025-03-27T12:16:38.291+0000] {processor.py:208} INFO - Processing /home/airflow/.local/lib/python3.12/site-packages/airflow/example_dags/example_branch_day_of_week_operator.py took 0.238 seconds
[2025-03-27T12:17:08.673+0000] {processor.py:186} INFO - Started process (PID=54574) to work on /home/airflow/.local/lib/python3.12/site-packages/airflow/example_dags/example_branch_day_of_week_operator.py
[2025-03-27T12:17:08.676+0000] {processor.py:914} INFO - Processing file /home/airflow/.local/lib/python3.12/site-packages/airflow/example_dags/example_branch_day_of_week_operator.py for tasks to queue
[2025-03-27T12:17:08.681+0000] {logging_mixin.py:190} INFO - [2025-03-27T12:17:08.679+0000] {dagbag.py:588} INFO - Filling up the DagBag from /home/airflow/.local/lib/python3.12/site-packages/airflow/example_dags/example_branch_day_of_week_operator.py
[2025-03-27T12:17:08.707+0000] {processor.py:925} INFO - DAG(s) 'example_weekday_branch_operator' retrieved from /home/airflow/.local/lib/python3.12/site-packages/airflow/example_dags/example_branch_day_of_week_operator.py
[2025-03-27T12:17:08.756+0000] {logging_mixin.py:190} INFO - [2025-03-27T12:17:08.756+0000] {dag.py:3239} INFO - Sync 1 DAGs
[2025-03-27T12:17:08.818+0000] {logging_mixin.py:190} INFO - [2025-03-27T12:17:08.817+0000] {dag.py:4180} INFO - Setting next_dagrun for example_weekday_branch_operator to 2025-03-26 00:00:00+00:00, run_after=2025-03-27 00:00:00+00:00
[2025-03-27T12:17:08.867+0000] {processor.py:208} INFO - Processing /home/airflow/.local/lib/python3.12/site-packages/airflow/example_dags/example_branch_day_of_week_operator.py took 0.207 seconds
[2025-03-27T12:17:39.522+0000] {processor.py:186} INFO - Started process (PID=54638) to work on /home/airflow/.local/lib/python3.12/site-packages/airflow/example_dags/example_branch_day_of_week_operator.py
[2025-03-27T12:17:39.523+0000] {processor.py:914} INFO - Processing file /home/airflow/.local/lib/python3.12/site-packages/airflow/example_dags/example_branch_day_of_week_operator.py for tasks to queue
[2025-03-27T12:17:39.527+0000] {logging_mixin.py:190} INFO - [2025-03-27T12:17:39.526+0000] {dagbag.py:588} INFO - Filling up the DagBag from /home/airflow/.local/lib/python3.12/site-packages/airflow/example_dags/example_branch_day_of_week_operator.py
[2025-03-27T12:17:39.547+0000] {processor.py:925} INFO - DAG(s) 'example_weekday_branch_operator' retrieved from /home/airflow/.local/lib/python3.12/site-packages/airflow/example_dags/example_branch_day_of_week_operator.py
[2025-03-27T12:17:39.584+0000] {logging_mixin.py:190} INFO - [2025-03-27T12:17:39.584+0000] {dag.py:3239} INFO - Sync 1 DAGs
[2025-03-27T12:17:39.637+0000] {logging_mixin.py:190} INFO - [2025-03-27T12:17:39.637+0000] {dag.py:4180} INFO - Setting next_dagrun for example_weekday_branch_operator to 2025-03-26 00:00:00+00:00, run_after=2025-03-27 00:00:00+00:00
[2025-03-27T12:17:39.679+0000] {processor.py:208} INFO - Processing /home/airflow/.local/lib/python3.12/site-packages/airflow/example_dags/example_branch_day_of_week_operator.py took 0.167 seconds
[2025-03-27T12:18:10.688+0000] {processor.py:186} INFO - Started process (PID=54703) to work on /home/airflow/.local/lib/python3.12/site-packages/airflow/example_dags/example_branch_day_of_week_operator.py
[2025-03-27T12:18:10.690+0000] {processor.py:914} INFO - Processing file /home/airflow/.local/lib/python3.12/site-packages/airflow/example_dags/example_branch_day_of_week_operator.py for tasks to queue
[2025-03-27T12:18:10.695+0000] {logging_mixin.py:190} INFO - [2025-03-27T12:18:10.693+0000] {dagbag.py:588} INFO - Filling up the DagBag from /home/airflow/.local/lib/python3.12/site-packages/airflow/example_dags/example_branch_day_of_week_operator.py
[2025-03-27T12:18:10.717+0000] {processor.py:925} INFO - DAG(s) 'example_weekday_branch_operator' retrieved from /home/airflow/.local/lib/python3.12/site-packages/airflow/example_dags/example_branch_day_of_week_operator.py
[2025-03-27T12:18:10.758+0000] {logging_mixin.py:190} INFO - [2025-03-27T12:18:10.757+0000] {dag.py:3239} INFO - Sync 1 DAGs
[2025-03-27T12:18:10.804+0000] {logging_mixin.py:190} INFO - [2025-03-27T12:18:10.804+0000] {dag.py:4180} INFO - Setting next_dagrun for example_weekday_branch_operator to 2025-03-26 00:00:00+00:00, run_after=2025-03-27 00:00:00+00:00
[2025-03-27T12:18:10.839+0000] {processor.py:208} INFO - Processing /home/airflow/.local/lib/python3.12/site-packages/airflow/example_dags/example_branch_day_of_week_operator.py took 0.163 seconds
[2025-03-27T12:18:40.913+0000] {processor.py:186} INFO - Started process (PID=54769) to work on /home/airflow/.local/lib/python3.12/site-packages/airflow/example_dags/example_branch_day_of_week_operator.py
[2025-03-27T12:18:40.915+0000] {processor.py:914} INFO - Processing file /home/airflow/.local/lib/python3.12/site-packages/airflow/example_dags/example_branch_day_of_week_operator.py for tasks to queue
[2025-03-27T12:18:40.919+0000] {logging_mixin.py:190} INFO - [2025-03-27T12:18:40.918+0000] {dagbag.py:588} INFO - Filling up the DagBag from /home/airflow/.local/lib/python3.12/site-packages/airflow/example_dags/example_branch_day_of_week_operator.py
[2025-03-27T12:18:40.939+0000] {processor.py:925} INFO - DAG(s) 'example_weekday_branch_operator' retrieved from /home/airflow/.local/lib/python3.12/site-packages/airflow/example_dags/example_branch_day_of_week_operator.py
[2025-03-27T12:18:40.979+0000] {logging_mixin.py:190} INFO - [2025-03-27T12:18:40.978+0000] {dag.py:3239} INFO - Sync 1 DAGs
[2025-03-27T12:18:41.032+0000] {logging_mixin.py:190} INFO - [2025-03-27T12:18:41.032+0000] {dag.py:4180} INFO - Setting next_dagrun for example_weekday_branch_operator to 2025-03-26 00:00:00+00:00, run_after=2025-03-27 00:00:00+00:00
[2025-03-27T12:18:41.071+0000] {processor.py:208} INFO - Processing /home/airflow/.local/lib/python3.12/site-packages/airflow/example_dags/example_branch_day_of_week_operator.py took 0.169 seconds
[2025-03-27T12:19:11.704+0000] {processor.py:186} INFO - Started process (PID=54833) to work on /home/airflow/.local/lib/python3.12/site-packages/airflow/example_dags/example_branch_day_of_week_operator.py
[2025-03-27T12:19:11.706+0000] {processor.py:914} INFO - Processing file /home/airflow/.local/lib/python3.12/site-packages/airflow/example_dags/example_branch_day_of_week_operator.py for tasks to queue
[2025-03-27T12:19:11.709+0000] {logging_mixin.py:190} INFO - [2025-03-27T12:19:11.708+0000] {dagbag.py:588} INFO - Filling up the DagBag from /home/airflow/.local/lib/python3.12/site-packages/airflow/example_dags/example_branch_day_of_week_operator.py
[2025-03-27T12:19:11.730+0000] {processor.py:925} INFO - DAG(s) 'example_weekday_branch_operator' retrieved from /home/airflow/.local/lib/python3.12/site-packages/airflow/example_dags/example_branch_day_of_week_operator.py
[2025-03-27T12:19:11.812+0000] {logging_mixin.py:190} INFO - [2025-03-27T12:19:11.811+0000] {dag.py:3239} INFO - Sync 1 DAGs
[2025-03-27T12:19:11.862+0000] {logging_mixin.py:190} INFO - [2025-03-27T12:19:11.862+0000] {dag.py:4180} INFO - Setting next_dagrun for example_weekday_branch_operator to 2025-03-26 00:00:00+00:00, run_after=2025-03-27 00:00:00+00:00
[2025-03-27T12:19:11.895+0000] {processor.py:208} INFO - Processing /home/airflow/.local/lib/python3.12/site-packages/airflow/example_dags/example_branch_day_of_week_operator.py took 0.205 seconds
[2025-03-27T12:19:42.102+0000] {processor.py:186} INFO - Started process (PID=54898) to work on /home/airflow/.local/lib/python3.12/site-packages/airflow/example_dags/example_branch_day_of_week_operator.py
[2025-03-27T12:19:42.104+0000] {processor.py:914} INFO - Processing file /home/airflow/.local/lib/python3.12/site-packages/airflow/example_dags/example_branch_day_of_week_operator.py for tasks to queue
[2025-03-27T12:19:42.107+0000] {logging_mixin.py:190} INFO - [2025-03-27T12:19:42.106+0000] {dagbag.py:588} INFO - Filling up the DagBag from /home/airflow/.local/lib/python3.12/site-packages/airflow/example_dags/example_branch_day_of_week_operator.py
[2025-03-27T12:19:42.126+0000] {processor.py:925} INFO - DAG(s) 'example_weekday_branch_operator' retrieved from /home/airflow/.local/lib/python3.12/site-packages/airflow/example_dags/example_branch_day_of_week_operator.py
[2025-03-27T12:19:42.161+0000] {logging_mixin.py:190} INFO - [2025-03-27T12:19:42.161+0000] {dag.py:3239} INFO - Sync 1 DAGs
[2025-03-27T12:19:42.215+0000] {logging_mixin.py:190} INFO - [2025-03-27T12:19:42.214+0000] {dag.py:4180} INFO - Setting next_dagrun for example_weekday_branch_operator to 2025-03-26 00:00:00+00:00, run_after=2025-03-27 00:00:00+00:00
[2025-03-27T12:19:42.260+0000] {processor.py:208} INFO - Processing /home/airflow/.local/lib/python3.12/site-packages/airflow/example_dags/example_branch_day_of_week_operator.py took 0.170 seconds
[2025-03-27T12:20:13.226+0000] {processor.py:186} INFO - Started process (PID=54963) to work on /home/airflow/.local/lib/python3.12/site-packages/airflow/example_dags/example_branch_day_of_week_operator.py
[2025-03-27T12:20:13.228+0000] {processor.py:914} INFO - Processing file /home/airflow/.local/lib/python3.12/site-packages/airflow/example_dags/example_branch_day_of_week_operator.py for tasks to queue
[2025-03-27T12:20:13.230+0000] {logging_mixin.py:190} INFO - [2025-03-27T12:20:13.230+0000] {dagbag.py:588} INFO - Filling up the DagBag from /home/airflow/.local/lib/python3.12/site-packages/airflow/example_dags/example_branch_day_of_week_operator.py
[2025-03-27T12:20:13.247+0000] {processor.py:925} INFO - DAG(s) 'example_weekday_branch_operator' retrieved from /home/airflow/.local/lib/python3.12/site-packages/airflow/example_dags/example_branch_day_of_week_operator.py
[2025-03-27T12:20:13.285+0000] {logging_mixin.py:190} INFO - [2025-03-27T12:20:13.285+0000] {dag.py:3239} INFO - Sync 1 DAGs
[2025-03-27T12:20:13.346+0000] {logging_mixin.py:190} INFO - [2025-03-27T12:20:13.346+0000] {dag.py:4180} INFO - Setting next_dagrun for example_weekday_branch_operator to 2025-03-26 00:00:00+00:00, run_after=2025-03-27 00:00:00+00:00
[2025-03-27T12:20:13.398+0000] {processor.py:208} INFO - Processing /home/airflow/.local/lib/python3.12/site-packages/airflow/example_dags/example_branch_day_of_week_operator.py took 0.181 seconds
[2025-03-27T12:20:43.826+0000] {processor.py:186} INFO - Started process (PID=55028) to work on /home/airflow/.local/lib/python3.12/site-packages/airflow/example_dags/example_branch_day_of_week_operator.py
[2025-03-27T12:20:43.828+0000] {processor.py:914} INFO - Processing file /home/airflow/.local/lib/python3.12/site-packages/airflow/example_dags/example_branch_day_of_week_operator.py for tasks to queue
[2025-03-27T12:20:43.831+0000] {logging_mixin.py:190} INFO - [2025-03-27T12:20:43.830+0000] {dagbag.py:588} INFO - Filling up the DagBag from /home/airflow/.local/lib/python3.12/site-packages/airflow/example_dags/example_branch_day_of_week_operator.py
[2025-03-27T12:20:43.849+0000] {processor.py:925} INFO - DAG(s) 'example_weekday_branch_operator' retrieved from /home/airflow/.local/lib/python3.12/site-packages/airflow/example_dags/example_branch_day_of_week_operator.py
[2025-03-27T12:20:43.887+0000] {logging_mixin.py:190} INFO - [2025-03-27T12:20:43.886+0000] {dag.py:3239} INFO - Sync 1 DAGs
[2025-03-27T12:20:43.938+0000] {logging_mixin.py:190} INFO - [2025-03-27T12:20:43.937+0000] {dag.py:4180} INFO - Setting next_dagrun for example_weekday_branch_operator to 2025-03-26 00:00:00+00:00, run_after=2025-03-27 00:00:00+00:00
[2025-03-27T12:20:43.996+0000] {processor.py:208} INFO - Processing /home/airflow/.local/lib/python3.12/site-packages/airflow/example_dags/example_branch_day_of_week_operator.py took 0.181 seconds
[2025-03-27T12:21:14.159+0000] {processor.py:186} INFO - Started process (PID=55093) to work on /home/airflow/.local/lib/python3.12/site-packages/airflow/example_dags/example_branch_day_of_week_operator.py
[2025-03-27T12:21:14.161+0000] {processor.py:914} INFO - Processing file /home/airflow/.local/lib/python3.12/site-packages/airflow/example_dags/example_branch_day_of_week_operator.py for tasks to queue
[2025-03-27T12:21:14.163+0000] {logging_mixin.py:190} INFO - [2025-03-27T12:21:14.163+0000] {dagbag.py:588} INFO - Filling up the DagBag from /home/airflow/.local/lib/python3.12/site-packages/airflow/example_dags/example_branch_day_of_week_operator.py
[2025-03-27T12:21:14.184+0000] {processor.py:925} INFO - DAG(s) 'example_weekday_branch_operator' retrieved from /home/airflow/.local/lib/python3.12/site-packages/airflow/example_dags/example_branch_day_of_week_operator.py
[2025-03-27T12:21:14.223+0000] {logging_mixin.py:190} INFO - [2025-03-27T12:21:14.223+0000] {dag.py:3239} INFO - Sync 1 DAGs
[2025-03-27T12:21:14.273+0000] {logging_mixin.py:190} INFO - [2025-03-27T12:21:14.272+0000] {dag.py:4180} INFO - Setting next_dagrun for example_weekday_branch_operator to 2025-03-26 00:00:00+00:00, run_after=2025-03-27 00:00:00+00:00
[2025-03-27T12:21:14.324+0000] {processor.py:208} INFO - Processing /home/airflow/.local/lib/python3.12/site-packages/airflow/example_dags/example_branch_day_of_week_operator.py took 0.176 seconds
[2025-03-27T12:21:45.025+0000] {processor.py:186} INFO - Started process (PID=55158) to work on /home/airflow/.local/lib/python3.12/site-packages/airflow/example_dags/example_branch_day_of_week_operator.py
[2025-03-27T12:21:45.027+0000] {processor.py:914} INFO - Processing file /home/airflow/.local/lib/python3.12/site-packages/airflow/example_dags/example_branch_day_of_week_operator.py for tasks to queue
[2025-03-27T12:21:45.029+0000] {logging_mixin.py:190} INFO - [2025-03-27T12:21:45.029+0000] {dagbag.py:588} INFO - Filling up the DagBag from /home/airflow/.local/lib/python3.12/site-packages/airflow/example_dags/example_branch_day_of_week_operator.py
[2025-03-27T12:21:45.048+0000] {processor.py:925} INFO - DAG(s) 'example_weekday_branch_operator' retrieved from /home/airflow/.local/lib/python3.12/site-packages/airflow/example_dags/example_branch_day_of_week_operator.py
[2025-03-27T12:21:45.087+0000] {logging_mixin.py:190} INFO - [2025-03-27T12:21:45.087+0000] {dag.py:3239} INFO - Sync 1 DAGs
[2025-03-27T12:21:45.129+0000] {logging_mixin.py:190} INFO - [2025-03-27T12:21:45.129+0000] {dag.py:4180} INFO - Setting next_dagrun for example_weekday_branch_operator to 2025-03-26 00:00:00+00:00, run_after=2025-03-27 00:00:00+00:00
[2025-03-27T12:21:45.178+0000] {processor.py:208} INFO - Processing /home/airflow/.local/lib/python3.12/site-packages/airflow/example_dags/example_branch_day_of_week_operator.py took 0.165 seconds
[2025-03-27T12:22:15.486+0000] {processor.py:186} INFO - Started process (PID=55223) to work on /home/airflow/.local/lib/python3.12/site-packages/airflow/example_dags/example_branch_day_of_week_operator.py
[2025-03-27T12:22:15.488+0000] {processor.py:914} INFO - Processing file /home/airflow/.local/lib/python3.12/site-packages/airflow/example_dags/example_branch_day_of_week_operator.py for tasks to queue
[2025-03-27T12:22:15.491+0000] {logging_mixin.py:190} INFO - [2025-03-27T12:22:15.490+0000] {dagbag.py:588} INFO - Filling up the DagBag from /home/airflow/.local/lib/python3.12/site-packages/airflow/example_dags/example_branch_day_of_week_operator.py
[2025-03-27T12:22:15.511+0000] {processor.py:925} INFO - DAG(s) 'example_weekday_branch_operator' retrieved from /home/airflow/.local/lib/python3.12/site-packages/airflow/example_dags/example_branch_day_of_week_operator.py
[2025-03-27T12:22:15.547+0000] {logging_mixin.py:190} INFO - [2025-03-27T12:22:15.547+0000] {dag.py:3239} INFO - Sync 1 DAGs
[2025-03-27T12:22:15.591+0000] {logging_mixin.py:190} INFO - [2025-03-27T12:22:15.590+0000] {dag.py:4180} INFO - Setting next_dagrun for example_weekday_branch_operator to 2025-03-26 00:00:00+00:00, run_after=2025-03-27 00:00:00+00:00
[2025-03-27T12:22:15.639+0000] {processor.py:208} INFO - Processing /home/airflow/.local/lib/python3.12/site-packages/airflow/example_dags/example_branch_day_of_week_operator.py took 0.161 seconds
[2025-03-27T12:22:46.080+0000] {processor.py:186} INFO - Started process (PID=55288) to work on /home/airflow/.local/lib/python3.12/site-packages/airflow/example_dags/example_branch_day_of_week_operator.py
[2025-03-27T12:22:46.082+0000] {processor.py:914} INFO - Processing file /home/airflow/.local/lib/python3.12/site-packages/airflow/example_dags/example_branch_day_of_week_operator.py for tasks to queue
[2025-03-27T12:22:46.084+0000] {logging_mixin.py:190} INFO - [2025-03-27T12:22:46.084+0000] {dagbag.py:588} INFO - Filling up the DagBag from /home/airflow/.local/lib/python3.12/site-packages/airflow/example_dags/example_branch_day_of_week_operator.py
[2025-03-27T12:22:46.103+0000] {processor.py:925} INFO - DAG(s) 'example_weekday_branch_operator' retrieved from /home/airflow/.local/lib/python3.12/site-packages/airflow/example_dags/example_branch_day_of_week_operator.py
[2025-03-27T12:22:46.141+0000] {logging_mixin.py:190} INFO - [2025-03-27T12:22:46.140+0000] {dag.py:3239} INFO - Sync 1 DAGs
[2025-03-27T12:22:46.194+0000] {logging_mixin.py:190} INFO - [2025-03-27T12:22:46.193+0000] {dag.py:4180} INFO - Setting next_dagrun for example_weekday_branch_operator to 2025-03-26 00:00:00+00:00, run_after=2025-03-27 00:00:00+00:00
[2025-03-27T12:22:46.244+0000] {processor.py:208} INFO - Processing /home/airflow/.local/lib/python3.12/site-packages/airflow/example_dags/example_branch_day_of_week_operator.py took 0.174 seconds
[2025-03-27T12:23:16.511+0000] {processor.py:186} INFO - Started process (PID=55353) to work on /home/airflow/.local/lib/python3.12/site-packages/airflow/example_dags/example_branch_day_of_week_operator.py
[2025-03-27T12:23:16.513+0000] {processor.py:914} INFO - Processing file /home/airflow/.local/lib/python3.12/site-packages/airflow/example_dags/example_branch_day_of_week_operator.py for tasks to queue
[2025-03-27T12:23:16.516+0000] {logging_mixin.py:190} INFO - [2025-03-27T12:23:16.515+0000] {dagbag.py:588} INFO - Filling up the DagBag from /home/airflow/.local/lib/python3.12/site-packages/airflow/example_dags/example_branch_day_of_week_operator.py
[2025-03-27T12:23:16.535+0000] {processor.py:925} INFO - DAG(s) 'example_weekday_branch_operator' retrieved from /home/airflow/.local/lib/python3.12/site-packages/airflow/example_dags/example_branch_day_of_week_operator.py
[2025-03-27T12:23:16.576+0000] {logging_mixin.py:190} INFO - [2025-03-27T12:23:16.575+0000] {dag.py:3239} INFO - Sync 1 DAGs
[2025-03-27T12:23:16.631+0000] {logging_mixin.py:190} INFO - [2025-03-27T12:23:16.631+0000] {dag.py:4180} INFO - Setting next_dagrun for example_weekday_branch_operator to 2025-03-26 00:00:00+00:00, run_after=2025-03-27 00:00:00+00:00
[2025-03-27T12:23:16.684+0000] {processor.py:208} INFO - Processing /home/airflow/.local/lib/python3.12/site-packages/airflow/example_dags/example_branch_day_of_week_operator.py took 0.185 seconds
[2025-03-27T12:23:47.221+0000] {processor.py:186} INFO - Started process (PID=55417) to work on /home/airflow/.local/lib/python3.12/site-packages/airflow/example_dags/example_branch_day_of_week_operator.py
[2025-03-27T12:23:47.222+0000] {processor.py:914} INFO - Processing file /home/airflow/.local/lib/python3.12/site-packages/airflow/example_dags/example_branch_day_of_week_operator.py for tasks to queue
[2025-03-27T12:23:47.225+0000] {logging_mixin.py:190} INFO - [2025-03-27T12:23:47.225+0000] {dagbag.py:588} INFO - Filling up the DagBag from /home/airflow/.local/lib/python3.12/site-packages/airflow/example_dags/example_branch_day_of_week_operator.py
[2025-03-27T12:23:47.244+0000] {processor.py:925} INFO - DAG(s) 'example_weekday_branch_operator' retrieved from /home/airflow/.local/lib/python3.12/site-packages/airflow/example_dags/example_branch_day_of_week_operator.py
[2025-03-27T12:23:47.283+0000] {logging_mixin.py:190} INFO - [2025-03-27T12:23:47.283+0000] {dag.py:3239} INFO - Sync 1 DAGs
[2025-03-27T12:23:47.334+0000] {logging_mixin.py:190} INFO - [2025-03-27T12:23:47.333+0000] {dag.py:4180} INFO - Setting next_dagrun for example_weekday_branch_operator to 2025-03-26 00:00:00+00:00, run_after=2025-03-27 00:00:00+00:00
[2025-03-27T12:23:47.398+0000] {processor.py:208} INFO - Processing /home/airflow/.local/lib/python3.12/site-packages/airflow/example_dags/example_branch_day_of_week_operator.py took 0.187 seconds
[2025-03-27T12:24:18.056+0000] {processor.py:186} INFO - Started process (PID=55482) to work on /home/airflow/.local/lib/python3.12/site-packages/airflow/example_dags/example_branch_day_of_week_operator.py
[2025-03-27T12:24:18.059+0000] {processor.py:914} INFO - Processing file /home/airflow/.local/lib/python3.12/site-packages/airflow/example_dags/example_branch_day_of_week_operator.py for tasks to queue
[2025-03-27T12:24:18.062+0000] {logging_mixin.py:190} INFO - [2025-03-27T12:24:18.061+0000] {dagbag.py:588} INFO - Filling up the DagBag from /home/airflow/.local/lib/python3.12/site-packages/airflow/example_dags/example_branch_day_of_week_operator.py
[2025-03-27T12:24:18.084+0000] {processor.py:925} INFO - DAG(s) 'example_weekday_branch_operator' retrieved from /home/airflow/.local/lib/python3.12/site-packages/airflow/example_dags/example_branch_day_of_week_operator.py
[2025-03-27T12:24:18.118+0000] {logging_mixin.py:190} INFO - [2025-03-27T12:24:18.117+0000] {dag.py:3239} INFO - Sync 1 DAGs
[2025-03-27T12:24:18.162+0000] {logging_mixin.py:190} INFO - [2025-03-27T12:24:18.162+0000] {dag.py:4180} INFO - Setting next_dagrun for example_weekday_branch_operator to 2025-03-26 00:00:00+00:00, run_after=2025-03-27 00:00:00+00:00
[2025-03-27T12:24:18.211+0000] {processor.py:208} INFO - Processing /home/airflow/.local/lib/python3.12/site-packages/airflow/example_dags/example_branch_day_of_week_operator.py took 0.167 seconds
[2025-03-27T12:24:49.064+0000] {processor.py:186} INFO - Started process (PID=55547) to work on /home/airflow/.local/lib/python3.12/site-packages/airflow/example_dags/example_branch_day_of_week_operator.py
[2025-03-27T12:24:49.069+0000] {processor.py:914} INFO - Processing file /home/airflow/.local/lib/python3.12/site-packages/airflow/example_dags/example_branch_day_of_week_operator.py for tasks to queue
[2025-03-27T12:24:49.074+0000] {logging_mixin.py:190} INFO - [2025-03-27T12:24:49.073+0000] {dagbag.py:588} INFO - Filling up the DagBag from /home/airflow/.local/lib/python3.12/site-packages/airflow/example_dags/example_branch_day_of_week_operator.py
[2025-03-27T12:24:49.112+0000] {processor.py:925} INFO - DAG(s) 'example_weekday_branch_operator' retrieved from /home/airflow/.local/lib/python3.12/site-packages/airflow/example_dags/example_branch_day_of_week_operator.py
[2025-03-27T12:24:49.165+0000] {logging_mixin.py:190} INFO - [2025-03-27T12:24:49.164+0000] {dag.py:3239} INFO - Sync 1 DAGs
[2025-03-27T12:24:49.223+0000] {logging_mixin.py:190} INFO - [2025-03-27T12:24:49.222+0000] {dag.py:4180} INFO - Setting next_dagrun for example_weekday_branch_operator to 2025-03-26 00:00:00+00:00, run_after=2025-03-27 00:00:00+00:00
[2025-03-27T12:24:49.285+0000] {processor.py:208} INFO - Processing /home/airflow/.local/lib/python3.12/site-packages/airflow/example_dags/example_branch_day_of_week_operator.py took 0.236 seconds
[2025-03-27T12:25:19.720+0000] {processor.py:186} INFO - Started process (PID=55612) to work on /home/airflow/.local/lib/python3.12/site-packages/airflow/example_dags/example_branch_day_of_week_operator.py
[2025-03-27T12:25:19.722+0000] {processor.py:914} INFO - Processing file /home/airflow/.local/lib/python3.12/site-packages/airflow/example_dags/example_branch_day_of_week_operator.py for tasks to queue
[2025-03-27T12:25:19.727+0000] {logging_mixin.py:190} INFO - [2025-03-27T12:25:19.726+0000] {dagbag.py:588} INFO - Filling up the DagBag from /home/airflow/.local/lib/python3.12/site-packages/airflow/example_dags/example_branch_day_of_week_operator.py
[2025-03-27T12:25:19.750+0000] {processor.py:925} INFO - DAG(s) 'example_weekday_branch_operator' retrieved from /home/airflow/.local/lib/python3.12/site-packages/airflow/example_dags/example_branch_day_of_week_operator.py
[2025-03-27T12:25:19.797+0000] {logging_mixin.py:190} INFO - [2025-03-27T12:25:19.796+0000] {dag.py:3239} INFO - Sync 1 DAGs
[2025-03-27T12:25:19.854+0000] {logging_mixin.py:190} INFO - [2025-03-27T12:25:19.853+0000] {dag.py:4180} INFO - Setting next_dagrun for example_weekday_branch_operator to 2025-03-26 00:00:00+00:00, run_after=2025-03-27 00:00:00+00:00
[2025-03-27T12:25:19.891+0000] {processor.py:208} INFO - Processing /home/airflow/.local/lib/python3.12/site-packages/airflow/example_dags/example_branch_day_of_week_operator.py took 0.184 seconds
[2025-03-27T12:25:50.587+0000] {processor.py:186} INFO - Started process (PID=55677) to work on /home/airflow/.local/lib/python3.12/site-packages/airflow/example_dags/example_branch_day_of_week_operator.py
[2025-03-27T12:25:50.589+0000] {processor.py:914} INFO - Processing file /home/airflow/.local/lib/python3.12/site-packages/airflow/example_dags/example_branch_day_of_week_operator.py for tasks to queue
[2025-03-27T12:25:50.595+0000] {logging_mixin.py:190} INFO - [2025-03-27T12:25:50.593+0000] {dagbag.py:588} INFO - Filling up the DagBag from /home/airflow/.local/lib/python3.12/site-packages/airflow/example_dags/example_branch_day_of_week_operator.py
[2025-03-27T12:25:50.624+0000] {processor.py:925} INFO - DAG(s) 'example_weekday_branch_operator' retrieved from /home/airflow/.local/lib/python3.12/site-packages/airflow/example_dags/example_branch_day_of_week_operator.py
[2025-03-27T12:25:50.696+0000] {logging_mixin.py:190} INFO - [2025-03-27T12:25:50.690+0000] {dag.py:3239} INFO - Sync 1 DAGs
[2025-03-27T12:25:50.785+0000] {logging_mixin.py:190} INFO - [2025-03-27T12:25:50.785+0000] {dag.py:4180} INFO - Setting next_dagrun for example_weekday_branch_operator to 2025-03-26 00:00:00+00:00, run_after=2025-03-27 00:00:00+00:00
[2025-03-27T12:25:50.833+0000] {processor.py:208} INFO - Processing /home/airflow/.local/lib/python3.12/site-packages/airflow/example_dags/example_branch_day_of_week_operator.py took 0.263 seconds
[2025-03-27T12:26:21.304+0000] {processor.py:186} INFO - Started process (PID=55741) to work on /home/airflow/.local/lib/python3.12/site-packages/airflow/example_dags/example_branch_day_of_week_operator.py
[2025-03-27T12:26:21.306+0000] {processor.py:914} INFO - Processing file /home/airflow/.local/lib/python3.12/site-packages/airflow/example_dags/example_branch_day_of_week_operator.py for tasks to queue
[2025-03-27T12:26:21.309+0000] {logging_mixin.py:190} INFO - [2025-03-27T12:26:21.308+0000] {dagbag.py:588} INFO - Filling up the DagBag from /home/airflow/.local/lib/python3.12/site-packages/airflow/example_dags/example_branch_day_of_week_operator.py
[2025-03-27T12:26:21.327+0000] {processor.py:925} INFO - DAG(s) 'example_weekday_branch_operator' retrieved from /home/airflow/.local/lib/python3.12/site-packages/airflow/example_dags/example_branch_day_of_week_operator.py
[2025-03-27T12:26:21.372+0000] {logging_mixin.py:190} INFO - [2025-03-27T12:26:21.371+0000] {dag.py:3239} INFO - Sync 1 DAGs
[2025-03-27T12:26:21.427+0000] {logging_mixin.py:190} INFO - [2025-03-27T12:26:21.427+0000] {dag.py:4180} INFO - Setting next_dagrun for example_weekday_branch_operator to 2025-03-26 00:00:00+00:00, run_after=2025-03-27 00:00:00+00:00
[2025-03-27T12:26:21.475+0000] {processor.py:208} INFO - Processing /home/airflow/.local/lib/python3.12/site-packages/airflow/example_dags/example_branch_day_of_week_operator.py took 0.181 seconds
[2025-03-27T12:26:52.291+0000] {processor.py:186} INFO - Started process (PID=55806) to work on /home/airflow/.local/lib/python3.12/site-packages/airflow/example_dags/example_branch_day_of_week_operator.py
[2025-03-27T12:26:52.293+0000] {processor.py:914} INFO - Processing file /home/airflow/.local/lib/python3.12/site-packages/airflow/example_dags/example_branch_day_of_week_operator.py for tasks to queue
[2025-03-27T12:26:52.298+0000] {logging_mixin.py:190} INFO - [2025-03-27T12:26:52.297+0000] {dagbag.py:588} INFO - Filling up the DagBag from /home/airflow/.local/lib/python3.12/site-packages/airflow/example_dags/example_branch_day_of_week_operator.py
[2025-03-27T12:26:52.315+0000] {processor.py:925} INFO - DAG(s) 'example_weekday_branch_operator' retrieved from /home/airflow/.local/lib/python3.12/site-packages/airflow/example_dags/example_branch_day_of_week_operator.py
[2025-03-27T12:26:52.358+0000] {logging_mixin.py:190} INFO - [2025-03-27T12:26:52.358+0000] {dag.py:3239} INFO - Sync 1 DAGs
[2025-03-27T12:26:52.421+0000] {logging_mixin.py:190} INFO - [2025-03-27T12:26:52.421+0000] {dag.py:4180} INFO - Setting next_dagrun for example_weekday_branch_operator to 2025-03-26 00:00:00+00:00, run_after=2025-03-27 00:00:00+00:00
[2025-03-27T12:26:52.470+0000] {processor.py:208} INFO - Processing /home/airflow/.local/lib/python3.12/site-packages/airflow/example_dags/example_branch_day_of_week_operator.py took 0.189 seconds
[2025-03-27T12:27:22.671+0000] {processor.py:186} INFO - Started process (PID=55869) to work on /home/airflow/.local/lib/python3.12/site-packages/airflow/example_dags/example_branch_day_of_week_operator.py
[2025-03-27T12:27:22.673+0000] {processor.py:914} INFO - Processing file /home/airflow/.local/lib/python3.12/site-packages/airflow/example_dags/example_branch_day_of_week_operator.py for tasks to queue
[2025-03-27T12:27:22.675+0000] {logging_mixin.py:190} INFO - [2025-03-27T12:27:22.674+0000] {dagbag.py:588} INFO - Filling up the DagBag from /home/airflow/.local/lib/python3.12/site-packages/airflow/example_dags/example_branch_day_of_week_operator.py
[2025-03-27T12:27:22.692+0000] {processor.py:925} INFO - DAG(s) 'example_weekday_branch_operator' retrieved from /home/airflow/.local/lib/python3.12/site-packages/airflow/example_dags/example_branch_day_of_week_operator.py
[2025-03-27T12:27:22.730+0000] {logging_mixin.py:190} INFO - [2025-03-27T12:27:22.730+0000] {dag.py:3239} INFO - Sync 1 DAGs
[2025-03-27T12:27:22.778+0000] {logging_mixin.py:190} INFO - [2025-03-27T12:27:22.777+0000] {dag.py:4180} INFO - Setting next_dagrun for example_weekday_branch_operator to 2025-03-26 00:00:00+00:00, run_after=2025-03-27 00:00:00+00:00
[2025-03-27T12:27:22.813+0000] {processor.py:208} INFO - Processing /home/airflow/.local/lib/python3.12/site-packages/airflow/example_dags/example_branch_day_of_week_operator.py took 0.150 seconds
[2025-03-27T12:27:53.001+0000] {processor.py:186} INFO - Started process (PID=55934) to work on /home/airflow/.local/lib/python3.12/site-packages/airflow/example_dags/example_branch_day_of_week_operator.py
[2025-03-27T12:27:53.004+0000] {processor.py:914} INFO - Processing file /home/airflow/.local/lib/python3.12/site-packages/airflow/example_dags/example_branch_day_of_week_operator.py for tasks to queue
[2025-03-27T12:27:53.006+0000] {logging_mixin.py:190} INFO - [2025-03-27T12:27:53.006+0000] {dagbag.py:588} INFO - Filling up the DagBag from /home/airflow/.local/lib/python3.12/site-packages/airflow/example_dags/example_branch_day_of_week_operator.py
[2025-03-27T12:27:53.029+0000] {processor.py:925} INFO - DAG(s) 'example_weekday_branch_operator' retrieved from /home/airflow/.local/lib/python3.12/site-packages/airflow/example_dags/example_branch_day_of_week_operator.py
[2025-03-27T12:27:53.074+0000] {logging_mixin.py:190} INFO - [2025-03-27T12:27:53.073+0000] {dag.py:3239} INFO - Sync 1 DAGs
[2025-03-27T12:27:53.123+0000] {logging_mixin.py:190} INFO - [2025-03-27T12:27:53.123+0000] {dag.py:4180} INFO - Setting next_dagrun for example_weekday_branch_operator to 2025-03-26 00:00:00+00:00, run_after=2025-03-27 00:00:00+00:00
[2025-03-27T12:27:53.175+0000] {processor.py:208} INFO - Processing /home/airflow/.local/lib/python3.12/site-packages/airflow/example_dags/example_branch_day_of_week_operator.py took 0.185 seconds
[2025-03-27T12:28:23.568+0000] {processor.py:186} INFO - Started process (PID=55999) to work on /home/airflow/.local/lib/python3.12/site-packages/airflow/example_dags/example_branch_day_of_week_operator.py
[2025-03-27T12:28:23.569+0000] {processor.py:914} INFO - Processing file /home/airflow/.local/lib/python3.12/site-packages/airflow/example_dags/example_branch_day_of_week_operator.py for tasks to queue
[2025-03-27T12:28:23.572+0000] {logging_mixin.py:190} INFO - [2025-03-27T12:28:23.571+0000] {dagbag.py:588} INFO - Filling up the DagBag from /home/airflow/.local/lib/python3.12/site-packages/airflow/example_dags/example_branch_day_of_week_operator.py
[2025-03-27T12:28:23.588+0000] {processor.py:925} INFO - DAG(s) 'example_weekday_branch_operator' retrieved from /home/airflow/.local/lib/python3.12/site-packages/airflow/example_dags/example_branch_day_of_week_operator.py
[2025-03-27T12:28:23.623+0000] {logging_mixin.py:190} INFO - [2025-03-27T12:28:23.623+0000] {dag.py:3239} INFO - Sync 1 DAGs
[2025-03-27T12:28:23.679+0000] {logging_mixin.py:190} INFO - [2025-03-27T12:28:23.678+0000] {dag.py:4180} INFO - Setting next_dagrun for example_weekday_branch_operator to 2025-03-26 00:00:00+00:00, run_after=2025-03-27 00:00:00+00:00
[2025-03-27T12:28:23.734+0000] {processor.py:208} INFO - Processing /home/airflow/.local/lib/python3.12/site-packages/airflow/example_dags/example_branch_day_of_week_operator.py took 0.175 seconds
[2025-03-27T12:28:54.123+0000] {processor.py:186} INFO - Started process (PID=56062) to work on /home/airflow/.local/lib/python3.12/site-packages/airflow/example_dags/example_branch_day_of_week_operator.py
[2025-03-27T12:28:54.125+0000] {processor.py:914} INFO - Processing file /home/airflow/.local/lib/python3.12/site-packages/airflow/example_dags/example_branch_day_of_week_operator.py for tasks to queue
[2025-03-27T12:28:54.127+0000] {logging_mixin.py:190} INFO - [2025-03-27T12:28:54.127+0000] {dagbag.py:588} INFO - Filling up the DagBag from /home/airflow/.local/lib/python3.12/site-packages/airflow/example_dags/example_branch_day_of_week_operator.py
[2025-03-27T12:28:54.149+0000] {processor.py:925} INFO - DAG(s) 'example_weekday_branch_operator' retrieved from /home/airflow/.local/lib/python3.12/site-packages/airflow/example_dags/example_branch_day_of_week_operator.py
[2025-03-27T12:28:54.223+0000] {logging_mixin.py:190} INFO - [2025-03-27T12:28:54.222+0000] {dag.py:3239} INFO - Sync 1 DAGs
[2025-03-27T12:28:54.303+0000] {logging_mixin.py:190} INFO - [2025-03-27T12:28:54.302+0000] {dag.py:4180} INFO - Setting next_dagrun for example_weekday_branch_operator to 2025-03-26 00:00:00+00:00, run_after=2025-03-27 00:00:00+00:00
[2025-03-27T12:28:54.359+0000] {processor.py:208} INFO - Processing /home/airflow/.local/lib/python3.12/site-packages/airflow/example_dags/example_branch_day_of_week_operator.py took 0.246 seconds
[2025-03-27T12:29:24.523+0000] {processor.py:186} INFO - Started process (PID=56127) to work on /home/airflow/.local/lib/python3.12/site-packages/airflow/example_dags/example_branch_day_of_week_operator.py
[2025-03-27T12:29:24.525+0000] {processor.py:914} INFO - Processing file /home/airflow/.local/lib/python3.12/site-packages/airflow/example_dags/example_branch_day_of_week_operator.py for tasks to queue
[2025-03-27T12:29:24.528+0000] {logging_mixin.py:190} INFO - [2025-03-27T12:29:24.527+0000] {dagbag.py:588} INFO - Filling up the DagBag from /home/airflow/.local/lib/python3.12/site-packages/airflow/example_dags/example_branch_day_of_week_operator.py
[2025-03-27T12:29:24.549+0000] {processor.py:925} INFO - DAG(s) 'example_weekday_branch_operator' retrieved from /home/airflow/.local/lib/python3.12/site-packages/airflow/example_dags/example_branch_day_of_week_operator.py
[2025-03-27T12:29:24.590+0000] {logging_mixin.py:190} INFO - [2025-03-27T12:29:24.590+0000] {dag.py:3239} INFO - Sync 1 DAGs
[2025-03-27T12:29:24.639+0000] {logging_mixin.py:190} INFO - [2025-03-27T12:29:24.639+0000] {dag.py:4180} INFO - Setting next_dagrun for example_weekday_branch_operator to 2025-03-26 00:00:00+00:00, run_after=2025-03-27 00:00:00+00:00
[2025-03-27T12:29:24.690+0000] {processor.py:208} INFO - Processing /home/airflow/.local/lib/python3.12/site-packages/airflow/example_dags/example_branch_day_of_week_operator.py took 0.175 seconds
[2025-03-27T12:29:55.515+0000] {processor.py:186} INFO - Started process (PID=56192) to work on /home/airflow/.local/lib/python3.12/site-packages/airflow/example_dags/example_branch_day_of_week_operator.py
[2025-03-27T12:29:55.517+0000] {processor.py:914} INFO - Processing file /home/airflow/.local/lib/python3.12/site-packages/airflow/example_dags/example_branch_day_of_week_operator.py for tasks to queue
[2025-03-27T12:29:55.520+0000] {logging_mixin.py:190} INFO - [2025-03-27T12:29:55.519+0000] {dagbag.py:588} INFO - Filling up the DagBag from /home/airflow/.local/lib/python3.12/site-packages/airflow/example_dags/example_branch_day_of_week_operator.py
[2025-03-27T12:29:55.537+0000] {processor.py:925} INFO - DAG(s) 'example_weekday_branch_operator' retrieved from /home/airflow/.local/lib/python3.12/site-packages/airflow/example_dags/example_branch_day_of_week_operator.py
[2025-03-27T12:29:55.577+0000] {logging_mixin.py:190} INFO - [2025-03-27T12:29:55.577+0000] {dag.py:3239} INFO - Sync 1 DAGs
[2025-03-27T12:29:55.622+0000] {logging_mixin.py:190} INFO - [2025-03-27T12:29:55.621+0000] {dag.py:4180} INFO - Setting next_dagrun for example_weekday_branch_operator to 2025-03-26 00:00:00+00:00, run_after=2025-03-27 00:00:00+00:00
[2025-03-27T12:29:55.670+0000] {processor.py:208} INFO - Processing /home/airflow/.local/lib/python3.12/site-packages/airflow/example_dags/example_branch_day_of_week_operator.py took 0.166 seconds
[2025-03-27T12:30:25.946+0000] {processor.py:186} INFO - Started process (PID=56257) to work on /home/airflow/.local/lib/python3.12/site-packages/airflow/example_dags/example_branch_day_of_week_operator.py
[2025-03-27T12:30:25.948+0000] {processor.py:914} INFO - Processing file /home/airflow/.local/lib/python3.12/site-packages/airflow/example_dags/example_branch_day_of_week_operator.py for tasks to queue
[2025-03-27T12:30:25.950+0000] {logging_mixin.py:190} INFO - [2025-03-27T12:30:25.950+0000] {dagbag.py:588} INFO - Filling up the DagBag from /home/airflow/.local/lib/python3.12/site-packages/airflow/example_dags/example_branch_day_of_week_operator.py
[2025-03-27T12:30:25.967+0000] {processor.py:925} INFO - DAG(s) 'example_weekday_branch_operator' retrieved from /home/airflow/.local/lib/python3.12/site-packages/airflow/example_dags/example_branch_day_of_week_operator.py
[2025-03-27T12:30:25.999+0000] {logging_mixin.py:190} INFO - [2025-03-27T12:30:25.999+0000] {dag.py:3239} INFO - Sync 1 DAGs
[2025-03-27T12:30:26.040+0000] {logging_mixin.py:190} INFO - [2025-03-27T12:30:26.039+0000] {dag.py:4180} INFO - Setting next_dagrun for example_weekday_branch_operator to 2025-03-26 00:00:00+00:00, run_after=2025-03-27 00:00:00+00:00
[2025-03-27T12:30:26.087+0000] {processor.py:208} INFO - Processing /home/airflow/.local/lib/python3.12/site-packages/airflow/example_dags/example_branch_day_of_week_operator.py took 0.150 seconds
[2025-03-27T12:30:56.669+0000] {processor.py:186} INFO - Started process (PID=56322) to work on /home/airflow/.local/lib/python3.12/site-packages/airflow/example_dags/example_branch_day_of_week_operator.py
[2025-03-27T12:30:56.670+0000] {processor.py:914} INFO - Processing file /home/airflow/.local/lib/python3.12/site-packages/airflow/example_dags/example_branch_day_of_week_operator.py for tasks to queue
[2025-03-27T12:30:56.674+0000] {logging_mixin.py:190} INFO - [2025-03-27T12:30:56.673+0000] {dagbag.py:588} INFO - Filling up the DagBag from /home/airflow/.local/lib/python3.12/site-packages/airflow/example_dags/example_branch_day_of_week_operator.py
[2025-03-27T12:30:56.701+0000] {processor.py:925} INFO - DAG(s) 'example_weekday_branch_operator' retrieved from /home/airflow/.local/lib/python3.12/site-packages/airflow/example_dags/example_branch_day_of_week_operator.py
[2025-03-27T12:30:56.743+0000] {logging_mixin.py:190} INFO - [2025-03-27T12:30:56.742+0000] {dag.py:3239} INFO - Sync 1 DAGs
[2025-03-27T12:30:56.803+0000] {logging_mixin.py:190} INFO - [2025-03-27T12:30:56.802+0000] {dag.py:4180} INFO - Setting next_dagrun for example_weekday_branch_operator to 2025-03-26 00:00:00+00:00, run_after=2025-03-27 00:00:00+00:00
[2025-03-27T12:30:56.852+0000] {processor.py:208} INFO - Processing /home/airflow/.local/lib/python3.12/site-packages/airflow/example_dags/example_branch_day_of_week_operator.py took 0.195 seconds
[2025-03-27T12:32:18.752+0000] {processor.py:186} INFO - Started process (PID=56362) to work on /home/airflow/.local/lib/python3.12/site-packages/airflow/example_dags/example_branch_day_of_week_operator.py
[2025-03-27T12:32:18.764+0000] {processor.py:914} INFO - Processing file /home/airflow/.local/lib/python3.12/site-packages/airflow/example_dags/example_branch_day_of_week_operator.py for tasks to queue
[2025-03-27T12:32:18.768+0000] {logging_mixin.py:190} INFO - [2025-03-27T12:32:18.767+0000] {dagbag.py:588} INFO - Filling up the DagBag from /home/airflow/.local/lib/python3.12/site-packages/airflow/example_dags/example_branch_day_of_week_operator.py
[2025-03-27T12:32:18.844+0000] {processor.py:925} INFO - DAG(s) 'example_weekday_branch_operator' retrieved from /home/airflow/.local/lib/python3.12/site-packages/airflow/example_dags/example_branch_day_of_week_operator.py
[2025-03-27T12:32:18.978+0000] {logging_mixin.py:190} INFO - [2025-03-27T12:32:18.977+0000] {dag.py:3239} INFO - Sync 1 DAGs
[2025-03-27T12:32:19.143+0000] {logging_mixin.py:190} INFO - [2025-03-27T12:32:19.142+0000] {dag.py:4180} INFO - Setting next_dagrun for example_weekday_branch_operator to 2025-03-26 00:00:00+00:00, run_after=2025-03-27 00:00:00+00:00
[2025-03-27T12:32:19.281+0000] {processor.py:208} INFO - Processing /home/airflow/.local/lib/python3.12/site-packages/airflow/example_dags/example_branch_day_of_week_operator.py took 0.558 seconds
