[2025-03-27T11:58:07.524+0000] {processor.py:186} INFO - Started process (PID=52212) to work on /home/airflow/.local/lib/python3.12/site-packages/airflow/example_dags/example_xcomargs.py
[2025-03-27T11:58:07.537+0000] {processor.py:914} INFO - Processing file /home/airflow/.local/lib/python3.12/site-packages/airflow/example_dags/example_xcomargs.py for tasks to queue
[2025-03-27T11:58:07.542+0000] {logging_mixin.py:190} INFO - [2025-03-27T11:58:07.541+0000] {dagbag.py:588} INFO - Filling up the DagBag from /home/airflow/.local/lib/python3.12/site-packages/airflow/example_dags/example_xcomargs.py
[2025-03-27T11:58:07.617+0000] {processor.py:925} INFO - DAG(s) 'example_xcom_args_with_operators', 'example_xcom_args' retrieved from /home/airflow/.local/lib/python3.12/site-packages/airflow/example_dags/example_xcomargs.py
[2025-03-27T11:58:07.740+0000] {logging_mixin.py:190} INFO - [2025-03-27T11:58:07.739+0000] {dag.py:3239} INFO - Sync 2 DAGs
[2025-03-27T11:58:07.821+0000] {logging_mixin.py:190} INFO - [2025-03-27T11:58:07.820+0000] {dag.py:4180} INFO - Setting next_dagrun for example_xcom_args to None, run_after=None
[2025-03-27T11:58:07.842+0000] {logging_mixin.py:190} INFO - [2025-03-27T11:58:07.841+0000] {dag.py:4180} INFO - Setting next_dagrun for example_xcom_args_with_operators to None, run_after=None
[2025-03-27T11:58:07.926+0000] {processor.py:208} INFO - Processing /home/airflow/.local/lib/python3.12/site-packages/airflow/example_dags/example_xcomargs.py took 0.428 seconds
[2025-03-27T11:58:50.855+0000] {processor.py:186} INFO - Started process (PID=52277) to work on /home/airflow/.local/lib/python3.12/site-packages/airflow/example_dags/example_xcomargs.py
[2025-03-27T11:58:50.861+0000] {processor.py:914} INFO - Processing file /home/airflow/.local/lib/python3.12/site-packages/airflow/example_dags/example_xcomargs.py for tasks to queue
[2025-03-27T11:58:50.865+0000] {logging_mixin.py:190} INFO - [2025-03-27T11:58:50.864+0000] {dagbag.py:588} INFO - Filling up the DagBag from /home/airflow/.local/lib/python3.12/site-packages/airflow/example_dags/example_xcomargs.py
[2025-03-27T11:58:50.908+0000] {processor.py:925} INFO - DAG(s) 'example_xcom_args', 'example_xcom_args_with_operators' retrieved from /home/airflow/.local/lib/python3.12/site-packages/airflow/example_dags/example_xcomargs.py
[2025-03-27T11:58:51.064+0000] {logging_mixin.py:190} INFO - [2025-03-27T11:58:51.063+0000] {dag.py:3239} INFO - Sync 2 DAGs
[2025-03-27T11:58:51.129+0000] {logging_mixin.py:190} INFO - [2025-03-27T11:58:51.128+0000] {dag.py:4180} INFO - Setting next_dagrun for example_xcom_args to None, run_after=None
[2025-03-27T11:58:51.145+0000] {logging_mixin.py:190} INFO - [2025-03-27T11:58:51.145+0000] {dag.py:4180} INFO - Setting next_dagrun for example_xcom_args_with_operators to None, run_after=None
[2025-03-27T11:58:51.256+0000] {processor.py:208} INFO - Processing /home/airflow/.local/lib/python3.12/site-packages/airflow/example_dags/example_xcomargs.py took 0.417 seconds
[2025-03-27T11:59:23.734+0000] {processor.py:186} INFO - Started process (PID=52348) to work on /home/airflow/.local/lib/python3.12/site-packages/airflow/example_dags/example_xcomargs.py
[2025-03-27T11:59:23.736+0000] {processor.py:914} INFO - Processing file /home/airflow/.local/lib/python3.12/site-packages/airflow/example_dags/example_xcomargs.py for tasks to queue
[2025-03-27T11:59:23.741+0000] {logging_mixin.py:190} INFO - [2025-03-27T11:59:23.740+0000] {dagbag.py:588} INFO - Filling up the DagBag from /home/airflow/.local/lib/python3.12/site-packages/airflow/example_dags/example_xcomargs.py
[2025-03-27T11:59:23.792+0000] {processor.py:925} INFO - DAG(s) 'example_xcom_args_with_operators', 'example_xcom_args' retrieved from /home/airflow/.local/lib/python3.12/site-packages/airflow/example_dags/example_xcomargs.py
[2025-03-27T11:59:23.932+0000] {logging_mixin.py:190} INFO - [2025-03-27T11:59:23.931+0000] {dag.py:3239} INFO - Sync 2 DAGs
[2025-03-27T11:59:24.019+0000] {logging_mixin.py:190} INFO - [2025-03-27T11:59:24.018+0000] {dag.py:4180} INFO - Setting next_dagrun for example_xcom_args to None, run_after=None
[2025-03-27T11:59:24.050+0000] {logging_mixin.py:190} INFO - [2025-03-27T11:59:24.049+0000] {dag.py:4180} INFO - Setting next_dagrun for example_xcom_args_with_operators to None, run_after=None
[2025-03-27T11:59:24.140+0000] {processor.py:208} INFO - Processing /home/airflow/.local/lib/python3.12/site-packages/airflow/example_dags/example_xcomargs.py took 0.427 seconds
[2025-03-27T11:59:59.136+0000] {processor.py:186} INFO - Started process (PID=52413) to work on /home/airflow/.local/lib/python3.12/site-packages/airflow/example_dags/example_xcomargs.py
[2025-03-27T11:59:59.138+0000] {processor.py:914} INFO - Processing file /home/airflow/.local/lib/python3.12/site-packages/airflow/example_dags/example_xcomargs.py for tasks to queue
[2025-03-27T11:59:59.150+0000] {logging_mixin.py:190} INFO - [2025-03-27T11:59:59.142+0000] {dagbag.py:588} INFO - Filling up the DagBag from /home/airflow/.local/lib/python3.12/site-packages/airflow/example_dags/example_xcomargs.py
[2025-03-27T11:59:59.195+0000] {processor.py:925} INFO - DAG(s) 'example_xcom_args', 'example_xcom_args_with_operators' retrieved from /home/airflow/.local/lib/python3.12/site-packages/airflow/example_dags/example_xcomargs.py
[2025-03-27T11:59:59.368+0000] {logging_mixin.py:190} INFO - [2025-03-27T11:59:59.367+0000] {dag.py:3239} INFO - Sync 2 DAGs
[2025-03-27T11:59:59.474+0000] {logging_mixin.py:190} INFO - [2025-03-27T11:59:59.473+0000] {dag.py:4180} INFO - Setting next_dagrun for example_xcom_args to None, run_after=None
[2025-03-27T11:59:59.496+0000] {logging_mixin.py:190} INFO - [2025-03-27T11:59:59.495+0000] {dag.py:4180} INFO - Setting next_dagrun for example_xcom_args_with_operators to None, run_after=None
[2025-03-27T11:59:59.654+0000] {processor.py:208} INFO - Processing /home/airflow/.local/lib/python3.12/site-packages/airflow/example_dags/example_xcomargs.py took 0.539 seconds
[2025-03-27T12:00:29.861+0000] {processor.py:186} INFO - Started process (PID=52477) to work on /home/airflow/.local/lib/python3.12/site-packages/airflow/example_dags/example_xcomargs.py
[2025-03-27T12:00:29.864+0000] {processor.py:914} INFO - Processing file /home/airflow/.local/lib/python3.12/site-packages/airflow/example_dags/example_xcomargs.py for tasks to queue
[2025-03-27T12:00:29.868+0000] {logging_mixin.py:190} INFO - [2025-03-27T12:00:29.866+0000] {dagbag.py:588} INFO - Filling up the DagBag from /home/airflow/.local/lib/python3.12/site-packages/airflow/example_dags/example_xcomargs.py
[2025-03-27T12:00:29.889+0000] {processor.py:925} INFO - DAG(s) 'example_xcom_args', 'example_xcom_args_with_operators' retrieved from /home/airflow/.local/lib/python3.12/site-packages/airflow/example_dags/example_xcomargs.py
[2025-03-27T12:00:29.941+0000] {logging_mixin.py:190} INFO - [2025-03-27T12:00:29.941+0000] {dag.py:3239} INFO - Sync 2 DAGs
[2025-03-27T12:00:29.975+0000] {logging_mixin.py:190} INFO - [2025-03-27T12:00:29.974+0000] {dag.py:4180} INFO - Setting next_dagrun for example_xcom_args to None, run_after=None
[2025-03-27T12:00:29.983+0000] {logging_mixin.py:190} INFO - [2025-03-27T12:00:29.982+0000] {dag.py:4180} INFO - Setting next_dagrun for example_xcom_args_with_operators to None, run_after=None
[2025-03-27T12:00:30.025+0000] {processor.py:208} INFO - Processing /home/airflow/.local/lib/python3.12/site-packages/airflow/example_dags/example_xcomargs.py took 0.174 seconds
[2025-03-27T12:01:00.226+0000] {processor.py:186} INFO - Started process (PID=52542) to work on /home/airflow/.local/lib/python3.12/site-packages/airflow/example_dags/example_xcomargs.py
[2025-03-27T12:01:00.233+0000] {processor.py:914} INFO - Processing file /home/airflow/.local/lib/python3.12/site-packages/airflow/example_dags/example_xcomargs.py for tasks to queue
[2025-03-27T12:01:00.237+0000] {logging_mixin.py:190} INFO - [2025-03-27T12:01:00.236+0000] {dagbag.py:588} INFO - Filling up the DagBag from /home/airflow/.local/lib/python3.12/site-packages/airflow/example_dags/example_xcomargs.py
[2025-03-27T12:01:00.264+0000] {processor.py:925} INFO - DAG(s) 'example_xcom_args', 'example_xcom_args_with_operators' retrieved from /home/airflow/.local/lib/python3.12/site-packages/airflow/example_dags/example_xcomargs.py
[2025-03-27T12:01:00.327+0000] {logging_mixin.py:190} INFO - [2025-03-27T12:01:00.327+0000] {dag.py:3239} INFO - Sync 2 DAGs
[2025-03-27T12:01:00.377+0000] {logging_mixin.py:190} INFO - [2025-03-27T12:01:00.376+0000] {dag.py:4180} INFO - Setting next_dagrun for example_xcom_args to None, run_after=None
[2025-03-27T12:01:00.385+0000] {logging_mixin.py:190} INFO - [2025-03-27T12:01:00.385+0000] {dag.py:4180} INFO - Setting next_dagrun for example_xcom_args_with_operators to None, run_after=None
[2025-03-27T12:01:00.436+0000] {processor.py:208} INFO - Processing /home/airflow/.local/lib/python3.12/site-packages/airflow/example_dags/example_xcomargs.py took 0.220 seconds
[2025-03-27T12:01:30.987+0000] {processor.py:186} INFO - Started process (PID=52607) to work on /home/airflow/.local/lib/python3.12/site-packages/airflow/example_dags/example_xcomargs.py
[2025-03-27T12:01:30.988+0000] {processor.py:914} INFO - Processing file /home/airflow/.local/lib/python3.12/site-packages/airflow/example_dags/example_xcomargs.py for tasks to queue
[2025-03-27T12:01:30.992+0000] {logging_mixin.py:190} INFO - [2025-03-27T12:01:30.990+0000] {dagbag.py:588} INFO - Filling up the DagBag from /home/airflow/.local/lib/python3.12/site-packages/airflow/example_dags/example_xcomargs.py
[2025-03-27T12:01:31.015+0000] {processor.py:925} INFO - DAG(s) 'example_xcom_args', 'example_xcom_args_with_operators' retrieved from /home/airflow/.local/lib/python3.12/site-packages/airflow/example_dags/example_xcomargs.py
[2025-03-27T12:01:31.065+0000] {logging_mixin.py:190} INFO - [2025-03-27T12:01:31.064+0000] {dag.py:3239} INFO - Sync 2 DAGs
[2025-03-27T12:01:31.092+0000] {logging_mixin.py:190} INFO - [2025-03-27T12:01:31.091+0000] {dag.py:4180} INFO - Setting next_dagrun for example_xcom_args to None, run_after=None
[2025-03-27T12:01:31.100+0000] {logging_mixin.py:190} INFO - [2025-03-27T12:01:31.100+0000] {dag.py:4180} INFO - Setting next_dagrun for example_xcom_args_with_operators to None, run_after=None
[2025-03-27T12:01:31.133+0000] {processor.py:208} INFO - Processing /home/airflow/.local/lib/python3.12/site-packages/airflow/example_dags/example_xcomargs.py took 0.157 seconds
[2025-03-27T12:02:01.464+0000] {processor.py:186} INFO - Started process (PID=52672) to work on /home/airflow/.local/lib/python3.12/site-packages/airflow/example_dags/example_xcomargs.py
[2025-03-27T12:02:01.466+0000] {processor.py:914} INFO - Processing file /home/airflow/.local/lib/python3.12/site-packages/airflow/example_dags/example_xcomargs.py for tasks to queue
[2025-03-27T12:02:01.469+0000] {logging_mixin.py:190} INFO - [2025-03-27T12:02:01.468+0000] {dagbag.py:588} INFO - Filling up the DagBag from /home/airflow/.local/lib/python3.12/site-packages/airflow/example_dags/example_xcomargs.py
[2025-03-27T12:02:01.488+0000] {processor.py:925} INFO - DAG(s) 'example_xcom_args_with_operators', 'example_xcom_args' retrieved from /home/airflow/.local/lib/python3.12/site-packages/airflow/example_dags/example_xcomargs.py
[2025-03-27T12:02:01.547+0000] {logging_mixin.py:190} INFO - [2025-03-27T12:02:01.546+0000] {dag.py:3239} INFO - Sync 2 DAGs
[2025-03-27T12:02:01.576+0000] {logging_mixin.py:190} INFO - [2025-03-27T12:02:01.576+0000] {dag.py:4180} INFO - Setting next_dagrun for example_xcom_args to None, run_after=None
[2025-03-27T12:02:01.584+0000] {logging_mixin.py:190} INFO - [2025-03-27T12:02:01.584+0000] {dag.py:4180} INFO - Setting next_dagrun for example_xcom_args_with_operators to None, run_after=None
[2025-03-27T12:02:01.633+0000] {processor.py:208} INFO - Processing /home/airflow/.local/lib/python3.12/site-packages/airflow/example_dags/example_xcomargs.py took 0.178 seconds
[2025-03-27T12:02:31.844+0000] {processor.py:186} INFO - Started process (PID=52736) to work on /home/airflow/.local/lib/python3.12/site-packages/airflow/example_dags/example_xcomargs.py
[2025-03-27T12:02:31.847+0000] {processor.py:914} INFO - Processing file /home/airflow/.local/lib/python3.12/site-packages/airflow/example_dags/example_xcomargs.py for tasks to queue
[2025-03-27T12:02:31.852+0000] {logging_mixin.py:190} INFO - [2025-03-27T12:02:31.851+0000] {dagbag.py:588} INFO - Filling up the DagBag from /home/airflow/.local/lib/python3.12/site-packages/airflow/example_dags/example_xcomargs.py
[2025-03-27T12:02:31.879+0000] {processor.py:925} INFO - DAG(s) 'example_xcom_args', 'example_xcom_args_with_operators' retrieved from /home/airflow/.local/lib/python3.12/site-packages/airflow/example_dags/example_xcomargs.py
[2025-03-27T12:02:31.939+0000] {logging_mixin.py:190} INFO - [2025-03-27T12:02:31.939+0000] {dag.py:3239} INFO - Sync 2 DAGs
[2025-03-27T12:02:31.993+0000] {logging_mixin.py:190} INFO - [2025-03-27T12:02:31.992+0000] {dag.py:4180} INFO - Setting next_dagrun for example_xcom_args to None, run_after=None
[2025-03-27T12:02:32.008+0000] {logging_mixin.py:190} INFO - [2025-03-27T12:02:32.007+0000] {dag.py:4180} INFO - Setting next_dagrun for example_xcom_args_with_operators to None, run_after=None
[2025-03-27T12:02:32.065+0000] {processor.py:208} INFO - Processing /home/airflow/.local/lib/python3.12/site-packages/airflow/example_dags/example_xcomargs.py took 0.236 seconds
[2025-03-27T12:03:02.996+0000] {processor.py:186} INFO - Started process (PID=52801) to work on /home/airflow/.local/lib/python3.12/site-packages/airflow/example_dags/example_xcomargs.py
[2025-03-27T12:03:02.999+0000] {processor.py:914} INFO - Processing file /home/airflow/.local/lib/python3.12/site-packages/airflow/example_dags/example_xcomargs.py for tasks to queue
[2025-03-27T12:03:03.002+0000] {logging_mixin.py:190} INFO - [2025-03-27T12:03:03.001+0000] {dagbag.py:588} INFO - Filling up the DagBag from /home/airflow/.local/lib/python3.12/site-packages/airflow/example_dags/example_xcomargs.py
[2025-03-27T12:03:03.024+0000] {processor.py:925} INFO - DAG(s) 'example_xcom_args_with_operators', 'example_xcom_args' retrieved from /home/airflow/.local/lib/python3.12/site-packages/airflow/example_dags/example_xcomargs.py
[2025-03-27T12:03:03.073+0000] {logging_mixin.py:190} INFO - [2025-03-27T12:03:03.073+0000] {dag.py:3239} INFO - Sync 2 DAGs
[2025-03-27T12:03:03.105+0000] {logging_mixin.py:190} INFO - [2025-03-27T12:03:03.105+0000] {dag.py:4180} INFO - Setting next_dagrun for example_xcom_args to None, run_after=None
[2025-03-27T12:03:03.113+0000] {logging_mixin.py:190} INFO - [2025-03-27T12:03:03.113+0000] {dag.py:4180} INFO - Setting next_dagrun for example_xcom_args_with_operators to None, run_after=None
[2025-03-27T12:03:03.171+0000] {processor.py:208} INFO - Processing /home/airflow/.local/lib/python3.12/site-packages/airflow/example_dags/example_xcomargs.py took 0.184 seconds
[2025-03-27T12:03:33.403+0000] {processor.py:186} INFO - Started process (PID=52865) to work on /home/airflow/.local/lib/python3.12/site-packages/airflow/example_dags/example_xcomargs.py
[2025-03-27T12:03:33.405+0000] {processor.py:914} INFO - Processing file /home/airflow/.local/lib/python3.12/site-packages/airflow/example_dags/example_xcomargs.py for tasks to queue
[2025-03-27T12:03:33.408+0000] {logging_mixin.py:190} INFO - [2025-03-27T12:03:33.407+0000] {dagbag.py:588} INFO - Filling up the DagBag from /home/airflow/.local/lib/python3.12/site-packages/airflow/example_dags/example_xcomargs.py
[2025-03-27T12:03:33.427+0000] {processor.py:925} INFO - DAG(s) 'example_xcom_args_with_operators', 'example_xcom_args' retrieved from /home/airflow/.local/lib/python3.12/site-packages/airflow/example_dags/example_xcomargs.py
[2025-03-27T12:03:33.468+0000] {logging_mixin.py:190} INFO - [2025-03-27T12:03:33.468+0000] {dag.py:3239} INFO - Sync 2 DAGs
[2025-03-27T12:03:33.495+0000] {logging_mixin.py:190} INFO - [2025-03-27T12:03:33.495+0000] {dag.py:4180} INFO - Setting next_dagrun for example_xcom_args to None, run_after=None
[2025-03-27T12:03:33.505+0000] {logging_mixin.py:190} INFO - [2025-03-27T12:03:33.504+0000] {dag.py:4180} INFO - Setting next_dagrun for example_xcom_args_with_operators to None, run_after=None
[2025-03-27T12:03:33.553+0000] {processor.py:208} INFO - Processing /home/airflow/.local/lib/python3.12/site-packages/airflow/example_dags/example_xcomargs.py took 0.160 seconds
[2025-03-27T12:04:03.732+0000] {processor.py:186} INFO - Started process (PID=52929) to work on /home/airflow/.local/lib/python3.12/site-packages/airflow/example_dags/example_xcomargs.py
[2025-03-27T12:04:03.737+0000] {processor.py:914} INFO - Processing file /home/airflow/.local/lib/python3.12/site-packages/airflow/example_dags/example_xcomargs.py for tasks to queue
[2025-03-27T12:04:03.743+0000] {logging_mixin.py:190} INFO - [2025-03-27T12:04:03.742+0000] {dagbag.py:588} INFO - Filling up the DagBag from /home/airflow/.local/lib/python3.12/site-packages/airflow/example_dags/example_xcomargs.py
[2025-03-27T12:04:03.794+0000] {processor.py:925} INFO - DAG(s) 'example_xcom_args', 'example_xcom_args_with_operators' retrieved from /home/airflow/.local/lib/python3.12/site-packages/airflow/example_dags/example_xcomargs.py
[2025-03-27T12:04:03.883+0000] {logging_mixin.py:190} INFO - [2025-03-27T12:04:03.882+0000] {dag.py:3239} INFO - Sync 2 DAGs
[2025-03-27T12:04:03.989+0000] {logging_mixin.py:190} INFO - [2025-03-27T12:04:03.989+0000] {dag.py:4180} INFO - Setting next_dagrun for example_xcom_args to None, run_after=None
[2025-03-27T12:04:04.036+0000] {logging_mixin.py:190} INFO - [2025-03-27T12:04:04.026+0000] {dag.py:4180} INFO - Setting next_dagrun for example_xcom_args_with_operators to None, run_after=None
[2025-03-27T12:04:04.130+0000] {processor.py:208} INFO - Processing /home/airflow/.local/lib/python3.12/site-packages/airflow/example_dags/example_xcomargs.py took 0.445 seconds
[2025-03-27T12:04:35.966+0000] {processor.py:186} INFO - Started process (PID=52994) to work on /home/airflow/.local/lib/python3.12/site-packages/airflow/example_dags/example_xcomargs.py
[2025-03-27T12:04:35.973+0000] {processor.py:914} INFO - Processing file /home/airflow/.local/lib/python3.12/site-packages/airflow/example_dags/example_xcomargs.py for tasks to queue
[2025-03-27T12:04:35.982+0000] {logging_mixin.py:190} INFO - [2025-03-27T12:04:35.981+0000] {dagbag.py:588} INFO - Filling up the DagBag from /home/airflow/.local/lib/python3.12/site-packages/airflow/example_dags/example_xcomargs.py
[2025-03-27T12:04:36.047+0000] {processor.py:925} INFO - DAG(s) 'example_xcom_args_with_operators', 'example_xcom_args' retrieved from /home/airflow/.local/lib/python3.12/site-packages/airflow/example_dags/example_xcomargs.py
[2025-03-27T12:04:36.164+0000] {logging_mixin.py:190} INFO - [2025-03-27T12:04:36.163+0000] {dag.py:3239} INFO - Sync 2 DAGs
[2025-03-27T12:04:36.233+0000] {logging_mixin.py:190} INFO - [2025-03-27T12:04:36.232+0000] {dag.py:4180} INFO - Setting next_dagrun for example_xcom_args to None, run_after=None
[2025-03-27T12:04:36.265+0000] {logging_mixin.py:190} INFO - [2025-03-27T12:04:36.264+0000] {dag.py:4180} INFO - Setting next_dagrun for example_xcom_args_with_operators to None, run_after=None
[2025-03-27T12:04:36.344+0000] {processor.py:208} INFO - Processing /home/airflow/.local/lib/python3.12/site-packages/airflow/example_dags/example_xcomargs.py took 0.404 seconds
[2025-03-27T12:05:06.473+0000] {processor.py:186} INFO - Started process (PID=53059) to work on /home/airflow/.local/lib/python3.12/site-packages/airflow/example_dags/example_xcomargs.py
[2025-03-27T12:05:06.475+0000] {processor.py:914} INFO - Processing file /home/airflow/.local/lib/python3.12/site-packages/airflow/example_dags/example_xcomargs.py for tasks to queue
[2025-03-27T12:05:06.479+0000] {logging_mixin.py:190} INFO - [2025-03-27T12:05:06.478+0000] {dagbag.py:588} INFO - Filling up the DagBag from /home/airflow/.local/lib/python3.12/site-packages/airflow/example_dags/example_xcomargs.py
[2025-03-27T12:05:06.504+0000] {processor.py:925} INFO - DAG(s) 'example_xcom_args', 'example_xcom_args_with_operators' retrieved from /home/airflow/.local/lib/python3.12/site-packages/airflow/example_dags/example_xcomargs.py
[2025-03-27T12:05:06.570+0000] {logging_mixin.py:190} INFO - [2025-03-27T12:05:06.570+0000] {dag.py:3239} INFO - Sync 2 DAGs
[2025-03-27T12:05:06.602+0000] {logging_mixin.py:190} INFO - [2025-03-27T12:05:06.600+0000] {dag.py:4180} INFO - Setting next_dagrun for example_xcom_args to None, run_after=None
[2025-03-27T12:05:06.611+0000] {logging_mixin.py:190} INFO - [2025-03-27T12:05:06.610+0000] {dag.py:4180} INFO - Setting next_dagrun for example_xcom_args_with_operators to None, run_after=None
[2025-03-27T12:05:06.668+0000] {processor.py:208} INFO - Processing /home/airflow/.local/lib/python3.12/site-packages/airflow/example_dags/example_xcomargs.py took 0.208 seconds
[2025-03-27T12:05:37.240+0000] {processor.py:186} INFO - Started process (PID=53124) to work on /home/airflow/.local/lib/python3.12/site-packages/airflow/example_dags/example_xcomargs.py
[2025-03-27T12:05:37.246+0000] {processor.py:914} INFO - Processing file /home/airflow/.local/lib/python3.12/site-packages/airflow/example_dags/example_xcomargs.py for tasks to queue
[2025-03-27T12:05:37.255+0000] {logging_mixin.py:190} INFO - [2025-03-27T12:05:37.254+0000] {dagbag.py:588} INFO - Filling up the DagBag from /home/airflow/.local/lib/python3.12/site-packages/airflow/example_dags/example_xcomargs.py
[2025-03-27T12:05:37.320+0000] {processor.py:925} INFO - DAG(s) 'example_xcom_args_with_operators', 'example_xcom_args' retrieved from /home/airflow/.local/lib/python3.12/site-packages/airflow/example_dags/example_xcomargs.py
[2025-03-27T12:05:37.391+0000] {logging_mixin.py:190} INFO - [2025-03-27T12:05:37.390+0000] {dag.py:3239} INFO - Sync 2 DAGs
[2025-03-27T12:05:37.441+0000] {logging_mixin.py:190} INFO - [2025-03-27T12:05:37.440+0000] {dag.py:4180} INFO - Setting next_dagrun for example_xcom_args to None, run_after=None
[2025-03-27T12:05:37.457+0000] {logging_mixin.py:190} INFO - [2025-03-27T12:05:37.456+0000] {dag.py:4180} INFO - Setting next_dagrun for example_xcom_args_with_operators to None, run_after=None
[2025-03-27T12:05:37.521+0000] {processor.py:208} INFO - Processing /home/airflow/.local/lib/python3.12/site-packages/airflow/example_dags/example_xcomargs.py took 0.306 seconds
[2025-03-27T12:06:07.764+0000] {processor.py:186} INFO - Started process (PID=53187) to work on /home/airflow/.local/lib/python3.12/site-packages/airflow/example_dags/example_xcomargs.py
[2025-03-27T12:06:07.766+0000] {processor.py:914} INFO - Processing file /home/airflow/.local/lib/python3.12/site-packages/airflow/example_dags/example_xcomargs.py for tasks to queue
[2025-03-27T12:06:07.769+0000] {logging_mixin.py:190} INFO - [2025-03-27T12:06:07.768+0000] {dagbag.py:588} INFO - Filling up the DagBag from /home/airflow/.local/lib/python3.12/site-packages/airflow/example_dags/example_xcomargs.py
[2025-03-27T12:06:07.790+0000] {processor.py:925} INFO - DAG(s) 'example_xcom_args', 'example_xcom_args_with_operators' retrieved from /home/airflow/.local/lib/python3.12/site-packages/airflow/example_dags/example_xcomargs.py
[2025-03-27T12:06:07.844+0000] {logging_mixin.py:190} INFO - [2025-03-27T12:06:07.843+0000] {dag.py:3239} INFO - Sync 2 DAGs
[2025-03-27T12:06:07.874+0000] {logging_mixin.py:190} INFO - [2025-03-27T12:06:07.873+0000] {dag.py:4180} INFO - Setting next_dagrun for example_xcom_args to None, run_after=None
[2025-03-27T12:06:07.881+0000] {logging_mixin.py:190} INFO - [2025-03-27T12:06:07.880+0000] {dag.py:4180} INFO - Setting next_dagrun for example_xcom_args_with_operators to None, run_after=None
[2025-03-27T12:06:07.928+0000] {processor.py:208} INFO - Processing /home/airflow/.local/lib/python3.12/site-packages/airflow/example_dags/example_xcomargs.py took 0.174 seconds
[2025-03-27T12:06:38.398+0000] {processor.py:186} INFO - Started process (PID=53251) to work on /home/airflow/.local/lib/python3.12/site-packages/airflow/example_dags/example_xcomargs.py
[2025-03-27T12:06:38.406+0000] {processor.py:914} INFO - Processing file /home/airflow/.local/lib/python3.12/site-packages/airflow/example_dags/example_xcomargs.py for tasks to queue
[2025-03-27T12:06:38.413+0000] {logging_mixin.py:190} INFO - [2025-03-27T12:06:38.412+0000] {dagbag.py:588} INFO - Filling up the DagBag from /home/airflow/.local/lib/python3.12/site-packages/airflow/example_dags/example_xcomargs.py
[2025-03-27T12:06:38.459+0000] {processor.py:925} INFO - DAG(s) 'example_xcom_args_with_operators', 'example_xcom_args' retrieved from /home/airflow/.local/lib/python3.12/site-packages/airflow/example_dags/example_xcomargs.py
[2025-03-27T12:06:38.569+0000] {logging_mixin.py:190} INFO - [2025-03-27T12:06:38.568+0000] {dag.py:3239} INFO - Sync 2 DAGs
[2025-03-27T12:06:38.627+0000] {logging_mixin.py:190} INFO - [2025-03-27T12:06:38.627+0000] {dag.py:4180} INFO - Setting next_dagrun for example_xcom_args to None, run_after=None
[2025-03-27T12:06:38.648+0000] {logging_mixin.py:190} INFO - [2025-03-27T12:06:38.648+0000] {dag.py:4180} INFO - Setting next_dagrun for example_xcom_args_with_operators to None, run_after=None
[2025-03-27T12:06:38.706+0000] {processor.py:208} INFO - Processing /home/airflow/.local/lib/python3.12/site-packages/airflow/example_dags/example_xcomargs.py took 0.330 seconds
[2025-03-27T12:07:08.833+0000] {processor.py:186} INFO - Started process (PID=53316) to work on /home/airflow/.local/lib/python3.12/site-packages/airflow/example_dags/example_xcomargs.py
[2025-03-27T12:07:08.835+0000] {processor.py:914} INFO - Processing file /home/airflow/.local/lib/python3.12/site-packages/airflow/example_dags/example_xcomargs.py for tasks to queue
[2025-03-27T12:07:08.839+0000] {logging_mixin.py:190} INFO - [2025-03-27T12:07:08.838+0000] {dagbag.py:588} INFO - Filling up the DagBag from /home/airflow/.local/lib/python3.12/site-packages/airflow/example_dags/example_xcomargs.py
[2025-03-27T12:07:08.871+0000] {processor.py:925} INFO - DAG(s) 'example_xcom_args', 'example_xcom_args_with_operators' retrieved from /home/airflow/.local/lib/python3.12/site-packages/airflow/example_dags/example_xcomargs.py
[2025-03-27T12:07:08.945+0000] {logging_mixin.py:190} INFO - [2025-03-27T12:07:08.944+0000] {dag.py:3239} INFO - Sync 2 DAGs
[2025-03-27T12:07:08.977+0000] {logging_mixin.py:190} INFO - [2025-03-27T12:07:08.976+0000] {dag.py:4180} INFO - Setting next_dagrun for example_xcom_args to None, run_after=None
[2025-03-27T12:07:08.987+0000] {logging_mixin.py:190} INFO - [2025-03-27T12:07:08.987+0000] {dag.py:4180} INFO - Setting next_dagrun for example_xcom_args_with_operators to None, run_after=None
[2025-03-27T12:07:09.021+0000] {processor.py:208} INFO - Processing /home/airflow/.local/lib/python3.12/site-packages/airflow/example_dags/example_xcomargs.py took 0.201 seconds
[2025-03-27T12:07:42.129+0000] {processor.py:186} INFO - Started process (PID=53381) to work on /home/airflow/.local/lib/python3.12/site-packages/airflow/example_dags/example_xcomargs.py
[2025-03-27T12:07:42.134+0000] {processor.py:914} INFO - Processing file /home/airflow/.local/lib/python3.12/site-packages/airflow/example_dags/example_xcomargs.py for tasks to queue
[2025-03-27T12:07:42.140+0000] {logging_mixin.py:190} INFO - [2025-03-27T12:07:42.139+0000] {dagbag.py:588} INFO - Filling up the DagBag from /home/airflow/.local/lib/python3.12/site-packages/airflow/example_dags/example_xcomargs.py
[2025-03-27T12:07:42.186+0000] {processor.py:925} INFO - DAG(s) 'example_xcom_args', 'example_xcom_args_with_operators' retrieved from /home/airflow/.local/lib/python3.12/site-packages/airflow/example_dags/example_xcomargs.py
[2025-03-27T12:07:42.260+0000] {logging_mixin.py:190} INFO - [2025-03-27T12:07:42.260+0000] {dag.py:3239} INFO - Sync 2 DAGs
[2025-03-27T12:07:42.302+0000] {logging_mixin.py:190} INFO - [2025-03-27T12:07:42.301+0000] {dag.py:4180} INFO - Setting next_dagrun for example_xcom_args to None, run_after=None
[2025-03-27T12:07:42.315+0000] {logging_mixin.py:190} INFO - [2025-03-27T12:07:42.315+0000] {dag.py:4180} INFO - Setting next_dagrun for example_xcom_args_with_operators to None, run_after=None
[2025-03-27T12:07:42.384+0000] {processor.py:208} INFO - Processing /home/airflow/.local/lib/python3.12/site-packages/airflow/example_dags/example_xcomargs.py took 0.282 seconds
[2025-03-27T12:08:15.179+0000] {processor.py:186} INFO - Started process (PID=53448) to work on /home/airflow/.local/lib/python3.12/site-packages/airflow/example_dags/example_xcomargs.py
[2025-03-27T12:08:15.183+0000] {processor.py:914} INFO - Processing file /home/airflow/.local/lib/python3.12/site-packages/airflow/example_dags/example_xcomargs.py for tasks to queue
[2025-03-27T12:08:15.195+0000] {logging_mixin.py:190} INFO - [2025-03-27T12:08:15.194+0000] {dagbag.py:588} INFO - Filling up the DagBag from /home/airflow/.local/lib/python3.12/site-packages/airflow/example_dags/example_xcomargs.py
[2025-03-27T12:08:15.263+0000] {processor.py:925} INFO - DAG(s) 'example_xcom_args_with_operators', 'example_xcom_args' retrieved from /home/airflow/.local/lib/python3.12/site-packages/airflow/example_dags/example_xcomargs.py
[2025-03-27T12:08:15.402+0000] {logging_mixin.py:190} INFO - [2025-03-27T12:08:15.401+0000] {dag.py:3239} INFO - Sync 2 DAGs
[2025-03-27T12:08:15.495+0000] {logging_mixin.py:190} INFO - [2025-03-27T12:08:15.495+0000] {dag.py:4180} INFO - Setting next_dagrun for example_xcom_args to None, run_after=None
[2025-03-27T12:08:15.538+0000] {logging_mixin.py:190} INFO - [2025-03-27T12:08:15.538+0000] {dag.py:4180} INFO - Setting next_dagrun for example_xcom_args_with_operators to None, run_after=None
[2025-03-27T12:08:15.643+0000] {processor.py:208} INFO - Processing /home/airflow/.local/lib/python3.12/site-packages/airflow/example_dags/example_xcomargs.py took 0.489 seconds
[2025-03-27T12:08:47.451+0000] {processor.py:186} INFO - Started process (PID=53512) to work on /home/airflow/.local/lib/python3.12/site-packages/airflow/example_dags/example_xcomargs.py
[2025-03-27T12:08:47.454+0000] {processor.py:914} INFO - Processing file /home/airflow/.local/lib/python3.12/site-packages/airflow/example_dags/example_xcomargs.py for tasks to queue
[2025-03-27T12:08:47.458+0000] {logging_mixin.py:190} INFO - [2025-03-27T12:08:47.457+0000] {dagbag.py:588} INFO - Filling up the DagBag from /home/airflow/.local/lib/python3.12/site-packages/airflow/example_dags/example_xcomargs.py
[2025-03-27T12:08:47.488+0000] {processor.py:925} INFO - DAG(s) 'example_xcom_args_with_operators', 'example_xcom_args' retrieved from /home/airflow/.local/lib/python3.12/site-packages/airflow/example_dags/example_xcomargs.py
[2025-03-27T12:08:48.111+0000] {logging_mixin.py:190} INFO - [2025-03-27T12:08:48.111+0000] {dag.py:3239} INFO - Sync 2 DAGs
[2025-03-27T12:08:48.169+0000] {logging_mixin.py:190} INFO - [2025-03-27T12:08:48.169+0000] {dag.py:4180} INFO - Setting next_dagrun for example_xcom_args to None, run_after=None
[2025-03-27T12:08:48.196+0000] {logging_mixin.py:190} INFO - [2025-03-27T12:08:48.195+0000] {dag.py:4180} INFO - Setting next_dagrun for example_xcom_args_with_operators to None, run_after=None
[2025-03-27T12:08:48.294+0000] {processor.py:208} INFO - Processing /home/airflow/.local/lib/python3.12/site-packages/airflow/example_dags/example_xcomargs.py took 0.874 seconds
[2025-03-27T12:09:19.881+0000] {processor.py:186} INFO - Started process (PID=53577) to work on /home/airflow/.local/lib/python3.12/site-packages/airflow/example_dags/example_xcomargs.py
[2025-03-27T12:09:19.885+0000] {processor.py:914} INFO - Processing file /home/airflow/.local/lib/python3.12/site-packages/airflow/example_dags/example_xcomargs.py for tasks to queue
[2025-03-27T12:09:19.896+0000] {logging_mixin.py:190} INFO - [2025-03-27T12:09:19.895+0000] {dagbag.py:588} INFO - Filling up the DagBag from /home/airflow/.local/lib/python3.12/site-packages/airflow/example_dags/example_xcomargs.py
[2025-03-27T12:09:19.945+0000] {processor.py:925} INFO - DAG(s) 'example_xcom_args_with_operators', 'example_xcom_args' retrieved from /home/airflow/.local/lib/python3.12/site-packages/airflow/example_dags/example_xcomargs.py
[2025-03-27T12:09:20.067+0000] {logging_mixin.py:190} INFO - [2025-03-27T12:09:20.066+0000] {dag.py:3239} INFO - Sync 2 DAGs
[2025-03-27T12:09:20.174+0000] {logging_mixin.py:190} INFO - [2025-03-27T12:09:20.173+0000] {dag.py:4180} INFO - Setting next_dagrun for example_xcom_args to None, run_after=None
[2025-03-27T12:09:20.197+0000] {logging_mixin.py:190} INFO - [2025-03-27T12:09:20.197+0000] {dag.py:4180} INFO - Setting next_dagrun for example_xcom_args_with_operators to None, run_after=None
[2025-03-27T12:09:20.289+0000] {processor.py:208} INFO - Processing /home/airflow/.local/lib/python3.12/site-packages/airflow/example_dags/example_xcomargs.py took 0.432 seconds
[2025-03-27T12:09:51.229+0000] {processor.py:186} INFO - Started process (PID=53643) to work on /home/airflow/.local/lib/python3.12/site-packages/airflow/example_dags/example_xcomargs.py
[2025-03-27T12:09:51.233+0000] {processor.py:914} INFO - Processing file /home/airflow/.local/lib/python3.12/site-packages/airflow/example_dags/example_xcomargs.py for tasks to queue
[2025-03-27T12:09:51.237+0000] {logging_mixin.py:190} INFO - [2025-03-27T12:09:51.236+0000] {dagbag.py:588} INFO - Filling up the DagBag from /home/airflow/.local/lib/python3.12/site-packages/airflow/example_dags/example_xcomargs.py
[2025-03-27T12:09:51.280+0000] {processor.py:925} INFO - DAG(s) 'example_xcom_args_with_operators', 'example_xcom_args' retrieved from /home/airflow/.local/lib/python3.12/site-packages/airflow/example_dags/example_xcomargs.py
[2025-03-27T12:09:51.377+0000] {logging_mixin.py:190} INFO - [2025-03-27T12:09:51.376+0000] {dag.py:3239} INFO - Sync 2 DAGs
[2025-03-27T12:09:51.467+0000] {logging_mixin.py:190} INFO - [2025-03-27T12:09:51.466+0000] {dag.py:4180} INFO - Setting next_dagrun for example_xcom_args to None, run_after=None
[2025-03-27T12:09:51.486+0000] {logging_mixin.py:190} INFO - [2025-03-27T12:09:51.485+0000] {dag.py:4180} INFO - Setting next_dagrun for example_xcom_args_with_operators to None, run_after=None
[2025-03-27T12:09:51.569+0000] {processor.py:208} INFO - Processing /home/airflow/.local/lib/python3.12/site-packages/airflow/example_dags/example_xcomargs.py took 0.358 seconds
[2025-03-27T12:10:22.326+0000] {processor.py:186} INFO - Started process (PID=53707) to work on /home/airflow/.local/lib/python3.12/site-packages/airflow/example_dags/example_xcomargs.py
[2025-03-27T12:10:22.337+0000] {processor.py:914} INFO - Processing file /home/airflow/.local/lib/python3.12/site-packages/airflow/example_dags/example_xcomargs.py for tasks to queue
[2025-03-27T12:10:22.349+0000] {logging_mixin.py:190} INFO - [2025-03-27T12:10:22.348+0000] {dagbag.py:588} INFO - Filling up the DagBag from /home/airflow/.local/lib/python3.12/site-packages/airflow/example_dags/example_xcomargs.py
[2025-03-27T12:10:22.467+0000] {processor.py:925} INFO - DAG(s) 'example_xcom_args', 'example_xcom_args_with_operators' retrieved from /home/airflow/.local/lib/python3.12/site-packages/airflow/example_dags/example_xcomargs.py
[2025-03-27T12:10:22.606+0000] {logging_mixin.py:190} INFO - [2025-03-27T12:10:22.605+0000] {dag.py:3239} INFO - Sync 2 DAGs
[2025-03-27T12:10:22.707+0000] {logging_mixin.py:190} INFO - [2025-03-27T12:10:22.707+0000] {dag.py:4180} INFO - Setting next_dagrun for example_xcom_args to None, run_after=None
[2025-03-27T12:10:22.742+0000] {logging_mixin.py:190} INFO - [2025-03-27T12:10:22.741+0000] {dag.py:4180} INFO - Setting next_dagrun for example_xcom_args_with_operators to None, run_after=None
[2025-03-27T12:10:22.836+0000] {processor.py:208} INFO - Processing /home/airflow/.local/lib/python3.12/site-packages/airflow/example_dags/example_xcomargs.py took 0.522 seconds
[2025-03-27T12:10:54.101+0000] {processor.py:186} INFO - Started process (PID=53773) to work on /home/airflow/.local/lib/python3.12/site-packages/airflow/example_dags/example_xcomargs.py
[2025-03-27T12:10:54.103+0000] {processor.py:914} INFO - Processing file /home/airflow/.local/lib/python3.12/site-packages/airflow/example_dags/example_xcomargs.py for tasks to queue
[2025-03-27T12:10:54.111+0000] {logging_mixin.py:190} INFO - [2025-03-27T12:10:54.108+0000] {dagbag.py:588} INFO - Filling up the DagBag from /home/airflow/.local/lib/python3.12/site-packages/airflow/example_dags/example_xcomargs.py
[2025-03-27T12:10:54.148+0000] {processor.py:925} INFO - DAG(s) 'example_xcom_args_with_operators', 'example_xcom_args' retrieved from /home/airflow/.local/lib/python3.12/site-packages/airflow/example_dags/example_xcomargs.py
[2025-03-27T12:10:54.232+0000] {logging_mixin.py:190} INFO - [2025-03-27T12:10:54.231+0000] {dag.py:3239} INFO - Sync 2 DAGs
[2025-03-27T12:10:54.321+0000] {logging_mixin.py:190} INFO - [2025-03-27T12:10:54.320+0000] {dag.py:4180} INFO - Setting next_dagrun for example_xcom_args to None, run_after=None
[2025-03-27T12:10:54.337+0000] {logging_mixin.py:190} INFO - [2025-03-27T12:10:54.336+0000] {dag.py:4180} INFO - Setting next_dagrun for example_xcom_args_with_operators to None, run_after=None
[2025-03-27T12:10:54.399+0000] {processor.py:208} INFO - Processing /home/airflow/.local/lib/python3.12/site-packages/airflow/example_dags/example_xcomargs.py took 0.314 seconds
[2025-03-27T12:11:25.044+0000] {processor.py:186} INFO - Started process (PID=53838) to work on /home/airflow/.local/lib/python3.12/site-packages/airflow/example_dags/example_xcomargs.py
[2025-03-27T12:11:25.047+0000] {processor.py:914} INFO - Processing file /home/airflow/.local/lib/python3.12/site-packages/airflow/example_dags/example_xcomargs.py for tasks to queue
[2025-03-27T12:11:25.050+0000] {logging_mixin.py:190} INFO - [2025-03-27T12:11:25.050+0000] {dagbag.py:588} INFO - Filling up the DagBag from /home/airflow/.local/lib/python3.12/site-packages/airflow/example_dags/example_xcomargs.py
[2025-03-27T12:11:25.075+0000] {processor.py:925} INFO - DAG(s) 'example_xcom_args', 'example_xcom_args_with_operators' retrieved from /home/airflow/.local/lib/python3.12/site-packages/airflow/example_dags/example_xcomargs.py
[2025-03-27T12:11:25.132+0000] {logging_mixin.py:190} INFO - [2025-03-27T12:11:25.131+0000] {dag.py:3239} INFO - Sync 2 DAGs
[2025-03-27T12:11:25.167+0000] {logging_mixin.py:190} INFO - [2025-03-27T12:11:25.167+0000] {dag.py:4180} INFO - Setting next_dagrun for example_xcom_args to None, run_after=None
[2025-03-27T12:11:25.178+0000] {logging_mixin.py:190} INFO - [2025-03-27T12:11:25.178+0000] {dag.py:4180} INFO - Setting next_dagrun for example_xcom_args_with_operators to None, run_after=None
[2025-03-27T12:11:25.233+0000] {processor.py:208} INFO - Processing /home/airflow/.local/lib/python3.12/site-packages/airflow/example_dags/example_xcomargs.py took 0.206 seconds
[2025-03-27T12:11:55.427+0000] {processor.py:186} INFO - Started process (PID=53903) to work on /home/airflow/.local/lib/python3.12/site-packages/airflow/example_dags/example_xcomargs.py
[2025-03-27T12:11:55.430+0000] {processor.py:914} INFO - Processing file /home/airflow/.local/lib/python3.12/site-packages/airflow/example_dags/example_xcomargs.py for tasks to queue
[2025-03-27T12:11:55.432+0000] {logging_mixin.py:190} INFO - [2025-03-27T12:11:55.432+0000] {dagbag.py:588} INFO - Filling up the DagBag from /home/airflow/.local/lib/python3.12/site-packages/airflow/example_dags/example_xcomargs.py
[2025-03-27T12:11:55.455+0000] {processor.py:925} INFO - DAG(s) 'example_xcom_args_with_operators', 'example_xcom_args' retrieved from /home/airflow/.local/lib/python3.12/site-packages/airflow/example_dags/example_xcomargs.py
[2025-03-27T12:11:55.506+0000] {logging_mixin.py:190} INFO - [2025-03-27T12:11:55.505+0000] {dag.py:3239} INFO - Sync 2 DAGs
[2025-03-27T12:11:55.538+0000] {logging_mixin.py:190} INFO - [2025-03-27T12:11:55.538+0000] {dag.py:4180} INFO - Setting next_dagrun for example_xcom_args to None, run_after=None
[2025-03-27T12:11:55.547+0000] {logging_mixin.py:190} INFO - [2025-03-27T12:11:55.547+0000] {dag.py:4180} INFO - Setting next_dagrun for example_xcom_args_with_operators to None, run_after=None
[2025-03-27T12:11:55.581+0000] {processor.py:208} INFO - Processing /home/airflow/.local/lib/python3.12/site-packages/airflow/example_dags/example_xcomargs.py took 0.164 seconds
[2025-03-27T12:12:25.718+0000] {processor.py:186} INFO - Started process (PID=53968) to work on /home/airflow/.local/lib/python3.12/site-packages/airflow/example_dags/example_xcomargs.py
[2025-03-27T12:12:25.720+0000] {processor.py:914} INFO - Processing file /home/airflow/.local/lib/python3.12/site-packages/airflow/example_dags/example_xcomargs.py for tasks to queue
[2025-03-27T12:12:25.722+0000] {logging_mixin.py:190} INFO - [2025-03-27T12:12:25.722+0000] {dagbag.py:588} INFO - Filling up the DagBag from /home/airflow/.local/lib/python3.12/site-packages/airflow/example_dags/example_xcomargs.py
[2025-03-27T12:12:25.744+0000] {processor.py:925} INFO - DAG(s) 'example_xcom_args', 'example_xcom_args_with_operators' retrieved from /home/airflow/.local/lib/python3.12/site-packages/airflow/example_dags/example_xcomargs.py
[2025-03-27T12:12:25.789+0000] {logging_mixin.py:190} INFO - [2025-03-27T12:12:25.788+0000] {dag.py:3239} INFO - Sync 2 DAGs
[2025-03-27T12:12:25.814+0000] {logging_mixin.py:190} INFO - [2025-03-27T12:12:25.813+0000] {dag.py:4180} INFO - Setting next_dagrun for example_xcom_args to None, run_after=None
[2025-03-27T12:12:25.823+0000] {logging_mixin.py:190} INFO - [2025-03-27T12:12:25.822+0000] {dag.py:4180} INFO - Setting next_dagrun for example_xcom_args_with_operators to None, run_after=None
[2025-03-27T12:12:25.857+0000] {processor.py:208} INFO - Processing /home/airflow/.local/lib/python3.12/site-packages/airflow/example_dags/example_xcomargs.py took 0.149 seconds
[2025-03-27T12:12:56.113+0000] {processor.py:186} INFO - Started process (PID=54033) to work on /home/airflow/.local/lib/python3.12/site-packages/airflow/example_dags/example_xcomargs.py
[2025-03-27T12:12:56.115+0000] {processor.py:914} INFO - Processing file /home/airflow/.local/lib/python3.12/site-packages/airflow/example_dags/example_xcomargs.py for tasks to queue
[2025-03-27T12:12:56.118+0000] {logging_mixin.py:190} INFO - [2025-03-27T12:12:56.117+0000] {dagbag.py:588} INFO - Filling up the DagBag from /home/airflow/.local/lib/python3.12/site-packages/airflow/example_dags/example_xcomargs.py
[2025-03-27T12:12:56.135+0000] {processor.py:925} INFO - DAG(s) 'example_xcom_args_with_operators', 'example_xcom_args' retrieved from /home/airflow/.local/lib/python3.12/site-packages/airflow/example_dags/example_xcomargs.py
[2025-03-27T12:12:56.176+0000] {logging_mixin.py:190} INFO - [2025-03-27T12:12:56.176+0000] {dag.py:3239} INFO - Sync 2 DAGs
[2025-03-27T12:12:56.208+0000] {logging_mixin.py:190} INFO - [2025-03-27T12:12:56.208+0000] {dag.py:4180} INFO - Setting next_dagrun for example_xcom_args to None, run_after=None
[2025-03-27T12:12:56.240+0000] {logging_mixin.py:190} INFO - [2025-03-27T12:12:56.240+0000] {dag.py:4180} INFO - Setting next_dagrun for example_xcom_args_with_operators to None, run_after=None
[2025-03-27T12:12:56.300+0000] {processor.py:208} INFO - Processing /home/airflow/.local/lib/python3.12/site-packages/airflow/example_dags/example_xcomargs.py took 0.196 seconds
[2025-03-27T12:13:27.152+0000] {processor.py:186} INFO - Started process (PID=54104) to work on /home/airflow/.local/lib/python3.12/site-packages/airflow/example_dags/example_xcomargs.py
[2025-03-27T12:13:27.156+0000] {processor.py:914} INFO - Processing file /home/airflow/.local/lib/python3.12/site-packages/airflow/example_dags/example_xcomargs.py for tasks to queue
[2025-03-27T12:13:27.160+0000] {logging_mixin.py:190} INFO - [2025-03-27T12:13:27.159+0000] {dagbag.py:588} INFO - Filling up the DagBag from /home/airflow/.local/lib/python3.12/site-packages/airflow/example_dags/example_xcomargs.py
[2025-03-27T12:13:27.186+0000] {processor.py:925} INFO - DAG(s) 'example_xcom_args', 'example_xcom_args_with_operators' retrieved from /home/airflow/.local/lib/python3.12/site-packages/airflow/example_dags/example_xcomargs.py
[2025-03-27T12:13:27.253+0000] {logging_mixin.py:190} INFO - [2025-03-27T12:13:27.252+0000] {dag.py:3239} INFO - Sync 2 DAGs
[2025-03-27T12:13:27.290+0000] {logging_mixin.py:190} INFO - [2025-03-27T12:13:27.289+0000] {dag.py:4180} INFO - Setting next_dagrun for example_xcom_args to None, run_after=None
[2025-03-27T12:13:27.298+0000] {logging_mixin.py:190} INFO - [2025-03-27T12:13:27.297+0000] {dag.py:4180} INFO - Setting next_dagrun for example_xcom_args_with_operators to None, run_after=None
[2025-03-27T12:13:27.343+0000] {processor.py:208} INFO - Processing /home/airflow/.local/lib/python3.12/site-packages/airflow/example_dags/example_xcomargs.py took 0.207 seconds
[2025-03-27T12:13:57.515+0000] {processor.py:186} INFO - Started process (PID=54168) to work on /home/airflow/.local/lib/python3.12/site-packages/airflow/example_dags/example_xcomargs.py
[2025-03-27T12:13:57.517+0000] {processor.py:914} INFO - Processing file /home/airflow/.local/lib/python3.12/site-packages/airflow/example_dags/example_xcomargs.py for tasks to queue
[2025-03-27T12:13:57.519+0000] {logging_mixin.py:190} INFO - [2025-03-27T12:13:57.519+0000] {dagbag.py:588} INFO - Filling up the DagBag from /home/airflow/.local/lib/python3.12/site-packages/airflow/example_dags/example_xcomargs.py
[2025-03-27T12:13:57.537+0000] {processor.py:925} INFO - DAG(s) 'example_xcom_args', 'example_xcom_args_with_operators' retrieved from /home/airflow/.local/lib/python3.12/site-packages/airflow/example_dags/example_xcomargs.py
[2025-03-27T12:13:57.576+0000] {logging_mixin.py:190} INFO - [2025-03-27T12:13:57.576+0000] {dag.py:3239} INFO - Sync 2 DAGs
[2025-03-27T12:13:57.604+0000] {logging_mixin.py:190} INFO - [2025-03-27T12:13:57.604+0000] {dag.py:4180} INFO - Setting next_dagrun for example_xcom_args to None, run_after=None
[2025-03-27T12:13:57.612+0000] {logging_mixin.py:190} INFO - [2025-03-27T12:13:57.611+0000] {dag.py:4180} INFO - Setting next_dagrun for example_xcom_args_with_operators to None, run_after=None
[2025-03-27T12:13:57.658+0000] {processor.py:208} INFO - Processing /home/airflow/.local/lib/python3.12/site-packages/airflow/example_dags/example_xcomargs.py took 0.152 seconds
[2025-03-27T12:14:27.892+0000] {processor.py:186} INFO - Started process (PID=54233) to work on /home/airflow/.local/lib/python3.12/site-packages/airflow/example_dags/example_xcomargs.py
[2025-03-27T12:14:27.894+0000] {processor.py:914} INFO - Processing file /home/airflow/.local/lib/python3.12/site-packages/airflow/example_dags/example_xcomargs.py for tasks to queue
[2025-03-27T12:14:27.896+0000] {logging_mixin.py:190} INFO - [2025-03-27T12:14:27.896+0000] {dagbag.py:588} INFO - Filling up the DagBag from /home/airflow/.local/lib/python3.12/site-packages/airflow/example_dags/example_xcomargs.py
[2025-03-27T12:14:27.914+0000] {processor.py:925} INFO - DAG(s) 'example_xcom_args_with_operators', 'example_xcom_args' retrieved from /home/airflow/.local/lib/python3.12/site-packages/airflow/example_dags/example_xcomargs.py
[2025-03-27T12:14:27.957+0000] {logging_mixin.py:190} INFO - [2025-03-27T12:14:27.956+0000] {dag.py:3239} INFO - Sync 2 DAGs
[2025-03-27T12:14:27.986+0000] {logging_mixin.py:190} INFO - [2025-03-27T12:14:27.986+0000] {dag.py:4180} INFO - Setting next_dagrun for example_xcom_args to None, run_after=None
[2025-03-27T12:14:27.994+0000] {logging_mixin.py:190} INFO - [2025-03-27T12:14:27.994+0000] {dag.py:4180} INFO - Setting next_dagrun for example_xcom_args_with_operators to None, run_after=None
[2025-03-27T12:14:28.036+0000] {processor.py:208} INFO - Processing /home/airflow/.local/lib/python3.12/site-packages/airflow/example_dags/example_xcomargs.py took 0.153 seconds
[2025-03-27T12:14:58.524+0000] {processor.py:186} INFO - Started process (PID=54298) to work on /home/airflow/.local/lib/python3.12/site-packages/airflow/example_dags/example_xcomargs.py
[2025-03-27T12:14:58.525+0000] {processor.py:914} INFO - Processing file /home/airflow/.local/lib/python3.12/site-packages/airflow/example_dags/example_xcomargs.py for tasks to queue
[2025-03-27T12:14:58.529+0000] {logging_mixin.py:190} INFO - [2025-03-27T12:14:58.528+0000] {dagbag.py:588} INFO - Filling up the DagBag from /home/airflow/.local/lib/python3.12/site-packages/airflow/example_dags/example_xcomargs.py
[2025-03-27T12:14:58.552+0000] {processor.py:925} INFO - DAG(s) 'example_xcom_args', 'example_xcom_args_with_operators' retrieved from /home/airflow/.local/lib/python3.12/site-packages/airflow/example_dags/example_xcomargs.py
[2025-03-27T12:14:58.598+0000] {logging_mixin.py:190} INFO - [2025-03-27T12:14:58.597+0000] {dag.py:3239} INFO - Sync 2 DAGs
[2025-03-27T12:14:58.629+0000] {logging_mixin.py:190} INFO - [2025-03-27T12:14:58.629+0000] {dag.py:4180} INFO - Setting next_dagrun for example_xcom_args to None, run_after=None
[2025-03-27T12:14:58.637+0000] {logging_mixin.py:190} INFO - [2025-03-27T12:14:58.636+0000] {dag.py:4180} INFO - Setting next_dagrun for example_xcom_args_with_operators to None, run_after=None
[2025-03-27T12:14:58.675+0000] {processor.py:208} INFO - Processing /home/airflow/.local/lib/python3.12/site-packages/airflow/example_dags/example_xcomargs.py took 0.160 seconds
[2025-03-27T12:15:28.915+0000] {processor.py:186} INFO - Started process (PID=54363) to work on /home/airflow/.local/lib/python3.12/site-packages/airflow/example_dags/example_xcomargs.py
[2025-03-27T12:15:28.917+0000] {processor.py:914} INFO - Processing file /home/airflow/.local/lib/python3.12/site-packages/airflow/example_dags/example_xcomargs.py for tasks to queue
[2025-03-27T12:15:28.921+0000] {logging_mixin.py:190} INFO - [2025-03-27T12:15:28.920+0000] {dagbag.py:588} INFO - Filling up the DagBag from /home/airflow/.local/lib/python3.12/site-packages/airflow/example_dags/example_xcomargs.py
[2025-03-27T12:15:28.948+0000] {processor.py:925} INFO - DAG(s) 'example_xcom_args_with_operators', 'example_xcom_args' retrieved from /home/airflow/.local/lib/python3.12/site-packages/airflow/example_dags/example_xcomargs.py
[2025-03-27T12:15:29.012+0000] {logging_mixin.py:190} INFO - [2025-03-27T12:15:29.011+0000] {dag.py:3239} INFO - Sync 2 DAGs
[2025-03-27T12:15:29.050+0000] {logging_mixin.py:190} INFO - [2025-03-27T12:15:29.050+0000] {dag.py:4180} INFO - Setting next_dagrun for example_xcom_args to None, run_after=None
[2025-03-27T12:15:29.060+0000] {logging_mixin.py:190} INFO - [2025-03-27T12:15:29.060+0000] {dag.py:4180} INFO - Setting next_dagrun for example_xcom_args_with_operators to None, run_after=None
[2025-03-27T12:15:29.092+0000] {processor.py:208} INFO - Processing /home/airflow/.local/lib/python3.12/site-packages/airflow/example_dags/example_xcomargs.py took 0.188 seconds
[2025-03-27T12:15:59.947+0000] {processor.py:186} INFO - Started process (PID=54428) to work on /home/airflow/.local/lib/python3.12/site-packages/airflow/example_dags/example_xcomargs.py
[2025-03-27T12:15:59.948+0000] {processor.py:914} INFO - Processing file /home/airflow/.local/lib/python3.12/site-packages/airflow/example_dags/example_xcomargs.py for tasks to queue
[2025-03-27T12:15:59.951+0000] {logging_mixin.py:190} INFO - [2025-03-27T12:15:59.950+0000] {dagbag.py:588} INFO - Filling up the DagBag from /home/airflow/.local/lib/python3.12/site-packages/airflow/example_dags/example_xcomargs.py
[2025-03-27T12:15:59.972+0000] {processor.py:925} INFO - DAG(s) 'example_xcom_args_with_operators', 'example_xcom_args' retrieved from /home/airflow/.local/lib/python3.12/site-packages/airflow/example_dags/example_xcomargs.py
[2025-03-27T12:16:00.020+0000] {logging_mixin.py:190} INFO - [2025-03-27T12:16:00.020+0000] {dag.py:3239} INFO - Sync 2 DAGs
[2025-03-27T12:16:00.049+0000] {logging_mixin.py:190} INFO - [2025-03-27T12:16:00.049+0000] {dag.py:4180} INFO - Setting next_dagrun for example_xcom_args to None, run_after=None
[2025-03-27T12:16:00.057+0000] {logging_mixin.py:190} INFO - [2025-03-27T12:16:00.057+0000] {dag.py:4180} INFO - Setting next_dagrun for example_xcom_args_with_operators to None, run_after=None
[2025-03-27T12:16:00.106+0000] {processor.py:208} INFO - Processing /home/airflow/.local/lib/python3.12/site-packages/airflow/example_dags/example_xcomargs.py took 0.169 seconds
[2025-03-27T12:16:30.755+0000] {processor.py:186} INFO - Started process (PID=54493) to work on /home/airflow/.local/lib/python3.12/site-packages/airflow/example_dags/example_xcomargs.py
[2025-03-27T12:16:30.759+0000] {processor.py:914} INFO - Processing file /home/airflow/.local/lib/python3.12/site-packages/airflow/example_dags/example_xcomargs.py for tasks to queue
[2025-03-27T12:16:30.762+0000] {logging_mixin.py:190} INFO - [2025-03-27T12:16:30.762+0000] {dagbag.py:588} INFO - Filling up the DagBag from /home/airflow/.local/lib/python3.12/site-packages/airflow/example_dags/example_xcomargs.py
[2025-03-27T12:16:30.783+0000] {processor.py:925} INFO - DAG(s) 'example_xcom_args', 'example_xcom_args_with_operators' retrieved from /home/airflow/.local/lib/python3.12/site-packages/airflow/example_dags/example_xcomargs.py
[2025-03-27T12:16:30.839+0000] {logging_mixin.py:190} INFO - [2025-03-27T12:16:30.838+0000] {dag.py:3239} INFO - Sync 2 DAGs
[2025-03-27T12:16:30.883+0000] {logging_mixin.py:190} INFO - [2025-03-27T12:16:30.883+0000] {dag.py:4180} INFO - Setting next_dagrun for example_xcom_args to None, run_after=None
[2025-03-27T12:16:30.896+0000] {logging_mixin.py:190} INFO - [2025-03-27T12:16:30.896+0000] {dag.py:4180} INFO - Setting next_dagrun for example_xcom_args_with_operators to None, run_after=None
[2025-03-27T12:16:30.958+0000] {processor.py:208} INFO - Processing /home/airflow/.local/lib/python3.12/site-packages/airflow/example_dags/example_xcomargs.py took 0.212 seconds
[2025-03-27T12:17:01.622+0000] {processor.py:186} INFO - Started process (PID=54558) to work on /home/airflow/.local/lib/python3.12/site-packages/airflow/example_dags/example_xcomargs.py
[2025-03-27T12:17:01.625+0000] {processor.py:914} INFO - Processing file /home/airflow/.local/lib/python3.12/site-packages/airflow/example_dags/example_xcomargs.py for tasks to queue
[2025-03-27T12:17:01.628+0000] {logging_mixin.py:190} INFO - [2025-03-27T12:17:01.628+0000] {dagbag.py:588} INFO - Filling up the DagBag from /home/airflow/.local/lib/python3.12/site-packages/airflow/example_dags/example_xcomargs.py
[2025-03-27T12:17:01.673+0000] {processor.py:925} INFO - DAG(s) 'example_xcom_args_with_operators', 'example_xcom_args' retrieved from /home/airflow/.local/lib/python3.12/site-packages/airflow/example_dags/example_xcomargs.py
[2025-03-27T12:17:01.766+0000] {logging_mixin.py:190} INFO - [2025-03-27T12:17:01.766+0000] {dag.py:3239} INFO - Sync 2 DAGs
[2025-03-27T12:17:01.801+0000] {logging_mixin.py:190} INFO - [2025-03-27T12:17:01.801+0000] {dag.py:4180} INFO - Setting next_dagrun for example_xcom_args to None, run_after=None
[2025-03-27T12:17:01.816+0000] {logging_mixin.py:190} INFO - [2025-03-27T12:17:01.815+0000] {dag.py:4180} INFO - Setting next_dagrun for example_xcom_args_with_operators to None, run_after=None
[2025-03-27T12:17:01.863+0000] {processor.py:208} INFO - Processing /home/airflow/.local/lib/python3.12/site-packages/airflow/example_dags/example_xcomargs.py took 0.252 seconds
[2025-03-27T12:17:32.288+0000] {processor.py:186} INFO - Started process (PID=54623) to work on /home/airflow/.local/lib/python3.12/site-packages/airflow/example_dags/example_xcomargs.py
[2025-03-27T12:17:32.290+0000] {processor.py:914} INFO - Processing file /home/airflow/.local/lib/python3.12/site-packages/airflow/example_dags/example_xcomargs.py for tasks to queue
[2025-03-27T12:17:32.294+0000] {logging_mixin.py:190} INFO - [2025-03-27T12:17:32.292+0000] {dagbag.py:588} INFO - Filling up the DagBag from /home/airflow/.local/lib/python3.12/site-packages/airflow/example_dags/example_xcomargs.py
[2025-03-27T12:17:32.315+0000] {processor.py:925} INFO - DAG(s) 'example_xcom_args', 'example_xcom_args_with_operators' retrieved from /home/airflow/.local/lib/python3.12/site-packages/airflow/example_dags/example_xcomargs.py
[2025-03-27T12:17:32.359+0000] {logging_mixin.py:190} INFO - [2025-03-27T12:17:32.359+0000] {dag.py:3239} INFO - Sync 2 DAGs
[2025-03-27T12:17:32.386+0000] {logging_mixin.py:190} INFO - [2025-03-27T12:17:32.386+0000] {dag.py:4180} INFO - Setting next_dagrun for example_xcom_args to None, run_after=None
[2025-03-27T12:17:32.394+0000] {logging_mixin.py:190} INFO - [2025-03-27T12:17:32.394+0000] {dag.py:4180} INFO - Setting next_dagrun for example_xcom_args_with_operators to None, run_after=None
[2025-03-27T12:17:32.428+0000] {processor.py:208} INFO - Processing /home/airflow/.local/lib/python3.12/site-packages/airflow/example_dags/example_xcomargs.py took 0.149 seconds
[2025-03-27T12:18:02.610+0000] {processor.py:186} INFO - Started process (PID=54688) to work on /home/airflow/.local/lib/python3.12/site-packages/airflow/example_dags/example_xcomargs.py
[2025-03-27T12:18:02.612+0000] {processor.py:914} INFO - Processing file /home/airflow/.local/lib/python3.12/site-packages/airflow/example_dags/example_xcomargs.py for tasks to queue
[2025-03-27T12:18:02.615+0000] {logging_mixin.py:190} INFO - [2025-03-27T12:18:02.614+0000] {dagbag.py:588} INFO - Filling up the DagBag from /home/airflow/.local/lib/python3.12/site-packages/airflow/example_dags/example_xcomargs.py
[2025-03-27T12:18:02.633+0000] {processor.py:925} INFO - DAG(s) 'example_xcom_args_with_operators', 'example_xcom_args' retrieved from /home/airflow/.local/lib/python3.12/site-packages/airflow/example_dags/example_xcomargs.py
[2025-03-27T12:18:02.672+0000] {logging_mixin.py:190} INFO - [2025-03-27T12:18:02.672+0000] {dag.py:3239} INFO - Sync 2 DAGs
[2025-03-27T12:18:02.697+0000] {logging_mixin.py:190} INFO - [2025-03-27T12:18:02.697+0000] {dag.py:4180} INFO - Setting next_dagrun for example_xcom_args to None, run_after=None
[2025-03-27T12:18:02.704+0000] {logging_mixin.py:190} INFO - [2025-03-27T12:18:02.704+0000] {dag.py:4180} INFO - Setting next_dagrun for example_xcom_args_with_operators to None, run_after=None
[2025-03-27T12:18:02.749+0000] {processor.py:208} INFO - Processing /home/airflow/.local/lib/python3.12/site-packages/airflow/example_dags/example_xcomargs.py took 0.147 seconds
[2025-03-27T12:18:33.090+0000] {processor.py:186} INFO - Started process (PID=54754) to work on /home/airflow/.local/lib/python3.12/site-packages/airflow/example_dags/example_xcomargs.py
[2025-03-27T12:18:33.091+0000] {processor.py:914} INFO - Processing file /home/airflow/.local/lib/python3.12/site-packages/airflow/example_dags/example_xcomargs.py for tasks to queue
[2025-03-27T12:18:33.094+0000] {logging_mixin.py:190} INFO - [2025-03-27T12:18:33.093+0000] {dagbag.py:588} INFO - Filling up the DagBag from /home/airflow/.local/lib/python3.12/site-packages/airflow/example_dags/example_xcomargs.py
[2025-03-27T12:18:33.111+0000] {processor.py:925} INFO - DAG(s) 'example_xcom_args_with_operators', 'example_xcom_args' retrieved from /home/airflow/.local/lib/python3.12/site-packages/airflow/example_dags/example_xcomargs.py
[2025-03-27T12:18:33.154+0000] {logging_mixin.py:190} INFO - [2025-03-27T12:18:33.154+0000] {dag.py:3239} INFO - Sync 2 DAGs
[2025-03-27T12:18:33.183+0000] {logging_mixin.py:190} INFO - [2025-03-27T12:18:33.183+0000] {dag.py:4180} INFO - Setting next_dagrun for example_xcom_args to None, run_after=None
[2025-03-27T12:18:33.190+0000] {logging_mixin.py:190} INFO - [2025-03-27T12:18:33.190+0000] {dag.py:4180} INFO - Setting next_dagrun for example_xcom_args_with_operators to None, run_after=None
[2025-03-27T12:18:33.224+0000] {processor.py:208} INFO - Processing /home/airflow/.local/lib/python3.12/site-packages/airflow/example_dags/example_xcomargs.py took 0.143 seconds
[2025-03-27T12:19:03.665+0000] {processor.py:186} INFO - Started process (PID=54818) to work on /home/airflow/.local/lib/python3.12/site-packages/airflow/example_dags/example_xcomargs.py
[2025-03-27T12:19:03.667+0000] {processor.py:914} INFO - Processing file /home/airflow/.local/lib/python3.12/site-packages/airflow/example_dags/example_xcomargs.py for tasks to queue
[2025-03-27T12:19:03.670+0000] {logging_mixin.py:190} INFO - [2025-03-27T12:19:03.670+0000] {dagbag.py:588} INFO - Filling up the DagBag from /home/airflow/.local/lib/python3.12/site-packages/airflow/example_dags/example_xcomargs.py
[2025-03-27T12:19:03.689+0000] {processor.py:925} INFO - DAG(s) 'example_xcom_args', 'example_xcom_args_with_operators' retrieved from /home/airflow/.local/lib/python3.12/site-packages/airflow/example_dags/example_xcomargs.py
[2025-03-27T12:19:03.733+0000] {logging_mixin.py:190} INFO - [2025-03-27T12:19:03.733+0000] {dag.py:3239} INFO - Sync 2 DAGs
[2025-03-27T12:19:03.765+0000] {logging_mixin.py:190} INFO - [2025-03-27T12:19:03.764+0000] {dag.py:4180} INFO - Setting next_dagrun for example_xcom_args to None, run_after=None
[2025-03-27T12:19:03.772+0000] {logging_mixin.py:190} INFO - [2025-03-27T12:19:03.771+0000] {dag.py:4180} INFO - Setting next_dagrun for example_xcom_args_with_operators to None, run_after=None
[2025-03-27T12:19:03.824+0000] {processor.py:208} INFO - Processing /home/airflow/.local/lib/python3.12/site-packages/airflow/example_dags/example_xcomargs.py took 0.169 seconds
[2025-03-27T12:19:34.458+0000] {processor.py:186} INFO - Started process (PID=54883) to work on /home/airflow/.local/lib/python3.12/site-packages/airflow/example_dags/example_xcomargs.py
[2025-03-27T12:19:34.460+0000] {processor.py:914} INFO - Processing file /home/airflow/.local/lib/python3.12/site-packages/airflow/example_dags/example_xcomargs.py for tasks to queue
[2025-03-27T12:19:34.462+0000] {logging_mixin.py:190} INFO - [2025-03-27T12:19:34.462+0000] {dagbag.py:588} INFO - Filling up the DagBag from /home/airflow/.local/lib/python3.12/site-packages/airflow/example_dags/example_xcomargs.py
[2025-03-27T12:19:34.481+0000] {processor.py:925} INFO - DAG(s) 'example_xcom_args', 'example_xcom_args_with_operators' retrieved from /home/airflow/.local/lib/python3.12/site-packages/airflow/example_dags/example_xcomargs.py
[2025-03-27T12:19:34.525+0000] {logging_mixin.py:190} INFO - [2025-03-27T12:19:34.524+0000] {dag.py:3239} INFO - Sync 2 DAGs
[2025-03-27T12:19:34.552+0000] {logging_mixin.py:190} INFO - [2025-03-27T12:19:34.551+0000] {dag.py:4180} INFO - Setting next_dagrun for example_xcom_args to None, run_after=None
[2025-03-27T12:19:34.559+0000] {logging_mixin.py:190} INFO - [2025-03-27T12:19:34.559+0000] {dag.py:4180} INFO - Setting next_dagrun for example_xcom_args_with_operators to None, run_after=None
[2025-03-27T12:19:34.606+0000] {processor.py:208} INFO - Processing /home/airflow/.local/lib/python3.12/site-packages/airflow/example_dags/example_xcomargs.py took 0.157 seconds
[2025-03-27T12:20:05.448+0000] {processor.py:186} INFO - Started process (PID=54946) to work on /home/airflow/.local/lib/python3.12/site-packages/airflow/example_dags/example_xcomargs.py
[2025-03-27T12:20:05.450+0000] {processor.py:914} INFO - Processing file /home/airflow/.local/lib/python3.12/site-packages/airflow/example_dags/example_xcomargs.py for tasks to queue
[2025-03-27T12:20:05.453+0000] {logging_mixin.py:190} INFO - [2025-03-27T12:20:05.453+0000] {dagbag.py:588} INFO - Filling up the DagBag from /home/airflow/.local/lib/python3.12/site-packages/airflow/example_dags/example_xcomargs.py
[2025-03-27T12:20:05.471+0000] {processor.py:925} INFO - DAG(s) 'example_xcom_args', 'example_xcom_args_with_operators' retrieved from /home/airflow/.local/lib/python3.12/site-packages/airflow/example_dags/example_xcomargs.py
[2025-03-27T12:20:05.514+0000] {logging_mixin.py:190} INFO - [2025-03-27T12:20:05.513+0000] {dag.py:3239} INFO - Sync 2 DAGs
[2025-03-27T12:20:05.543+0000] {logging_mixin.py:190} INFO - [2025-03-27T12:20:05.543+0000] {dag.py:4180} INFO - Setting next_dagrun for example_xcom_args to None, run_after=None
[2025-03-27T12:20:05.551+0000] {logging_mixin.py:190} INFO - [2025-03-27T12:20:05.551+0000] {dag.py:4180} INFO - Setting next_dagrun for example_xcom_args_with_operators to None, run_after=None
[2025-03-27T12:20:05.596+0000] {processor.py:208} INFO - Processing /home/airflow/.local/lib/python3.12/site-packages/airflow/example_dags/example_xcomargs.py took 0.157 seconds
[2025-03-27T12:20:35.848+0000] {processor.py:186} INFO - Started process (PID=55011) to work on /home/airflow/.local/lib/python3.12/site-packages/airflow/example_dags/example_xcomargs.py
[2025-03-27T12:20:35.851+0000] {processor.py:914} INFO - Processing file /home/airflow/.local/lib/python3.12/site-packages/airflow/example_dags/example_xcomargs.py for tasks to queue
[2025-03-27T12:20:35.854+0000] {logging_mixin.py:190} INFO - [2025-03-27T12:20:35.853+0000] {dagbag.py:588} INFO - Filling up the DagBag from /home/airflow/.local/lib/python3.12/site-packages/airflow/example_dags/example_xcomargs.py
[2025-03-27T12:20:35.872+0000] {processor.py:925} INFO - DAG(s) 'example_xcom_args_with_operators', 'example_xcom_args' retrieved from /home/airflow/.local/lib/python3.12/site-packages/airflow/example_dags/example_xcomargs.py
[2025-03-27T12:20:35.912+0000] {logging_mixin.py:190} INFO - [2025-03-27T12:20:35.912+0000] {dag.py:3239} INFO - Sync 2 DAGs
[2025-03-27T12:20:35.939+0000] {logging_mixin.py:190} INFO - [2025-03-27T12:20:35.938+0000] {dag.py:4180} INFO - Setting next_dagrun for example_xcom_args to None, run_after=None
[2025-03-27T12:20:35.946+0000] {logging_mixin.py:190} INFO - [2025-03-27T12:20:35.945+0000] {dag.py:4180} INFO - Setting next_dagrun for example_xcom_args_with_operators to None, run_after=None
[2025-03-27T12:20:35.992+0000] {processor.py:208} INFO - Processing /home/airflow/.local/lib/python3.12/site-packages/airflow/example_dags/example_xcomargs.py took 0.153 seconds
[2025-03-27T12:21:06.465+0000] {processor.py:186} INFO - Started process (PID=55076) to work on /home/airflow/.local/lib/python3.12/site-packages/airflow/example_dags/example_xcomargs.py
[2025-03-27T12:21:06.467+0000] {processor.py:914} INFO - Processing file /home/airflow/.local/lib/python3.12/site-packages/airflow/example_dags/example_xcomargs.py for tasks to queue
[2025-03-27T12:21:06.470+0000] {logging_mixin.py:190} INFO - [2025-03-27T12:21:06.469+0000] {dagbag.py:588} INFO - Filling up the DagBag from /home/airflow/.local/lib/python3.12/site-packages/airflow/example_dags/example_xcomargs.py
[2025-03-27T12:21:06.488+0000] {processor.py:925} INFO - DAG(s) 'example_xcom_args_with_operators', 'example_xcom_args' retrieved from /home/airflow/.local/lib/python3.12/site-packages/airflow/example_dags/example_xcomargs.py
[2025-03-27T12:21:06.528+0000] {logging_mixin.py:190} INFO - [2025-03-27T12:21:06.528+0000] {dag.py:3239} INFO - Sync 2 DAGs
[2025-03-27T12:21:06.555+0000] {logging_mixin.py:190} INFO - [2025-03-27T12:21:06.555+0000] {dag.py:4180} INFO - Setting next_dagrun for example_xcom_args to None, run_after=None
[2025-03-27T12:21:06.562+0000] {logging_mixin.py:190} INFO - [2025-03-27T12:21:06.561+0000] {dag.py:4180} INFO - Setting next_dagrun for example_xcom_args_with_operators to None, run_after=None
[2025-03-27T12:21:06.605+0000] {processor.py:208} INFO - Processing /home/airflow/.local/lib/python3.12/site-packages/airflow/example_dags/example_xcomargs.py took 0.148 seconds
[2025-03-27T12:21:37.038+0000] {processor.py:186} INFO - Started process (PID=55141) to work on /home/airflow/.local/lib/python3.12/site-packages/airflow/example_dags/example_xcomargs.py
[2025-03-27T12:21:37.040+0000] {processor.py:914} INFO - Processing file /home/airflow/.local/lib/python3.12/site-packages/airflow/example_dags/example_xcomargs.py for tasks to queue
[2025-03-27T12:21:37.042+0000] {logging_mixin.py:190} INFO - [2025-03-27T12:21:37.042+0000] {dagbag.py:588} INFO - Filling up the DagBag from /home/airflow/.local/lib/python3.12/site-packages/airflow/example_dags/example_xcomargs.py
[2025-03-27T12:21:37.060+0000] {processor.py:925} INFO - DAG(s) 'example_xcom_args', 'example_xcom_args_with_operators' retrieved from /home/airflow/.local/lib/python3.12/site-packages/airflow/example_dags/example_xcomargs.py
[2025-03-27T12:21:37.101+0000] {logging_mixin.py:190} INFO - [2025-03-27T12:21:37.101+0000] {dag.py:3239} INFO - Sync 2 DAGs
[2025-03-27T12:21:37.127+0000] {logging_mixin.py:190} INFO - [2025-03-27T12:21:37.127+0000] {dag.py:4180} INFO - Setting next_dagrun for example_xcom_args to None, run_after=None
[2025-03-27T12:21:37.134+0000] {logging_mixin.py:190} INFO - [2025-03-27T12:21:37.133+0000] {dag.py:4180} INFO - Setting next_dagrun for example_xcom_args_with_operators to None, run_after=None
[2025-03-27T12:21:37.177+0000] {processor.py:208} INFO - Processing /home/airflow/.local/lib/python3.12/site-packages/airflow/example_dags/example_xcomargs.py took 0.150 seconds
[2025-03-27T12:22:07.839+0000] {processor.py:186} INFO - Started process (PID=55206) to work on /home/airflow/.local/lib/python3.12/site-packages/airflow/example_dags/example_xcomargs.py
[2025-03-27T12:22:07.842+0000] {processor.py:914} INFO - Processing file /home/airflow/.local/lib/python3.12/site-packages/airflow/example_dags/example_xcomargs.py for tasks to queue
[2025-03-27T12:22:07.845+0000] {logging_mixin.py:190} INFO - [2025-03-27T12:22:07.844+0000] {dagbag.py:588} INFO - Filling up the DagBag from /home/airflow/.local/lib/python3.12/site-packages/airflow/example_dags/example_xcomargs.py
[2025-03-27T12:22:07.876+0000] {processor.py:925} INFO - DAG(s) 'example_xcom_args', 'example_xcom_args_with_operators' retrieved from /home/airflow/.local/lib/python3.12/site-packages/airflow/example_dags/example_xcomargs.py
[2025-03-27T12:22:07.932+0000] {logging_mixin.py:190} INFO - [2025-03-27T12:22:07.931+0000] {dag.py:3239} INFO - Sync 2 DAGs
[2025-03-27T12:22:07.974+0000] {logging_mixin.py:190} INFO - [2025-03-27T12:22:07.973+0000] {dag.py:4180} INFO - Setting next_dagrun for example_xcom_args to None, run_after=None
[2025-03-27T12:22:07.985+0000] {logging_mixin.py:190} INFO - [2025-03-27T12:22:07.984+0000] {dag.py:4180} INFO - Setting next_dagrun for example_xcom_args_with_operators to None, run_after=None
[2025-03-27T12:22:08.069+0000] {processor.py:208} INFO - Processing /home/airflow/.local/lib/python3.12/site-packages/airflow/example_dags/example_xcomargs.py took 0.240 seconds
[2025-03-27T12:22:39.097+0000] {processor.py:186} INFO - Started process (PID=55271) to work on /home/airflow/.local/lib/python3.12/site-packages/airflow/example_dags/example_xcomargs.py
[2025-03-27T12:22:39.099+0000] {processor.py:914} INFO - Processing file /home/airflow/.local/lib/python3.12/site-packages/airflow/example_dags/example_xcomargs.py for tasks to queue
[2025-03-27T12:22:39.101+0000] {logging_mixin.py:190} INFO - [2025-03-27T12:22:39.101+0000] {dagbag.py:588} INFO - Filling up the DagBag from /home/airflow/.local/lib/python3.12/site-packages/airflow/example_dags/example_xcomargs.py
[2025-03-27T12:22:39.119+0000] {processor.py:925} INFO - DAG(s) 'example_xcom_args', 'example_xcom_args_with_operators' retrieved from /home/airflow/.local/lib/python3.12/site-packages/airflow/example_dags/example_xcomargs.py
[2025-03-27T12:22:39.192+0000] {logging_mixin.py:190} INFO - [2025-03-27T12:22:39.192+0000] {dag.py:3239} INFO - Sync 2 DAGs
[2025-03-27T12:22:39.235+0000] {logging_mixin.py:190} INFO - [2025-03-27T12:22:39.235+0000] {dag.py:4180} INFO - Setting next_dagrun for example_xcom_args to None, run_after=None
[2025-03-27T12:22:39.245+0000] {logging_mixin.py:190} INFO - [2025-03-27T12:22:39.245+0000] {dag.py:4180} INFO - Setting next_dagrun for example_xcom_args_with_operators to None, run_after=None
[2025-03-27T12:22:39.281+0000] {processor.py:208} INFO - Processing /home/airflow/.local/lib/python3.12/site-packages/airflow/example_dags/example_xcomargs.py took 0.194 seconds
[2025-03-27T12:23:09.726+0000] {processor.py:186} INFO - Started process (PID=55335) to work on /home/airflow/.local/lib/python3.12/site-packages/airflow/example_dags/example_xcomargs.py
[2025-03-27T12:23:09.729+0000] {processor.py:914} INFO - Processing file /home/airflow/.local/lib/python3.12/site-packages/airflow/example_dags/example_xcomargs.py for tasks to queue
[2025-03-27T12:23:09.731+0000] {logging_mixin.py:190} INFO - [2025-03-27T12:23:09.731+0000] {dagbag.py:588} INFO - Filling up the DagBag from /home/airflow/.local/lib/python3.12/site-packages/airflow/example_dags/example_xcomargs.py
[2025-03-27T12:23:09.753+0000] {processor.py:925} INFO - DAG(s) 'example_xcom_args', 'example_xcom_args_with_operators' retrieved from /home/airflow/.local/lib/python3.12/site-packages/airflow/example_dags/example_xcomargs.py
[2025-03-27T12:23:09.798+0000] {logging_mixin.py:190} INFO - [2025-03-27T12:23:09.798+0000] {dag.py:3239} INFO - Sync 2 DAGs
[2025-03-27T12:23:09.827+0000] {logging_mixin.py:190} INFO - [2025-03-27T12:23:09.827+0000] {dag.py:4180} INFO - Setting next_dagrun for example_xcom_args to None, run_after=None
[2025-03-27T12:23:09.834+0000] {logging_mixin.py:190} INFO - [2025-03-27T12:23:09.834+0000] {dag.py:4180} INFO - Setting next_dagrun for example_xcom_args_with_operators to None, run_after=None
[2025-03-27T12:23:09.882+0000] {processor.py:208} INFO - Processing /home/airflow/.local/lib/python3.12/site-packages/airflow/example_dags/example_xcomargs.py took 0.168 seconds
[2025-03-27T12:23:40.152+0000] {processor.py:186} INFO - Started process (PID=55400) to work on /home/airflow/.local/lib/python3.12/site-packages/airflow/example_dags/example_xcomargs.py
[2025-03-27T12:23:40.154+0000] {processor.py:914} INFO - Processing file /home/airflow/.local/lib/python3.12/site-packages/airflow/example_dags/example_xcomargs.py for tasks to queue
[2025-03-27T12:23:40.157+0000] {logging_mixin.py:190} INFO - [2025-03-27T12:23:40.157+0000] {dagbag.py:588} INFO - Filling up the DagBag from /home/airflow/.local/lib/python3.12/site-packages/airflow/example_dags/example_xcomargs.py
[2025-03-27T12:23:40.179+0000] {processor.py:925} INFO - DAG(s) 'example_xcom_args', 'example_xcom_args_with_operators' retrieved from /home/airflow/.local/lib/python3.12/site-packages/airflow/example_dags/example_xcomargs.py
[2025-03-27T12:23:40.222+0000] {logging_mixin.py:190} INFO - [2025-03-27T12:23:40.221+0000] {dag.py:3239} INFO - Sync 2 DAGs
[2025-03-27T12:23:40.250+0000] {logging_mixin.py:190} INFO - [2025-03-27T12:23:40.250+0000] {dag.py:4180} INFO - Setting next_dagrun for example_xcom_args to None, run_after=None
[2025-03-27T12:23:40.257+0000] {logging_mixin.py:190} INFO - [2025-03-27T12:23:40.257+0000] {dag.py:4180} INFO - Setting next_dagrun for example_xcom_args_with_operators to None, run_after=None
[2025-03-27T12:23:40.300+0000] {processor.py:208} INFO - Processing /home/airflow/.local/lib/python3.12/site-packages/airflow/example_dags/example_xcomargs.py took 0.156 seconds
[2025-03-27T12:24:10.418+0000] {processor.py:186} INFO - Started process (PID=55465) to work on /home/airflow/.local/lib/python3.12/site-packages/airflow/example_dags/example_xcomargs.py
[2025-03-27T12:24:10.420+0000] {processor.py:914} INFO - Processing file /home/airflow/.local/lib/python3.12/site-packages/airflow/example_dags/example_xcomargs.py for tasks to queue
[2025-03-27T12:24:10.424+0000] {logging_mixin.py:190} INFO - [2025-03-27T12:24:10.423+0000] {dagbag.py:588} INFO - Filling up the DagBag from /home/airflow/.local/lib/python3.12/site-packages/airflow/example_dags/example_xcomargs.py
[2025-03-27T12:24:10.450+0000] {processor.py:925} INFO - DAG(s) 'example_xcom_args', 'example_xcom_args_with_operators' retrieved from /home/airflow/.local/lib/python3.12/site-packages/airflow/example_dags/example_xcomargs.py
[2025-03-27T12:24:10.506+0000] {logging_mixin.py:190} INFO - [2025-03-27T12:24:10.505+0000] {dag.py:3239} INFO - Sync 2 DAGs
[2025-03-27T12:24:10.537+0000] {logging_mixin.py:190} INFO - [2025-03-27T12:24:10.536+0000] {dag.py:4180} INFO - Setting next_dagrun for example_xcom_args to None, run_after=None
[2025-03-27T12:24:10.546+0000] {logging_mixin.py:190} INFO - [2025-03-27T12:24:10.545+0000] {dag.py:4180} INFO - Setting next_dagrun for example_xcom_args_with_operators to None, run_after=None
[2025-03-27T12:24:10.588+0000] {processor.py:208} INFO - Processing /home/airflow/.local/lib/python3.12/site-packages/airflow/example_dags/example_xcomargs.py took 0.183 seconds
[2025-03-27T12:24:41.625+0000] {processor.py:186} INFO - Started process (PID=55530) to work on /home/airflow/.local/lib/python3.12/site-packages/airflow/example_dags/example_xcomargs.py
[2025-03-27T12:24:41.627+0000] {processor.py:914} INFO - Processing file /home/airflow/.local/lib/python3.12/site-packages/airflow/example_dags/example_xcomargs.py for tasks to queue
[2025-03-27T12:24:41.630+0000] {logging_mixin.py:190} INFO - [2025-03-27T12:24:41.629+0000] {dagbag.py:588} INFO - Filling up the DagBag from /home/airflow/.local/lib/python3.12/site-packages/airflow/example_dags/example_xcomargs.py
[2025-03-27T12:24:41.651+0000] {processor.py:925} INFO - DAG(s) 'example_xcom_args_with_operators', 'example_xcom_args' retrieved from /home/airflow/.local/lib/python3.12/site-packages/airflow/example_dags/example_xcomargs.py
[2025-03-27T12:24:41.697+0000] {logging_mixin.py:190} INFO - [2025-03-27T12:24:41.697+0000] {dag.py:3239} INFO - Sync 2 DAGs
[2025-03-27T12:24:41.727+0000] {logging_mixin.py:190} INFO - [2025-03-27T12:24:41.727+0000] {dag.py:4180} INFO - Setting next_dagrun for example_xcom_args to None, run_after=None
[2025-03-27T12:24:41.736+0000] {logging_mixin.py:190} INFO - [2025-03-27T12:24:41.735+0000] {dag.py:4180} INFO - Setting next_dagrun for example_xcom_args_with_operators to None, run_after=None
[2025-03-27T12:24:41.766+0000] {processor.py:208} INFO - Processing /home/airflow/.local/lib/python3.12/site-packages/airflow/example_dags/example_xcomargs.py took 0.152 seconds
[2025-03-27T12:25:12.491+0000] {processor.py:186} INFO - Started process (PID=55595) to work on /home/airflow/.local/lib/python3.12/site-packages/airflow/example_dags/example_xcomargs.py
[2025-03-27T12:25:12.495+0000] {processor.py:914} INFO - Processing file /home/airflow/.local/lib/python3.12/site-packages/airflow/example_dags/example_xcomargs.py for tasks to queue
[2025-03-27T12:25:12.500+0000] {logging_mixin.py:190} INFO - [2025-03-27T12:25:12.499+0000] {dagbag.py:588} INFO - Filling up the DagBag from /home/airflow/.local/lib/python3.12/site-packages/airflow/example_dags/example_xcomargs.py
[2025-03-27T12:25:12.543+0000] {processor.py:925} INFO - DAG(s) 'example_xcom_args', 'example_xcom_args_with_operators' retrieved from /home/airflow/.local/lib/python3.12/site-packages/airflow/example_dags/example_xcomargs.py
[2025-03-27T12:25:12.626+0000] {logging_mixin.py:190} INFO - [2025-03-27T12:25:12.625+0000] {dag.py:3239} INFO - Sync 2 DAGs
[2025-03-27T12:25:12.684+0000] {logging_mixin.py:190} INFO - [2025-03-27T12:25:12.683+0000] {dag.py:4180} INFO - Setting next_dagrun for example_xcom_args to None, run_after=None
[2025-03-27T12:25:12.696+0000] {logging_mixin.py:190} INFO - [2025-03-27T12:25:12.695+0000] {dag.py:4180} INFO - Setting next_dagrun for example_xcom_args_with_operators to None, run_after=None
[2025-03-27T12:25:12.743+0000] {processor.py:208} INFO - Processing /home/airflow/.local/lib/python3.12/site-packages/airflow/example_dags/example_xcomargs.py took 0.271 seconds
[2025-03-27T12:25:43.133+0000] {processor.py:186} INFO - Started process (PID=55660) to work on /home/airflow/.local/lib/python3.12/site-packages/airflow/example_dags/example_xcomargs.py
[2025-03-27T12:25:43.136+0000] {processor.py:914} INFO - Processing file /home/airflow/.local/lib/python3.12/site-packages/airflow/example_dags/example_xcomargs.py for tasks to queue
[2025-03-27T12:25:43.138+0000] {logging_mixin.py:190} INFO - [2025-03-27T12:25:43.137+0000] {dagbag.py:588} INFO - Filling up the DagBag from /home/airflow/.local/lib/python3.12/site-packages/airflow/example_dags/example_xcomargs.py
[2025-03-27T12:25:43.159+0000] {processor.py:925} INFO - DAG(s) 'example_xcom_args_with_operators', 'example_xcom_args' retrieved from /home/airflow/.local/lib/python3.12/site-packages/airflow/example_dags/example_xcomargs.py
[2025-03-27T12:25:43.205+0000] {logging_mixin.py:190} INFO - [2025-03-27T12:25:43.204+0000] {dag.py:3239} INFO - Sync 2 DAGs
[2025-03-27T12:25:43.238+0000] {logging_mixin.py:190} INFO - [2025-03-27T12:25:43.238+0000] {dag.py:4180} INFO - Setting next_dagrun for example_xcom_args to None, run_after=None
[2025-03-27T12:25:43.247+0000] {logging_mixin.py:190} INFO - [2025-03-27T12:25:43.247+0000] {dag.py:4180} INFO - Setting next_dagrun for example_xcom_args_with_operators to None, run_after=None
[2025-03-27T12:25:43.288+0000] {processor.py:208} INFO - Processing /home/airflow/.local/lib/python3.12/site-packages/airflow/example_dags/example_xcomargs.py took 0.166 seconds
[2025-03-27T12:26:13.504+0000] {processor.py:186} INFO - Started process (PID=55724) to work on /home/airflow/.local/lib/python3.12/site-packages/airflow/example_dags/example_xcomargs.py
[2025-03-27T12:26:13.506+0000] {processor.py:914} INFO - Processing file /home/airflow/.local/lib/python3.12/site-packages/airflow/example_dags/example_xcomargs.py for tasks to queue
[2025-03-27T12:26:13.509+0000] {logging_mixin.py:190} INFO - [2025-03-27T12:26:13.508+0000] {dagbag.py:588} INFO - Filling up the DagBag from /home/airflow/.local/lib/python3.12/site-packages/airflow/example_dags/example_xcomargs.py
[2025-03-27T12:26:13.540+0000] {processor.py:925} INFO - DAG(s) 'example_xcom_args_with_operators', 'example_xcom_args' retrieved from /home/airflow/.local/lib/python3.12/site-packages/airflow/example_dags/example_xcomargs.py
[2025-03-27T12:26:13.600+0000] {logging_mixin.py:190} INFO - [2025-03-27T12:26:13.600+0000] {dag.py:3239} INFO - Sync 2 DAGs
[2025-03-27T12:26:13.654+0000] {logging_mixin.py:190} INFO - [2025-03-27T12:26:13.653+0000] {dag.py:4180} INFO - Setting next_dagrun for example_xcom_args to None, run_after=None
[2025-03-27T12:26:13.663+0000] {logging_mixin.py:190} INFO - [2025-03-27T12:26:13.662+0000] {dag.py:4180} INFO - Setting next_dagrun for example_xcom_args_with_operators to None, run_after=None
[2025-03-27T12:26:13.700+0000] {processor.py:208} INFO - Processing /home/airflow/.local/lib/python3.12/site-packages/airflow/example_dags/example_xcomargs.py took 0.210 seconds
[2025-03-27T12:26:44.079+0000] {processor.py:186} INFO - Started process (PID=55789) to work on /home/airflow/.local/lib/python3.12/site-packages/airflow/example_dags/example_xcomargs.py
[2025-03-27T12:26:44.081+0000] {processor.py:914} INFO - Processing file /home/airflow/.local/lib/python3.12/site-packages/airflow/example_dags/example_xcomargs.py for tasks to queue
[2025-03-27T12:26:44.084+0000] {logging_mixin.py:190} INFO - [2025-03-27T12:26:44.083+0000] {dagbag.py:588} INFO - Filling up the DagBag from /home/airflow/.local/lib/python3.12/site-packages/airflow/example_dags/example_xcomargs.py
[2025-03-27T12:26:44.104+0000] {processor.py:925} INFO - DAG(s) 'example_xcom_args', 'example_xcom_args_with_operators' retrieved from /home/airflow/.local/lib/python3.12/site-packages/airflow/example_dags/example_xcomargs.py
[2025-03-27T12:26:44.159+0000] {logging_mixin.py:190} INFO - [2025-03-27T12:26:44.158+0000] {dag.py:3239} INFO - Sync 2 DAGs
[2025-03-27T12:26:44.196+0000] {logging_mixin.py:190} INFO - [2025-03-27T12:26:44.195+0000] {dag.py:4180} INFO - Setting next_dagrun for example_xcom_args to None, run_after=None
[2025-03-27T12:26:44.205+0000] {logging_mixin.py:190} INFO - [2025-03-27T12:26:44.204+0000] {dag.py:4180} INFO - Setting next_dagrun for example_xcom_args_with_operators to None, run_after=None
[2025-03-27T12:26:44.244+0000] {processor.py:208} INFO - Processing /home/airflow/.local/lib/python3.12/site-packages/airflow/example_dags/example_xcomargs.py took 0.177 seconds
[2025-03-27T12:27:14.629+0000] {processor.py:186} INFO - Started process (PID=55854) to work on /home/airflow/.local/lib/python3.12/site-packages/airflow/example_dags/example_xcomargs.py
[2025-03-27T12:27:14.636+0000] {processor.py:914} INFO - Processing file /home/airflow/.local/lib/python3.12/site-packages/airflow/example_dags/example_xcomargs.py for tasks to queue
[2025-03-27T12:27:14.639+0000] {logging_mixin.py:190} INFO - [2025-03-27T12:27:14.638+0000] {dagbag.py:588} INFO - Filling up the DagBag from /home/airflow/.local/lib/python3.12/site-packages/airflow/example_dags/example_xcomargs.py
[2025-03-27T12:27:14.663+0000] {processor.py:925} INFO - DAG(s) 'example_xcom_args_with_operators', 'example_xcom_args' retrieved from /home/airflow/.local/lib/python3.12/site-packages/airflow/example_dags/example_xcomargs.py
[2025-03-27T12:27:14.707+0000] {logging_mixin.py:190} INFO - [2025-03-27T12:27:14.707+0000] {dag.py:3239} INFO - Sync 2 DAGs
[2025-03-27T12:27:14.735+0000] {logging_mixin.py:190} INFO - [2025-03-27T12:27:14.734+0000] {dag.py:4180} INFO - Setting next_dagrun for example_xcom_args to None, run_after=None
[2025-03-27T12:27:14.742+0000] {logging_mixin.py:190} INFO - [2025-03-27T12:27:14.741+0000] {dag.py:4180} INFO - Setting next_dagrun for example_xcom_args_with_operators to None, run_after=None
[2025-03-27T12:27:14.788+0000] {processor.py:208} INFO - Processing /home/airflow/.local/lib/python3.12/site-packages/airflow/example_dags/example_xcomargs.py took 0.169 seconds
[2025-03-27T12:27:44.919+0000] {processor.py:186} INFO - Started process (PID=55919) to work on /home/airflow/.local/lib/python3.12/site-packages/airflow/example_dags/example_xcomargs.py
[2025-03-27T12:27:44.921+0000] {processor.py:914} INFO - Processing file /home/airflow/.local/lib/python3.12/site-packages/airflow/example_dags/example_xcomargs.py for tasks to queue
[2025-03-27T12:27:44.923+0000] {logging_mixin.py:190} INFO - [2025-03-27T12:27:44.923+0000] {dagbag.py:588} INFO - Filling up the DagBag from /home/airflow/.local/lib/python3.12/site-packages/airflow/example_dags/example_xcomargs.py
[2025-03-27T12:27:44.940+0000] {processor.py:925} INFO - DAG(s) 'example_xcom_args_with_operators', 'example_xcom_args' retrieved from /home/airflow/.local/lib/python3.12/site-packages/airflow/example_dags/example_xcomargs.py
[2025-03-27T12:27:44.982+0000] {logging_mixin.py:190} INFO - [2025-03-27T12:27:44.981+0000] {dag.py:3239} INFO - Sync 2 DAGs
[2025-03-27T12:27:45.013+0000] {logging_mixin.py:190} INFO - [2025-03-27T12:27:45.012+0000] {dag.py:4180} INFO - Setting next_dagrun for example_xcom_args to None, run_after=None
[2025-03-27T12:27:45.020+0000] {logging_mixin.py:190} INFO - [2025-03-27T12:27:45.020+0000] {dag.py:4180} INFO - Setting next_dagrun for example_xcom_args_with_operators to None, run_after=None
[2025-03-27T12:27:45.069+0000] {processor.py:208} INFO - Processing /home/airflow/.local/lib/python3.12/site-packages/airflow/example_dags/example_xcomargs.py took 0.158 seconds
[2025-03-27T12:28:15.818+0000] {processor.py:186} INFO - Started process (PID=55983) to work on /home/airflow/.local/lib/python3.12/site-packages/airflow/example_dags/example_xcomargs.py
[2025-03-27T12:28:15.820+0000] {processor.py:914} INFO - Processing file /home/airflow/.local/lib/python3.12/site-packages/airflow/example_dags/example_xcomargs.py for tasks to queue
[2025-03-27T12:28:15.823+0000] {logging_mixin.py:190} INFO - [2025-03-27T12:28:15.822+0000] {dagbag.py:588} INFO - Filling up the DagBag from /home/airflow/.local/lib/python3.12/site-packages/airflow/example_dags/example_xcomargs.py
[2025-03-27T12:28:15.842+0000] {processor.py:925} INFO - DAG(s) 'example_xcom_args_with_operators', 'example_xcom_args' retrieved from /home/airflow/.local/lib/python3.12/site-packages/airflow/example_dags/example_xcomargs.py
[2025-03-27T12:28:15.887+0000] {logging_mixin.py:190} INFO - [2025-03-27T12:28:15.887+0000] {dag.py:3239} INFO - Sync 2 DAGs
[2025-03-27T12:28:15.921+0000] {logging_mixin.py:190} INFO - [2025-03-27T12:28:15.921+0000] {dag.py:4180} INFO - Setting next_dagrun for example_xcom_args to None, run_after=None
[2025-03-27T12:28:15.930+0000] {logging_mixin.py:190} INFO - [2025-03-27T12:28:15.929+0000] {dag.py:4180} INFO - Setting next_dagrun for example_xcom_args_with_operators to None, run_after=None
[2025-03-27T12:28:15.970+0000] {processor.py:208} INFO - Processing /home/airflow/.local/lib/python3.12/site-packages/airflow/example_dags/example_xcomargs.py took 0.163 seconds
[2025-03-27T12:28:46.612+0000] {processor.py:186} INFO - Started process (PID=56048) to work on /home/airflow/.local/lib/python3.12/site-packages/airflow/example_dags/example_xcomargs.py
[2025-03-27T12:28:46.614+0000] {processor.py:914} INFO - Processing file /home/airflow/.local/lib/python3.12/site-packages/airflow/example_dags/example_xcomargs.py for tasks to queue
[2025-03-27T12:28:46.617+0000] {logging_mixin.py:190} INFO - [2025-03-27T12:28:46.616+0000] {dagbag.py:588} INFO - Filling up the DagBag from /home/airflow/.local/lib/python3.12/site-packages/airflow/example_dags/example_xcomargs.py
[2025-03-27T12:28:46.634+0000] {processor.py:925} INFO - DAG(s) 'example_xcom_args', 'example_xcom_args_with_operators' retrieved from /home/airflow/.local/lib/python3.12/site-packages/airflow/example_dags/example_xcomargs.py
[2025-03-27T12:28:46.677+0000] {logging_mixin.py:190} INFO - [2025-03-27T12:28:46.676+0000] {dag.py:3239} INFO - Sync 2 DAGs
[2025-03-27T12:28:46.706+0000] {logging_mixin.py:190} INFO - [2025-03-27T12:28:46.706+0000] {dag.py:4180} INFO - Setting next_dagrun for example_xcom_args to None, run_after=None
[2025-03-27T12:28:46.714+0000] {logging_mixin.py:190} INFO - [2025-03-27T12:28:46.713+0000] {dag.py:4180} INFO - Setting next_dagrun for example_xcom_args_with_operators to None, run_after=None
[2025-03-27T12:28:46.758+0000] {processor.py:208} INFO - Processing /home/airflow/.local/lib/python3.12/site-packages/airflow/example_dags/example_xcomargs.py took 0.157 seconds
[2025-03-27T12:29:17.034+0000] {processor.py:186} INFO - Started process (PID=56113) to work on /home/airflow/.local/lib/python3.12/site-packages/airflow/example_dags/example_xcomargs.py
[2025-03-27T12:29:17.036+0000] {processor.py:914} INFO - Processing file /home/airflow/.local/lib/python3.12/site-packages/airflow/example_dags/example_xcomargs.py for tasks to queue
[2025-03-27T12:29:17.038+0000] {logging_mixin.py:190} INFO - [2025-03-27T12:29:17.038+0000] {dagbag.py:588} INFO - Filling up the DagBag from /home/airflow/.local/lib/python3.12/site-packages/airflow/example_dags/example_xcomargs.py
[2025-03-27T12:29:17.059+0000] {processor.py:925} INFO - DAG(s) 'example_xcom_args', 'example_xcom_args_with_operators' retrieved from /home/airflow/.local/lib/python3.12/site-packages/airflow/example_dags/example_xcomargs.py
[2025-03-27T12:29:17.115+0000] {logging_mixin.py:190} INFO - [2025-03-27T12:29:17.115+0000] {dag.py:3239} INFO - Sync 2 DAGs
[2025-03-27T12:29:17.142+0000] {logging_mixin.py:190} INFO - [2025-03-27T12:29:17.142+0000] {dag.py:4180} INFO - Setting next_dagrun for example_xcom_args to None, run_after=None
[2025-03-27T12:29:17.150+0000] {logging_mixin.py:190} INFO - [2025-03-27T12:29:17.150+0000] {dag.py:4180} INFO - Setting next_dagrun for example_xcom_args_with_operators to None, run_after=None
[2025-03-27T12:29:17.194+0000] {processor.py:208} INFO - Processing /home/airflow/.local/lib/python3.12/site-packages/airflow/example_dags/example_xcomargs.py took 0.169 seconds
[2025-03-27T12:29:47.316+0000] {processor.py:186} INFO - Started process (PID=56177) to work on /home/airflow/.local/lib/python3.12/site-packages/airflow/example_dags/example_xcomargs.py
[2025-03-27T12:29:47.317+0000] {processor.py:914} INFO - Processing file /home/airflow/.local/lib/python3.12/site-packages/airflow/example_dags/example_xcomargs.py for tasks to queue
[2025-03-27T12:29:47.320+0000] {logging_mixin.py:190} INFO - [2025-03-27T12:29:47.320+0000] {dagbag.py:588} INFO - Filling up the DagBag from /home/airflow/.local/lib/python3.12/site-packages/airflow/example_dags/example_xcomargs.py
[2025-03-27T12:29:47.336+0000] {processor.py:925} INFO - DAG(s) 'example_xcom_args', 'example_xcom_args_with_operators' retrieved from /home/airflow/.local/lib/python3.12/site-packages/airflow/example_dags/example_xcomargs.py
[2025-03-27T12:29:47.373+0000] {logging_mixin.py:190} INFO - [2025-03-27T12:29:47.373+0000] {dag.py:3239} INFO - Sync 2 DAGs
[2025-03-27T12:29:47.397+0000] {logging_mixin.py:190} INFO - [2025-03-27T12:29:47.397+0000] {dag.py:4180} INFO - Setting next_dagrun for example_xcom_args to None, run_after=None
[2025-03-27T12:29:47.405+0000] {logging_mixin.py:190} INFO - [2025-03-27T12:29:47.405+0000] {dag.py:4180} INFO - Setting next_dagrun for example_xcom_args_with_operators to None, run_after=None
[2025-03-27T12:29:47.434+0000] {processor.py:208} INFO - Processing /home/airflow/.local/lib/python3.12/site-packages/airflow/example_dags/example_xcomargs.py took 0.129 seconds
[2025-03-27T12:30:17.778+0000] {processor.py:186} INFO - Started process (PID=56242) to work on /home/airflow/.local/lib/python3.12/site-packages/airflow/example_dags/example_xcomargs.py
[2025-03-27T12:30:17.780+0000] {processor.py:914} INFO - Processing file /home/airflow/.local/lib/python3.12/site-packages/airflow/example_dags/example_xcomargs.py for tasks to queue
[2025-03-27T12:30:17.783+0000] {logging_mixin.py:190} INFO - [2025-03-27T12:30:17.782+0000] {dagbag.py:588} INFO - Filling up the DagBag from /home/airflow/.local/lib/python3.12/site-packages/airflow/example_dags/example_xcomargs.py
[2025-03-27T12:30:17.801+0000] {processor.py:925} INFO - DAG(s) 'example_xcom_args', 'example_xcom_args_with_operators' retrieved from /home/airflow/.local/lib/python3.12/site-packages/airflow/example_dags/example_xcomargs.py
[2025-03-27T12:30:17.845+0000] {logging_mixin.py:190} INFO - [2025-03-27T12:30:17.845+0000] {dag.py:3239} INFO - Sync 2 DAGs
[2025-03-27T12:30:17.907+0000] {logging_mixin.py:190} INFO - [2025-03-27T12:30:17.906+0000] {dag.py:4180} INFO - Setting next_dagrun for example_xcom_args to None, run_after=None
[2025-03-27T12:30:17.925+0000] {logging_mixin.py:190} INFO - [2025-03-27T12:30:17.924+0000] {dag.py:4180} INFO - Setting next_dagrun for example_xcom_args_with_operators to None, run_after=None
[2025-03-27T12:30:17.994+0000] {processor.py:208} INFO - Processing /home/airflow/.local/lib/python3.12/site-packages/airflow/example_dags/example_xcomargs.py took 0.228 seconds
[2025-03-27T12:30:48.255+0000] {processor.py:186} INFO - Started process (PID=56307) to work on /home/airflow/.local/lib/python3.12/site-packages/airflow/example_dags/example_xcomargs.py
[2025-03-27T12:30:48.257+0000] {processor.py:914} INFO - Processing file /home/airflow/.local/lib/python3.12/site-packages/airflow/example_dags/example_xcomargs.py for tasks to queue
[2025-03-27T12:30:48.260+0000] {logging_mixin.py:190} INFO - [2025-03-27T12:30:48.259+0000] {dagbag.py:588} INFO - Filling up the DagBag from /home/airflow/.local/lib/python3.12/site-packages/airflow/example_dags/example_xcomargs.py
[2025-03-27T12:30:48.279+0000] {processor.py:925} INFO - DAG(s) 'example_xcom_args', 'example_xcom_args_with_operators' retrieved from /home/airflow/.local/lib/python3.12/site-packages/airflow/example_dags/example_xcomargs.py
[2025-03-27T12:30:48.328+0000] {logging_mixin.py:190} INFO - [2025-03-27T12:30:48.328+0000] {dag.py:3239} INFO - Sync 2 DAGs
[2025-03-27T12:30:48.361+0000] {logging_mixin.py:190} INFO - [2025-03-27T12:30:48.361+0000] {dag.py:4180} INFO - Setting next_dagrun for example_xcom_args to None, run_after=None
[2025-03-27T12:30:48.368+0000] {logging_mixin.py:190} INFO - [2025-03-27T12:30:48.368+0000] {dag.py:4180} INFO - Setting next_dagrun for example_xcom_args_with_operators to None, run_after=None
[2025-03-27T12:30:48.402+0000] {processor.py:208} INFO - Processing /home/airflow/.local/lib/python3.12/site-packages/airflow/example_dags/example_xcomargs.py took 0.163 seconds
