[2025-03-27T11:58:08.337+0000] {processor.py:186} INFO - Started process (PID=52214) to work on /home/airflow/.local/lib/python3.12/site-packages/airflow/example_dags/example_latest_only_with_trigger.py
[2025-03-27T11:58:08.349+0000] {processor.py:914} INFO - Processing file /home/airflow/.local/lib/python3.12/site-packages/airflow/example_dags/example_latest_only_with_trigger.py for tasks to queue
[2025-03-27T11:58:08.353+0000] {logging_mixin.py:190} INFO - [2025-03-27T11:58:08.352+0000] {dagbag.py:588} INFO - Filling up the DagBag from /home/airflow/.local/lib/python3.12/site-packages/airflow/example_dags/example_latest_only_with_trigger.py
[2025-03-27T11:58:08.406+0000] {processor.py:925} INFO - DAG(s) 'latest_only_with_trigger' retrieved from /home/airflow/.local/lib/python3.12/site-packages/airflow/example_dags/example_latest_only_with_trigger.py
[2025-03-27T11:58:08.569+0000] {logging_mixin.py:190} INFO - [2025-03-27T11:58:08.559+0000] {dag.py:3239} INFO - Sync 1 DAGs
[2025-03-27T11:58:08.709+0000] {logging_mixin.py:190} INFO - [2025-03-27T11:58:08.708+0000] {dag.py:4180} INFO - Setting next_dagrun for latest_only_with_trigger to 2025-03-27 04:00:00+00:00, run_after=2025-03-27 08:00:00+00:00
[2025-03-27T11:58:08.816+0000] {processor.py:208} INFO - Processing /home/airflow/.local/lib/python3.12/site-packages/airflow/example_dags/example_latest_only_with_trigger.py took 0.499 seconds
[2025-03-27T11:58:51.445+0000] {processor.py:186} INFO - Started process (PID=52279) to work on /home/airflow/.local/lib/python3.12/site-packages/airflow/example_dags/example_latest_only_with_trigger.py
[2025-03-27T11:58:51.447+0000] {processor.py:914} INFO - Processing file /home/airflow/.local/lib/python3.12/site-packages/airflow/example_dags/example_latest_only_with_trigger.py for tasks to queue
[2025-03-27T11:58:51.461+0000] {logging_mixin.py:190} INFO - [2025-03-27T11:58:51.460+0000] {dagbag.py:588} INFO - Filling up the DagBag from /home/airflow/.local/lib/python3.12/site-packages/airflow/example_dags/example_latest_only_with_trigger.py
[2025-03-27T11:58:51.513+0000] {processor.py:925} INFO - DAG(s) 'latest_only_with_trigger' retrieved from /home/airflow/.local/lib/python3.12/site-packages/airflow/example_dags/example_latest_only_with_trigger.py
[2025-03-27T11:58:51.648+0000] {logging_mixin.py:190} INFO - [2025-03-27T11:58:51.647+0000] {dag.py:3239} INFO - Sync 1 DAGs
[2025-03-27T11:58:51.864+0000] {logging_mixin.py:190} INFO - [2025-03-27T11:58:51.863+0000] {dag.py:4180} INFO - Setting next_dagrun for latest_only_with_trigger to 2025-03-27 04:00:00+00:00, run_after=2025-03-27 08:00:00+00:00
[2025-03-27T11:58:52.035+0000] {processor.py:208} INFO - Processing /home/airflow/.local/lib/python3.12/site-packages/airflow/example_dags/example_latest_only_with_trigger.py took 0.613 seconds
[2025-03-27T11:59:24.083+0000] {processor.py:186} INFO - Started process (PID=52349) to work on /home/airflow/.local/lib/python3.12/site-packages/airflow/example_dags/example_latest_only_with_trigger.py
[2025-03-27T11:59:24.088+0000] {processor.py:914} INFO - Processing file /home/airflow/.local/lib/python3.12/site-packages/airflow/example_dags/example_latest_only_with_trigger.py for tasks to queue
[2025-03-27T11:59:24.095+0000] {logging_mixin.py:190} INFO - [2025-03-27T11:59:24.094+0000] {dagbag.py:588} INFO - Filling up the DagBag from /home/airflow/.local/lib/python3.12/site-packages/airflow/example_dags/example_latest_only_with_trigger.py
[2025-03-27T11:59:24.130+0000] {processor.py:925} INFO - DAG(s) 'latest_only_with_trigger' retrieved from /home/airflow/.local/lib/python3.12/site-packages/airflow/example_dags/example_latest_only_with_trigger.py
[2025-03-27T11:59:24.211+0000] {logging_mixin.py:190} INFO - [2025-03-27T11:59:24.210+0000] {dag.py:3239} INFO - Sync 1 DAGs
[2025-03-27T11:59:24.342+0000] {logging_mixin.py:190} INFO - [2025-03-27T11:59:24.341+0000] {dag.py:4180} INFO - Setting next_dagrun for latest_only_with_trigger to 2025-03-27 04:00:00+00:00, run_after=2025-03-27 08:00:00+00:00
[2025-03-27T11:59:24.438+0000] {processor.py:208} INFO - Processing /home/airflow/.local/lib/python3.12/site-packages/airflow/example_dags/example_latest_only_with_trigger.py took 0.373 seconds
[2025-03-27T11:59:59.860+0000] {processor.py:186} INFO - Started process (PID=52414) to work on /home/airflow/.local/lib/python3.12/site-packages/airflow/example_dags/example_latest_only_with_trigger.py
[2025-03-27T11:59:59.863+0000] {processor.py:914} INFO - Processing file /home/airflow/.local/lib/python3.12/site-packages/airflow/example_dags/example_latest_only_with_trigger.py for tasks to queue
[2025-03-27T11:59:59.867+0000] {logging_mixin.py:190} INFO - [2025-03-27T11:59:59.866+0000] {dagbag.py:588} INFO - Filling up the DagBag from /home/airflow/.local/lib/python3.12/site-packages/airflow/example_dags/example_latest_only_with_trigger.py
[2025-03-27T11:59:59.902+0000] {processor.py:925} INFO - DAG(s) 'latest_only_with_trigger' retrieved from /home/airflow/.local/lib/python3.12/site-packages/airflow/example_dags/example_latest_only_with_trigger.py
[2025-03-27T12:00:00.012+0000] {logging_mixin.py:190} INFO - [2025-03-27T12:00:00.012+0000] {dag.py:3239} INFO - Sync 1 DAGs
[2025-03-27T12:00:00.238+0000] {logging_mixin.py:190} INFO - [2025-03-27T12:00:00.237+0000] {dag.py:4180} INFO - Setting next_dagrun for latest_only_with_trigger to 2025-03-27 08:00:00+00:00, run_after=2025-03-27 12:00:00+00:00
[2025-03-27T12:00:00.414+0000] {processor.py:208} INFO - Processing /home/airflow/.local/lib/python3.12/site-packages/airflow/example_dags/example_latest_only_with_trigger.py took 0.578 seconds
[2025-03-27T12:00:31.177+0000] {processor.py:186} INFO - Started process (PID=52479) to work on /home/airflow/.local/lib/python3.12/site-packages/airflow/example_dags/example_latest_only_with_trigger.py
[2025-03-27T12:00:31.182+0000] {processor.py:914} INFO - Processing file /home/airflow/.local/lib/python3.12/site-packages/airflow/example_dags/example_latest_only_with_trigger.py for tasks to queue
[2025-03-27T12:00:31.186+0000] {logging_mixin.py:190} INFO - [2025-03-27T12:00:31.185+0000] {dagbag.py:588} INFO - Filling up the DagBag from /home/airflow/.local/lib/python3.12/site-packages/airflow/example_dags/example_latest_only_with_trigger.py
[2025-03-27T12:00:31.228+0000] {processor.py:925} INFO - DAG(s) 'latest_only_with_trigger' retrieved from /home/airflow/.local/lib/python3.12/site-packages/airflow/example_dags/example_latest_only_with_trigger.py
[2025-03-27T12:00:31.335+0000] {logging_mixin.py:190} INFO - [2025-03-27T12:00:31.335+0000] {dag.py:3239} INFO - Sync 1 DAGs
[2025-03-27T12:00:31.497+0000] {logging_mixin.py:190} INFO - [2025-03-27T12:00:31.486+0000] {dag.py:4180} INFO - Setting next_dagrun for latest_only_with_trigger to 2025-03-27 08:00:00+00:00, run_after=2025-03-27 12:00:00+00:00
[2025-03-27T12:00:31.666+0000] {processor.py:208} INFO - Processing /home/airflow/.local/lib/python3.12/site-packages/airflow/example_dags/example_latest_only_with_trigger.py took 0.515 seconds
[2025-03-27T12:01:02.616+0000] {processor.py:186} INFO - Started process (PID=52543) to work on /home/airflow/.local/lib/python3.12/site-packages/airflow/example_dags/example_latest_only_with_trigger.py
[2025-03-27T12:01:02.619+0000] {processor.py:914} INFO - Processing file /home/airflow/.local/lib/python3.12/site-packages/airflow/example_dags/example_latest_only_with_trigger.py for tasks to queue
[2025-03-27T12:01:02.621+0000] {logging_mixin.py:190} INFO - [2025-03-27T12:01:02.621+0000] {dagbag.py:588} INFO - Filling up the DagBag from /home/airflow/.local/lib/python3.12/site-packages/airflow/example_dags/example_latest_only_with_trigger.py
[2025-03-27T12:01:02.647+0000] {processor.py:925} INFO - DAG(s) 'latest_only_with_trigger' retrieved from /home/airflow/.local/lib/python3.12/site-packages/airflow/example_dags/example_latest_only_with_trigger.py
[2025-03-27T12:01:02.725+0000] {logging_mixin.py:190} INFO - [2025-03-27T12:01:02.725+0000] {dag.py:3239} INFO - Sync 1 DAGs
[2025-03-27T12:01:02.797+0000] {logging_mixin.py:190} INFO - [2025-03-27T12:01:02.797+0000] {dag.py:4180} INFO - Setting next_dagrun for latest_only_with_trigger to 2025-03-27 08:00:00+00:00, run_after=2025-03-27 12:00:00+00:00
[2025-03-27T12:01:02.835+0000] {processor.py:208} INFO - Processing /home/airflow/.local/lib/python3.12/site-packages/airflow/example_dags/example_latest_only_with_trigger.py took 0.232 seconds
[2025-03-27T12:01:33.114+0000] {processor.py:186} INFO - Started process (PID=52608) to work on /home/airflow/.local/lib/python3.12/site-packages/airflow/example_dags/example_latest_only_with_trigger.py
[2025-03-27T12:01:33.116+0000] {processor.py:914} INFO - Processing file /home/airflow/.local/lib/python3.12/site-packages/airflow/example_dags/example_latest_only_with_trigger.py for tasks to queue
[2025-03-27T12:01:33.119+0000] {logging_mixin.py:190} INFO - [2025-03-27T12:01:33.118+0000] {dagbag.py:588} INFO - Filling up the DagBag from /home/airflow/.local/lib/python3.12/site-packages/airflow/example_dags/example_latest_only_with_trigger.py
[2025-03-27T12:01:33.133+0000] {processor.py:925} INFO - DAG(s) 'latest_only_with_trigger' retrieved from /home/airflow/.local/lib/python3.12/site-packages/airflow/example_dags/example_latest_only_with_trigger.py
[2025-03-27T12:01:33.179+0000] {logging_mixin.py:190} INFO - [2025-03-27T12:01:33.178+0000] {dag.py:3239} INFO - Sync 1 DAGs
[2025-03-27T12:01:33.221+0000] {logging_mixin.py:190} INFO - [2025-03-27T12:01:33.220+0000] {dag.py:4180} INFO - Setting next_dagrun for latest_only_with_trigger to 2025-03-27 08:00:00+00:00, run_after=2025-03-27 12:00:00+00:00
[2025-03-27T12:01:33.274+0000] {processor.py:208} INFO - Processing /home/airflow/.local/lib/python3.12/site-packages/airflow/example_dags/example_latest_only_with_trigger.py took 0.172 seconds
[2025-03-27T12:02:03.543+0000] {processor.py:186} INFO - Started process (PID=52673) to work on /home/airflow/.local/lib/python3.12/site-packages/airflow/example_dags/example_latest_only_with_trigger.py
[2025-03-27T12:02:03.545+0000] {processor.py:914} INFO - Processing file /home/airflow/.local/lib/python3.12/site-packages/airflow/example_dags/example_latest_only_with_trigger.py for tasks to queue
[2025-03-27T12:02:03.549+0000] {logging_mixin.py:190} INFO - [2025-03-27T12:02:03.548+0000] {dagbag.py:588} INFO - Filling up the DagBag from /home/airflow/.local/lib/python3.12/site-packages/airflow/example_dags/example_latest_only_with_trigger.py
[2025-03-27T12:02:03.568+0000] {processor.py:925} INFO - DAG(s) 'latest_only_with_trigger' retrieved from /home/airflow/.local/lib/python3.12/site-packages/airflow/example_dags/example_latest_only_with_trigger.py
[2025-03-27T12:02:03.619+0000] {logging_mixin.py:190} INFO - [2025-03-27T12:02:03.618+0000] {dag.py:3239} INFO - Sync 1 DAGs
[2025-03-27T12:02:03.659+0000] {logging_mixin.py:190} INFO - [2025-03-27T12:02:03.658+0000] {dag.py:4180} INFO - Setting next_dagrun for latest_only_with_trigger to 2025-03-27 08:00:00+00:00, run_after=2025-03-27 12:00:00+00:00
[2025-03-27T12:02:03.697+0000] {processor.py:208} INFO - Processing /home/airflow/.local/lib/python3.12/site-packages/airflow/example_dags/example_latest_only_with_trigger.py took 0.165 seconds
[2025-03-27T12:02:34.204+0000] {processor.py:186} INFO - Started process (PID=52738) to work on /home/airflow/.local/lib/python3.12/site-packages/airflow/example_dags/example_latest_only_with_trigger.py
[2025-03-27T12:02:34.206+0000] {processor.py:914} INFO - Processing file /home/airflow/.local/lib/python3.12/site-packages/airflow/example_dags/example_latest_only_with_trigger.py for tasks to queue
[2025-03-27T12:02:34.208+0000] {logging_mixin.py:190} INFO - [2025-03-27T12:02:34.208+0000] {dagbag.py:588} INFO - Filling up the DagBag from /home/airflow/.local/lib/python3.12/site-packages/airflow/example_dags/example_latest_only_with_trigger.py
[2025-03-27T12:02:34.227+0000] {processor.py:925} INFO - DAG(s) 'latest_only_with_trigger' retrieved from /home/airflow/.local/lib/python3.12/site-packages/airflow/example_dags/example_latest_only_with_trigger.py
[2025-03-27T12:02:34.272+0000] {logging_mixin.py:190} INFO - [2025-03-27T12:02:34.271+0000] {dag.py:3239} INFO - Sync 1 DAGs
[2025-03-27T12:02:34.321+0000] {logging_mixin.py:190} INFO - [2025-03-27T12:02:34.320+0000] {dag.py:4180} INFO - Setting next_dagrun for latest_only_with_trigger to 2025-03-27 08:00:00+00:00, run_after=2025-03-27 12:00:00+00:00
[2025-03-27T12:02:34.373+0000] {processor.py:208} INFO - Processing /home/airflow/.local/lib/python3.12/site-packages/airflow/example_dags/example_latest_only_with_trigger.py took 0.180 seconds
[2025-03-27T12:03:05.301+0000] {processor.py:186} INFO - Started process (PID=52803) to work on /home/airflow/.local/lib/python3.12/site-packages/airflow/example_dags/example_latest_only_with_trigger.py
[2025-03-27T12:03:05.303+0000] {processor.py:914} INFO - Processing file /home/airflow/.local/lib/python3.12/site-packages/airflow/example_dags/example_latest_only_with_trigger.py for tasks to queue
[2025-03-27T12:03:05.306+0000] {logging_mixin.py:190} INFO - [2025-03-27T12:03:05.305+0000] {dagbag.py:588} INFO - Filling up the DagBag from /home/airflow/.local/lib/python3.12/site-packages/airflow/example_dags/example_latest_only_with_trigger.py
[2025-03-27T12:03:05.322+0000] {processor.py:925} INFO - DAG(s) 'latest_only_with_trigger' retrieved from /home/airflow/.local/lib/python3.12/site-packages/airflow/example_dags/example_latest_only_with_trigger.py
[2025-03-27T12:03:05.369+0000] {logging_mixin.py:190} INFO - [2025-03-27T12:03:05.368+0000] {dag.py:3239} INFO - Sync 1 DAGs
[2025-03-27T12:03:05.424+0000] {logging_mixin.py:190} INFO - [2025-03-27T12:03:05.423+0000] {dag.py:4180} INFO - Setting next_dagrun for latest_only_with_trigger to 2025-03-27 08:00:00+00:00, run_after=2025-03-27 12:00:00+00:00
[2025-03-27T12:03:05.484+0000] {processor.py:208} INFO - Processing /home/airflow/.local/lib/python3.12/site-packages/airflow/example_dags/example_latest_only_with_trigger.py took 0.195 seconds
[2025-03-27T12:03:35.656+0000] {processor.py:186} INFO - Started process (PID=52867) to work on /home/airflow/.local/lib/python3.12/site-packages/airflow/example_dags/example_latest_only_with_trigger.py
[2025-03-27T12:03:35.658+0000] {processor.py:914} INFO - Processing file /home/airflow/.local/lib/python3.12/site-packages/airflow/example_dags/example_latest_only_with_trigger.py for tasks to queue
[2025-03-27T12:03:35.661+0000] {logging_mixin.py:190} INFO - [2025-03-27T12:03:35.660+0000] {dagbag.py:588} INFO - Filling up the DagBag from /home/airflow/.local/lib/python3.12/site-packages/airflow/example_dags/example_latest_only_with_trigger.py
[2025-03-27T12:03:35.676+0000] {processor.py:925} INFO - DAG(s) 'latest_only_with_trigger' retrieved from /home/airflow/.local/lib/python3.12/site-packages/airflow/example_dags/example_latest_only_with_trigger.py
[2025-03-27T12:03:35.722+0000] {logging_mixin.py:190} INFO - [2025-03-27T12:03:35.722+0000] {dag.py:3239} INFO - Sync 1 DAGs
[2025-03-27T12:03:35.765+0000] {logging_mixin.py:190} INFO - [2025-03-27T12:03:35.765+0000] {dag.py:4180} INFO - Setting next_dagrun for latest_only_with_trigger to 2025-03-27 08:00:00+00:00, run_after=2025-03-27 12:00:00+00:00
[2025-03-27T12:03:35.819+0000] {processor.py:208} INFO - Processing /home/airflow/.local/lib/python3.12/site-packages/airflow/example_dags/example_latest_only_with_trigger.py took 0.176 seconds
[2025-03-27T12:04:06.205+0000] {processor.py:186} INFO - Started process (PID=52931) to work on /home/airflow/.local/lib/python3.12/site-packages/airflow/example_dags/example_latest_only_with_trigger.py
[2025-03-27T12:04:06.216+0000] {processor.py:914} INFO - Processing file /home/airflow/.local/lib/python3.12/site-packages/airflow/example_dags/example_latest_only_with_trigger.py for tasks to queue
[2025-03-27T12:04:06.224+0000] {logging_mixin.py:190} INFO - [2025-03-27T12:04:06.223+0000] {dagbag.py:588} INFO - Filling up the DagBag from /home/airflow/.local/lib/python3.12/site-packages/airflow/example_dags/example_latest_only_with_trigger.py
[2025-03-27T12:04:06.262+0000] {processor.py:925} INFO - DAG(s) 'latest_only_with_trigger' retrieved from /home/airflow/.local/lib/python3.12/site-packages/airflow/example_dags/example_latest_only_with_trigger.py
[2025-03-27T12:04:06.391+0000] {logging_mixin.py:190} INFO - [2025-03-27T12:04:06.390+0000] {dag.py:3239} INFO - Sync 1 DAGs
[2025-03-27T12:04:06.515+0000] {logging_mixin.py:190} INFO - [2025-03-27T12:04:06.515+0000] {dag.py:4180} INFO - Setting next_dagrun for latest_only_with_trigger to 2025-03-27 08:00:00+00:00, run_after=2025-03-27 12:00:00+00:00
[2025-03-27T12:04:06.624+0000] {processor.py:208} INFO - Processing /home/airflow/.local/lib/python3.12/site-packages/airflow/example_dags/example_latest_only_with_trigger.py took 0.445 seconds
[2025-03-27T12:04:37.184+0000] {processor.py:186} INFO - Started process (PID=52995) to work on /home/airflow/.local/lib/python3.12/site-packages/airflow/example_dags/example_latest_only_with_trigger.py
[2025-03-27T12:04:37.192+0000] {processor.py:914} INFO - Processing file /home/airflow/.local/lib/python3.12/site-packages/airflow/example_dags/example_latest_only_with_trigger.py for tasks to queue
[2025-03-27T12:04:37.198+0000] {logging_mixin.py:190} INFO - [2025-03-27T12:04:37.196+0000] {dagbag.py:588} INFO - Filling up the DagBag from /home/airflow/.local/lib/python3.12/site-packages/airflow/example_dags/example_latest_only_with_trigger.py
[2025-03-27T12:04:37.230+0000] {processor.py:925} INFO - DAG(s) 'latest_only_with_trigger' retrieved from /home/airflow/.local/lib/python3.12/site-packages/airflow/example_dags/example_latest_only_with_trigger.py
[2025-03-27T12:04:37.304+0000] {logging_mixin.py:190} INFO - [2025-03-27T12:04:37.304+0000] {dag.py:3239} INFO - Sync 1 DAGs
[2025-03-27T12:04:37.394+0000] {logging_mixin.py:190} INFO - [2025-03-27T12:04:37.393+0000] {dag.py:4180} INFO - Setting next_dagrun for latest_only_with_trigger to 2025-03-27 08:00:00+00:00, run_after=2025-03-27 12:00:00+00:00
[2025-03-27T12:04:37.473+0000] {processor.py:208} INFO - Processing /home/airflow/.local/lib/python3.12/site-packages/airflow/example_dags/example_latest_only_with_trigger.py took 0.313 seconds
[2025-03-27T12:05:07.796+0000] {processor.py:186} INFO - Started process (PID=53060) to work on /home/airflow/.local/lib/python3.12/site-packages/airflow/example_dags/example_latest_only_with_trigger.py
[2025-03-27T12:05:07.798+0000] {processor.py:914} INFO - Processing file /home/airflow/.local/lib/python3.12/site-packages/airflow/example_dags/example_latest_only_with_trigger.py for tasks to queue
[2025-03-27T12:05:07.801+0000] {logging_mixin.py:190} INFO - [2025-03-27T12:05:07.800+0000] {dagbag.py:588} INFO - Filling up the DagBag from /home/airflow/.local/lib/python3.12/site-packages/airflow/example_dags/example_latest_only_with_trigger.py
[2025-03-27T12:05:07.820+0000] {processor.py:925} INFO - DAG(s) 'latest_only_with_trigger' retrieved from /home/airflow/.local/lib/python3.12/site-packages/airflow/example_dags/example_latest_only_with_trigger.py
[2025-03-27T12:05:07.862+0000] {logging_mixin.py:190} INFO - [2025-03-27T12:05:07.861+0000] {dag.py:3239} INFO - Sync 1 DAGs
[2025-03-27T12:05:07.910+0000] {logging_mixin.py:190} INFO - [2025-03-27T12:05:07.909+0000] {dag.py:4180} INFO - Setting next_dagrun for latest_only_with_trigger to 2025-03-27 08:00:00+00:00, run_after=2025-03-27 12:00:00+00:00
[2025-03-27T12:05:07.967+0000] {processor.py:208} INFO - Processing /home/airflow/.local/lib/python3.12/site-packages/airflow/example_dags/example_latest_only_with_trigger.py took 0.182 seconds
[2025-03-27T12:05:38.656+0000] {processor.py:186} INFO - Started process (PID=53125) to work on /home/airflow/.local/lib/python3.12/site-packages/airflow/example_dags/example_latest_only_with_trigger.py
[2025-03-27T12:05:38.659+0000] {processor.py:914} INFO - Processing file /home/airflow/.local/lib/python3.12/site-packages/airflow/example_dags/example_latest_only_with_trigger.py for tasks to queue
[2025-03-27T12:05:38.662+0000] {logging_mixin.py:190} INFO - [2025-03-27T12:05:38.661+0000] {dagbag.py:588} INFO - Filling up the DagBag from /home/airflow/.local/lib/python3.12/site-packages/airflow/example_dags/example_latest_only_with_trigger.py
[2025-03-27T12:05:38.684+0000] {processor.py:925} INFO - DAG(s) 'latest_only_with_trigger' retrieved from /home/airflow/.local/lib/python3.12/site-packages/airflow/example_dags/example_latest_only_with_trigger.py
[2025-03-27T12:05:38.741+0000] {logging_mixin.py:190} INFO - [2025-03-27T12:05:38.740+0000] {dag.py:3239} INFO - Sync 1 DAGs
[2025-03-27T12:05:38.811+0000] {logging_mixin.py:190} INFO - [2025-03-27T12:05:38.811+0000] {dag.py:4180} INFO - Setting next_dagrun for latest_only_with_trigger to 2025-03-27 08:00:00+00:00, run_after=2025-03-27 12:00:00+00:00
[2025-03-27T12:05:38.881+0000] {processor.py:208} INFO - Processing /home/airflow/.local/lib/python3.12/site-packages/airflow/example_dags/example_latest_only_with_trigger.py took 0.242 seconds
[2025-03-27T12:06:09.039+0000] {processor.py:186} INFO - Started process (PID=53190) to work on /home/airflow/.local/lib/python3.12/site-packages/airflow/example_dags/example_latest_only_with_trigger.py
[2025-03-27T12:06:09.041+0000] {processor.py:914} INFO - Processing file /home/airflow/.local/lib/python3.12/site-packages/airflow/example_dags/example_latest_only_with_trigger.py for tasks to queue
[2025-03-27T12:06:09.044+0000] {logging_mixin.py:190} INFO - [2025-03-27T12:06:09.043+0000] {dagbag.py:588} INFO - Filling up the DagBag from /home/airflow/.local/lib/python3.12/site-packages/airflow/example_dags/example_latest_only_with_trigger.py
[2025-03-27T12:06:09.063+0000] {processor.py:925} INFO - DAG(s) 'latest_only_with_trigger' retrieved from /home/airflow/.local/lib/python3.12/site-packages/airflow/example_dags/example_latest_only_with_trigger.py
[2025-03-27T12:06:09.105+0000] {logging_mixin.py:190} INFO - [2025-03-27T12:06:09.104+0000] {dag.py:3239} INFO - Sync 1 DAGs
[2025-03-27T12:06:09.151+0000] {logging_mixin.py:190} INFO - [2025-03-27T12:06:09.151+0000] {dag.py:4180} INFO - Setting next_dagrun for latest_only_with_trigger to 2025-03-27 08:00:00+00:00, run_after=2025-03-27 12:00:00+00:00
[2025-03-27T12:06:09.206+0000] {processor.py:208} INFO - Processing /home/airflow/.local/lib/python3.12/site-packages/airflow/example_dags/example_latest_only_with_trigger.py took 0.178 seconds
[2025-03-27T12:06:39.868+0000] {processor.py:186} INFO - Started process (PID=53253) to work on /home/airflow/.local/lib/python3.12/site-packages/airflow/example_dags/example_latest_only_with_trigger.py
[2025-03-27T12:06:39.871+0000] {processor.py:914} INFO - Processing file /home/airflow/.local/lib/python3.12/site-packages/airflow/example_dags/example_latest_only_with_trigger.py for tasks to queue
[2025-03-27T12:06:39.877+0000] {logging_mixin.py:190} INFO - [2025-03-27T12:06:39.876+0000] {dagbag.py:588} INFO - Filling up the DagBag from /home/airflow/.local/lib/python3.12/site-packages/airflow/example_dags/example_latest_only_with_trigger.py
[2025-03-27T12:06:39.904+0000] {processor.py:925} INFO - DAG(s) 'latest_only_with_trigger' retrieved from /home/airflow/.local/lib/python3.12/site-packages/airflow/example_dags/example_latest_only_with_trigger.py
[2025-03-27T12:06:39.969+0000] {logging_mixin.py:190} INFO - [2025-03-27T12:06:39.968+0000] {dag.py:3239} INFO - Sync 1 DAGs
[2025-03-27T12:06:40.048+0000] {logging_mixin.py:190} INFO - [2025-03-27T12:06:40.048+0000] {dag.py:4180} INFO - Setting next_dagrun for latest_only_with_trigger to 2025-03-27 08:00:00+00:00, run_after=2025-03-27 12:00:00+00:00
[2025-03-27T12:06:40.108+0000] {processor.py:208} INFO - Processing /home/airflow/.local/lib/python3.12/site-packages/airflow/example_dags/example_latest_only_with_trigger.py took 0.259 seconds
[2025-03-27T12:07:10.388+0000] {processor.py:186} INFO - Started process (PID=53318) to work on /home/airflow/.local/lib/python3.12/site-packages/airflow/example_dags/example_latest_only_with_trigger.py
[2025-03-27T12:07:10.391+0000] {processor.py:914} INFO - Processing file /home/airflow/.local/lib/python3.12/site-packages/airflow/example_dags/example_latest_only_with_trigger.py for tasks to queue
[2025-03-27T12:07:10.394+0000] {logging_mixin.py:190} INFO - [2025-03-27T12:07:10.393+0000] {dagbag.py:588} INFO - Filling up the DagBag from /home/airflow/.local/lib/python3.12/site-packages/airflow/example_dags/example_latest_only_with_trigger.py
[2025-03-27T12:07:10.412+0000] {processor.py:925} INFO - DAG(s) 'latest_only_with_trigger' retrieved from /home/airflow/.local/lib/python3.12/site-packages/airflow/example_dags/example_latest_only_with_trigger.py
[2025-03-27T12:07:10.458+0000] {logging_mixin.py:190} INFO - [2025-03-27T12:07:10.457+0000] {dag.py:3239} INFO - Sync 1 DAGs
[2025-03-27T12:07:10.510+0000] {logging_mixin.py:190} INFO - [2025-03-27T12:07:10.509+0000] {dag.py:4180} INFO - Setting next_dagrun for latest_only_with_trigger to 2025-03-27 08:00:00+00:00, run_after=2025-03-27 12:00:00+00:00
[2025-03-27T12:07:10.556+0000] {processor.py:208} INFO - Processing /home/airflow/.local/lib/python3.12/site-packages/airflow/example_dags/example_latest_only_with_trigger.py took 0.178 seconds
[2025-03-27T12:07:43.219+0000] {processor.py:186} INFO - Started process (PID=53385) to work on /home/airflow/.local/lib/python3.12/site-packages/airflow/example_dags/example_latest_only_with_trigger.py
[2025-03-27T12:07:43.222+0000] {processor.py:914} INFO - Processing file /home/airflow/.local/lib/python3.12/site-packages/airflow/example_dags/example_latest_only_with_trigger.py for tasks to queue
[2025-03-27T12:07:43.226+0000] {logging_mixin.py:190} INFO - [2025-03-27T12:07:43.225+0000] {dagbag.py:588} INFO - Filling up the DagBag from /home/airflow/.local/lib/python3.12/site-packages/airflow/example_dags/example_latest_only_with_trigger.py
[2025-03-27T12:07:43.252+0000] {processor.py:925} INFO - DAG(s) 'latest_only_with_trigger' retrieved from /home/airflow/.local/lib/python3.12/site-packages/airflow/example_dags/example_latest_only_with_trigger.py
[2025-03-27T12:07:43.322+0000] {logging_mixin.py:190} INFO - [2025-03-27T12:07:43.321+0000] {dag.py:3239} INFO - Sync 1 DAGs
[2025-03-27T12:07:43.414+0000] {logging_mixin.py:190} INFO - [2025-03-27T12:07:43.413+0000] {dag.py:4180} INFO - Setting next_dagrun for latest_only_with_trigger to 2025-03-27 08:00:00+00:00, run_after=2025-03-27 12:00:00+00:00
[2025-03-27T12:07:43.479+0000] {processor.py:208} INFO - Processing /home/airflow/.local/lib/python3.12/site-packages/airflow/example_dags/example_latest_only_with_trigger.py took 0.278 seconds
[2025-03-27T12:08:15.838+0000] {processor.py:186} INFO - Started process (PID=53449) to work on /home/airflow/.local/lib/python3.12/site-packages/airflow/example_dags/example_latest_only_with_trigger.py
[2025-03-27T12:08:15.846+0000] {processor.py:914} INFO - Processing file /home/airflow/.local/lib/python3.12/site-packages/airflow/example_dags/example_latest_only_with_trigger.py for tasks to queue
[2025-03-27T12:08:15.853+0000] {logging_mixin.py:190} INFO - [2025-03-27T12:08:15.850+0000] {dagbag.py:588} INFO - Filling up the DagBag from /home/airflow/.local/lib/python3.12/site-packages/airflow/example_dags/example_latest_only_with_trigger.py
[2025-03-27T12:08:15.907+0000] {processor.py:925} INFO - DAG(s) 'latest_only_with_trigger' retrieved from /home/airflow/.local/lib/python3.12/site-packages/airflow/example_dags/example_latest_only_with_trigger.py
[2025-03-27T12:08:15.998+0000] {logging_mixin.py:190} INFO - [2025-03-27T12:08:15.997+0000] {dag.py:3239} INFO - Sync 1 DAGs
[2025-03-27T12:08:16.136+0000] {logging_mixin.py:190} INFO - [2025-03-27T12:08:16.136+0000] {dag.py:4180} INFO - Setting next_dagrun for latest_only_with_trigger to 2025-03-27 08:00:00+00:00, run_after=2025-03-27 12:00:00+00:00
[2025-03-27T12:08:16.266+0000] {processor.py:208} INFO - Processing /home/airflow/.local/lib/python3.12/site-packages/airflow/example_dags/example_latest_only_with_trigger.py took 0.466 seconds
[2025-03-27T12:08:48.236+0000] {processor.py:186} INFO - Started process (PID=53513) to work on /home/airflow/.local/lib/python3.12/site-packages/airflow/example_dags/example_latest_only_with_trigger.py
[2025-03-27T12:08:48.248+0000] {processor.py:914} INFO - Processing file /home/airflow/.local/lib/python3.12/site-packages/airflow/example_dags/example_latest_only_with_trigger.py for tasks to queue
[2025-03-27T12:08:48.253+0000] {logging_mixin.py:190} INFO - [2025-03-27T12:08:48.252+0000] {dagbag.py:588} INFO - Filling up the DagBag from /home/airflow/.local/lib/python3.12/site-packages/airflow/example_dags/example_latest_only_with_trigger.py
[2025-03-27T12:08:48.299+0000] {processor.py:925} INFO - DAG(s) 'latest_only_with_trigger' retrieved from /home/airflow/.local/lib/python3.12/site-packages/airflow/example_dags/example_latest_only_with_trigger.py
[2025-03-27T12:08:48.989+0000] {logging_mixin.py:190} INFO - [2025-03-27T12:08:48.989+0000] {dag.py:3239} INFO - Sync 1 DAGs
[2025-03-27T12:08:49.103+0000] {logging_mixin.py:190} INFO - [2025-03-27T12:08:49.102+0000] {dag.py:4180} INFO - Setting next_dagrun for latest_only_with_trigger to 2025-03-27 08:00:00+00:00, run_after=2025-03-27 12:00:00+00:00
[2025-03-27T12:08:49.200+0000] {processor.py:208} INFO - Processing /home/airflow/.local/lib/python3.12/site-packages/airflow/example_dags/example_latest_only_with_trigger.py took 0.987 seconds
[2025-03-27T12:09:20.296+0000] {processor.py:186} INFO - Started process (PID=53578) to work on /home/airflow/.local/lib/python3.12/site-packages/airflow/example_dags/example_latest_only_with_trigger.py
[2025-03-27T12:09:20.299+0000] {processor.py:914} INFO - Processing file /home/airflow/.local/lib/python3.12/site-packages/airflow/example_dags/example_latest_only_with_trigger.py for tasks to queue
[2025-03-27T12:09:20.304+0000] {logging_mixin.py:190} INFO - [2025-03-27T12:09:20.303+0000] {dagbag.py:588} INFO - Filling up the DagBag from /home/airflow/.local/lib/python3.12/site-packages/airflow/example_dags/example_latest_only_with_trigger.py
[2025-03-27T12:09:20.350+0000] {processor.py:925} INFO - DAG(s) 'latest_only_with_trigger' retrieved from /home/airflow/.local/lib/python3.12/site-packages/airflow/example_dags/example_latest_only_with_trigger.py
[2025-03-27T12:09:20.452+0000] {logging_mixin.py:190} INFO - [2025-03-27T12:09:20.451+0000] {dag.py:3239} INFO - Sync 1 DAGs
[2025-03-27T12:09:20.640+0000] {logging_mixin.py:190} INFO - [2025-03-27T12:09:20.629+0000] {dag.py:4180} INFO - Setting next_dagrun for latest_only_with_trigger to 2025-03-27 08:00:00+00:00, run_after=2025-03-27 12:00:00+00:00
[2025-03-27T12:09:20.783+0000] {processor.py:208} INFO - Processing /home/airflow/.local/lib/python3.12/site-packages/airflow/example_dags/example_latest_only_with_trigger.py took 0.524 seconds
[2025-03-27T12:09:51.739+0000] {processor.py:186} INFO - Started process (PID=53644) to work on /home/airflow/.local/lib/python3.12/site-packages/airflow/example_dags/example_latest_only_with_trigger.py
[2025-03-27T12:09:51.742+0000] {processor.py:914} INFO - Processing file /home/airflow/.local/lib/python3.12/site-packages/airflow/example_dags/example_latest_only_with_trigger.py for tasks to queue
[2025-03-27T12:09:51.751+0000] {logging_mixin.py:190} INFO - [2025-03-27T12:09:51.746+0000] {dagbag.py:588} INFO - Filling up the DagBag from /home/airflow/.local/lib/python3.12/site-packages/airflow/example_dags/example_latest_only_with_trigger.py
[2025-03-27T12:09:51.783+0000] {processor.py:925} INFO - DAG(s) 'latest_only_with_trigger' retrieved from /home/airflow/.local/lib/python3.12/site-packages/airflow/example_dags/example_latest_only_with_trigger.py
[2025-03-27T12:09:51.881+0000] {logging_mixin.py:190} INFO - [2025-03-27T12:09:51.872+0000] {dag.py:3239} INFO - Sync 1 DAGs
[2025-03-27T12:09:52.076+0000] {logging_mixin.py:190} INFO - [2025-03-27T12:09:52.076+0000] {dag.py:4180} INFO - Setting next_dagrun for latest_only_with_trigger to 2025-03-27 08:00:00+00:00, run_after=2025-03-27 12:00:00+00:00
[2025-03-27T12:09:52.178+0000] {processor.py:208} INFO - Processing /home/airflow/.local/lib/python3.12/site-packages/airflow/example_dags/example_latest_only_with_trigger.py took 0.463 seconds
[2025-03-27T12:10:23.268+0000] {processor.py:186} INFO - Started process (PID=53709) to work on /home/airflow/.local/lib/python3.12/site-packages/airflow/example_dags/example_latest_only_with_trigger.py
[2025-03-27T12:10:23.270+0000] {processor.py:914} INFO - Processing file /home/airflow/.local/lib/python3.12/site-packages/airflow/example_dags/example_latest_only_with_trigger.py for tasks to queue
[2025-03-27T12:10:23.274+0000] {logging_mixin.py:190} INFO - [2025-03-27T12:10:23.273+0000] {dagbag.py:588} INFO - Filling up the DagBag from /home/airflow/.local/lib/python3.12/site-packages/airflow/example_dags/example_latest_only_with_trigger.py
[2025-03-27T12:10:23.305+0000] {processor.py:925} INFO - DAG(s) 'latest_only_with_trigger' retrieved from /home/airflow/.local/lib/python3.12/site-packages/airflow/example_dags/example_latest_only_with_trigger.py
[2025-03-27T12:10:23.369+0000] {logging_mixin.py:190} INFO - [2025-03-27T12:10:23.369+0000] {dag.py:3239} INFO - Sync 1 DAGs
[2025-03-27T12:10:23.460+0000] {logging_mixin.py:190} INFO - [2025-03-27T12:10:23.459+0000] {dag.py:4180} INFO - Setting next_dagrun for latest_only_with_trigger to 2025-03-27 08:00:00+00:00, run_after=2025-03-27 12:00:00+00:00
[2025-03-27T12:10:23.520+0000] {processor.py:208} INFO - Processing /home/airflow/.local/lib/python3.12/site-packages/airflow/example_dags/example_latest_only_with_trigger.py took 0.270 seconds
[2025-03-27T12:10:54.553+0000] {processor.py:186} INFO - Started process (PID=53774) to work on /home/airflow/.local/lib/python3.12/site-packages/airflow/example_dags/example_latest_only_with_trigger.py
[2025-03-27T12:10:54.559+0000] {processor.py:914} INFO - Processing file /home/airflow/.local/lib/python3.12/site-packages/airflow/example_dags/example_latest_only_with_trigger.py for tasks to queue
[2025-03-27T12:10:54.564+0000] {logging_mixin.py:190} INFO - [2025-03-27T12:10:54.563+0000] {dagbag.py:588} INFO - Filling up the DagBag from /home/airflow/.local/lib/python3.12/site-packages/airflow/example_dags/example_latest_only_with_trigger.py
[2025-03-27T12:10:54.597+0000] {processor.py:925} INFO - DAG(s) 'latest_only_with_trigger' retrieved from /home/airflow/.local/lib/python3.12/site-packages/airflow/example_dags/example_latest_only_with_trigger.py
[2025-03-27T12:10:54.675+0000] {logging_mixin.py:190} INFO - [2025-03-27T12:10:54.674+0000] {dag.py:3239} INFO - Sync 1 DAGs
[2025-03-27T12:10:54.768+0000] {logging_mixin.py:190} INFO - [2025-03-27T12:10:54.766+0000] {dag.py:4180} INFO - Setting next_dagrun for latest_only_with_trigger to 2025-03-27 08:00:00+00:00, run_after=2025-03-27 12:00:00+00:00
[2025-03-27T12:10:54.833+0000] {processor.py:208} INFO - Processing /home/airflow/.local/lib/python3.12/site-packages/airflow/example_dags/example_latest_only_with_trigger.py took 0.305 seconds
[2025-03-27T12:11:25.359+0000] {processor.py:186} INFO - Started process (PID=53839) to work on /home/airflow/.local/lib/python3.12/site-packages/airflow/example_dags/example_latest_only_with_trigger.py
[2025-03-27T12:11:25.362+0000] {processor.py:914} INFO - Processing file /home/airflow/.local/lib/python3.12/site-packages/airflow/example_dags/example_latest_only_with_trigger.py for tasks to queue
[2025-03-27T12:11:25.366+0000] {logging_mixin.py:190} INFO - [2025-03-27T12:11:25.365+0000] {dagbag.py:588} INFO - Filling up the DagBag from /home/airflow/.local/lib/python3.12/site-packages/airflow/example_dags/example_latest_only_with_trigger.py
[2025-03-27T12:11:25.387+0000] {processor.py:925} INFO - DAG(s) 'latest_only_with_trigger' retrieved from /home/airflow/.local/lib/python3.12/site-packages/airflow/example_dags/example_latest_only_with_trigger.py
[2025-03-27T12:11:25.443+0000] {logging_mixin.py:190} INFO - [2025-03-27T12:11:25.442+0000] {dag.py:3239} INFO - Sync 1 DAGs
[2025-03-27T12:11:25.507+0000] {logging_mixin.py:190} INFO - [2025-03-27T12:11:25.506+0000] {dag.py:4180} INFO - Setting next_dagrun for latest_only_with_trigger to 2025-03-27 08:00:00+00:00, run_after=2025-03-27 12:00:00+00:00
[2025-03-27T12:11:25.565+0000] {processor.py:208} INFO - Processing /home/airflow/.local/lib/python3.12/site-packages/airflow/example_dags/example_latest_only_with_trigger.py took 0.218 seconds
[2025-03-27T12:11:55.723+0000] {processor.py:186} INFO - Started process (PID=53904) to work on /home/airflow/.local/lib/python3.12/site-packages/airflow/example_dags/example_latest_only_with_trigger.py
[2025-03-27T12:11:55.724+0000] {processor.py:914} INFO - Processing file /home/airflow/.local/lib/python3.12/site-packages/airflow/example_dags/example_latest_only_with_trigger.py for tasks to queue
[2025-03-27T12:11:55.726+0000] {logging_mixin.py:190} INFO - [2025-03-27T12:11:55.726+0000] {dagbag.py:588} INFO - Filling up the DagBag from /home/airflow/.local/lib/python3.12/site-packages/airflow/example_dags/example_latest_only_with_trigger.py
[2025-03-27T12:11:55.740+0000] {processor.py:925} INFO - DAG(s) 'latest_only_with_trigger' retrieved from /home/airflow/.local/lib/python3.12/site-packages/airflow/example_dags/example_latest_only_with_trigger.py
[2025-03-27T12:11:55.782+0000] {logging_mixin.py:190} INFO - [2025-03-27T12:11:55.782+0000] {dag.py:3239} INFO - Sync 1 DAGs
[2025-03-27T12:11:55.824+0000] {logging_mixin.py:190} INFO - [2025-03-27T12:11:55.823+0000] {dag.py:4180} INFO - Setting next_dagrun for latest_only_with_trigger to 2025-03-27 08:00:00+00:00, run_after=2025-03-27 12:00:00+00:00
[2025-03-27T12:11:55.867+0000] {processor.py:208} INFO - Processing /home/airflow/.local/lib/python3.12/site-packages/airflow/example_dags/example_latest_only_with_trigger.py took 0.154 seconds
[2025-03-27T12:12:25.961+0000] {processor.py:186} INFO - Started process (PID=53969) to work on /home/airflow/.local/lib/python3.12/site-packages/airflow/example_dags/example_latest_only_with_trigger.py
[2025-03-27T12:12:25.963+0000] {processor.py:914} INFO - Processing file /home/airflow/.local/lib/python3.12/site-packages/airflow/example_dags/example_latest_only_with_trigger.py for tasks to queue
[2025-03-27T12:12:25.968+0000] {logging_mixin.py:190} INFO - [2025-03-27T12:12:25.967+0000] {dagbag.py:588} INFO - Filling up the DagBag from /home/airflow/.local/lib/python3.12/site-packages/airflow/example_dags/example_latest_only_with_trigger.py
[2025-03-27T12:12:25.984+0000] {processor.py:925} INFO - DAG(s) 'latest_only_with_trigger' retrieved from /home/airflow/.local/lib/python3.12/site-packages/airflow/example_dags/example_latest_only_with_trigger.py
[2025-03-27T12:12:26.027+0000] {logging_mixin.py:190} INFO - [2025-03-27T12:12:26.027+0000] {dag.py:3239} INFO - Sync 1 DAGs
[2025-03-27T12:12:26.074+0000] {logging_mixin.py:190} INFO - [2025-03-27T12:12:26.073+0000] {dag.py:4180} INFO - Setting next_dagrun for latest_only_with_trigger to 2025-03-27 08:00:00+00:00, run_after=2025-03-27 12:00:00+00:00
[2025-03-27T12:12:26.120+0000] {processor.py:208} INFO - Processing /home/airflow/.local/lib/python3.12/site-packages/airflow/example_dags/example_latest_only_with_trigger.py took 0.169 seconds
[2025-03-27T12:12:56.296+0000] {processor.py:186} INFO - Started process (PID=54034) to work on /home/airflow/.local/lib/python3.12/site-packages/airflow/example_dags/example_latest_only_with_trigger.py
[2025-03-27T12:12:56.298+0000] {processor.py:914} INFO - Processing file /home/airflow/.local/lib/python3.12/site-packages/airflow/example_dags/example_latest_only_with_trigger.py for tasks to queue
[2025-03-27T12:12:56.304+0000] {logging_mixin.py:190} INFO - [2025-03-27T12:12:56.303+0000] {dagbag.py:588} INFO - Filling up the DagBag from /home/airflow/.local/lib/python3.12/site-packages/airflow/example_dags/example_latest_only_with_trigger.py
[2025-03-27T12:12:56.324+0000] {processor.py:925} INFO - DAG(s) 'latest_only_with_trigger' retrieved from /home/airflow/.local/lib/python3.12/site-packages/airflow/example_dags/example_latest_only_with_trigger.py
[2025-03-27T12:12:56.370+0000] {logging_mixin.py:190} INFO - [2025-03-27T12:12:56.370+0000] {dag.py:3239} INFO - Sync 1 DAGs
[2025-03-27T12:12:56.417+0000] {logging_mixin.py:190} INFO - [2025-03-27T12:12:56.417+0000] {dag.py:4180} INFO - Setting next_dagrun for latest_only_with_trigger to 2025-03-27 08:00:00+00:00, run_after=2025-03-27 12:00:00+00:00
[2025-03-27T12:12:56.454+0000] {processor.py:208} INFO - Processing /home/airflow/.local/lib/python3.12/site-packages/airflow/example_dags/example_latest_only_with_trigger.py took 0.172 seconds
[2025-03-27T12:13:27.445+0000] {processor.py:186} INFO - Started process (PID=54105) to work on /home/airflow/.local/lib/python3.12/site-packages/airflow/example_dags/example_latest_only_with_trigger.py
[2025-03-27T12:13:27.448+0000] {processor.py:914} INFO - Processing file /home/airflow/.local/lib/python3.12/site-packages/airflow/example_dags/example_latest_only_with_trigger.py for tasks to queue
[2025-03-27T12:13:27.452+0000] {logging_mixin.py:190} INFO - [2025-03-27T12:13:27.451+0000] {dagbag.py:588} INFO - Filling up the DagBag from /home/airflow/.local/lib/python3.12/site-packages/airflow/example_dags/example_latest_only_with_trigger.py
[2025-03-27T12:13:27.474+0000] {processor.py:925} INFO - DAG(s) 'latest_only_with_trigger' retrieved from /home/airflow/.local/lib/python3.12/site-packages/airflow/example_dags/example_latest_only_with_trigger.py
[2025-03-27T12:13:27.533+0000] {logging_mixin.py:190} INFO - [2025-03-27T12:13:27.532+0000] {dag.py:3239} INFO - Sync 1 DAGs
[2025-03-27T12:13:27.656+0000] {logging_mixin.py:190} INFO - [2025-03-27T12:13:27.655+0000] {dag.py:4180} INFO - Setting next_dagrun for latest_only_with_trigger to 2025-03-27 08:00:00+00:00, run_after=2025-03-27 12:00:00+00:00
[2025-03-27T12:13:27.731+0000] {processor.py:208} INFO - Processing /home/airflow/.local/lib/python3.12/site-packages/airflow/example_dags/example_latest_only_with_trigger.py took 0.303 seconds
[2025-03-27T12:13:58.548+0000] {processor.py:186} INFO - Started process (PID=54170) to work on /home/airflow/.local/lib/python3.12/site-packages/airflow/example_dags/example_latest_only_with_trigger.py
[2025-03-27T12:13:58.550+0000] {processor.py:914} INFO - Processing file /home/airflow/.local/lib/python3.12/site-packages/airflow/example_dags/example_latest_only_with_trigger.py for tasks to queue
[2025-03-27T12:13:58.553+0000] {logging_mixin.py:190} INFO - [2025-03-27T12:13:58.552+0000] {dagbag.py:588} INFO - Filling up the DagBag from /home/airflow/.local/lib/python3.12/site-packages/airflow/example_dags/example_latest_only_with_trigger.py
[2025-03-27T12:13:58.569+0000] {processor.py:925} INFO - DAG(s) 'latest_only_with_trigger' retrieved from /home/airflow/.local/lib/python3.12/site-packages/airflow/example_dags/example_latest_only_with_trigger.py
[2025-03-27T12:13:58.617+0000] {logging_mixin.py:190} INFO - [2025-03-27T12:13:58.617+0000] {dag.py:3239} INFO - Sync 1 DAGs
[2025-03-27T12:13:58.730+0000] {logging_mixin.py:190} INFO - [2025-03-27T12:13:58.730+0000] {dag.py:4180} INFO - Setting next_dagrun for latest_only_with_trigger to 2025-03-27 08:00:00+00:00, run_after=2025-03-27 12:00:00+00:00
[2025-03-27T12:13:58.796+0000] {processor.py:208} INFO - Processing /home/airflow/.local/lib/python3.12/site-packages/airflow/example_dags/example_latest_only_with_trigger.py took 0.258 seconds
[2025-03-27T12:14:28.938+0000] {processor.py:186} INFO - Started process (PID=54234) to work on /home/airflow/.local/lib/python3.12/site-packages/airflow/example_dags/example_latest_only_with_trigger.py
[2025-03-27T12:14:28.941+0000] {processor.py:914} INFO - Processing file /home/airflow/.local/lib/python3.12/site-packages/airflow/example_dags/example_latest_only_with_trigger.py for tasks to queue
[2025-03-27T12:14:28.945+0000] {logging_mixin.py:190} INFO - [2025-03-27T12:14:28.944+0000] {dagbag.py:588} INFO - Filling up the DagBag from /home/airflow/.local/lib/python3.12/site-packages/airflow/example_dags/example_latest_only_with_trigger.py
[2025-03-27T12:14:28.968+0000] {processor.py:925} INFO - DAG(s) 'latest_only_with_trigger' retrieved from /home/airflow/.local/lib/python3.12/site-packages/airflow/example_dags/example_latest_only_with_trigger.py
[2025-03-27T12:14:29.016+0000] {logging_mixin.py:190} INFO - [2025-03-27T12:14:29.015+0000] {dag.py:3239} INFO - Sync 1 DAGs
[2025-03-27T12:14:29.077+0000] {logging_mixin.py:190} INFO - [2025-03-27T12:14:29.076+0000] {dag.py:4180} INFO - Setting next_dagrun for latest_only_with_trigger to 2025-03-27 08:00:00+00:00, run_after=2025-03-27 12:00:00+00:00
[2025-03-27T12:14:29.128+0000] {processor.py:208} INFO - Processing /home/airflow/.local/lib/python3.12/site-packages/airflow/example_dags/example_latest_only_with_trigger.py took 0.202 seconds
[2025-03-27T12:14:59.305+0000] {processor.py:186} INFO - Started process (PID=54299) to work on /home/airflow/.local/lib/python3.12/site-packages/airflow/example_dags/example_latest_only_with_trigger.py
[2025-03-27T12:14:59.307+0000] {processor.py:914} INFO - Processing file /home/airflow/.local/lib/python3.12/site-packages/airflow/example_dags/example_latest_only_with_trigger.py for tasks to queue
[2025-03-27T12:14:59.310+0000] {logging_mixin.py:190} INFO - [2025-03-27T12:14:59.309+0000] {dagbag.py:588} INFO - Filling up the DagBag from /home/airflow/.local/lib/python3.12/site-packages/airflow/example_dags/example_latest_only_with_trigger.py
[2025-03-27T12:14:59.324+0000] {processor.py:925} INFO - DAG(s) 'latest_only_with_trigger' retrieved from /home/airflow/.local/lib/python3.12/site-packages/airflow/example_dags/example_latest_only_with_trigger.py
[2025-03-27T12:14:59.358+0000] {logging_mixin.py:190} INFO - [2025-03-27T12:14:59.357+0000] {dag.py:3239} INFO - Sync 1 DAGs
[2025-03-27T12:14:59.397+0000] {logging_mixin.py:190} INFO - [2025-03-27T12:14:59.396+0000] {dag.py:4180} INFO - Setting next_dagrun for latest_only_with_trigger to 2025-03-27 08:00:00+00:00, run_after=2025-03-27 12:00:00+00:00
[2025-03-27T12:14:59.436+0000] {processor.py:208} INFO - Processing /home/airflow/.local/lib/python3.12/site-packages/airflow/example_dags/example_latest_only_with_trigger.py took 0.143 seconds
[2025-03-27T12:15:30.077+0000] {processor.py:186} INFO - Started process (PID=54365) to work on /home/airflow/.local/lib/python3.12/site-packages/airflow/example_dags/example_latest_only_with_trigger.py
[2025-03-27T12:15:30.079+0000] {processor.py:914} INFO - Processing file /home/airflow/.local/lib/python3.12/site-packages/airflow/example_dags/example_latest_only_with_trigger.py for tasks to queue
[2025-03-27T12:15:30.083+0000] {logging_mixin.py:190} INFO - [2025-03-27T12:15:30.082+0000] {dagbag.py:588} INFO - Filling up the DagBag from /home/airflow/.local/lib/python3.12/site-packages/airflow/example_dags/example_latest_only_with_trigger.py
[2025-03-27T12:15:30.098+0000] {processor.py:925} INFO - DAG(s) 'latest_only_with_trigger' retrieved from /home/airflow/.local/lib/python3.12/site-packages/airflow/example_dags/example_latest_only_with_trigger.py
[2025-03-27T12:15:30.142+0000] {logging_mixin.py:190} INFO - [2025-03-27T12:15:30.142+0000] {dag.py:3239} INFO - Sync 1 DAGs
[2025-03-27T12:15:30.193+0000] {logging_mixin.py:190} INFO - [2025-03-27T12:15:30.192+0000] {dag.py:4180} INFO - Setting next_dagrun for latest_only_with_trigger to 2025-03-27 08:00:00+00:00, run_after=2025-03-27 12:00:00+00:00
[2025-03-27T12:15:30.229+0000] {processor.py:208} INFO - Processing /home/airflow/.local/lib/python3.12/site-packages/airflow/example_dags/example_latest_only_with_trigger.py took 0.166 seconds
[2025-03-27T12:16:00.996+0000] {processor.py:186} INFO - Started process (PID=54429) to work on /home/airflow/.local/lib/python3.12/site-packages/airflow/example_dags/example_latest_only_with_trigger.py
[2025-03-27T12:16:00.998+0000] {processor.py:914} INFO - Processing file /home/airflow/.local/lib/python3.12/site-packages/airflow/example_dags/example_latest_only_with_trigger.py for tasks to queue
[2025-03-27T12:16:01.002+0000] {logging_mixin.py:190} INFO - [2025-03-27T12:16:01.001+0000] {dagbag.py:588} INFO - Filling up the DagBag from /home/airflow/.local/lib/python3.12/site-packages/airflow/example_dags/example_latest_only_with_trigger.py
[2025-03-27T12:16:01.021+0000] {processor.py:925} INFO - DAG(s) 'latest_only_with_trigger' retrieved from /home/airflow/.local/lib/python3.12/site-packages/airflow/example_dags/example_latest_only_with_trigger.py
[2025-03-27T12:16:01.072+0000] {logging_mixin.py:190} INFO - [2025-03-27T12:16:01.071+0000] {dag.py:3239} INFO - Sync 1 DAGs
[2025-03-27T12:16:01.176+0000] {logging_mixin.py:190} INFO - [2025-03-27T12:16:01.176+0000] {dag.py:4180} INFO - Setting next_dagrun for latest_only_with_trigger to 2025-03-27 08:00:00+00:00, run_after=2025-03-27 12:00:00+00:00
[2025-03-27T12:16:01.225+0000] {processor.py:208} INFO - Processing /home/airflow/.local/lib/python3.12/site-packages/airflow/example_dags/example_latest_only_with_trigger.py took 0.241 seconds
[2025-03-27T12:16:31.802+0000] {processor.py:186} INFO - Started process (PID=54494) to work on /home/airflow/.local/lib/python3.12/site-packages/airflow/example_dags/example_latest_only_with_trigger.py
[2025-03-27T12:16:31.805+0000] {processor.py:914} INFO - Processing file /home/airflow/.local/lib/python3.12/site-packages/airflow/example_dags/example_latest_only_with_trigger.py for tasks to queue
[2025-03-27T12:16:31.809+0000] {logging_mixin.py:190} INFO - [2025-03-27T12:16:31.808+0000] {dagbag.py:588} INFO - Filling up the DagBag from /home/airflow/.local/lib/python3.12/site-packages/airflow/example_dags/example_latest_only_with_trigger.py
[2025-03-27T12:16:31.835+0000] {processor.py:925} INFO - DAG(s) 'latest_only_with_trigger' retrieved from /home/airflow/.local/lib/python3.12/site-packages/airflow/example_dags/example_latest_only_with_trigger.py
[2025-03-27T12:16:31.875+0000] {logging_mixin.py:190} INFO - [2025-03-27T12:16:31.874+0000] {dag.py:3239} INFO - Sync 1 DAGs
[2025-03-27T12:16:31.921+0000] {logging_mixin.py:190} INFO - [2025-03-27T12:16:31.921+0000] {dag.py:4180} INFO - Setting next_dagrun for latest_only_with_trigger to 2025-03-27 08:00:00+00:00, run_after=2025-03-27 12:00:00+00:00
[2025-03-27T12:16:31.975+0000] {processor.py:208} INFO - Processing /home/airflow/.local/lib/python3.12/site-packages/airflow/example_dags/example_latest_only_with_trigger.py took 0.186 seconds
[2025-03-27T12:17:02.686+0000] {processor.py:186} INFO - Started process (PID=54559) to work on /home/airflow/.local/lib/python3.12/site-packages/airflow/example_dags/example_latest_only_with_trigger.py
[2025-03-27T12:17:02.689+0000] {processor.py:914} INFO - Processing file /home/airflow/.local/lib/python3.12/site-packages/airflow/example_dags/example_latest_only_with_trigger.py for tasks to queue
[2025-03-27T12:17:02.693+0000] {logging_mixin.py:190} INFO - [2025-03-27T12:17:02.691+0000] {dagbag.py:588} INFO - Filling up the DagBag from /home/airflow/.local/lib/python3.12/site-packages/airflow/example_dags/example_latest_only_with_trigger.py
[2025-03-27T12:17:02.720+0000] {processor.py:925} INFO - DAG(s) 'latest_only_with_trigger' retrieved from /home/airflow/.local/lib/python3.12/site-packages/airflow/example_dags/example_latest_only_with_trigger.py
[2025-03-27T12:17:02.781+0000] {logging_mixin.py:190} INFO - [2025-03-27T12:17:02.781+0000] {dag.py:3239} INFO - Sync 1 DAGs
[2025-03-27T12:17:02.853+0000] {logging_mixin.py:190} INFO - [2025-03-27T12:17:02.852+0000] {dag.py:4180} INFO - Setting next_dagrun for latest_only_with_trigger to 2025-03-27 08:00:00+00:00, run_after=2025-03-27 12:00:00+00:00
[2025-03-27T12:17:02.904+0000] {processor.py:208} INFO - Processing /home/airflow/.local/lib/python3.12/site-packages/airflow/example_dags/example_latest_only_with_trigger.py took 0.235 seconds
[2025-03-27T12:17:33.351+0000] {processor.py:186} INFO - Started process (PID=54624) to work on /home/airflow/.local/lib/python3.12/site-packages/airflow/example_dags/example_latest_only_with_trigger.py
[2025-03-27T12:17:33.353+0000] {processor.py:914} INFO - Processing file /home/airflow/.local/lib/python3.12/site-packages/airflow/example_dags/example_latest_only_with_trigger.py for tasks to queue
[2025-03-27T12:17:33.356+0000] {logging_mixin.py:190} INFO - [2025-03-27T12:17:33.356+0000] {dagbag.py:588} INFO - Filling up the DagBag from /home/airflow/.local/lib/python3.12/site-packages/airflow/example_dags/example_latest_only_with_trigger.py
[2025-03-27T12:17:33.383+0000] {processor.py:925} INFO - DAG(s) 'latest_only_with_trigger' retrieved from /home/airflow/.local/lib/python3.12/site-packages/airflow/example_dags/example_latest_only_with_trigger.py
[2025-03-27T12:17:33.438+0000] {logging_mixin.py:190} INFO - [2025-03-27T12:17:33.437+0000] {dag.py:3239} INFO - Sync 1 DAGs
[2025-03-27T12:17:33.491+0000] {logging_mixin.py:190} INFO - [2025-03-27T12:17:33.490+0000] {dag.py:4180} INFO - Setting next_dagrun for latest_only_with_trigger to 2025-03-27 08:00:00+00:00, run_after=2025-03-27 12:00:00+00:00
[2025-03-27T12:17:33.546+0000] {processor.py:208} INFO - Processing /home/airflow/.local/lib/python3.12/site-packages/airflow/example_dags/example_latest_only_with_trigger.py took 0.209 seconds
[2025-03-27T12:18:03.649+0000] {processor.py:186} INFO - Started process (PID=54689) to work on /home/airflow/.local/lib/python3.12/site-packages/airflow/example_dags/example_latest_only_with_trigger.py
[2025-03-27T12:18:03.651+0000] {processor.py:914} INFO - Processing file /home/airflow/.local/lib/python3.12/site-packages/airflow/example_dags/example_latest_only_with_trigger.py for tasks to queue
[2025-03-27T12:18:03.655+0000] {logging_mixin.py:190} INFO - [2025-03-27T12:18:03.654+0000] {dagbag.py:588} INFO - Filling up the DagBag from /home/airflow/.local/lib/python3.12/site-packages/airflow/example_dags/example_latest_only_with_trigger.py
[2025-03-27T12:18:03.673+0000] {processor.py:925} INFO - DAG(s) 'latest_only_with_trigger' retrieved from /home/airflow/.local/lib/python3.12/site-packages/airflow/example_dags/example_latest_only_with_trigger.py
[2025-03-27T12:18:03.721+0000] {logging_mixin.py:190} INFO - [2025-03-27T12:18:03.721+0000] {dag.py:3239} INFO - Sync 1 DAGs
[2025-03-27T12:18:03.774+0000] {logging_mixin.py:190} INFO - [2025-03-27T12:18:03.773+0000] {dag.py:4180} INFO - Setting next_dagrun for latest_only_with_trigger to 2025-03-27 08:00:00+00:00, run_after=2025-03-27 12:00:00+00:00
[2025-03-27T12:18:03.820+0000] {processor.py:208} INFO - Processing /home/airflow/.local/lib/python3.12/site-packages/airflow/example_dags/example_latest_only_with_trigger.py took 0.184 seconds
[2025-03-27T12:18:34.285+0000] {processor.py:186} INFO - Started process (PID=54755) to work on /home/airflow/.local/lib/python3.12/site-packages/airflow/example_dags/example_latest_only_with_trigger.py
[2025-03-27T12:18:34.286+0000] {processor.py:914} INFO - Processing file /home/airflow/.local/lib/python3.12/site-packages/airflow/example_dags/example_latest_only_with_trigger.py for tasks to queue
[2025-03-27T12:18:34.289+0000] {logging_mixin.py:190} INFO - [2025-03-27T12:18:34.288+0000] {dagbag.py:588} INFO - Filling up the DagBag from /home/airflow/.local/lib/python3.12/site-packages/airflow/example_dags/example_latest_only_with_trigger.py
[2025-03-27T12:18:34.304+0000] {processor.py:925} INFO - DAG(s) 'latest_only_with_trigger' retrieved from /home/airflow/.local/lib/python3.12/site-packages/airflow/example_dags/example_latest_only_with_trigger.py
[2025-03-27T12:18:34.340+0000] {logging_mixin.py:190} INFO - [2025-03-27T12:18:34.340+0000] {dag.py:3239} INFO - Sync 1 DAGs
[2025-03-27T12:18:34.381+0000] {logging_mixin.py:190} INFO - [2025-03-27T12:18:34.381+0000] {dag.py:4180} INFO - Setting next_dagrun for latest_only_with_trigger to 2025-03-27 08:00:00+00:00, run_after=2025-03-27 12:00:00+00:00
[2025-03-27T12:18:34.421+0000] {processor.py:208} INFO - Processing /home/airflow/.local/lib/python3.12/site-packages/airflow/example_dags/example_latest_only_with_trigger.py took 0.149 seconds
[2025-03-27T12:19:04.692+0000] {processor.py:186} INFO - Started process (PID=54820) to work on /home/airflow/.local/lib/python3.12/site-packages/airflow/example_dags/example_latest_only_with_trigger.py
[2025-03-27T12:19:04.694+0000] {processor.py:914} INFO - Processing file /home/airflow/.local/lib/python3.12/site-packages/airflow/example_dags/example_latest_only_with_trigger.py for tasks to queue
[2025-03-27T12:19:04.697+0000] {logging_mixin.py:190} INFO - [2025-03-27T12:19:04.696+0000] {dagbag.py:588} INFO - Filling up the DagBag from /home/airflow/.local/lib/python3.12/site-packages/airflow/example_dags/example_latest_only_with_trigger.py
[2025-03-27T12:19:04.721+0000] {processor.py:925} INFO - DAG(s) 'latest_only_with_trigger' retrieved from /home/airflow/.local/lib/python3.12/site-packages/airflow/example_dags/example_latest_only_with_trigger.py
[2025-03-27T12:19:04.782+0000] {logging_mixin.py:190} INFO - [2025-03-27T12:19:04.781+0000] {dag.py:3239} INFO - Sync 1 DAGs
[2025-03-27T12:19:04.846+0000] {logging_mixin.py:190} INFO - [2025-03-27T12:19:04.845+0000] {dag.py:4180} INFO - Setting next_dagrun for latest_only_with_trigger to 2025-03-27 08:00:00+00:00, run_after=2025-03-27 12:00:00+00:00
[2025-03-27T12:19:04.886+0000] {processor.py:208} INFO - Processing /home/airflow/.local/lib/python3.12/site-packages/airflow/example_dags/example_latest_only_with_trigger.py took 0.206 seconds
[2025-03-27T12:19:35.490+0000] {processor.py:186} INFO - Started process (PID=54884) to work on /home/airflow/.local/lib/python3.12/site-packages/airflow/example_dags/example_latest_only_with_trigger.py
[2025-03-27T12:19:35.492+0000] {processor.py:914} INFO - Processing file /home/airflow/.local/lib/python3.12/site-packages/airflow/example_dags/example_latest_only_with_trigger.py for tasks to queue
[2025-03-27T12:19:35.494+0000] {logging_mixin.py:190} INFO - [2025-03-27T12:19:35.494+0000] {dagbag.py:588} INFO - Filling up the DagBag from /home/airflow/.local/lib/python3.12/site-packages/airflow/example_dags/example_latest_only_with_trigger.py
[2025-03-27T12:19:35.512+0000] {processor.py:925} INFO - DAG(s) 'latest_only_with_trigger' retrieved from /home/airflow/.local/lib/python3.12/site-packages/airflow/example_dags/example_latest_only_with_trigger.py
[2025-03-27T12:19:35.554+0000] {logging_mixin.py:190} INFO - [2025-03-27T12:19:35.553+0000] {dag.py:3239} INFO - Sync 1 DAGs
[2025-03-27T12:19:35.595+0000] {logging_mixin.py:190} INFO - [2025-03-27T12:19:35.595+0000] {dag.py:4180} INFO - Setting next_dagrun for latest_only_with_trigger to 2025-03-27 08:00:00+00:00, run_after=2025-03-27 12:00:00+00:00
[2025-03-27T12:19:35.646+0000] {processor.py:208} INFO - Processing /home/airflow/.local/lib/python3.12/site-packages/airflow/example_dags/example_latest_only_with_trigger.py took 0.167 seconds
[2025-03-27T12:20:06.462+0000] {processor.py:186} INFO - Started process (PID=54949) to work on /home/airflow/.local/lib/python3.12/site-packages/airflow/example_dags/example_latest_only_with_trigger.py
[2025-03-27T12:20:06.464+0000] {processor.py:914} INFO - Processing file /home/airflow/.local/lib/python3.12/site-packages/airflow/example_dags/example_latest_only_with_trigger.py for tasks to queue
[2025-03-27T12:20:06.467+0000] {logging_mixin.py:190} INFO - [2025-03-27T12:20:06.466+0000] {dagbag.py:588} INFO - Filling up the DagBag from /home/airflow/.local/lib/python3.12/site-packages/airflow/example_dags/example_latest_only_with_trigger.py
[2025-03-27T12:20:06.485+0000] {processor.py:925} INFO - DAG(s) 'latest_only_with_trigger' retrieved from /home/airflow/.local/lib/python3.12/site-packages/airflow/example_dags/example_latest_only_with_trigger.py
[2025-03-27T12:20:06.526+0000] {logging_mixin.py:190} INFO - [2025-03-27T12:20:06.526+0000] {dag.py:3239} INFO - Sync 1 DAGs
[2025-03-27T12:20:06.568+0000] {logging_mixin.py:190} INFO - [2025-03-27T12:20:06.568+0000] {dag.py:4180} INFO - Setting next_dagrun for latest_only_with_trigger to 2025-03-27 08:00:00+00:00, run_after=2025-03-27 12:00:00+00:00
[2025-03-27T12:20:06.609+0000] {processor.py:208} INFO - Processing /home/airflow/.local/lib/python3.12/site-packages/airflow/example_dags/example_latest_only_with_trigger.py took 0.158 seconds
[2025-03-27T12:20:36.885+0000] {processor.py:186} INFO - Started process (PID=55012) to work on /home/airflow/.local/lib/python3.12/site-packages/airflow/example_dags/example_latest_only_with_trigger.py
[2025-03-27T12:20:36.887+0000] {processor.py:914} INFO - Processing file /home/airflow/.local/lib/python3.12/site-packages/airflow/example_dags/example_latest_only_with_trigger.py for tasks to queue
[2025-03-27T12:20:36.890+0000] {logging_mixin.py:190} INFO - [2025-03-27T12:20:36.889+0000] {dagbag.py:588} INFO - Filling up the DagBag from /home/airflow/.local/lib/python3.12/site-packages/airflow/example_dags/example_latest_only_with_trigger.py
[2025-03-27T12:20:36.906+0000] {processor.py:925} INFO - DAG(s) 'latest_only_with_trigger' retrieved from /home/airflow/.local/lib/python3.12/site-packages/airflow/example_dags/example_latest_only_with_trigger.py
[2025-03-27T12:20:36.946+0000] {logging_mixin.py:190} INFO - [2025-03-27T12:20:36.945+0000] {dag.py:3239} INFO - Sync 1 DAGs
[2025-03-27T12:20:37.002+0000] {logging_mixin.py:190} INFO - [2025-03-27T12:20:37.001+0000] {dag.py:4180} INFO - Setting next_dagrun for latest_only_with_trigger to 2025-03-27 08:00:00+00:00, run_after=2025-03-27 12:00:00+00:00
[2025-03-27T12:20:37.055+0000] {processor.py:208} INFO - Processing /home/airflow/.local/lib/python3.12/site-packages/airflow/example_dags/example_latest_only_with_trigger.py took 0.182 seconds
[2025-03-27T12:21:07.499+0000] {processor.py:186} INFO - Started process (PID=55077) to work on /home/airflow/.local/lib/python3.12/site-packages/airflow/example_dags/example_latest_only_with_trigger.py
[2025-03-27T12:21:07.502+0000] {processor.py:914} INFO - Processing file /home/airflow/.local/lib/python3.12/site-packages/airflow/example_dags/example_latest_only_with_trigger.py for tasks to queue
[2025-03-27T12:21:07.504+0000] {logging_mixin.py:190} INFO - [2025-03-27T12:21:07.504+0000] {dagbag.py:588} INFO - Filling up the DagBag from /home/airflow/.local/lib/python3.12/site-packages/airflow/example_dags/example_latest_only_with_trigger.py
[2025-03-27T12:21:07.519+0000] {processor.py:925} INFO - DAG(s) 'latest_only_with_trigger' retrieved from /home/airflow/.local/lib/python3.12/site-packages/airflow/example_dags/example_latest_only_with_trigger.py
[2025-03-27T12:21:07.556+0000] {logging_mixin.py:190} INFO - [2025-03-27T12:21:07.556+0000] {dag.py:3239} INFO - Sync 1 DAGs
[2025-03-27T12:21:07.596+0000] {logging_mixin.py:190} INFO - [2025-03-27T12:21:07.596+0000] {dag.py:4180} INFO - Setting next_dagrun for latest_only_with_trigger to 2025-03-27 08:00:00+00:00, run_after=2025-03-27 12:00:00+00:00
[2025-03-27T12:21:07.652+0000] {processor.py:208} INFO - Processing /home/airflow/.local/lib/python3.12/site-packages/airflow/example_dags/example_latest_only_with_trigger.py took 0.161 seconds
[2025-03-27T12:21:38.067+0000] {processor.py:186} INFO - Started process (PID=55142) to work on /home/airflow/.local/lib/python3.12/site-packages/airflow/example_dags/example_latest_only_with_trigger.py
[2025-03-27T12:21:38.069+0000] {processor.py:914} INFO - Processing file /home/airflow/.local/lib/python3.12/site-packages/airflow/example_dags/example_latest_only_with_trigger.py for tasks to queue
[2025-03-27T12:21:38.072+0000] {logging_mixin.py:190} INFO - [2025-03-27T12:21:38.071+0000] {dagbag.py:588} INFO - Filling up the DagBag from /home/airflow/.local/lib/python3.12/site-packages/airflow/example_dags/example_latest_only_with_trigger.py
[2025-03-27T12:21:38.086+0000] {processor.py:925} INFO - DAG(s) 'latest_only_with_trigger' retrieved from /home/airflow/.local/lib/python3.12/site-packages/airflow/example_dags/example_latest_only_with_trigger.py
[2025-03-27T12:21:38.124+0000] {logging_mixin.py:190} INFO - [2025-03-27T12:21:38.123+0000] {dag.py:3239} INFO - Sync 1 DAGs
[2025-03-27T12:21:38.173+0000] {logging_mixin.py:190} INFO - [2025-03-27T12:21:38.172+0000] {dag.py:4180} INFO - Setting next_dagrun for latest_only_with_trigger to 2025-03-27 08:00:00+00:00, run_after=2025-03-27 12:00:00+00:00
[2025-03-27T12:21:38.223+0000] {processor.py:208} INFO - Processing /home/airflow/.local/lib/python3.12/site-packages/airflow/example_dags/example_latest_only_with_trigger.py took 0.165 seconds
[2025-03-27T12:22:08.934+0000] {processor.py:186} INFO - Started process (PID=55207) to work on /home/airflow/.local/lib/python3.12/site-packages/airflow/example_dags/example_latest_only_with_trigger.py
[2025-03-27T12:22:08.936+0000] {processor.py:914} INFO - Processing file /home/airflow/.local/lib/python3.12/site-packages/airflow/example_dags/example_latest_only_with_trigger.py for tasks to queue
[2025-03-27T12:22:08.940+0000] {logging_mixin.py:190} INFO - [2025-03-27T12:22:08.939+0000] {dagbag.py:588} INFO - Filling up the DagBag from /home/airflow/.local/lib/python3.12/site-packages/airflow/example_dags/example_latest_only_with_trigger.py
[2025-03-27T12:22:08.957+0000] {processor.py:925} INFO - DAG(s) 'latest_only_with_trigger' retrieved from /home/airflow/.local/lib/python3.12/site-packages/airflow/example_dags/example_latest_only_with_trigger.py
[2025-03-27T12:22:09.000+0000] {logging_mixin.py:190} INFO - [2025-03-27T12:22:09.000+0000] {dag.py:3239} INFO - Sync 1 DAGs
[2025-03-27T12:22:09.081+0000] {logging_mixin.py:190} INFO - [2025-03-27T12:22:09.081+0000] {dag.py:4180} INFO - Setting next_dagrun for latest_only_with_trigger to 2025-03-27 08:00:00+00:00, run_after=2025-03-27 12:00:00+00:00
[2025-03-27T12:22:09.125+0000] {processor.py:208} INFO - Processing /home/airflow/.local/lib/python3.12/site-packages/airflow/example_dags/example_latest_only_with_trigger.py took 0.200 seconds
[2025-03-27T12:22:39.344+0000] {processor.py:186} INFO - Started process (PID=55272) to work on /home/airflow/.local/lib/python3.12/site-packages/airflow/example_dags/example_latest_only_with_trigger.py
[2025-03-27T12:22:39.346+0000] {processor.py:914} INFO - Processing file /home/airflow/.local/lib/python3.12/site-packages/airflow/example_dags/example_latest_only_with_trigger.py for tasks to queue
[2025-03-27T12:22:39.348+0000] {logging_mixin.py:190} INFO - [2025-03-27T12:22:39.348+0000] {dagbag.py:588} INFO - Filling up the DagBag from /home/airflow/.local/lib/python3.12/site-packages/airflow/example_dags/example_latest_only_with_trigger.py
[2025-03-27T12:22:39.363+0000] {processor.py:925} INFO - DAG(s) 'latest_only_with_trigger' retrieved from /home/airflow/.local/lib/python3.12/site-packages/airflow/example_dags/example_latest_only_with_trigger.py
[2025-03-27T12:22:39.398+0000] {logging_mixin.py:190} INFO - [2025-03-27T12:22:39.397+0000] {dag.py:3239} INFO - Sync 1 DAGs
[2025-03-27T12:22:39.444+0000] {logging_mixin.py:190} INFO - [2025-03-27T12:22:39.444+0000] {dag.py:4180} INFO - Setting next_dagrun for latest_only_with_trigger to 2025-03-27 08:00:00+00:00, run_after=2025-03-27 12:00:00+00:00
[2025-03-27T12:22:39.496+0000] {processor.py:208} INFO - Processing /home/airflow/.local/lib/python3.12/site-packages/airflow/example_dags/example_latest_only_with_trigger.py took 0.163 seconds
[2025-03-27T12:23:09.957+0000] {processor.py:186} INFO - Started process (PID=55337) to work on /home/airflow/.local/lib/python3.12/site-packages/airflow/example_dags/example_latest_only_with_trigger.py
[2025-03-27T12:23:09.959+0000] {processor.py:914} INFO - Processing file /home/airflow/.local/lib/python3.12/site-packages/airflow/example_dags/example_latest_only_with_trigger.py for tasks to queue
[2025-03-27T12:23:09.962+0000] {logging_mixin.py:190} INFO - [2025-03-27T12:23:09.961+0000] {dagbag.py:588} INFO - Filling up the DagBag from /home/airflow/.local/lib/python3.12/site-packages/airflow/example_dags/example_latest_only_with_trigger.py
[2025-03-27T12:23:09.982+0000] {processor.py:925} INFO - DAG(s) 'latest_only_with_trigger' retrieved from /home/airflow/.local/lib/python3.12/site-packages/airflow/example_dags/example_latest_only_with_trigger.py
[2025-03-27T12:23:10.019+0000] {logging_mixin.py:190} INFO - [2025-03-27T12:23:10.019+0000] {dag.py:3239} INFO - Sync 1 DAGs
[2025-03-27T12:23:10.066+0000] {logging_mixin.py:190} INFO - [2025-03-27T12:23:10.065+0000] {dag.py:4180} INFO - Setting next_dagrun for latest_only_with_trigger to 2025-03-27 08:00:00+00:00, run_after=2025-03-27 12:00:00+00:00
[2025-03-27T12:23:10.104+0000] {processor.py:208} INFO - Processing /home/airflow/.local/lib/python3.12/site-packages/airflow/example_dags/example_latest_only_with_trigger.py took 0.160 seconds
[2025-03-27T12:23:40.377+0000] {processor.py:186} INFO - Started process (PID=55401) to work on /home/airflow/.local/lib/python3.12/site-packages/airflow/example_dags/example_latest_only_with_trigger.py
[2025-03-27T12:23:40.379+0000] {processor.py:914} INFO - Processing file /home/airflow/.local/lib/python3.12/site-packages/airflow/example_dags/example_latest_only_with_trigger.py for tasks to queue
[2025-03-27T12:23:40.382+0000] {logging_mixin.py:190} INFO - [2025-03-27T12:23:40.381+0000] {dagbag.py:588} INFO - Filling up the DagBag from /home/airflow/.local/lib/python3.12/site-packages/airflow/example_dags/example_latest_only_with_trigger.py
[2025-03-27T12:23:40.398+0000] {processor.py:925} INFO - DAG(s) 'latest_only_with_trigger' retrieved from /home/airflow/.local/lib/python3.12/site-packages/airflow/example_dags/example_latest_only_with_trigger.py
[2025-03-27T12:23:40.436+0000] {logging_mixin.py:190} INFO - [2025-03-27T12:23:40.435+0000] {dag.py:3239} INFO - Sync 1 DAGs
[2025-03-27T12:23:40.481+0000] {logging_mixin.py:190} INFO - [2025-03-27T12:23:40.481+0000] {dag.py:4180} INFO - Setting next_dagrun for latest_only_with_trigger to 2025-03-27 08:00:00+00:00, run_after=2025-03-27 12:00:00+00:00
[2025-03-27T12:23:40.516+0000] {processor.py:208} INFO - Processing /home/airflow/.local/lib/python3.12/site-packages/airflow/example_dags/example_latest_only_with_trigger.py took 0.149 seconds
[2025-03-27T12:24:10.632+0000] {processor.py:186} INFO - Started process (PID=55466) to work on /home/airflow/.local/lib/python3.12/site-packages/airflow/example_dags/example_latest_only_with_trigger.py
[2025-03-27T12:24:10.634+0000] {processor.py:914} INFO - Processing file /home/airflow/.local/lib/python3.12/site-packages/airflow/example_dags/example_latest_only_with_trigger.py for tasks to queue
[2025-03-27T12:24:10.637+0000] {logging_mixin.py:190} INFO - [2025-03-27T12:24:10.637+0000] {dagbag.py:588} INFO - Filling up the DagBag from /home/airflow/.local/lib/python3.12/site-packages/airflow/example_dags/example_latest_only_with_trigger.py
[2025-03-27T12:24:10.653+0000] {processor.py:925} INFO - DAG(s) 'latest_only_with_trigger' retrieved from /home/airflow/.local/lib/python3.12/site-packages/airflow/example_dags/example_latest_only_with_trigger.py
[2025-03-27T12:24:10.693+0000] {logging_mixin.py:190} INFO - [2025-03-27T12:24:10.691+0000] {dag.py:3239} INFO - Sync 1 DAGs
[2025-03-27T12:24:10.740+0000] {logging_mixin.py:190} INFO - [2025-03-27T12:24:10.740+0000] {dag.py:4180} INFO - Setting next_dagrun for latest_only_with_trigger to 2025-03-27 08:00:00+00:00, run_after=2025-03-27 12:00:00+00:00
[2025-03-27T12:24:10.775+0000] {processor.py:208} INFO - Processing /home/airflow/.local/lib/python3.12/site-packages/airflow/example_dags/example_latest_only_with_trigger.py took 0.153 seconds
[2025-03-27T12:24:41.625+0000] {processor.py:186} INFO - Started process (PID=55531) to work on /home/airflow/.local/lib/python3.12/site-packages/airflow/example_dags/example_latest_only_with_trigger.py
[2025-03-27T12:24:41.627+0000] {processor.py:914} INFO - Processing file /home/airflow/.local/lib/python3.12/site-packages/airflow/example_dags/example_latest_only_with_trigger.py for tasks to queue
[2025-03-27T12:24:41.630+0000] {logging_mixin.py:190} INFO - [2025-03-27T12:24:41.630+0000] {dagbag.py:588} INFO - Filling up the DagBag from /home/airflow/.local/lib/python3.12/site-packages/airflow/example_dags/example_latest_only_with_trigger.py
[2025-03-27T12:24:41.645+0000] {processor.py:925} INFO - DAG(s) 'latest_only_with_trigger' retrieved from /home/airflow/.local/lib/python3.12/site-packages/airflow/example_dags/example_latest_only_with_trigger.py
[2025-03-27T12:24:41.683+0000] {logging_mixin.py:190} INFO - [2025-03-27T12:24:41.682+0000] {dag.py:3239} INFO - Sync 1 DAGs
[2025-03-27T12:24:41.731+0000] {logging_mixin.py:190} INFO - [2025-03-27T12:24:41.731+0000] {dag.py:4180} INFO - Setting next_dagrun for latest_only_with_trigger to 2025-03-27 08:00:00+00:00, run_after=2025-03-27 12:00:00+00:00
[2025-03-27T12:24:41.766+0000] {processor.py:208} INFO - Processing /home/airflow/.local/lib/python3.12/site-packages/airflow/example_dags/example_latest_only_with_trigger.py took 0.152 seconds
[2025-03-27T12:25:12.823+0000] {processor.py:186} INFO - Started process (PID=55596) to work on /home/airflow/.local/lib/python3.12/site-packages/airflow/example_dags/example_latest_only_with_trigger.py
[2025-03-27T12:25:12.825+0000] {processor.py:914} INFO - Processing file /home/airflow/.local/lib/python3.12/site-packages/airflow/example_dags/example_latest_only_with_trigger.py for tasks to queue
[2025-03-27T12:25:12.828+0000] {logging_mixin.py:190} INFO - [2025-03-27T12:25:12.827+0000] {dagbag.py:588} INFO - Filling up the DagBag from /home/airflow/.local/lib/python3.12/site-packages/airflow/example_dags/example_latest_only_with_trigger.py
[2025-03-27T12:25:12.843+0000] {processor.py:925} INFO - DAG(s) 'latest_only_with_trigger' retrieved from /home/airflow/.local/lib/python3.12/site-packages/airflow/example_dags/example_latest_only_with_trigger.py
[2025-03-27T12:25:12.884+0000] {logging_mixin.py:190} INFO - [2025-03-27T12:25:12.884+0000] {dag.py:3239} INFO - Sync 1 DAGs
[2025-03-27T12:25:12.941+0000] {logging_mixin.py:190} INFO - [2025-03-27T12:25:12.940+0000] {dag.py:4180} INFO - Setting next_dagrun for latest_only_with_trigger to 2025-03-27 08:00:00+00:00, run_after=2025-03-27 12:00:00+00:00
[2025-03-27T12:25:12.987+0000] {processor.py:208} INFO - Processing /home/airflow/.local/lib/python3.12/site-packages/airflow/example_dags/example_latest_only_with_trigger.py took 0.173 seconds
[2025-03-27T12:25:43.366+0000] {processor.py:186} INFO - Started process (PID=55661) to work on /home/airflow/.local/lib/python3.12/site-packages/airflow/example_dags/example_latest_only_with_trigger.py
[2025-03-27T12:25:43.369+0000] {processor.py:914} INFO - Processing file /home/airflow/.local/lib/python3.12/site-packages/airflow/example_dags/example_latest_only_with_trigger.py for tasks to queue
[2025-03-27T12:25:43.372+0000] {logging_mixin.py:190} INFO - [2025-03-27T12:25:43.371+0000] {dagbag.py:588} INFO - Filling up the DagBag from /home/airflow/.local/lib/python3.12/site-packages/airflow/example_dags/example_latest_only_with_trigger.py
[2025-03-27T12:25:43.391+0000] {processor.py:925} INFO - DAG(s) 'latest_only_with_trigger' retrieved from /home/airflow/.local/lib/python3.12/site-packages/airflow/example_dags/example_latest_only_with_trigger.py
[2025-03-27T12:25:43.434+0000] {logging_mixin.py:190} INFO - [2025-03-27T12:25:43.433+0000] {dag.py:3239} INFO - Sync 1 DAGs
[2025-03-27T12:25:43.486+0000] {logging_mixin.py:190} INFO - [2025-03-27T12:25:43.485+0000] {dag.py:4180} INFO - Setting next_dagrun for latest_only_with_trigger to 2025-03-27 08:00:00+00:00, run_after=2025-03-27 12:00:00+00:00
[2025-03-27T12:25:43.528+0000] {processor.py:208} INFO - Processing /home/airflow/.local/lib/python3.12/site-packages/airflow/example_dags/example_latest_only_with_trigger.py took 0.176 seconds
[2025-03-27T12:26:13.804+0000] {processor.py:186} INFO - Started process (PID=55725) to work on /home/airflow/.local/lib/python3.12/site-packages/airflow/example_dags/example_latest_only_with_trigger.py
[2025-03-27T12:26:13.807+0000] {processor.py:914} INFO - Processing file /home/airflow/.local/lib/python3.12/site-packages/airflow/example_dags/example_latest_only_with_trigger.py for tasks to queue
[2025-03-27T12:26:13.810+0000] {logging_mixin.py:190} INFO - [2025-03-27T12:26:13.809+0000] {dagbag.py:588} INFO - Filling up the DagBag from /home/airflow/.local/lib/python3.12/site-packages/airflow/example_dags/example_latest_only_with_trigger.py
[2025-03-27T12:26:13.829+0000] {processor.py:925} INFO - DAG(s) 'latest_only_with_trigger' retrieved from /home/airflow/.local/lib/python3.12/site-packages/airflow/example_dags/example_latest_only_with_trigger.py
[2025-03-27T12:26:13.875+0000] {logging_mixin.py:190} INFO - [2025-03-27T12:26:13.874+0000] {dag.py:3239} INFO - Sync 1 DAGs
[2025-03-27T12:26:13.930+0000] {logging_mixin.py:190} INFO - [2025-03-27T12:26:13.929+0000] {dag.py:4180} INFO - Setting next_dagrun for latest_only_with_trigger to 2025-03-27 08:00:00+00:00, run_after=2025-03-27 12:00:00+00:00
[2025-03-27T12:26:13.971+0000] {processor.py:208} INFO - Processing /home/airflow/.local/lib/python3.12/site-packages/airflow/example_dags/example_latest_only_with_trigger.py took 0.180 seconds
[2025-03-27T12:26:44.081+0000] {processor.py:186} INFO - Started process (PID=55790) to work on /home/airflow/.local/lib/python3.12/site-packages/airflow/example_dags/example_latest_only_with_trigger.py
[2025-03-27T12:26:44.084+0000] {processor.py:914} INFO - Processing file /home/airflow/.local/lib/python3.12/site-packages/airflow/example_dags/example_latest_only_with_trigger.py for tasks to queue
[2025-03-27T12:26:44.088+0000] {logging_mixin.py:190} INFO - [2025-03-27T12:26:44.087+0000] {dagbag.py:588} INFO - Filling up the DagBag from /home/airflow/.local/lib/python3.12/site-packages/airflow/example_dags/example_latest_only_with_trigger.py
[2025-03-27T12:26:44.104+0000] {processor.py:925} INFO - DAG(s) 'latest_only_with_trigger' retrieved from /home/airflow/.local/lib/python3.12/site-packages/airflow/example_dags/example_latest_only_with_trigger.py
[2025-03-27T12:26:44.146+0000] {logging_mixin.py:190} INFO - [2025-03-27T12:26:44.145+0000] {dag.py:3239} INFO - Sync 1 DAGs
[2025-03-27T12:26:44.206+0000] {logging_mixin.py:190} INFO - [2025-03-27T12:26:44.205+0000] {dag.py:4180} INFO - Setting next_dagrun for latest_only_with_trigger to 2025-03-27 08:00:00+00:00, run_after=2025-03-27 12:00:00+00:00
[2025-03-27T12:26:44.249+0000] {processor.py:208} INFO - Processing /home/airflow/.local/lib/python3.12/site-packages/airflow/example_dags/example_latest_only_with_trigger.py took 0.178 seconds
[2025-03-27T12:27:14.637+0000] {processor.py:186} INFO - Started process (PID=55855) to work on /home/airflow/.local/lib/python3.12/site-packages/airflow/example_dags/example_latest_only_with_trigger.py
[2025-03-27T12:27:14.639+0000] {processor.py:914} INFO - Processing file /home/airflow/.local/lib/python3.12/site-packages/airflow/example_dags/example_latest_only_with_trigger.py for tasks to queue
[2025-03-27T12:27:14.642+0000] {logging_mixin.py:190} INFO - [2025-03-27T12:27:14.641+0000] {dagbag.py:588} INFO - Filling up the DagBag from /home/airflow/.local/lib/python3.12/site-packages/airflow/example_dags/example_latest_only_with_trigger.py
[2025-03-27T12:27:14.661+0000] {processor.py:925} INFO - DAG(s) 'latest_only_with_trigger' retrieved from /home/airflow/.local/lib/python3.12/site-packages/airflow/example_dags/example_latest_only_with_trigger.py
[2025-03-27T12:27:14.699+0000] {logging_mixin.py:190} INFO - [2025-03-27T12:27:14.699+0000] {dag.py:3239} INFO - Sync 1 DAGs
[2025-03-27T12:27:14.740+0000] {logging_mixin.py:190} INFO - [2025-03-27T12:27:14.739+0000] {dag.py:4180} INFO - Setting next_dagrun for latest_only_with_trigger to 2025-03-27 08:00:00+00:00, run_after=2025-03-27 12:00:00+00:00
[2025-03-27T12:27:14.789+0000] {processor.py:208} INFO - Processing /home/airflow/.local/lib/python3.12/site-packages/airflow/example_dags/example_latest_only_with_trigger.py took 0.166 seconds
[2025-03-27T12:27:45.129+0000] {processor.py:186} INFO - Started process (PID=55920) to work on /home/airflow/.local/lib/python3.12/site-packages/airflow/example_dags/example_latest_only_with_trigger.py
[2025-03-27T12:27:45.131+0000] {processor.py:914} INFO - Processing file /home/airflow/.local/lib/python3.12/site-packages/airflow/example_dags/example_latest_only_with_trigger.py for tasks to queue
[2025-03-27T12:27:45.135+0000] {logging_mixin.py:190} INFO - [2025-03-27T12:27:45.134+0000] {dagbag.py:588} INFO - Filling up the DagBag from /home/airflow/.local/lib/python3.12/site-packages/airflow/example_dags/example_latest_only_with_trigger.py
[2025-03-27T12:27:45.149+0000] {processor.py:925} INFO - DAG(s) 'latest_only_with_trigger' retrieved from /home/airflow/.local/lib/python3.12/site-packages/airflow/example_dags/example_latest_only_with_trigger.py
[2025-03-27T12:27:45.183+0000] {logging_mixin.py:190} INFO - [2025-03-27T12:27:45.183+0000] {dag.py:3239} INFO - Sync 1 DAGs
[2025-03-27T12:27:45.227+0000] {logging_mixin.py:190} INFO - [2025-03-27T12:27:45.226+0000] {dag.py:4180} INFO - Setting next_dagrun for latest_only_with_trigger to 2025-03-27 08:00:00+00:00, run_after=2025-03-27 12:00:00+00:00
[2025-03-27T12:27:45.260+0000] {processor.py:208} INFO - Processing /home/airflow/.local/lib/python3.12/site-packages/airflow/example_dags/example_latest_only_with_trigger.py took 0.141 seconds
[2025-03-27T12:28:15.819+0000] {processor.py:186} INFO - Started process (PID=55984) to work on /home/airflow/.local/lib/python3.12/site-packages/airflow/example_dags/example_latest_only_with_trigger.py
[2025-03-27T12:28:15.821+0000] {processor.py:914} INFO - Processing file /home/airflow/.local/lib/python3.12/site-packages/airflow/example_dags/example_latest_only_with_trigger.py for tasks to queue
[2025-03-27T12:28:15.824+0000] {logging_mixin.py:190} INFO - [2025-03-27T12:28:15.823+0000] {dagbag.py:588} INFO - Filling up the DagBag from /home/airflow/.local/lib/python3.12/site-packages/airflow/example_dags/example_latest_only_with_trigger.py
[2025-03-27T12:28:15.838+0000] {processor.py:925} INFO - DAG(s) 'latest_only_with_trigger' retrieved from /home/airflow/.local/lib/python3.12/site-packages/airflow/example_dags/example_latest_only_with_trigger.py
[2025-03-27T12:28:15.878+0000] {logging_mixin.py:190} INFO - [2025-03-27T12:28:15.877+0000] {dag.py:3239} INFO - Sync 1 DAGs
[2025-03-27T12:28:15.918+0000] {logging_mixin.py:190} INFO - [2025-03-27T12:28:15.918+0000] {dag.py:4180} INFO - Setting next_dagrun for latest_only_with_trigger to 2025-03-27 08:00:00+00:00, run_after=2025-03-27 12:00:00+00:00
[2025-03-27T12:28:15.970+0000] {processor.py:208} INFO - Processing /home/airflow/.local/lib/python3.12/site-packages/airflow/example_dags/example_latest_only_with_trigger.py took 0.161 seconds
[2025-03-27T12:28:46.684+0000] {processor.py:186} INFO - Started process (PID=56049) to work on /home/airflow/.local/lib/python3.12/site-packages/airflow/example_dags/example_latest_only_with_trigger.py
[2025-03-27T12:28:46.686+0000] {processor.py:914} INFO - Processing file /home/airflow/.local/lib/python3.12/site-packages/airflow/example_dags/example_latest_only_with_trigger.py for tasks to queue
[2025-03-27T12:28:46.689+0000] {logging_mixin.py:190} INFO - [2025-03-27T12:28:46.688+0000] {dagbag.py:588} INFO - Filling up the DagBag from /home/airflow/.local/lib/python3.12/site-packages/airflow/example_dags/example_latest_only_with_trigger.py
[2025-03-27T12:28:46.706+0000] {processor.py:925} INFO - DAG(s) 'latest_only_with_trigger' retrieved from /home/airflow/.local/lib/python3.12/site-packages/airflow/example_dags/example_latest_only_with_trigger.py
[2025-03-27T12:28:46.741+0000] {logging_mixin.py:190} INFO - [2025-03-27T12:28:46.740+0000] {dag.py:3239} INFO - Sync 1 DAGs
[2025-03-27T12:28:46.792+0000] {logging_mixin.py:190} INFO - [2025-03-27T12:28:46.791+0000] {dag.py:4180} INFO - Setting next_dagrun for latest_only_with_trigger to 2025-03-27 08:00:00+00:00, run_after=2025-03-27 12:00:00+00:00
[2025-03-27T12:28:46.824+0000] {processor.py:208} INFO - Processing /home/airflow/.local/lib/python3.12/site-packages/airflow/example_dags/example_latest_only_with_trigger.py took 0.149 seconds
[2025-03-27T12:29:17.267+0000] {processor.py:186} INFO - Started process (PID=56114) to work on /home/airflow/.local/lib/python3.12/site-packages/airflow/example_dags/example_latest_only_with_trigger.py
[2025-03-27T12:29:17.269+0000] {processor.py:914} INFO - Processing file /home/airflow/.local/lib/python3.12/site-packages/airflow/example_dags/example_latest_only_with_trigger.py for tasks to queue
[2025-03-27T12:29:17.272+0000] {logging_mixin.py:190} INFO - [2025-03-27T12:29:17.271+0000] {dagbag.py:588} INFO - Filling up the DagBag from /home/airflow/.local/lib/python3.12/site-packages/airflow/example_dags/example_latest_only_with_trigger.py
[2025-03-27T12:29:17.289+0000] {processor.py:925} INFO - DAG(s) 'latest_only_with_trigger' retrieved from /home/airflow/.local/lib/python3.12/site-packages/airflow/example_dags/example_latest_only_with_trigger.py
[2025-03-27T12:29:17.331+0000] {logging_mixin.py:190} INFO - [2025-03-27T12:29:17.330+0000] {dag.py:3239} INFO - Sync 1 DAGs
[2025-03-27T12:29:17.384+0000] {logging_mixin.py:190} INFO - [2025-03-27T12:29:17.384+0000] {dag.py:4180} INFO - Setting next_dagrun for latest_only_with_trigger to 2025-03-27 08:00:00+00:00, run_after=2025-03-27 12:00:00+00:00
[2025-03-27T12:29:17.423+0000] {processor.py:208} INFO - Processing /home/airflow/.local/lib/python3.12/site-packages/airflow/example_dags/example_latest_only_with_trigger.py took 0.166 seconds
[2025-03-27T12:29:47.528+0000] {processor.py:186} INFO - Started process (PID=56178) to work on /home/airflow/.local/lib/python3.12/site-packages/airflow/example_dags/example_latest_only_with_trigger.py
[2025-03-27T12:29:47.531+0000] {processor.py:914} INFO - Processing file /home/airflow/.local/lib/python3.12/site-packages/airflow/example_dags/example_latest_only_with_trigger.py for tasks to queue
[2025-03-27T12:29:47.535+0000] {logging_mixin.py:190} INFO - [2025-03-27T12:29:47.534+0000] {dagbag.py:588} INFO - Filling up the DagBag from /home/airflow/.local/lib/python3.12/site-packages/airflow/example_dags/example_latest_only_with_trigger.py
[2025-03-27T12:29:47.551+0000] {processor.py:925} INFO - DAG(s) 'latest_only_with_trigger' retrieved from /home/airflow/.local/lib/python3.12/site-packages/airflow/example_dags/example_latest_only_with_trigger.py
[2025-03-27T12:29:47.591+0000] {logging_mixin.py:190} INFO - [2025-03-27T12:29:47.590+0000] {dag.py:3239} INFO - Sync 1 DAGs
[2025-03-27T12:29:47.634+0000] {logging_mixin.py:190} INFO - [2025-03-27T12:29:47.634+0000] {dag.py:4180} INFO - Setting next_dagrun for latest_only_with_trigger to 2025-03-27 08:00:00+00:00, run_after=2025-03-27 12:00:00+00:00
[2025-03-27T12:29:47.671+0000] {processor.py:208} INFO - Processing /home/airflow/.local/lib/python3.12/site-packages/airflow/example_dags/example_latest_only_with_trigger.py took 0.164 seconds
[2025-03-27T12:30:17.781+0000] {processor.py:186} INFO - Started process (PID=56243) to work on /home/airflow/.local/lib/python3.12/site-packages/airflow/example_dags/example_latest_only_with_trigger.py
[2025-03-27T12:30:17.783+0000] {processor.py:914} INFO - Processing file /home/airflow/.local/lib/python3.12/site-packages/airflow/example_dags/example_latest_only_with_trigger.py for tasks to queue
[2025-03-27T12:30:17.786+0000] {logging_mixin.py:190} INFO - [2025-03-27T12:30:17.785+0000] {dagbag.py:588} INFO - Filling up the DagBag from /home/airflow/.local/lib/python3.12/site-packages/airflow/example_dags/example_latest_only_with_trigger.py
[2025-03-27T12:30:17.805+0000] {processor.py:925} INFO - DAG(s) 'latest_only_with_trigger' retrieved from /home/airflow/.local/lib/python3.12/site-packages/airflow/example_dags/example_latest_only_with_trigger.py
[2025-03-27T12:30:17.842+0000] {logging_mixin.py:190} INFO - [2025-03-27T12:30:17.842+0000] {dag.py:3239} INFO - Sync 1 DAGs
[2025-03-27T12:30:17.921+0000] {logging_mixin.py:190} INFO - [2025-03-27T12:30:17.921+0000] {dag.py:4180} INFO - Setting next_dagrun for latest_only_with_trigger to 2025-03-27 08:00:00+00:00, run_after=2025-03-27 12:00:00+00:00
[2025-03-27T12:30:17.997+0000] {processor.py:208} INFO - Processing /home/airflow/.local/lib/python3.12/site-packages/airflow/example_dags/example_latest_only_with_trigger.py took 0.228 seconds
[2025-03-27T12:30:48.255+0000] {processor.py:186} INFO - Started process (PID=56308) to work on /home/airflow/.local/lib/python3.12/site-packages/airflow/example_dags/example_latest_only_with_trigger.py
[2025-03-27T12:30:48.257+0000] {processor.py:914} INFO - Processing file /home/airflow/.local/lib/python3.12/site-packages/airflow/example_dags/example_latest_only_with_trigger.py for tasks to queue
[2025-03-27T12:30:48.260+0000] {logging_mixin.py:190} INFO - [2025-03-27T12:30:48.259+0000] {dagbag.py:588} INFO - Filling up the DagBag from /home/airflow/.local/lib/python3.12/site-packages/airflow/example_dags/example_latest_only_with_trigger.py
[2025-03-27T12:30:48.278+0000] {processor.py:925} INFO - DAG(s) 'latest_only_with_trigger' retrieved from /home/airflow/.local/lib/python3.12/site-packages/airflow/example_dags/example_latest_only_with_trigger.py
[2025-03-27T12:30:48.326+0000] {logging_mixin.py:190} INFO - [2025-03-27T12:30:48.326+0000] {dag.py:3239} INFO - Sync 1 DAGs
[2025-03-27T12:30:48.376+0000] {logging_mixin.py:190} INFO - [2025-03-27T12:30:48.376+0000] {dag.py:4180} INFO - Setting next_dagrun for latest_only_with_trigger to 2025-03-27 08:00:00+00:00, run_after=2025-03-27 12:00:00+00:00
[2025-03-27T12:30:48.414+0000] {processor.py:208} INFO - Processing /home/airflow/.local/lib/python3.12/site-packages/airflow/example_dags/example_latest_only_with_trigger.py took 0.175 seconds
