[2025-03-27T11:58:18.054+0000] {processor.py:186} INFO - Started process (PID=52220) to work on /home/airflow/.local/lib/python3.12/site-packages/airflow/example_dags/example_branch_python_dop_operator_3.py
[2025-03-27T11:58:18.069+0000] {processor.py:914} INFO - Processing file /home/airflow/.local/lib/python3.12/site-packages/airflow/example_dags/example_branch_python_dop_operator_3.py for tasks to queue
[2025-03-27T11:58:18.080+0000] {logging_mixin.py:190} INFO - [2025-03-27T11:58:18.079+0000] {dagbag.py:588} INFO - Filling up the DagBag from /home/airflow/.local/lib/python3.12/site-packages/airflow/example_dags/example_branch_python_dop_operator_3.py
[2025-03-27T11:58:18.148+0000] {processor.py:925} INFO - DAG(s) 'example_branch_dop_operator_v3' retrieved from /home/airflow/.local/lib/python3.12/site-packages/airflow/example_dags/example_branch_python_dop_operator_3.py
[2025-03-27T11:58:18.268+0000] {logging_mixin.py:190} INFO - [2025-03-27T11:58:18.267+0000] {dag.py:3239} INFO - Sync 1 DAGs
[2025-03-27T11:58:18.471+0000] {logging_mixin.py:190} INFO - [2025-03-27T11:58:18.470+0000] {dag.py:4180} INFO - Setting next_dagrun for example_branch_dop_operator_v3 to 2025-03-27 11:57:00+00:00, run_after=2025-03-27 11:58:00+00:00
[2025-03-27T11:58:18.604+0000] {processor.py:208} INFO - Processing /home/airflow/.local/lib/python3.12/site-packages/airflow/example_dags/example_branch_python_dop_operator_3.py took 0.574 seconds
[2025-03-27T11:58:58.650+0000] {processor.py:186} INFO - Started process (PID=52291) to work on /home/airflow/.local/lib/python3.12/site-packages/airflow/example_dags/example_branch_python_dop_operator_3.py
[2025-03-27T11:58:58.660+0000] {processor.py:914} INFO - Processing file /home/airflow/.local/lib/python3.12/site-packages/airflow/example_dags/example_branch_python_dop_operator_3.py for tasks to queue
[2025-03-27T11:58:58.667+0000] {logging_mixin.py:190} INFO - [2025-03-27T11:58:58.666+0000] {dagbag.py:588} INFO - Filling up the DagBag from /home/airflow/.local/lib/python3.12/site-packages/airflow/example_dags/example_branch_python_dop_operator_3.py
[2025-03-27T11:58:58.724+0000] {processor.py:925} INFO - DAG(s) 'example_branch_dop_operator_v3' retrieved from /home/airflow/.local/lib/python3.12/site-packages/airflow/example_dags/example_branch_python_dop_operator_3.py
[2025-03-27T11:58:58.825+0000] {logging_mixin.py:190} INFO - [2025-03-27T11:58:58.825+0000] {dag.py:3239} INFO - Sync 1 DAGs
[2025-03-27T11:58:58.979+0000] {logging_mixin.py:190} INFO - [2025-03-27T11:58:58.978+0000] {dag.py:4180} INFO - Setting next_dagrun for example_branch_dop_operator_v3 to 2025-03-27 11:57:00+00:00, run_after=2025-03-27 11:58:00+00:00
[2025-03-27T11:58:59.107+0000] {processor.py:208} INFO - Processing /home/airflow/.local/lib/python3.12/site-packages/airflow/example_dags/example_branch_python_dop_operator_3.py took 0.479 seconds
[2025-03-27T11:59:29.486+0000] {processor.py:186} INFO - Started process (PID=52355) to work on /home/airflow/.local/lib/python3.12/site-packages/airflow/example_dags/example_branch_python_dop_operator_3.py
[2025-03-27T11:59:29.489+0000] {processor.py:914} INFO - Processing file /home/airflow/.local/lib/python3.12/site-packages/airflow/example_dags/example_branch_python_dop_operator_3.py for tasks to queue
[2025-03-27T11:59:29.501+0000] {logging_mixin.py:190} INFO - [2025-03-27T11:59:29.500+0000] {dagbag.py:588} INFO - Filling up the DagBag from /home/airflow/.local/lib/python3.12/site-packages/airflow/example_dags/example_branch_python_dop_operator_3.py
[2025-03-27T11:59:29.555+0000] {processor.py:925} INFO - DAG(s) 'example_branch_dop_operator_v3' retrieved from /home/airflow/.local/lib/python3.12/site-packages/airflow/example_dags/example_branch_python_dop_operator_3.py
[2025-03-27T11:59:29.629+0000] {logging_mixin.py:190} INFO - [2025-03-27T11:59:29.629+0000] {dag.py:3239} INFO - Sync 1 DAGs
[2025-03-27T11:59:29.721+0000] {logging_mixin.py:190} INFO - [2025-03-27T11:59:29.720+0000] {dag.py:4180} INFO - Setting next_dagrun for example_branch_dop_operator_v3 to 2025-03-27 11:58:00+00:00, run_after=2025-03-27 11:59:00+00:00
[2025-03-27T11:59:29.803+0000] {processor.py:208} INFO - Processing /home/airflow/.local/lib/python3.12/site-packages/airflow/example_dags/example_branch_python_dop_operator_3.py took 0.351 seconds
[2025-03-27T12:00:02.548+0000] {processor.py:186} INFO - Started process (PID=52420) to work on /home/airflow/.local/lib/python3.12/site-packages/airflow/example_dags/example_branch_python_dop_operator_3.py
[2025-03-27T12:00:02.550+0000] {processor.py:914} INFO - Processing file /home/airflow/.local/lib/python3.12/site-packages/airflow/example_dags/example_branch_python_dop_operator_3.py for tasks to queue
[2025-03-27T12:00:02.556+0000] {logging_mixin.py:190} INFO - [2025-03-27T12:00:02.554+0000] {dagbag.py:588} INFO - Filling up the DagBag from /home/airflow/.local/lib/python3.12/site-packages/airflow/example_dags/example_branch_python_dop_operator_3.py
[2025-03-27T12:00:02.624+0000] {processor.py:925} INFO - DAG(s) 'example_branch_dop_operator_v3' retrieved from /home/airflow/.local/lib/python3.12/site-packages/airflow/example_dags/example_branch_python_dop_operator_3.py
[2025-03-27T12:00:02.805+0000] {logging_mixin.py:190} INFO - [2025-03-27T12:00:02.805+0000] {dag.py:3239} INFO - Sync 1 DAGs
[2025-03-27T12:00:02.973+0000] {logging_mixin.py:190} INFO - [2025-03-27T12:00:02.972+0000] {dag.py:4180} INFO - Setting next_dagrun for example_branch_dop_operator_v3 to 2025-03-27 11:59:00+00:00, run_after=2025-03-27 12:00:00+00:00
[2025-03-27T12:00:03.095+0000] {processor.py:208} INFO - Processing /home/airflow/.local/lib/python3.12/site-packages/airflow/example_dags/example_branch_python_dop_operator_3.py took 0.566 seconds
[2025-03-27T12:00:33.653+0000] {processor.py:186} INFO - Started process (PID=52484) to work on /home/airflow/.local/lib/python3.12/site-packages/airflow/example_dags/example_branch_python_dop_operator_3.py
[2025-03-27T12:00:33.655+0000] {processor.py:914} INFO - Processing file /home/airflow/.local/lib/python3.12/site-packages/airflow/example_dags/example_branch_python_dop_operator_3.py for tasks to queue
[2025-03-27T12:00:33.659+0000] {logging_mixin.py:190} INFO - [2025-03-27T12:00:33.658+0000] {dagbag.py:588} INFO - Filling up the DagBag from /home/airflow/.local/lib/python3.12/site-packages/airflow/example_dags/example_branch_python_dop_operator_3.py
[2025-03-27T12:00:33.688+0000] {processor.py:925} INFO - DAG(s) 'example_branch_dop_operator_v3' retrieved from /home/airflow/.local/lib/python3.12/site-packages/airflow/example_dags/example_branch_python_dop_operator_3.py
[2025-03-27T12:00:33.755+0000] {logging_mixin.py:190} INFO - [2025-03-27T12:00:33.754+0000] {dag.py:3239} INFO - Sync 1 DAGs
[2025-03-27T12:00:33.873+0000] {logging_mixin.py:190} INFO - [2025-03-27T12:00:33.872+0000] {dag.py:4180} INFO - Setting next_dagrun for example_branch_dop_operator_v3 to 2025-03-27 11:59:00+00:00, run_after=2025-03-27 12:00:00+00:00
[2025-03-27T12:00:33.943+0000] {processor.py:208} INFO - Processing /home/airflow/.local/lib/python3.12/site-packages/airflow/example_dags/example_branch_python_dop_operator_3.py took 0.308 seconds
[2025-03-27T12:01:05.197+0000] {processor.py:186} INFO - Started process (PID=52549) to work on /home/airflow/.local/lib/python3.12/site-packages/airflow/example_dags/example_branch_python_dop_operator_3.py
[2025-03-27T12:01:05.199+0000] {processor.py:914} INFO - Processing file /home/airflow/.local/lib/python3.12/site-packages/airflow/example_dags/example_branch_python_dop_operator_3.py for tasks to queue
[2025-03-27T12:01:05.202+0000] {logging_mixin.py:190} INFO - [2025-03-27T12:01:05.201+0000] {dagbag.py:588} INFO - Filling up the DagBag from /home/airflow/.local/lib/python3.12/site-packages/airflow/example_dags/example_branch_python_dop_operator_3.py
[2025-03-27T12:01:05.223+0000] {processor.py:925} INFO - DAG(s) 'example_branch_dop_operator_v3' retrieved from /home/airflow/.local/lib/python3.12/site-packages/airflow/example_dags/example_branch_python_dop_operator_3.py
[2025-03-27T12:01:05.271+0000] {logging_mixin.py:190} INFO - [2025-03-27T12:01:05.270+0000] {dag.py:3239} INFO - Sync 1 DAGs
[2025-03-27T12:01:05.329+0000] {logging_mixin.py:190} INFO - [2025-03-27T12:01:05.328+0000] {dag.py:4180} INFO - Setting next_dagrun for example_branch_dop_operator_v3 to 2025-03-27 12:00:00+00:00, run_after=2025-03-27 12:01:00+00:00
[2025-03-27T12:01:05.367+0000] {processor.py:208} INFO - Processing /home/airflow/.local/lib/python3.12/site-packages/airflow/example_dags/example_branch_python_dop_operator_3.py took 0.180 seconds
[2025-03-27T12:01:35.656+0000] {processor.py:186} INFO - Started process (PID=52613) to work on /home/airflow/.local/lib/python3.12/site-packages/airflow/example_dags/example_branch_python_dop_operator_3.py
[2025-03-27T12:01:35.657+0000] {processor.py:914} INFO - Processing file /home/airflow/.local/lib/python3.12/site-packages/airflow/example_dags/example_branch_python_dop_operator_3.py for tasks to queue
[2025-03-27T12:01:35.660+0000] {logging_mixin.py:190} INFO - [2025-03-27T12:01:35.659+0000] {dagbag.py:588} INFO - Filling up the DagBag from /home/airflow/.local/lib/python3.12/site-packages/airflow/example_dags/example_branch_python_dop_operator_3.py
[2025-03-27T12:01:35.681+0000] {processor.py:925} INFO - DAG(s) 'example_branch_dop_operator_v3' retrieved from /home/airflow/.local/lib/python3.12/site-packages/airflow/example_dags/example_branch_python_dop_operator_3.py
[2025-03-27T12:01:35.718+0000] {logging_mixin.py:190} INFO - [2025-03-27T12:01:35.717+0000] {dag.py:3239} INFO - Sync 1 DAGs
[2025-03-27T12:01:35.768+0000] {logging_mixin.py:190} INFO - [2025-03-27T12:01:35.767+0000] {dag.py:4180} INFO - Setting next_dagrun for example_branch_dop_operator_v3 to 2025-03-27 12:00:00+00:00, run_after=2025-03-27 12:01:00+00:00
[2025-03-27T12:01:35.817+0000] {processor.py:208} INFO - Processing /home/airflow/.local/lib/python3.12/site-packages/airflow/example_dags/example_branch_python_dop_operator_3.py took 0.171 seconds
[2025-03-27T12:02:06.055+0000] {processor.py:186} INFO - Started process (PID=52678) to work on /home/airflow/.local/lib/python3.12/site-packages/airflow/example_dags/example_branch_python_dop_operator_3.py
[2025-03-27T12:02:06.057+0000] {processor.py:914} INFO - Processing file /home/airflow/.local/lib/python3.12/site-packages/airflow/example_dags/example_branch_python_dop_operator_3.py for tasks to queue
[2025-03-27T12:02:06.060+0000] {logging_mixin.py:190} INFO - [2025-03-27T12:02:06.060+0000] {dagbag.py:588} INFO - Filling up the DagBag from /home/airflow/.local/lib/python3.12/site-packages/airflow/example_dags/example_branch_python_dop_operator_3.py
[2025-03-27T12:02:06.079+0000] {processor.py:925} INFO - DAG(s) 'example_branch_dop_operator_v3' retrieved from /home/airflow/.local/lib/python3.12/site-packages/airflow/example_dags/example_branch_python_dop_operator_3.py
[2025-03-27T12:02:06.119+0000] {logging_mixin.py:190} INFO - [2025-03-27T12:02:06.119+0000] {dag.py:3239} INFO - Sync 1 DAGs
[2025-03-27T12:02:06.166+0000] {logging_mixin.py:190} INFO - [2025-03-27T12:02:06.166+0000] {dag.py:4180} INFO - Setting next_dagrun for example_branch_dop_operator_v3 to 2025-03-27 12:01:00+00:00, run_after=2025-03-27 12:02:00+00:00
[2025-03-27T12:02:06.203+0000] {processor.py:208} INFO - Processing /home/airflow/.local/lib/python3.12/site-packages/airflow/example_dags/example_branch_python_dop_operator_3.py took 0.158 seconds
[2025-03-27T12:02:37.023+0000] {processor.py:186} INFO - Started process (PID=52744) to work on /home/airflow/.local/lib/python3.12/site-packages/airflow/example_dags/example_branch_python_dop_operator_3.py
[2025-03-27T12:02:37.025+0000] {processor.py:914} INFO - Processing file /home/airflow/.local/lib/python3.12/site-packages/airflow/example_dags/example_branch_python_dop_operator_3.py for tasks to queue
[2025-03-27T12:02:37.028+0000] {logging_mixin.py:190} INFO - [2025-03-27T12:02:37.027+0000] {dagbag.py:588} INFO - Filling up the DagBag from /home/airflow/.local/lib/python3.12/site-packages/airflow/example_dags/example_branch_python_dop_operator_3.py
[2025-03-27T12:02:37.052+0000] {processor.py:925} INFO - DAG(s) 'example_branch_dop_operator_v3' retrieved from /home/airflow/.local/lib/python3.12/site-packages/airflow/example_dags/example_branch_python_dop_operator_3.py
[2025-03-27T12:02:37.092+0000] {logging_mixin.py:190} INFO - [2025-03-27T12:02:37.091+0000] {dag.py:3239} INFO - Sync 1 DAGs
[2025-03-27T12:02:37.145+0000] {logging_mixin.py:190} INFO - [2025-03-27T12:02:37.145+0000] {dag.py:4180} INFO - Setting next_dagrun for example_branch_dop_operator_v3 to 2025-03-27 12:01:00+00:00, run_after=2025-03-27 12:02:00+00:00
[2025-03-27T12:02:37.188+0000] {processor.py:208} INFO - Processing /home/airflow/.local/lib/python3.12/site-packages/airflow/example_dags/example_branch_python_dop_operator_3.py took 0.176 seconds
[2025-03-27T12:03:07.641+0000] {processor.py:186} INFO - Started process (PID=52809) to work on /home/airflow/.local/lib/python3.12/site-packages/airflow/example_dags/example_branch_python_dop_operator_3.py
[2025-03-27T12:03:07.643+0000] {processor.py:914} INFO - Processing file /home/airflow/.local/lib/python3.12/site-packages/airflow/example_dags/example_branch_python_dop_operator_3.py for tasks to queue
[2025-03-27T12:03:07.646+0000] {logging_mixin.py:190} INFO - [2025-03-27T12:03:07.646+0000] {dagbag.py:588} INFO - Filling up the DagBag from /home/airflow/.local/lib/python3.12/site-packages/airflow/example_dags/example_branch_python_dop_operator_3.py
[2025-03-27T12:03:07.672+0000] {processor.py:925} INFO - DAG(s) 'example_branch_dop_operator_v3' retrieved from /home/airflow/.local/lib/python3.12/site-packages/airflow/example_dags/example_branch_python_dop_operator_3.py
[2025-03-27T12:03:07.716+0000] {logging_mixin.py:190} INFO - [2025-03-27T12:03:07.716+0000] {dag.py:3239} INFO - Sync 1 DAGs
[2025-03-27T12:03:07.785+0000] {logging_mixin.py:190} INFO - [2025-03-27T12:03:07.784+0000] {dag.py:4180} INFO - Setting next_dagrun for example_branch_dop_operator_v3 to 2025-03-27 12:02:00+00:00, run_after=2025-03-27 12:03:00+00:00
[2025-03-27T12:03:07.829+0000] {processor.py:208} INFO - Processing /home/airflow/.local/lib/python3.12/site-packages/airflow/example_dags/example_branch_python_dop_operator_3.py took 0.199 seconds
[2025-03-27T12:03:38.503+0000] {processor.py:186} INFO - Started process (PID=52874) to work on /home/airflow/.local/lib/python3.12/site-packages/airflow/example_dags/example_branch_python_dop_operator_3.py
[2025-03-27T12:03:38.505+0000] {processor.py:914} INFO - Processing file /home/airflow/.local/lib/python3.12/site-packages/airflow/example_dags/example_branch_python_dop_operator_3.py for tasks to queue
[2025-03-27T12:03:38.509+0000] {logging_mixin.py:190} INFO - [2025-03-27T12:03:38.508+0000] {dagbag.py:588} INFO - Filling up the DagBag from /home/airflow/.local/lib/python3.12/site-packages/airflow/example_dags/example_branch_python_dop_operator_3.py
[2025-03-27T12:03:38.535+0000] {processor.py:925} INFO - DAG(s) 'example_branch_dop_operator_v3' retrieved from /home/airflow/.local/lib/python3.12/site-packages/airflow/example_dags/example_branch_python_dop_operator_3.py
[2025-03-27T12:03:38.600+0000] {logging_mixin.py:190} INFO - [2025-03-27T12:03:38.600+0000] {dag.py:3239} INFO - Sync 1 DAGs
[2025-03-27T12:03:38.665+0000] {logging_mixin.py:190} INFO - [2025-03-27T12:03:38.665+0000] {dag.py:4180} INFO - Setting next_dagrun for example_branch_dop_operator_v3 to 2025-03-27 12:02:00+00:00, run_after=2025-03-27 12:03:00+00:00
[2025-03-27T12:03:38.708+0000] {processor.py:208} INFO - Processing /home/airflow/.local/lib/python3.12/site-packages/airflow/example_dags/example_branch_python_dop_operator_3.py took 0.218 seconds
[2025-03-27T12:04:09.208+0000] {processor.py:186} INFO - Started process (PID=52938) to work on /home/airflow/.local/lib/python3.12/site-packages/airflow/example_dags/example_branch_python_dop_operator_3.py
[2025-03-27T12:04:09.210+0000] {processor.py:914} INFO - Processing file /home/airflow/.local/lib/python3.12/site-packages/airflow/example_dags/example_branch_python_dop_operator_3.py for tasks to queue
[2025-03-27T12:04:09.214+0000] {logging_mixin.py:190} INFO - [2025-03-27T12:04:09.213+0000] {dagbag.py:588} INFO - Filling up the DagBag from /home/airflow/.local/lib/python3.12/site-packages/airflow/example_dags/example_branch_python_dop_operator_3.py
[2025-03-27T12:04:09.245+0000] {processor.py:925} INFO - DAG(s) 'example_branch_dop_operator_v3' retrieved from /home/airflow/.local/lib/python3.12/site-packages/airflow/example_dags/example_branch_python_dop_operator_3.py
[2025-03-27T12:04:09.313+0000] {logging_mixin.py:190} INFO - [2025-03-27T12:04:09.312+0000] {dag.py:3239} INFO - Sync 1 DAGs
[2025-03-27T12:04:09.423+0000] {logging_mixin.py:190} INFO - [2025-03-27T12:04:09.420+0000] {dag.py:4180} INFO - Setting next_dagrun for example_branch_dop_operator_v3 to 2025-03-27 12:03:00+00:00, run_after=2025-03-27 12:04:00+00:00
[2025-03-27T12:04:09.529+0000] {processor.py:208} INFO - Processing /home/airflow/.local/lib/python3.12/site-packages/airflow/example_dags/example_branch_python_dop_operator_3.py took 0.339 seconds
[2025-03-27T12:04:40.062+0000] {processor.py:186} INFO - Started process (PID=53002) to work on /home/airflow/.local/lib/python3.12/site-packages/airflow/example_dags/example_branch_python_dop_operator_3.py
[2025-03-27T12:04:40.065+0000] {processor.py:914} INFO - Processing file /home/airflow/.local/lib/python3.12/site-packages/airflow/example_dags/example_branch_python_dop_operator_3.py for tasks to queue
[2025-03-27T12:04:40.071+0000] {logging_mixin.py:190} INFO - [2025-03-27T12:04:40.067+0000] {dagbag.py:588} INFO - Filling up the DagBag from /home/airflow/.local/lib/python3.12/site-packages/airflow/example_dags/example_branch_python_dop_operator_3.py
[2025-03-27T12:04:40.111+0000] {processor.py:925} INFO - DAG(s) 'example_branch_dop_operator_v3' retrieved from /home/airflow/.local/lib/python3.12/site-packages/airflow/example_dags/example_branch_python_dop_operator_3.py
[2025-03-27T12:04:40.174+0000] {logging_mixin.py:190} INFO - [2025-03-27T12:04:40.174+0000] {dag.py:3239} INFO - Sync 1 DAGs
[2025-03-27T12:04:40.280+0000] {logging_mixin.py:190} INFO - [2025-03-27T12:04:40.279+0000] {dag.py:4180} INFO - Setting next_dagrun for example_branch_dop_operator_v3 to 2025-03-27 12:03:00+00:00, run_after=2025-03-27 12:04:00+00:00
[2025-03-27T12:04:40.348+0000] {processor.py:208} INFO - Processing /home/airflow/.local/lib/python3.12/site-packages/airflow/example_dags/example_branch_python_dop_operator_3.py took 0.300 seconds
[2025-03-27T12:05:10.915+0000] {processor.py:186} INFO - Started process (PID=53066) to work on /home/airflow/.local/lib/python3.12/site-packages/airflow/example_dags/example_branch_python_dop_operator_3.py
[2025-03-27T12:05:10.917+0000] {processor.py:914} INFO - Processing file /home/airflow/.local/lib/python3.12/site-packages/airflow/example_dags/example_branch_python_dop_operator_3.py for tasks to queue
[2025-03-27T12:05:10.920+0000] {logging_mixin.py:190} INFO - [2025-03-27T12:05:10.919+0000] {dagbag.py:588} INFO - Filling up the DagBag from /home/airflow/.local/lib/python3.12/site-packages/airflow/example_dags/example_branch_python_dop_operator_3.py
[2025-03-27T12:05:10.939+0000] {processor.py:925} INFO - DAG(s) 'example_branch_dop_operator_v3' retrieved from /home/airflow/.local/lib/python3.12/site-packages/airflow/example_dags/example_branch_python_dop_operator_3.py
[2025-03-27T12:05:10.982+0000] {logging_mixin.py:190} INFO - [2025-03-27T12:05:10.982+0000] {dag.py:3239} INFO - Sync 1 DAGs
[2025-03-27T12:05:11.043+0000] {logging_mixin.py:190} INFO - [2025-03-27T12:05:11.042+0000] {dag.py:4180} INFO - Setting next_dagrun for example_branch_dop_operator_v3 to 2025-03-27 12:04:00+00:00, run_after=2025-03-27 12:05:00+00:00
[2025-03-27T12:05:11.098+0000] {processor.py:208} INFO - Processing /home/airflow/.local/lib/python3.12/site-packages/airflow/example_dags/example_branch_python_dop_operator_3.py took 0.195 seconds
[2025-03-27T12:05:41.440+0000] {processor.py:186} INFO - Started process (PID=53131) to work on /home/airflow/.local/lib/python3.12/site-packages/airflow/example_dags/example_branch_python_dop_operator_3.py
[2025-03-27T12:05:41.441+0000] {processor.py:914} INFO - Processing file /home/airflow/.local/lib/python3.12/site-packages/airflow/example_dags/example_branch_python_dop_operator_3.py for tasks to queue
[2025-03-27T12:05:41.444+0000] {logging_mixin.py:190} INFO - [2025-03-27T12:05:41.443+0000] {dagbag.py:588} INFO - Filling up the DagBag from /home/airflow/.local/lib/python3.12/site-packages/airflow/example_dags/example_branch_python_dop_operator_3.py
[2025-03-27T12:05:41.471+0000] {processor.py:925} INFO - DAG(s) 'example_branch_dop_operator_v3' retrieved from /home/airflow/.local/lib/python3.12/site-packages/airflow/example_dags/example_branch_python_dop_operator_3.py
[2025-03-27T12:05:41.514+0000] {logging_mixin.py:190} INFO - [2025-03-27T12:05:41.514+0000] {dag.py:3239} INFO - Sync 1 DAGs
[2025-03-27T12:05:41.572+0000] {logging_mixin.py:190} INFO - [2025-03-27T12:05:41.572+0000] {dag.py:4180} INFO - Setting next_dagrun for example_branch_dop_operator_v3 to 2025-03-27 12:04:00+00:00, run_after=2025-03-27 12:05:00+00:00
[2025-03-27T12:05:41.635+0000] {processor.py:208} INFO - Processing /home/airflow/.local/lib/python3.12/site-packages/airflow/example_dags/example_branch_python_dop_operator_3.py took 0.205 seconds
[2025-03-27T12:06:12.041+0000] {processor.py:186} INFO - Started process (PID=53196) to work on /home/airflow/.local/lib/python3.12/site-packages/airflow/example_dags/example_branch_python_dop_operator_3.py
[2025-03-27T12:06:12.043+0000] {processor.py:914} INFO - Processing file /home/airflow/.local/lib/python3.12/site-packages/airflow/example_dags/example_branch_python_dop_operator_3.py for tasks to queue
[2025-03-27T12:06:12.046+0000] {logging_mixin.py:190} INFO - [2025-03-27T12:06:12.045+0000] {dagbag.py:588} INFO - Filling up the DagBag from /home/airflow/.local/lib/python3.12/site-packages/airflow/example_dags/example_branch_python_dop_operator_3.py
[2025-03-27T12:06:12.066+0000] {processor.py:925} INFO - DAG(s) 'example_branch_dop_operator_v3' retrieved from /home/airflow/.local/lib/python3.12/site-packages/airflow/example_dags/example_branch_python_dop_operator_3.py
[2025-03-27T12:06:12.106+0000] {logging_mixin.py:190} INFO - [2025-03-27T12:06:12.105+0000] {dag.py:3239} INFO - Sync 1 DAGs
[2025-03-27T12:06:12.161+0000] {logging_mixin.py:190} INFO - [2025-03-27T12:06:12.160+0000] {dag.py:4180} INFO - Setting next_dagrun for example_branch_dop_operator_v3 to 2025-03-27 12:05:00+00:00, run_after=2025-03-27 12:06:00+00:00
[2025-03-27T12:06:12.204+0000] {processor.py:208} INFO - Processing /home/airflow/.local/lib/python3.12/site-packages/airflow/example_dags/example_branch_python_dop_operator_3.py took 0.177 seconds
[2025-03-27T12:06:42.479+0000] {processor.py:186} INFO - Started process (PID=53261) to work on /home/airflow/.local/lib/python3.12/site-packages/airflow/example_dags/example_branch_python_dop_operator_3.py
[2025-03-27T12:06:42.482+0000] {processor.py:914} INFO - Processing file /home/airflow/.local/lib/python3.12/site-packages/airflow/example_dags/example_branch_python_dop_operator_3.py for tasks to queue
[2025-03-27T12:06:42.486+0000] {logging_mixin.py:190} INFO - [2025-03-27T12:06:42.485+0000] {dagbag.py:588} INFO - Filling up the DagBag from /home/airflow/.local/lib/python3.12/site-packages/airflow/example_dags/example_branch_python_dop_operator_3.py
[2025-03-27T12:06:42.533+0000] {processor.py:925} INFO - DAG(s) 'example_branch_dop_operator_v3' retrieved from /home/airflow/.local/lib/python3.12/site-packages/airflow/example_dags/example_branch_python_dop_operator_3.py
[2025-03-27T12:06:42.599+0000] {logging_mixin.py:190} INFO - [2025-03-27T12:06:42.598+0000] {dag.py:3239} INFO - Sync 1 DAGs
[2025-03-27T12:06:42.688+0000] {logging_mixin.py:190} INFO - [2025-03-27T12:06:42.687+0000] {dag.py:4180} INFO - Setting next_dagrun for example_branch_dop_operator_v3 to 2025-03-27 12:05:00+00:00, run_after=2025-03-27 12:06:00+00:00
[2025-03-27T12:06:42.771+0000] {processor.py:208} INFO - Processing /home/airflow/.local/lib/python3.12/site-packages/airflow/example_dags/example_branch_python_dop_operator_3.py took 0.313 seconds
[2025-03-27T12:07:13.969+0000] {processor.py:186} INFO - Started process (PID=53326) to work on /home/airflow/.local/lib/python3.12/site-packages/airflow/example_dags/example_branch_python_dop_operator_3.py
[2025-03-27T12:07:13.971+0000] {processor.py:914} INFO - Processing file /home/airflow/.local/lib/python3.12/site-packages/airflow/example_dags/example_branch_python_dop_operator_3.py for tasks to queue
[2025-03-27T12:07:13.975+0000] {logging_mixin.py:190} INFO - [2025-03-27T12:07:13.974+0000] {dagbag.py:588} INFO - Filling up the DagBag from /home/airflow/.local/lib/python3.12/site-packages/airflow/example_dags/example_branch_python_dop_operator_3.py
[2025-03-27T12:07:14.003+0000] {processor.py:925} INFO - DAG(s) 'example_branch_dop_operator_v3' retrieved from /home/airflow/.local/lib/python3.12/site-packages/airflow/example_dags/example_branch_python_dop_operator_3.py
[2025-03-27T12:07:14.050+0000] {logging_mixin.py:190} INFO - [2025-03-27T12:07:14.050+0000] {dag.py:3239} INFO - Sync 1 DAGs
[2025-03-27T12:07:14.144+0000] {logging_mixin.py:190} INFO - [2025-03-27T12:07:14.143+0000] {dag.py:4180} INFO - Setting next_dagrun for example_branch_dop_operator_v3 to 2025-03-27 12:06:00+00:00, run_after=2025-03-27 12:07:00+00:00
[2025-03-27T12:07:14.191+0000] {processor.py:208} INFO - Processing /home/airflow/.local/lib/python3.12/site-packages/airflow/example_dags/example_branch_python_dop_operator_3.py took 0.233 seconds
[2025-03-27T12:07:44.712+0000] {processor.py:186} INFO - Started process (PID=53390) to work on /home/airflow/.local/lib/python3.12/site-packages/airflow/example_dags/example_branch_python_dop_operator_3.py
[2025-03-27T12:07:44.714+0000] {processor.py:914} INFO - Processing file /home/airflow/.local/lib/python3.12/site-packages/airflow/example_dags/example_branch_python_dop_operator_3.py for tasks to queue
[2025-03-27T12:07:44.718+0000] {logging_mixin.py:190} INFO - [2025-03-27T12:07:44.717+0000] {dagbag.py:588} INFO - Filling up the DagBag from /home/airflow/.local/lib/python3.12/site-packages/airflow/example_dags/example_branch_python_dop_operator_3.py
[2025-03-27T12:07:44.742+0000] {processor.py:925} INFO - DAG(s) 'example_branch_dop_operator_v3' retrieved from /home/airflow/.local/lib/python3.12/site-packages/airflow/example_dags/example_branch_python_dop_operator_3.py
[2025-03-27T12:07:44.792+0000] {logging_mixin.py:190} INFO - [2025-03-27T12:07:44.791+0000] {dag.py:3239} INFO - Sync 1 DAGs
[2025-03-27T12:07:44.864+0000] {logging_mixin.py:190} INFO - [2025-03-27T12:07:44.863+0000] {dag.py:4180} INFO - Setting next_dagrun for example_branch_dop_operator_v3 to 2025-03-27 12:06:00+00:00, run_after=2025-03-27 12:07:00+00:00
[2025-03-27T12:07:44.921+0000] {processor.py:208} INFO - Processing /home/airflow/.local/lib/python3.12/site-packages/airflow/example_dags/example_branch_python_dop_operator_3.py took 0.223 seconds
[2025-03-27T12:08:20.543+0000] {processor.py:186} INFO - Started process (PID=53457) to work on /home/airflow/.local/lib/python3.12/site-packages/airflow/example_dags/example_branch_python_dop_operator_3.py
[2025-03-27T12:08:20.547+0000] {processor.py:914} INFO - Processing file /home/airflow/.local/lib/python3.12/site-packages/airflow/example_dags/example_branch_python_dop_operator_3.py for tasks to queue
[2025-03-27T12:08:20.558+0000] {logging_mixin.py:190} INFO - [2025-03-27T12:08:20.550+0000] {dagbag.py:588} INFO - Filling up the DagBag from /home/airflow/.local/lib/python3.12/site-packages/airflow/example_dags/example_branch_python_dop_operator_3.py
[2025-03-27T12:08:20.639+0000] {processor.py:925} INFO - DAG(s) 'example_branch_dop_operator_v3' retrieved from /home/airflow/.local/lib/python3.12/site-packages/airflow/example_dags/example_branch_python_dop_operator_3.py
[2025-03-27T12:08:20.837+0000] {logging_mixin.py:190} INFO - [2025-03-27T12:08:20.835+0000] {dag.py:3239} INFO - Sync 1 DAGs
[2025-03-27T12:08:21.103+0000] {logging_mixin.py:190} INFO - [2025-03-27T12:08:21.103+0000] {dag.py:4180} INFO - Setting next_dagrun for example_branch_dop_operator_v3 to 2025-03-27 12:07:00+00:00, run_after=2025-03-27 12:08:00+00:00
[2025-03-27T12:08:21.273+0000] {processor.py:208} INFO - Processing /home/airflow/.local/lib/python3.12/site-packages/airflow/example_dags/example_branch_python_dop_operator_3.py took 0.752 seconds
[2025-03-27T12:08:53.041+0000] {processor.py:186} INFO - Started process (PID=53521) to work on /home/airflow/.local/lib/python3.12/site-packages/airflow/example_dags/example_branch_python_dop_operator_3.py
[2025-03-27T12:08:53.043+0000] {processor.py:914} INFO - Processing file /home/airflow/.local/lib/python3.12/site-packages/airflow/example_dags/example_branch_python_dop_operator_3.py for tasks to queue
[2025-03-27T12:08:53.051+0000] {logging_mixin.py:190} INFO - [2025-03-27T12:08:53.048+0000] {dagbag.py:588} INFO - Filling up the DagBag from /home/airflow/.local/lib/python3.12/site-packages/airflow/example_dags/example_branch_python_dop_operator_3.py
[2025-03-27T12:08:53.109+0000] {processor.py:925} INFO - DAG(s) 'example_branch_dop_operator_v3' retrieved from /home/airflow/.local/lib/python3.12/site-packages/airflow/example_dags/example_branch_python_dop_operator_3.py
[2025-03-27T12:08:53.196+0000] {logging_mixin.py:190} INFO - [2025-03-27T12:08:53.195+0000] {dag.py:3239} INFO - Sync 1 DAGs
[2025-03-27T12:08:53.301+0000] {logging_mixin.py:190} INFO - [2025-03-27T12:08:53.299+0000] {dag.py:4180} INFO - Setting next_dagrun for example_branch_dop_operator_v3 to 2025-03-27 12:07:00+00:00, run_after=2025-03-27 12:08:00+00:00
[2025-03-27T12:08:53.374+0000] {processor.py:208} INFO - Processing /home/airflow/.local/lib/python3.12/site-packages/airflow/example_dags/example_branch_python_dop_operator_3.py took 0.352 seconds
[2025-03-27T12:09:25.152+0000] {processor.py:186} INFO - Started process (PID=53586) to work on /home/airflow/.local/lib/python3.12/site-packages/airflow/example_dags/example_branch_python_dop_operator_3.py
[2025-03-27T12:09:25.158+0000] {processor.py:914} INFO - Processing file /home/airflow/.local/lib/python3.12/site-packages/airflow/example_dags/example_branch_python_dop_operator_3.py for tasks to queue
[2025-03-27T12:09:25.169+0000] {logging_mixin.py:190} INFO - [2025-03-27T12:09:25.163+0000] {dagbag.py:588} INFO - Filling up the DagBag from /home/airflow/.local/lib/python3.12/site-packages/airflow/example_dags/example_branch_python_dop_operator_3.py
[2025-03-27T12:09:25.230+0000] {processor.py:925} INFO - DAG(s) 'example_branch_dop_operator_v3' retrieved from /home/airflow/.local/lib/python3.12/site-packages/airflow/example_dags/example_branch_python_dop_operator_3.py
[2025-03-27T12:09:25.299+0000] {logging_mixin.py:190} INFO - [2025-03-27T12:09:25.298+0000] {dag.py:3239} INFO - Sync 1 DAGs
[2025-03-27T12:09:25.453+0000] {logging_mixin.py:190} INFO - [2025-03-27T12:09:25.452+0000] {dag.py:4180} INFO - Setting next_dagrun for example_branch_dop_operator_v3 to 2025-03-27 12:08:00+00:00, run_after=2025-03-27 12:09:00+00:00
[2025-03-27T12:09:25.582+0000] {processor.py:208} INFO - Processing /home/airflow/.local/lib/python3.12/site-packages/airflow/example_dags/example_branch_python_dop_operator_3.py took 0.469 seconds
[2025-03-27T12:09:56.687+0000] {processor.py:186} INFO - Started process (PID=53658) to work on /home/airflow/.local/lib/python3.12/site-packages/airflow/example_dags/example_branch_python_dop_operator_3.py
[2025-03-27T12:09:56.689+0000] {processor.py:914} INFO - Processing file /home/airflow/.local/lib/python3.12/site-packages/airflow/example_dags/example_branch_python_dop_operator_3.py for tasks to queue
[2025-03-27T12:09:56.693+0000] {logging_mixin.py:190} INFO - [2025-03-27T12:09:56.692+0000] {dagbag.py:588} INFO - Filling up the DagBag from /home/airflow/.local/lib/python3.12/site-packages/airflow/example_dags/example_branch_python_dop_operator_3.py
[2025-03-27T12:09:56.746+0000] {processor.py:925} INFO - DAG(s) 'example_branch_dop_operator_v3' retrieved from /home/airflow/.local/lib/python3.12/site-packages/airflow/example_dags/example_branch_python_dop_operator_3.py
[2025-03-27T12:09:56.810+0000] {logging_mixin.py:190} INFO - [2025-03-27T12:09:56.809+0000] {dag.py:3239} INFO - Sync 1 DAGs
[2025-03-27T12:09:56.924+0000] {logging_mixin.py:190} INFO - [2025-03-27T12:09:56.923+0000] {dag.py:4180} INFO - Setting next_dagrun for example_branch_dop_operator_v3 to 2025-03-27 12:08:00+00:00, run_after=2025-03-27 12:09:00+00:00
[2025-03-27T12:09:56.992+0000] {processor.py:208} INFO - Processing /home/airflow/.local/lib/python3.12/site-packages/airflow/example_dags/example_branch_python_dop_operator_3.py took 0.326 seconds
[2025-03-27T12:10:27.876+0000] {processor.py:186} INFO - Started process (PID=53723) to work on /home/airflow/.local/lib/python3.12/site-packages/airflow/example_dags/example_branch_python_dop_operator_3.py
[2025-03-27T12:10:27.879+0000] {processor.py:914} INFO - Processing file /home/airflow/.local/lib/python3.12/site-packages/airflow/example_dags/example_branch_python_dop_operator_3.py for tasks to queue
[2025-03-27T12:10:27.883+0000] {logging_mixin.py:190} INFO - [2025-03-27T12:10:27.882+0000] {dagbag.py:588} INFO - Filling up the DagBag from /home/airflow/.local/lib/python3.12/site-packages/airflow/example_dags/example_branch_python_dop_operator_3.py
[2025-03-27T12:10:27.915+0000] {processor.py:925} INFO - DAG(s) 'example_branch_dop_operator_v3' retrieved from /home/airflow/.local/lib/python3.12/site-packages/airflow/example_dags/example_branch_python_dop_operator_3.py
[2025-03-27T12:10:27.994+0000] {logging_mixin.py:190} INFO - [2025-03-27T12:10:27.994+0000] {dag.py:3239} INFO - Sync 1 DAGs
[2025-03-27T12:10:28.094+0000] {logging_mixin.py:190} INFO - [2025-03-27T12:10:28.093+0000] {dag.py:4180} INFO - Setting next_dagrun for example_branch_dop_operator_v3 to 2025-03-27 12:09:00+00:00, run_after=2025-03-27 12:10:00+00:00
[2025-03-27T12:10:28.151+0000] {processor.py:208} INFO - Processing /home/airflow/.local/lib/python3.12/site-packages/airflow/example_dags/example_branch_python_dop_operator_3.py took 0.290 seconds
[2025-03-27T12:10:58.991+0000] {processor.py:186} INFO - Started process (PID=53788) to work on /home/airflow/.local/lib/python3.12/site-packages/airflow/example_dags/example_branch_python_dop_operator_3.py
[2025-03-27T12:10:58.994+0000] {processor.py:914} INFO - Processing file /home/airflow/.local/lib/python3.12/site-packages/airflow/example_dags/example_branch_python_dop_operator_3.py for tasks to queue
[2025-03-27T12:10:58.997+0000] {logging_mixin.py:190} INFO - [2025-03-27T12:10:58.996+0000] {dagbag.py:588} INFO - Filling up the DagBag from /home/airflow/.local/lib/python3.12/site-packages/airflow/example_dags/example_branch_python_dop_operator_3.py
[2025-03-27T12:10:59.026+0000] {processor.py:925} INFO - DAG(s) 'example_branch_dop_operator_v3' retrieved from /home/airflow/.local/lib/python3.12/site-packages/airflow/example_dags/example_branch_python_dop_operator_3.py
[2025-03-27T12:10:59.091+0000] {logging_mixin.py:190} INFO - [2025-03-27T12:10:59.090+0000] {dag.py:3239} INFO - Sync 1 DAGs
[2025-03-27T12:10:59.189+0000] {logging_mixin.py:190} INFO - [2025-03-27T12:10:59.188+0000] {dag.py:4180} INFO - Setting next_dagrun for example_branch_dop_operator_v3 to 2025-03-27 12:09:00+00:00, run_after=2025-03-27 12:10:00+00:00
[2025-03-27T12:10:59.245+0000] {processor.py:208} INFO - Processing /home/airflow/.local/lib/python3.12/site-packages/airflow/example_dags/example_branch_python_dop_operator_3.py took 0.270 seconds
[2025-03-27T12:11:29.786+0000] {processor.py:186} INFO - Started process (PID=53853) to work on /home/airflow/.local/lib/python3.12/site-packages/airflow/example_dags/example_branch_python_dop_operator_3.py
[2025-03-27T12:11:29.788+0000] {processor.py:914} INFO - Processing file /home/airflow/.local/lib/python3.12/site-packages/airflow/example_dags/example_branch_python_dop_operator_3.py for tasks to queue
[2025-03-27T12:11:29.794+0000] {logging_mixin.py:190} INFO - [2025-03-27T12:11:29.793+0000] {dagbag.py:588} INFO - Filling up the DagBag from /home/airflow/.local/lib/python3.12/site-packages/airflow/example_dags/example_branch_python_dop_operator_3.py
[2025-03-27T12:11:29.827+0000] {processor.py:925} INFO - DAG(s) 'example_branch_dop_operator_v3' retrieved from /home/airflow/.local/lib/python3.12/site-packages/airflow/example_dags/example_branch_python_dop_operator_3.py
[2025-03-27T12:11:29.889+0000] {logging_mixin.py:190} INFO - [2025-03-27T12:11:29.888+0000] {dag.py:3239} INFO - Sync 1 DAGs
[2025-03-27T12:11:29.982+0000] {logging_mixin.py:190} INFO - [2025-03-27T12:11:29.982+0000] {dag.py:4180} INFO - Setting next_dagrun for example_branch_dop_operator_v3 to 2025-03-27 12:10:00+00:00, run_after=2025-03-27 12:11:00+00:00
[2025-03-27T12:11:30.040+0000] {processor.py:208} INFO - Processing /home/airflow/.local/lib/python3.12/site-packages/airflow/example_dags/example_branch_python_dop_operator_3.py took 0.275 seconds
[2025-03-27T12:12:00.174+0000] {processor.py:186} INFO - Started process (PID=53918) to work on /home/airflow/.local/lib/python3.12/site-packages/airflow/example_dags/example_branch_python_dop_operator_3.py
[2025-03-27T12:12:00.176+0000] {processor.py:914} INFO - Processing file /home/airflow/.local/lib/python3.12/site-packages/airflow/example_dags/example_branch_python_dop_operator_3.py for tasks to queue
[2025-03-27T12:12:00.179+0000] {logging_mixin.py:190} INFO - [2025-03-27T12:12:00.178+0000] {dagbag.py:588} INFO - Filling up the DagBag from /home/airflow/.local/lib/python3.12/site-packages/airflow/example_dags/example_branch_python_dop_operator_3.py
[2025-03-27T12:12:00.198+0000] {processor.py:925} INFO - DAG(s) 'example_branch_dop_operator_v3' retrieved from /home/airflow/.local/lib/python3.12/site-packages/airflow/example_dags/example_branch_python_dop_operator_3.py
[2025-03-27T12:12:00.231+0000] {logging_mixin.py:190} INFO - [2025-03-27T12:12:00.231+0000] {dag.py:3239} INFO - Sync 1 DAGs
[2025-03-27T12:12:00.277+0000] {logging_mixin.py:190} INFO - [2025-03-27T12:12:00.276+0000] {dag.py:4180} INFO - Setting next_dagrun for example_branch_dop_operator_v3 to 2025-03-27 12:11:00+00:00, run_after=2025-03-27 12:12:00+00:00
[2025-03-27T12:12:00.321+0000] {processor.py:208} INFO - Processing /home/airflow/.local/lib/python3.12/site-packages/airflow/example_dags/example_branch_python_dop_operator_3.py took 0.158 seconds
[2025-03-27T12:12:30.930+0000] {processor.py:186} INFO - Started process (PID=53982) to work on /home/airflow/.local/lib/python3.12/site-packages/airflow/example_dags/example_branch_python_dop_operator_3.py
[2025-03-27T12:12:30.932+0000] {processor.py:914} INFO - Processing file /home/airflow/.local/lib/python3.12/site-packages/airflow/example_dags/example_branch_python_dop_operator_3.py for tasks to queue
[2025-03-27T12:12:30.935+0000] {logging_mixin.py:190} INFO - [2025-03-27T12:12:30.934+0000] {dagbag.py:588} INFO - Filling up the DagBag from /home/airflow/.local/lib/python3.12/site-packages/airflow/example_dags/example_branch_python_dop_operator_3.py
[2025-03-27T12:12:30.959+0000] {processor.py:925} INFO - DAG(s) 'example_branch_dop_operator_v3' retrieved from /home/airflow/.local/lib/python3.12/site-packages/airflow/example_dags/example_branch_python_dop_operator_3.py
[2025-03-27T12:12:31.014+0000] {logging_mixin.py:190} INFO - [2025-03-27T12:12:31.014+0000] {dag.py:3239} INFO - Sync 1 DAGs
[2025-03-27T12:12:31.077+0000] {logging_mixin.py:190} INFO - [2025-03-27T12:12:31.077+0000] {dag.py:4180} INFO - Setting next_dagrun for example_branch_dop_operator_v3 to 2025-03-27 12:11:00+00:00, run_after=2025-03-27 12:12:00+00:00
[2025-03-27T12:12:31.122+0000] {processor.py:208} INFO - Processing /home/airflow/.local/lib/python3.12/site-packages/airflow/example_dags/example_branch_python_dop_operator_3.py took 0.202 seconds
[2025-03-27T12:13:01.272+0000] {processor.py:186} INFO - Started process (PID=54046) to work on /home/airflow/.local/lib/python3.12/site-packages/airflow/example_dags/example_branch_python_dop_operator_3.py
[2025-03-27T12:13:01.276+0000] {processor.py:914} INFO - Processing file /home/airflow/.local/lib/python3.12/site-packages/airflow/example_dags/example_branch_python_dop_operator_3.py for tasks to queue
[2025-03-27T12:13:01.280+0000] {logging_mixin.py:190} INFO - [2025-03-27T12:13:01.279+0000] {dagbag.py:588} INFO - Filling up the DagBag from /home/airflow/.local/lib/python3.12/site-packages/airflow/example_dags/example_branch_python_dop_operator_3.py
[2025-03-27T12:13:01.315+0000] {processor.py:925} INFO - DAG(s) 'example_branch_dop_operator_v3' retrieved from /home/airflow/.local/lib/python3.12/site-packages/airflow/example_dags/example_branch_python_dop_operator_3.py
[2025-03-27T12:13:01.360+0000] {logging_mixin.py:190} INFO - [2025-03-27T12:13:01.360+0000] {dag.py:3239} INFO - Sync 1 DAGs
[2025-03-27T12:13:01.428+0000] {logging_mixin.py:190} INFO - [2025-03-27T12:13:01.427+0000] {dag.py:4180} INFO - Setting next_dagrun for example_branch_dop_operator_v3 to 2025-03-27 12:12:00+00:00, run_after=2025-03-27 12:13:00+00:00
[2025-03-27T12:13:01.493+0000] {processor.py:208} INFO - Processing /home/airflow/.local/lib/python3.12/site-packages/airflow/example_dags/example_branch_python_dop_operator_3.py took 0.236 seconds
[2025-03-27T12:13:31.743+0000] {processor.py:186} INFO - Started process (PID=54111) to work on /home/airflow/.local/lib/python3.12/site-packages/airflow/example_dags/example_branch_python_dop_operator_3.py
[2025-03-27T12:13:31.745+0000] {processor.py:914} INFO - Processing file /home/airflow/.local/lib/python3.12/site-packages/airflow/example_dags/example_branch_python_dop_operator_3.py for tasks to queue
[2025-03-27T12:13:31.749+0000] {logging_mixin.py:190} INFO - [2025-03-27T12:13:31.748+0000] {dagbag.py:588} INFO - Filling up the DagBag from /home/airflow/.local/lib/python3.12/site-packages/airflow/example_dags/example_branch_python_dop_operator_3.py
[2025-03-27T12:13:31.772+0000] {processor.py:925} INFO - DAG(s) 'example_branch_dop_operator_v3' retrieved from /home/airflow/.local/lib/python3.12/site-packages/airflow/example_dags/example_branch_python_dop_operator_3.py
[2025-03-27T12:13:31.810+0000] {logging_mixin.py:190} INFO - [2025-03-27T12:13:31.810+0000] {dag.py:3239} INFO - Sync 1 DAGs
[2025-03-27T12:13:31.883+0000] {logging_mixin.py:190} INFO - [2025-03-27T12:13:31.882+0000] {dag.py:4180} INFO - Setting next_dagrun for example_branch_dop_operator_v3 to 2025-03-27 12:12:00+00:00, run_after=2025-03-27 12:13:00+00:00
[2025-03-27T12:13:32.215+0000] {processor.py:208} INFO - Processing /home/airflow/.local/lib/python3.12/site-packages/airflow/example_dags/example_branch_python_dop_operator_3.py took 0.485 seconds
[2025-03-27T12:14:02.960+0000] {processor.py:186} INFO - Started process (PID=54177) to work on /home/airflow/.local/lib/python3.12/site-packages/airflow/example_dags/example_branch_python_dop_operator_3.py
[2025-03-27T12:14:02.961+0000] {processor.py:914} INFO - Processing file /home/airflow/.local/lib/python3.12/site-packages/airflow/example_dags/example_branch_python_dop_operator_3.py for tasks to queue
[2025-03-27T12:14:02.964+0000] {logging_mixin.py:190} INFO - [2025-03-27T12:14:02.963+0000] {dagbag.py:588} INFO - Filling up the DagBag from /home/airflow/.local/lib/python3.12/site-packages/airflow/example_dags/example_branch_python_dop_operator_3.py
[2025-03-27T12:14:02.981+0000] {processor.py:925} INFO - DAG(s) 'example_branch_dop_operator_v3' retrieved from /home/airflow/.local/lib/python3.12/site-packages/airflow/example_dags/example_branch_python_dop_operator_3.py
[2025-03-27T12:14:03.016+0000] {logging_mixin.py:190} INFO - [2025-03-27T12:14:03.015+0000] {dag.py:3239} INFO - Sync 1 DAGs
[2025-03-27T12:14:03.060+0000] {logging_mixin.py:190} INFO - [2025-03-27T12:14:03.059+0000] {dag.py:4180} INFO - Setting next_dagrun for example_branch_dop_operator_v3 to 2025-03-27 12:13:00+00:00, run_after=2025-03-27 12:14:00+00:00
[2025-03-27T12:14:03.119+0000] {processor.py:208} INFO - Processing /home/airflow/.local/lib/python3.12/site-packages/airflow/example_dags/example_branch_python_dop_operator_3.py took 0.170 seconds
[2025-03-27T12:14:33.896+0000] {processor.py:186} INFO - Started process (PID=54242) to work on /home/airflow/.local/lib/python3.12/site-packages/airflow/example_dags/example_branch_python_dop_operator_3.py
[2025-03-27T12:14:33.897+0000] {processor.py:914} INFO - Processing file /home/airflow/.local/lib/python3.12/site-packages/airflow/example_dags/example_branch_python_dop_operator_3.py for tasks to queue
[2025-03-27T12:14:33.901+0000] {logging_mixin.py:190} INFO - [2025-03-27T12:14:33.900+0000] {dagbag.py:588} INFO - Filling up the DagBag from /home/airflow/.local/lib/python3.12/site-packages/airflow/example_dags/example_branch_python_dop_operator_3.py
[2025-03-27T12:14:33.924+0000] {processor.py:925} INFO - DAG(s) 'example_branch_dop_operator_v3' retrieved from /home/airflow/.local/lib/python3.12/site-packages/airflow/example_dags/example_branch_python_dop_operator_3.py
[2025-03-27T12:14:33.972+0000] {logging_mixin.py:190} INFO - [2025-03-27T12:14:33.972+0000] {dag.py:3239} INFO - Sync 1 DAGs
[2025-03-27T12:14:34.039+0000] {logging_mixin.py:190} INFO - [2025-03-27T12:14:34.038+0000] {dag.py:4180} INFO - Setting next_dagrun for example_branch_dop_operator_v3 to 2025-03-27 12:13:00+00:00, run_after=2025-03-27 12:14:00+00:00
[2025-03-27T12:14:34.088+0000] {processor.py:208} INFO - Processing /home/airflow/.local/lib/python3.12/site-packages/airflow/example_dags/example_branch_python_dop_operator_3.py took 0.209 seconds
[2025-03-27T12:15:04.311+0000] {processor.py:186} INFO - Started process (PID=54307) to work on /home/airflow/.local/lib/python3.12/site-packages/airflow/example_dags/example_branch_python_dop_operator_3.py
[2025-03-27T12:15:04.313+0000] {processor.py:914} INFO - Processing file /home/airflow/.local/lib/python3.12/site-packages/airflow/example_dags/example_branch_python_dop_operator_3.py for tasks to queue
[2025-03-27T12:15:04.316+0000] {logging_mixin.py:190} INFO - [2025-03-27T12:15:04.316+0000] {dagbag.py:588} INFO - Filling up the DagBag from /home/airflow/.local/lib/python3.12/site-packages/airflow/example_dags/example_branch_python_dop_operator_3.py
[2025-03-27T12:15:04.336+0000] {processor.py:925} INFO - DAG(s) 'example_branch_dop_operator_v3' retrieved from /home/airflow/.local/lib/python3.12/site-packages/airflow/example_dags/example_branch_python_dop_operator_3.py
[2025-03-27T12:15:04.383+0000] {logging_mixin.py:190} INFO - [2025-03-27T12:15:04.383+0000] {dag.py:3239} INFO - Sync 1 DAGs
[2025-03-27T12:15:04.439+0000] {logging_mixin.py:190} INFO - [2025-03-27T12:15:04.438+0000] {dag.py:4180} INFO - Setting next_dagrun for example_branch_dop_operator_v3 to 2025-03-27 12:14:00+00:00, run_after=2025-03-27 12:15:00+00:00
[2025-03-27T12:15:04.484+0000] {processor.py:208} INFO - Processing /home/airflow/.local/lib/python3.12/site-packages/airflow/example_dags/example_branch_python_dop_operator_3.py took 0.183 seconds
[2025-03-27T12:15:34.884+0000] {processor.py:186} INFO - Started process (PID=54373) to work on /home/airflow/.local/lib/python3.12/site-packages/airflow/example_dags/example_branch_python_dop_operator_3.py
[2025-03-27T12:15:34.887+0000] {processor.py:914} INFO - Processing file /home/airflow/.local/lib/python3.12/site-packages/airflow/example_dags/example_branch_python_dop_operator_3.py for tasks to queue
[2025-03-27T12:15:34.890+0000] {logging_mixin.py:190} INFO - [2025-03-27T12:15:34.889+0000] {dagbag.py:588} INFO - Filling up the DagBag from /home/airflow/.local/lib/python3.12/site-packages/airflow/example_dags/example_branch_python_dop_operator_3.py
[2025-03-27T12:15:34.913+0000] {processor.py:925} INFO - DAG(s) 'example_branch_dop_operator_v3' retrieved from /home/airflow/.local/lib/python3.12/site-packages/airflow/example_dags/example_branch_python_dop_operator_3.py
[2025-03-27T12:15:34.957+0000] {logging_mixin.py:190} INFO - [2025-03-27T12:15:34.957+0000] {dag.py:3239} INFO - Sync 1 DAGs
[2025-03-27T12:15:35.016+0000] {logging_mixin.py:190} INFO - [2025-03-27T12:15:35.016+0000] {dag.py:4180} INFO - Setting next_dagrun for example_branch_dop_operator_v3 to 2025-03-27 12:14:00+00:00, run_after=2025-03-27 12:15:00+00:00
[2025-03-27T12:15:35.084+0000] {processor.py:208} INFO - Processing /home/airflow/.local/lib/python3.12/site-packages/airflow/example_dags/example_branch_python_dop_operator_3.py took 0.214 seconds
[2025-03-27T12:16:05.493+0000] {processor.py:186} INFO - Started process (PID=54438) to work on /home/airflow/.local/lib/python3.12/site-packages/airflow/example_dags/example_branch_python_dop_operator_3.py
[2025-03-27T12:16:05.495+0000] {processor.py:914} INFO - Processing file /home/airflow/.local/lib/python3.12/site-packages/airflow/example_dags/example_branch_python_dop_operator_3.py for tasks to queue
[2025-03-27T12:16:05.497+0000] {logging_mixin.py:190} INFO - [2025-03-27T12:16:05.497+0000] {dagbag.py:588} INFO - Filling up the DagBag from /home/airflow/.local/lib/python3.12/site-packages/airflow/example_dags/example_branch_python_dop_operator_3.py
[2025-03-27T12:16:05.523+0000] {processor.py:925} INFO - DAG(s) 'example_branch_dop_operator_v3' retrieved from /home/airflow/.local/lib/python3.12/site-packages/airflow/example_dags/example_branch_python_dop_operator_3.py
[2025-03-27T12:16:05.563+0000] {logging_mixin.py:190} INFO - [2025-03-27T12:16:05.562+0000] {dag.py:3239} INFO - Sync 1 DAGs
[2025-03-27T12:16:05.615+0000] {logging_mixin.py:190} INFO - [2025-03-27T12:16:05.614+0000] {dag.py:4180} INFO - Setting next_dagrun for example_branch_dop_operator_v3 to 2025-03-27 12:15:00+00:00, run_after=2025-03-27 12:16:00+00:00
[2025-03-27T12:16:05.667+0000] {processor.py:208} INFO - Processing /home/airflow/.local/lib/python3.12/site-packages/airflow/example_dags/example_branch_python_dop_operator_3.py took 0.184 seconds
[2025-03-27T12:16:35.769+0000] {processor.py:186} INFO - Started process (PID=54502) to work on /home/airflow/.local/lib/python3.12/site-packages/airflow/example_dags/example_branch_python_dop_operator_3.py
[2025-03-27T12:16:35.772+0000] {processor.py:914} INFO - Processing file /home/airflow/.local/lib/python3.12/site-packages/airflow/example_dags/example_branch_python_dop_operator_3.py for tasks to queue
[2025-03-27T12:16:35.774+0000] {logging_mixin.py:190} INFO - [2025-03-27T12:16:35.774+0000] {dagbag.py:588} INFO - Filling up the DagBag from /home/airflow/.local/lib/python3.12/site-packages/airflow/example_dags/example_branch_python_dop_operator_3.py
[2025-03-27T12:16:35.798+0000] {processor.py:925} INFO - DAG(s) 'example_branch_dop_operator_v3' retrieved from /home/airflow/.local/lib/python3.12/site-packages/airflow/example_dags/example_branch_python_dop_operator_3.py
[2025-03-27T12:16:35.845+0000] {logging_mixin.py:190} INFO - [2025-03-27T12:16:35.844+0000] {dag.py:3239} INFO - Sync 1 DAGs
[2025-03-27T12:16:35.898+0000] {logging_mixin.py:190} INFO - [2025-03-27T12:16:35.897+0000] {dag.py:4180} INFO - Setting next_dagrun for example_branch_dop_operator_v3 to 2025-03-27 12:15:00+00:00, run_after=2025-03-27 12:16:00+00:00
[2025-03-27T12:16:35.942+0000] {processor.py:208} INFO - Processing /home/airflow/.local/lib/python3.12/site-packages/airflow/example_dags/example_branch_python_dop_operator_3.py took 0.187 seconds
[2025-03-27T12:17:06.707+0000] {processor.py:186} INFO - Started process (PID=54567) to work on /home/airflow/.local/lib/python3.12/site-packages/airflow/example_dags/example_branch_python_dop_operator_3.py
[2025-03-27T12:17:06.711+0000] {processor.py:914} INFO - Processing file /home/airflow/.local/lib/python3.12/site-packages/airflow/example_dags/example_branch_python_dop_operator_3.py for tasks to queue
[2025-03-27T12:17:06.714+0000] {logging_mixin.py:190} INFO - [2025-03-27T12:17:06.713+0000] {dagbag.py:588} INFO - Filling up the DagBag from /home/airflow/.local/lib/python3.12/site-packages/airflow/example_dags/example_branch_python_dop_operator_3.py
[2025-03-27T12:17:06.737+0000] {processor.py:925} INFO - DAG(s) 'example_branch_dop_operator_v3' retrieved from /home/airflow/.local/lib/python3.12/site-packages/airflow/example_dags/example_branch_python_dop_operator_3.py
[2025-03-27T12:17:06.786+0000] {logging_mixin.py:190} INFO - [2025-03-27T12:17:06.785+0000] {dag.py:3239} INFO - Sync 1 DAGs
[2025-03-27T12:17:06.851+0000] {logging_mixin.py:190} INFO - [2025-03-27T12:17:06.850+0000] {dag.py:4180} INFO - Setting next_dagrun for example_branch_dop_operator_v3 to 2025-03-27 12:16:00+00:00, run_after=2025-03-27 12:17:00+00:00
[2025-03-27T12:17:06.902+0000] {processor.py:208} INFO - Processing /home/airflow/.local/lib/python3.12/site-packages/airflow/example_dags/example_branch_python_dop_operator_3.py took 0.210 seconds
[2025-03-27T12:17:37.239+0000] {processor.py:186} INFO - Started process (PID=54632) to work on /home/airflow/.local/lib/python3.12/site-packages/airflow/example_dags/example_branch_python_dop_operator_3.py
[2025-03-27T12:17:37.241+0000] {processor.py:914} INFO - Processing file /home/airflow/.local/lib/python3.12/site-packages/airflow/example_dags/example_branch_python_dop_operator_3.py for tasks to queue
[2025-03-27T12:17:37.244+0000] {logging_mixin.py:190} INFO - [2025-03-27T12:17:37.244+0000] {dagbag.py:588} INFO - Filling up the DagBag from /home/airflow/.local/lib/python3.12/site-packages/airflow/example_dags/example_branch_python_dop_operator_3.py
[2025-03-27T12:17:37.274+0000] {processor.py:925} INFO - DAG(s) 'example_branch_dop_operator_v3' retrieved from /home/airflow/.local/lib/python3.12/site-packages/airflow/example_dags/example_branch_python_dop_operator_3.py
[2025-03-27T12:17:37.312+0000] {logging_mixin.py:190} INFO - [2025-03-27T12:17:37.312+0000] {dag.py:3239} INFO - Sync 1 DAGs
[2025-03-27T12:17:37.364+0000] {logging_mixin.py:190} INFO - [2025-03-27T12:17:37.363+0000] {dag.py:4180} INFO - Setting next_dagrun for example_branch_dop_operator_v3 to 2025-03-27 12:16:00+00:00, run_after=2025-03-27 12:17:00+00:00
[2025-03-27T12:17:37.419+0000] {processor.py:208} INFO - Processing /home/airflow/.local/lib/python3.12/site-packages/airflow/example_dags/example_branch_python_dop_operator_3.py took 0.192 seconds
[2025-03-27T12:18:07.601+0000] {processor.py:186} INFO - Started process (PID=54696) to work on /home/airflow/.local/lib/python3.12/site-packages/airflow/example_dags/example_branch_python_dop_operator_3.py
[2025-03-27T12:18:07.603+0000] {processor.py:914} INFO - Processing file /home/airflow/.local/lib/python3.12/site-packages/airflow/example_dags/example_branch_python_dop_operator_3.py for tasks to queue
[2025-03-27T12:18:07.606+0000] {logging_mixin.py:190} INFO - [2025-03-27T12:18:07.605+0000] {dagbag.py:588} INFO - Filling up the DagBag from /home/airflow/.local/lib/python3.12/site-packages/airflow/example_dags/example_branch_python_dop_operator_3.py
[2025-03-27T12:18:07.624+0000] {processor.py:925} INFO - DAG(s) 'example_branch_dop_operator_v3' retrieved from /home/airflow/.local/lib/python3.12/site-packages/airflow/example_dags/example_branch_python_dop_operator_3.py
[2025-03-27T12:18:07.658+0000] {logging_mixin.py:190} INFO - [2025-03-27T12:18:07.658+0000] {dag.py:3239} INFO - Sync 1 DAGs
[2025-03-27T12:18:07.704+0000] {logging_mixin.py:190} INFO - [2025-03-27T12:18:07.703+0000] {dag.py:4180} INFO - Setting next_dagrun for example_branch_dop_operator_v3 to 2025-03-27 12:17:00+00:00, run_after=2025-03-27 12:18:00+00:00
[2025-03-27T12:18:07.754+0000] {processor.py:208} INFO - Processing /home/airflow/.local/lib/python3.12/site-packages/airflow/example_dags/example_branch_python_dop_operator_3.py took 0.162 seconds
[2025-03-27T12:18:37.877+0000] {processor.py:186} INFO - Started process (PID=54762) to work on /home/airflow/.local/lib/python3.12/site-packages/airflow/example_dags/example_branch_python_dop_operator_3.py
[2025-03-27T12:18:37.879+0000] {processor.py:914} INFO - Processing file /home/airflow/.local/lib/python3.12/site-packages/airflow/example_dags/example_branch_python_dop_operator_3.py for tasks to queue
[2025-03-27T12:18:37.882+0000] {logging_mixin.py:190} INFO - [2025-03-27T12:18:37.882+0000] {dagbag.py:588} INFO - Filling up the DagBag from /home/airflow/.local/lib/python3.12/site-packages/airflow/example_dags/example_branch_python_dop_operator_3.py
[2025-03-27T12:18:37.904+0000] {processor.py:925} INFO - DAG(s) 'example_branch_dop_operator_v3' retrieved from /home/airflow/.local/lib/python3.12/site-packages/airflow/example_dags/example_branch_python_dop_operator_3.py
[2025-03-27T12:18:37.942+0000] {logging_mixin.py:190} INFO - [2025-03-27T12:18:37.942+0000] {dag.py:3239} INFO - Sync 1 DAGs
[2025-03-27T12:18:37.997+0000] {logging_mixin.py:190} INFO - [2025-03-27T12:18:37.996+0000] {dag.py:4180} INFO - Setting next_dagrun for example_branch_dop_operator_v3 to 2025-03-27 12:17:00+00:00, run_after=2025-03-27 12:18:00+00:00
[2025-03-27T12:18:38.042+0000] {processor.py:208} INFO - Processing /home/airflow/.local/lib/python3.12/site-packages/airflow/example_dags/example_branch_python_dop_operator_3.py took 0.175 seconds
[2025-03-27T12:19:08.720+0000] {processor.py:186} INFO - Started process (PID=54827) to work on /home/airflow/.local/lib/python3.12/site-packages/airflow/example_dags/example_branch_python_dop_operator_3.py
[2025-03-27T12:19:08.721+0000] {processor.py:914} INFO - Processing file /home/airflow/.local/lib/python3.12/site-packages/airflow/example_dags/example_branch_python_dop_operator_3.py for tasks to queue
[2025-03-27T12:19:08.724+0000] {logging_mixin.py:190} INFO - [2025-03-27T12:19:08.723+0000] {dagbag.py:588} INFO - Filling up the DagBag from /home/airflow/.local/lib/python3.12/site-packages/airflow/example_dags/example_branch_python_dop_operator_3.py
[2025-03-27T12:19:08.741+0000] {processor.py:925} INFO - DAG(s) 'example_branch_dop_operator_v3' retrieved from /home/airflow/.local/lib/python3.12/site-packages/airflow/example_dags/example_branch_python_dop_operator_3.py
[2025-03-27T12:19:08.775+0000] {logging_mixin.py:190} INFO - [2025-03-27T12:19:08.774+0000] {dag.py:3239} INFO - Sync 1 DAGs
[2025-03-27T12:19:08.821+0000] {logging_mixin.py:190} INFO - [2025-03-27T12:19:08.821+0000] {dag.py:4180} INFO - Setting next_dagrun for example_branch_dop_operator_v3 to 2025-03-27 12:18:00+00:00, run_after=2025-03-27 12:19:00+00:00
[2025-03-27T12:19:08.858+0000] {processor.py:208} INFO - Processing /home/airflow/.local/lib/python3.12/site-packages/airflow/example_dags/example_branch_python_dop_operator_3.py took 0.148 seconds
[2025-03-27T12:19:39.072+0000] {processor.py:186} INFO - Started process (PID=54892) to work on /home/airflow/.local/lib/python3.12/site-packages/airflow/example_dags/example_branch_python_dop_operator_3.py
[2025-03-27T12:19:39.073+0000] {processor.py:914} INFO - Processing file /home/airflow/.local/lib/python3.12/site-packages/airflow/example_dags/example_branch_python_dop_operator_3.py for tasks to queue
[2025-03-27T12:19:39.076+0000] {logging_mixin.py:190} INFO - [2025-03-27T12:19:39.075+0000] {dagbag.py:588} INFO - Filling up the DagBag from /home/airflow/.local/lib/python3.12/site-packages/airflow/example_dags/example_branch_python_dop_operator_3.py
[2025-03-27T12:19:39.095+0000] {processor.py:925} INFO - DAG(s) 'example_branch_dop_operator_v3' retrieved from /home/airflow/.local/lib/python3.12/site-packages/airflow/example_dags/example_branch_python_dop_operator_3.py
[2025-03-27T12:19:39.135+0000] {logging_mixin.py:190} INFO - [2025-03-27T12:19:39.134+0000] {dag.py:3239} INFO - Sync 1 DAGs
[2025-03-27T12:19:39.183+0000] {logging_mixin.py:190} INFO - [2025-03-27T12:19:39.182+0000] {dag.py:4180} INFO - Setting next_dagrun for example_branch_dop_operator_v3 to 2025-03-27 12:18:00+00:00, run_after=2025-03-27 12:19:00+00:00
[2025-03-27T12:19:39.221+0000] {processor.py:208} INFO - Processing /home/airflow/.local/lib/python3.12/site-packages/airflow/example_dags/example_branch_python_dop_operator_3.py took 0.160 seconds
[2025-03-27T12:20:10.203+0000] {processor.py:186} INFO - Started process (PID=54957) to work on /home/airflow/.local/lib/python3.12/site-packages/airflow/example_dags/example_branch_python_dop_operator_3.py
[2025-03-27T12:20:10.205+0000] {processor.py:914} INFO - Processing file /home/airflow/.local/lib/python3.12/site-packages/airflow/example_dags/example_branch_python_dop_operator_3.py for tasks to queue
[2025-03-27T12:20:10.207+0000] {logging_mixin.py:190} INFO - [2025-03-27T12:20:10.207+0000] {dagbag.py:588} INFO - Filling up the DagBag from /home/airflow/.local/lib/python3.12/site-packages/airflow/example_dags/example_branch_python_dop_operator_3.py
[2025-03-27T12:20:10.233+0000] {processor.py:925} INFO - DAG(s) 'example_branch_dop_operator_v3' retrieved from /home/airflow/.local/lib/python3.12/site-packages/airflow/example_dags/example_branch_python_dop_operator_3.py
[2025-03-27T12:20:10.289+0000] {logging_mixin.py:190} INFO - [2025-03-27T12:20:10.289+0000] {dag.py:3239} INFO - Sync 1 DAGs
[2025-03-27T12:20:10.354+0000] {logging_mixin.py:190} INFO - [2025-03-27T12:20:10.354+0000] {dag.py:4180} INFO - Setting next_dagrun for example_branch_dop_operator_v3 to 2025-03-27 12:19:00+00:00, run_after=2025-03-27 12:20:00+00:00
[2025-03-27T12:20:10.406+0000] {processor.py:208} INFO - Processing /home/airflow/.local/lib/python3.12/site-packages/airflow/example_dags/example_branch_python_dop_operator_3.py took 0.212 seconds
[2025-03-27T12:20:40.694+0000] {processor.py:186} INFO - Started process (PID=55022) to work on /home/airflow/.local/lib/python3.12/site-packages/airflow/example_dags/example_branch_python_dop_operator_3.py
[2025-03-27T12:20:40.696+0000] {processor.py:914} INFO - Processing file /home/airflow/.local/lib/python3.12/site-packages/airflow/example_dags/example_branch_python_dop_operator_3.py for tasks to queue
[2025-03-27T12:20:40.698+0000] {logging_mixin.py:190} INFO - [2025-03-27T12:20:40.698+0000] {dagbag.py:588} INFO - Filling up the DagBag from /home/airflow/.local/lib/python3.12/site-packages/airflow/example_dags/example_branch_python_dop_operator_3.py
[2025-03-27T12:20:40.722+0000] {processor.py:925} INFO - DAG(s) 'example_branch_dop_operator_v3' retrieved from /home/airflow/.local/lib/python3.12/site-packages/airflow/example_dags/example_branch_python_dop_operator_3.py
[2025-03-27T12:20:40.763+0000] {logging_mixin.py:190} INFO - [2025-03-27T12:20:40.763+0000] {dag.py:3239} INFO - Sync 1 DAGs
[2025-03-27T12:20:40.823+0000] {logging_mixin.py:190} INFO - [2025-03-27T12:20:40.822+0000] {dag.py:4180} INFO - Setting next_dagrun for example_branch_dop_operator_v3 to 2025-03-27 12:19:00+00:00, run_after=2025-03-27 12:20:00+00:00
[2025-03-27T12:20:40.864+0000] {processor.py:208} INFO - Processing /home/airflow/.local/lib/python3.12/site-packages/airflow/example_dags/example_branch_python_dop_operator_3.py took 0.184 seconds
[2025-03-27T12:21:11.316+0000] {processor.py:186} INFO - Started process (PID=55087) to work on /home/airflow/.local/lib/python3.12/site-packages/airflow/example_dags/example_branch_python_dop_operator_3.py
[2025-03-27T12:21:11.320+0000] {processor.py:914} INFO - Processing file /home/airflow/.local/lib/python3.12/site-packages/airflow/example_dags/example_branch_python_dop_operator_3.py for tasks to queue
[2025-03-27T12:21:11.323+0000] {logging_mixin.py:190} INFO - [2025-03-27T12:21:11.322+0000] {dagbag.py:588} INFO - Filling up the DagBag from /home/airflow/.local/lib/python3.12/site-packages/airflow/example_dags/example_branch_python_dop_operator_3.py
[2025-03-27T12:21:11.357+0000] {processor.py:925} INFO - DAG(s) 'example_branch_dop_operator_v3' retrieved from /home/airflow/.local/lib/python3.12/site-packages/airflow/example_dags/example_branch_python_dop_operator_3.py
[2025-03-27T12:21:11.429+0000] {logging_mixin.py:190} INFO - [2025-03-27T12:21:11.428+0000] {dag.py:3239} INFO - Sync 1 DAGs
[2025-03-27T12:21:11.487+0000] {logging_mixin.py:190} INFO - [2025-03-27T12:21:11.486+0000] {dag.py:4180} INFO - Setting next_dagrun for example_branch_dop_operator_v3 to 2025-03-27 12:20:00+00:00, run_after=2025-03-27 12:21:00+00:00
[2025-03-27T12:21:11.536+0000] {processor.py:208} INFO - Processing /home/airflow/.local/lib/python3.12/site-packages/airflow/example_dags/example_branch_python_dop_operator_3.py took 0.234 seconds
[2025-03-27T12:21:41.862+0000] {processor.py:186} INFO - Started process (PID=55152) to work on /home/airflow/.local/lib/python3.12/site-packages/airflow/example_dags/example_branch_python_dop_operator_3.py
[2025-03-27T12:21:41.864+0000] {processor.py:914} INFO - Processing file /home/airflow/.local/lib/python3.12/site-packages/airflow/example_dags/example_branch_python_dop_operator_3.py for tasks to queue
[2025-03-27T12:21:41.867+0000] {logging_mixin.py:190} INFO - [2025-03-27T12:21:41.866+0000] {dagbag.py:588} INFO - Filling up the DagBag from /home/airflow/.local/lib/python3.12/site-packages/airflow/example_dags/example_branch_python_dop_operator_3.py
[2025-03-27T12:21:41.884+0000] {processor.py:925} INFO - DAG(s) 'example_branch_dop_operator_v3' retrieved from /home/airflow/.local/lib/python3.12/site-packages/airflow/example_dags/example_branch_python_dop_operator_3.py
[2025-03-27T12:21:41.922+0000] {logging_mixin.py:190} INFO - [2025-03-27T12:21:41.921+0000] {dag.py:3239} INFO - Sync 1 DAGs
[2025-03-27T12:21:41.968+0000] {logging_mixin.py:190} INFO - [2025-03-27T12:21:41.968+0000] {dag.py:4180} INFO - Setting next_dagrun for example_branch_dop_operator_v3 to 2025-03-27 12:20:00+00:00, run_after=2025-03-27 12:21:00+00:00
[2025-03-27T12:21:42.020+0000] {processor.py:208} INFO - Processing /home/airflow/.local/lib/python3.12/site-packages/airflow/example_dags/example_branch_python_dop_operator_3.py took 0.170 seconds
[2025-03-27T12:22:12.185+0000] {processor.py:186} INFO - Started process (PID=55216) to work on /home/airflow/.local/lib/python3.12/site-packages/airflow/example_dags/example_branch_python_dop_operator_3.py
[2025-03-27T12:22:12.187+0000] {processor.py:914} INFO - Processing file /home/airflow/.local/lib/python3.12/site-packages/airflow/example_dags/example_branch_python_dop_operator_3.py for tasks to queue
[2025-03-27T12:22:12.190+0000] {logging_mixin.py:190} INFO - [2025-03-27T12:22:12.189+0000] {dagbag.py:588} INFO - Filling up the DagBag from /home/airflow/.local/lib/python3.12/site-packages/airflow/example_dags/example_branch_python_dop_operator_3.py
[2025-03-27T12:22:12.210+0000] {processor.py:925} INFO - DAG(s) 'example_branch_dop_operator_v3' retrieved from /home/airflow/.local/lib/python3.12/site-packages/airflow/example_dags/example_branch_python_dop_operator_3.py
[2025-03-27T12:22:12.246+0000] {logging_mixin.py:190} INFO - [2025-03-27T12:22:12.245+0000] {dag.py:3239} INFO - Sync 1 DAGs
[2025-03-27T12:22:12.296+0000] {logging_mixin.py:190} INFO - [2025-03-27T12:22:12.296+0000] {dag.py:4180} INFO - Setting next_dagrun for example_branch_dop_operator_v3 to 2025-03-27 12:21:00+00:00, run_after=2025-03-27 12:22:00+00:00
[2025-03-27T12:22:12.333+0000] {processor.py:208} INFO - Processing /home/airflow/.local/lib/python3.12/site-packages/airflow/example_dags/example_branch_python_dop_operator_3.py took 0.157 seconds
[2025-03-27T12:22:42.689+0000] {processor.py:186} INFO - Started process (PID=55281) to work on /home/airflow/.local/lib/python3.12/site-packages/airflow/example_dags/example_branch_python_dop_operator_3.py
[2025-03-27T12:22:42.691+0000] {processor.py:914} INFO - Processing file /home/airflow/.local/lib/python3.12/site-packages/airflow/example_dags/example_branch_python_dop_operator_3.py for tasks to queue
[2025-03-27T12:22:42.693+0000] {logging_mixin.py:190} INFO - [2025-03-27T12:22:42.693+0000] {dagbag.py:588} INFO - Filling up the DagBag from /home/airflow/.local/lib/python3.12/site-packages/airflow/example_dags/example_branch_python_dop_operator_3.py
[2025-03-27T12:22:42.710+0000] {processor.py:925} INFO - DAG(s) 'example_branch_dop_operator_v3' retrieved from /home/airflow/.local/lib/python3.12/site-packages/airflow/example_dags/example_branch_python_dop_operator_3.py
[2025-03-27T12:22:42.748+0000] {logging_mixin.py:190} INFO - [2025-03-27T12:22:42.748+0000] {dag.py:3239} INFO - Sync 1 DAGs
[2025-03-27T12:22:42.799+0000] {logging_mixin.py:190} INFO - [2025-03-27T12:22:42.799+0000] {dag.py:4180} INFO - Setting next_dagrun for example_branch_dop_operator_v3 to 2025-03-27 12:21:00+00:00, run_after=2025-03-27 12:22:00+00:00
[2025-03-27T12:22:42.844+0000] {processor.py:208} INFO - Processing /home/airflow/.local/lib/python3.12/site-packages/airflow/example_dags/example_branch_python_dop_operator_3.py took 0.165 seconds
[2025-03-27T12:23:13.175+0000] {processor.py:186} INFO - Started process (PID=55346) to work on /home/airflow/.local/lib/python3.12/site-packages/airflow/example_dags/example_branch_python_dop_operator_3.py
[2025-03-27T12:23:13.177+0000] {processor.py:914} INFO - Processing file /home/airflow/.local/lib/python3.12/site-packages/airflow/example_dags/example_branch_python_dop_operator_3.py for tasks to queue
[2025-03-27T12:23:13.180+0000] {logging_mixin.py:190} INFO - [2025-03-27T12:23:13.179+0000] {dagbag.py:588} INFO - Filling up the DagBag from /home/airflow/.local/lib/python3.12/site-packages/airflow/example_dags/example_branch_python_dop_operator_3.py
[2025-03-27T12:23:13.201+0000] {processor.py:925} INFO - DAG(s) 'example_branch_dop_operator_v3' retrieved from /home/airflow/.local/lib/python3.12/site-packages/airflow/example_dags/example_branch_python_dop_operator_3.py
[2025-03-27T12:23:13.241+0000] {logging_mixin.py:190} INFO - [2025-03-27T12:23:13.241+0000] {dag.py:3239} INFO - Sync 1 DAGs
[2025-03-27T12:23:13.309+0000] {logging_mixin.py:190} INFO - [2025-03-27T12:23:13.308+0000] {dag.py:4180} INFO - Setting next_dagrun for example_branch_dop_operator_v3 to 2025-03-27 12:22:00+00:00, run_after=2025-03-27 12:23:00+00:00
[2025-03-27T12:23:13.371+0000] {processor.py:208} INFO - Processing /home/airflow/.local/lib/python3.12/site-packages/airflow/example_dags/example_branch_python_dop_operator_3.py took 0.206 seconds
[2025-03-27T12:23:43.664+0000] {processor.py:186} INFO - Started process (PID=55409) to work on /home/airflow/.local/lib/python3.12/site-packages/airflow/example_dags/example_branch_python_dop_operator_3.py
[2025-03-27T12:23:43.667+0000] {processor.py:914} INFO - Processing file /home/airflow/.local/lib/python3.12/site-packages/airflow/example_dags/example_branch_python_dop_operator_3.py for tasks to queue
[2025-03-27T12:23:43.671+0000] {logging_mixin.py:190} INFO - [2025-03-27T12:23:43.669+0000] {dagbag.py:588} INFO - Filling up the DagBag from /home/airflow/.local/lib/python3.12/site-packages/airflow/example_dags/example_branch_python_dop_operator_3.py
[2025-03-27T12:23:43.706+0000] {processor.py:925} INFO - DAG(s) 'example_branch_dop_operator_v3' retrieved from /home/airflow/.local/lib/python3.12/site-packages/airflow/example_dags/example_branch_python_dop_operator_3.py
[2025-03-27T12:23:43.751+0000] {logging_mixin.py:190} INFO - [2025-03-27T12:23:43.750+0000] {dag.py:3239} INFO - Sync 1 DAGs
[2025-03-27T12:23:43.811+0000] {logging_mixin.py:190} INFO - [2025-03-27T12:23:43.811+0000] {dag.py:4180} INFO - Setting next_dagrun for example_branch_dop_operator_v3 to 2025-03-27 12:22:00+00:00, run_after=2025-03-27 12:23:00+00:00
[2025-03-27T12:23:43.862+0000] {processor.py:208} INFO - Processing /home/airflow/.local/lib/python3.12/site-packages/airflow/example_dags/example_branch_python_dop_operator_3.py took 0.211 seconds
[2025-03-27T12:24:14.530+0000] {processor.py:186} INFO - Started process (PID=55474) to work on /home/airflow/.local/lib/python3.12/site-packages/airflow/example_dags/example_branch_python_dop_operator_3.py
[2025-03-27T12:24:14.532+0000] {processor.py:914} INFO - Processing file /home/airflow/.local/lib/python3.12/site-packages/airflow/example_dags/example_branch_python_dop_operator_3.py for tasks to queue
[2025-03-27T12:24:14.536+0000] {logging_mixin.py:190} INFO - [2025-03-27T12:24:14.535+0000] {dagbag.py:588} INFO - Filling up the DagBag from /home/airflow/.local/lib/python3.12/site-packages/airflow/example_dags/example_branch_python_dop_operator_3.py
[2025-03-27T12:24:14.555+0000] {processor.py:925} INFO - DAG(s) 'example_branch_dop_operator_v3' retrieved from /home/airflow/.local/lib/python3.12/site-packages/airflow/example_dags/example_branch_python_dop_operator_3.py
[2025-03-27T12:24:14.592+0000] {logging_mixin.py:190} INFO - [2025-03-27T12:24:14.591+0000] {dag.py:3239} INFO - Sync 1 DAGs
[2025-03-27T12:24:14.645+0000] {logging_mixin.py:190} INFO - [2025-03-27T12:24:14.644+0000] {dag.py:4180} INFO - Setting next_dagrun for example_branch_dop_operator_v3 to 2025-03-27 12:23:00+00:00, run_after=2025-03-27 12:24:00+00:00
[2025-03-27T12:24:14.681+0000] {processor.py:208} INFO - Processing /home/airflow/.local/lib/python3.12/site-packages/airflow/example_dags/example_branch_python_dop_operator_3.py took 0.163 seconds
[2025-03-27T12:24:45.490+0000] {processor.py:186} INFO - Started process (PID=55539) to work on /home/airflow/.local/lib/python3.12/site-packages/airflow/example_dags/example_branch_python_dop_operator_3.py
[2025-03-27T12:24:45.492+0000] {processor.py:914} INFO - Processing file /home/airflow/.local/lib/python3.12/site-packages/airflow/example_dags/example_branch_python_dop_operator_3.py for tasks to queue
[2025-03-27T12:24:45.494+0000] {logging_mixin.py:190} INFO - [2025-03-27T12:24:45.494+0000] {dagbag.py:588} INFO - Filling up the DagBag from /home/airflow/.local/lib/python3.12/site-packages/airflow/example_dags/example_branch_python_dop_operator_3.py
[2025-03-27T12:24:45.512+0000] {processor.py:925} INFO - DAG(s) 'example_branch_dop_operator_v3' retrieved from /home/airflow/.local/lib/python3.12/site-packages/airflow/example_dags/example_branch_python_dop_operator_3.py
[2025-03-27T12:24:45.547+0000] {logging_mixin.py:190} INFO - [2025-03-27T12:24:45.547+0000] {dag.py:3239} INFO - Sync 1 DAGs
[2025-03-27T12:24:45.597+0000] {logging_mixin.py:190} INFO - [2025-03-27T12:24:45.597+0000] {dag.py:4180} INFO - Setting next_dagrun for example_branch_dop_operator_v3 to 2025-03-27 12:23:00+00:00, run_after=2025-03-27 12:24:00+00:00
[2025-03-27T12:24:45.648+0000] {processor.py:208} INFO - Processing /home/airflow/.local/lib/python3.12/site-packages/airflow/example_dags/example_branch_python_dop_operator_3.py took 0.167 seconds
[2025-03-27T12:25:15.905+0000] {processor.py:186} INFO - Started process (PID=55603) to work on /home/airflow/.local/lib/python3.12/site-packages/airflow/example_dags/example_branch_python_dop_operator_3.py
[2025-03-27T12:25:15.907+0000] {processor.py:914} INFO - Processing file /home/airflow/.local/lib/python3.12/site-packages/airflow/example_dags/example_branch_python_dop_operator_3.py for tasks to queue
[2025-03-27T12:25:15.909+0000] {logging_mixin.py:190} INFO - [2025-03-27T12:25:15.909+0000] {dagbag.py:588} INFO - Filling up the DagBag from /home/airflow/.local/lib/python3.12/site-packages/airflow/example_dags/example_branch_python_dop_operator_3.py
[2025-03-27T12:25:15.928+0000] {processor.py:925} INFO - DAG(s) 'example_branch_dop_operator_v3' retrieved from /home/airflow/.local/lib/python3.12/site-packages/airflow/example_dags/example_branch_python_dop_operator_3.py
[2025-03-27T12:25:15.962+0000] {logging_mixin.py:190} INFO - [2025-03-27T12:25:15.961+0000] {dag.py:3239} INFO - Sync 1 DAGs
[2025-03-27T12:25:16.009+0000] {logging_mixin.py:190} INFO - [2025-03-27T12:25:16.008+0000] {dag.py:4180} INFO - Setting next_dagrun for example_branch_dop_operator_v3 to 2025-03-27 12:24:00+00:00, run_after=2025-03-27 12:25:00+00:00
[2025-03-27T12:25:16.050+0000] {processor.py:208} INFO - Processing /home/airflow/.local/lib/python3.12/site-packages/airflow/example_dags/example_branch_python_dop_operator_3.py took 0.154 seconds
[2025-03-27T12:25:46.373+0000] {processor.py:186} INFO - Started process (PID=55668) to work on /home/airflow/.local/lib/python3.12/site-packages/airflow/example_dags/example_branch_python_dop_operator_3.py
[2025-03-27T12:25:46.375+0000] {processor.py:914} INFO - Processing file /home/airflow/.local/lib/python3.12/site-packages/airflow/example_dags/example_branch_python_dop_operator_3.py for tasks to queue
[2025-03-27T12:25:46.379+0000] {logging_mixin.py:190} INFO - [2025-03-27T12:25:46.378+0000] {dagbag.py:588} INFO - Filling up the DagBag from /home/airflow/.local/lib/python3.12/site-packages/airflow/example_dags/example_branch_python_dop_operator_3.py
[2025-03-27T12:25:46.401+0000] {processor.py:925} INFO - DAG(s) 'example_branch_dop_operator_v3' retrieved from /home/airflow/.local/lib/python3.12/site-packages/airflow/example_dags/example_branch_python_dop_operator_3.py
[2025-03-27T12:25:46.443+0000] {logging_mixin.py:190} INFO - [2025-03-27T12:25:46.443+0000] {dag.py:3239} INFO - Sync 1 DAGs
[2025-03-27T12:25:46.505+0000] {logging_mixin.py:190} INFO - [2025-03-27T12:25:46.504+0000] {dag.py:4180} INFO - Setting next_dagrun for example_branch_dop_operator_v3 to 2025-03-27 12:24:00+00:00, run_after=2025-03-27 12:25:00+00:00
[2025-03-27T12:25:46.579+0000] {processor.py:208} INFO - Processing /home/airflow/.local/lib/python3.12/site-packages/airflow/example_dags/example_branch_python_dop_operator_3.py took 0.216 seconds
[2025-03-27T12:26:17.181+0000] {processor.py:186} INFO - Started process (PID=55733) to work on /home/airflow/.local/lib/python3.12/site-packages/airflow/example_dags/example_branch_python_dop_operator_3.py
[2025-03-27T12:26:17.183+0000] {processor.py:914} INFO - Processing file /home/airflow/.local/lib/python3.12/site-packages/airflow/example_dags/example_branch_python_dop_operator_3.py for tasks to queue
[2025-03-27T12:26:17.187+0000] {logging_mixin.py:190} INFO - [2025-03-27T12:26:17.186+0000] {dagbag.py:588} INFO - Filling up the DagBag from /home/airflow/.local/lib/python3.12/site-packages/airflow/example_dags/example_branch_python_dop_operator_3.py
[2025-03-27T12:26:17.213+0000] {processor.py:925} INFO - DAG(s) 'example_branch_dop_operator_v3' retrieved from /home/airflow/.local/lib/python3.12/site-packages/airflow/example_dags/example_branch_python_dop_operator_3.py
[2025-03-27T12:26:17.255+0000] {logging_mixin.py:190} INFO - [2025-03-27T12:26:17.254+0000] {dag.py:3239} INFO - Sync 1 DAGs
[2025-03-27T12:26:17.317+0000] {logging_mixin.py:190} INFO - [2025-03-27T12:26:17.317+0000] {dag.py:4180} INFO - Setting next_dagrun for example_branch_dop_operator_v3 to 2025-03-27 12:25:00+00:00, run_after=2025-03-27 12:26:00+00:00
[2025-03-27T12:26:17.357+0000] {processor.py:208} INFO - Processing /home/airflow/.local/lib/python3.12/site-packages/airflow/example_dags/example_branch_python_dop_operator_3.py took 0.192 seconds
[2025-03-27T12:26:48.378+0000] {processor.py:186} INFO - Started process (PID=55798) to work on /home/airflow/.local/lib/python3.12/site-packages/airflow/example_dags/example_branch_python_dop_operator_3.py
[2025-03-27T12:26:48.380+0000] {processor.py:914} INFO - Processing file /home/airflow/.local/lib/python3.12/site-packages/airflow/example_dags/example_branch_python_dop_operator_3.py for tasks to queue
[2025-03-27T12:26:48.384+0000] {logging_mixin.py:190} INFO - [2025-03-27T12:26:48.383+0000] {dagbag.py:588} INFO - Filling up the DagBag from /home/airflow/.local/lib/python3.12/site-packages/airflow/example_dags/example_branch_python_dop_operator_3.py
[2025-03-27T12:26:48.403+0000] {processor.py:925} INFO - DAG(s) 'example_branch_dop_operator_v3' retrieved from /home/airflow/.local/lib/python3.12/site-packages/airflow/example_dags/example_branch_python_dop_operator_3.py
[2025-03-27T12:26:48.441+0000] {logging_mixin.py:190} INFO - [2025-03-27T12:26:48.441+0000] {dag.py:3239} INFO - Sync 1 DAGs
[2025-03-27T12:26:48.494+0000] {logging_mixin.py:190} INFO - [2025-03-27T12:26:48.493+0000] {dag.py:4180} INFO - Setting next_dagrun for example_branch_dop_operator_v3 to 2025-03-27 12:25:00+00:00, run_after=2025-03-27 12:26:00+00:00
[2025-03-27T12:26:48.559+0000] {processor.py:208} INFO - Processing /home/airflow/.local/lib/python3.12/site-packages/airflow/example_dags/example_branch_python_dop_operator_3.py took 0.193 seconds
[2025-03-27T12:27:18.705+0000] {processor.py:186} INFO - Started process (PID=55862) to work on /home/airflow/.local/lib/python3.12/site-packages/airflow/example_dags/example_branch_python_dop_operator_3.py
[2025-03-27T12:27:18.707+0000] {processor.py:914} INFO - Processing file /home/airflow/.local/lib/python3.12/site-packages/airflow/example_dags/example_branch_python_dop_operator_3.py for tasks to queue
[2025-03-27T12:27:18.709+0000] {logging_mixin.py:190} INFO - [2025-03-27T12:27:18.709+0000] {dagbag.py:588} INFO - Filling up the DagBag from /home/airflow/.local/lib/python3.12/site-packages/airflow/example_dags/example_branch_python_dop_operator_3.py
[2025-03-27T12:27:18.731+0000] {processor.py:925} INFO - DAG(s) 'example_branch_dop_operator_v3' retrieved from /home/airflow/.local/lib/python3.12/site-packages/airflow/example_dags/example_branch_python_dop_operator_3.py
[2025-03-27T12:27:18.768+0000] {logging_mixin.py:190} INFO - [2025-03-27T12:27:18.767+0000] {dag.py:3239} INFO - Sync 1 DAGs
[2025-03-27T12:27:18.814+0000] {logging_mixin.py:190} INFO - [2025-03-27T12:27:18.814+0000] {dag.py:4180} INFO - Setting next_dagrun for example_branch_dop_operator_v3 to 2025-03-27 12:26:00+00:00, run_after=2025-03-27 12:27:00+00:00
[2025-03-27T12:27:18.862+0000] {processor.py:208} INFO - Processing /home/airflow/.local/lib/python3.12/site-packages/airflow/example_dags/example_branch_python_dop_operator_3.py took 0.169 seconds
[2025-03-27T12:27:49.008+0000] {processor.py:186} INFO - Started process (PID=55927) to work on /home/airflow/.local/lib/python3.12/site-packages/airflow/example_dags/example_branch_python_dop_operator_3.py
[2025-03-27T12:27:49.010+0000] {processor.py:914} INFO - Processing file /home/airflow/.local/lib/python3.12/site-packages/airflow/example_dags/example_branch_python_dop_operator_3.py for tasks to queue
[2025-03-27T12:27:49.012+0000] {logging_mixin.py:190} INFO - [2025-03-27T12:27:49.012+0000] {dagbag.py:588} INFO - Filling up the DagBag from /home/airflow/.local/lib/python3.12/site-packages/airflow/example_dags/example_branch_python_dop_operator_3.py
[2025-03-27T12:27:49.029+0000] {processor.py:925} INFO - DAG(s) 'example_branch_dop_operator_v3' retrieved from /home/airflow/.local/lib/python3.12/site-packages/airflow/example_dags/example_branch_python_dop_operator_3.py
[2025-03-27T12:27:49.063+0000] {logging_mixin.py:190} INFO - [2025-03-27T12:27:49.062+0000] {dag.py:3239} INFO - Sync 1 DAGs
[2025-03-27T12:27:49.108+0000] {logging_mixin.py:190} INFO - [2025-03-27T12:27:49.107+0000] {dag.py:4180} INFO - Setting next_dagrun for example_branch_dop_operator_v3 to 2025-03-27 12:26:00+00:00, run_after=2025-03-27 12:27:00+00:00
[2025-03-27T12:27:49.144+0000] {processor.py:208} INFO - Processing /home/airflow/.local/lib/python3.12/site-packages/airflow/example_dags/example_branch_python_dop_operator_3.py took 0.147 seconds
[2025-03-27T12:28:19.828+0000] {processor.py:186} INFO - Started process (PID=55992) to work on /home/airflow/.local/lib/python3.12/site-packages/airflow/example_dags/example_branch_python_dop_operator_3.py
[2025-03-27T12:28:19.830+0000] {processor.py:914} INFO - Processing file /home/airflow/.local/lib/python3.12/site-packages/airflow/example_dags/example_branch_python_dop_operator_3.py for tasks to queue
[2025-03-27T12:28:19.833+0000] {logging_mixin.py:190} INFO - [2025-03-27T12:28:19.832+0000] {dagbag.py:588} INFO - Filling up the DagBag from /home/airflow/.local/lib/python3.12/site-packages/airflow/example_dags/example_branch_python_dop_operator_3.py
[2025-03-27T12:28:19.855+0000] {processor.py:925} INFO - DAG(s) 'example_branch_dop_operator_v3' retrieved from /home/airflow/.local/lib/python3.12/site-packages/airflow/example_dags/example_branch_python_dop_operator_3.py
[2025-03-27T12:28:19.895+0000] {logging_mixin.py:190} INFO - [2025-03-27T12:28:19.895+0000] {dag.py:3239} INFO - Sync 1 DAGs
[2025-03-27T12:28:19.951+0000] {logging_mixin.py:190} INFO - [2025-03-27T12:28:19.951+0000] {dag.py:4180} INFO - Setting next_dagrun for example_branch_dop_operator_v3 to 2025-03-27 12:27:00+00:00, run_after=2025-03-27 12:28:00+00:00
[2025-03-27T12:28:19.987+0000] {processor.py:208} INFO - Processing /home/airflow/.local/lib/python3.12/site-packages/airflow/example_dags/example_branch_python_dop_operator_3.py took 0.171 seconds
[2025-03-27T12:28:50.781+0000] {processor.py:186} INFO - Started process (PID=56057) to work on /home/airflow/.local/lib/python3.12/site-packages/airflow/example_dags/example_branch_python_dop_operator_3.py
[2025-03-27T12:28:50.783+0000] {processor.py:914} INFO - Processing file /home/airflow/.local/lib/python3.12/site-packages/airflow/example_dags/example_branch_python_dop_operator_3.py for tasks to queue
[2025-03-27T12:28:50.787+0000] {logging_mixin.py:190} INFO - [2025-03-27T12:28:50.786+0000] {dagbag.py:588} INFO - Filling up the DagBag from /home/airflow/.local/lib/python3.12/site-packages/airflow/example_dags/example_branch_python_dop_operator_3.py
[2025-03-27T12:28:50.808+0000] {processor.py:925} INFO - DAG(s) 'example_branch_dop_operator_v3' retrieved from /home/airflow/.local/lib/python3.12/site-packages/airflow/example_dags/example_branch_python_dop_operator_3.py
[2025-03-27T12:28:50.847+0000] {logging_mixin.py:190} INFO - [2025-03-27T12:28:50.846+0000] {dag.py:3239} INFO - Sync 1 DAGs
[2025-03-27T12:28:50.895+0000] {logging_mixin.py:190} INFO - [2025-03-27T12:28:50.895+0000] {dag.py:4180} INFO - Setting next_dagrun for example_branch_dop_operator_v3 to 2025-03-27 12:27:00+00:00, run_after=2025-03-27 12:28:00+00:00
[2025-03-27T12:28:50.943+0000] {processor.py:208} INFO - Processing /home/airflow/.local/lib/python3.12/site-packages/airflow/example_dags/example_branch_python_dop_operator_3.py took 0.174 seconds
[2025-03-27T12:29:21.049+0000] {processor.py:186} INFO - Started process (PID=56122) to work on /home/airflow/.local/lib/python3.12/site-packages/airflow/example_dags/example_branch_python_dop_operator_3.py
[2025-03-27T12:29:21.051+0000] {processor.py:914} INFO - Processing file /home/airflow/.local/lib/python3.12/site-packages/airflow/example_dags/example_branch_python_dop_operator_3.py for tasks to queue
[2025-03-27T12:29:21.053+0000] {logging_mixin.py:190} INFO - [2025-03-27T12:29:21.053+0000] {dagbag.py:588} INFO - Filling up the DagBag from /home/airflow/.local/lib/python3.12/site-packages/airflow/example_dags/example_branch_python_dop_operator_3.py
[2025-03-27T12:29:21.071+0000] {processor.py:925} INFO - DAG(s) 'example_branch_dop_operator_v3' retrieved from /home/airflow/.local/lib/python3.12/site-packages/airflow/example_dags/example_branch_python_dop_operator_3.py
[2025-03-27T12:29:21.113+0000] {logging_mixin.py:190} INFO - [2025-03-27T12:29:21.113+0000] {dag.py:3239} INFO - Sync 1 DAGs
[2025-03-27T12:29:21.162+0000] {logging_mixin.py:190} INFO - [2025-03-27T12:29:21.161+0000] {dag.py:4180} INFO - Setting next_dagrun for example_branch_dop_operator_v3 to 2025-03-27 12:28:00+00:00, run_after=2025-03-27 12:29:00+00:00
[2025-03-27T12:29:21.195+0000] {processor.py:208} INFO - Processing /home/airflow/.local/lib/python3.12/site-packages/airflow/example_dags/example_branch_python_dop_operator_3.py took 0.154 seconds
[2025-03-27T12:29:51.846+0000] {processor.py:186} INFO - Started process (PID=56187) to work on /home/airflow/.local/lib/python3.12/site-packages/airflow/example_dags/example_branch_python_dop_operator_3.py
[2025-03-27T12:29:51.848+0000] {processor.py:914} INFO - Processing file /home/airflow/.local/lib/python3.12/site-packages/airflow/example_dags/example_branch_python_dop_operator_3.py for tasks to queue
[2025-03-27T12:29:51.851+0000] {logging_mixin.py:190} INFO - [2025-03-27T12:29:51.850+0000] {dagbag.py:588} INFO - Filling up the DagBag from /home/airflow/.local/lib/python3.12/site-packages/airflow/example_dags/example_branch_python_dop_operator_3.py
[2025-03-27T12:29:51.868+0000] {processor.py:925} INFO - DAG(s) 'example_branch_dop_operator_v3' retrieved from /home/airflow/.local/lib/python3.12/site-packages/airflow/example_dags/example_branch_python_dop_operator_3.py
[2025-03-27T12:29:51.899+0000] {logging_mixin.py:190} INFO - [2025-03-27T12:29:51.899+0000] {dag.py:3239} INFO - Sync 1 DAGs
[2025-03-27T12:29:51.945+0000] {logging_mixin.py:190} INFO - [2025-03-27T12:29:51.945+0000] {dag.py:4180} INFO - Setting next_dagrun for example_branch_dop_operator_v3 to 2025-03-27 12:28:00+00:00, run_after=2025-03-27 12:29:00+00:00
[2025-03-27T12:29:51.999+0000] {processor.py:208} INFO - Processing /home/airflow/.local/lib/python3.12/site-packages/airflow/example_dags/example_branch_python_dop_operator_3.py took 0.162 seconds
[2025-03-27T12:30:22.177+0000] {processor.py:186} INFO - Started process (PID=56251) to work on /home/airflow/.local/lib/python3.12/site-packages/airflow/example_dags/example_branch_python_dop_operator_3.py
[2025-03-27T12:30:22.178+0000] {processor.py:914} INFO - Processing file /home/airflow/.local/lib/python3.12/site-packages/airflow/example_dags/example_branch_python_dop_operator_3.py for tasks to queue
[2025-03-27T12:30:22.181+0000] {logging_mixin.py:190} INFO - [2025-03-27T12:30:22.180+0000] {dagbag.py:588} INFO - Filling up the DagBag from /home/airflow/.local/lib/python3.12/site-packages/airflow/example_dags/example_branch_python_dop_operator_3.py
[2025-03-27T12:30:22.198+0000] {processor.py:925} INFO - DAG(s) 'example_branch_dop_operator_v3' retrieved from /home/airflow/.local/lib/python3.12/site-packages/airflow/example_dags/example_branch_python_dop_operator_3.py
[2025-03-27T12:30:22.233+0000] {logging_mixin.py:190} INFO - [2025-03-27T12:30:22.232+0000] {dag.py:3239} INFO - Sync 1 DAGs
[2025-03-27T12:30:22.276+0000] {logging_mixin.py:190} INFO - [2025-03-27T12:30:22.276+0000] {dag.py:4180} INFO - Setting next_dagrun for example_branch_dop_operator_v3 to 2025-03-27 12:29:00+00:00, run_after=2025-03-27 12:30:00+00:00
[2025-03-27T12:30:22.324+0000] {processor.py:208} INFO - Processing /home/airflow/.local/lib/python3.12/site-packages/airflow/example_dags/example_branch_python_dop_operator_3.py took 0.157 seconds
[2025-03-27T12:30:53.218+0000] {processor.py:186} INFO - Started process (PID=56316) to work on /home/airflow/.local/lib/python3.12/site-packages/airflow/example_dags/example_branch_python_dop_operator_3.py
[2025-03-27T12:30:53.220+0000] {processor.py:914} INFO - Processing file /home/airflow/.local/lib/python3.12/site-packages/airflow/example_dags/example_branch_python_dop_operator_3.py for tasks to queue
[2025-03-27T12:30:53.223+0000] {logging_mixin.py:190} INFO - [2025-03-27T12:30:53.222+0000] {dagbag.py:588} INFO - Filling up the DagBag from /home/airflow/.local/lib/python3.12/site-packages/airflow/example_dags/example_branch_python_dop_operator_3.py
[2025-03-27T12:30:53.249+0000] {processor.py:925} INFO - DAG(s) 'example_branch_dop_operator_v3' retrieved from /home/airflow/.local/lib/python3.12/site-packages/airflow/example_dags/example_branch_python_dop_operator_3.py
[2025-03-27T12:30:53.287+0000] {logging_mixin.py:190} INFO - [2025-03-27T12:30:53.286+0000] {dag.py:3239} INFO - Sync 1 DAGs
[2025-03-27T12:30:53.347+0000] {logging_mixin.py:190} INFO - [2025-03-27T12:30:53.347+0000] {dag.py:4180} INFO - Setting next_dagrun for example_branch_dop_operator_v3 to 2025-03-27 12:29:00+00:00, run_after=2025-03-27 12:30:00+00:00
[2025-03-27T12:30:53.403+0000] {processor.py:208} INFO - Processing /home/airflow/.local/lib/python3.12/site-packages/airflow/example_dags/example_branch_python_dop_operator_3.py took 0.196 seconds
