[2025-03-27T11:58:44.933+0000] {processor.py:186} INFO - Started process (PID=52266) to work on /home/airflow/.local/lib/python3.12/site-packages/airflow/example_dags/example_python_operator.py
[2025-03-27T11:58:44.943+0000] {processor.py:914} INFO - Processing file /home/airflow/.local/lib/python3.12/site-packages/airflow/example_dags/example_python_operator.py for tasks to queue
[2025-03-27T11:58:44.948+0000] {logging_mixin.py:190} INFO - [2025-03-27T11:58:44.947+0000] {dagbag.py:588} INFO - Filling up the DagBag from /home/airflow/.local/lib/python3.12/site-packages/airflow/example_dags/example_python_operator.py
[2025-03-27T11:58:45.020+0000] {processor.py:925} INFO - DAG(s) 'example_python_operator' retrieved from /home/airflow/.local/lib/python3.12/site-packages/airflow/example_dags/example_python_operator.py
[2025-03-27T11:58:45.161+0000] {logging_mixin.py:190} INFO - [2025-03-27T11:58:45.151+0000] {dag.py:3239} INFO - Sync 1 DAGs
[2025-03-27T11:58:45.276+0000] {logging_mixin.py:190} INFO - [2025-03-27T11:58:45.275+0000] {dag.py:4180} INFO - Setting next_dagrun for example_python_operator to None, run_after=None
[2025-03-27T11:58:45.401+0000] {processor.py:208} INFO - Processing /home/airflow/.local/lib/python3.12/site-packages/airflow/example_dags/example_python_operator.py took 0.496 seconds
[2025-03-27T11:59:20.328+0000] {processor.py:186} INFO - Started process (PID=52335) to work on /home/airflow/.local/lib/python3.12/site-packages/airflow/example_dags/example_python_operator.py
[2025-03-27T11:59:20.331+0000] {processor.py:914} INFO - Processing file /home/airflow/.local/lib/python3.12/site-packages/airflow/example_dags/example_python_operator.py for tasks to queue
[2025-03-27T11:59:20.340+0000] {logging_mixin.py:190} INFO - [2025-03-27T11:59:20.337+0000] {dagbag.py:588} INFO - Filling up the DagBag from /home/airflow/.local/lib/python3.12/site-packages/airflow/example_dags/example_python_operator.py
[2025-03-27T11:59:20.409+0000] {processor.py:925} INFO - DAG(s) 'example_python_operator' retrieved from /home/airflow/.local/lib/python3.12/site-packages/airflow/example_dags/example_python_operator.py
[2025-03-27T11:59:20.513+0000] {logging_mixin.py:190} INFO - [2025-03-27T11:59:20.513+0000] {dag.py:3239} INFO - Sync 1 DAGs
[2025-03-27T11:59:20.589+0000] {logging_mixin.py:190} INFO - [2025-03-27T11:59:20.589+0000] {dag.py:4180} INFO - Setting next_dagrun for example_python_operator to None, run_after=None
[2025-03-27T11:59:20.681+0000] {processor.py:208} INFO - Processing /home/airflow/.local/lib/python3.12/site-packages/airflow/example_dags/example_python_operator.py took 0.366 seconds
[2025-03-27T11:59:55.785+0000] {processor.py:186} INFO - Started process (PID=52408) to work on /home/airflow/.local/lib/python3.12/site-packages/airflow/example_dags/example_python_operator.py
[2025-03-27T11:59:55.792+0000] {processor.py:914} INFO - Processing file /home/airflow/.local/lib/python3.12/site-packages/airflow/example_dags/example_python_operator.py for tasks to queue
[2025-03-27T11:59:55.810+0000] {logging_mixin.py:190} INFO - [2025-03-27T11:59:55.809+0000] {dagbag.py:588} INFO - Filling up the DagBag from /home/airflow/.local/lib/python3.12/site-packages/airflow/example_dags/example_python_operator.py
[2025-03-27T11:59:55.868+0000] {processor.py:925} INFO - DAG(s) 'example_python_operator' retrieved from /home/airflow/.local/lib/python3.12/site-packages/airflow/example_dags/example_python_operator.py
[2025-03-27T11:59:55.983+0000] {logging_mixin.py:190} INFO - [2025-03-27T11:59:55.982+0000] {dag.py:3239} INFO - Sync 1 DAGs
[2025-03-27T11:59:56.078+0000] {logging_mixin.py:190} INFO - [2025-03-27T11:59:56.078+0000] {dag.py:4180} INFO - Setting next_dagrun for example_python_operator to None, run_after=None
[2025-03-27T11:59:56.167+0000] {processor.py:208} INFO - Processing /home/airflow/.local/lib/python3.12/site-packages/airflow/example_dags/example_python_operator.py took 0.404 seconds
[2025-03-27T12:00:27.017+0000] {processor.py:186} INFO - Started process (PID=52472) to work on /home/airflow/.local/lib/python3.12/site-packages/airflow/example_dags/example_python_operator.py
[2025-03-27T12:00:27.029+0000] {processor.py:914} INFO - Processing file /home/airflow/.local/lib/python3.12/site-packages/airflow/example_dags/example_python_operator.py for tasks to queue
[2025-03-27T12:00:27.034+0000] {logging_mixin.py:190} INFO - [2025-03-27T12:00:27.032+0000] {dagbag.py:588} INFO - Filling up the DagBag from /home/airflow/.local/lib/python3.12/site-packages/airflow/example_dags/example_python_operator.py
[2025-03-27T12:00:27.095+0000] {processor.py:925} INFO - DAG(s) 'example_python_operator' retrieved from /home/airflow/.local/lib/python3.12/site-packages/airflow/example_dags/example_python_operator.py
[2025-03-27T12:00:27.173+0000] {logging_mixin.py:190} INFO - [2025-03-27T12:00:27.172+0000] {dag.py:3239} INFO - Sync 1 DAGs
[2025-03-27T12:00:27.226+0000] {logging_mixin.py:190} INFO - [2025-03-27T12:00:27.226+0000] {dag.py:4180} INFO - Setting next_dagrun for example_python_operator to None, run_after=None
[2025-03-27T12:00:27.314+0000] {processor.py:208} INFO - Processing /home/airflow/.local/lib/python3.12/site-packages/airflow/example_dags/example_python_operator.py took 0.335 seconds
[2025-03-27T12:00:57.476+0000] {processor.py:186} INFO - Started process (PID=52537) to work on /home/airflow/.local/lib/python3.12/site-packages/airflow/example_dags/example_python_operator.py
[2025-03-27T12:00:57.479+0000] {processor.py:914} INFO - Processing file /home/airflow/.local/lib/python3.12/site-packages/airflow/example_dags/example_python_operator.py for tasks to queue
[2025-03-27T12:00:57.483+0000] {logging_mixin.py:190} INFO - [2025-03-27T12:00:57.482+0000] {dagbag.py:588} INFO - Filling up the DagBag from /home/airflow/.local/lib/python3.12/site-packages/airflow/example_dags/example_python_operator.py
[2025-03-27T12:00:57.518+0000] {processor.py:925} INFO - DAG(s) 'example_python_operator' retrieved from /home/airflow/.local/lib/python3.12/site-packages/airflow/example_dags/example_python_operator.py
[2025-03-27T12:00:57.585+0000] {logging_mixin.py:190} INFO - [2025-03-27T12:00:57.585+0000] {dag.py:3239} INFO - Sync 1 DAGs
[2025-03-27T12:00:57.628+0000] {logging_mixin.py:190} INFO - [2025-03-27T12:00:57.627+0000] {dag.py:4180} INFO - Setting next_dagrun for example_python_operator to None, run_after=None
[2025-03-27T12:00:57.701+0000] {processor.py:208} INFO - Processing /home/airflow/.local/lib/python3.12/site-packages/airflow/example_dags/example_python_operator.py took 0.244 seconds
[2025-03-27T12:01:28.569+0000] {processor.py:186} INFO - Started process (PID=52602) to work on /home/airflow/.local/lib/python3.12/site-packages/airflow/example_dags/example_python_operator.py
[2025-03-27T12:01:28.571+0000] {processor.py:914} INFO - Processing file /home/airflow/.local/lib/python3.12/site-packages/airflow/example_dags/example_python_operator.py for tasks to queue
[2025-03-27T12:01:28.574+0000] {logging_mixin.py:190} INFO - [2025-03-27T12:01:28.573+0000] {dagbag.py:588} INFO - Filling up the DagBag from /home/airflow/.local/lib/python3.12/site-packages/airflow/example_dags/example_python_operator.py
[2025-03-27T12:01:28.596+0000] {processor.py:925} INFO - DAG(s) 'example_python_operator' retrieved from /home/airflow/.local/lib/python3.12/site-packages/airflow/example_dags/example_python_operator.py
[2025-03-27T12:01:28.637+0000] {logging_mixin.py:190} INFO - [2025-03-27T12:01:28.637+0000] {dag.py:3239} INFO - Sync 1 DAGs
[2025-03-27T12:01:28.668+0000] {logging_mixin.py:190} INFO - [2025-03-27T12:01:28.668+0000] {dag.py:4180} INFO - Setting next_dagrun for example_python_operator to None, run_after=None
[2025-03-27T12:01:28.705+0000] {processor.py:208} INFO - Processing /home/airflow/.local/lib/python3.12/site-packages/airflow/example_dags/example_python_operator.py took 0.147 seconds
[2025-03-27T12:01:59.073+0000] {processor.py:186} INFO - Started process (PID=52667) to work on /home/airflow/.local/lib/python3.12/site-packages/airflow/example_dags/example_python_operator.py
[2025-03-27T12:01:59.074+0000] {processor.py:914} INFO - Processing file /home/airflow/.local/lib/python3.12/site-packages/airflow/example_dags/example_python_operator.py for tasks to queue
[2025-03-27T12:01:59.077+0000] {logging_mixin.py:190} INFO - [2025-03-27T12:01:59.077+0000] {dagbag.py:588} INFO - Filling up the DagBag from /home/airflow/.local/lib/python3.12/site-packages/airflow/example_dags/example_python_operator.py
[2025-03-27T12:01:59.104+0000] {processor.py:925} INFO - DAG(s) 'example_python_operator' retrieved from /home/airflow/.local/lib/python3.12/site-packages/airflow/example_dags/example_python_operator.py
[2025-03-27T12:01:59.154+0000] {logging_mixin.py:190} INFO - [2025-03-27T12:01:59.154+0000] {dag.py:3239} INFO - Sync 1 DAGs
[2025-03-27T12:01:59.184+0000] {logging_mixin.py:190} INFO - [2025-03-27T12:01:59.184+0000] {dag.py:4180} INFO - Setting next_dagrun for example_python_operator to None, run_after=None
[2025-03-27T12:01:59.225+0000] {processor.py:208} INFO - Processing /home/airflow/.local/lib/python3.12/site-packages/airflow/example_dags/example_python_operator.py took 0.162 seconds
[2025-03-27T12:02:29.682+0000] {processor.py:186} INFO - Started process (PID=52731) to work on /home/airflow/.local/lib/python3.12/site-packages/airflow/example_dags/example_python_operator.py
[2025-03-27T12:02:29.685+0000] {processor.py:914} INFO - Processing file /home/airflow/.local/lib/python3.12/site-packages/airflow/example_dags/example_python_operator.py for tasks to queue
[2025-03-27T12:02:29.688+0000] {logging_mixin.py:190} INFO - [2025-03-27T12:02:29.687+0000] {dagbag.py:588} INFO - Filling up the DagBag from /home/airflow/.local/lib/python3.12/site-packages/airflow/example_dags/example_python_operator.py
[2025-03-27T12:02:29.721+0000] {processor.py:925} INFO - DAG(s) 'example_python_operator' retrieved from /home/airflow/.local/lib/python3.12/site-packages/airflow/example_dags/example_python_operator.py
[2025-03-27T12:02:29.776+0000] {logging_mixin.py:190} INFO - [2025-03-27T12:02:29.776+0000] {dag.py:3239} INFO - Sync 1 DAGs
[2025-03-27T12:02:29.808+0000] {logging_mixin.py:190} INFO - [2025-03-27T12:02:29.808+0000] {dag.py:4180} INFO - Setting next_dagrun for example_python_operator to None, run_after=None
[2025-03-27T12:02:29.870+0000] {processor.py:208} INFO - Processing /home/airflow/.local/lib/python3.12/site-packages/airflow/example_dags/example_python_operator.py took 0.199 seconds
[2025-03-27T12:03:00.254+0000] {processor.py:186} INFO - Started process (PID=52796) to work on /home/airflow/.local/lib/python3.12/site-packages/airflow/example_dags/example_python_operator.py
[2025-03-27T12:03:00.257+0000] {processor.py:914} INFO - Processing file /home/airflow/.local/lib/python3.12/site-packages/airflow/example_dags/example_python_operator.py for tasks to queue
[2025-03-27T12:03:00.260+0000] {logging_mixin.py:190} INFO - [2025-03-27T12:03:00.260+0000] {dagbag.py:588} INFO - Filling up the DagBag from /home/airflow/.local/lib/python3.12/site-packages/airflow/example_dags/example_python_operator.py
[2025-03-27T12:03:00.296+0000] {processor.py:925} INFO - DAG(s) 'example_python_operator' retrieved from /home/airflow/.local/lib/python3.12/site-packages/airflow/example_dags/example_python_operator.py
[2025-03-27T12:03:00.350+0000] {logging_mixin.py:190} INFO - [2025-03-27T12:03:00.350+0000] {dag.py:3239} INFO - Sync 1 DAGs
[2025-03-27T12:03:00.377+0000] {logging_mixin.py:190} INFO - [2025-03-27T12:03:00.377+0000] {dag.py:4180} INFO - Setting next_dagrun for example_python_operator to None, run_after=None
[2025-03-27T12:03:00.441+0000] {processor.py:208} INFO - Processing /home/airflow/.local/lib/python3.12/site-packages/airflow/example_dags/example_python_operator.py took 0.201 seconds
[2025-03-27T12:03:30.641+0000] {processor.py:186} INFO - Started process (PID=52861) to work on /home/airflow/.local/lib/python3.12/site-packages/airflow/example_dags/example_python_operator.py
[2025-03-27T12:03:30.643+0000] {processor.py:914} INFO - Processing file /home/airflow/.local/lib/python3.12/site-packages/airflow/example_dags/example_python_operator.py for tasks to queue
[2025-03-27T12:03:30.646+0000] {logging_mixin.py:190} INFO - [2025-03-27T12:03:30.645+0000] {dagbag.py:588} INFO - Filling up the DagBag from /home/airflow/.local/lib/python3.12/site-packages/airflow/example_dags/example_python_operator.py
[2025-03-27T12:03:30.666+0000] {processor.py:925} INFO - DAG(s) 'example_python_operator' retrieved from /home/airflow/.local/lib/python3.12/site-packages/airflow/example_dags/example_python_operator.py
[2025-03-27T12:03:30.708+0000] {logging_mixin.py:190} INFO - [2025-03-27T12:03:30.707+0000] {dag.py:3239} INFO - Sync 1 DAGs
[2025-03-27T12:03:30.735+0000] {logging_mixin.py:190} INFO - [2025-03-27T12:03:30.734+0000] {dag.py:4180} INFO - Setting next_dagrun for example_python_operator to None, run_after=None
[2025-03-27T12:03:30.784+0000] {processor.py:208} INFO - Processing /home/airflow/.local/lib/python3.12/site-packages/airflow/example_dags/example_python_operator.py took 0.156 seconds
[2025-03-27T12:04:02.121+0000] {processor.py:186} INFO - Started process (PID=52925) to work on /home/airflow/.local/lib/python3.12/site-packages/airflow/example_dags/example_python_operator.py
[2025-03-27T12:04:02.133+0000] {processor.py:914} INFO - Processing file /home/airflow/.local/lib/python3.12/site-packages/airflow/example_dags/example_python_operator.py for tasks to queue
[2025-03-27T12:04:02.139+0000] {logging_mixin.py:190} INFO - [2025-03-27T12:04:02.138+0000] {dagbag.py:588} INFO - Filling up the DagBag from /home/airflow/.local/lib/python3.12/site-packages/airflow/example_dags/example_python_operator.py
[2025-03-27T12:04:02.247+0000] {processor.py:925} INFO - DAG(s) 'example_python_operator' retrieved from /home/airflow/.local/lib/python3.12/site-packages/airflow/example_dags/example_python_operator.py
[2025-03-27T12:04:02.376+0000] {logging_mixin.py:190} INFO - [2025-03-27T12:04:02.375+0000] {dag.py:3239} INFO - Sync 1 DAGs
[2025-03-27T12:04:02.464+0000] {logging_mixin.py:190} INFO - [2025-03-27T12:04:02.463+0000] {dag.py:4180} INFO - Setting next_dagrun for example_python_operator to None, run_after=None
[2025-03-27T12:04:02.597+0000] {processor.py:208} INFO - Processing /home/airflow/.local/lib/python3.12/site-packages/airflow/example_dags/example_python_operator.py took 0.512 seconds
[2025-03-27T12:04:34.912+0000] {processor.py:186} INFO - Started process (PID=52992) to work on /home/airflow/.local/lib/python3.12/site-packages/airflow/example_dags/example_python_operator.py
[2025-03-27T12:04:34.916+0000] {processor.py:914} INFO - Processing file /home/airflow/.local/lib/python3.12/site-packages/airflow/example_dags/example_python_operator.py for tasks to queue
[2025-03-27T12:04:34.927+0000] {logging_mixin.py:190} INFO - [2025-03-27T12:04:34.926+0000] {dagbag.py:588} INFO - Filling up the DagBag from /home/airflow/.local/lib/python3.12/site-packages/airflow/example_dags/example_python_operator.py
[2025-03-27T12:04:34.996+0000] {processor.py:925} INFO - DAG(s) 'example_python_operator' retrieved from /home/airflow/.local/lib/python3.12/site-packages/airflow/example_dags/example_python_operator.py
[2025-03-27T12:04:35.116+0000] {logging_mixin.py:190} INFO - [2025-03-27T12:04:35.115+0000] {dag.py:3239} INFO - Sync 1 DAGs
[2025-03-27T12:04:35.206+0000] {logging_mixin.py:190} INFO - [2025-03-27T12:04:35.206+0000] {dag.py:4180} INFO - Setting next_dagrun for example_python_operator to None, run_after=None
[2025-03-27T12:04:35.312+0000] {processor.py:208} INFO - Processing /home/airflow/.local/lib/python3.12/site-packages/airflow/example_dags/example_python_operator.py took 0.429 seconds
[2025-03-27T12:05:05.839+0000] {processor.py:186} INFO - Started process (PID=53057) to work on /home/airflow/.local/lib/python3.12/site-packages/airflow/example_dags/example_python_operator.py
[2025-03-27T12:05:05.842+0000] {processor.py:914} INFO - Processing file /home/airflow/.local/lib/python3.12/site-packages/airflow/example_dags/example_python_operator.py for tasks to queue
[2025-03-27T12:05:05.846+0000] {logging_mixin.py:190} INFO - [2025-03-27T12:05:05.845+0000] {dagbag.py:588} INFO - Filling up the DagBag from /home/airflow/.local/lib/python3.12/site-packages/airflow/example_dags/example_python_operator.py
[2025-03-27T12:05:05.869+0000] {processor.py:925} INFO - DAG(s) 'example_python_operator' retrieved from /home/airflow/.local/lib/python3.12/site-packages/airflow/example_dags/example_python_operator.py
[2025-03-27T12:05:05.920+0000] {logging_mixin.py:190} INFO - [2025-03-27T12:05:05.919+0000] {dag.py:3239} INFO - Sync 1 DAGs
[2025-03-27T12:05:05.951+0000] {logging_mixin.py:190} INFO - [2025-03-27T12:05:05.950+0000] {dag.py:4180} INFO - Setting next_dagrun for example_python_operator to None, run_after=None
[2025-03-27T12:05:06.007+0000] {processor.py:208} INFO - Processing /home/airflow/.local/lib/python3.12/site-packages/airflow/example_dags/example_python_operator.py took 0.184 seconds
[2025-03-27T12:05:36.943+0000] {processor.py:186} INFO - Started process (PID=53123) to work on /home/airflow/.local/lib/python3.12/site-packages/airflow/example_dags/example_python_operator.py
[2025-03-27T12:05:36.946+0000] {processor.py:914} INFO - Processing file /home/airflow/.local/lib/python3.12/site-packages/airflow/example_dags/example_python_operator.py for tasks to queue
[2025-03-27T12:05:36.950+0000] {logging_mixin.py:190} INFO - [2025-03-27T12:05:36.949+0000] {dagbag.py:588} INFO - Filling up the DagBag from /home/airflow/.local/lib/python3.12/site-packages/airflow/example_dags/example_python_operator.py
[2025-03-27T12:05:36.982+0000] {processor.py:925} INFO - DAG(s) 'example_python_operator' retrieved from /home/airflow/.local/lib/python3.12/site-packages/airflow/example_dags/example_python_operator.py
[2025-03-27T12:05:37.037+0000] {logging_mixin.py:190} INFO - [2025-03-27T12:05:37.035+0000] {dag.py:3239} INFO - Sync 1 DAGs
[2025-03-27T12:05:37.076+0000] {logging_mixin.py:190} INFO - [2025-03-27T12:05:37.074+0000] {dag.py:4180} INFO - Setting next_dagrun for example_python_operator to None, run_after=None
[2025-03-27T12:05:37.137+0000] {processor.py:208} INFO - Processing /home/airflow/.local/lib/python3.12/site-packages/airflow/example_dags/example_python_operator.py took 0.212 seconds
[2025-03-27T12:06:07.523+0000] {processor.py:186} INFO - Started process (PID=53186) to work on /home/airflow/.local/lib/python3.12/site-packages/airflow/example_dags/example_python_operator.py
[2025-03-27T12:06:07.525+0000] {processor.py:914} INFO - Processing file /home/airflow/.local/lib/python3.12/site-packages/airflow/example_dags/example_python_operator.py for tasks to queue
[2025-03-27T12:06:07.528+0000] {logging_mixin.py:190} INFO - [2025-03-27T12:06:07.527+0000] {dagbag.py:588} INFO - Filling up the DagBag from /home/airflow/.local/lib/python3.12/site-packages/airflow/example_dags/example_python_operator.py
[2025-03-27T12:06:07.555+0000] {processor.py:925} INFO - DAG(s) 'example_python_operator' retrieved from /home/airflow/.local/lib/python3.12/site-packages/airflow/example_dags/example_python_operator.py
[2025-03-27T12:06:07.597+0000] {logging_mixin.py:190} INFO - [2025-03-27T12:06:07.596+0000] {dag.py:3239} INFO - Sync 1 DAGs
[2025-03-27T12:06:07.624+0000] {logging_mixin.py:190} INFO - [2025-03-27T12:06:07.624+0000] {dag.py:4180} INFO - Setting next_dagrun for example_python_operator to None, run_after=None
[2025-03-27T12:06:07.676+0000] {processor.py:208} INFO - Processing /home/airflow/.local/lib/python3.12/site-packages/airflow/example_dags/example_python_operator.py took 0.165 seconds
[2025-03-27T12:06:38.533+0000] {processor.py:186} INFO - Started process (PID=53252) to work on /home/airflow/.local/lib/python3.12/site-packages/airflow/example_dags/example_python_operator.py
[2025-03-27T12:06:38.536+0000] {processor.py:914} INFO - Processing file /home/airflow/.local/lib/python3.12/site-packages/airflow/example_dags/example_python_operator.py for tasks to queue
[2025-03-27T12:06:38.547+0000] {logging_mixin.py:190} INFO - [2025-03-27T12:06:38.540+0000] {dagbag.py:588} INFO - Filling up the DagBag from /home/airflow/.local/lib/python3.12/site-packages/airflow/example_dags/example_python_operator.py
[2025-03-27T12:06:38.618+0000] {processor.py:925} INFO - DAG(s) 'example_python_operator' retrieved from /home/airflow/.local/lib/python3.12/site-packages/airflow/example_dags/example_python_operator.py
[2025-03-27T12:06:38.688+0000] {logging_mixin.py:190} INFO - [2025-03-27T12:06:38.687+0000] {dag.py:3239} INFO - Sync 1 DAGs
[2025-03-27T12:06:38.736+0000] {logging_mixin.py:190} INFO - [2025-03-27T12:06:38.735+0000] {dag.py:4180} INFO - Setting next_dagrun for example_python_operator to None, run_after=None
[2025-03-27T12:06:38.799+0000] {processor.py:208} INFO - Processing /home/airflow/.local/lib/python3.12/site-packages/airflow/example_dags/example_python_operator.py took 0.289 seconds
[2025-03-27T12:07:09.124+0000] {processor.py:186} INFO - Started process (PID=53317) to work on /home/airflow/.local/lib/python3.12/site-packages/airflow/example_dags/example_python_operator.py
[2025-03-27T12:07:09.126+0000] {processor.py:914} INFO - Processing file /home/airflow/.local/lib/python3.12/site-packages/airflow/example_dags/example_python_operator.py for tasks to queue
[2025-03-27T12:07:09.130+0000] {logging_mixin.py:190} INFO - [2025-03-27T12:07:09.129+0000] {dagbag.py:588} INFO - Filling up the DagBag from /home/airflow/.local/lib/python3.12/site-packages/airflow/example_dags/example_python_operator.py
[2025-03-27T12:07:09.155+0000] {processor.py:925} INFO - DAG(s) 'example_python_operator' retrieved from /home/airflow/.local/lib/python3.12/site-packages/airflow/example_dags/example_python_operator.py
[2025-03-27T12:07:09.203+0000] {logging_mixin.py:190} INFO - [2025-03-27T12:07:09.203+0000] {dag.py:3239} INFO - Sync 1 DAGs
[2025-03-27T12:07:09.234+0000] {logging_mixin.py:190} INFO - [2025-03-27T12:07:09.233+0000] {dag.py:4180} INFO - Setting next_dagrun for example_python_operator to None, run_after=None
[2025-03-27T12:07:09.274+0000] {processor.py:208} INFO - Processing /home/airflow/.local/lib/python3.12/site-packages/airflow/example_dags/example_python_operator.py took 0.162 seconds
[2025-03-27T12:07:42.488+0000] {processor.py:186} INFO - Started process (PID=53383) to work on /home/airflow/.local/lib/python3.12/site-packages/airflow/example_dags/example_python_operator.py
[2025-03-27T12:07:42.491+0000] {processor.py:914} INFO - Processing file /home/airflow/.local/lib/python3.12/site-packages/airflow/example_dags/example_python_operator.py for tasks to queue
[2025-03-27T12:07:42.494+0000] {logging_mixin.py:190} INFO - [2025-03-27T12:07:42.493+0000] {dagbag.py:588} INFO - Filling up the DagBag from /home/airflow/.local/lib/python3.12/site-packages/airflow/example_dags/example_python_operator.py
[2025-03-27T12:07:42.530+0000] {processor.py:925} INFO - DAG(s) 'example_python_operator' retrieved from /home/airflow/.local/lib/python3.12/site-packages/airflow/example_dags/example_python_operator.py
[2025-03-27T12:07:42.598+0000] {logging_mixin.py:190} INFO - [2025-03-27T12:07:42.598+0000] {dag.py:3239} INFO - Sync 1 DAGs
[2025-03-27T12:07:42.641+0000] {logging_mixin.py:190} INFO - [2025-03-27T12:07:42.641+0000] {dag.py:4180} INFO - Setting next_dagrun for example_python_operator to None, run_after=None
[2025-03-27T12:07:42.753+0000] {processor.py:208} INFO - Processing /home/airflow/.local/lib/python3.12/site-packages/airflow/example_dags/example_python_operator.py took 0.281 seconds
[2025-03-27T12:08:16.463+0000] {processor.py:186} INFO - Started process (PID=53450) to work on /home/airflow/.local/lib/python3.12/site-packages/airflow/example_dags/example_python_operator.py
[2025-03-27T12:08:16.467+0000] {processor.py:914} INFO - Processing file /home/airflow/.local/lib/python3.12/site-packages/airflow/example_dags/example_python_operator.py for tasks to queue
[2025-03-27T12:08:16.472+0000] {logging_mixin.py:190} INFO - [2025-03-27T12:08:16.471+0000] {dagbag.py:588} INFO - Filling up the DagBag from /home/airflow/.local/lib/python3.12/site-packages/airflow/example_dags/example_python_operator.py
[2025-03-27T12:08:16.535+0000] {processor.py:925} INFO - DAG(s) 'example_python_operator' retrieved from /home/airflow/.local/lib/python3.12/site-packages/airflow/example_dags/example_python_operator.py
[2025-03-27T12:08:16.666+0000] {logging_mixin.py:190} INFO - [2025-03-27T12:08:16.666+0000] {dag.py:3239} INFO - Sync 1 DAGs
[2025-03-27T12:08:16.820+0000] {logging_mixin.py:190} INFO - [2025-03-27T12:08:16.819+0000] {dag.py:4180} INFO - Setting next_dagrun for example_python_operator to None, run_after=None
[2025-03-27T12:08:17.012+0000] {processor.py:208} INFO - Processing /home/airflow/.local/lib/python3.12/site-packages/airflow/example_dags/example_python_operator.py took 0.582 seconds
[2025-03-27T12:08:50.756+0000] {processor.py:186} INFO - Started process (PID=53516) to work on /home/airflow/.local/lib/python3.12/site-packages/airflow/example_dags/example_python_operator.py
[2025-03-27T12:08:50.764+0000] {processor.py:914} INFO - Processing file /home/airflow/.local/lib/python3.12/site-packages/airflow/example_dags/example_python_operator.py for tasks to queue
[2025-03-27T12:08:50.773+0000] {logging_mixin.py:190} INFO - [2025-03-27T12:08:50.772+0000] {dagbag.py:588} INFO - Filling up the DagBag from /home/airflow/.local/lib/python3.12/site-packages/airflow/example_dags/example_python_operator.py
[2025-03-27T12:08:51.355+0000] {processor.py:925} INFO - DAG(s) 'example_python_operator' retrieved from /home/airflow/.local/lib/python3.12/site-packages/airflow/example_dags/example_python_operator.py
[2025-03-27T12:08:51.410+0000] {logging_mixin.py:190} INFO - [2025-03-27T12:08:51.409+0000] {dag.py:3239} INFO - Sync 1 DAGs
[2025-03-27T12:08:51.462+0000] {logging_mixin.py:190} INFO - [2025-03-27T12:08:51.461+0000] {dag.py:4180} INFO - Setting next_dagrun for example_python_operator to None, run_after=None
[2025-03-27T12:08:51.549+0000] {processor.py:208} INFO - Processing /home/airflow/.local/lib/python3.12/site-packages/airflow/example_dags/example_python_operator.py took 0.813 seconds
[2025-03-27T12:09:21.885+0000] {processor.py:186} INFO - Started process (PID=53580) to work on /home/airflow/.local/lib/python3.12/site-packages/airflow/example_dags/example_python_operator.py
[2025-03-27T12:09:21.898+0000] {processor.py:914} INFO - Processing file /home/airflow/.local/lib/python3.12/site-packages/airflow/example_dags/example_python_operator.py for tasks to queue
[2025-03-27T12:09:21.904+0000] {logging_mixin.py:190} INFO - [2025-03-27T12:09:21.903+0000] {dagbag.py:588} INFO - Filling up the DagBag from /home/airflow/.local/lib/python3.12/site-packages/airflow/example_dags/example_python_operator.py
[2025-03-27T12:09:21.977+0000] {processor.py:925} INFO - DAG(s) 'example_python_operator' retrieved from /home/airflow/.local/lib/python3.12/site-packages/airflow/example_dags/example_python_operator.py
[2025-03-27T12:09:22.088+0000] {logging_mixin.py:190} INFO - [2025-03-27T12:09:22.087+0000] {dag.py:3239} INFO - Sync 1 DAGs
[2025-03-27T12:09:22.176+0000] {logging_mixin.py:190} INFO - [2025-03-27T12:09:22.176+0000] {dag.py:4180} INFO - Setting next_dagrun for example_python_operator to None, run_after=None
[2025-03-27T12:09:22.270+0000] {processor.py:208} INFO - Processing /home/airflow/.local/lib/python3.12/site-packages/airflow/example_dags/example_python_operator.py took 0.421 seconds
[2025-03-27T12:09:52.905+0000] {processor.py:186} INFO - Started process (PID=53646) to work on /home/airflow/.local/lib/python3.12/site-packages/airflow/example_dags/example_python_operator.py
[2025-03-27T12:09:52.916+0000] {processor.py:914} INFO - Processing file /home/airflow/.local/lib/python3.12/site-packages/airflow/example_dags/example_python_operator.py for tasks to queue
[2025-03-27T12:09:52.922+0000] {logging_mixin.py:190} INFO - [2025-03-27T12:09:52.919+0000] {dagbag.py:588} INFO - Filling up the DagBag from /home/airflow/.local/lib/python3.12/site-packages/airflow/example_dags/example_python_operator.py
[2025-03-27T12:09:52.981+0000] {processor.py:925} INFO - DAG(s) 'example_python_operator' retrieved from /home/airflow/.local/lib/python3.12/site-packages/airflow/example_dags/example_python_operator.py
[2025-03-27T12:09:53.132+0000] {logging_mixin.py:190} INFO - [2025-03-27T12:09:53.131+0000] {dag.py:3239} INFO - Sync 1 DAGs
[2025-03-27T12:09:53.244+0000] {logging_mixin.py:190} INFO - [2025-03-27T12:09:53.243+0000] {dag.py:4180} INFO - Setting next_dagrun for example_python_operator to None, run_after=None
[2025-03-27T12:09:53.364+0000] {processor.py:208} INFO - Processing /home/airflow/.local/lib/python3.12/site-packages/airflow/example_dags/example_python_operator.py took 0.490 seconds
[2025-03-27T12:10:23.638+0000] {processor.py:186} INFO - Started process (PID=53711) to work on /home/airflow/.local/lib/python3.12/site-packages/airflow/example_dags/example_python_operator.py
[2025-03-27T12:10:23.641+0000] {processor.py:914} INFO - Processing file /home/airflow/.local/lib/python3.12/site-packages/airflow/example_dags/example_python_operator.py for tasks to queue
[2025-03-27T12:10:23.648+0000] {logging_mixin.py:190} INFO - [2025-03-27T12:10:23.646+0000] {dagbag.py:588} INFO - Filling up the DagBag from /home/airflow/.local/lib/python3.12/site-packages/airflow/example_dags/example_python_operator.py
[2025-03-27T12:10:23.769+0000] {processor.py:925} INFO - DAG(s) 'example_python_operator' retrieved from /home/airflow/.local/lib/python3.12/site-packages/airflow/example_dags/example_python_operator.py
[2025-03-27T12:10:23.843+0000] {logging_mixin.py:190} INFO - [2025-03-27T12:10:23.843+0000] {dag.py:3239} INFO - Sync 1 DAGs
[2025-03-27T12:10:23.910+0000] {logging_mixin.py:190} INFO - [2025-03-27T12:10:23.909+0000] {dag.py:4180} INFO - Setting next_dagrun for example_python_operator to None, run_after=None
[2025-03-27T12:10:23.982+0000] {processor.py:208} INFO - Processing /home/airflow/.local/lib/python3.12/site-packages/airflow/example_dags/example_python_operator.py took 0.364 seconds
[2025-03-27T12:10:54.555+0000] {processor.py:186} INFO - Started process (PID=53775) to work on /home/airflow/.local/lib/python3.12/site-packages/airflow/example_dags/example_python_operator.py
[2025-03-27T12:10:54.558+0000] {processor.py:914} INFO - Processing file /home/airflow/.local/lib/python3.12/site-packages/airflow/example_dags/example_python_operator.py for tasks to queue
[2025-03-27T12:10:54.564+0000] {logging_mixin.py:190} INFO - [2025-03-27T12:10:54.563+0000] {dagbag.py:588} INFO - Filling up the DagBag from /home/airflow/.local/lib/python3.12/site-packages/airflow/example_dags/example_python_operator.py
[2025-03-27T12:10:54.614+0000] {processor.py:925} INFO - DAG(s) 'example_python_operator' retrieved from /home/airflow/.local/lib/python3.12/site-packages/airflow/example_dags/example_python_operator.py
[2025-03-27T12:10:54.693+0000] {logging_mixin.py:190} INFO - [2025-03-27T12:10:54.692+0000] {dag.py:3239} INFO - Sync 1 DAGs
[2025-03-27T12:10:54.752+0000] {logging_mixin.py:190} INFO - [2025-03-27T12:10:54.751+0000] {dag.py:4180} INFO - Setting next_dagrun for example_python_operator to None, run_after=None
[2025-03-27T12:10:54.823+0000] {processor.py:208} INFO - Processing /home/airflow/.local/lib/python3.12/site-packages/airflow/example_dags/example_python_operator.py took 0.290 seconds
[2025-03-27T12:11:25.360+0000] {processor.py:186} INFO - Started process (PID=53840) to work on /home/airflow/.local/lib/python3.12/site-packages/airflow/example_dags/example_python_operator.py
[2025-03-27T12:11:25.364+0000] {processor.py:914} INFO - Processing file /home/airflow/.local/lib/python3.12/site-packages/airflow/example_dags/example_python_operator.py for tasks to queue
[2025-03-27T12:11:25.368+0000] {logging_mixin.py:190} INFO - [2025-03-27T12:11:25.367+0000] {dagbag.py:588} INFO - Filling up the DagBag from /home/airflow/.local/lib/python3.12/site-packages/airflow/example_dags/example_python_operator.py
[2025-03-27T12:11:25.407+0000] {processor.py:925} INFO - DAG(s) 'example_python_operator' retrieved from /home/airflow/.local/lib/python3.12/site-packages/airflow/example_dags/example_python_operator.py
[2025-03-27T12:11:25.466+0000] {logging_mixin.py:190} INFO - [2025-03-27T12:11:25.465+0000] {dag.py:3239} INFO - Sync 1 DAGs
[2025-03-27T12:11:25.510+0000] {logging_mixin.py:190} INFO - [2025-03-27T12:11:25.510+0000] {dag.py:4180} INFO - Setting next_dagrun for example_python_operator to None, run_after=None
[2025-03-27T12:11:25.567+0000] {processor.py:208} INFO - Processing /home/airflow/.local/lib/python3.12/site-packages/airflow/example_dags/example_python_operator.py took 0.220 seconds
[2025-03-27T12:11:55.955+0000] {processor.py:186} INFO - Started process (PID=53905) to work on /home/airflow/.local/lib/python3.12/site-packages/airflow/example_dags/example_python_operator.py
[2025-03-27T12:11:55.958+0000] {processor.py:914} INFO - Processing file /home/airflow/.local/lib/python3.12/site-packages/airflow/example_dags/example_python_operator.py for tasks to queue
[2025-03-27T12:11:55.961+0000] {logging_mixin.py:190} INFO - [2025-03-27T12:11:55.961+0000] {dagbag.py:588} INFO - Filling up the DagBag from /home/airflow/.local/lib/python3.12/site-packages/airflow/example_dags/example_python_operator.py
[2025-03-27T12:11:55.986+0000] {processor.py:925} INFO - DAG(s) 'example_python_operator' retrieved from /home/airflow/.local/lib/python3.12/site-packages/airflow/example_dags/example_python_operator.py
[2025-03-27T12:11:56.032+0000] {logging_mixin.py:190} INFO - [2025-03-27T12:11:56.032+0000] {dag.py:3239} INFO - Sync 1 DAGs
[2025-03-27T12:11:56.061+0000] {logging_mixin.py:190} INFO - [2025-03-27T12:11:56.061+0000] {dag.py:4180} INFO - Setting next_dagrun for example_python_operator to None, run_after=None
[2025-03-27T12:11:56.095+0000] {processor.py:208} INFO - Processing /home/airflow/.local/lib/python3.12/site-packages/airflow/example_dags/example_python_operator.py took 0.151 seconds
[2025-03-27T12:12:26.205+0000] {processor.py:186} INFO - Started process (PID=53970) to work on /home/airflow/.local/lib/python3.12/site-packages/airflow/example_dags/example_python_operator.py
[2025-03-27T12:12:26.207+0000] {processor.py:914} INFO - Processing file /home/airflow/.local/lib/python3.12/site-packages/airflow/example_dags/example_python_operator.py for tasks to queue
[2025-03-27T12:12:26.209+0000] {logging_mixin.py:190} INFO - [2025-03-27T12:12:26.208+0000] {dagbag.py:588} INFO - Filling up the DagBag from /home/airflow/.local/lib/python3.12/site-packages/airflow/example_dags/example_python_operator.py
[2025-03-27T12:12:26.228+0000] {processor.py:925} INFO - DAG(s) 'example_python_operator' retrieved from /home/airflow/.local/lib/python3.12/site-packages/airflow/example_dags/example_python_operator.py
[2025-03-27T12:12:26.264+0000] {logging_mixin.py:190} INFO - [2025-03-27T12:12:26.264+0000] {dag.py:3239} INFO - Sync 1 DAGs
[2025-03-27T12:12:26.290+0000] {logging_mixin.py:190} INFO - [2025-03-27T12:12:26.289+0000] {dag.py:4180} INFO - Setting next_dagrun for example_python_operator to None, run_after=None
[2025-03-27T12:12:26.324+0000] {processor.py:208} INFO - Processing /home/airflow/.local/lib/python3.12/site-packages/airflow/example_dags/example_python_operator.py took 0.128 seconds
[2025-03-27T12:12:56.560+0000] {processor.py:186} INFO - Started process (PID=54035) to work on /home/airflow/.local/lib/python3.12/site-packages/airflow/example_dags/example_python_operator.py
[2025-03-27T12:12:56.562+0000] {processor.py:914} INFO - Processing file /home/airflow/.local/lib/python3.12/site-packages/airflow/example_dags/example_python_operator.py for tasks to queue
[2025-03-27T12:12:56.564+0000] {logging_mixin.py:190} INFO - [2025-03-27T12:12:56.564+0000] {dagbag.py:588} INFO - Filling up the DagBag from /home/airflow/.local/lib/python3.12/site-packages/airflow/example_dags/example_python_operator.py
[2025-03-27T12:12:56.586+0000] {processor.py:925} INFO - DAG(s) 'example_python_operator' retrieved from /home/airflow/.local/lib/python3.12/site-packages/airflow/example_dags/example_python_operator.py
[2025-03-27T12:12:56.623+0000] {logging_mixin.py:190} INFO - [2025-03-27T12:12:56.622+0000] {dag.py:3239} INFO - Sync 1 DAGs
[2025-03-27T12:12:56.647+0000] {logging_mixin.py:190} INFO - [2025-03-27T12:12:56.647+0000] {dag.py:4180} INFO - Setting next_dagrun for example_python_operator to None, run_after=None
[2025-03-27T12:12:56.680+0000] {processor.py:208} INFO - Processing /home/airflow/.local/lib/python3.12/site-packages/airflow/example_dags/example_python_operator.py took 0.132 seconds
[2025-03-27T12:13:27.825+0000] {processor.py:186} INFO - Started process (PID=54106) to work on /home/airflow/.local/lib/python3.12/site-packages/airflow/example_dags/example_python_operator.py
[2025-03-27T12:13:27.827+0000] {processor.py:914} INFO - Processing file /home/airflow/.local/lib/python3.12/site-packages/airflow/example_dags/example_python_operator.py for tasks to queue
[2025-03-27T12:13:27.830+0000] {logging_mixin.py:190} INFO - [2025-03-27T12:13:27.829+0000] {dagbag.py:588} INFO - Filling up the DagBag from /home/airflow/.local/lib/python3.12/site-packages/airflow/example_dags/example_python_operator.py
[2025-03-27T12:13:27.860+0000] {processor.py:925} INFO - DAG(s) 'example_python_operator' retrieved from /home/airflow/.local/lib/python3.12/site-packages/airflow/example_dags/example_python_operator.py
[2025-03-27T12:13:27.913+0000] {logging_mixin.py:190} INFO - [2025-03-27T12:13:27.913+0000] {dag.py:3239} INFO - Sync 1 DAGs
[2025-03-27T12:13:27.945+0000] {logging_mixin.py:190} INFO - [2025-03-27T12:13:27.944+0000] {dag.py:4180} INFO - Setting next_dagrun for example_python_operator to None, run_after=None
[2025-03-27T12:13:27.995+0000] {processor.py:208} INFO - Processing /home/airflow/.local/lib/python3.12/site-packages/airflow/example_dags/example_python_operator.py took 0.182 seconds
[2025-03-27T12:13:59.136+0000] {processor.py:186} INFO - Started process (PID=54172) to work on /home/airflow/.local/lib/python3.12/site-packages/airflow/example_dags/example_python_operator.py
[2025-03-27T12:13:59.139+0000] {processor.py:914} INFO - Processing file /home/airflow/.local/lib/python3.12/site-packages/airflow/example_dags/example_python_operator.py for tasks to queue
[2025-03-27T12:13:59.142+0000] {logging_mixin.py:190} INFO - [2025-03-27T12:13:59.141+0000] {dagbag.py:588} INFO - Filling up the DagBag from /home/airflow/.local/lib/python3.12/site-packages/airflow/example_dags/example_python_operator.py
[2025-03-27T12:13:59.175+0000] {processor.py:925} INFO - DAG(s) 'example_python_operator' retrieved from /home/airflow/.local/lib/python3.12/site-packages/airflow/example_dags/example_python_operator.py
[2025-03-27T12:13:59.218+0000] {logging_mixin.py:190} INFO - [2025-03-27T12:13:59.217+0000] {dag.py:3239} INFO - Sync 1 DAGs
[2025-03-27T12:13:59.260+0000] {logging_mixin.py:190} INFO - [2025-03-27T12:13:59.259+0000] {dag.py:4180} INFO - Setting next_dagrun for example_python_operator to None, run_after=None
[2025-03-27T12:13:59.319+0000] {processor.py:208} INFO - Processing /home/airflow/.local/lib/python3.12/site-packages/airflow/example_dags/example_python_operator.py took 0.197 seconds
[2025-03-27T12:14:29.413+0000] {processor.py:186} INFO - Started process (PID=54236) to work on /home/airflow/.local/lib/python3.12/site-packages/airflow/example_dags/example_python_operator.py
[2025-03-27T12:14:29.415+0000] {processor.py:914} INFO - Processing file /home/airflow/.local/lib/python3.12/site-packages/airflow/example_dags/example_python_operator.py for tasks to queue
[2025-03-27T12:14:29.417+0000] {logging_mixin.py:190} INFO - [2025-03-27T12:14:29.417+0000] {dagbag.py:588} INFO - Filling up the DagBag from /home/airflow/.local/lib/python3.12/site-packages/airflow/example_dags/example_python_operator.py
[2025-03-27T12:14:29.440+0000] {processor.py:925} INFO - DAG(s) 'example_python_operator' retrieved from /home/airflow/.local/lib/python3.12/site-packages/airflow/example_dags/example_python_operator.py
[2025-03-27T12:14:29.480+0000] {logging_mixin.py:190} INFO - [2025-03-27T12:14:29.479+0000] {dag.py:3239} INFO - Sync 1 DAGs
[2025-03-27T12:14:29.505+0000] {logging_mixin.py:190} INFO - [2025-03-27T12:14:29.505+0000] {dag.py:4180} INFO - Setting next_dagrun for example_python_operator to None, run_after=None
[2025-03-27T12:14:29.541+0000] {processor.py:208} INFO - Processing /home/airflow/.local/lib/python3.12/site-packages/airflow/example_dags/example_python_operator.py took 0.138 seconds
[2025-03-27T12:14:59.797+0000] {processor.py:186} INFO - Started process (PID=54301) to work on /home/airflow/.local/lib/python3.12/site-packages/airflow/example_dags/example_python_operator.py
[2025-03-27T12:14:59.799+0000] {processor.py:914} INFO - Processing file /home/airflow/.local/lib/python3.12/site-packages/airflow/example_dags/example_python_operator.py for tasks to queue
[2025-03-27T12:14:59.803+0000] {logging_mixin.py:190} INFO - [2025-03-27T12:14:59.802+0000] {dagbag.py:588} INFO - Filling up the DagBag from /home/airflow/.local/lib/python3.12/site-packages/airflow/example_dags/example_python_operator.py
[2025-03-27T12:14:59.830+0000] {processor.py:925} INFO - DAG(s) 'example_python_operator' retrieved from /home/airflow/.local/lib/python3.12/site-packages/airflow/example_dags/example_python_operator.py
[2025-03-27T12:14:59.883+0000] {logging_mixin.py:190} INFO - [2025-03-27T12:14:59.883+0000] {dag.py:3239} INFO - Sync 1 DAGs
[2025-03-27T12:14:59.911+0000] {logging_mixin.py:190} INFO - [2025-03-27T12:14:59.910+0000] {dag.py:4180} INFO - Setting next_dagrun for example_python_operator to None, run_after=None
[2025-03-27T12:14:59.949+0000] {processor.py:208} INFO - Processing /home/airflow/.local/lib/python3.12/site-packages/airflow/example_dags/example_python_operator.py took 0.162 seconds
[2025-03-27T12:15:30.599+0000] {processor.py:186} INFO - Started process (PID=54367) to work on /home/airflow/.local/lib/python3.12/site-packages/airflow/example_dags/example_python_operator.py
[2025-03-27T12:15:30.601+0000] {processor.py:914} INFO - Processing file /home/airflow/.local/lib/python3.12/site-packages/airflow/example_dags/example_python_operator.py for tasks to queue
[2025-03-27T12:15:30.603+0000] {logging_mixin.py:190} INFO - [2025-03-27T12:15:30.603+0000] {dagbag.py:588} INFO - Filling up the DagBag from /home/airflow/.local/lib/python3.12/site-packages/airflow/example_dags/example_python_operator.py
[2025-03-27T12:15:30.625+0000] {processor.py:925} INFO - DAG(s) 'example_python_operator' retrieved from /home/airflow/.local/lib/python3.12/site-packages/airflow/example_dags/example_python_operator.py
[2025-03-27T12:15:30.666+0000] {logging_mixin.py:190} INFO - [2025-03-27T12:15:30.666+0000] {dag.py:3239} INFO - Sync 1 DAGs
[2025-03-27T12:15:30.696+0000] {logging_mixin.py:190} INFO - [2025-03-27T12:15:30.695+0000] {dag.py:4180} INFO - Setting next_dagrun for example_python_operator to None, run_after=None
[2025-03-27T12:15:30.741+0000] {processor.py:208} INFO - Processing /home/airflow/.local/lib/python3.12/site-packages/airflow/example_dags/example_python_operator.py took 0.152 seconds
[2025-03-27T12:16:01.306+0000] {processor.py:186} INFO - Started process (PID=54431) to work on /home/airflow/.local/lib/python3.12/site-packages/airflow/example_dags/example_python_operator.py
[2025-03-27T12:16:01.308+0000] {processor.py:914} INFO - Processing file /home/airflow/.local/lib/python3.12/site-packages/airflow/example_dags/example_python_operator.py for tasks to queue
[2025-03-27T12:16:01.311+0000] {logging_mixin.py:190} INFO - [2025-03-27T12:16:01.310+0000] {dagbag.py:588} INFO - Filling up the DagBag from /home/airflow/.local/lib/python3.12/site-packages/airflow/example_dags/example_python_operator.py
[2025-03-27T12:16:01.341+0000] {processor.py:925} INFO - DAG(s) 'example_python_operator' retrieved from /home/airflow/.local/lib/python3.12/site-packages/airflow/example_dags/example_python_operator.py
[2025-03-27T12:16:01.379+0000] {logging_mixin.py:190} INFO - [2025-03-27T12:16:01.378+0000] {dag.py:3239} INFO - Sync 1 DAGs
[2025-03-27T12:16:01.409+0000] {logging_mixin.py:190} INFO - [2025-03-27T12:16:01.408+0000] {dag.py:4180} INFO - Setting next_dagrun for example_python_operator to None, run_after=None
[2025-03-27T12:16:01.446+0000] {processor.py:208} INFO - Processing /home/airflow/.local/lib/python3.12/site-packages/airflow/example_dags/example_python_operator.py took 0.151 seconds
[2025-03-27T12:16:32.072+0000] {processor.py:186} INFO - Started process (PID=54496) to work on /home/airflow/.local/lib/python3.12/site-packages/airflow/example_dags/example_python_operator.py
[2025-03-27T12:16:32.074+0000] {processor.py:914} INFO - Processing file /home/airflow/.local/lib/python3.12/site-packages/airflow/example_dags/example_python_operator.py for tasks to queue
[2025-03-27T12:16:32.079+0000] {logging_mixin.py:190} INFO - [2025-03-27T12:16:32.078+0000] {dagbag.py:588} INFO - Filling up the DagBag from /home/airflow/.local/lib/python3.12/site-packages/airflow/example_dags/example_python_operator.py
[2025-03-27T12:16:32.106+0000] {processor.py:925} INFO - DAG(s) 'example_python_operator' retrieved from /home/airflow/.local/lib/python3.12/site-packages/airflow/example_dags/example_python_operator.py
[2025-03-27T12:16:32.149+0000] {logging_mixin.py:190} INFO - [2025-03-27T12:16:32.148+0000] {dag.py:3239} INFO - Sync 1 DAGs
[2025-03-27T12:16:32.199+0000] {logging_mixin.py:190} INFO - [2025-03-27T12:16:32.198+0000] {dag.py:4180} INFO - Setting next_dagrun for example_python_operator to None, run_after=None
[2025-03-27T12:16:32.252+0000] {processor.py:208} INFO - Processing /home/airflow/.local/lib/python3.12/site-packages/airflow/example_dags/example_python_operator.py took 0.192 seconds
[2025-03-27T12:17:02.987+0000] {processor.py:186} INFO - Started process (PID=54561) to work on /home/airflow/.local/lib/python3.12/site-packages/airflow/example_dags/example_python_operator.py
[2025-03-27T12:17:02.989+0000] {processor.py:914} INFO - Processing file /home/airflow/.local/lib/python3.12/site-packages/airflow/example_dags/example_python_operator.py for tasks to queue
[2025-03-27T12:17:02.992+0000] {logging_mixin.py:190} INFO - [2025-03-27T12:17:02.991+0000] {dagbag.py:588} INFO - Filling up the DagBag from /home/airflow/.local/lib/python3.12/site-packages/airflow/example_dags/example_python_operator.py
[2025-03-27T12:17:03.020+0000] {processor.py:925} INFO - DAG(s) 'example_python_operator' retrieved from /home/airflow/.local/lib/python3.12/site-packages/airflow/example_dags/example_python_operator.py
[2025-03-27T12:17:03.063+0000] {logging_mixin.py:190} INFO - [2025-03-27T12:17:03.062+0000] {dag.py:3239} INFO - Sync 1 DAGs
[2025-03-27T12:17:03.091+0000] {logging_mixin.py:190} INFO - [2025-03-27T12:17:03.090+0000] {dag.py:4180} INFO - Setting next_dagrun for example_python_operator to None, run_after=None
[2025-03-27T12:17:03.151+0000] {processor.py:208} INFO - Processing /home/airflow/.local/lib/python3.12/site-packages/airflow/example_dags/example_python_operator.py took 0.177 seconds
[2025-03-27T12:17:33.624+0000] {processor.py:186} INFO - Started process (PID=54626) to work on /home/airflow/.local/lib/python3.12/site-packages/airflow/example_dags/example_python_operator.py
[2025-03-27T12:17:33.625+0000] {processor.py:914} INFO - Processing file /home/airflow/.local/lib/python3.12/site-packages/airflow/example_dags/example_python_operator.py for tasks to queue
[2025-03-27T12:17:33.629+0000] {logging_mixin.py:190} INFO - [2025-03-27T12:17:33.628+0000] {dagbag.py:588} INFO - Filling up the DagBag from /home/airflow/.local/lib/python3.12/site-packages/airflow/example_dags/example_python_operator.py
[2025-03-27T12:17:33.660+0000] {processor.py:925} INFO - DAG(s) 'example_python_operator' retrieved from /home/airflow/.local/lib/python3.12/site-packages/airflow/example_dags/example_python_operator.py
[2025-03-27T12:17:33.701+0000] {logging_mixin.py:190} INFO - [2025-03-27T12:17:33.701+0000] {dag.py:3239} INFO - Sync 1 DAGs
[2025-03-27T12:17:33.728+0000] {logging_mixin.py:190} INFO - [2025-03-27T12:17:33.728+0000] {dag.py:4180} INFO - Setting next_dagrun for example_python_operator to None, run_after=None
[2025-03-27T12:17:33.776+0000] {processor.py:208} INFO - Processing /home/airflow/.local/lib/python3.12/site-packages/airflow/example_dags/example_python_operator.py took 0.164 seconds
[2025-03-27T12:18:03.902+0000] {processor.py:186} INFO - Started process (PID=54691) to work on /home/airflow/.local/lib/python3.12/site-packages/airflow/example_dags/example_python_operator.py
[2025-03-27T12:18:03.904+0000] {processor.py:914} INFO - Processing file /home/airflow/.local/lib/python3.12/site-packages/airflow/example_dags/example_python_operator.py for tasks to queue
[2025-03-27T12:18:03.906+0000] {logging_mixin.py:190} INFO - [2025-03-27T12:18:03.905+0000] {dagbag.py:588} INFO - Filling up the DagBag from /home/airflow/.local/lib/python3.12/site-packages/airflow/example_dags/example_python_operator.py
[2025-03-27T12:18:03.926+0000] {processor.py:925} INFO - DAG(s) 'example_python_operator' retrieved from /home/airflow/.local/lib/python3.12/site-packages/airflow/example_dags/example_python_operator.py
[2025-03-27T12:18:03.972+0000] {logging_mixin.py:190} INFO - [2025-03-27T12:18:03.971+0000] {dag.py:3239} INFO - Sync 1 DAGs
[2025-03-27T12:18:03.999+0000] {logging_mixin.py:190} INFO - [2025-03-27T12:18:03.998+0000] {dag.py:4180} INFO - Setting next_dagrun for example_python_operator to None, run_after=None
[2025-03-27T12:18:04.035+0000] {processor.py:208} INFO - Processing /home/airflow/.local/lib/python3.12/site-packages/airflow/example_dags/example_python_operator.py took 0.143 seconds
[2025-03-27T12:18:34.516+0000] {processor.py:186} INFO - Started process (PID=54757) to work on /home/airflow/.local/lib/python3.12/site-packages/airflow/example_dags/example_python_operator.py
[2025-03-27T12:18:34.518+0000] {processor.py:914} INFO - Processing file /home/airflow/.local/lib/python3.12/site-packages/airflow/example_dags/example_python_operator.py for tasks to queue
[2025-03-27T12:18:34.521+0000] {logging_mixin.py:190} INFO - [2025-03-27T12:18:34.520+0000] {dagbag.py:588} INFO - Filling up the DagBag from /home/airflow/.local/lib/python3.12/site-packages/airflow/example_dags/example_python_operator.py
[2025-03-27T12:18:34.547+0000] {processor.py:925} INFO - DAG(s) 'example_python_operator' retrieved from /home/airflow/.local/lib/python3.12/site-packages/airflow/example_dags/example_python_operator.py
[2025-03-27T12:18:34.584+0000] {logging_mixin.py:190} INFO - [2025-03-27T12:18:34.584+0000] {dag.py:3239} INFO - Sync 1 DAGs
[2025-03-27T12:18:34.609+0000] {logging_mixin.py:190} INFO - [2025-03-27T12:18:34.609+0000] {dag.py:4180} INFO - Setting next_dagrun for example_python_operator to None, run_after=None
[2025-03-27T12:18:34.648+0000] {processor.py:208} INFO - Processing /home/airflow/.local/lib/python3.12/site-packages/airflow/example_dags/example_python_operator.py took 0.143 seconds
[2025-03-27T12:19:05.260+0000] {processor.py:186} INFO - Started process (PID=54822) to work on /home/airflow/.local/lib/python3.12/site-packages/airflow/example_dags/example_python_operator.py
[2025-03-27T12:19:05.263+0000] {processor.py:914} INFO - Processing file /home/airflow/.local/lib/python3.12/site-packages/airflow/example_dags/example_python_operator.py for tasks to queue
[2025-03-27T12:19:05.266+0000] {logging_mixin.py:190} INFO - [2025-03-27T12:19:05.265+0000] {dagbag.py:588} INFO - Filling up the DagBag from /home/airflow/.local/lib/python3.12/site-packages/airflow/example_dags/example_python_operator.py
[2025-03-27T12:19:05.288+0000] {processor.py:925} INFO - DAG(s) 'example_python_operator' retrieved from /home/airflow/.local/lib/python3.12/site-packages/airflow/example_dags/example_python_operator.py
[2025-03-27T12:19:05.332+0000] {logging_mixin.py:190} INFO - [2025-03-27T12:19:05.331+0000] {dag.py:3239} INFO - Sync 1 DAGs
[2025-03-27T12:19:05.366+0000] {logging_mixin.py:190} INFO - [2025-03-27T12:19:05.365+0000] {dag.py:4180} INFO - Setting next_dagrun for example_python_operator to None, run_after=None
[2025-03-27T12:19:05.404+0000] {processor.py:208} INFO - Processing /home/airflow/.local/lib/python3.12/site-packages/airflow/example_dags/example_python_operator.py took 0.156 seconds
[2025-03-27T12:19:35.751+0000] {processor.py:186} INFO - Started process (PID=54887) to work on /home/airflow/.local/lib/python3.12/site-packages/airflow/example_dags/example_python_operator.py
[2025-03-27T12:19:35.753+0000] {processor.py:914} INFO - Processing file /home/airflow/.local/lib/python3.12/site-packages/airflow/example_dags/example_python_operator.py for tasks to queue
[2025-03-27T12:19:35.756+0000] {logging_mixin.py:190} INFO - [2025-03-27T12:19:35.755+0000] {dagbag.py:588} INFO - Filling up the DagBag from /home/airflow/.local/lib/python3.12/site-packages/airflow/example_dags/example_python_operator.py
[2025-03-27T12:19:35.779+0000] {processor.py:925} INFO - DAG(s) 'example_python_operator' retrieved from /home/airflow/.local/lib/python3.12/site-packages/airflow/example_dags/example_python_operator.py
[2025-03-27T12:19:35.824+0000] {logging_mixin.py:190} INFO - [2025-03-27T12:19:35.824+0000] {dag.py:3239} INFO - Sync 1 DAGs
[2025-03-27T12:19:35.853+0000] {logging_mixin.py:190} INFO - [2025-03-27T12:19:35.853+0000] {dag.py:4180} INFO - Setting next_dagrun for example_python_operator to None, run_after=None
[2025-03-27T12:19:35.891+0000] {processor.py:208} INFO - Processing /home/airflow/.local/lib/python3.12/site-packages/airflow/example_dags/example_python_operator.py took 0.150 seconds
[2025-03-27T12:20:06.689+0000] {processor.py:186} INFO - Started process (PID=54951) to work on /home/airflow/.local/lib/python3.12/site-packages/airflow/example_dags/example_python_operator.py
[2025-03-27T12:20:06.691+0000] {processor.py:914} INFO - Processing file /home/airflow/.local/lib/python3.12/site-packages/airflow/example_dags/example_python_operator.py for tasks to queue
[2025-03-27T12:20:06.693+0000] {logging_mixin.py:190} INFO - [2025-03-27T12:20:06.693+0000] {dagbag.py:588} INFO - Filling up the DagBag from /home/airflow/.local/lib/python3.12/site-packages/airflow/example_dags/example_python_operator.py
[2025-03-27T12:20:06.720+0000] {processor.py:925} INFO - DAG(s) 'example_python_operator' retrieved from /home/airflow/.local/lib/python3.12/site-packages/airflow/example_dags/example_python_operator.py
[2025-03-27T12:20:06.767+0000] {logging_mixin.py:190} INFO - [2025-03-27T12:20:06.767+0000] {dag.py:3239} INFO - Sync 1 DAGs
[2025-03-27T12:20:06.792+0000] {logging_mixin.py:190} INFO - [2025-03-27T12:20:06.791+0000] {dag.py:4180} INFO - Setting next_dagrun for example_python_operator to None, run_after=None
[2025-03-27T12:20:06.838+0000] {processor.py:208} INFO - Processing /home/airflow/.local/lib/python3.12/site-packages/airflow/example_dags/example_python_operator.py took 0.159 seconds
[2025-03-27T12:20:37.171+0000] {processor.py:186} INFO - Started process (PID=55015) to work on /home/airflow/.local/lib/python3.12/site-packages/airflow/example_dags/example_python_operator.py
[2025-03-27T12:20:37.173+0000] {processor.py:914} INFO - Processing file /home/airflow/.local/lib/python3.12/site-packages/airflow/example_dags/example_python_operator.py for tasks to queue
[2025-03-27T12:20:37.175+0000] {logging_mixin.py:190} INFO - [2025-03-27T12:20:37.174+0000] {dagbag.py:588} INFO - Filling up the DagBag from /home/airflow/.local/lib/python3.12/site-packages/airflow/example_dags/example_python_operator.py
[2025-03-27T12:20:37.202+0000] {processor.py:925} INFO - DAG(s) 'example_python_operator' retrieved from /home/airflow/.local/lib/python3.12/site-packages/airflow/example_dags/example_python_operator.py
[2025-03-27T12:20:37.241+0000] {logging_mixin.py:190} INFO - [2025-03-27T12:20:37.241+0000] {dag.py:3239} INFO - Sync 1 DAGs
[2025-03-27T12:20:37.267+0000] {logging_mixin.py:190} INFO - [2025-03-27T12:20:37.266+0000] {dag.py:4180} INFO - Setting next_dagrun for example_python_operator to None, run_after=None
[2025-03-27T12:20:37.318+0000] {processor.py:208} INFO - Processing /home/airflow/.local/lib/python3.12/site-packages/airflow/example_dags/example_python_operator.py took 0.157 seconds
[2025-03-27T12:21:07.736+0000] {processor.py:186} INFO - Started process (PID=55079) to work on /home/airflow/.local/lib/python3.12/site-packages/airflow/example_dags/example_python_operator.py
[2025-03-27T12:21:07.738+0000] {processor.py:914} INFO - Processing file /home/airflow/.local/lib/python3.12/site-packages/airflow/example_dags/example_python_operator.py for tasks to queue
[2025-03-27T12:21:07.740+0000] {logging_mixin.py:190} INFO - [2025-03-27T12:21:07.740+0000] {dagbag.py:588} INFO - Filling up the DagBag from /home/airflow/.local/lib/python3.12/site-packages/airflow/example_dags/example_python_operator.py
[2025-03-27T12:21:07.764+0000] {processor.py:925} INFO - DAG(s) 'example_python_operator' retrieved from /home/airflow/.local/lib/python3.12/site-packages/airflow/example_dags/example_python_operator.py
[2025-03-27T12:21:07.803+0000] {logging_mixin.py:190} INFO - [2025-03-27T12:21:07.802+0000] {dag.py:3239} INFO - Sync 1 DAGs
[2025-03-27T12:21:07.828+0000] {logging_mixin.py:190} INFO - [2025-03-27T12:21:07.828+0000] {dag.py:4180} INFO - Setting next_dagrun for example_python_operator to None, run_after=None
[2025-03-27T12:21:07.864+0000] {processor.py:208} INFO - Processing /home/airflow/.local/lib/python3.12/site-packages/airflow/example_dags/example_python_operator.py took 0.137 seconds
[2025-03-27T12:21:38.293+0000] {processor.py:186} INFO - Started process (PID=55144) to work on /home/airflow/.local/lib/python3.12/site-packages/airflow/example_dags/example_python_operator.py
[2025-03-27T12:21:38.295+0000] {processor.py:914} INFO - Processing file /home/airflow/.local/lib/python3.12/site-packages/airflow/example_dags/example_python_operator.py for tasks to queue
[2025-03-27T12:21:38.298+0000] {logging_mixin.py:190} INFO - [2025-03-27T12:21:38.297+0000] {dagbag.py:588} INFO - Filling up the DagBag from /home/airflow/.local/lib/python3.12/site-packages/airflow/example_dags/example_python_operator.py
[2025-03-27T12:21:38.319+0000] {processor.py:925} INFO - DAG(s) 'example_python_operator' retrieved from /home/airflow/.local/lib/python3.12/site-packages/airflow/example_dags/example_python_operator.py
[2025-03-27T12:21:38.354+0000] {logging_mixin.py:190} INFO - [2025-03-27T12:21:38.353+0000] {dag.py:3239} INFO - Sync 1 DAGs
[2025-03-27T12:21:38.377+0000] {logging_mixin.py:190} INFO - [2025-03-27T12:21:38.377+0000] {dag.py:4180} INFO - Setting next_dagrun for example_python_operator to None, run_after=None
[2025-03-27T12:21:38.425+0000] {processor.py:208} INFO - Processing /home/airflow/.local/lib/python3.12/site-packages/airflow/example_dags/example_python_operator.py took 0.143 seconds
[2025-03-27T12:22:09.209+0000] {processor.py:186} INFO - Started process (PID=55209) to work on /home/airflow/.local/lib/python3.12/site-packages/airflow/example_dags/example_python_operator.py
[2025-03-27T12:22:09.211+0000] {processor.py:914} INFO - Processing file /home/airflow/.local/lib/python3.12/site-packages/airflow/example_dags/example_python_operator.py for tasks to queue
[2025-03-27T12:22:09.214+0000] {logging_mixin.py:190} INFO - [2025-03-27T12:22:09.213+0000] {dagbag.py:588} INFO - Filling up the DagBag from /home/airflow/.local/lib/python3.12/site-packages/airflow/example_dags/example_python_operator.py
[2025-03-27T12:22:09.235+0000] {processor.py:925} INFO - DAG(s) 'example_python_operator' retrieved from /home/airflow/.local/lib/python3.12/site-packages/airflow/example_dags/example_python_operator.py
[2025-03-27T12:22:09.274+0000] {logging_mixin.py:190} INFO - [2025-03-27T12:22:09.273+0000] {dag.py:3239} INFO - Sync 1 DAGs
[2025-03-27T12:22:09.301+0000] {logging_mixin.py:190} INFO - [2025-03-27T12:22:09.301+0000] {dag.py:4180} INFO - Setting next_dagrun for example_python_operator to None, run_after=None
[2025-03-27T12:22:09.342+0000] {processor.py:208} INFO - Processing /home/airflow/.local/lib/python3.12/site-packages/airflow/example_dags/example_python_operator.py took 0.143 seconds
[2025-03-27T12:22:39.576+0000] {processor.py:186} INFO - Started process (PID=55274) to work on /home/airflow/.local/lib/python3.12/site-packages/airflow/example_dags/example_python_operator.py
[2025-03-27T12:22:39.578+0000] {processor.py:914} INFO - Processing file /home/airflow/.local/lib/python3.12/site-packages/airflow/example_dags/example_python_operator.py for tasks to queue
[2025-03-27T12:22:39.581+0000] {logging_mixin.py:190} INFO - [2025-03-27T12:22:39.580+0000] {dagbag.py:588} INFO - Filling up the DagBag from /home/airflow/.local/lib/python3.12/site-packages/airflow/example_dags/example_python_operator.py
[2025-03-27T12:22:39.602+0000] {processor.py:925} INFO - DAG(s) 'example_python_operator' retrieved from /home/airflow/.local/lib/python3.12/site-packages/airflow/example_dags/example_python_operator.py
[2025-03-27T12:22:39.665+0000] {logging_mixin.py:190} INFO - [2025-03-27T12:22:39.665+0000] {dag.py:3239} INFO - Sync 1 DAGs
[2025-03-27T12:22:39.746+0000] {logging_mixin.py:190} INFO - [2025-03-27T12:22:39.745+0000] {dag.py:4180} INFO - Setting next_dagrun for example_python_operator to None, run_after=None
[2025-03-27T12:22:39.794+0000] {processor.py:208} INFO - Processing /home/airflow/.local/lib/python3.12/site-packages/airflow/example_dags/example_python_operator.py took 0.227 seconds
[2025-03-27T12:23:10.445+0000] {processor.py:186} INFO - Started process (PID=55339) to work on /home/airflow/.local/lib/python3.12/site-packages/airflow/example_dags/example_python_operator.py
[2025-03-27T12:23:10.447+0000] {processor.py:914} INFO - Processing file /home/airflow/.local/lib/python3.12/site-packages/airflow/example_dags/example_python_operator.py for tasks to queue
[2025-03-27T12:23:10.450+0000] {logging_mixin.py:190} INFO - [2025-03-27T12:23:10.449+0000] {dagbag.py:588} INFO - Filling up the DagBag from /home/airflow/.local/lib/python3.12/site-packages/airflow/example_dags/example_python_operator.py
[2025-03-27T12:23:10.474+0000] {processor.py:925} INFO - DAG(s) 'example_python_operator' retrieved from /home/airflow/.local/lib/python3.12/site-packages/airflow/example_dags/example_python_operator.py
[2025-03-27T12:23:10.513+0000] {logging_mixin.py:190} INFO - [2025-03-27T12:23:10.513+0000] {dag.py:3239} INFO - Sync 1 DAGs
[2025-03-27T12:23:10.545+0000] {logging_mixin.py:190} INFO - [2025-03-27T12:23:10.544+0000] {dag.py:4180} INFO - Setting next_dagrun for example_python_operator to None, run_after=None
[2025-03-27T12:23:10.593+0000] {processor.py:208} INFO - Processing /home/airflow/.local/lib/python3.12/site-packages/airflow/example_dags/example_python_operator.py took 0.157 seconds
[2025-03-27T12:23:40.926+0000] {processor.py:186} INFO - Started process (PID=55403) to work on /home/airflow/.local/lib/python3.12/site-packages/airflow/example_dags/example_python_operator.py
[2025-03-27T12:23:40.928+0000] {processor.py:914} INFO - Processing file /home/airflow/.local/lib/python3.12/site-packages/airflow/example_dags/example_python_operator.py for tasks to queue
[2025-03-27T12:23:40.931+0000] {logging_mixin.py:190} INFO - [2025-03-27T12:23:40.930+0000] {dagbag.py:588} INFO - Filling up the DagBag from /home/airflow/.local/lib/python3.12/site-packages/airflow/example_dags/example_python_operator.py
[2025-03-27T12:23:40.959+0000] {processor.py:925} INFO - DAG(s) 'example_python_operator' retrieved from /home/airflow/.local/lib/python3.12/site-packages/airflow/example_dags/example_python_operator.py
[2025-03-27T12:23:40.997+0000] {logging_mixin.py:190} INFO - [2025-03-27T12:23:40.997+0000] {dag.py:3239} INFO - Sync 1 DAGs
[2025-03-27T12:23:41.023+0000] {logging_mixin.py:190} INFO - [2025-03-27T12:23:41.023+0000] {dag.py:4180} INFO - Setting next_dagrun for example_python_operator to None, run_after=None
[2025-03-27T12:23:41.067+0000] {processor.py:208} INFO - Processing /home/airflow/.local/lib/python3.12/site-packages/airflow/example_dags/example_python_operator.py took 0.153 seconds
[2025-03-27T12:24:11.694+0000] {processor.py:186} INFO - Started process (PID=55468) to work on /home/airflow/.local/lib/python3.12/site-packages/airflow/example_dags/example_python_operator.py
[2025-03-27T12:24:11.696+0000] {processor.py:914} INFO - Processing file /home/airflow/.local/lib/python3.12/site-packages/airflow/example_dags/example_python_operator.py for tasks to queue
[2025-03-27T12:24:11.699+0000] {logging_mixin.py:190} INFO - [2025-03-27T12:24:11.699+0000] {dagbag.py:588} INFO - Filling up the DagBag from /home/airflow/.local/lib/python3.12/site-packages/airflow/example_dags/example_python_operator.py
[2025-03-27T12:24:11.720+0000] {processor.py:925} INFO - DAG(s) 'example_python_operator' retrieved from /home/airflow/.local/lib/python3.12/site-packages/airflow/example_dags/example_python_operator.py
[2025-03-27T12:24:11.765+0000] {logging_mixin.py:190} INFO - [2025-03-27T12:24:11.764+0000] {dag.py:3239} INFO - Sync 1 DAGs
[2025-03-27T12:24:11.807+0000] {logging_mixin.py:190} INFO - [2025-03-27T12:24:11.806+0000] {dag.py:4180} INFO - Setting next_dagrun for example_python_operator to None, run_after=None
[2025-03-27T12:24:11.864+0000] {processor.py:208} INFO - Processing /home/airflow/.local/lib/python3.12/site-packages/airflow/example_dags/example_python_operator.py took 0.179 seconds
[2025-03-27T12:24:42.694+0000] {processor.py:186} INFO - Started process (PID=55533) to work on /home/airflow/.local/lib/python3.12/site-packages/airflow/example_dags/example_python_operator.py
[2025-03-27T12:24:42.696+0000] {processor.py:914} INFO - Processing file /home/airflow/.local/lib/python3.12/site-packages/airflow/example_dags/example_python_operator.py for tasks to queue
[2025-03-27T12:24:42.699+0000] {logging_mixin.py:190} INFO - [2025-03-27T12:24:42.699+0000] {dagbag.py:588} INFO - Filling up the DagBag from /home/airflow/.local/lib/python3.12/site-packages/airflow/example_dags/example_python_operator.py
[2025-03-27T12:24:42.722+0000] {processor.py:925} INFO - DAG(s) 'example_python_operator' retrieved from /home/airflow/.local/lib/python3.12/site-packages/airflow/example_dags/example_python_operator.py
[2025-03-27T12:24:42.766+0000] {logging_mixin.py:190} INFO - [2025-03-27T12:24:42.765+0000] {dag.py:3239} INFO - Sync 1 DAGs
[2025-03-27T12:24:42.791+0000] {logging_mixin.py:190} INFO - [2025-03-27T12:24:42.790+0000] {dag.py:4180} INFO - Setting next_dagrun for example_python_operator to None, run_after=None
[2025-03-27T12:24:42.849+0000] {processor.py:208} INFO - Processing /home/airflow/.local/lib/python3.12/site-packages/airflow/example_dags/example_python_operator.py took 0.165 seconds
[2025-03-27T12:25:12.940+0000] {processor.py:186} INFO - Started process (PID=55597) to work on /home/airflow/.local/lib/python3.12/site-packages/airflow/example_dags/example_python_operator.py
[2025-03-27T12:25:12.942+0000] {processor.py:914} INFO - Processing file /home/airflow/.local/lib/python3.12/site-packages/airflow/example_dags/example_python_operator.py for tasks to queue
[2025-03-27T12:25:12.945+0000] {logging_mixin.py:190} INFO - [2025-03-27T12:25:12.944+0000] {dagbag.py:588} INFO - Filling up the DagBag from /home/airflow/.local/lib/python3.12/site-packages/airflow/example_dags/example_python_operator.py
[2025-03-27T12:25:12.969+0000] {processor.py:925} INFO - DAG(s) 'example_python_operator' retrieved from /home/airflow/.local/lib/python3.12/site-packages/airflow/example_dags/example_python_operator.py
[2025-03-27T12:25:13.029+0000] {logging_mixin.py:190} INFO - [2025-03-27T12:25:13.028+0000] {dag.py:3239} INFO - Sync 1 DAGs
[2025-03-27T12:25:13.065+0000] {logging_mixin.py:190} INFO - [2025-03-27T12:25:13.064+0000] {dag.py:4180} INFO - Setting next_dagrun for example_python_operator to None, run_after=None
[2025-03-27T12:25:13.107+0000] {processor.py:208} INFO - Processing /home/airflow/.local/lib/python3.12/site-packages/airflow/example_dags/example_python_operator.py took 0.178 seconds
[2025-03-27T12:25:43.972+0000] {processor.py:186} INFO - Started process (PID=55663) to work on /home/airflow/.local/lib/python3.12/site-packages/airflow/example_dags/example_python_operator.py
[2025-03-27T12:25:43.974+0000] {processor.py:914} INFO - Processing file /home/airflow/.local/lib/python3.12/site-packages/airflow/example_dags/example_python_operator.py for tasks to queue
[2025-03-27T12:25:43.977+0000] {logging_mixin.py:190} INFO - [2025-03-27T12:25:43.977+0000] {dagbag.py:588} INFO - Filling up the DagBag from /home/airflow/.local/lib/python3.12/site-packages/airflow/example_dags/example_python_operator.py
[2025-03-27T12:25:44.007+0000] {processor.py:925} INFO - DAG(s) 'example_python_operator' retrieved from /home/airflow/.local/lib/python3.12/site-packages/airflow/example_dags/example_python_operator.py
[2025-03-27T12:25:44.054+0000] {logging_mixin.py:190} INFO - [2025-03-27T12:25:44.053+0000] {dag.py:3239} INFO - Sync 1 DAGs
[2025-03-27T12:25:44.091+0000] {logging_mixin.py:190} INFO - [2025-03-27T12:25:44.090+0000] {dag.py:4180} INFO - Setting next_dagrun for example_python_operator to None, run_after=None
[2025-03-27T12:25:44.134+0000] {processor.py:208} INFO - Processing /home/airflow/.local/lib/python3.12/site-packages/airflow/example_dags/example_python_operator.py took 0.175 seconds
[2025-03-27T12:26:14.365+0000] {processor.py:186} INFO - Started process (PID=55727) to work on /home/airflow/.local/lib/python3.12/site-packages/airflow/example_dags/example_python_operator.py
[2025-03-27T12:26:14.367+0000] {processor.py:914} INFO - Processing file /home/airflow/.local/lib/python3.12/site-packages/airflow/example_dags/example_python_operator.py for tasks to queue
[2025-03-27T12:26:14.369+0000] {logging_mixin.py:190} INFO - [2025-03-27T12:26:14.368+0000] {dagbag.py:588} INFO - Filling up the DagBag from /home/airflow/.local/lib/python3.12/site-packages/airflow/example_dags/example_python_operator.py
[2025-03-27T12:26:14.393+0000] {processor.py:925} INFO - DAG(s) 'example_python_operator' retrieved from /home/airflow/.local/lib/python3.12/site-packages/airflow/example_dags/example_python_operator.py
[2025-03-27T12:26:14.442+0000] {logging_mixin.py:190} INFO - [2025-03-27T12:26:14.441+0000] {dag.py:3239} INFO - Sync 1 DAGs
[2025-03-27T12:26:14.473+0000] {logging_mixin.py:190} INFO - [2025-03-27T12:26:14.472+0000] {dag.py:4180} INFO - Setting next_dagrun for example_python_operator to None, run_after=None
[2025-03-27T12:26:14.513+0000] {processor.py:208} INFO - Processing /home/airflow/.local/lib/python3.12/site-packages/airflow/example_dags/example_python_operator.py took 0.158 seconds
[2025-03-27T12:26:45.122+0000] {processor.py:186} INFO - Started process (PID=55792) to work on /home/airflow/.local/lib/python3.12/site-packages/airflow/example_dags/example_python_operator.py
[2025-03-27T12:26:45.124+0000] {processor.py:914} INFO - Processing file /home/airflow/.local/lib/python3.12/site-packages/airflow/example_dags/example_python_operator.py for tasks to queue
[2025-03-27T12:26:45.126+0000] {logging_mixin.py:190} INFO - [2025-03-27T12:26:45.126+0000] {dagbag.py:588} INFO - Filling up the DagBag from /home/airflow/.local/lib/python3.12/site-packages/airflow/example_dags/example_python_operator.py
[2025-03-27T12:26:45.154+0000] {processor.py:925} INFO - DAG(s) 'example_python_operator' retrieved from /home/airflow/.local/lib/python3.12/site-packages/airflow/example_dags/example_python_operator.py
[2025-03-27T12:26:45.202+0000] {logging_mixin.py:190} INFO - [2025-03-27T12:26:45.202+0000] {dag.py:3239} INFO - Sync 1 DAGs
[2025-03-27T12:26:45.234+0000] {logging_mixin.py:190} INFO - [2025-03-27T12:26:45.233+0000] {dag.py:4180} INFO - Setting next_dagrun for example_python_operator to None, run_after=None
[2025-03-27T12:26:45.285+0000] {processor.py:208} INFO - Processing /home/airflow/.local/lib/python3.12/site-packages/airflow/example_dags/example_python_operator.py took 0.174 seconds
[2025-03-27T12:27:15.670+0000] {processor.py:186} INFO - Started process (PID=55857) to work on /home/airflow/.local/lib/python3.12/site-packages/airflow/example_dags/example_python_operator.py
[2025-03-27T12:27:15.672+0000] {processor.py:914} INFO - Processing file /home/airflow/.local/lib/python3.12/site-packages/airflow/example_dags/example_python_operator.py for tasks to queue
[2025-03-27T12:27:15.674+0000] {logging_mixin.py:190} INFO - [2025-03-27T12:27:15.674+0000] {dagbag.py:588} INFO - Filling up the DagBag from /home/airflow/.local/lib/python3.12/site-packages/airflow/example_dags/example_python_operator.py
[2025-03-27T12:27:15.702+0000] {processor.py:925} INFO - DAG(s) 'example_python_operator' retrieved from /home/airflow/.local/lib/python3.12/site-packages/airflow/example_dags/example_python_operator.py
[2025-03-27T12:27:15.753+0000] {logging_mixin.py:190} INFO - [2025-03-27T12:27:15.753+0000] {dag.py:3239} INFO - Sync 1 DAGs
[2025-03-27T12:27:15.789+0000] {logging_mixin.py:190} INFO - [2025-03-27T12:27:15.789+0000] {dag.py:4180} INFO - Setting next_dagrun for example_python_operator to None, run_after=None
[2025-03-27T12:27:15.843+0000] {processor.py:208} INFO - Processing /home/airflow/.local/lib/python3.12/site-packages/airflow/example_dags/example_python_operator.py took 0.184 seconds
[2025-03-27T12:27:45.927+0000] {processor.py:186} INFO - Started process (PID=55921) to work on /home/airflow/.local/lib/python3.12/site-packages/airflow/example_dags/example_python_operator.py
[2025-03-27T12:27:45.929+0000] {processor.py:914} INFO - Processing file /home/airflow/.local/lib/python3.12/site-packages/airflow/example_dags/example_python_operator.py for tasks to queue
[2025-03-27T12:27:45.931+0000] {logging_mixin.py:190} INFO - [2025-03-27T12:27:45.930+0000] {dagbag.py:588} INFO - Filling up the DagBag from /home/airflow/.local/lib/python3.12/site-packages/airflow/example_dags/example_python_operator.py
[2025-03-27T12:27:45.950+0000] {processor.py:925} INFO - DAG(s) 'example_python_operator' retrieved from /home/airflow/.local/lib/python3.12/site-packages/airflow/example_dags/example_python_operator.py
[2025-03-27T12:27:45.988+0000] {logging_mixin.py:190} INFO - [2025-03-27T12:27:45.987+0000] {dag.py:3239} INFO - Sync 1 DAGs
[2025-03-27T12:27:46.016+0000] {logging_mixin.py:190} INFO - [2025-03-27T12:27:46.015+0000] {dag.py:4180} INFO - Setting next_dagrun for example_python_operator to None, run_after=None
[2025-03-27T12:27:46.048+0000] {processor.py:208} INFO - Processing /home/airflow/.local/lib/python3.12/site-packages/airflow/example_dags/example_python_operator.py took 0.130 seconds
[2025-03-27T12:28:17.124+0000] {processor.py:186} INFO - Started process (PID=55987) to work on /home/airflow/.local/lib/python3.12/site-packages/airflow/example_dags/example_python_operator.py
[2025-03-27T12:28:17.126+0000] {processor.py:914} INFO - Processing file /home/airflow/.local/lib/python3.12/site-packages/airflow/example_dags/example_python_operator.py for tasks to queue
[2025-03-27T12:28:17.130+0000] {logging_mixin.py:190} INFO - [2025-03-27T12:28:17.129+0000] {dagbag.py:588} INFO - Filling up the DagBag from /home/airflow/.local/lib/python3.12/site-packages/airflow/example_dags/example_python_operator.py
[2025-03-27T12:28:17.151+0000] {processor.py:925} INFO - DAG(s) 'example_python_operator' retrieved from /home/airflow/.local/lib/python3.12/site-packages/airflow/example_dags/example_python_operator.py
[2025-03-27T12:28:17.192+0000] {logging_mixin.py:190} INFO - [2025-03-27T12:28:17.191+0000] {dag.py:3239} INFO - Sync 1 DAGs
[2025-03-27T12:28:17.225+0000] {logging_mixin.py:190} INFO - [2025-03-27T12:28:17.224+0000] {dag.py:4180} INFO - Setting next_dagrun for example_python_operator to None, run_after=None
[2025-03-27T12:28:17.281+0000] {processor.py:208} INFO - Processing /home/airflow/.local/lib/python3.12/site-packages/airflow/example_dags/example_python_operator.py took 0.166 seconds
[2025-03-27T12:28:48.118+0000] {processor.py:186} INFO - Started process (PID=56052) to work on /home/airflow/.local/lib/python3.12/site-packages/airflow/example_dags/example_python_operator.py
[2025-03-27T12:28:48.120+0000] {processor.py:914} INFO - Processing file /home/airflow/.local/lib/python3.12/site-packages/airflow/example_dags/example_python_operator.py for tasks to queue
[2025-03-27T12:28:48.122+0000] {logging_mixin.py:190} INFO - [2025-03-27T12:28:48.121+0000] {dagbag.py:588} INFO - Filling up the DagBag from /home/airflow/.local/lib/python3.12/site-packages/airflow/example_dags/example_python_operator.py
[2025-03-27T12:28:48.148+0000] {processor.py:925} INFO - DAG(s) 'example_python_operator' retrieved from /home/airflow/.local/lib/python3.12/site-packages/airflow/example_dags/example_python_operator.py
[2025-03-27T12:28:48.190+0000] {logging_mixin.py:190} INFO - [2025-03-27T12:28:48.190+0000] {dag.py:3239} INFO - Sync 1 DAGs
[2025-03-27T12:28:48.217+0000] {logging_mixin.py:190} INFO - [2025-03-27T12:28:48.217+0000] {dag.py:4180} INFO - Setting next_dagrun for example_python_operator to None, run_after=None
[2025-03-27T12:28:48.266+0000] {processor.py:208} INFO - Processing /home/airflow/.local/lib/python3.12/site-packages/airflow/example_dags/example_python_operator.py took 0.159 seconds
[2025-03-27T12:29:18.441+0000] {processor.py:186} INFO - Started process (PID=56116) to work on /home/airflow/.local/lib/python3.12/site-packages/airflow/example_dags/example_python_operator.py
[2025-03-27T12:29:18.443+0000] {processor.py:914} INFO - Processing file /home/airflow/.local/lib/python3.12/site-packages/airflow/example_dags/example_python_operator.py for tasks to queue
[2025-03-27T12:29:18.446+0000] {logging_mixin.py:190} INFO - [2025-03-27T12:29:18.445+0000] {dagbag.py:588} INFO - Filling up the DagBag from /home/airflow/.local/lib/python3.12/site-packages/airflow/example_dags/example_python_operator.py
[2025-03-27T12:29:18.471+0000] {processor.py:925} INFO - DAG(s) 'example_python_operator' retrieved from /home/airflow/.local/lib/python3.12/site-packages/airflow/example_dags/example_python_operator.py
[2025-03-27T12:29:18.515+0000] {logging_mixin.py:190} INFO - [2025-03-27T12:29:18.514+0000] {dag.py:3239} INFO - Sync 1 DAGs
[2025-03-27T12:29:18.547+0000] {logging_mixin.py:190} INFO - [2025-03-27T12:29:18.546+0000] {dag.py:4180} INFO - Setting next_dagrun for example_python_operator to None, run_after=None
[2025-03-27T12:29:18.598+0000] {processor.py:208} INFO - Processing /home/airflow/.local/lib/python3.12/site-packages/airflow/example_dags/example_python_operator.py took 0.168 seconds
[2025-03-27T12:29:49.017+0000] {processor.py:186} INFO - Started process (PID=56181) to work on /home/airflow/.local/lib/python3.12/site-packages/airflow/example_dags/example_python_operator.py
[2025-03-27T12:29:49.020+0000] {processor.py:914} INFO - Processing file /home/airflow/.local/lib/python3.12/site-packages/airflow/example_dags/example_python_operator.py for tasks to queue
[2025-03-27T12:29:49.023+0000] {logging_mixin.py:190} INFO - [2025-03-27T12:29:49.022+0000] {dagbag.py:588} INFO - Filling up the DagBag from /home/airflow/.local/lib/python3.12/site-packages/airflow/example_dags/example_python_operator.py
[2025-03-27T12:29:49.044+0000] {processor.py:925} INFO - DAG(s) 'example_python_operator' retrieved from /home/airflow/.local/lib/python3.12/site-packages/airflow/example_dags/example_python_operator.py
[2025-03-27T12:29:49.090+0000] {logging_mixin.py:190} INFO - [2025-03-27T12:29:49.090+0000] {dag.py:3239} INFO - Sync 1 DAGs
[2025-03-27T12:29:49.118+0000] {logging_mixin.py:190} INFO - [2025-03-27T12:29:49.118+0000] {dag.py:4180} INFO - Setting next_dagrun for example_python_operator to None, run_after=None
[2025-03-27T12:29:49.154+0000] {processor.py:208} INFO - Processing /home/airflow/.local/lib/python3.12/site-packages/airflow/example_dags/example_python_operator.py took 0.147 seconds
[2025-03-27T12:30:19.345+0000] {processor.py:186} INFO - Started process (PID=56245) to work on /home/airflow/.local/lib/python3.12/site-packages/airflow/example_dags/example_python_operator.py
[2025-03-27T12:30:19.347+0000] {processor.py:914} INFO - Processing file /home/airflow/.local/lib/python3.12/site-packages/airflow/example_dags/example_python_operator.py for tasks to queue
[2025-03-27T12:30:19.350+0000] {logging_mixin.py:190} INFO - [2025-03-27T12:30:19.349+0000] {dagbag.py:588} INFO - Filling up the DagBag from /home/airflow/.local/lib/python3.12/site-packages/airflow/example_dags/example_python_operator.py
[2025-03-27T12:30:19.370+0000] {processor.py:925} INFO - DAG(s) 'example_python_operator' retrieved from /home/airflow/.local/lib/python3.12/site-packages/airflow/example_dags/example_python_operator.py
[2025-03-27T12:30:19.405+0000] {logging_mixin.py:190} INFO - [2025-03-27T12:30:19.405+0000] {dag.py:3239} INFO - Sync 1 DAGs
[2025-03-27T12:30:19.429+0000] {logging_mixin.py:190} INFO - [2025-03-27T12:30:19.429+0000] {dag.py:4180} INFO - Setting next_dagrun for example_python_operator to None, run_after=None
[2025-03-27T12:30:19.466+0000] {processor.py:208} INFO - Processing /home/airflow/.local/lib/python3.12/site-packages/airflow/example_dags/example_python_operator.py took 0.131 seconds
[2025-03-27T12:30:49.917+0000] {processor.py:186} INFO - Started process (PID=56310) to work on /home/airflow/.local/lib/python3.12/site-packages/airflow/example_dags/example_python_operator.py
[2025-03-27T12:30:49.920+0000] {processor.py:914} INFO - Processing file /home/airflow/.local/lib/python3.12/site-packages/airflow/example_dags/example_python_operator.py for tasks to queue
[2025-03-27T12:30:49.926+0000] {logging_mixin.py:190} INFO - [2025-03-27T12:30:49.925+0000] {dagbag.py:588} INFO - Filling up the DagBag from /home/airflow/.local/lib/python3.12/site-packages/airflow/example_dags/example_python_operator.py
[2025-03-27T12:30:49.970+0000] {processor.py:925} INFO - DAG(s) 'example_python_operator' retrieved from /home/airflow/.local/lib/python3.12/site-packages/airflow/example_dags/example_python_operator.py
[2025-03-27T12:30:50.036+0000] {logging_mixin.py:190} INFO - [2025-03-27T12:30:50.035+0000] {dag.py:3239} INFO - Sync 1 DAGs
[2025-03-27T12:30:50.077+0000] {logging_mixin.py:190} INFO - [2025-03-27T12:30:50.076+0000] {dag.py:4180} INFO - Setting next_dagrun for example_python_operator to None, run_after=None
[2025-03-27T12:30:50.124+0000] {processor.py:208} INFO - Processing /home/airflow/.local/lib/python3.12/site-packages/airflow/example_dags/example_python_operator.py took 0.222 seconds
