[2025-03-27T11:58:32.397+0000] {processor.py:186} INFO - Started process (PID=52248) to work on /home/airflow/.local/lib/python3.12/site-packages/airflow/example_dags/example_task_group.py
[2025-03-27T11:58:32.400+0000] {processor.py:914} INFO - Processing file /home/airflow/.local/lib/python3.12/site-packages/airflow/example_dags/example_task_group.py for tasks to queue
[2025-03-27T11:58:32.412+0000] {logging_mixin.py:190} INFO - [2025-03-27T11:58:32.411+0000] {dagbag.py:588} INFO - Filling up the DagBag from /home/airflow/.local/lib/python3.12/site-packages/airflow/example_dags/example_task_group.py
[2025-03-27T11:58:32.478+0000] {processor.py:925} INFO - DAG(s) 'example_task_group' retrieved from /home/airflow/.local/lib/python3.12/site-packages/airflow/example_dags/example_task_group.py
[2025-03-27T11:58:32.611+0000] {logging_mixin.py:190} INFO - [2025-03-27T11:58:32.611+0000] {dag.py:3239} INFO - Sync 1 DAGs
[2025-03-27T11:58:32.719+0000] {logging_mixin.py:190} INFO - [2025-03-27T11:58:32.718+0000] {dag.py:4180} INFO - Setting next_dagrun for example_task_group to None, run_after=None
[2025-03-27T11:58:32.848+0000] {processor.py:208} INFO - Processing /home/airflow/.local/lib/python3.12/site-packages/airflow/example_dags/example_task_group.py took 0.486 seconds
[2025-03-27T11:59:06.810+0000] {processor.py:186} INFO - Started process (PID=52312) to work on /home/airflow/.local/lib/python3.12/site-packages/airflow/example_dags/example_task_group.py
[2025-03-27T11:59:06.817+0000] {processor.py:914} INFO - Processing file /home/airflow/.local/lib/python3.12/site-packages/airflow/example_dags/example_task_group.py for tasks to queue
[2025-03-27T11:59:06.826+0000] {logging_mixin.py:190} INFO - [2025-03-27T11:59:06.825+0000] {dagbag.py:588} INFO - Filling up the DagBag from /home/airflow/.local/lib/python3.12/site-packages/airflow/example_dags/example_task_group.py
[2025-03-27T11:59:06.892+0000] {processor.py:925} INFO - DAG(s) 'example_task_group' retrieved from /home/airflow/.local/lib/python3.12/site-packages/airflow/example_dags/example_task_group.py
[2025-03-27T11:59:07.030+0000] {logging_mixin.py:190} INFO - [2025-03-27T11:59:07.029+0000] {dag.py:3239} INFO - Sync 1 DAGs
[2025-03-27T11:59:07.168+0000] {logging_mixin.py:190} INFO - [2025-03-27T11:59:07.168+0000] {dag.py:4180} INFO - Setting next_dagrun for example_task_group to None, run_after=None
[2025-03-27T11:59:07.326+0000] {processor.py:208} INFO - Processing /home/airflow/.local/lib/python3.12/site-packages/airflow/example_dags/example_task_group.py took 0.553 seconds
[2025-03-27T11:59:37.622+0000] {processor.py:186} INFO - Started process (PID=52375) to work on /home/airflow/.local/lib/python3.12/site-packages/airflow/example_dags/example_task_group.py
[2025-03-27T11:59:37.626+0000] {processor.py:914} INFO - Processing file /home/airflow/.local/lib/python3.12/site-packages/airflow/example_dags/example_task_group.py for tasks to queue
[2025-03-27T11:59:37.634+0000] {logging_mixin.py:190} INFO - [2025-03-27T11:59:37.633+0000] {dagbag.py:588} INFO - Filling up the DagBag from /home/airflow/.local/lib/python3.12/site-packages/airflow/example_dags/example_task_group.py
[2025-03-27T11:59:37.666+0000] {processor.py:925} INFO - DAG(s) 'example_task_group' retrieved from /home/airflow/.local/lib/python3.12/site-packages/airflow/example_dags/example_task_group.py
[2025-03-27T11:59:37.761+0000] {logging_mixin.py:190} INFO - [2025-03-27T11:59:37.760+0000] {dag.py:3239} INFO - Sync 1 DAGs
[2025-03-27T11:59:37.823+0000] {logging_mixin.py:190} INFO - [2025-03-27T11:59:37.821+0000] {dag.py:4180} INFO - Setting next_dagrun for example_task_group to None, run_after=None
[2025-03-27T11:59:37.881+0000] {processor.py:208} INFO - Processing /home/airflow/.local/lib/python3.12/site-packages/airflow/example_dags/example_task_group.py took 0.274 seconds
[2025-03-27T12:00:08.666+0000] {processor.py:186} INFO - Started process (PID=52440) to work on /home/airflow/.local/lib/python3.12/site-packages/airflow/example_dags/example_task_group.py
[2025-03-27T12:00:08.680+0000] {processor.py:914} INFO - Processing file /home/airflow/.local/lib/python3.12/site-packages/airflow/example_dags/example_task_group.py for tasks to queue
[2025-03-27T12:00:08.684+0000] {logging_mixin.py:190} INFO - [2025-03-27T12:00:08.683+0000] {dagbag.py:588} INFO - Filling up the DagBag from /home/airflow/.local/lib/python3.12/site-packages/airflow/example_dags/example_task_group.py
[2025-03-27T12:00:08.718+0000] {processor.py:925} INFO - DAG(s) 'example_task_group' retrieved from /home/airflow/.local/lib/python3.12/site-packages/airflow/example_dags/example_task_group.py
[2025-03-27T12:00:08.805+0000] {logging_mixin.py:190} INFO - [2025-03-27T12:00:08.804+0000] {dag.py:3239} INFO - Sync 1 DAGs
[2025-03-27T12:00:08.874+0000] {logging_mixin.py:190} INFO - [2025-03-27T12:00:08.873+0000] {dag.py:4180} INFO - Setting next_dagrun for example_task_group to None, run_after=None
[2025-03-27T12:00:08.977+0000] {processor.py:208} INFO - Processing /home/airflow/.local/lib/python3.12/site-packages/airflow/example_dags/example_task_group.py took 0.334 seconds
[2025-03-27T12:00:39.677+0000] {processor.py:186} INFO - Started process (PID=52504) to work on /home/airflow/.local/lib/python3.12/site-packages/airflow/example_dags/example_task_group.py
[2025-03-27T12:00:39.683+0000] {processor.py:914} INFO - Processing file /home/airflow/.local/lib/python3.12/site-packages/airflow/example_dags/example_task_group.py for tasks to queue
[2025-03-27T12:00:39.686+0000] {logging_mixin.py:190} INFO - [2025-03-27T12:00:39.685+0000] {dagbag.py:588} INFO - Filling up the DagBag from /home/airflow/.local/lib/python3.12/site-packages/airflow/example_dags/example_task_group.py
[2025-03-27T12:00:39.716+0000] {processor.py:925} INFO - DAG(s) 'example_task_group' retrieved from /home/airflow/.local/lib/python3.12/site-packages/airflow/example_dags/example_task_group.py
[2025-03-27T12:00:39.807+0000] {logging_mixin.py:190} INFO - [2025-03-27T12:00:39.806+0000] {dag.py:3239} INFO - Sync 1 DAGs
[2025-03-27T12:00:39.857+0000] {logging_mixin.py:190} INFO - [2025-03-27T12:00:39.857+0000] {dag.py:4180} INFO - Setting next_dagrun for example_task_group to None, run_after=None
[2025-03-27T12:00:39.916+0000] {processor.py:208} INFO - Processing /home/airflow/.local/lib/python3.12/site-packages/airflow/example_dags/example_task_group.py took 0.253 seconds
[2025-03-27T12:01:10.733+0000] {processor.py:186} INFO - Started process (PID=52569) to work on /home/airflow/.local/lib/python3.12/site-packages/airflow/example_dags/example_task_group.py
[2025-03-27T12:01:10.735+0000] {processor.py:914} INFO - Processing file /home/airflow/.local/lib/python3.12/site-packages/airflow/example_dags/example_task_group.py for tasks to queue
[2025-03-27T12:01:10.738+0000] {logging_mixin.py:190} INFO - [2025-03-27T12:01:10.737+0000] {dagbag.py:588} INFO - Filling up the DagBag from /home/airflow/.local/lib/python3.12/site-packages/airflow/example_dags/example_task_group.py
[2025-03-27T12:01:10.759+0000] {processor.py:925} INFO - DAG(s) 'example_task_group' retrieved from /home/airflow/.local/lib/python3.12/site-packages/airflow/example_dags/example_task_group.py
[2025-03-27T12:01:10.814+0000] {logging_mixin.py:190} INFO - [2025-03-27T12:01:10.812+0000] {dag.py:3239} INFO - Sync 1 DAGs
[2025-03-27T12:01:10.852+0000] {logging_mixin.py:190} INFO - [2025-03-27T12:01:10.851+0000] {dag.py:4180} INFO - Setting next_dagrun for example_task_group to None, run_after=None
[2025-03-27T12:01:10.895+0000] {processor.py:208} INFO - Processing /home/airflow/.local/lib/python3.12/site-packages/airflow/example_dags/example_task_group.py took 0.174 seconds
[2025-03-27T12:01:41.438+0000] {processor.py:186} INFO - Started process (PID=52633) to work on /home/airflow/.local/lib/python3.12/site-packages/airflow/example_dags/example_task_group.py
[2025-03-27T12:01:41.440+0000] {processor.py:914} INFO - Processing file /home/airflow/.local/lib/python3.12/site-packages/airflow/example_dags/example_task_group.py for tasks to queue
[2025-03-27T12:01:41.442+0000] {logging_mixin.py:190} INFO - [2025-03-27T12:01:41.442+0000] {dagbag.py:588} INFO - Filling up the DagBag from /home/airflow/.local/lib/python3.12/site-packages/airflow/example_dags/example_task_group.py
[2025-03-27T12:01:41.460+0000] {processor.py:925} INFO - DAG(s) 'example_task_group' retrieved from /home/airflow/.local/lib/python3.12/site-packages/airflow/example_dags/example_task_group.py
[2025-03-27T12:01:41.499+0000] {logging_mixin.py:190} INFO - [2025-03-27T12:01:41.499+0000] {dag.py:3239} INFO - Sync 1 DAGs
[2025-03-27T12:01:41.537+0000] {logging_mixin.py:190} INFO - [2025-03-27T12:01:41.536+0000] {dag.py:4180} INFO - Setting next_dagrun for example_task_group to None, run_after=None
[2025-03-27T12:01:41.584+0000] {processor.py:208} INFO - Processing /home/airflow/.local/lib/python3.12/site-packages/airflow/example_dags/example_task_group.py took 0.157 seconds
[2025-03-27T12:02:12.312+0000] {processor.py:186} INFO - Started process (PID=52698) to work on /home/airflow/.local/lib/python3.12/site-packages/airflow/example_dags/example_task_group.py
[2025-03-27T12:02:12.317+0000] {processor.py:914} INFO - Processing file /home/airflow/.local/lib/python3.12/site-packages/airflow/example_dags/example_task_group.py for tasks to queue
[2025-03-27T12:02:12.320+0000] {logging_mixin.py:190} INFO - [2025-03-27T12:02:12.319+0000] {dagbag.py:588} INFO - Filling up the DagBag from /home/airflow/.local/lib/python3.12/site-packages/airflow/example_dags/example_task_group.py
[2025-03-27T12:02:12.345+0000] {processor.py:925} INFO - DAG(s) 'example_task_group' retrieved from /home/airflow/.local/lib/python3.12/site-packages/airflow/example_dags/example_task_group.py
[2025-03-27T12:02:12.403+0000] {logging_mixin.py:190} INFO - [2025-03-27T12:02:12.402+0000] {dag.py:3239} INFO - Sync 1 DAGs
[2025-03-27T12:02:12.436+0000] {logging_mixin.py:190} INFO - [2025-03-27T12:02:12.436+0000] {dag.py:4180} INFO - Setting next_dagrun for example_task_group to None, run_after=None
[2025-03-27T12:02:12.480+0000] {processor.py:208} INFO - Processing /home/airflow/.local/lib/python3.12/site-packages/airflow/example_dags/example_task_group.py took 0.180 seconds
[2025-03-27T12:02:43.585+0000] {processor.py:186} INFO - Started process (PID=52763) to work on /home/airflow/.local/lib/python3.12/site-packages/airflow/example_dags/example_task_group.py
[2025-03-27T12:02:43.587+0000] {processor.py:914} INFO - Processing file /home/airflow/.local/lib/python3.12/site-packages/airflow/example_dags/example_task_group.py for tasks to queue
[2025-03-27T12:02:43.591+0000] {logging_mixin.py:190} INFO - [2025-03-27T12:02:43.590+0000] {dagbag.py:588} INFO - Filling up the DagBag from /home/airflow/.local/lib/python3.12/site-packages/airflow/example_dags/example_task_group.py
[2025-03-27T12:02:43.608+0000] {processor.py:925} INFO - DAG(s) 'example_task_group' retrieved from /home/airflow/.local/lib/python3.12/site-packages/airflow/example_dags/example_task_group.py
[2025-03-27T12:02:43.650+0000] {logging_mixin.py:190} INFO - [2025-03-27T12:02:43.649+0000] {dag.py:3239} INFO - Sync 1 DAGs
[2025-03-27T12:02:43.678+0000] {logging_mixin.py:190} INFO - [2025-03-27T12:02:43.678+0000] {dag.py:4180} INFO - Setting next_dagrun for example_task_group to None, run_after=None
[2025-03-27T12:02:43.714+0000] {processor.py:208} INFO - Processing /home/airflow/.local/lib/python3.12/site-packages/airflow/example_dags/example_task_group.py took 0.140 seconds
[2025-03-27T12:03:14.736+0000] {processor.py:186} INFO - Started process (PID=52828) to work on /home/airflow/.local/lib/python3.12/site-packages/airflow/example_dags/example_task_group.py
[2025-03-27T12:03:14.738+0000] {processor.py:914} INFO - Processing file /home/airflow/.local/lib/python3.12/site-packages/airflow/example_dags/example_task_group.py for tasks to queue
[2025-03-27T12:03:14.743+0000] {logging_mixin.py:190} INFO - [2025-03-27T12:03:14.741+0000] {dagbag.py:588} INFO - Filling up the DagBag from /home/airflow/.local/lib/python3.12/site-packages/airflow/example_dags/example_task_group.py
[2025-03-27T12:03:14.768+0000] {processor.py:925} INFO - DAG(s) 'example_task_group' retrieved from /home/airflow/.local/lib/python3.12/site-packages/airflow/example_dags/example_task_group.py
[2025-03-27T12:03:14.818+0000] {logging_mixin.py:190} INFO - [2025-03-27T12:03:14.817+0000] {dag.py:3239} INFO - Sync 1 DAGs
[2025-03-27T12:03:14.855+0000] {logging_mixin.py:190} INFO - [2025-03-27T12:03:14.854+0000] {dag.py:4180} INFO - Setting next_dagrun for example_task_group to None, run_after=None
[2025-03-27T12:03:14.898+0000] {processor.py:208} INFO - Processing /home/airflow/.local/lib/python3.12/site-packages/airflow/example_dags/example_task_group.py took 0.174 seconds
[2025-03-27T12:03:45.439+0000] {processor.py:186} INFO - Started process (PID=52892) to work on /home/airflow/.local/lib/python3.12/site-packages/airflow/example_dags/example_task_group.py
[2025-03-27T12:03:45.442+0000] {processor.py:914} INFO - Processing file /home/airflow/.local/lib/python3.12/site-packages/airflow/example_dags/example_task_group.py for tasks to queue
[2025-03-27T12:03:45.445+0000] {logging_mixin.py:190} INFO - [2025-03-27T12:03:45.444+0000] {dagbag.py:588} INFO - Filling up the DagBag from /home/airflow/.local/lib/python3.12/site-packages/airflow/example_dags/example_task_group.py
[2025-03-27T12:03:45.468+0000] {processor.py:925} INFO - DAG(s) 'example_task_group' retrieved from /home/airflow/.local/lib/python3.12/site-packages/airflow/example_dags/example_task_group.py
[2025-03-27T12:03:45.520+0000] {logging_mixin.py:190} INFO - [2025-03-27T12:03:45.519+0000] {dag.py:3239} INFO - Sync 1 DAGs
[2025-03-27T12:03:45.555+0000] {logging_mixin.py:190} INFO - [2025-03-27T12:03:45.555+0000] {dag.py:4180} INFO - Setting next_dagrun for example_task_group to None, run_after=None
[2025-03-27T12:03:45.617+0000] {processor.py:208} INFO - Processing /home/airflow/.local/lib/python3.12/site-packages/airflow/example_dags/example_task_group.py took 0.189 seconds
[2025-03-27T12:04:15.993+0000] {processor.py:186} INFO - Started process (PID=52955) to work on /home/airflow/.local/lib/python3.12/site-packages/airflow/example_dags/example_task_group.py
[2025-03-27T12:04:15.996+0000] {processor.py:914} INFO - Processing file /home/airflow/.local/lib/python3.12/site-packages/airflow/example_dags/example_task_group.py for tasks to queue
[2025-03-27T12:04:16.000+0000] {logging_mixin.py:190} INFO - [2025-03-27T12:04:15.999+0000] {dagbag.py:588} INFO - Filling up the DagBag from /home/airflow/.local/lib/python3.12/site-packages/airflow/example_dags/example_task_group.py
[2025-03-27T12:04:16.038+0000] {processor.py:925} INFO - DAG(s) 'example_task_group' retrieved from /home/airflow/.local/lib/python3.12/site-packages/airflow/example_dags/example_task_group.py
[2025-03-27T12:04:16.109+0000] {logging_mixin.py:190} INFO - [2025-03-27T12:04:16.107+0000] {dag.py:3239} INFO - Sync 1 DAGs
[2025-03-27T12:04:16.169+0000] {logging_mixin.py:190} INFO - [2025-03-27T12:04:16.168+0000] {dag.py:4180} INFO - Setting next_dagrun for example_task_group to None, run_after=None
[2025-03-27T12:04:16.240+0000] {processor.py:208} INFO - Processing /home/airflow/.local/lib/python3.12/site-packages/airflow/example_dags/example_task_group.py took 0.267 seconds
[2025-03-27T12:04:46.955+0000] {processor.py:186} INFO - Started process (PID=53019) to work on /home/airflow/.local/lib/python3.12/site-packages/airflow/example_dags/example_task_group.py
[2025-03-27T12:04:46.958+0000] {processor.py:914} INFO - Processing file /home/airflow/.local/lib/python3.12/site-packages/airflow/example_dags/example_task_group.py for tasks to queue
[2025-03-27T12:04:46.961+0000] {logging_mixin.py:190} INFO - [2025-03-27T12:04:46.960+0000] {dagbag.py:588} INFO - Filling up the DagBag from /home/airflow/.local/lib/python3.12/site-packages/airflow/example_dags/example_task_group.py
[2025-03-27T12:04:47.003+0000] {processor.py:925} INFO - DAG(s) 'example_task_group' retrieved from /home/airflow/.local/lib/python3.12/site-packages/airflow/example_dags/example_task_group.py
[2025-03-27T12:04:47.065+0000] {logging_mixin.py:190} INFO - [2025-03-27T12:04:47.065+0000] {dag.py:3239} INFO - Sync 1 DAGs
[2025-03-27T12:04:47.105+0000] {logging_mixin.py:190} INFO - [2025-03-27T12:04:47.104+0000] {dag.py:4180} INFO - Setting next_dagrun for example_task_group to None, run_after=None
[2025-03-27T12:04:47.169+0000] {processor.py:208} INFO - Processing /home/airflow/.local/lib/python3.12/site-packages/airflow/example_dags/example_task_group.py took 0.227 seconds
[2025-03-27T12:05:17.826+0000] {processor.py:186} INFO - Started process (PID=53084) to work on /home/airflow/.local/lib/python3.12/site-packages/airflow/example_dags/example_task_group.py
[2025-03-27T12:05:17.829+0000] {processor.py:914} INFO - Processing file /home/airflow/.local/lib/python3.12/site-packages/airflow/example_dags/example_task_group.py for tasks to queue
[2025-03-27T12:05:17.832+0000] {logging_mixin.py:190} INFO - [2025-03-27T12:05:17.831+0000] {dagbag.py:588} INFO - Filling up the DagBag from /home/airflow/.local/lib/python3.12/site-packages/airflow/example_dags/example_task_group.py
[2025-03-27T12:05:17.859+0000] {processor.py:925} INFO - DAG(s) 'example_task_group' retrieved from /home/airflow/.local/lib/python3.12/site-packages/airflow/example_dags/example_task_group.py
[2025-03-27T12:05:17.909+0000] {logging_mixin.py:190} INFO - [2025-03-27T12:05:17.908+0000] {dag.py:3239} INFO - Sync 1 DAGs
[2025-03-27T12:05:17.952+0000] {logging_mixin.py:190} INFO - [2025-03-27T12:05:17.951+0000] {dag.py:4180} INFO - Setting next_dagrun for example_task_group to None, run_after=None
[2025-03-27T12:05:17.997+0000] {processor.py:208} INFO - Processing /home/airflow/.local/lib/python3.12/site-packages/airflow/example_dags/example_task_group.py took 0.190 seconds
[2025-03-27T12:05:48.462+0000] {processor.py:186} INFO - Started process (PID=53148) to work on /home/airflow/.local/lib/python3.12/site-packages/airflow/example_dags/example_task_group.py
[2025-03-27T12:05:48.465+0000] {processor.py:914} INFO - Processing file /home/airflow/.local/lib/python3.12/site-packages/airflow/example_dags/example_task_group.py for tasks to queue
[2025-03-27T12:05:48.468+0000] {logging_mixin.py:190} INFO - [2025-03-27T12:05:48.468+0000] {dagbag.py:588} INFO - Filling up the DagBag from /home/airflow/.local/lib/python3.12/site-packages/airflow/example_dags/example_task_group.py
[2025-03-27T12:05:48.488+0000] {processor.py:925} INFO - DAG(s) 'example_task_group' retrieved from /home/airflow/.local/lib/python3.12/site-packages/airflow/example_dags/example_task_group.py
[2025-03-27T12:05:48.534+0000] {logging_mixin.py:190} INFO - [2025-03-27T12:05:48.534+0000] {dag.py:3239} INFO - Sync 1 DAGs
[2025-03-27T12:05:48.570+0000] {logging_mixin.py:190} INFO - [2025-03-27T12:05:48.570+0000] {dag.py:4180} INFO - Setting next_dagrun for example_task_group to None, run_after=None
[2025-03-27T12:05:48.625+0000] {processor.py:208} INFO - Processing /home/airflow/.local/lib/python3.12/site-packages/airflow/example_dags/example_task_group.py took 0.175 seconds
[2025-03-27T12:06:19.316+0000] {processor.py:186} INFO - Started process (PID=53213) to work on /home/airflow/.local/lib/python3.12/site-packages/airflow/example_dags/example_task_group.py
[2025-03-27T12:06:19.318+0000] {processor.py:914} INFO - Processing file /home/airflow/.local/lib/python3.12/site-packages/airflow/example_dags/example_task_group.py for tasks to queue
[2025-03-27T12:06:19.321+0000] {logging_mixin.py:190} INFO - [2025-03-27T12:06:19.320+0000] {dagbag.py:588} INFO - Filling up the DagBag from /home/airflow/.local/lib/python3.12/site-packages/airflow/example_dags/example_task_group.py
[2025-03-27T12:06:19.342+0000] {processor.py:925} INFO - DAG(s) 'example_task_group' retrieved from /home/airflow/.local/lib/python3.12/site-packages/airflow/example_dags/example_task_group.py
[2025-03-27T12:06:19.400+0000] {logging_mixin.py:190} INFO - [2025-03-27T12:06:19.400+0000] {dag.py:3239} INFO - Sync 1 DAGs
[2025-03-27T12:06:19.445+0000] {logging_mixin.py:190} INFO - [2025-03-27T12:06:19.444+0000] {dag.py:4180} INFO - Setting next_dagrun for example_task_group to None, run_after=None
[2025-03-27T12:06:19.818+0000] {processor.py:208} INFO - Processing /home/airflow/.local/lib/python3.12/site-packages/airflow/example_dags/example_task_group.py took 0.519 seconds
[2025-03-27T12:06:50.273+0000] {processor.py:186} INFO - Started process (PID=53278) to work on /home/airflow/.local/lib/python3.12/site-packages/airflow/example_dags/example_task_group.py
[2025-03-27T12:06:50.277+0000] {processor.py:914} INFO - Processing file /home/airflow/.local/lib/python3.12/site-packages/airflow/example_dags/example_task_group.py for tasks to queue
[2025-03-27T12:06:50.283+0000] {logging_mixin.py:190} INFO - [2025-03-27T12:06:50.280+0000] {dagbag.py:588} INFO - Filling up the DagBag from /home/airflow/.local/lib/python3.12/site-packages/airflow/example_dags/example_task_group.py
[2025-03-27T12:06:50.316+0000] {processor.py:925} INFO - DAG(s) 'example_task_group' retrieved from /home/airflow/.local/lib/python3.12/site-packages/airflow/example_dags/example_task_group.py
[2025-03-27T12:06:50.388+0000] {logging_mixin.py:190} INFO - [2025-03-27T12:06:50.385+0000] {dag.py:3239} INFO - Sync 1 DAGs
[2025-03-27T12:06:50.477+0000] {logging_mixin.py:190} INFO - [2025-03-27T12:06:50.466+0000] {dag.py:4180} INFO - Setting next_dagrun for example_task_group to None, run_after=None
[2025-03-27T12:06:51.338+0000] {processor.py:208} INFO - Processing /home/airflow/.local/lib/python3.12/site-packages/airflow/example_dags/example_task_group.py took 1.083 seconds
[2025-03-27T12:07:22.094+0000] {processor.py:186} INFO - Started process (PID=53342) to work on /home/airflow/.local/lib/python3.12/site-packages/airflow/example_dags/example_task_group.py
[2025-03-27T12:07:22.097+0000] {processor.py:914} INFO - Processing file /home/airflow/.local/lib/python3.12/site-packages/airflow/example_dags/example_task_group.py for tasks to queue
[2025-03-27T12:07:22.101+0000] {logging_mixin.py:190} INFO - [2025-03-27T12:07:22.100+0000] {dagbag.py:588} INFO - Filling up the DagBag from /home/airflow/.local/lib/python3.12/site-packages/airflow/example_dags/example_task_group.py
[2025-03-27T12:07:22.136+0000] {processor.py:925} INFO - DAG(s) 'example_task_group' retrieved from /home/airflow/.local/lib/python3.12/site-packages/airflow/example_dags/example_task_group.py
[2025-03-27T12:07:22.198+0000] {logging_mixin.py:190} INFO - [2025-03-27T12:07:22.198+0000] {dag.py:3239} INFO - Sync 1 DAGs
[2025-03-27T12:07:22.246+0000] {logging_mixin.py:190} INFO - [2025-03-27T12:07:22.245+0000] {dag.py:4180} INFO - Setting next_dagrun for example_task_group to None, run_after=None
[2025-03-27T12:07:22.304+0000] {processor.py:208} INFO - Processing /home/airflow/.local/lib/python3.12/site-packages/airflow/example_dags/example_task_group.py took 0.228 seconds
[2025-03-27T12:07:52.667+0000] {processor.py:186} INFO - Started process (PID=53408) to work on /home/airflow/.local/lib/python3.12/site-packages/airflow/example_dags/example_task_group.py
[2025-03-27T12:07:52.681+0000] {processor.py:914} INFO - Processing file /home/airflow/.local/lib/python3.12/site-packages/airflow/example_dags/example_task_group.py for tasks to queue
[2025-03-27T12:07:52.685+0000] {logging_mixin.py:190} INFO - [2025-03-27T12:07:52.684+0000] {dagbag.py:588} INFO - Filling up the DagBag from /home/airflow/.local/lib/python3.12/site-packages/airflow/example_dags/example_task_group.py
[2025-03-27T12:07:52.741+0000] {processor.py:925} INFO - DAG(s) 'example_task_group' retrieved from /home/airflow/.local/lib/python3.12/site-packages/airflow/example_dags/example_task_group.py
[2025-03-27T12:07:52.818+0000] {logging_mixin.py:190} INFO - [2025-03-27T12:07:52.817+0000] {dag.py:3239} INFO - Sync 1 DAGs
[2025-03-27T12:07:52.888+0000] {logging_mixin.py:190} INFO - [2025-03-27T12:07:52.887+0000] {dag.py:4180} INFO - Setting next_dagrun for example_task_group to None, run_after=None
[2025-03-27T12:07:52.998+0000] {processor.py:208} INFO - Processing /home/airflow/.local/lib/python3.12/site-packages/airflow/example_dags/example_task_group.py took 0.350 seconds
[2025-03-27T12:08:26.353+0000] {processor.py:186} INFO - Started process (PID=53473) to work on /home/airflow/.local/lib/python3.12/site-packages/airflow/example_dags/example_task_group.py
[2025-03-27T12:08:26.358+0000] {processor.py:914} INFO - Processing file /home/airflow/.local/lib/python3.12/site-packages/airflow/example_dags/example_task_group.py for tasks to queue
[2025-03-27T12:08:26.369+0000] {logging_mixin.py:190} INFO - [2025-03-27T12:08:26.368+0000] {dagbag.py:588} INFO - Filling up the DagBag from /home/airflow/.local/lib/python3.12/site-packages/airflow/example_dags/example_task_group.py
[2025-03-27T12:08:26.438+0000] {processor.py:925} INFO - DAG(s) 'example_task_group' retrieved from /home/airflow/.local/lib/python3.12/site-packages/airflow/example_dags/example_task_group.py
[2025-03-27T12:08:26.554+0000] {logging_mixin.py:190} INFO - [2025-03-27T12:08:26.554+0000] {dag.py:3239} INFO - Sync 1 DAGs
[2025-03-27T12:08:26.666+0000] {logging_mixin.py:190} INFO - [2025-03-27T12:08:26.665+0000] {dag.py:4180} INFO - Setting next_dagrun for example_task_group to None, run_after=None
[2025-03-27T12:08:26.783+0000] {processor.py:208} INFO - Processing /home/airflow/.local/lib/python3.12/site-packages/airflow/example_dags/example_task_group.py took 0.461 seconds
[2025-03-27T12:08:57.993+0000] {processor.py:186} INFO - Started process (PID=53538) to work on /home/airflow/.local/lib/python3.12/site-packages/airflow/example_dags/example_task_group.py
[2025-03-27T12:08:57.996+0000] {processor.py:914} INFO - Processing file /home/airflow/.local/lib/python3.12/site-packages/airflow/example_dags/example_task_group.py for tasks to queue
[2025-03-27T12:08:58.000+0000] {logging_mixin.py:190} INFO - [2025-03-27T12:08:57.999+0000] {dagbag.py:588} INFO - Filling up the DagBag from /home/airflow/.local/lib/python3.12/site-packages/airflow/example_dags/example_task_group.py
[2025-03-27T12:08:58.035+0000] {processor.py:925} INFO - DAG(s) 'example_task_group' retrieved from /home/airflow/.local/lib/python3.12/site-packages/airflow/example_dags/example_task_group.py
[2025-03-27T12:08:58.101+0000] {logging_mixin.py:190} INFO - [2025-03-27T12:08:58.100+0000] {dag.py:3239} INFO - Sync 1 DAGs
[2025-03-27T12:08:58.149+0000] {logging_mixin.py:190} INFO - [2025-03-27T12:08:58.148+0000] {dag.py:4180} INFO - Setting next_dagrun for example_task_group to None, run_after=None
[2025-03-27T12:08:58.202+0000] {processor.py:208} INFO - Processing /home/airflow/.local/lib/python3.12/site-packages/airflow/example_dags/example_task_group.py took 0.224 seconds
[2025-03-27T12:09:29.742+0000] {processor.py:186} INFO - Started process (PID=53604) to work on /home/airflow/.local/lib/python3.12/site-packages/airflow/example_dags/example_task_group.py
[2025-03-27T12:09:29.746+0000] {processor.py:914} INFO - Processing file /home/airflow/.local/lib/python3.12/site-packages/airflow/example_dags/example_task_group.py for tasks to queue
[2025-03-27T12:09:29.758+0000] {logging_mixin.py:190} INFO - [2025-03-27T12:09:29.757+0000] {dagbag.py:588} INFO - Filling up the DagBag from /home/airflow/.local/lib/python3.12/site-packages/airflow/example_dags/example_task_group.py
[2025-03-27T12:09:29.831+0000] {processor.py:925} INFO - DAG(s) 'example_task_group' retrieved from /home/airflow/.local/lib/python3.12/site-packages/airflow/example_dags/example_task_group.py
[2025-03-27T12:09:29.965+0000] {logging_mixin.py:190} INFO - [2025-03-27T12:09:29.965+0000] {dag.py:3239} INFO - Sync 1 DAGs
[2025-03-27T12:09:30.067+0000] {logging_mixin.py:190} INFO - [2025-03-27T12:09:30.066+0000] {dag.py:4180} INFO - Setting next_dagrun for example_task_group to None, run_after=None
[2025-03-27T12:09:30.210+0000] {processor.py:208} INFO - Processing /home/airflow/.local/lib/python3.12/site-packages/airflow/example_dags/example_task_group.py took 0.492 seconds
[2025-03-27T12:10:00.414+0000] {processor.py:186} INFO - Started process (PID=53668) to work on /home/airflow/.local/lib/python3.12/site-packages/airflow/example_dags/example_task_group.py
[2025-03-27T12:10:00.417+0000] {processor.py:914} INFO - Processing file /home/airflow/.local/lib/python3.12/site-packages/airflow/example_dags/example_task_group.py for tasks to queue
[2025-03-27T12:10:00.426+0000] {logging_mixin.py:190} INFO - [2025-03-27T12:10:00.420+0000] {dagbag.py:588} INFO - Filling up the DagBag from /home/airflow/.local/lib/python3.12/site-packages/airflow/example_dags/example_task_group.py
[2025-03-27T12:10:00.464+0000] {processor.py:925} INFO - DAG(s) 'example_task_group' retrieved from /home/airflow/.local/lib/python3.12/site-packages/airflow/example_dags/example_task_group.py
[2025-03-27T12:10:00.508+0000] {logging_mixin.py:190} INFO - [2025-03-27T12:10:00.507+0000] {dag.py:3239} INFO - Sync 1 DAGs
[2025-03-27T12:10:00.540+0000] {logging_mixin.py:190} INFO - [2025-03-27T12:10:00.540+0000] {dag.py:4180} INFO - Setting next_dagrun for example_task_group to None, run_after=None
[2025-03-27T12:10:00.585+0000] {processor.py:208} INFO - Processing /home/airflow/.local/lib/python3.12/site-packages/airflow/example_dags/example_task_group.py took 0.185 seconds
[2025-03-27T12:10:31.130+0000] {processor.py:186} INFO - Started process (PID=53733) to work on /home/airflow/.local/lib/python3.12/site-packages/airflow/example_dags/example_task_group.py
[2025-03-27T12:10:31.132+0000] {processor.py:914} INFO - Processing file /home/airflow/.local/lib/python3.12/site-packages/airflow/example_dags/example_task_group.py for tasks to queue
[2025-03-27T12:10:31.135+0000] {logging_mixin.py:190} INFO - [2025-03-27T12:10:31.135+0000] {dagbag.py:588} INFO - Filling up the DagBag from /home/airflow/.local/lib/python3.12/site-packages/airflow/example_dags/example_task_group.py
[2025-03-27T12:10:31.163+0000] {processor.py:925} INFO - DAG(s) 'example_task_group' retrieved from /home/airflow/.local/lib/python3.12/site-packages/airflow/example_dags/example_task_group.py
[2025-03-27T12:10:31.218+0000] {logging_mixin.py:190} INFO - [2025-03-27T12:10:31.218+0000] {dag.py:3239} INFO - Sync 1 DAGs
[2025-03-27T12:10:31.270+0000] {logging_mixin.py:190} INFO - [2025-03-27T12:10:31.269+0000] {dag.py:4180} INFO - Setting next_dagrun for example_task_group to None, run_after=None
[2025-03-27T12:10:31.357+0000] {processor.py:208} INFO - Processing /home/airflow/.local/lib/python3.12/site-packages/airflow/example_dags/example_task_group.py took 0.237 seconds
[2025-03-27T12:11:02.316+0000] {processor.py:186} INFO - Started process (PID=53798) to work on /home/airflow/.local/lib/python3.12/site-packages/airflow/example_dags/example_task_group.py
[2025-03-27T12:11:02.319+0000] {processor.py:914} INFO - Processing file /home/airflow/.local/lib/python3.12/site-packages/airflow/example_dags/example_task_group.py for tasks to queue
[2025-03-27T12:11:02.322+0000] {logging_mixin.py:190} INFO - [2025-03-27T12:11:02.321+0000] {dagbag.py:588} INFO - Filling up the DagBag from /home/airflow/.local/lib/python3.12/site-packages/airflow/example_dags/example_task_group.py
[2025-03-27T12:11:02.350+0000] {processor.py:925} INFO - DAG(s) 'example_task_group' retrieved from /home/airflow/.local/lib/python3.12/site-packages/airflow/example_dags/example_task_group.py
[2025-03-27T12:11:02.409+0000] {logging_mixin.py:190} INFO - [2025-03-27T12:11:02.408+0000] {dag.py:3239} INFO - Sync 1 DAGs
[2025-03-27T12:11:02.453+0000] {logging_mixin.py:190} INFO - [2025-03-27T12:11:02.452+0000] {dag.py:4180} INFO - Setting next_dagrun for example_task_group to None, run_after=None
[2025-03-27T12:11:02.518+0000] {processor.py:208} INFO - Processing /home/airflow/.local/lib/python3.12/site-packages/airflow/example_dags/example_task_group.py took 0.220 seconds
[2025-03-27T12:11:32.824+0000] {processor.py:186} INFO - Started process (PID=53862) to work on /home/airflow/.local/lib/python3.12/site-packages/airflow/example_dags/example_task_group.py
[2025-03-27T12:11:32.827+0000] {processor.py:914} INFO - Processing file /home/airflow/.local/lib/python3.12/site-packages/airflow/example_dags/example_task_group.py for tasks to queue
[2025-03-27T12:11:32.831+0000] {logging_mixin.py:190} INFO - [2025-03-27T12:11:32.830+0000] {dagbag.py:588} INFO - Filling up the DagBag from /home/airflow/.local/lib/python3.12/site-packages/airflow/example_dags/example_task_group.py
[2025-03-27T12:11:32.867+0000] {processor.py:925} INFO - DAG(s) 'example_task_group' retrieved from /home/airflow/.local/lib/python3.12/site-packages/airflow/example_dags/example_task_group.py
[2025-03-27T12:11:32.935+0000] {logging_mixin.py:190} INFO - [2025-03-27T12:11:32.934+0000] {dag.py:3239} INFO - Sync 1 DAGs
[2025-03-27T12:11:32.981+0000] {logging_mixin.py:190} INFO - [2025-03-27T12:11:32.980+0000] {dag.py:4180} INFO - Setting next_dagrun for example_task_group to None, run_after=None
[2025-03-27T12:11:33.050+0000] {processor.py:208} INFO - Processing /home/airflow/.local/lib/python3.12/site-packages/airflow/example_dags/example_task_group.py took 0.243 seconds
[2025-03-27T12:12:03.748+0000] {processor.py:186} INFO - Started process (PID=53927) to work on /home/airflow/.local/lib/python3.12/site-packages/airflow/example_dags/example_task_group.py
[2025-03-27T12:12:03.752+0000] {processor.py:914} INFO - Processing file /home/airflow/.local/lib/python3.12/site-packages/airflow/example_dags/example_task_group.py for tasks to queue
[2025-03-27T12:12:03.754+0000] {logging_mixin.py:190} INFO - [2025-03-27T12:12:03.754+0000] {dagbag.py:588} INFO - Filling up the DagBag from /home/airflow/.local/lib/python3.12/site-packages/airflow/example_dags/example_task_group.py
[2025-03-27T12:12:03.770+0000] {processor.py:925} INFO - DAG(s) 'example_task_group' retrieved from /home/airflow/.local/lib/python3.12/site-packages/airflow/example_dags/example_task_group.py
[2025-03-27T12:12:03.810+0000] {logging_mixin.py:190} INFO - [2025-03-27T12:12:03.809+0000] {dag.py:3239} INFO - Sync 1 DAGs
[2025-03-27T12:12:03.839+0000] {logging_mixin.py:190} INFO - [2025-03-27T12:12:03.839+0000] {dag.py:4180} INFO - Setting next_dagrun for example_task_group to None, run_after=None
[2025-03-27T12:12:03.887+0000] {processor.py:208} INFO - Processing /home/airflow/.local/lib/python3.12/site-packages/airflow/example_dags/example_task_group.py took 0.148 seconds
[2025-03-27T12:12:34.146+0000] {processor.py:186} INFO - Started process (PID=53992) to work on /home/airflow/.local/lib/python3.12/site-packages/airflow/example_dags/example_task_group.py
[2025-03-27T12:12:34.148+0000] {processor.py:914} INFO - Processing file /home/airflow/.local/lib/python3.12/site-packages/airflow/example_dags/example_task_group.py for tasks to queue
[2025-03-27T12:12:34.151+0000] {logging_mixin.py:190} INFO - [2025-03-27T12:12:34.150+0000] {dagbag.py:588} INFO - Filling up the DagBag from /home/airflow/.local/lib/python3.12/site-packages/airflow/example_dags/example_task_group.py
[2025-03-27T12:12:34.179+0000] {processor.py:925} INFO - DAG(s) 'example_task_group' retrieved from /home/airflow/.local/lib/python3.12/site-packages/airflow/example_dags/example_task_group.py
[2025-03-27T12:12:34.215+0000] {logging_mixin.py:190} INFO - [2025-03-27T12:12:34.215+0000] {dag.py:3239} INFO - Sync 1 DAGs
[2025-03-27T12:12:34.244+0000] {logging_mixin.py:190} INFO - [2025-03-27T12:12:34.243+0000] {dag.py:4180} INFO - Setting next_dagrun for example_task_group to None, run_after=None
[2025-03-27T12:12:34.296+0000] {processor.py:208} INFO - Processing /home/airflow/.local/lib/python3.12/site-packages/airflow/example_dags/example_task_group.py took 0.159 seconds
[2025-03-27T12:13:04.791+0000] {processor.py:186} INFO - Started process (PID=54057) to work on /home/airflow/.local/lib/python3.12/site-packages/airflow/example_dags/example_task_group.py
[2025-03-27T12:13:04.793+0000] {processor.py:914} INFO - Processing file /home/airflow/.local/lib/python3.12/site-packages/airflow/example_dags/example_task_group.py for tasks to queue
[2025-03-27T12:13:04.796+0000] {logging_mixin.py:190} INFO - [2025-03-27T12:13:04.795+0000] {dagbag.py:588} INFO - Filling up the DagBag from /home/airflow/.local/lib/python3.12/site-packages/airflow/example_dags/example_task_group.py
[2025-03-27T12:13:04.816+0000] {processor.py:925} INFO - DAG(s) 'example_task_group' retrieved from /home/airflow/.local/lib/python3.12/site-packages/airflow/example_dags/example_task_group.py
[2025-03-27T12:13:04.858+0000] {logging_mixin.py:190} INFO - [2025-03-27T12:13:04.857+0000] {dag.py:3239} INFO - Sync 1 DAGs
[2025-03-27T12:13:04.887+0000] {logging_mixin.py:190} INFO - [2025-03-27T12:13:04.887+0000] {dag.py:4180} INFO - Setting next_dagrun for example_task_group to None, run_after=None
[2025-03-27T12:13:04.928+0000] {processor.py:208} INFO - Processing /home/airflow/.local/lib/python3.12/site-packages/airflow/example_dags/example_task_group.py took 0.149 seconds
[2025-03-27T12:13:35.213+0000] {processor.py:186} INFO - Started process (PID=54121) to work on /home/airflow/.local/lib/python3.12/site-packages/airflow/example_dags/example_task_group.py
[2025-03-27T12:13:35.214+0000] {processor.py:914} INFO - Processing file /home/airflow/.local/lib/python3.12/site-packages/airflow/example_dags/example_task_group.py for tasks to queue
[2025-03-27T12:13:35.217+0000] {logging_mixin.py:190} INFO - [2025-03-27T12:13:35.217+0000] {dagbag.py:588} INFO - Filling up the DagBag from /home/airflow/.local/lib/python3.12/site-packages/airflow/example_dags/example_task_group.py
[2025-03-27T12:13:35.236+0000] {processor.py:925} INFO - DAG(s) 'example_task_group' retrieved from /home/airflow/.local/lib/python3.12/site-packages/airflow/example_dags/example_task_group.py
[2025-03-27T12:13:35.282+0000] {logging_mixin.py:190} INFO - [2025-03-27T12:13:35.281+0000] {dag.py:3239} INFO - Sync 1 DAGs
[2025-03-27T12:13:35.316+0000] {logging_mixin.py:190} INFO - [2025-03-27T12:13:35.316+0000] {dag.py:4180} INFO - Setting next_dagrun for example_task_group to None, run_after=None
[2025-03-27T12:13:35.363+0000] {processor.py:208} INFO - Processing /home/airflow/.local/lib/python3.12/site-packages/airflow/example_dags/example_task_group.py took 0.162 seconds
[2025-03-27T12:14:05.772+0000] {processor.py:186} INFO - Started process (PID=54186) to work on /home/airflow/.local/lib/python3.12/site-packages/airflow/example_dags/example_task_group.py
[2025-03-27T12:14:05.774+0000] {processor.py:914} INFO - Processing file /home/airflow/.local/lib/python3.12/site-packages/airflow/example_dags/example_task_group.py for tasks to queue
[2025-03-27T12:14:05.776+0000] {logging_mixin.py:190} INFO - [2025-03-27T12:14:05.776+0000] {dagbag.py:588} INFO - Filling up the DagBag from /home/airflow/.local/lib/python3.12/site-packages/airflow/example_dags/example_task_group.py
[2025-03-27T12:14:05.796+0000] {processor.py:925} INFO - DAG(s) 'example_task_group' retrieved from /home/airflow/.local/lib/python3.12/site-packages/airflow/example_dags/example_task_group.py
[2025-03-27T12:14:05.840+0000] {logging_mixin.py:190} INFO - [2025-03-27T12:14:05.840+0000] {dag.py:3239} INFO - Sync 1 DAGs
[2025-03-27T12:14:05.878+0000] {logging_mixin.py:190} INFO - [2025-03-27T12:14:05.877+0000] {dag.py:4180} INFO - Setting next_dagrun for example_task_group to None, run_after=None
[2025-03-27T12:14:05.921+0000] {processor.py:208} INFO - Processing /home/airflow/.local/lib/python3.12/site-packages/airflow/example_dags/example_task_group.py took 0.159 seconds
[2025-03-27T12:14:36.950+0000] {processor.py:186} INFO - Started process (PID=54251) to work on /home/airflow/.local/lib/python3.12/site-packages/airflow/example_dags/example_task_group.py
[2025-03-27T12:14:36.952+0000] {processor.py:914} INFO - Processing file /home/airflow/.local/lib/python3.12/site-packages/airflow/example_dags/example_task_group.py for tasks to queue
[2025-03-27T12:14:36.955+0000] {logging_mixin.py:190} INFO - [2025-03-27T12:14:36.954+0000] {dagbag.py:588} INFO - Filling up the DagBag from /home/airflow/.local/lib/python3.12/site-packages/airflow/example_dags/example_task_group.py
[2025-03-27T12:14:36.970+0000] {processor.py:925} INFO - DAG(s) 'example_task_group' retrieved from /home/airflow/.local/lib/python3.12/site-packages/airflow/example_dags/example_task_group.py
[2025-03-27T12:14:37.019+0000] {logging_mixin.py:190} INFO - [2025-03-27T12:14:37.019+0000] {dag.py:3239} INFO - Sync 1 DAGs
[2025-03-27T12:14:37.059+0000] {logging_mixin.py:190} INFO - [2025-03-27T12:14:37.059+0000] {dag.py:4180} INFO - Setting next_dagrun for example_task_group to None, run_after=None
[2025-03-27T12:14:37.106+0000] {processor.py:208} INFO - Processing /home/airflow/.local/lib/python3.12/site-packages/airflow/example_dags/example_task_group.py took 0.167 seconds
[2025-03-27T12:15:07.697+0000] {processor.py:186} INFO - Started process (PID=54316) to work on /home/airflow/.local/lib/python3.12/site-packages/airflow/example_dags/example_task_group.py
[2025-03-27T12:15:07.699+0000] {processor.py:914} INFO - Processing file /home/airflow/.local/lib/python3.12/site-packages/airflow/example_dags/example_task_group.py for tasks to queue
[2025-03-27T12:15:07.702+0000] {logging_mixin.py:190} INFO - [2025-03-27T12:15:07.701+0000] {dagbag.py:588} INFO - Filling up the DagBag from /home/airflow/.local/lib/python3.12/site-packages/airflow/example_dags/example_task_group.py
[2025-03-27T12:15:07.719+0000] {processor.py:925} INFO - DAG(s) 'example_task_group' retrieved from /home/airflow/.local/lib/python3.12/site-packages/airflow/example_dags/example_task_group.py
[2025-03-27T12:15:07.767+0000] {logging_mixin.py:190} INFO - [2025-03-27T12:15:07.766+0000] {dag.py:3239} INFO - Sync 1 DAGs
[2025-03-27T12:15:07.794+0000] {logging_mixin.py:190} INFO - [2025-03-27T12:15:07.793+0000] {dag.py:4180} INFO - Setting next_dagrun for example_task_group to None, run_after=None
[2025-03-27T12:15:07.838+0000] {processor.py:208} INFO - Processing /home/airflow/.local/lib/python3.12/site-packages/airflow/example_dags/example_task_group.py took 0.149 seconds
[2025-03-27T12:15:38.030+0000] {processor.py:186} INFO - Started process (PID=54382) to work on /home/airflow/.local/lib/python3.12/site-packages/airflow/example_dags/example_task_group.py
[2025-03-27T12:15:38.033+0000] {processor.py:914} INFO - Processing file /home/airflow/.local/lib/python3.12/site-packages/airflow/example_dags/example_task_group.py for tasks to queue
[2025-03-27T12:15:38.037+0000] {logging_mixin.py:190} INFO - [2025-03-27T12:15:38.036+0000] {dagbag.py:588} INFO - Filling up the DagBag from /home/airflow/.local/lib/python3.12/site-packages/airflow/example_dags/example_task_group.py
[2025-03-27T12:15:38.070+0000] {processor.py:925} INFO - DAG(s) 'example_task_group' retrieved from /home/airflow/.local/lib/python3.12/site-packages/airflow/example_dags/example_task_group.py
[2025-03-27T12:15:38.140+0000] {logging_mixin.py:190} INFO - [2025-03-27T12:15:38.139+0000] {dag.py:3239} INFO - Sync 1 DAGs
[2025-03-27T12:15:38.180+0000] {logging_mixin.py:190} INFO - [2025-03-27T12:15:38.180+0000] {dag.py:4180} INFO - Setting next_dagrun for example_task_group to None, run_after=None
[2025-03-27T12:15:38.236+0000] {processor.py:208} INFO - Processing /home/airflow/.local/lib/python3.12/site-packages/airflow/example_dags/example_task_group.py took 0.226 seconds
[2025-03-27T12:16:08.597+0000] {processor.py:186} INFO - Started process (PID=54447) to work on /home/airflow/.local/lib/python3.12/site-packages/airflow/example_dags/example_task_group.py
[2025-03-27T12:16:08.599+0000] {processor.py:914} INFO - Processing file /home/airflow/.local/lib/python3.12/site-packages/airflow/example_dags/example_task_group.py for tasks to queue
[2025-03-27T12:16:08.601+0000] {logging_mixin.py:190} INFO - [2025-03-27T12:16:08.601+0000] {dagbag.py:588} INFO - Filling up the DagBag from /home/airflow/.local/lib/python3.12/site-packages/airflow/example_dags/example_task_group.py
[2025-03-27T12:16:08.617+0000] {processor.py:925} INFO - DAG(s) 'example_task_group' retrieved from /home/airflow/.local/lib/python3.12/site-packages/airflow/example_dags/example_task_group.py
[2025-03-27T12:16:08.663+0000] {logging_mixin.py:190} INFO - [2025-03-27T12:16:08.662+0000] {dag.py:3239} INFO - Sync 1 DAGs
[2025-03-27T12:16:08.696+0000] {logging_mixin.py:190} INFO - [2025-03-27T12:16:08.696+0000] {dag.py:4180} INFO - Setting next_dagrun for example_task_group to None, run_after=None
[2025-03-27T12:16:08.750+0000] {processor.py:208} INFO - Processing /home/airflow/.local/lib/python3.12/site-packages/airflow/example_dags/example_task_group.py took 0.163 seconds
[2025-03-27T12:16:39.430+0000] {processor.py:186} INFO - Started process (PID=54512) to work on /home/airflow/.local/lib/python3.12/site-packages/airflow/example_dags/example_task_group.py
[2025-03-27T12:16:39.433+0000] {processor.py:914} INFO - Processing file /home/airflow/.local/lib/python3.12/site-packages/airflow/example_dags/example_task_group.py for tasks to queue
[2025-03-27T12:16:39.437+0000] {logging_mixin.py:190} INFO - [2025-03-27T12:16:39.436+0000] {dagbag.py:588} INFO - Filling up the DagBag from /home/airflow/.local/lib/python3.12/site-packages/airflow/example_dags/example_task_group.py
[2025-03-27T12:16:39.467+0000] {processor.py:925} INFO - DAG(s) 'example_task_group' retrieved from /home/airflow/.local/lib/python3.12/site-packages/airflow/example_dags/example_task_group.py
[2025-03-27T12:16:39.523+0000] {logging_mixin.py:190} INFO - [2025-03-27T12:16:39.522+0000] {dag.py:3239} INFO - Sync 1 DAGs
[2025-03-27T12:16:39.567+0000] {logging_mixin.py:190} INFO - [2025-03-27T12:16:39.567+0000] {dag.py:4180} INFO - Setting next_dagrun for example_task_group to None, run_after=None
[2025-03-27T12:16:39.632+0000] {processor.py:208} INFO - Processing /home/airflow/.local/lib/python3.12/site-packages/airflow/example_dags/example_task_group.py took 0.216 seconds
[2025-03-27T12:17:09.907+0000] {processor.py:186} INFO - Started process (PID=54577) to work on /home/airflow/.local/lib/python3.12/site-packages/airflow/example_dags/example_task_group.py
[2025-03-27T12:17:09.909+0000] {processor.py:914} INFO - Processing file /home/airflow/.local/lib/python3.12/site-packages/airflow/example_dags/example_task_group.py for tasks to queue
[2025-03-27T12:17:09.912+0000] {logging_mixin.py:190} INFO - [2025-03-27T12:17:09.911+0000] {dagbag.py:588} INFO - Filling up the DagBag from /home/airflow/.local/lib/python3.12/site-packages/airflow/example_dags/example_task_group.py
[2025-03-27T12:17:09.929+0000] {processor.py:925} INFO - DAG(s) 'example_task_group' retrieved from /home/airflow/.local/lib/python3.12/site-packages/airflow/example_dags/example_task_group.py
[2025-03-27T12:17:09.971+0000] {logging_mixin.py:190} INFO - [2025-03-27T12:17:09.971+0000] {dag.py:3239} INFO - Sync 1 DAGs
[2025-03-27T12:17:10.007+0000] {logging_mixin.py:190} INFO - [2025-03-27T12:17:10.007+0000] {dag.py:4180} INFO - Setting next_dagrun for example_task_group to None, run_after=None
[2025-03-27T12:17:10.062+0000] {processor.py:208} INFO - Processing /home/airflow/.local/lib/python3.12/site-packages/airflow/example_dags/example_task_group.py took 0.164 seconds
[2025-03-27T12:17:40.804+0000] {processor.py:186} INFO - Started process (PID=54641) to work on /home/airflow/.local/lib/python3.12/site-packages/airflow/example_dags/example_task_group.py
[2025-03-27T12:17:40.805+0000] {processor.py:914} INFO - Processing file /home/airflow/.local/lib/python3.12/site-packages/airflow/example_dags/example_task_group.py for tasks to queue
[2025-03-27T12:17:40.809+0000] {logging_mixin.py:190} INFO - [2025-03-27T12:17:40.808+0000] {dagbag.py:588} INFO - Filling up the DagBag from /home/airflow/.local/lib/python3.12/site-packages/airflow/example_dags/example_task_group.py
[2025-03-27T12:17:40.827+0000] {processor.py:925} INFO - DAG(s) 'example_task_group' retrieved from /home/airflow/.local/lib/python3.12/site-packages/airflow/example_dags/example_task_group.py
[2025-03-27T12:17:40.881+0000] {logging_mixin.py:190} INFO - [2025-03-27T12:17:40.880+0000] {dag.py:3239} INFO - Sync 1 DAGs
[2025-03-27T12:17:40.933+0000] {logging_mixin.py:190} INFO - [2025-03-27T12:17:40.933+0000] {dag.py:4180} INFO - Setting next_dagrun for example_task_group to None, run_after=None
[2025-03-27T12:17:40.984+0000] {processor.py:208} INFO - Processing /home/airflow/.local/lib/python3.12/site-packages/airflow/example_dags/example_task_group.py took 0.191 seconds
[2025-03-27T12:18:11.942+0000] {processor.py:186} INFO - Started process (PID=54706) to work on /home/airflow/.local/lib/python3.12/site-packages/airflow/example_dags/example_task_group.py
[2025-03-27T12:18:11.943+0000] {processor.py:914} INFO - Processing file /home/airflow/.local/lib/python3.12/site-packages/airflow/example_dags/example_task_group.py for tasks to queue
[2025-03-27T12:18:11.946+0000] {logging_mixin.py:190} INFO - [2025-03-27T12:18:11.945+0000] {dagbag.py:588} INFO - Filling up the DagBag from /home/airflow/.local/lib/python3.12/site-packages/airflow/example_dags/example_task_group.py
[2025-03-27T12:18:11.960+0000] {processor.py:925} INFO - DAG(s) 'example_task_group' retrieved from /home/airflow/.local/lib/python3.12/site-packages/airflow/example_dags/example_task_group.py
[2025-03-27T12:18:12.000+0000] {logging_mixin.py:190} INFO - [2025-03-27T12:18:12.000+0000] {dag.py:3239} INFO - Sync 1 DAGs
[2025-03-27T12:18:12.025+0000] {logging_mixin.py:190} INFO - [2025-03-27T12:18:12.024+0000] {dag.py:4180} INFO - Setting next_dagrun for example_task_group to None, run_after=None
[2025-03-27T12:18:12.074+0000] {processor.py:208} INFO - Processing /home/airflow/.local/lib/python3.12/site-packages/airflow/example_dags/example_task_group.py took 0.144 seconds
[2025-03-27T12:18:42.182+0000] {processor.py:186} INFO - Started process (PID=54771) to work on /home/airflow/.local/lib/python3.12/site-packages/airflow/example_dags/example_task_group.py
[2025-03-27T12:18:42.185+0000] {processor.py:914} INFO - Processing file /home/airflow/.local/lib/python3.12/site-packages/airflow/example_dags/example_task_group.py for tasks to queue
[2025-03-27T12:18:42.187+0000] {logging_mixin.py:190} INFO - [2025-03-27T12:18:42.187+0000] {dagbag.py:588} INFO - Filling up the DagBag from /home/airflow/.local/lib/python3.12/site-packages/airflow/example_dags/example_task_group.py
[2025-03-27T12:18:42.204+0000] {processor.py:925} INFO - DAG(s) 'example_task_group' retrieved from /home/airflow/.local/lib/python3.12/site-packages/airflow/example_dags/example_task_group.py
[2025-03-27T12:18:42.255+0000] {logging_mixin.py:190} INFO - [2025-03-27T12:18:42.254+0000] {dag.py:3239} INFO - Sync 1 DAGs
[2025-03-27T12:18:42.288+0000] {logging_mixin.py:190} INFO - [2025-03-27T12:18:42.287+0000] {dag.py:4180} INFO - Setting next_dagrun for example_task_group to None, run_after=None
[2025-03-27T12:18:42.324+0000] {processor.py:208} INFO - Processing /home/airflow/.local/lib/python3.12/site-packages/airflow/example_dags/example_task_group.py took 0.153 seconds
[2025-03-27T12:19:13.245+0000] {processor.py:186} INFO - Started process (PID=54837) to work on /home/airflow/.local/lib/python3.12/site-packages/airflow/example_dags/example_task_group.py
[2025-03-27T12:19:13.247+0000] {processor.py:914} INFO - Processing file /home/airflow/.local/lib/python3.12/site-packages/airflow/example_dags/example_task_group.py for tasks to queue
[2025-03-27T12:19:13.251+0000] {logging_mixin.py:190} INFO - [2025-03-27T12:19:13.249+0000] {dagbag.py:588} INFO - Filling up the DagBag from /home/airflow/.local/lib/python3.12/site-packages/airflow/example_dags/example_task_group.py
[2025-03-27T12:19:13.284+0000] {processor.py:925} INFO - DAG(s) 'example_task_group' retrieved from /home/airflow/.local/lib/python3.12/site-packages/airflow/example_dags/example_task_group.py
[2025-03-27T12:19:13.326+0000] {logging_mixin.py:190} INFO - [2025-03-27T12:19:13.325+0000] {dag.py:3239} INFO - Sync 1 DAGs
[2025-03-27T12:19:13.353+0000] {logging_mixin.py:190} INFO - [2025-03-27T12:19:13.353+0000] {dag.py:4180} INFO - Setting next_dagrun for example_task_group to None, run_after=None
[2025-03-27T12:19:13.404+0000] {processor.py:208} INFO - Processing /home/airflow/.local/lib/python3.12/site-packages/airflow/example_dags/example_task_group.py took 0.169 seconds
[2025-03-27T12:19:43.621+0000] {processor.py:186} INFO - Started process (PID=54902) to work on /home/airflow/.local/lib/python3.12/site-packages/airflow/example_dags/example_task_group.py
[2025-03-27T12:19:43.623+0000] {processor.py:914} INFO - Processing file /home/airflow/.local/lib/python3.12/site-packages/airflow/example_dags/example_task_group.py for tasks to queue
[2025-03-27T12:19:43.625+0000] {logging_mixin.py:190} INFO - [2025-03-27T12:19:43.625+0000] {dagbag.py:588} INFO - Filling up the DagBag from /home/airflow/.local/lib/python3.12/site-packages/airflow/example_dags/example_task_group.py
[2025-03-27T12:19:43.641+0000] {processor.py:925} INFO - DAG(s) 'example_task_group' retrieved from /home/airflow/.local/lib/python3.12/site-packages/airflow/example_dags/example_task_group.py
[2025-03-27T12:19:43.683+0000] {logging_mixin.py:190} INFO - [2025-03-27T12:19:43.682+0000] {dag.py:3239} INFO - Sync 1 DAGs
[2025-03-27T12:19:43.717+0000] {logging_mixin.py:190} INFO - [2025-03-27T12:19:43.716+0000] {dag.py:4180} INFO - Setting next_dagrun for example_task_group to None, run_after=None
[2025-03-27T12:19:43.773+0000] {processor.py:208} INFO - Processing /home/airflow/.local/lib/python3.12/site-packages/airflow/example_dags/example_task_group.py took 0.162 seconds
[2025-03-27T12:20:13.916+0000] {processor.py:186} INFO - Started process (PID=54966) to work on /home/airflow/.local/lib/python3.12/site-packages/airflow/example_dags/example_task_group.py
[2025-03-27T12:20:13.919+0000] {processor.py:914} INFO - Processing file /home/airflow/.local/lib/python3.12/site-packages/airflow/example_dags/example_task_group.py for tasks to queue
[2025-03-27T12:20:13.922+0000] {logging_mixin.py:190} INFO - [2025-03-27T12:20:13.921+0000] {dagbag.py:588} INFO - Filling up the DagBag from /home/airflow/.local/lib/python3.12/site-packages/airflow/example_dags/example_task_group.py
[2025-03-27T12:20:13.938+0000] {processor.py:925} INFO - DAG(s) 'example_task_group' retrieved from /home/airflow/.local/lib/python3.12/site-packages/airflow/example_dags/example_task_group.py
[2025-03-27T12:20:13.982+0000] {logging_mixin.py:190} INFO - [2025-03-27T12:20:13.982+0000] {dag.py:3239} INFO - Sync 1 DAGs
[2025-03-27T12:20:14.014+0000] {logging_mixin.py:190} INFO - [2025-03-27T12:20:14.014+0000] {dag.py:4180} INFO - Setting next_dagrun for example_task_group to None, run_after=None
[2025-03-27T12:20:14.052+0000] {processor.py:208} INFO - Processing /home/airflow/.local/lib/python3.12/site-packages/airflow/example_dags/example_task_group.py took 0.145 seconds
[2025-03-27T12:20:44.346+0000] {processor.py:186} INFO - Started process (PID=55031) to work on /home/airflow/.local/lib/python3.12/site-packages/airflow/example_dags/example_task_group.py
[2025-03-27T12:20:44.348+0000] {processor.py:914} INFO - Processing file /home/airflow/.local/lib/python3.12/site-packages/airflow/example_dags/example_task_group.py for tasks to queue
[2025-03-27T12:20:44.352+0000] {logging_mixin.py:190} INFO - [2025-03-27T12:20:44.351+0000] {dagbag.py:588} INFO - Filling up the DagBag from /home/airflow/.local/lib/python3.12/site-packages/airflow/example_dags/example_task_group.py
[2025-03-27T12:20:44.373+0000] {processor.py:925} INFO - DAG(s) 'example_task_group' retrieved from /home/airflow/.local/lib/python3.12/site-packages/airflow/example_dags/example_task_group.py
[2025-03-27T12:20:44.416+0000] {logging_mixin.py:190} INFO - [2025-03-27T12:20:44.416+0000] {dag.py:3239} INFO - Sync 1 DAGs
[2025-03-27T12:20:44.442+0000] {logging_mixin.py:190} INFO - [2025-03-27T12:20:44.442+0000] {dag.py:4180} INFO - Setting next_dagrun for example_task_group to None, run_after=None
[2025-03-27T12:20:44.478+0000] {processor.py:208} INFO - Processing /home/airflow/.local/lib/python3.12/site-packages/airflow/example_dags/example_task_group.py took 0.143 seconds
[2025-03-27T12:21:14.686+0000] {processor.py:186} INFO - Started process (PID=55096) to work on /home/airflow/.local/lib/python3.12/site-packages/airflow/example_dags/example_task_group.py
[2025-03-27T12:21:14.688+0000] {processor.py:914} INFO - Processing file /home/airflow/.local/lib/python3.12/site-packages/airflow/example_dags/example_task_group.py for tasks to queue
[2025-03-27T12:21:14.691+0000] {logging_mixin.py:190} INFO - [2025-03-27T12:21:14.690+0000] {dagbag.py:588} INFO - Filling up the DagBag from /home/airflow/.local/lib/python3.12/site-packages/airflow/example_dags/example_task_group.py
[2025-03-27T12:21:14.709+0000] {processor.py:925} INFO - DAG(s) 'example_task_group' retrieved from /home/airflow/.local/lib/python3.12/site-packages/airflow/example_dags/example_task_group.py
[2025-03-27T12:21:14.747+0000] {logging_mixin.py:190} INFO - [2025-03-27T12:21:14.747+0000] {dag.py:3239} INFO - Sync 1 DAGs
[2025-03-27T12:21:14.780+0000] {logging_mixin.py:190} INFO - [2025-03-27T12:21:14.779+0000] {dag.py:4180} INFO - Setting next_dagrun for example_task_group to None, run_after=None
[2025-03-27T12:21:14.818+0000] {processor.py:208} INFO - Processing /home/airflow/.local/lib/python3.12/site-packages/airflow/example_dags/example_task_group.py took 0.141 seconds
[2025-03-27T12:21:45.439+0000] {processor.py:186} INFO - Started process (PID=55162) to work on /home/airflow/.local/lib/python3.12/site-packages/airflow/example_dags/example_task_group.py
[2025-03-27T12:21:45.441+0000] {processor.py:914} INFO - Processing file /home/airflow/.local/lib/python3.12/site-packages/airflow/example_dags/example_task_group.py for tasks to queue
[2025-03-27T12:21:45.444+0000] {logging_mixin.py:190} INFO - [2025-03-27T12:21:45.443+0000] {dagbag.py:588} INFO - Filling up the DagBag from /home/airflow/.local/lib/python3.12/site-packages/airflow/example_dags/example_task_group.py
[2025-03-27T12:21:45.464+0000] {processor.py:925} INFO - DAG(s) 'example_task_group' retrieved from /home/airflow/.local/lib/python3.12/site-packages/airflow/example_dags/example_task_group.py
[2025-03-27T12:21:45.505+0000] {logging_mixin.py:190} INFO - [2025-03-27T12:21:45.505+0000] {dag.py:3239} INFO - Sync 1 DAGs
[2025-03-27T12:21:45.537+0000] {logging_mixin.py:190} INFO - [2025-03-27T12:21:45.536+0000] {dag.py:4180} INFO - Setting next_dagrun for example_task_group to None, run_after=None
[2025-03-27T12:21:45.572+0000] {processor.py:208} INFO - Processing /home/airflow/.local/lib/python3.12/site-packages/airflow/example_dags/example_task_group.py took 0.145 seconds
[2025-03-27T12:22:15.838+0000] {processor.py:186} INFO - Started process (PID=55227) to work on /home/airflow/.local/lib/python3.12/site-packages/airflow/example_dags/example_task_group.py
[2025-03-27T12:22:15.839+0000] {processor.py:914} INFO - Processing file /home/airflow/.local/lib/python3.12/site-packages/airflow/example_dags/example_task_group.py for tasks to queue
[2025-03-27T12:22:15.841+0000] {logging_mixin.py:190} INFO - [2025-03-27T12:22:15.841+0000] {dagbag.py:588} INFO - Filling up the DagBag from /home/airflow/.local/lib/python3.12/site-packages/airflow/example_dags/example_task_group.py
[2025-03-27T12:22:15.857+0000] {processor.py:925} INFO - DAG(s) 'example_task_group' retrieved from /home/airflow/.local/lib/python3.12/site-packages/airflow/example_dags/example_task_group.py
[2025-03-27T12:22:15.897+0000] {logging_mixin.py:190} INFO - [2025-03-27T12:22:15.896+0000] {dag.py:3239} INFO - Sync 1 DAGs
[2025-03-27T12:22:15.930+0000] {logging_mixin.py:190} INFO - [2025-03-27T12:22:15.930+0000] {dag.py:4180} INFO - Setting next_dagrun for example_task_group to None, run_after=None
[2025-03-27T12:22:15.979+0000] {processor.py:208} INFO - Processing /home/airflow/.local/lib/python3.12/site-packages/airflow/example_dags/example_task_group.py took 0.152 seconds
[2025-03-27T12:22:46.333+0000] {processor.py:186} INFO - Started process (PID=55290) to work on /home/airflow/.local/lib/python3.12/site-packages/airflow/example_dags/example_task_group.py
[2025-03-27T12:22:46.334+0000] {processor.py:914} INFO - Processing file /home/airflow/.local/lib/python3.12/site-packages/airflow/example_dags/example_task_group.py for tasks to queue
[2025-03-27T12:22:46.337+0000] {logging_mixin.py:190} INFO - [2025-03-27T12:22:46.336+0000] {dagbag.py:588} INFO - Filling up the DagBag from /home/airflow/.local/lib/python3.12/site-packages/airflow/example_dags/example_task_group.py
[2025-03-27T12:22:46.352+0000] {processor.py:925} INFO - DAG(s) 'example_task_group' retrieved from /home/airflow/.local/lib/python3.12/site-packages/airflow/example_dags/example_task_group.py
[2025-03-27T12:22:46.390+0000] {logging_mixin.py:190} INFO - [2025-03-27T12:22:46.390+0000] {dag.py:3239} INFO - Sync 1 DAGs
[2025-03-27T12:22:46.417+0000] {logging_mixin.py:190} INFO - [2025-03-27T12:22:46.416+0000] {dag.py:4180} INFO - Setting next_dagrun for example_task_group to None, run_after=None
[2025-03-27T12:22:46.452+0000] {processor.py:208} INFO - Processing /home/airflow/.local/lib/python3.12/site-packages/airflow/example_dags/example_task_group.py took 0.128 seconds
[2025-03-27T12:23:16.991+0000] {processor.py:186} INFO - Started process (PID=55355) to work on /home/airflow/.local/lib/python3.12/site-packages/airflow/example_dags/example_task_group.py
[2025-03-27T12:23:16.993+0000] {processor.py:914} INFO - Processing file /home/airflow/.local/lib/python3.12/site-packages/airflow/example_dags/example_task_group.py for tasks to queue
[2025-03-27T12:23:16.995+0000] {logging_mixin.py:190} INFO - [2025-03-27T12:23:16.995+0000] {dagbag.py:588} INFO - Filling up the DagBag from /home/airflow/.local/lib/python3.12/site-packages/airflow/example_dags/example_task_group.py
[2025-03-27T12:23:17.013+0000] {processor.py:925} INFO - DAG(s) 'example_task_group' retrieved from /home/airflow/.local/lib/python3.12/site-packages/airflow/example_dags/example_task_group.py
[2025-03-27T12:23:17.056+0000] {logging_mixin.py:190} INFO - [2025-03-27T12:23:17.056+0000] {dag.py:3239} INFO - Sync 1 DAGs
[2025-03-27T12:23:17.085+0000] {logging_mixin.py:190} INFO - [2025-03-27T12:23:17.085+0000] {dag.py:4180} INFO - Setting next_dagrun for example_task_group to None, run_after=None
[2025-03-27T12:23:17.138+0000] {processor.py:208} INFO - Processing /home/airflow/.local/lib/python3.12/site-packages/airflow/example_dags/example_task_group.py took 0.158 seconds
[2025-03-27T12:23:47.527+0000] {processor.py:186} INFO - Started process (PID=55419) to work on /home/airflow/.local/lib/python3.12/site-packages/airflow/example_dags/example_task_group.py
[2025-03-27T12:23:47.530+0000] {processor.py:914} INFO - Processing file /home/airflow/.local/lib/python3.12/site-packages/airflow/example_dags/example_task_group.py for tasks to queue
[2025-03-27T12:23:47.533+0000] {logging_mixin.py:190} INFO - [2025-03-27T12:23:47.532+0000] {dagbag.py:588} INFO - Filling up the DagBag from /home/airflow/.local/lib/python3.12/site-packages/airflow/example_dags/example_task_group.py
[2025-03-27T12:23:47.555+0000] {processor.py:925} INFO - DAG(s) 'example_task_group' retrieved from /home/airflow/.local/lib/python3.12/site-packages/airflow/example_dags/example_task_group.py
[2025-03-27T12:23:47.610+0000] {logging_mixin.py:190} INFO - [2025-03-27T12:23:47.610+0000] {dag.py:3239} INFO - Sync 1 DAGs
[2025-03-27T12:23:47.640+0000] {logging_mixin.py:190} INFO - [2025-03-27T12:23:47.639+0000] {dag.py:4180} INFO - Setting next_dagrun for example_task_group to None, run_after=None
[2025-03-27T12:23:47.681+0000] {processor.py:208} INFO - Processing /home/airflow/.local/lib/python3.12/site-packages/airflow/example_dags/example_task_group.py took 0.167 seconds
[2025-03-27T12:24:18.293+0000] {processor.py:186} INFO - Started process (PID=55484) to work on /home/airflow/.local/lib/python3.12/site-packages/airflow/example_dags/example_task_group.py
[2025-03-27T12:24:18.295+0000] {processor.py:914} INFO - Processing file /home/airflow/.local/lib/python3.12/site-packages/airflow/example_dags/example_task_group.py for tasks to queue
[2025-03-27T12:24:18.297+0000] {logging_mixin.py:190} INFO - [2025-03-27T12:24:18.296+0000] {dagbag.py:588} INFO - Filling up the DagBag from /home/airflow/.local/lib/python3.12/site-packages/airflow/example_dags/example_task_group.py
[2025-03-27T12:24:18.314+0000] {processor.py:925} INFO - DAG(s) 'example_task_group' retrieved from /home/airflow/.local/lib/python3.12/site-packages/airflow/example_dags/example_task_group.py
[2025-03-27T12:24:18.351+0000] {logging_mixin.py:190} INFO - [2025-03-27T12:24:18.351+0000] {dag.py:3239} INFO - Sync 1 DAGs
[2025-03-27T12:24:18.379+0000] {logging_mixin.py:190} INFO - [2025-03-27T12:24:18.378+0000] {dag.py:4180} INFO - Setting next_dagrun for example_task_group to None, run_after=None
[2025-03-27T12:24:18.424+0000] {processor.py:208} INFO - Processing /home/airflow/.local/lib/python3.12/site-packages/airflow/example_dags/example_task_group.py took 0.142 seconds
[2025-03-27T12:24:49.377+0000] {processor.py:186} INFO - Started process (PID=55549) to work on /home/airflow/.local/lib/python3.12/site-packages/airflow/example_dags/example_task_group.py
[2025-03-27T12:24:49.379+0000] {processor.py:914} INFO - Processing file /home/airflow/.local/lib/python3.12/site-packages/airflow/example_dags/example_task_group.py for tasks to queue
[2025-03-27T12:24:49.382+0000] {logging_mixin.py:190} INFO - [2025-03-27T12:24:49.381+0000] {dagbag.py:588} INFO - Filling up the DagBag from /home/airflow/.local/lib/python3.12/site-packages/airflow/example_dags/example_task_group.py
[2025-03-27T12:24:49.401+0000] {processor.py:925} INFO - DAG(s) 'example_task_group' retrieved from /home/airflow/.local/lib/python3.12/site-packages/airflow/example_dags/example_task_group.py
[2025-03-27T12:24:49.443+0000] {logging_mixin.py:190} INFO - [2025-03-27T12:24:49.443+0000] {dag.py:3239} INFO - Sync 1 DAGs
[2025-03-27T12:24:49.481+0000] {logging_mixin.py:190} INFO - [2025-03-27T12:24:49.481+0000] {dag.py:4180} INFO - Setting next_dagrun for example_task_group to None, run_after=None
[2025-03-27T12:24:49.545+0000] {processor.py:208} INFO - Processing /home/airflow/.local/lib/python3.12/site-packages/airflow/example_dags/example_task_group.py took 0.177 seconds
[2025-03-27T12:25:20.016+0000] {processor.py:186} INFO - Started process (PID=55615) to work on /home/airflow/.local/lib/python3.12/site-packages/airflow/example_dags/example_task_group.py
[2025-03-27T12:25:20.018+0000] {processor.py:914} INFO - Processing file /home/airflow/.local/lib/python3.12/site-packages/airflow/example_dags/example_task_group.py for tasks to queue
[2025-03-27T12:25:20.022+0000] {logging_mixin.py:190} INFO - [2025-03-27T12:25:20.021+0000] {dagbag.py:588} INFO - Filling up the DagBag from /home/airflow/.local/lib/python3.12/site-packages/airflow/example_dags/example_task_group.py
[2025-03-27T12:25:20.042+0000] {processor.py:925} INFO - DAG(s) 'example_task_group' retrieved from /home/airflow/.local/lib/python3.12/site-packages/airflow/example_dags/example_task_group.py
[2025-03-27T12:25:20.087+0000] {logging_mixin.py:190} INFO - [2025-03-27T12:25:20.086+0000] {dag.py:3239} INFO - Sync 1 DAGs
[2025-03-27T12:25:20.119+0000] {logging_mixin.py:190} INFO - [2025-03-27T12:25:20.119+0000] {dag.py:4180} INFO - Setting next_dagrun for example_task_group to None, run_after=None
[2025-03-27T12:25:20.173+0000] {processor.py:208} INFO - Processing /home/airflow/.local/lib/python3.12/site-packages/airflow/example_dags/example_task_group.py took 0.168 seconds
[2025-03-27T12:25:50.994+0000] {processor.py:186} INFO - Started process (PID=55680) to work on /home/airflow/.local/lib/python3.12/site-packages/airflow/example_dags/example_task_group.py
[2025-03-27T12:25:50.996+0000] {processor.py:914} INFO - Processing file /home/airflow/.local/lib/python3.12/site-packages/airflow/example_dags/example_task_group.py for tasks to queue
[2025-03-27T12:25:51.000+0000] {logging_mixin.py:190} INFO - [2025-03-27T12:25:50.999+0000] {dagbag.py:588} INFO - Filling up the DagBag from /home/airflow/.local/lib/python3.12/site-packages/airflow/example_dags/example_task_group.py
[2025-03-27T12:25:51.018+0000] {processor.py:925} INFO - DAG(s) 'example_task_group' retrieved from /home/airflow/.local/lib/python3.12/site-packages/airflow/example_dags/example_task_group.py
[2025-03-27T12:25:51.073+0000] {logging_mixin.py:190} INFO - [2025-03-27T12:25:51.072+0000] {dag.py:3239} INFO - Sync 1 DAGs
[2025-03-27T12:25:51.110+0000] {logging_mixin.py:190} INFO - [2025-03-27T12:25:51.110+0000] {dag.py:4180} INFO - Setting next_dagrun for example_task_group to None, run_after=None
[2025-03-27T12:25:51.151+0000] {processor.py:208} INFO - Processing /home/airflow/.local/lib/python3.12/site-packages/airflow/example_dags/example_task_group.py took 0.168 seconds
[2025-03-27T12:26:21.915+0000] {processor.py:186} INFO - Started process (PID=55745) to work on /home/airflow/.local/lib/python3.12/site-packages/airflow/example_dags/example_task_group.py
[2025-03-27T12:26:21.917+0000] {processor.py:914} INFO - Processing file /home/airflow/.local/lib/python3.12/site-packages/airflow/example_dags/example_task_group.py for tasks to queue
[2025-03-27T12:26:21.919+0000] {logging_mixin.py:190} INFO - [2025-03-27T12:26:21.918+0000] {dagbag.py:588} INFO - Filling up the DagBag from /home/airflow/.local/lib/python3.12/site-packages/airflow/example_dags/example_task_group.py
[2025-03-27T12:26:21.936+0000] {processor.py:925} INFO - DAG(s) 'example_task_group' retrieved from /home/airflow/.local/lib/python3.12/site-packages/airflow/example_dags/example_task_group.py
[2025-03-27T12:26:21.985+0000] {logging_mixin.py:190} INFO - [2025-03-27T12:26:21.984+0000] {dag.py:3239} INFO - Sync 1 DAGs
[2025-03-27T12:26:22.018+0000] {logging_mixin.py:190} INFO - [2025-03-27T12:26:22.017+0000] {dag.py:4180} INFO - Setting next_dagrun for example_task_group to None, run_after=None
[2025-03-27T12:26:22.064+0000] {processor.py:208} INFO - Processing /home/airflow/.local/lib/python3.12/site-packages/airflow/example_dags/example_task_group.py took 0.159 seconds
[2025-03-27T12:26:52.811+0000] {processor.py:186} INFO - Started process (PID=55809) to work on /home/airflow/.local/lib/python3.12/site-packages/airflow/example_dags/example_task_group.py
[2025-03-27T12:26:52.813+0000] {processor.py:914} INFO - Processing file /home/airflow/.local/lib/python3.12/site-packages/airflow/example_dags/example_task_group.py for tasks to queue
[2025-03-27T12:26:52.815+0000] {logging_mixin.py:190} INFO - [2025-03-27T12:26:52.815+0000] {dagbag.py:588} INFO - Filling up the DagBag from /home/airflow/.local/lib/python3.12/site-packages/airflow/example_dags/example_task_group.py
[2025-03-27T12:26:52.831+0000] {processor.py:925} INFO - DAG(s) 'example_task_group' retrieved from /home/airflow/.local/lib/python3.12/site-packages/airflow/example_dags/example_task_group.py
[2025-03-27T12:26:52.868+0000] {logging_mixin.py:190} INFO - [2025-03-27T12:26:52.867+0000] {dag.py:3239} INFO - Sync 1 DAGs
[2025-03-27T12:26:52.892+0000] {logging_mixin.py:190} INFO - [2025-03-27T12:26:52.892+0000] {dag.py:4180} INFO - Setting next_dagrun for example_task_group to None, run_after=None
[2025-03-27T12:26:52.936+0000] {processor.py:208} INFO - Processing /home/airflow/.local/lib/python3.12/site-packages/airflow/example_dags/example_task_group.py took 0.134 seconds
[2025-03-27T12:27:23.539+0000] {processor.py:186} INFO - Started process (PID=55874) to work on /home/airflow/.local/lib/python3.12/site-packages/airflow/example_dags/example_task_group.py
[2025-03-27T12:27:23.541+0000] {processor.py:914} INFO - Processing file /home/airflow/.local/lib/python3.12/site-packages/airflow/example_dags/example_task_group.py for tasks to queue
[2025-03-27T12:27:23.543+0000] {logging_mixin.py:190} INFO - [2025-03-27T12:27:23.543+0000] {dagbag.py:588} INFO - Filling up the DagBag from /home/airflow/.local/lib/python3.12/site-packages/airflow/example_dags/example_task_group.py
[2025-03-27T12:27:23.559+0000] {processor.py:925} INFO - DAG(s) 'example_task_group' retrieved from /home/airflow/.local/lib/python3.12/site-packages/airflow/example_dags/example_task_group.py
[2025-03-27T12:27:23.602+0000] {logging_mixin.py:190} INFO - [2025-03-27T12:27:23.602+0000] {dag.py:3239} INFO - Sync 1 DAGs
[2025-03-27T12:27:23.633+0000] {logging_mixin.py:190} INFO - [2025-03-27T12:27:23.633+0000] {dag.py:4180} INFO - Setting next_dagrun for example_task_group to None, run_after=None
[2025-03-27T12:27:23.691+0000] {processor.py:208} INFO - Processing /home/airflow/.local/lib/python3.12/site-packages/airflow/example_dags/example_task_group.py took 0.163 seconds
[2025-03-27T12:27:54.043+0000] {processor.py:186} INFO - Started process (PID=55937) to work on /home/airflow/.local/lib/python3.12/site-packages/airflow/example_dags/example_task_group.py
[2025-03-27T12:27:54.045+0000] {processor.py:914} INFO - Processing file /home/airflow/.local/lib/python3.12/site-packages/airflow/example_dags/example_task_group.py for tasks to queue
[2025-03-27T12:27:54.049+0000] {logging_mixin.py:190} INFO - [2025-03-27T12:27:54.048+0000] {dagbag.py:588} INFO - Filling up the DagBag from /home/airflow/.local/lib/python3.12/site-packages/airflow/example_dags/example_task_group.py
[2025-03-27T12:27:54.064+0000] {processor.py:925} INFO - DAG(s) 'example_task_group' retrieved from /home/airflow/.local/lib/python3.12/site-packages/airflow/example_dags/example_task_group.py
[2025-03-27T12:27:54.104+0000] {logging_mixin.py:190} INFO - [2025-03-27T12:27:54.103+0000] {dag.py:3239} INFO - Sync 1 DAGs
[2025-03-27T12:27:54.133+0000] {logging_mixin.py:190} INFO - [2025-03-27T12:27:54.133+0000] {dag.py:4180} INFO - Setting next_dagrun for example_task_group to None, run_after=None
[2025-03-27T12:27:54.185+0000] {processor.py:208} INFO - Processing /home/airflow/.local/lib/python3.12/site-packages/airflow/example_dags/example_task_group.py took 0.150 seconds
[2025-03-27T12:28:24.648+0000] {processor.py:186} INFO - Started process (PID=56002) to work on /home/airflow/.local/lib/python3.12/site-packages/airflow/example_dags/example_task_group.py
[2025-03-27T12:28:24.650+0000] {processor.py:914} INFO - Processing file /home/airflow/.local/lib/python3.12/site-packages/airflow/example_dags/example_task_group.py for tasks to queue
[2025-03-27T12:28:24.652+0000] {logging_mixin.py:190} INFO - [2025-03-27T12:28:24.652+0000] {dagbag.py:588} INFO - Filling up the DagBag from /home/airflow/.local/lib/python3.12/site-packages/airflow/example_dags/example_task_group.py
[2025-03-27T12:28:24.668+0000] {processor.py:925} INFO - DAG(s) 'example_task_group' retrieved from /home/airflow/.local/lib/python3.12/site-packages/airflow/example_dags/example_task_group.py
[2025-03-27T12:28:24.706+0000] {logging_mixin.py:190} INFO - [2025-03-27T12:28:24.706+0000] {dag.py:3239} INFO - Sync 1 DAGs
[2025-03-27T12:28:24.733+0000] {logging_mixin.py:190} INFO - [2025-03-27T12:28:24.733+0000] {dag.py:4180} INFO - Setting next_dagrun for example_task_group to None, run_after=None
[2025-03-27T12:28:24.766+0000] {processor.py:208} INFO - Processing /home/airflow/.local/lib/python3.12/site-packages/airflow/example_dags/example_task_group.py took 0.129 seconds
[2025-03-27T12:28:55.674+0000] {processor.py:186} INFO - Started process (PID=56067) to work on /home/airflow/.local/lib/python3.12/site-packages/airflow/example_dags/example_task_group.py
[2025-03-27T12:28:55.676+0000] {processor.py:914} INFO - Processing file /home/airflow/.local/lib/python3.12/site-packages/airflow/example_dags/example_task_group.py for tasks to queue
[2025-03-27T12:28:55.678+0000] {logging_mixin.py:190} INFO - [2025-03-27T12:28:55.678+0000] {dagbag.py:588} INFO - Filling up the DagBag from /home/airflow/.local/lib/python3.12/site-packages/airflow/example_dags/example_task_group.py
[2025-03-27T12:28:55.698+0000] {processor.py:925} INFO - DAG(s) 'example_task_group' retrieved from /home/airflow/.local/lib/python3.12/site-packages/airflow/example_dags/example_task_group.py
[2025-03-27T12:28:55.736+0000] {logging_mixin.py:190} INFO - [2025-03-27T12:28:55.735+0000] {dag.py:3239} INFO - Sync 1 DAGs
[2025-03-27T12:28:55.766+0000] {logging_mixin.py:190} INFO - [2025-03-27T12:28:55.765+0000] {dag.py:4180} INFO - Setting next_dagrun for example_task_group to None, run_after=None
[2025-03-27T12:28:55.802+0000] {processor.py:208} INFO - Processing /home/airflow/.local/lib/python3.12/site-packages/airflow/example_dags/example_task_group.py took 0.137 seconds
[2025-03-27T12:29:26.003+0000] {processor.py:186} INFO - Started process (PID=56131) to work on /home/airflow/.local/lib/python3.12/site-packages/airflow/example_dags/example_task_group.py
[2025-03-27T12:29:26.005+0000] {processor.py:914} INFO - Processing file /home/airflow/.local/lib/python3.12/site-packages/airflow/example_dags/example_task_group.py for tasks to queue
[2025-03-27T12:29:26.008+0000] {logging_mixin.py:190} INFO - [2025-03-27T12:29:26.008+0000] {dagbag.py:588} INFO - Filling up the DagBag from /home/airflow/.local/lib/python3.12/site-packages/airflow/example_dags/example_task_group.py
[2025-03-27T12:29:26.029+0000] {processor.py:925} INFO - DAG(s) 'example_task_group' retrieved from /home/airflow/.local/lib/python3.12/site-packages/airflow/example_dags/example_task_group.py
[2025-03-27T12:29:26.077+0000] {logging_mixin.py:190} INFO - [2025-03-27T12:29:26.076+0000] {dag.py:3239} INFO - Sync 1 DAGs
[2025-03-27T12:29:26.112+0000] {logging_mixin.py:190} INFO - [2025-03-27T12:29:26.112+0000] {dag.py:4180} INFO - Setting next_dagrun for example_task_group to None, run_after=None
[2025-03-27T12:29:26.167+0000] {processor.py:208} INFO - Processing /home/airflow/.local/lib/python3.12/site-packages/airflow/example_dags/example_task_group.py took 0.180 seconds
[2025-03-27T12:29:56.809+0000] {processor.py:186} INFO - Started process (PID=56196) to work on /home/airflow/.local/lib/python3.12/site-packages/airflow/example_dags/example_task_group.py
[2025-03-27T12:29:56.810+0000] {processor.py:914} INFO - Processing file /home/airflow/.local/lib/python3.12/site-packages/airflow/example_dags/example_task_group.py for tasks to queue
[2025-03-27T12:29:56.812+0000] {logging_mixin.py:190} INFO - [2025-03-27T12:29:56.812+0000] {dagbag.py:588} INFO - Filling up the DagBag from /home/airflow/.local/lib/python3.12/site-packages/airflow/example_dags/example_task_group.py
[2025-03-27T12:29:56.828+0000] {processor.py:925} INFO - DAG(s) 'example_task_group' retrieved from /home/airflow/.local/lib/python3.12/site-packages/airflow/example_dags/example_task_group.py
[2025-03-27T12:29:56.867+0000] {logging_mixin.py:190} INFO - [2025-03-27T12:29:56.866+0000] {dag.py:3239} INFO - Sync 1 DAGs
[2025-03-27T12:29:56.892+0000] {logging_mixin.py:190} INFO - [2025-03-27T12:29:56.891+0000] {dag.py:4180} INFO - Setting next_dagrun for example_task_group to None, run_after=None
[2025-03-27T12:29:56.926+0000] {processor.py:208} INFO - Processing /home/airflow/.local/lib/python3.12/site-packages/airflow/example_dags/example_task_group.py took 0.126 seconds
[2025-03-27T12:30:27.235+0000] {processor.py:186} INFO - Started process (PID=56261) to work on /home/airflow/.local/lib/python3.12/site-packages/airflow/example_dags/example_task_group.py
[2025-03-27T12:30:27.241+0000] {processor.py:914} INFO - Processing file /home/airflow/.local/lib/python3.12/site-packages/airflow/example_dags/example_task_group.py for tasks to queue
[2025-03-27T12:30:27.246+0000] {logging_mixin.py:190} INFO - [2025-03-27T12:30:27.246+0000] {dagbag.py:588} INFO - Filling up the DagBag from /home/airflow/.local/lib/python3.12/site-packages/airflow/example_dags/example_task_group.py
[2025-03-27T12:30:27.263+0000] {processor.py:925} INFO - DAG(s) 'example_task_group' retrieved from /home/airflow/.local/lib/python3.12/site-packages/airflow/example_dags/example_task_group.py
[2025-03-27T12:30:27.296+0000] {logging_mixin.py:190} INFO - [2025-03-27T12:30:27.295+0000] {dag.py:3239} INFO - Sync 1 DAGs
[2025-03-27T12:30:27.320+0000] {logging_mixin.py:190} INFO - [2025-03-27T12:30:27.319+0000] {dag.py:4180} INFO - Setting next_dagrun for example_task_group to None, run_after=None
[2025-03-27T12:30:27.367+0000] {processor.py:208} INFO - Processing /home/airflow/.local/lib/python3.12/site-packages/airflow/example_dags/example_task_group.py took 0.145 seconds
[2025-03-27T12:30:58.076+0000] {processor.py:186} INFO - Started process (PID=56326) to work on /home/airflow/.local/lib/python3.12/site-packages/airflow/example_dags/example_task_group.py
[2025-03-27T12:30:58.077+0000] {processor.py:914} INFO - Processing file /home/airflow/.local/lib/python3.12/site-packages/airflow/example_dags/example_task_group.py for tasks to queue
[2025-03-27T12:30:58.079+0000] {logging_mixin.py:190} INFO - [2025-03-27T12:30:58.079+0000] {dagbag.py:588} INFO - Filling up the DagBag from /home/airflow/.local/lib/python3.12/site-packages/airflow/example_dags/example_task_group.py
[2025-03-27T12:30:58.094+0000] {processor.py:925} INFO - DAG(s) 'example_task_group' retrieved from /home/airflow/.local/lib/python3.12/site-packages/airflow/example_dags/example_task_group.py
[2025-03-27T12:30:58.130+0000] {logging_mixin.py:190} INFO - [2025-03-27T12:30:58.130+0000] {dag.py:3239} INFO - Sync 1 DAGs
[2025-03-27T12:30:58.154+0000] {logging_mixin.py:190} INFO - [2025-03-27T12:30:58.153+0000] {dag.py:4180} INFO - Setting next_dagrun for example_task_group to None, run_after=None
[2025-03-27T12:30:58.202+0000] {processor.py:208} INFO - Processing /home/airflow/.local/lib/python3.12/site-packages/airflow/example_dags/example_task_group.py took 0.134 seconds
[2025-03-27T18:31:13.116+0000] {processor.py:186} INFO - Started process (PID=56366) to work on /home/airflow/.local/lib/python3.12/site-packages/airflow/example_dags/example_task_group.py
[2025-03-27T18:31:13.130+0000] {processor.py:914} INFO - Processing file /home/airflow/.local/lib/python3.12/site-packages/airflow/example_dags/example_task_group.py for tasks to queue
[2025-03-27T18:31:13.142+0000] {logging_mixin.py:190} INFO - [2025-03-27T18:31:13.141+0000] {dagbag.py:588} INFO - Filling up the DagBag from /home/airflow/.local/lib/python3.12/site-packages/airflow/example_dags/example_task_group.py
[2025-03-27T18:31:13.202+0000] {processor.py:925} INFO - DAG(s) 'example_task_group' retrieved from /home/airflow/.local/lib/python3.12/site-packages/airflow/example_dags/example_task_group.py
[2025-03-27T18:31:13.344+0000] {logging_mixin.py:190} INFO - [2025-03-27T18:31:13.343+0000] {dag.py:3239} INFO - Sync 1 DAGs
[2025-03-27T18:31:13.477+0000] {logging_mixin.py:190} INFO - [2025-03-27T18:31:13.477+0000] {dag.py:4180} INFO - Setting next_dagrun for example_task_group to None, run_after=None
[2025-03-27T18:31:13.644+0000] {processor.py:208} INFO - Processing /home/airflow/.local/lib/python3.12/site-packages/airflow/example_dags/example_task_group.py took 0.552 seconds
