[2025-03-18T00:33:06.528+0000] {processor.py:186} INFO - Started process (PID=50688) to work on /home/airflow/.local/lib/python3.12/site-packages/airflow/example_dags/example_branch_labels.py
[2025-03-18T00:33:06.531+0000] {processor.py:914} INFO - Processing file /home/airflow/.local/lib/python3.12/site-packages/airflow/example_dags/example_branch_labels.py for tasks to queue
[2025-03-18T00:33:06.540+0000] {logging_mixin.py:190} INFO - [2025-03-18T00:33:06.539+0000] {dagbag.py:588} INFO - Filling up the DagBag from /home/airflow/.local/lib/python3.12/site-packages/airflow/example_dags/example_branch_labels.py
[2025-03-18T00:33:06.569+0000] {processor.py:925} INFO - DAG(s) 'example_branch_labels' retrieved from /home/airflow/.local/lib/python3.12/site-packages/airflow/example_dags/example_branch_labels.py
[2025-03-18T00:33:06.637+0000] {logging_mixin.py:190} INFO - [2025-03-18T00:33:06.636+0000] {dag.py:3239} INFO - Sync 1 DAGs
[2025-03-18T00:33:06.716+0000] {logging_mixin.py:190} INFO - [2025-03-18T00:33:06.715+0000] {dag.py:4180} INFO - Setting next_dagrun for example_branch_labels to 2025-03-17 00:00:00+00:00, run_after=2025-03-18 00:00:00+00:00
[2025-03-18T00:33:06.777+0000] {processor.py:208} INFO - Processing /home/airflow/.local/lib/python3.12/site-packages/airflow/example_dags/example_branch_labels.py took 0.262 seconds
[2025-03-18T00:33:37.440+0000] {processor.py:186} INFO - Started process (PID=50753) to work on /home/airflow/.local/lib/python3.12/site-packages/airflow/example_dags/example_branch_labels.py
[2025-03-18T00:33:37.442+0000] {processor.py:914} INFO - Processing file /home/airflow/.local/lib/python3.12/site-packages/airflow/example_dags/example_branch_labels.py for tasks to queue
[2025-03-18T00:33:37.444+0000] {logging_mixin.py:190} INFO - [2025-03-18T00:33:37.443+0000] {dagbag.py:588} INFO - Filling up the DagBag from /home/airflow/.local/lib/python3.12/site-packages/airflow/example_dags/example_branch_labels.py
[2025-03-18T00:33:37.459+0000] {processor.py:925} INFO - DAG(s) 'example_branch_labels' retrieved from /home/airflow/.local/lib/python3.12/site-packages/airflow/example_dags/example_branch_labels.py
[2025-03-18T00:33:37.490+0000] {logging_mixin.py:190} INFO - [2025-03-18T00:33:37.489+0000] {dag.py:3239} INFO - Sync 1 DAGs
[2025-03-18T00:33:37.529+0000] {logging_mixin.py:190} INFO - [2025-03-18T00:33:37.528+0000] {dag.py:4180} INFO - Setting next_dagrun for example_branch_labels to 2025-03-17 00:00:00+00:00, run_after=2025-03-18 00:00:00+00:00
[2025-03-18T00:33:37.560+0000] {processor.py:208} INFO - Processing /home/airflow/.local/lib/python3.12/site-packages/airflow/example_dags/example_branch_labels.py took 0.128 seconds
[2025-03-18T00:34:08.091+0000] {processor.py:186} INFO - Started process (PID=50823) to work on /home/airflow/.local/lib/python3.12/site-packages/airflow/example_dags/example_branch_labels.py
[2025-03-18T00:34:08.093+0000] {processor.py:914} INFO - Processing file /home/airflow/.local/lib/python3.12/site-packages/airflow/example_dags/example_branch_labels.py for tasks to queue
[2025-03-18T00:34:08.095+0000] {logging_mixin.py:190} INFO - [2025-03-18T00:34:08.094+0000] {dagbag.py:588} INFO - Filling up the DagBag from /home/airflow/.local/lib/python3.12/site-packages/airflow/example_dags/example_branch_labels.py
[2025-03-18T00:34:08.114+0000] {processor.py:925} INFO - DAG(s) 'example_branch_labels' retrieved from /home/airflow/.local/lib/python3.12/site-packages/airflow/example_dags/example_branch_labels.py
[2025-03-18T00:34:08.158+0000] {logging_mixin.py:190} INFO - [2025-03-18T00:34:08.157+0000] {dag.py:3239} INFO - Sync 1 DAGs
[2025-03-18T00:34:08.211+0000] {logging_mixin.py:190} INFO - [2025-03-18T00:34:08.211+0000] {dag.py:4180} INFO - Setting next_dagrun for example_branch_labels to 2025-03-17 00:00:00+00:00, run_after=2025-03-18 00:00:00+00:00
[2025-03-18T00:34:08.262+0000] {processor.py:208} INFO - Processing /home/airflow/.local/lib/python3.12/site-packages/airflow/example_dags/example_branch_labels.py took 0.180 seconds
[2025-03-18T00:34:38.431+0000] {processor.py:186} INFO - Started process (PID=50888) to work on /home/airflow/.local/lib/python3.12/site-packages/airflow/example_dags/example_branch_labels.py
[2025-03-18T00:34:38.433+0000] {processor.py:914} INFO - Processing file /home/airflow/.local/lib/python3.12/site-packages/airflow/example_dags/example_branch_labels.py for tasks to queue
[2025-03-18T00:34:38.436+0000] {logging_mixin.py:190} INFO - [2025-03-18T00:34:38.436+0000] {dagbag.py:588} INFO - Filling up the DagBag from /home/airflow/.local/lib/python3.12/site-packages/airflow/example_dags/example_branch_labels.py
[2025-03-18T00:34:38.457+0000] {processor.py:925} INFO - DAG(s) 'example_branch_labels' retrieved from /home/airflow/.local/lib/python3.12/site-packages/airflow/example_dags/example_branch_labels.py
[2025-03-18T00:34:38.523+0000] {logging_mixin.py:190} INFO - [2025-03-18T00:34:38.523+0000] {dag.py:3239} INFO - Sync 1 DAGs
[2025-03-18T00:34:38.559+0000] {logging_mixin.py:190} INFO - [2025-03-18T00:34:38.558+0000] {dag.py:4180} INFO - Setting next_dagrun for example_branch_labels to 2025-03-17 00:00:00+00:00, run_after=2025-03-18 00:00:00+00:00
[2025-03-18T00:34:38.603+0000] {processor.py:208} INFO - Processing /home/airflow/.local/lib/python3.12/site-packages/airflow/example_dags/example_branch_labels.py took 0.184 seconds
[2025-03-18T00:35:08.909+0000] {processor.py:186} INFO - Started process (PID=50953) to work on /home/airflow/.local/lib/python3.12/site-packages/airflow/example_dags/example_branch_labels.py
[2025-03-18T00:35:08.911+0000] {processor.py:914} INFO - Processing file /home/airflow/.local/lib/python3.12/site-packages/airflow/example_dags/example_branch_labels.py for tasks to queue
[2025-03-18T00:35:08.913+0000] {logging_mixin.py:190} INFO - [2025-03-18T00:35:08.912+0000] {dagbag.py:588} INFO - Filling up the DagBag from /home/airflow/.local/lib/python3.12/site-packages/airflow/example_dags/example_branch_labels.py
[2025-03-18T00:35:08.925+0000] {processor.py:925} INFO - DAG(s) 'example_branch_labels' retrieved from /home/airflow/.local/lib/python3.12/site-packages/airflow/example_dags/example_branch_labels.py
[2025-03-18T00:35:08.953+0000] {logging_mixin.py:190} INFO - [2025-03-18T00:35:08.953+0000] {dag.py:3239} INFO - Sync 1 DAGs
[2025-03-18T00:35:08.984+0000] {logging_mixin.py:190} INFO - [2025-03-18T00:35:08.984+0000] {dag.py:4180} INFO - Setting next_dagrun for example_branch_labels to 2025-03-17 00:00:00+00:00, run_after=2025-03-18 00:00:00+00:00
[2025-03-18T00:35:09.012+0000] {processor.py:208} INFO - Processing /home/airflow/.local/lib/python3.12/site-packages/airflow/example_dags/example_branch_labels.py took 0.109 seconds
[2025-03-18T00:35:39.148+0000] {processor.py:186} INFO - Started process (PID=51017) to work on /home/airflow/.local/lib/python3.12/site-packages/airflow/example_dags/example_branch_labels.py
[2025-03-18T00:35:39.150+0000] {processor.py:914} INFO - Processing file /home/airflow/.local/lib/python3.12/site-packages/airflow/example_dags/example_branch_labels.py for tasks to queue
[2025-03-18T00:35:39.153+0000] {logging_mixin.py:190} INFO - [2025-03-18T00:35:39.152+0000] {dagbag.py:588} INFO - Filling up the DagBag from /home/airflow/.local/lib/python3.12/site-packages/airflow/example_dags/example_branch_labels.py
[2025-03-18T00:35:39.171+0000] {processor.py:925} INFO - DAG(s) 'example_branch_labels' retrieved from /home/airflow/.local/lib/python3.12/site-packages/airflow/example_dags/example_branch_labels.py
[2025-03-18T00:35:39.199+0000] {logging_mixin.py:190} INFO - [2025-03-18T00:35:39.198+0000] {dag.py:3239} INFO - Sync 1 DAGs
[2025-03-18T00:35:39.237+0000] {logging_mixin.py:190} INFO - [2025-03-18T00:35:39.237+0000] {dag.py:4180} INFO - Setting next_dagrun for example_branch_labels to 2025-03-17 00:00:00+00:00, run_after=2025-03-18 00:00:00+00:00
[2025-03-18T00:35:39.267+0000] {processor.py:208} INFO - Processing /home/airflow/.local/lib/python3.12/site-packages/airflow/example_dags/example_branch_labels.py took 0.127 seconds
[2025-03-18T00:36:09.422+0000] {processor.py:186} INFO - Started process (PID=51082) to work on /home/airflow/.local/lib/python3.12/site-packages/airflow/example_dags/example_branch_labels.py
[2025-03-18T00:36:09.424+0000] {processor.py:914} INFO - Processing file /home/airflow/.local/lib/python3.12/site-packages/airflow/example_dags/example_branch_labels.py for tasks to queue
[2025-03-18T00:36:09.427+0000] {logging_mixin.py:190} INFO - [2025-03-18T00:36:09.426+0000] {dagbag.py:588} INFO - Filling up the DagBag from /home/airflow/.local/lib/python3.12/site-packages/airflow/example_dags/example_branch_labels.py
[2025-03-18T00:36:09.445+0000] {processor.py:925} INFO - DAG(s) 'example_branch_labels' retrieved from /home/airflow/.local/lib/python3.12/site-packages/airflow/example_dags/example_branch_labels.py
[2025-03-18T00:36:09.492+0000] {logging_mixin.py:190} INFO - [2025-03-18T00:36:09.492+0000] {dag.py:3239} INFO - Sync 1 DAGs
[2025-03-18T00:36:09.537+0000] {logging_mixin.py:190} INFO - [2025-03-18T00:36:09.536+0000] {dag.py:4180} INFO - Setting next_dagrun for example_branch_labels to 2025-03-17 00:00:00+00:00, run_after=2025-03-18 00:00:00+00:00
[2025-03-18T00:36:09.576+0000] {processor.py:208} INFO - Processing /home/airflow/.local/lib/python3.12/site-packages/airflow/example_dags/example_branch_labels.py took 0.162 seconds
[2025-03-18T00:36:39.662+0000] {processor.py:186} INFO - Started process (PID=51147) to work on /home/airflow/.local/lib/python3.12/site-packages/airflow/example_dags/example_branch_labels.py
[2025-03-18T00:36:39.664+0000] {processor.py:914} INFO - Processing file /home/airflow/.local/lib/python3.12/site-packages/airflow/example_dags/example_branch_labels.py for tasks to queue
[2025-03-18T00:36:39.667+0000] {logging_mixin.py:190} INFO - [2025-03-18T00:36:39.667+0000] {dagbag.py:588} INFO - Filling up the DagBag from /home/airflow/.local/lib/python3.12/site-packages/airflow/example_dags/example_branch_labels.py
[2025-03-18T00:36:39.685+0000] {processor.py:925} INFO - DAG(s) 'example_branch_labels' retrieved from /home/airflow/.local/lib/python3.12/site-packages/airflow/example_dags/example_branch_labels.py
[2025-03-18T00:36:39.714+0000] {logging_mixin.py:190} INFO - [2025-03-18T00:36:39.713+0000] {dag.py:3239} INFO - Sync 1 DAGs
[2025-03-18T00:36:39.748+0000] {logging_mixin.py:190} INFO - [2025-03-18T00:36:39.747+0000] {dag.py:4180} INFO - Setting next_dagrun for example_branch_labels to 2025-03-17 00:00:00+00:00, run_after=2025-03-18 00:00:00+00:00
[2025-03-18T00:36:39.780+0000] {processor.py:208} INFO - Processing /home/airflow/.local/lib/python3.12/site-packages/airflow/example_dags/example_branch_labels.py took 0.127 seconds
[2025-03-18T00:37:10.264+0000] {processor.py:186} INFO - Started process (PID=51212) to work on /home/airflow/.local/lib/python3.12/site-packages/airflow/example_dags/example_branch_labels.py
[2025-03-18T00:37:10.266+0000] {processor.py:914} INFO - Processing file /home/airflow/.local/lib/python3.12/site-packages/airflow/example_dags/example_branch_labels.py for tasks to queue
[2025-03-18T00:37:10.268+0000] {logging_mixin.py:190} INFO - [2025-03-18T00:37:10.267+0000] {dagbag.py:588} INFO - Filling up the DagBag from /home/airflow/.local/lib/python3.12/site-packages/airflow/example_dags/example_branch_labels.py
[2025-03-18T00:37:10.285+0000] {processor.py:925} INFO - DAG(s) 'example_branch_labels' retrieved from /home/airflow/.local/lib/python3.12/site-packages/airflow/example_dags/example_branch_labels.py
[2025-03-18T00:37:10.321+0000] {logging_mixin.py:190} INFO - [2025-03-18T00:37:10.321+0000] {dag.py:3239} INFO - Sync 1 DAGs
[2025-03-18T00:37:10.363+0000] {logging_mixin.py:190} INFO - [2025-03-18T00:37:10.363+0000] {dag.py:4180} INFO - Setting next_dagrun for example_branch_labels to 2025-03-17 00:00:00+00:00, run_after=2025-03-18 00:00:00+00:00
[2025-03-18T00:37:10.402+0000] {processor.py:208} INFO - Processing /home/airflow/.local/lib/python3.12/site-packages/airflow/example_dags/example_branch_labels.py took 0.144 seconds
[2025-03-18T00:37:40.826+0000] {processor.py:186} INFO - Started process (PID=51277) to work on /home/airflow/.local/lib/python3.12/site-packages/airflow/example_dags/example_branch_labels.py
[2025-03-18T00:37:40.828+0000] {processor.py:914} INFO - Processing file /home/airflow/.local/lib/python3.12/site-packages/airflow/example_dags/example_branch_labels.py for tasks to queue
[2025-03-18T00:37:40.831+0000] {logging_mixin.py:190} INFO - [2025-03-18T00:37:40.830+0000] {dagbag.py:588} INFO - Filling up the DagBag from /home/airflow/.local/lib/python3.12/site-packages/airflow/example_dags/example_branch_labels.py
[2025-03-18T00:37:40.849+0000] {processor.py:925} INFO - DAG(s) 'example_branch_labels' retrieved from /home/airflow/.local/lib/python3.12/site-packages/airflow/example_dags/example_branch_labels.py
[2025-03-18T00:37:40.885+0000] {logging_mixin.py:190} INFO - [2025-03-18T00:37:40.885+0000] {dag.py:3239} INFO - Sync 1 DAGs
[2025-03-18T00:37:40.921+0000] {logging_mixin.py:190} INFO - [2025-03-18T00:37:40.921+0000] {dag.py:4180} INFO - Setting next_dagrun for example_branch_labels to 2025-03-17 00:00:00+00:00, run_after=2025-03-18 00:00:00+00:00
[2025-03-18T00:37:40.957+0000] {processor.py:208} INFO - Processing /home/airflow/.local/lib/python3.12/site-packages/airflow/example_dags/example_branch_labels.py took 0.142 seconds
[2025-03-18T00:38:11.883+0000] {processor.py:186} INFO - Started process (PID=51342) to work on /home/airflow/.local/lib/python3.12/site-packages/airflow/example_dags/example_branch_labels.py
[2025-03-18T00:38:11.885+0000] {processor.py:914} INFO - Processing file /home/airflow/.local/lib/python3.12/site-packages/airflow/example_dags/example_branch_labels.py for tasks to queue
[2025-03-18T00:38:11.887+0000] {logging_mixin.py:190} INFO - [2025-03-18T00:38:11.886+0000] {dagbag.py:588} INFO - Filling up the DagBag from /home/airflow/.local/lib/python3.12/site-packages/airflow/example_dags/example_branch_labels.py
[2025-03-18T00:38:11.899+0000] {processor.py:925} INFO - DAG(s) 'example_branch_labels' retrieved from /home/airflow/.local/lib/python3.12/site-packages/airflow/example_dags/example_branch_labels.py
[2025-03-18T00:38:11.928+0000] {logging_mixin.py:190} INFO - [2025-03-18T00:38:11.927+0000] {dag.py:3239} INFO - Sync 1 DAGs
[2025-03-18T00:38:11.963+0000] {logging_mixin.py:190} INFO - [2025-03-18T00:38:11.962+0000] {dag.py:4180} INFO - Setting next_dagrun for example_branch_labels to 2025-03-17 00:00:00+00:00, run_after=2025-03-18 00:00:00+00:00
[2025-03-18T00:38:11.997+0000] {processor.py:208} INFO - Processing /home/airflow/.local/lib/python3.12/site-packages/airflow/example_dags/example_branch_labels.py took 0.121 seconds
