[2025-03-18T00:32:49.404+0000] {processor.py:186} INFO - Started process (PID=50661) to work on /home/airflow/.local/lib/python3.12/site-packages/airflow/example_dags/example_dynamic_task_mapping.py
[2025-03-18T00:32:49.425+0000] {processor.py:914} INFO - Processing file /home/airflow/.local/lib/python3.12/site-packages/airflow/example_dags/example_dynamic_task_mapping.py for tasks to queue
[2025-03-18T00:32:49.428+0000] {logging_mixin.py:190} INFO - [2025-03-18T00:32:49.427+0000] {dagbag.py:588} INFO - Filling up the DagBag from /home/airflow/.local/lib/python3.12/site-packages/airflow/example_dags/example_dynamic_task_mapping.py
[2025-03-18T00:32:49.476+0000] {processor.py:925} INFO - DAG(s) 'example_dynamic_task_mapping' retrieved from /home/airflow/.local/lib/python3.12/site-packages/airflow/example_dags/example_dynamic_task_mapping.py
[2025-03-18T00:32:49.609+0000] {logging_mixin.py:190} INFO - [2025-03-18T00:32:49.609+0000] {dag.py:3239} INFO - Sync 1 DAGs
[2025-03-18T00:32:49.711+0000] {logging_mixin.py:190} INFO - [2025-03-18T00:32:49.711+0000] {dag.py:4180} INFO - Setting next_dagrun for example_dynamic_task_mapping to None, run_after=None
[2025-03-18T00:32:49.853+0000] {processor.py:208} INFO - Processing /home/airflow/.local/lib/python3.12/site-packages/airflow/example_dags/example_dynamic_task_mapping.py took 0.459 seconds
[2025-03-18T00:33:20.673+0000] {processor.py:186} INFO - Started process (PID=50726) to work on /home/airflow/.local/lib/python3.12/site-packages/airflow/example_dags/example_dynamic_task_mapping.py
[2025-03-18T00:33:20.675+0000] {processor.py:914} INFO - Processing file /home/airflow/.local/lib/python3.12/site-packages/airflow/example_dags/example_dynamic_task_mapping.py for tasks to queue
[2025-03-18T00:33:20.678+0000] {logging_mixin.py:190} INFO - [2025-03-18T00:33:20.677+0000] {dagbag.py:588} INFO - Filling up the DagBag from /home/airflow/.local/lib/python3.12/site-packages/airflow/example_dags/example_dynamic_task_mapping.py
[2025-03-18T00:33:20.694+0000] {processor.py:925} INFO - DAG(s) 'example_dynamic_task_mapping' retrieved from /home/airflow/.local/lib/python3.12/site-packages/airflow/example_dags/example_dynamic_task_mapping.py
[2025-03-18T00:33:20.728+0000] {logging_mixin.py:190} INFO - [2025-03-18T00:33:20.728+0000] {dag.py:3239} INFO - Sync 1 DAGs
[2025-03-18T00:33:20.748+0000] {logging_mixin.py:190} INFO - [2025-03-18T00:33:20.748+0000] {dag.py:4180} INFO - Setting next_dagrun for example_dynamic_task_mapping to None, run_after=None
[2025-03-18T00:33:20.784+0000] {processor.py:208} INFO - Processing /home/airflow/.local/lib/python3.12/site-packages/airflow/example_dags/example_dynamic_task_mapping.py took 0.124 seconds
[2025-03-18T00:33:50.966+0000] {processor.py:186} INFO - Started process (PID=50791) to work on /home/airflow/.local/lib/python3.12/site-packages/airflow/example_dags/example_dynamic_task_mapping.py
[2025-03-18T00:33:50.967+0000] {processor.py:914} INFO - Processing file /home/airflow/.local/lib/python3.12/site-packages/airflow/example_dags/example_dynamic_task_mapping.py for tasks to queue
[2025-03-18T00:33:50.969+0000] {logging_mixin.py:190} INFO - [2025-03-18T00:33:50.969+0000] {dagbag.py:588} INFO - Filling up the DagBag from /home/airflow/.local/lib/python3.12/site-packages/airflow/example_dags/example_dynamic_task_mapping.py
[2025-03-18T00:33:50.983+0000] {processor.py:925} INFO - DAG(s) 'example_dynamic_task_mapping' retrieved from /home/airflow/.local/lib/python3.12/site-packages/airflow/example_dags/example_dynamic_task_mapping.py
[2025-03-18T00:33:51.011+0000] {logging_mixin.py:190} INFO - [2025-03-18T00:33:51.011+0000] {dag.py:3239} INFO - Sync 1 DAGs
[2025-03-18T00:33:51.030+0000] {logging_mixin.py:190} INFO - [2025-03-18T00:33:51.030+0000] {dag.py:4180} INFO - Setting next_dagrun for example_dynamic_task_mapping to None, run_after=None
[2025-03-18T00:33:51.067+0000] {processor.py:208} INFO - Processing /home/airflow/.local/lib/python3.12/site-packages/airflow/example_dags/example_dynamic_task_mapping.py took 0.110 seconds
[2025-03-18T00:34:21.637+0000] {processor.py:186} INFO - Started process (PID=50856) to work on /home/airflow/.local/lib/python3.12/site-packages/airflow/example_dags/example_dynamic_task_mapping.py
[2025-03-18T00:34:21.639+0000] {processor.py:914} INFO - Processing file /home/airflow/.local/lib/python3.12/site-packages/airflow/example_dags/example_dynamic_task_mapping.py for tasks to queue
[2025-03-18T00:34:21.641+0000] {logging_mixin.py:190} INFO - [2025-03-18T00:34:21.640+0000] {dagbag.py:588} INFO - Filling up the DagBag from /home/airflow/.local/lib/python3.12/site-packages/airflow/example_dags/example_dynamic_task_mapping.py
[2025-03-18T00:34:21.653+0000] {processor.py:925} INFO - DAG(s) 'example_dynamic_task_mapping' retrieved from /home/airflow/.local/lib/python3.12/site-packages/airflow/example_dags/example_dynamic_task_mapping.py
[2025-03-18T00:34:21.682+0000] {logging_mixin.py:190} INFO - [2025-03-18T00:34:21.682+0000] {dag.py:3239} INFO - Sync 1 DAGs
[2025-03-18T00:34:21.706+0000] {logging_mixin.py:190} INFO - [2025-03-18T00:34:21.706+0000] {dag.py:4180} INFO - Setting next_dagrun for example_dynamic_task_mapping to None, run_after=None
[2025-03-18T00:34:21.747+0000] {processor.py:208} INFO - Processing /home/airflow/.local/lib/python3.12/site-packages/airflow/example_dags/example_dynamic_task_mapping.py took 0.118 seconds
[2025-03-18T00:34:52.143+0000] {processor.py:186} INFO - Started process (PID=50921) to work on /home/airflow/.local/lib/python3.12/site-packages/airflow/example_dags/example_dynamic_task_mapping.py
[2025-03-18T00:34:52.145+0000] {processor.py:914} INFO - Processing file /home/airflow/.local/lib/python3.12/site-packages/airflow/example_dags/example_dynamic_task_mapping.py for tasks to queue
[2025-03-18T00:34:52.147+0000] {logging_mixin.py:190} INFO - [2025-03-18T00:34:52.146+0000] {dagbag.py:588} INFO - Filling up the DagBag from /home/airflow/.local/lib/python3.12/site-packages/airflow/example_dags/example_dynamic_task_mapping.py
[2025-03-18T00:34:52.161+0000] {processor.py:925} INFO - DAG(s) 'example_dynamic_task_mapping' retrieved from /home/airflow/.local/lib/python3.12/site-packages/airflow/example_dags/example_dynamic_task_mapping.py
[2025-03-18T00:34:52.195+0000] {logging_mixin.py:190} INFO - [2025-03-18T00:34:52.195+0000] {dag.py:3239} INFO - Sync 1 DAGs
[2025-03-18T00:34:52.220+0000] {logging_mixin.py:190} INFO - [2025-03-18T00:34:52.220+0000] {dag.py:4180} INFO - Setting next_dagrun for example_dynamic_task_mapping to None, run_after=None
[2025-03-18T00:34:52.262+0000] {processor.py:208} INFO - Processing /home/airflow/.local/lib/python3.12/site-packages/airflow/example_dags/example_dynamic_task_mapping.py took 0.129 seconds
[2025-03-18T00:35:22.742+0000] {processor.py:186} INFO - Started process (PID=50986) to work on /home/airflow/.local/lib/python3.12/site-packages/airflow/example_dags/example_dynamic_task_mapping.py
[2025-03-18T00:35:22.744+0000] {processor.py:914} INFO - Processing file /home/airflow/.local/lib/python3.12/site-packages/airflow/example_dags/example_dynamic_task_mapping.py for tasks to queue
[2025-03-18T00:35:22.746+0000] {logging_mixin.py:190} INFO - [2025-03-18T00:35:22.746+0000] {dagbag.py:588} INFO - Filling up the DagBag from /home/airflow/.local/lib/python3.12/site-packages/airflow/example_dags/example_dynamic_task_mapping.py
[2025-03-18T00:35:22.764+0000] {processor.py:925} INFO - DAG(s) 'example_dynamic_task_mapping' retrieved from /home/airflow/.local/lib/python3.12/site-packages/airflow/example_dags/example_dynamic_task_mapping.py
[2025-03-18T00:35:22.794+0000] {logging_mixin.py:190} INFO - [2025-03-18T00:35:22.793+0000] {dag.py:3239} INFO - Sync 1 DAGs
[2025-03-18T00:35:22.815+0000] {logging_mixin.py:190} INFO - [2025-03-18T00:35:22.814+0000] {dag.py:4180} INFO - Setting next_dagrun for example_dynamic_task_mapping to None, run_after=None
[2025-03-18T00:35:22.845+0000] {processor.py:208} INFO - Processing /home/airflow/.local/lib/python3.12/site-packages/airflow/example_dags/example_dynamic_task_mapping.py took 0.112 seconds
[2025-03-18T00:35:53.013+0000] {processor.py:186} INFO - Started process (PID=51051) to work on /home/airflow/.local/lib/python3.12/site-packages/airflow/example_dags/example_dynamic_task_mapping.py
[2025-03-18T00:35:53.015+0000] {processor.py:914} INFO - Processing file /home/airflow/.local/lib/python3.12/site-packages/airflow/example_dags/example_dynamic_task_mapping.py for tasks to queue
[2025-03-18T00:35:53.018+0000] {logging_mixin.py:190} INFO - [2025-03-18T00:35:53.017+0000] {dagbag.py:588} INFO - Filling up the DagBag from /home/airflow/.local/lib/python3.12/site-packages/airflow/example_dags/example_dynamic_task_mapping.py
[2025-03-18T00:35:53.031+0000] {processor.py:925} INFO - DAG(s) 'example_dynamic_task_mapping' retrieved from /home/airflow/.local/lib/python3.12/site-packages/airflow/example_dags/example_dynamic_task_mapping.py
[2025-03-18T00:35:53.066+0000] {logging_mixin.py:190} INFO - [2025-03-18T00:35:53.065+0000] {dag.py:3239} INFO - Sync 1 DAGs
[2025-03-18T00:35:53.113+0000] {logging_mixin.py:190} INFO - [2025-03-18T00:35:53.107+0000] {dag.py:4180} INFO - Setting next_dagrun for example_dynamic_task_mapping to None, run_after=None
[2025-03-18T00:35:53.177+0000] {processor.py:208} INFO - Processing /home/airflow/.local/lib/python3.12/site-packages/airflow/example_dags/example_dynamic_task_mapping.py took 0.173 seconds
[2025-03-18T00:36:24.100+0000] {processor.py:186} INFO - Started process (PID=51116) to work on /home/airflow/.local/lib/python3.12/site-packages/airflow/example_dags/example_dynamic_task_mapping.py
[2025-03-18T00:36:24.102+0000] {processor.py:914} INFO - Processing file /home/airflow/.local/lib/python3.12/site-packages/airflow/example_dags/example_dynamic_task_mapping.py for tasks to queue
[2025-03-18T00:36:24.104+0000] {logging_mixin.py:190} INFO - [2025-03-18T00:36:24.104+0000] {dagbag.py:588} INFO - Filling up the DagBag from /home/airflow/.local/lib/python3.12/site-packages/airflow/example_dags/example_dynamic_task_mapping.py
[2025-03-18T00:36:24.118+0000] {processor.py:925} INFO - DAG(s) 'example_dynamic_task_mapping' retrieved from /home/airflow/.local/lib/python3.12/site-packages/airflow/example_dags/example_dynamic_task_mapping.py
[2025-03-18T00:36:24.148+0000] {logging_mixin.py:190} INFO - [2025-03-18T00:36:24.147+0000] {dag.py:3239} INFO - Sync 1 DAGs
[2025-03-18T00:36:24.170+0000] {logging_mixin.py:190} INFO - [2025-03-18T00:36:24.169+0000] {dag.py:4180} INFO - Setting next_dagrun for example_dynamic_task_mapping to None, run_after=None
[2025-03-18T00:36:24.213+0000] {processor.py:208} INFO - Processing /home/airflow/.local/lib/python3.12/site-packages/airflow/example_dags/example_dynamic_task_mapping.py took 0.122 seconds
[2025-03-18T00:36:54.416+0000] {processor.py:186} INFO - Started process (PID=51180) to work on /home/airflow/.local/lib/python3.12/site-packages/airflow/example_dags/example_dynamic_task_mapping.py
[2025-03-18T00:36:54.417+0000] {processor.py:914} INFO - Processing file /home/airflow/.local/lib/python3.12/site-packages/airflow/example_dags/example_dynamic_task_mapping.py for tasks to queue
[2025-03-18T00:36:54.419+0000] {logging_mixin.py:190} INFO - [2025-03-18T00:36:54.419+0000] {dagbag.py:588} INFO - Filling up the DagBag from /home/airflow/.local/lib/python3.12/site-packages/airflow/example_dags/example_dynamic_task_mapping.py
[2025-03-18T00:36:54.432+0000] {processor.py:925} INFO - DAG(s) 'example_dynamic_task_mapping' retrieved from /home/airflow/.local/lib/python3.12/site-packages/airflow/example_dags/example_dynamic_task_mapping.py
[2025-03-18T00:36:54.463+0000] {logging_mixin.py:190} INFO - [2025-03-18T00:36:54.462+0000] {dag.py:3239} INFO - Sync 1 DAGs
[2025-03-18T00:36:54.483+0000] {logging_mixin.py:190} INFO - [2025-03-18T00:36:54.483+0000] {dag.py:4180} INFO - Setting next_dagrun for example_dynamic_task_mapping to None, run_after=None
[2025-03-18T00:36:54.514+0000] {processor.py:208} INFO - Processing /home/airflow/.local/lib/python3.12/site-packages/airflow/example_dags/example_dynamic_task_mapping.py took 0.105 seconds
[2025-03-18T00:37:24.821+0000] {processor.py:186} INFO - Started process (PID=51245) to work on /home/airflow/.local/lib/python3.12/site-packages/airflow/example_dags/example_dynamic_task_mapping.py
[2025-03-18T00:37:24.823+0000] {processor.py:914} INFO - Processing file /home/airflow/.local/lib/python3.12/site-packages/airflow/example_dags/example_dynamic_task_mapping.py for tasks to queue
[2025-03-18T00:37:24.825+0000] {logging_mixin.py:190} INFO - [2025-03-18T00:37:24.825+0000] {dagbag.py:588} INFO - Filling up the DagBag from /home/airflow/.local/lib/python3.12/site-packages/airflow/example_dags/example_dynamic_task_mapping.py
[2025-03-18T00:37:24.838+0000] {processor.py:925} INFO - DAG(s) 'example_dynamic_task_mapping' retrieved from /home/airflow/.local/lib/python3.12/site-packages/airflow/example_dags/example_dynamic_task_mapping.py
[2025-03-18T00:37:24.868+0000] {logging_mixin.py:190} INFO - [2025-03-18T00:37:24.868+0000] {dag.py:3239} INFO - Sync 1 DAGs
[2025-03-18T00:37:24.892+0000] {logging_mixin.py:190} INFO - [2025-03-18T00:37:24.892+0000] {dag.py:4180} INFO - Setting next_dagrun for example_dynamic_task_mapping to None, run_after=None
[2025-03-18T00:37:24.929+0000] {processor.py:208} INFO - Processing /home/airflow/.local/lib/python3.12/site-packages/airflow/example_dags/example_dynamic_task_mapping.py took 0.118 seconds
[2025-03-18T00:37:55.641+0000] {processor.py:186} INFO - Started process (PID=51310) to work on /home/airflow/.local/lib/python3.12/site-packages/airflow/example_dags/example_dynamic_task_mapping.py
[2025-03-18T00:37:55.643+0000] {processor.py:914} INFO - Processing file /home/airflow/.local/lib/python3.12/site-packages/airflow/example_dags/example_dynamic_task_mapping.py for tasks to queue
[2025-03-18T00:37:55.645+0000] {logging_mixin.py:190} INFO - [2025-03-18T00:37:55.644+0000] {dagbag.py:588} INFO - Filling up the DagBag from /home/airflow/.local/lib/python3.12/site-packages/airflow/example_dags/example_dynamic_task_mapping.py
[2025-03-18T00:37:55.659+0000] {processor.py:925} INFO - DAG(s) 'example_dynamic_task_mapping' retrieved from /home/airflow/.local/lib/python3.12/site-packages/airflow/example_dags/example_dynamic_task_mapping.py
[2025-03-18T00:37:55.689+0000] {logging_mixin.py:190} INFO - [2025-03-18T00:37:55.689+0000] {dag.py:3239} INFO - Sync 1 DAGs
[2025-03-18T00:37:55.712+0000] {logging_mixin.py:190} INFO - [2025-03-18T00:37:55.711+0000] {dag.py:4180} INFO - Setting next_dagrun for example_dynamic_task_mapping to None, run_after=None
[2025-03-18T00:37:55.748+0000] {processor.py:208} INFO - Processing /home/airflow/.local/lib/python3.12/site-packages/airflow/example_dags/example_dynamic_task_mapping.py took 0.115 seconds
[2025-03-18T00:38:26.128+0000] {processor.py:186} INFO - Started process (PID=51375) to work on /home/airflow/.local/lib/python3.12/site-packages/airflow/example_dags/example_dynamic_task_mapping.py
[2025-03-18T00:38:26.130+0000] {processor.py:914} INFO - Processing file /home/airflow/.local/lib/python3.12/site-packages/airflow/example_dags/example_dynamic_task_mapping.py for tasks to queue
[2025-03-18T00:38:26.133+0000] {logging_mixin.py:190} INFO - [2025-03-18T00:38:26.132+0000] {dagbag.py:588} INFO - Filling up the DagBag from /home/airflow/.local/lib/python3.12/site-packages/airflow/example_dags/example_dynamic_task_mapping.py
[2025-03-18T00:38:26.147+0000] {processor.py:925} INFO - DAG(s) 'example_dynamic_task_mapping' retrieved from /home/airflow/.local/lib/python3.12/site-packages/airflow/example_dags/example_dynamic_task_mapping.py
[2025-03-18T00:38:26.178+0000] {logging_mixin.py:190} INFO - [2025-03-18T00:38:26.177+0000] {dag.py:3239} INFO - Sync 1 DAGs
[2025-03-18T00:38:26.204+0000] {logging_mixin.py:190} INFO - [2025-03-18T00:38:26.203+0000] {dag.py:4180} INFO - Setting next_dagrun for example_dynamic_task_mapping to None, run_after=None
[2025-03-18T00:38:26.237+0000] {processor.py:208} INFO - Processing /home/airflow/.local/lib/python3.12/site-packages/airflow/example_dags/example_dynamic_task_mapping.py took 0.119 seconds
[2025-03-18T06:17:30.575+0000] {processor.py:186} INFO - Started process (PID=51420) to work on /home/airflow/.local/lib/python3.12/site-packages/airflow/example_dags/example_dynamic_task_mapping.py
[2025-03-18T06:17:30.588+0000] {processor.py:914} INFO - Processing file /home/airflow/.local/lib/python3.12/site-packages/airflow/example_dags/example_dynamic_task_mapping.py for tasks to queue
[2025-03-18T06:17:30.615+0000] {logging_mixin.py:190} INFO - [2025-03-18T06:17:30.614+0000] {dagbag.py:588} INFO - Filling up the DagBag from /home/airflow/.local/lib/python3.12/site-packages/airflow/example_dags/example_dynamic_task_mapping.py
[2025-03-18T06:17:30.674+0000] {processor.py:925} INFO - DAG(s) 'example_dynamic_task_mapping' retrieved from /home/airflow/.local/lib/python3.12/site-packages/airflow/example_dags/example_dynamic_task_mapping.py
[2025-03-18T06:17:30.789+0000] {logging_mixin.py:190} INFO - [2025-03-18T06:17:30.789+0000] {dag.py:3239} INFO - Sync 1 DAGs
[2025-03-18T06:17:30.885+0000] {logging_mixin.py:190} INFO - [2025-03-18T06:17:30.885+0000] {dag.py:4180} INFO - Setting next_dagrun for example_dynamic_task_mapping to None, run_after=None
[2025-03-18T06:17:31.009+0000] {processor.py:208} INFO - Processing /home/airflow/.local/lib/python3.12/site-packages/airflow/example_dags/example_dynamic_task_mapping.py took 0.457 seconds
