[2025-03-18T00:32:45.875+0000] {processor.py:186} INFO - Started process (PID=50654) to work on /home/airflow/.local/lib/python3.12/site-packages/airflow/example_dags/example_short_circuit_operator.py
[2025-03-18T00:32:45.890+0000] {processor.py:914} INFO - Processing file /home/airflow/.local/lib/python3.12/site-packages/airflow/example_dags/example_short_circuit_operator.py for tasks to queue
[2025-03-18T00:32:45.904+0000] {logging_mixin.py:190} INFO - [2025-03-18T00:32:45.903+0000] {dagbag.py:588} INFO - Filling up the DagBag from /home/airflow/.local/lib/python3.12/site-packages/airflow/example_dags/example_short_circuit_operator.py
[2025-03-18T00:32:45.972+0000] {processor.py:925} INFO - DAG(s) 'example_short_circuit_operator' retrieved from /home/airflow/.local/lib/python3.12/site-packages/airflow/example_dags/example_short_circuit_operator.py
[2025-03-18T00:32:46.078+0000] {logging_mixin.py:190} INFO - [2025-03-18T00:32:46.078+0000] {dag.py:3239} INFO - Sync 1 DAGs
[2025-03-18T00:32:46.186+0000] {logging_mixin.py:190} INFO - [2025-03-18T00:32:46.174+0000] {dag.py:4180} INFO - Setting next_dagrun for example_short_circuit_operator to None, run_after=None
[2025-03-18T00:32:46.296+0000] {processor.py:208} INFO - Processing /home/airflow/.local/lib/python3.12/site-packages/airflow/example_dags/example_short_circuit_operator.py took 0.445 seconds
[2025-03-18T00:33:17.033+0000] {processor.py:186} INFO - Started process (PID=50719) to work on /home/airflow/.local/lib/python3.12/site-packages/airflow/example_dags/example_short_circuit_operator.py
[2025-03-18T00:33:17.034+0000] {processor.py:914} INFO - Processing file /home/airflow/.local/lib/python3.12/site-packages/airflow/example_dags/example_short_circuit_operator.py for tasks to queue
[2025-03-18T00:33:17.036+0000] {logging_mixin.py:190} INFO - [2025-03-18T00:33:17.036+0000] {dagbag.py:588} INFO - Filling up the DagBag from /home/airflow/.local/lib/python3.12/site-packages/airflow/example_dags/example_short_circuit_operator.py
[2025-03-18T00:33:17.049+0000] {processor.py:925} INFO - DAG(s) 'example_short_circuit_operator' retrieved from /home/airflow/.local/lib/python3.12/site-packages/airflow/example_dags/example_short_circuit_operator.py
[2025-03-18T00:33:17.082+0000] {logging_mixin.py:190} INFO - [2025-03-18T00:33:17.082+0000] {dag.py:3239} INFO - Sync 1 DAGs
[2025-03-18T00:33:17.102+0000] {logging_mixin.py:190} INFO - [2025-03-18T00:33:17.102+0000] {dag.py:4180} INFO - Setting next_dagrun for example_short_circuit_operator to None, run_after=None
[2025-03-18T00:33:17.135+0000] {processor.py:208} INFO - Processing /home/airflow/.local/lib/python3.12/site-packages/airflow/example_dags/example_short_circuit_operator.py took 0.111 seconds
[2025-03-18T00:33:47.349+0000] {processor.py:186} INFO - Started process (PID=50784) to work on /home/airflow/.local/lib/python3.12/site-packages/airflow/example_dags/example_short_circuit_operator.py
[2025-03-18T00:33:47.350+0000] {processor.py:914} INFO - Processing file /home/airflow/.local/lib/python3.12/site-packages/airflow/example_dags/example_short_circuit_operator.py for tasks to queue
[2025-03-18T00:33:47.352+0000] {logging_mixin.py:190} INFO - [2025-03-18T00:33:47.352+0000] {dagbag.py:588} INFO - Filling up the DagBag from /home/airflow/.local/lib/python3.12/site-packages/airflow/example_dags/example_short_circuit_operator.py
[2025-03-18T00:33:47.363+0000] {processor.py:925} INFO - DAG(s) 'example_short_circuit_operator' retrieved from /home/airflow/.local/lib/python3.12/site-packages/airflow/example_dags/example_short_circuit_operator.py
[2025-03-18T00:33:47.390+0000] {logging_mixin.py:190} INFO - [2025-03-18T00:33:47.389+0000] {dag.py:3239} INFO - Sync 1 DAGs
[2025-03-18T00:33:47.408+0000] {logging_mixin.py:190} INFO - [2025-03-18T00:33:47.408+0000] {dag.py:4180} INFO - Setting next_dagrun for example_short_circuit_operator to None, run_after=None
[2025-03-18T00:33:47.441+0000] {processor.py:208} INFO - Processing /home/airflow/.local/lib/python3.12/site-packages/airflow/example_dags/example_short_circuit_operator.py took 0.101 seconds
[2025-03-18T00:34:17.782+0000] {processor.py:186} INFO - Started process (PID=50849) to work on /home/airflow/.local/lib/python3.12/site-packages/airflow/example_dags/example_short_circuit_operator.py
[2025-03-18T00:34:17.784+0000] {processor.py:914} INFO - Processing file /home/airflow/.local/lib/python3.12/site-packages/airflow/example_dags/example_short_circuit_operator.py for tasks to queue
[2025-03-18T00:34:17.786+0000] {logging_mixin.py:190} INFO - [2025-03-18T00:34:17.786+0000] {dagbag.py:588} INFO - Filling up the DagBag from /home/airflow/.local/lib/python3.12/site-packages/airflow/example_dags/example_short_circuit_operator.py
[2025-03-18T00:34:17.799+0000] {processor.py:925} INFO - DAG(s) 'example_short_circuit_operator' retrieved from /home/airflow/.local/lib/python3.12/site-packages/airflow/example_dags/example_short_circuit_operator.py
[2025-03-18T00:34:17.838+0000] {logging_mixin.py:190} INFO - [2025-03-18T00:34:17.838+0000] {dag.py:3239} INFO - Sync 1 DAGs
[2025-03-18T00:34:17.863+0000] {logging_mixin.py:190} INFO - [2025-03-18T00:34:17.862+0000] {dag.py:4180} INFO - Setting next_dagrun for example_short_circuit_operator to None, run_after=None
[2025-03-18T00:34:17.895+0000] {processor.py:208} INFO - Processing /home/airflow/.local/lib/python3.12/site-packages/airflow/example_dags/example_short_circuit_operator.py took 0.121 seconds
[2025-03-18T00:34:48.091+0000] {processor.py:186} INFO - Started process (PID=50913) to work on /home/airflow/.local/lib/python3.12/site-packages/airflow/example_dags/example_short_circuit_operator.py
[2025-03-18T00:34:48.093+0000] {processor.py:914} INFO - Processing file /home/airflow/.local/lib/python3.12/site-packages/airflow/example_dags/example_short_circuit_operator.py for tasks to queue
[2025-03-18T00:34:48.096+0000] {logging_mixin.py:190} INFO - [2025-03-18T00:34:48.095+0000] {dagbag.py:588} INFO - Filling up the DagBag from /home/airflow/.local/lib/python3.12/site-packages/airflow/example_dags/example_short_circuit_operator.py
[2025-03-18T00:34:48.108+0000] {processor.py:925} INFO - DAG(s) 'example_short_circuit_operator' retrieved from /home/airflow/.local/lib/python3.12/site-packages/airflow/example_dags/example_short_circuit_operator.py
[2025-03-18T00:34:48.141+0000] {logging_mixin.py:190} INFO - [2025-03-18T00:34:48.140+0000] {dag.py:3239} INFO - Sync 1 DAGs
[2025-03-18T00:34:48.162+0000] {logging_mixin.py:190} INFO - [2025-03-18T00:34:48.161+0000] {dag.py:4180} INFO - Setting next_dagrun for example_short_circuit_operator to None, run_after=None
[2025-03-18T00:34:48.192+0000] {processor.py:208} INFO - Processing /home/airflow/.local/lib/python3.12/site-packages/airflow/example_dags/example_short_circuit_operator.py took 0.111 seconds
[2025-03-18T00:35:18.540+0000] {processor.py:186} INFO - Started process (PID=50978) to work on /home/airflow/.local/lib/python3.12/site-packages/airflow/example_dags/example_short_circuit_operator.py
[2025-03-18T00:35:18.541+0000] {processor.py:914} INFO - Processing file /home/airflow/.local/lib/python3.12/site-packages/airflow/example_dags/example_short_circuit_operator.py for tasks to queue
[2025-03-18T00:35:18.544+0000] {logging_mixin.py:190} INFO - [2025-03-18T00:35:18.543+0000] {dagbag.py:588} INFO - Filling up the DagBag from /home/airflow/.local/lib/python3.12/site-packages/airflow/example_dags/example_short_circuit_operator.py
[2025-03-18T00:35:18.558+0000] {processor.py:925} INFO - DAG(s) 'example_short_circuit_operator' retrieved from /home/airflow/.local/lib/python3.12/site-packages/airflow/example_dags/example_short_circuit_operator.py
[2025-03-18T00:35:18.594+0000] {logging_mixin.py:190} INFO - [2025-03-18T00:35:18.594+0000] {dag.py:3239} INFO - Sync 1 DAGs
[2025-03-18T00:35:18.615+0000] {logging_mixin.py:190} INFO - [2025-03-18T00:35:18.614+0000] {dag.py:4180} INFO - Setting next_dagrun for example_short_circuit_operator to None, run_after=None
[2025-03-18T00:35:18.648+0000] {processor.py:208} INFO - Processing /home/airflow/.local/lib/python3.12/site-packages/airflow/example_dags/example_short_circuit_operator.py took 0.117 seconds
[2025-03-18T00:35:48.845+0000] {processor.py:186} INFO - Started process (PID=51043) to work on /home/airflow/.local/lib/python3.12/site-packages/airflow/example_dags/example_short_circuit_operator.py
[2025-03-18T00:35:48.847+0000] {processor.py:914} INFO - Processing file /home/airflow/.local/lib/python3.12/site-packages/airflow/example_dags/example_short_circuit_operator.py for tasks to queue
[2025-03-18T00:35:48.849+0000] {logging_mixin.py:190} INFO - [2025-03-18T00:35:48.849+0000] {dagbag.py:588} INFO - Filling up the DagBag from /home/airflow/.local/lib/python3.12/site-packages/airflow/example_dags/example_short_circuit_operator.py
[2025-03-18T00:35:48.862+0000] {processor.py:925} INFO - DAG(s) 'example_short_circuit_operator' retrieved from /home/airflow/.local/lib/python3.12/site-packages/airflow/example_dags/example_short_circuit_operator.py
[2025-03-18T00:35:48.896+0000] {logging_mixin.py:190} INFO - [2025-03-18T00:35:48.896+0000] {dag.py:3239} INFO - Sync 1 DAGs
[2025-03-18T00:35:48.916+0000] {logging_mixin.py:190} INFO - [2025-03-18T00:35:48.916+0000] {dag.py:4180} INFO - Setting next_dagrun for example_short_circuit_operator to None, run_after=None
[2025-03-18T00:35:48.948+0000] {processor.py:208} INFO - Processing /home/airflow/.local/lib/python3.12/site-packages/airflow/example_dags/example_short_circuit_operator.py took 0.113 seconds
[2025-03-18T00:36:19.403+0000] {processor.py:186} INFO - Started process (PID=51108) to work on /home/airflow/.local/lib/python3.12/site-packages/airflow/example_dags/example_short_circuit_operator.py
[2025-03-18T00:36:19.404+0000] {processor.py:914} INFO - Processing file /home/airflow/.local/lib/python3.12/site-packages/airflow/example_dags/example_short_circuit_operator.py for tasks to queue
[2025-03-18T00:36:19.407+0000] {logging_mixin.py:190} INFO - [2025-03-18T00:36:19.406+0000] {dagbag.py:588} INFO - Filling up the DagBag from /home/airflow/.local/lib/python3.12/site-packages/airflow/example_dags/example_short_circuit_operator.py
[2025-03-18T00:36:19.422+0000] {processor.py:925} INFO - DAG(s) 'example_short_circuit_operator' retrieved from /home/airflow/.local/lib/python3.12/site-packages/airflow/example_dags/example_short_circuit_operator.py
[2025-03-18T00:36:19.466+0000] {logging_mixin.py:190} INFO - [2025-03-18T00:36:19.465+0000] {dag.py:3239} INFO - Sync 1 DAGs
[2025-03-18T00:36:19.500+0000] {logging_mixin.py:190} INFO - [2025-03-18T00:36:19.500+0000] {dag.py:4180} INFO - Setting next_dagrun for example_short_circuit_operator to None, run_after=None
[2025-03-18T00:36:19.537+0000] {processor.py:208} INFO - Processing /home/airflow/.local/lib/python3.12/site-packages/airflow/example_dags/example_short_circuit_operator.py took 0.142 seconds
[2025-03-18T00:36:49.776+0000] {processor.py:186} INFO - Started process (PID=51173) to work on /home/airflow/.local/lib/python3.12/site-packages/airflow/example_dags/example_short_circuit_operator.py
[2025-03-18T00:36:49.778+0000] {processor.py:914} INFO - Processing file /home/airflow/.local/lib/python3.12/site-packages/airflow/example_dags/example_short_circuit_operator.py for tasks to queue
[2025-03-18T00:36:49.779+0000] {logging_mixin.py:190} INFO - [2025-03-18T00:36:49.779+0000] {dagbag.py:588} INFO - Filling up the DagBag from /home/airflow/.local/lib/python3.12/site-packages/airflow/example_dags/example_short_circuit_operator.py
[2025-03-18T00:36:49.795+0000] {processor.py:925} INFO - DAG(s) 'example_short_circuit_operator' retrieved from /home/airflow/.local/lib/python3.12/site-packages/airflow/example_dags/example_short_circuit_operator.py
[2025-03-18T00:36:49.827+0000] {logging_mixin.py:190} INFO - [2025-03-18T00:36:49.827+0000] {dag.py:3239} INFO - Sync 1 DAGs
[2025-03-18T00:36:49.848+0000] {logging_mixin.py:190} INFO - [2025-03-18T00:36:49.848+0000] {dag.py:4180} INFO - Setting next_dagrun for example_short_circuit_operator to None, run_after=None
[2025-03-18T00:36:49.879+0000] {processor.py:208} INFO - Processing /home/airflow/.local/lib/python3.12/site-packages/airflow/example_dags/example_short_circuit_operator.py took 0.111 seconds
[2025-03-18T00:37:19.990+0000] {processor.py:186} INFO - Started process (PID=51238) to work on /home/airflow/.local/lib/python3.12/site-packages/airflow/example_dags/example_short_circuit_operator.py
[2025-03-18T00:37:19.992+0000] {processor.py:914} INFO - Processing file /home/airflow/.local/lib/python3.12/site-packages/airflow/example_dags/example_short_circuit_operator.py for tasks to queue
[2025-03-18T00:37:19.994+0000] {logging_mixin.py:190} INFO - [2025-03-18T00:37:19.993+0000] {dagbag.py:588} INFO - Filling up the DagBag from /home/airflow/.local/lib/python3.12/site-packages/airflow/example_dags/example_short_circuit_operator.py
[2025-03-18T00:37:20.006+0000] {processor.py:925} INFO - DAG(s) 'example_short_circuit_operator' retrieved from /home/airflow/.local/lib/python3.12/site-packages/airflow/example_dags/example_short_circuit_operator.py
[2025-03-18T00:37:20.036+0000] {logging_mixin.py:190} INFO - [2025-03-18T00:37:20.036+0000] {dag.py:3239} INFO - Sync 1 DAGs
[2025-03-18T00:37:20.054+0000] {logging_mixin.py:190} INFO - [2025-03-18T00:37:20.054+0000] {dag.py:4180} INFO - Setting next_dagrun for example_short_circuit_operator to None, run_after=None
[2025-03-18T00:37:20.082+0000] {processor.py:208} INFO - Processing /home/airflow/.local/lib/python3.12/site-packages/airflow/example_dags/example_short_circuit_operator.py took 0.099 seconds
[2025-03-18T00:37:50.996+0000] {processor.py:186} INFO - Started process (PID=51303) to work on /home/airflow/.local/lib/python3.12/site-packages/airflow/example_dags/example_short_circuit_operator.py
[2025-03-18T00:37:50.997+0000] {processor.py:914} INFO - Processing file /home/airflow/.local/lib/python3.12/site-packages/airflow/example_dags/example_short_circuit_operator.py for tasks to queue
[2025-03-18T00:37:50.999+0000] {logging_mixin.py:190} INFO - [2025-03-18T00:37:50.999+0000] {dagbag.py:588} INFO - Filling up the DagBag from /home/airflow/.local/lib/python3.12/site-packages/airflow/example_dags/example_short_circuit_operator.py
[2025-03-18T00:37:51.011+0000] {processor.py:925} INFO - DAG(s) 'example_short_circuit_operator' retrieved from /home/airflow/.local/lib/python3.12/site-packages/airflow/example_dags/example_short_circuit_operator.py
[2025-03-18T00:37:51.043+0000] {logging_mixin.py:190} INFO - [2025-03-18T00:37:51.043+0000] {dag.py:3239} INFO - Sync 1 DAGs
[2025-03-18T00:37:51.063+0000] {logging_mixin.py:190} INFO - [2025-03-18T00:37:51.063+0000] {dag.py:4180} INFO - Setting next_dagrun for example_short_circuit_operator to None, run_after=None
[2025-03-18T00:37:51.097+0000] {processor.py:208} INFO - Processing /home/airflow/.local/lib/python3.12/site-packages/airflow/example_dags/example_short_circuit_operator.py took 0.108 seconds
[2025-03-18T00:38:21.390+0000] {processor.py:186} INFO - Started process (PID=51367) to work on /home/airflow/.local/lib/python3.12/site-packages/airflow/example_dags/example_short_circuit_operator.py
[2025-03-18T00:38:21.392+0000] {processor.py:914} INFO - Processing file /home/airflow/.local/lib/python3.12/site-packages/airflow/example_dags/example_short_circuit_operator.py for tasks to queue
[2025-03-18T00:38:21.394+0000] {logging_mixin.py:190} INFO - [2025-03-18T00:38:21.394+0000] {dagbag.py:588} INFO - Filling up the DagBag from /home/airflow/.local/lib/python3.12/site-packages/airflow/example_dags/example_short_circuit_operator.py
[2025-03-18T00:38:21.407+0000] {processor.py:925} INFO - DAG(s) 'example_short_circuit_operator' retrieved from /home/airflow/.local/lib/python3.12/site-packages/airflow/example_dags/example_short_circuit_operator.py
[2025-03-18T00:38:21.443+0000] {logging_mixin.py:190} INFO - [2025-03-18T00:38:21.442+0000] {dag.py:3239} INFO - Sync 1 DAGs
[2025-03-18T00:38:21.466+0000] {logging_mixin.py:190} INFO - [2025-03-18T00:38:21.465+0000] {dag.py:4180} INFO - Setting next_dagrun for example_short_circuit_operator to None, run_after=None
[2025-03-18T00:38:21.499+0000] {processor.py:208} INFO - Processing /home/airflow/.local/lib/python3.12/site-packages/airflow/example_dags/example_short_circuit_operator.py took 0.116 seconds
[2025-03-18T00:57:12.070+0000] {processor.py:186} INFO - Started process (PID=51413) to work on /home/airflow/.local/lib/python3.12/site-packages/airflow/example_dags/example_short_circuit_operator.py
[2025-03-18T00:57:12.075+0000] {processor.py:914} INFO - Processing file /home/airflow/.local/lib/python3.12/site-packages/airflow/example_dags/example_short_circuit_operator.py for tasks to queue
[2025-03-18T00:57:12.083+0000] {logging_mixin.py:190} INFO - [2025-03-18T00:57:12.080+0000] {dagbag.py:588} INFO - Filling up the DagBag from /home/airflow/.local/lib/python3.12/site-packages/airflow/example_dags/example_short_circuit_operator.py
[2025-03-18T00:57:12.149+0000] {processor.py:925} INFO - DAG(s) 'example_short_circuit_operator' retrieved from /home/airflow/.local/lib/python3.12/site-packages/airflow/example_dags/example_short_circuit_operator.py
[2025-03-18T00:57:12.252+0000] {logging_mixin.py:190} INFO - [2025-03-18T00:57:12.252+0000] {dag.py:3239} INFO - Sync 1 DAGs
[2025-03-18T00:57:12.327+0000] {logging_mixin.py:190} INFO - [2025-03-18T00:57:12.326+0000] {dag.py:4180} INFO - Setting next_dagrun for example_short_circuit_operator to None, run_after=None
[2025-03-18T00:57:12.425+0000] {processor.py:208} INFO - Processing /home/airflow/.local/lib/python3.12/site-packages/airflow/example_dags/example_short_circuit_operator.py took 0.386 seconds
