[2025-03-18T00:28:09.860+0000] {processor.py:186} INFO - Started process (PID=50646) to work on /home/airflow/.local/lib/python3.12/site-packages/airflow/example_dags/example_branch_day_of_week_operator.py
[2025-03-18T00:28:09.863+0000] {processor.py:914} INFO - Processing file /home/airflow/.local/lib/python3.12/site-packages/airflow/example_dags/example_branch_day_of_week_operator.py for tasks to queue
[2025-03-18T00:28:09.874+0000] {logging_mixin.py:190} INFO - [2025-03-18T00:28:09.873+0000] {dagbag.py:588} INFO - Filling up the DagBag from /home/airflow/.local/lib/python3.12/site-packages/airflow/example_dags/example_branch_day_of_week_operator.py
[2025-03-18T00:28:09.924+0000] {processor.py:925} INFO - DAG(s) 'example_weekday_branch_operator' retrieved from /home/airflow/.local/lib/python3.12/site-packages/airflow/example_dags/example_branch_day_of_week_operator.py
[2025-03-18T00:28:10.039+0000] {logging_mixin.py:190} INFO - [2025-03-18T00:28:10.038+0000] {dag.py:3239} INFO - Sync 1 DAGs
[2025-03-18T00:28:10.199+0000] {logging_mixin.py:190} INFO - [2025-03-18T00:28:10.198+0000] {dag.py:4180} INFO - Setting next_dagrun for example_weekday_branch_operator to 2025-03-17 00:00:00+00:00, run_after=2025-03-18 00:00:00+00:00
[2025-03-18T00:28:10.321+0000] {processor.py:208} INFO - Processing /home/airflow/.local/lib/python3.12/site-packages/airflow/example_dags/example_branch_day_of_week_operator.py took 0.483 seconds
[2025-03-18T00:33:09.111+0000] {processor.py:186} INFO - Started process (PID=50711) to work on /home/airflow/.local/lib/python3.12/site-packages/airflow/example_dags/example_branch_day_of_week_operator.py
[2025-03-18T00:33:09.113+0000] {processor.py:914} INFO - Processing file /home/airflow/.local/lib/python3.12/site-packages/airflow/example_dags/example_branch_day_of_week_operator.py for tasks to queue
[2025-03-18T00:33:09.115+0000] {logging_mixin.py:190} INFO - [2025-03-18T00:33:09.115+0000] {dagbag.py:588} INFO - Filling up the DagBag from /home/airflow/.local/lib/python3.12/site-packages/airflow/example_dags/example_branch_day_of_week_operator.py
[2025-03-18T00:33:09.130+0000] {processor.py:925} INFO - DAG(s) 'example_weekday_branch_operator' retrieved from /home/airflow/.local/lib/python3.12/site-packages/airflow/example_dags/example_branch_day_of_week_operator.py
[2025-03-18T00:33:09.161+0000] {logging_mixin.py:190} INFO - [2025-03-18T00:33:09.161+0000] {dag.py:3239} INFO - Sync 1 DAGs
[2025-03-18T00:33:09.225+0000] {logging_mixin.py:190} INFO - [2025-03-18T00:33:09.224+0000] {dag.py:4180} INFO - Setting next_dagrun for example_weekday_branch_operator to 2025-03-17 00:00:00+00:00, run_after=2025-03-18 00:00:00+00:00
[2025-03-18T00:33:09.322+0000] {processor.py:208} INFO - Processing /home/airflow/.local/lib/python3.12/site-packages/airflow/example_dags/example_branch_day_of_week_operator.py took 0.221 seconds
[2025-03-18T00:33:39.507+0000] {processor.py:186} INFO - Started process (PID=50776) to work on /home/airflow/.local/lib/python3.12/site-packages/airflow/example_dags/example_branch_day_of_week_operator.py
[2025-03-18T00:33:39.509+0000] {processor.py:914} INFO - Processing file /home/airflow/.local/lib/python3.12/site-packages/airflow/example_dags/example_branch_day_of_week_operator.py for tasks to queue
[2025-03-18T00:33:39.511+0000] {logging_mixin.py:190} INFO - [2025-03-18T00:33:39.511+0000] {dagbag.py:588} INFO - Filling up the DagBag from /home/airflow/.local/lib/python3.12/site-packages/airflow/example_dags/example_branch_day_of_week_operator.py
[2025-03-18T00:33:39.527+0000] {processor.py:925} INFO - DAG(s) 'example_weekday_branch_operator' retrieved from /home/airflow/.local/lib/python3.12/site-packages/airflow/example_dags/example_branch_day_of_week_operator.py
[2025-03-18T00:33:39.558+0000] {logging_mixin.py:190} INFO - [2025-03-18T00:33:39.558+0000] {dag.py:3239} INFO - Sync 1 DAGs
[2025-03-18T00:33:39.593+0000] {logging_mixin.py:190} INFO - [2025-03-18T00:33:39.592+0000] {dag.py:4180} INFO - Setting next_dagrun for example_weekday_branch_operator to 2025-03-17 00:00:00+00:00, run_after=2025-03-18 00:00:00+00:00
[2025-03-18T00:33:39.626+0000] {processor.py:208} INFO - Processing /home/airflow/.local/lib/python3.12/site-packages/airflow/example_dags/example_branch_day_of_week_operator.py took 0.128 seconds
[2025-03-18T00:34:11.307+0000] {processor.py:186} INFO - Started process (PID=50838) to work on /home/airflow/.local/lib/python3.12/site-packages/airflow/example_dags/example_branch_day_of_week_operator.py
[2025-03-18T00:34:11.309+0000] {processor.py:914} INFO - Processing file /home/airflow/.local/lib/python3.12/site-packages/airflow/example_dags/example_branch_day_of_week_operator.py for tasks to queue
[2025-03-18T00:34:11.312+0000] {logging_mixin.py:190} INFO - [2025-03-18T00:34:11.311+0000] {dagbag.py:588} INFO - Filling up the DagBag from /home/airflow/.local/lib/python3.12/site-packages/airflow/example_dags/example_branch_day_of_week_operator.py
[2025-03-18T00:34:11.327+0000] {processor.py:925} INFO - DAG(s) 'example_weekday_branch_operator' retrieved from /home/airflow/.local/lib/python3.12/site-packages/airflow/example_dags/example_branch_day_of_week_operator.py
[2025-03-18T00:34:11.360+0000] {logging_mixin.py:190} INFO - [2025-03-18T00:34:11.359+0000] {dag.py:3239} INFO - Sync 1 DAGs
[2025-03-18T00:34:11.410+0000] {logging_mixin.py:190} INFO - [2025-03-18T00:34:11.409+0000] {dag.py:4180} INFO - Setting next_dagrun for example_weekday_branch_operator to 2025-03-17 00:00:00+00:00, run_after=2025-03-18 00:00:00+00:00
[2025-03-18T00:34:11.478+0000] {processor.py:208} INFO - Processing /home/airflow/.local/lib/python3.12/site-packages/airflow/example_dags/example_branch_day_of_week_operator.py took 0.182 seconds
[2025-03-18T00:34:42.070+0000] {processor.py:186} INFO - Started process (PID=50903) to work on /home/airflow/.local/lib/python3.12/site-packages/airflow/example_dags/example_branch_day_of_week_operator.py
[2025-03-18T00:34:42.072+0000] {processor.py:914} INFO - Processing file /home/airflow/.local/lib/python3.12/site-packages/airflow/example_dags/example_branch_day_of_week_operator.py for tasks to queue
[2025-03-18T00:34:42.074+0000] {logging_mixin.py:190} INFO - [2025-03-18T00:34:42.074+0000] {dagbag.py:588} INFO - Filling up the DagBag from /home/airflow/.local/lib/python3.12/site-packages/airflow/example_dags/example_branch_day_of_week_operator.py
[2025-03-18T00:34:42.089+0000] {processor.py:925} INFO - DAG(s) 'example_weekday_branch_operator' retrieved from /home/airflow/.local/lib/python3.12/site-packages/airflow/example_dags/example_branch_day_of_week_operator.py
[2025-03-18T00:34:42.130+0000] {logging_mixin.py:190} INFO - [2025-03-18T00:34:42.130+0000] {dag.py:3239} INFO - Sync 1 DAGs
[2025-03-18T00:34:42.178+0000] {logging_mixin.py:190} INFO - [2025-03-18T00:34:42.178+0000] {dag.py:4180} INFO - Setting next_dagrun for example_weekday_branch_operator to 2025-03-17 00:00:00+00:00, run_after=2025-03-18 00:00:00+00:00
[2025-03-18T00:34:42.213+0000] {processor.py:208} INFO - Processing /home/airflow/.local/lib/python3.12/site-packages/airflow/example_dags/example_branch_day_of_week_operator.py took 0.152 seconds
[2025-03-18T00:35:12.494+0000] {processor.py:186} INFO - Started process (PID=50967) to work on /home/airflow/.local/lib/python3.12/site-packages/airflow/example_dags/example_branch_day_of_week_operator.py
[2025-03-18T00:35:12.496+0000] {processor.py:914} INFO - Processing file /home/airflow/.local/lib/python3.12/site-packages/airflow/example_dags/example_branch_day_of_week_operator.py for tasks to queue
[2025-03-18T00:35:12.498+0000] {logging_mixin.py:190} INFO - [2025-03-18T00:35:12.498+0000] {dagbag.py:588} INFO - Filling up the DagBag from /home/airflow/.local/lib/python3.12/site-packages/airflow/example_dags/example_branch_day_of_week_operator.py
[2025-03-18T00:35:12.515+0000] {processor.py:925} INFO - DAG(s) 'example_weekday_branch_operator' retrieved from /home/airflow/.local/lib/python3.12/site-packages/airflow/example_dags/example_branch_day_of_week_operator.py
[2025-03-18T00:35:12.544+0000] {logging_mixin.py:190} INFO - [2025-03-18T00:35:12.543+0000] {dag.py:3239} INFO - Sync 1 DAGs
[2025-03-18T00:35:12.581+0000] {logging_mixin.py:190} INFO - [2025-03-18T00:35:12.581+0000] {dag.py:4180} INFO - Setting next_dagrun for example_weekday_branch_operator to 2025-03-17 00:00:00+00:00, run_after=2025-03-18 00:00:00+00:00
[2025-03-18T00:35:12.614+0000] {processor.py:208} INFO - Processing /home/airflow/.local/lib/python3.12/site-packages/airflow/example_dags/example_branch_day_of_week_operator.py took 0.128 seconds
[2025-03-18T00:35:43.750+0000] {processor.py:186} INFO - Started process (PID=51032) to work on /home/airflow/.local/lib/python3.12/site-packages/airflow/example_dags/example_branch_day_of_week_operator.py
[2025-03-18T00:35:43.752+0000] {processor.py:914} INFO - Processing file /home/airflow/.local/lib/python3.12/site-packages/airflow/example_dags/example_branch_day_of_week_operator.py for tasks to queue
[2025-03-18T00:35:43.754+0000] {logging_mixin.py:190} INFO - [2025-03-18T00:35:43.753+0000] {dagbag.py:588} INFO - Filling up the DagBag from /home/airflow/.local/lib/python3.12/site-packages/airflow/example_dags/example_branch_day_of_week_operator.py
[2025-03-18T00:35:43.769+0000] {processor.py:925} INFO - DAG(s) 'example_weekday_branch_operator' retrieved from /home/airflow/.local/lib/python3.12/site-packages/airflow/example_dags/example_branch_day_of_week_operator.py
[2025-03-18T00:35:43.801+0000] {logging_mixin.py:190} INFO - [2025-03-18T00:35:43.801+0000] {dag.py:3239} INFO - Sync 1 DAGs
[2025-03-18T00:35:43.837+0000] {logging_mixin.py:190} INFO - [2025-03-18T00:35:43.837+0000] {dag.py:4180} INFO - Setting next_dagrun for example_weekday_branch_operator to 2025-03-17 00:00:00+00:00, run_after=2025-03-18 00:00:00+00:00
[2025-03-18T00:35:43.869+0000] {processor.py:208} INFO - Processing /home/airflow/.local/lib/python3.12/site-packages/airflow/example_dags/example_branch_day_of_week_operator.py took 0.130 seconds
[2025-03-18T00:36:14.065+0000] {processor.py:186} INFO - Started process (PID=51097) to work on /home/airflow/.local/lib/python3.12/site-packages/airflow/example_dags/example_branch_day_of_week_operator.py
[2025-03-18T00:36:14.066+0000] {processor.py:914} INFO - Processing file /home/airflow/.local/lib/python3.12/site-packages/airflow/example_dags/example_branch_day_of_week_operator.py for tasks to queue
[2025-03-18T00:36:14.069+0000] {logging_mixin.py:190} INFO - [2025-03-18T00:36:14.068+0000] {dagbag.py:588} INFO - Filling up the DagBag from /home/airflow/.local/lib/python3.12/site-packages/airflow/example_dags/example_branch_day_of_week_operator.py
[2025-03-18T00:36:14.082+0000] {processor.py:925} INFO - DAG(s) 'example_weekday_branch_operator' retrieved from /home/airflow/.local/lib/python3.12/site-packages/airflow/example_dags/example_branch_day_of_week_operator.py
[2025-03-18T00:36:14.114+0000] {logging_mixin.py:190} INFO - [2025-03-18T00:36:14.113+0000] {dag.py:3239} INFO - Sync 1 DAGs
[2025-03-18T00:36:14.156+0000] {logging_mixin.py:190} INFO - [2025-03-18T00:36:14.155+0000] {dag.py:4180} INFO - Setting next_dagrun for example_weekday_branch_operator to 2025-03-17 00:00:00+00:00, run_after=2025-03-18 00:00:00+00:00
[2025-03-18T00:36:14.191+0000] {processor.py:208} INFO - Processing /home/airflow/.local/lib/python3.12/site-packages/airflow/example_dags/example_branch_day_of_week_operator.py took 0.137 seconds
[2025-03-18T00:36:44.410+0000] {processor.py:186} INFO - Started process (PID=51162) to work on /home/airflow/.local/lib/python3.12/site-packages/airflow/example_dags/example_branch_day_of_week_operator.py
[2025-03-18T00:36:44.412+0000] {processor.py:914} INFO - Processing file /home/airflow/.local/lib/python3.12/site-packages/airflow/example_dags/example_branch_day_of_week_operator.py for tasks to queue
[2025-03-18T00:36:44.414+0000] {logging_mixin.py:190} INFO - [2025-03-18T00:36:44.414+0000] {dagbag.py:588} INFO - Filling up the DagBag from /home/airflow/.local/lib/python3.12/site-packages/airflow/example_dags/example_branch_day_of_week_operator.py
[2025-03-18T00:36:44.425+0000] {processor.py:925} INFO - DAG(s) 'example_weekday_branch_operator' retrieved from /home/airflow/.local/lib/python3.12/site-packages/airflow/example_dags/example_branch_day_of_week_operator.py
[2025-03-18T00:36:44.454+0000] {logging_mixin.py:190} INFO - [2025-03-18T00:36:44.454+0000] {dag.py:3239} INFO - Sync 1 DAGs
[2025-03-18T00:36:44.490+0000] {logging_mixin.py:190} INFO - [2025-03-18T00:36:44.490+0000] {dag.py:4180} INFO - Setting next_dagrun for example_weekday_branch_operator to 2025-03-17 00:00:00+00:00, run_after=2025-03-18 00:00:00+00:00
[2025-03-18T00:36:44.522+0000] {processor.py:208} INFO - Processing /home/airflow/.local/lib/python3.12/site-packages/airflow/example_dags/example_branch_day_of_week_operator.py took 0.119 seconds
[2025-03-18T00:37:15.145+0000] {processor.py:186} INFO - Started process (PID=51227) to work on /home/airflow/.local/lib/python3.12/site-packages/airflow/example_dags/example_branch_day_of_week_operator.py
[2025-03-18T00:37:15.146+0000] {processor.py:914} INFO - Processing file /home/airflow/.local/lib/python3.12/site-packages/airflow/example_dags/example_branch_day_of_week_operator.py for tasks to queue
[2025-03-18T00:37:15.149+0000] {logging_mixin.py:190} INFO - [2025-03-18T00:37:15.148+0000] {dagbag.py:588} INFO - Filling up the DagBag from /home/airflow/.local/lib/python3.12/site-packages/airflow/example_dags/example_branch_day_of_week_operator.py
[2025-03-18T00:37:15.163+0000] {processor.py:925} INFO - DAG(s) 'example_weekday_branch_operator' retrieved from /home/airflow/.local/lib/python3.12/site-packages/airflow/example_dags/example_branch_day_of_week_operator.py
[2025-03-18T00:37:15.194+0000] {logging_mixin.py:190} INFO - [2025-03-18T00:37:15.193+0000] {dag.py:3239} INFO - Sync 1 DAGs
[2025-03-18T00:37:15.238+0000] {logging_mixin.py:190} INFO - [2025-03-18T00:37:15.238+0000] {dag.py:4180} INFO - Setting next_dagrun for example_weekday_branch_operator to 2025-03-17 00:00:00+00:00, run_after=2025-03-18 00:00:00+00:00
[2025-03-18T00:37:15.271+0000] {processor.py:208} INFO - Processing /home/airflow/.local/lib/python3.12/site-packages/airflow/example_dags/example_branch_day_of_week_operator.py took 0.134 seconds
[2025-03-18T00:37:45.631+0000] {processor.py:186} INFO - Started process (PID=51291) to work on /home/airflow/.local/lib/python3.12/site-packages/airflow/example_dags/example_branch_day_of_week_operator.py
[2025-03-18T00:37:45.632+0000] {processor.py:914} INFO - Processing file /home/airflow/.local/lib/python3.12/site-packages/airflow/example_dags/example_branch_day_of_week_operator.py for tasks to queue
[2025-03-18T00:37:45.635+0000] {logging_mixin.py:190} INFO - [2025-03-18T00:37:45.634+0000] {dagbag.py:588} INFO - Filling up the DagBag from /home/airflow/.local/lib/python3.12/site-packages/airflow/example_dags/example_branch_day_of_week_operator.py
[2025-03-18T00:37:45.650+0000] {processor.py:925} INFO - DAG(s) 'example_weekday_branch_operator' retrieved from /home/airflow/.local/lib/python3.12/site-packages/airflow/example_dags/example_branch_day_of_week_operator.py
[2025-03-18T00:37:45.683+0000] {logging_mixin.py:190} INFO - [2025-03-18T00:37:45.682+0000] {dag.py:3239} INFO - Sync 1 DAGs
[2025-03-18T00:37:45.724+0000] {logging_mixin.py:190} INFO - [2025-03-18T00:37:45.723+0000] {dag.py:4180} INFO - Setting next_dagrun for example_weekday_branch_operator to 2025-03-17 00:00:00+00:00, run_after=2025-03-18 00:00:00+00:00
[2025-03-18T00:37:45.757+0000] {processor.py:208} INFO - Processing /home/airflow/.local/lib/python3.12/site-packages/airflow/example_dags/example_branch_day_of_week_operator.py took 0.134 seconds
[2025-03-18T00:38:16.521+0000] {processor.py:186} INFO - Started process (PID=51356) to work on /home/airflow/.local/lib/python3.12/site-packages/airflow/example_dags/example_branch_day_of_week_operator.py
[2025-03-18T00:38:16.523+0000] {processor.py:914} INFO - Processing file /home/airflow/.local/lib/python3.12/site-packages/airflow/example_dags/example_branch_day_of_week_operator.py for tasks to queue
[2025-03-18T00:38:16.526+0000] {logging_mixin.py:190} INFO - [2025-03-18T00:38:16.525+0000] {dagbag.py:588} INFO - Filling up the DagBag from /home/airflow/.local/lib/python3.12/site-packages/airflow/example_dags/example_branch_day_of_week_operator.py
[2025-03-18T00:38:16.541+0000] {processor.py:925} INFO - DAG(s) 'example_weekday_branch_operator' retrieved from /home/airflow/.local/lib/python3.12/site-packages/airflow/example_dags/example_branch_day_of_week_operator.py
[2025-03-18T00:38:16.569+0000] {logging_mixin.py:190} INFO - [2025-03-18T00:38:16.569+0000] {dag.py:3239} INFO - Sync 1 DAGs
[2025-03-18T00:38:16.605+0000] {logging_mixin.py:190} INFO - [2025-03-18T00:38:16.604+0000] {dag.py:4180} INFO - Setting next_dagrun for example_weekday_branch_operator to 2025-03-17 00:00:00+00:00, run_after=2025-03-18 00:00:00+00:00
[2025-03-18T00:38:16.649+0000] {processor.py:208} INFO - Processing /home/airflow/.local/lib/python3.12/site-packages/airflow/example_dags/example_branch_day_of_week_operator.py took 0.136 seconds
[2025-03-18T00:39:46.337+0000] {processor.py:186} INFO - Started process (PID=51405) to work on /home/airflow/.local/lib/python3.12/site-packages/airflow/example_dags/example_branch_day_of_week_operator.py
[2025-03-18T00:39:46.339+0000] {processor.py:914} INFO - Processing file /home/airflow/.local/lib/python3.12/site-packages/airflow/example_dags/example_branch_day_of_week_operator.py for tasks to queue
[2025-03-18T00:39:46.341+0000] {logging_mixin.py:190} INFO - [2025-03-18T00:39:46.340+0000] {dagbag.py:588} INFO - Filling up the DagBag from /home/airflow/.local/lib/python3.12/site-packages/airflow/example_dags/example_branch_day_of_week_operator.py
[2025-03-18T00:39:46.355+0000] {processor.py:925} INFO - DAG(s) 'example_weekday_branch_operator' retrieved from /home/airflow/.local/lib/python3.12/site-packages/airflow/example_dags/example_branch_day_of_week_operator.py
[2025-03-18T00:39:46.418+0000] {logging_mixin.py:190} INFO - [2025-03-18T00:39:46.417+0000] {dag.py:3239} INFO - Sync 1 DAGs
[2025-03-18T00:39:46.598+0000] {logging_mixin.py:190} INFO - [2025-03-18T00:39:46.597+0000] {dag.py:4180} INFO - Setting next_dagrun for example_weekday_branch_operator to 2025-03-17 00:00:00+00:00, run_after=2025-03-18 00:00:00+00:00
[2025-03-18T00:39:46.686+0000] {processor.py:208} INFO - Processing /home/airflow/.local/lib/python3.12/site-packages/airflow/example_dags/example_branch_day_of_week_operator.py took 0.356 seconds
