[2025-03-18T00:28:10.564+0000] {processor.py:186} INFO - Started process (PID=50648) to work on /home/airflow/.local/lib/python3.12/site-packages/airflow/example_dags/example_datasets.py
[2025-03-18T00:28:10.567+0000] {processor.py:914} INFO - Processing file /home/airflow/.local/lib/python3.12/site-packages/airflow/example_dags/example_datasets.py for tasks to queue
[2025-03-18T00:28:10.570+0000] {logging_mixin.py:190} INFO - [2025-03-18T00:28:10.569+0000] {dagbag.py:588} INFO - Filling up the DagBag from /home/airflow/.local/lib/python3.12/site-packages/airflow/example_dags/example_datasets.py
[2025-03-18T00:33:14.509+0000] {processor.py:186} INFO - Started process (PID=50713) to work on /home/airflow/.local/lib/python3.12/site-packages/airflow/example_dags/example_datasets.py
[2025-03-18T00:33:14.511+0000] {processor.py:914} INFO - Processing file /home/airflow/.local/lib/python3.12/site-packages/airflow/example_dags/example_datasets.py for tasks to queue
[2025-03-18T00:33:14.513+0000] {logging_mixin.py:190} INFO - [2025-03-18T00:33:14.512+0000] {dagbag.py:588} INFO - Filling up the DagBag from /home/airflow/.local/lib/python3.12/site-packages/airflow/example_dags/example_datasets.py
[2025-03-18T00:33:15.472+0000] {processor.py:925} INFO - DAG(s) 'dataset_produces_1', 'dataset_consumes_1_never_scheduled', 'consume_1_and_2_with_dataset_expressions', 'dataset_consumes_unknown_never_scheduled', 'dataset_consumes_1_and_2', 'conditional_dataset_and_time_based_timetable', 'consume_1_or_2_with_dataset_expressions', 'dataset_produces_2', 'consume_1_or_both_2_and_3_with_dataset_expressions', 'dataset_consumes_1' retrieved from /home/airflow/.local/lib/python3.12/site-packages/airflow/example_dags/example_datasets.py
[2025-03-18T00:33:15.579+0000] {logging_mixin.py:190} INFO - [2025-03-18T00:33:15.578+0000] {dag.py:3239} INFO - Sync 10 DAGs
[2025-03-18T00:33:15.636+0000] {logging_mixin.py:190} INFO - [2025-03-18T00:33:15.636+0000] {dag.py:4180} INFO - Setting next_dagrun for conditional_dataset_and_time_based_timetable to 2025-03-12 01:00:00+00:00, run_after=2025-03-12 01:00:00+00:00
[2025-03-18T00:33:15.643+0000] {logging_mixin.py:190} INFO - [2025-03-18T00:33:15.642+0000] {dag.py:4180} INFO - Setting next_dagrun for consume_1_and_2_with_dataset_expressions to None, run_after=None
[2025-03-18T00:33:15.646+0000] {logging_mixin.py:190} INFO - [2025-03-18T00:33:15.645+0000] {dag.py:4180} INFO - Setting next_dagrun for consume_1_or_2_with_dataset_expressions to None, run_after=None
[2025-03-18T00:33:15.649+0000] {logging_mixin.py:190} INFO - [2025-03-18T00:33:15.649+0000] {dag.py:4180} INFO - Setting next_dagrun for consume_1_or_both_2_and_3_with_dataset_expressions to None, run_after=None
[2025-03-18T00:33:15.652+0000] {logging_mixin.py:190} INFO - [2025-03-18T00:33:15.652+0000] {dag.py:4180} INFO - Setting next_dagrun for dataset_consumes_1 to None, run_after=None
[2025-03-18T00:33:15.656+0000] {logging_mixin.py:190} INFO - [2025-03-18T00:33:15.655+0000] {dag.py:4180} INFO - Setting next_dagrun for dataset_consumes_1_and_2 to None, run_after=None
[2025-03-18T00:33:15.659+0000] {logging_mixin.py:190} INFO - [2025-03-18T00:33:15.658+0000] {dag.py:4180} INFO - Setting next_dagrun for dataset_consumes_1_never_scheduled to None, run_after=None
[2025-03-18T00:33:15.662+0000] {logging_mixin.py:190} INFO - [2025-03-18T00:33:15.662+0000] {dag.py:4180} INFO - Setting next_dagrun for dataset_consumes_unknown_never_scheduled to None, run_after=None
[2025-03-18T00:33:15.668+0000] {logging_mixin.py:190} INFO - [2025-03-18T00:33:15.668+0000] {dag.py:4180} INFO - Setting next_dagrun for dataset_produces_1 to 2025-03-17 00:00:00+00:00, run_after=2025-03-18 00:00:00+00:00
[2025-03-18T00:33:15.672+0000] {logging_mixin.py:190} INFO - [2025-03-18T00:33:15.671+0000] {dag.py:4180} INFO - Setting next_dagrun for dataset_produces_2 to None, run_after=None
[2025-03-18T00:33:15.754+0000] {processor.py:208} INFO - Processing /home/airflow/.local/lib/python3.12/site-packages/airflow/example_dags/example_datasets.py took 1.256 seconds
[2025-03-18T00:33:45.994+0000] {processor.py:186} INFO - Started process (PID=50780) to work on /home/airflow/.local/lib/python3.12/site-packages/airflow/example_dags/example_datasets.py
[2025-03-18T00:33:45.996+0000] {processor.py:914} INFO - Processing file /home/airflow/.local/lib/python3.12/site-packages/airflow/example_dags/example_datasets.py for tasks to queue
[2025-03-18T00:33:45.998+0000] {logging_mixin.py:190} INFO - [2025-03-18T00:33:45.998+0000] {dagbag.py:588} INFO - Filling up the DagBag from /home/airflow/.local/lib/python3.12/site-packages/airflow/example_dags/example_datasets.py
[2025-03-18T00:33:46.773+0000] {processor.py:925} INFO - DAG(s) 'conditional_dataset_and_time_based_timetable', 'consume_1_and_2_with_dataset_expressions', 'dataset_produces_1', 'dataset_consumes_unknown_never_scheduled', 'dataset_produces_2', 'dataset_consumes_1', 'dataset_consumes_1_and_2', 'consume_1_or_both_2_and_3_with_dataset_expressions', 'consume_1_or_2_with_dataset_expressions', 'dataset_consumes_1_never_scheduled' retrieved from /home/airflow/.local/lib/python3.12/site-packages/airflow/example_dags/example_datasets.py
[2025-03-18T00:33:46.861+0000] {logging_mixin.py:190} INFO - [2025-03-18T00:33:46.860+0000] {dag.py:3239} INFO - Sync 10 DAGs
[2025-03-18T00:33:46.907+0000] {logging_mixin.py:190} INFO - [2025-03-18T00:33:46.907+0000] {dag.py:4180} INFO - Setting next_dagrun for conditional_dataset_and_time_based_timetable to 2025-03-12 01:00:00+00:00, run_after=2025-03-12 01:00:00+00:00
[2025-03-18T00:33:46.925+0000] {logging_mixin.py:190} INFO - [2025-03-18T00:33:46.924+0000] {dag.py:4180} INFO - Setting next_dagrun for consume_1_and_2_with_dataset_expressions to None, run_after=None
[2025-03-18T00:33:46.930+0000] {logging_mixin.py:190} INFO - [2025-03-18T00:33:46.930+0000] {dag.py:4180} INFO - Setting next_dagrun for consume_1_or_2_with_dataset_expressions to None, run_after=None
[2025-03-18T00:33:46.935+0000] {logging_mixin.py:190} INFO - [2025-03-18T00:33:46.935+0000] {dag.py:4180} INFO - Setting next_dagrun for consume_1_or_both_2_and_3_with_dataset_expressions to None, run_after=None
[2025-03-18T00:33:46.939+0000] {logging_mixin.py:190} INFO - [2025-03-18T00:33:46.939+0000] {dag.py:4180} INFO - Setting next_dagrun for dataset_consumes_1 to None, run_after=None
[2025-03-18T00:33:46.944+0000] {logging_mixin.py:190} INFO - [2025-03-18T00:33:46.943+0000] {dag.py:4180} INFO - Setting next_dagrun for dataset_consumes_1_and_2 to None, run_after=None
[2025-03-18T00:33:46.948+0000] {logging_mixin.py:190} INFO - [2025-03-18T00:33:46.947+0000] {dag.py:4180} INFO - Setting next_dagrun for dataset_consumes_1_never_scheduled to None, run_after=None
[2025-03-18T00:33:46.952+0000] {logging_mixin.py:190} INFO - [2025-03-18T00:33:46.951+0000] {dag.py:4180} INFO - Setting next_dagrun for dataset_consumes_unknown_never_scheduled to None, run_after=None
[2025-03-18T00:33:46.966+0000] {logging_mixin.py:190} INFO - [2025-03-18T00:33:46.966+0000] {dag.py:4180} INFO - Setting next_dagrun for dataset_produces_1 to 2025-03-17 00:00:00+00:00, run_after=2025-03-18 00:00:00+00:00
[2025-03-18T00:33:46.970+0000] {logging_mixin.py:190} INFO - [2025-03-18T00:33:46.970+0000] {dag.py:4180} INFO - Setting next_dagrun for dataset_produces_2 to None, run_after=None
[2025-03-18T00:33:47.063+0000] {processor.py:208} INFO - Processing /home/airflow/.local/lib/python3.12/site-packages/airflow/example_dags/example_datasets.py took 1.078 seconds
[2025-03-18T00:34:17.194+0000] {processor.py:186} INFO - Started process (PID=50845) to work on /home/airflow/.local/lib/python3.12/site-packages/airflow/example_dags/example_datasets.py
[2025-03-18T00:34:17.195+0000] {processor.py:914} INFO - Processing file /home/airflow/.local/lib/python3.12/site-packages/airflow/example_dags/example_datasets.py for tasks to queue
[2025-03-18T00:34:17.197+0000] {logging_mixin.py:190} INFO - [2025-03-18T00:34:17.197+0000] {dagbag.py:588} INFO - Filling up the DagBag from /home/airflow/.local/lib/python3.12/site-packages/airflow/example_dags/example_datasets.py
[2025-03-18T00:34:18.143+0000] {processor.py:925} INFO - DAG(s) 'conditional_dataset_and_time_based_timetable', 'dataset_consumes_1', 'consume_1_or_2_with_dataset_expressions', 'dataset_consumes_unknown_never_scheduled', 'dataset_produces_1', 'consume_1_or_both_2_and_3_with_dataset_expressions', 'dataset_consumes_1_never_scheduled', 'dataset_produces_2', 'dataset_consumes_1_and_2', 'consume_1_and_2_with_dataset_expressions' retrieved from /home/airflow/.local/lib/python3.12/site-packages/airflow/example_dags/example_datasets.py
[2025-03-18T00:34:18.219+0000] {logging_mixin.py:190} INFO - [2025-03-18T00:34:18.219+0000] {dag.py:3239} INFO - Sync 10 DAGs
[2025-03-18T00:34:18.257+0000] {logging_mixin.py:190} INFO - [2025-03-18T00:34:18.256+0000] {dag.py:4180} INFO - Setting next_dagrun for conditional_dataset_and_time_based_timetable to 2025-03-12 01:00:00+00:00, run_after=2025-03-12 01:00:00+00:00
[2025-03-18T00:34:18.265+0000] {logging_mixin.py:190} INFO - [2025-03-18T00:34:18.264+0000] {dag.py:4180} INFO - Setting next_dagrun for consume_1_and_2_with_dataset_expressions to None, run_after=None
[2025-03-18T00:34:18.267+0000] {logging_mixin.py:190} INFO - [2025-03-18T00:34:18.267+0000] {dag.py:4180} INFO - Setting next_dagrun for consume_1_or_2_with_dataset_expressions to None, run_after=None
[2025-03-18T00:34:18.270+0000] {logging_mixin.py:190} INFO - [2025-03-18T00:34:18.270+0000] {dag.py:4180} INFO - Setting next_dagrun for consume_1_or_both_2_and_3_with_dataset_expressions to None, run_after=None
[2025-03-18T00:34:18.273+0000] {logging_mixin.py:190} INFO - [2025-03-18T00:34:18.273+0000] {dag.py:4180} INFO - Setting next_dagrun for dataset_consumes_1 to None, run_after=None
[2025-03-18T00:34:18.277+0000] {logging_mixin.py:190} INFO - [2025-03-18T00:34:18.276+0000] {dag.py:4180} INFO - Setting next_dagrun for dataset_consumes_1_and_2 to None, run_after=None
[2025-03-18T00:34:18.279+0000] {logging_mixin.py:190} INFO - [2025-03-18T00:34:18.279+0000] {dag.py:4180} INFO - Setting next_dagrun for dataset_consumes_1_never_scheduled to None, run_after=None
[2025-03-18T00:34:18.282+0000] {logging_mixin.py:190} INFO - [2025-03-18T00:34:18.282+0000] {dag.py:4180} INFO - Setting next_dagrun for dataset_consumes_unknown_never_scheduled to None, run_after=None
[2025-03-18T00:34:18.287+0000] {logging_mixin.py:190} INFO - [2025-03-18T00:34:18.286+0000] {dag.py:4180} INFO - Setting next_dagrun for dataset_produces_1 to 2025-03-17 00:00:00+00:00, run_after=2025-03-18 00:00:00+00:00
[2025-03-18T00:34:18.290+0000] {logging_mixin.py:190} INFO - [2025-03-18T00:34:18.289+0000] {dag.py:4180} INFO - Setting next_dagrun for dataset_produces_2 to None, run_after=None
[2025-03-18T00:34:18.373+0000] {processor.py:208} INFO - Processing /home/airflow/.local/lib/python3.12/site-packages/airflow/example_dags/example_datasets.py took 1.189 seconds
[2025-03-18T00:34:49.287+0000] {processor.py:186} INFO - Started process (PID=50915) to work on /home/airflow/.local/lib/python3.12/site-packages/airflow/example_dags/example_datasets.py
[2025-03-18T00:34:49.288+0000] {processor.py:914} INFO - Processing file /home/airflow/.local/lib/python3.12/site-packages/airflow/example_dags/example_datasets.py for tasks to queue
[2025-03-18T00:34:49.292+0000] {logging_mixin.py:190} INFO - [2025-03-18T00:34:49.291+0000] {dagbag.py:588} INFO - Filling up the DagBag from /home/airflow/.local/lib/python3.12/site-packages/airflow/example_dags/example_datasets.py
[2025-03-18T00:34:50.303+0000] {processor.py:925} INFO - DAG(s) 'consume_1_and_2_with_dataset_expressions', 'consume_1_or_both_2_and_3_with_dataset_expressions', 'consume_1_or_2_with_dataset_expressions', 'dataset_produces_2', 'conditional_dataset_and_time_based_timetable', 'dataset_consumes_1', 'dataset_consumes_1_and_2', 'dataset_consumes_unknown_never_scheduled', 'dataset_consumes_1_never_scheduled', 'dataset_produces_1' retrieved from /home/airflow/.local/lib/python3.12/site-packages/airflow/example_dags/example_datasets.py
[2025-03-18T00:34:50.382+0000] {logging_mixin.py:190} INFO - [2025-03-18T00:34:50.381+0000] {dag.py:3239} INFO - Sync 10 DAGs
[2025-03-18T00:34:50.419+0000] {logging_mixin.py:190} INFO - [2025-03-18T00:34:50.418+0000] {dag.py:4180} INFO - Setting next_dagrun for conditional_dataset_and_time_based_timetable to 2025-03-12 01:00:00+00:00, run_after=2025-03-12 01:00:00+00:00
[2025-03-18T00:34:50.429+0000] {logging_mixin.py:190} INFO - [2025-03-18T00:34:50.429+0000] {dag.py:4180} INFO - Setting next_dagrun for consume_1_and_2_with_dataset_expressions to None, run_after=None
[2025-03-18T00:34:50.434+0000] {logging_mixin.py:190} INFO - [2025-03-18T00:34:50.434+0000] {dag.py:4180} INFO - Setting next_dagrun for consume_1_or_2_with_dataset_expressions to None, run_after=None
[2025-03-18T00:34:50.438+0000] {logging_mixin.py:190} INFO - [2025-03-18T00:34:50.438+0000] {dag.py:4180} INFO - Setting next_dagrun for consume_1_or_both_2_and_3_with_dataset_expressions to None, run_after=None
[2025-03-18T00:34:50.442+0000] {logging_mixin.py:190} INFO - [2025-03-18T00:34:50.442+0000] {dag.py:4180} INFO - Setting next_dagrun for dataset_consumes_1 to None, run_after=None
[2025-03-18T00:34:50.445+0000] {logging_mixin.py:190} INFO - [2025-03-18T00:34:50.445+0000] {dag.py:4180} INFO - Setting next_dagrun for dataset_consumes_1_and_2 to None, run_after=None
[2025-03-18T00:34:50.449+0000] {logging_mixin.py:190} INFO - [2025-03-18T00:34:50.448+0000] {dag.py:4180} INFO - Setting next_dagrun for dataset_consumes_1_never_scheduled to None, run_after=None
[2025-03-18T00:34:50.451+0000] {logging_mixin.py:190} INFO - [2025-03-18T00:34:50.451+0000] {dag.py:4180} INFO - Setting next_dagrun for dataset_consumes_unknown_never_scheduled to None, run_after=None
[2025-03-18T00:34:50.457+0000] {logging_mixin.py:190} INFO - [2025-03-18T00:34:50.456+0000] {dag.py:4180} INFO - Setting next_dagrun for dataset_produces_1 to 2025-03-17 00:00:00+00:00, run_after=2025-03-18 00:00:00+00:00
[2025-03-18T00:34:50.459+0000] {logging_mixin.py:190} INFO - [2025-03-18T00:34:50.459+0000] {dag.py:4180} INFO - Setting next_dagrun for dataset_produces_2 to None, run_after=None
[2025-03-18T00:34:50.520+0000] {processor.py:208} INFO - Processing /home/airflow/.local/lib/python3.12/site-packages/airflow/example_dags/example_datasets.py took 1.244 seconds
[2025-03-18T00:35:20.984+0000] {processor.py:186} INFO - Started process (PID=50982) to work on /home/airflow/.local/lib/python3.12/site-packages/airflow/example_dags/example_datasets.py
[2025-03-18T00:35:20.986+0000] {processor.py:914} INFO - Processing file /home/airflow/.local/lib/python3.12/site-packages/airflow/example_dags/example_datasets.py for tasks to queue
[2025-03-18T00:35:20.989+0000] {logging_mixin.py:190} INFO - [2025-03-18T00:35:20.988+0000] {dagbag.py:588} INFO - Filling up the DagBag from /home/airflow/.local/lib/python3.12/site-packages/airflow/example_dags/example_datasets.py
[2025-03-18T00:35:21.905+0000] {processor.py:925} INFO - DAG(s) 'dataset_produces_2', 'consume_1_and_2_with_dataset_expressions', 'conditional_dataset_and_time_based_timetable', 'dataset_consumes_unknown_never_scheduled', 'consume_1_or_both_2_and_3_with_dataset_expressions', 'dataset_produces_1', 'dataset_consumes_1', 'dataset_consumes_1_and_2', 'consume_1_or_2_with_dataset_expressions', 'dataset_consumes_1_never_scheduled' retrieved from /home/airflow/.local/lib/python3.12/site-packages/airflow/example_dags/example_datasets.py
[2025-03-18T00:35:21.978+0000] {logging_mixin.py:190} INFO - [2025-03-18T00:35:21.977+0000] {dag.py:3239} INFO - Sync 10 DAGs
[2025-03-18T00:35:22.027+0000] {logging_mixin.py:190} INFO - [2025-03-18T00:35:22.026+0000] {dag.py:4180} INFO - Setting next_dagrun for conditional_dataset_and_time_based_timetable to 2025-03-12 01:00:00+00:00, run_after=2025-03-12 01:00:00+00:00
[2025-03-18T00:35:22.036+0000] {logging_mixin.py:190} INFO - [2025-03-18T00:35:22.036+0000] {dag.py:4180} INFO - Setting next_dagrun for consume_1_and_2_with_dataset_expressions to None, run_after=None
[2025-03-18T00:35:22.040+0000] {logging_mixin.py:190} INFO - [2025-03-18T00:35:22.040+0000] {dag.py:4180} INFO - Setting next_dagrun for consume_1_or_2_with_dataset_expressions to None, run_after=None
[2025-03-18T00:35:22.044+0000] {logging_mixin.py:190} INFO - [2025-03-18T00:35:22.044+0000] {dag.py:4180} INFO - Setting next_dagrun for consume_1_or_both_2_and_3_with_dataset_expressions to None, run_after=None
[2025-03-18T00:35:22.048+0000] {logging_mixin.py:190} INFO - [2025-03-18T00:35:22.048+0000] {dag.py:4180} INFO - Setting next_dagrun for dataset_consumes_1 to None, run_after=None
[2025-03-18T00:35:22.051+0000] {logging_mixin.py:190} INFO - [2025-03-18T00:35:22.051+0000] {dag.py:4180} INFO - Setting next_dagrun for dataset_consumes_1_and_2 to None, run_after=None
[2025-03-18T00:35:22.055+0000] {logging_mixin.py:190} INFO - [2025-03-18T00:35:22.054+0000] {dag.py:4180} INFO - Setting next_dagrun for dataset_consumes_1_never_scheduled to None, run_after=None
[2025-03-18T00:35:22.059+0000] {logging_mixin.py:190} INFO - [2025-03-18T00:35:22.059+0000] {dag.py:4180} INFO - Setting next_dagrun for dataset_consumes_unknown_never_scheduled to None, run_after=None
[2025-03-18T00:35:22.065+0000] {logging_mixin.py:190} INFO - [2025-03-18T00:35:22.065+0000] {dag.py:4180} INFO - Setting next_dagrun for dataset_produces_1 to 2025-03-17 00:00:00+00:00, run_after=2025-03-18 00:00:00+00:00
[2025-03-18T00:35:22.069+0000] {logging_mixin.py:190} INFO - [2025-03-18T00:35:22.068+0000] {dag.py:4180} INFO - Setting next_dagrun for dataset_produces_2 to None, run_after=None
[2025-03-18T00:35:22.137+0000] {processor.py:208} INFO - Processing /home/airflow/.local/lib/python3.12/site-packages/airflow/example_dags/example_datasets.py took 1.160 seconds
[2025-03-18T00:35:52.861+0000] {processor.py:186} INFO - Started process (PID=51050) to work on /home/airflow/.local/lib/python3.12/site-packages/airflow/example_dags/example_datasets.py
[2025-03-18T00:35:52.862+0000] {processor.py:914} INFO - Processing file /home/airflow/.local/lib/python3.12/site-packages/airflow/example_dags/example_datasets.py for tasks to queue
[2025-03-18T00:35:52.865+0000] {logging_mixin.py:190} INFO - [2025-03-18T00:35:52.864+0000] {dagbag.py:588} INFO - Filling up the DagBag from /home/airflow/.local/lib/python3.12/site-packages/airflow/example_dags/example_datasets.py
[2025-03-18T00:35:53.777+0000] {processor.py:925} INFO - DAG(s) 'consume_1_or_both_2_and_3_with_dataset_expressions', 'dataset_produces_2', 'conditional_dataset_and_time_based_timetable', 'dataset_consumes_1', 'dataset_produces_1', 'consume_1_or_2_with_dataset_expressions', 'dataset_consumes_1_never_scheduled', 'dataset_consumes_1_and_2', 'dataset_consumes_unknown_never_scheduled', 'consume_1_and_2_with_dataset_expressions' retrieved from /home/airflow/.local/lib/python3.12/site-packages/airflow/example_dags/example_datasets.py
[2025-03-18T00:35:53.857+0000] {logging_mixin.py:190} INFO - [2025-03-18T00:35:53.857+0000] {dag.py:3239} INFO - Sync 10 DAGs
[2025-03-18T00:35:53.899+0000] {logging_mixin.py:190} INFO - [2025-03-18T00:35:53.899+0000] {dag.py:4180} INFO - Setting next_dagrun for conditional_dataset_and_time_based_timetable to 2025-03-12 01:00:00+00:00, run_after=2025-03-12 01:00:00+00:00
[2025-03-18T00:35:53.905+0000] {logging_mixin.py:190} INFO - [2025-03-18T00:35:53.904+0000] {dag.py:4180} INFO - Setting next_dagrun for consume_1_and_2_with_dataset_expressions to None, run_after=None
[2025-03-18T00:35:53.908+0000] {logging_mixin.py:190} INFO - [2025-03-18T00:35:53.908+0000] {dag.py:4180} INFO - Setting next_dagrun for consume_1_or_2_with_dataset_expressions to None, run_after=None
[2025-03-18T00:35:53.911+0000] {logging_mixin.py:190} INFO - [2025-03-18T00:35:53.911+0000] {dag.py:4180} INFO - Setting next_dagrun for consume_1_or_both_2_and_3_with_dataset_expressions to None, run_after=None
[2025-03-18T00:35:53.914+0000] {logging_mixin.py:190} INFO - [2025-03-18T00:35:53.914+0000] {dag.py:4180} INFO - Setting next_dagrun for dataset_consumes_1 to None, run_after=None
[2025-03-18T00:35:53.917+0000] {logging_mixin.py:190} INFO - [2025-03-18T00:35:53.917+0000] {dag.py:4180} INFO - Setting next_dagrun for dataset_consumes_1_and_2 to None, run_after=None
[2025-03-18T00:35:53.920+0000] {logging_mixin.py:190} INFO - [2025-03-18T00:35:53.920+0000] {dag.py:4180} INFO - Setting next_dagrun for dataset_consumes_1_never_scheduled to None, run_after=None
[2025-03-18T00:35:53.924+0000] {logging_mixin.py:190} INFO - [2025-03-18T00:35:53.924+0000] {dag.py:4180} INFO - Setting next_dagrun for dataset_consumes_unknown_never_scheduled to None, run_after=None
[2025-03-18T00:35:53.929+0000] {logging_mixin.py:190} INFO - [2025-03-18T00:35:53.929+0000] {dag.py:4180} INFO - Setting next_dagrun for dataset_produces_1 to 2025-03-17 00:00:00+00:00, run_after=2025-03-18 00:00:00+00:00
[2025-03-18T00:35:53.932+0000] {logging_mixin.py:190} INFO - [2025-03-18T00:35:53.932+0000] {dag.py:4180} INFO - Setting next_dagrun for dataset_produces_2 to None, run_after=None
[2025-03-18T00:35:54.005+0000] {processor.py:208} INFO - Processing /home/airflow/.local/lib/python3.12/site-packages/airflow/example_dags/example_datasets.py took 1.152 seconds
[2025-03-18T00:36:24.097+0000] {processor.py:186} INFO - Started process (PID=51115) to work on /home/airflow/.local/lib/python3.12/site-packages/airflow/example_dags/example_datasets.py
[2025-03-18T00:36:24.099+0000] {processor.py:914} INFO - Processing file /home/airflow/.local/lib/python3.12/site-packages/airflow/example_dags/example_datasets.py for tasks to queue
[2025-03-18T00:36:24.101+0000] {logging_mixin.py:190} INFO - [2025-03-18T00:36:24.100+0000] {dagbag.py:588} INFO - Filling up the DagBag from /home/airflow/.local/lib/python3.12/site-packages/airflow/example_dags/example_datasets.py
[2025-03-18T00:36:25.098+0000] {processor.py:925} INFO - DAG(s) 'conditional_dataset_and_time_based_timetable', 'dataset_consumes_1_never_scheduled', 'dataset_consumes_1', 'consume_1_or_both_2_and_3_with_dataset_expressions', 'dataset_consumes_1_and_2', 'dataset_consumes_unknown_never_scheduled', 'dataset_produces_2', 'consume_1_and_2_with_dataset_expressions', 'consume_1_or_2_with_dataset_expressions', 'dataset_produces_1' retrieved from /home/airflow/.local/lib/python3.12/site-packages/airflow/example_dags/example_datasets.py
[2025-03-18T00:36:25.182+0000] {logging_mixin.py:190} INFO - [2025-03-18T00:36:25.182+0000] {dag.py:3239} INFO - Sync 10 DAGs
[2025-03-18T00:36:25.231+0000] {logging_mixin.py:190} INFO - [2025-03-18T00:36:25.231+0000] {dag.py:4180} INFO - Setting next_dagrun for conditional_dataset_and_time_based_timetable to 2025-03-12 01:00:00+00:00, run_after=2025-03-12 01:00:00+00:00
[2025-03-18T00:36:25.238+0000] {logging_mixin.py:190} INFO - [2025-03-18T00:36:25.238+0000] {dag.py:4180} INFO - Setting next_dagrun for consume_1_and_2_with_dataset_expressions to None, run_after=None
[2025-03-18T00:36:25.241+0000] {logging_mixin.py:190} INFO - [2025-03-18T00:36:25.241+0000] {dag.py:4180} INFO - Setting next_dagrun for consume_1_or_2_with_dataset_expressions to None, run_after=None
[2025-03-18T00:36:25.244+0000] {logging_mixin.py:190} INFO - [2025-03-18T00:36:25.244+0000] {dag.py:4180} INFO - Setting next_dagrun for consume_1_or_both_2_and_3_with_dataset_expressions to None, run_after=None
[2025-03-18T00:36:25.248+0000] {logging_mixin.py:190} INFO - [2025-03-18T00:36:25.247+0000] {dag.py:4180} INFO - Setting next_dagrun for dataset_consumes_1 to None, run_after=None
[2025-03-18T00:36:25.252+0000] {logging_mixin.py:190} INFO - [2025-03-18T00:36:25.251+0000] {dag.py:4180} INFO - Setting next_dagrun for dataset_consumes_1_and_2 to None, run_after=None
[2025-03-18T00:36:25.256+0000] {logging_mixin.py:190} INFO - [2025-03-18T00:36:25.256+0000] {dag.py:4180} INFO - Setting next_dagrun for dataset_consumes_1_never_scheduled to None, run_after=None
[2025-03-18T00:36:25.259+0000] {logging_mixin.py:190} INFO - [2025-03-18T00:36:25.259+0000] {dag.py:4180} INFO - Setting next_dagrun for dataset_consumes_unknown_never_scheduled to None, run_after=None
[2025-03-18T00:36:25.264+0000] {logging_mixin.py:190} INFO - [2025-03-18T00:36:25.264+0000] {dag.py:4180} INFO - Setting next_dagrun for dataset_produces_1 to 2025-03-17 00:00:00+00:00, run_after=2025-03-18 00:00:00+00:00
[2025-03-18T00:36:25.267+0000] {logging_mixin.py:190} INFO - [2025-03-18T00:36:25.266+0000] {dag.py:4180} INFO - Setting next_dagrun for dataset_produces_2 to None, run_after=None
[2025-03-18T00:36:25.347+0000] {processor.py:208} INFO - Processing /home/airflow/.local/lib/python3.12/site-packages/airflow/example_dags/example_datasets.py took 1.258 seconds
[2025-03-18T00:36:55.606+0000] {processor.py:186} INFO - Started process (PID=51182) to work on /home/airflow/.local/lib/python3.12/site-packages/airflow/example_dags/example_datasets.py
[2025-03-18T00:36:55.608+0000] {processor.py:914} INFO - Processing file /home/airflow/.local/lib/python3.12/site-packages/airflow/example_dags/example_datasets.py for tasks to queue
[2025-03-18T00:36:55.610+0000] {logging_mixin.py:190} INFO - [2025-03-18T00:36:55.610+0000] {dagbag.py:588} INFO - Filling up the DagBag from /home/airflow/.local/lib/python3.12/site-packages/airflow/example_dags/example_datasets.py
[2025-03-18T00:36:56.527+0000] {processor.py:925} INFO - DAG(s) 'dataset_produces_2', 'consume_1_and_2_with_dataset_expressions', 'dataset_consumes_1', 'dataset_consumes_1_and_2', 'dataset_consumes_1_never_scheduled', 'consume_1_or_both_2_and_3_with_dataset_expressions', 'consume_1_or_2_with_dataset_expressions', 'conditional_dataset_and_time_based_timetable', 'dataset_consumes_unknown_never_scheduled', 'dataset_produces_1' retrieved from /home/airflow/.local/lib/python3.12/site-packages/airflow/example_dags/example_datasets.py
[2025-03-18T00:36:56.597+0000] {logging_mixin.py:190} INFO - [2025-03-18T00:36:56.597+0000] {dag.py:3239} INFO - Sync 10 DAGs
[2025-03-18T00:36:56.637+0000] {logging_mixin.py:190} INFO - [2025-03-18T00:36:56.636+0000] {dag.py:4180} INFO - Setting next_dagrun for conditional_dataset_and_time_based_timetable to 2025-03-12 01:00:00+00:00, run_after=2025-03-12 01:00:00+00:00
[2025-03-18T00:36:56.645+0000] {logging_mixin.py:190} INFO - [2025-03-18T00:36:56.644+0000] {dag.py:4180} INFO - Setting next_dagrun for consume_1_and_2_with_dataset_expressions to None, run_after=None
[2025-03-18T00:36:56.648+0000] {logging_mixin.py:190} INFO - [2025-03-18T00:36:56.648+0000] {dag.py:4180} INFO - Setting next_dagrun for consume_1_or_2_with_dataset_expressions to None, run_after=None
[2025-03-18T00:36:56.651+0000] {logging_mixin.py:190} INFO - [2025-03-18T00:36:56.651+0000] {dag.py:4180} INFO - Setting next_dagrun for consume_1_or_both_2_and_3_with_dataset_expressions to None, run_after=None
[2025-03-18T00:36:56.654+0000] {logging_mixin.py:190} INFO - [2025-03-18T00:36:56.654+0000] {dag.py:4180} INFO - Setting next_dagrun for dataset_consumes_1 to None, run_after=None
[2025-03-18T00:36:56.657+0000] {logging_mixin.py:190} INFO - [2025-03-18T00:36:56.657+0000] {dag.py:4180} INFO - Setting next_dagrun for dataset_consumes_1_and_2 to None, run_after=None
[2025-03-18T00:36:56.660+0000] {logging_mixin.py:190} INFO - [2025-03-18T00:36:56.660+0000] {dag.py:4180} INFO - Setting next_dagrun for dataset_consumes_1_never_scheduled to None, run_after=None
[2025-03-18T00:36:56.663+0000] {logging_mixin.py:190} INFO - [2025-03-18T00:36:56.663+0000] {dag.py:4180} INFO - Setting next_dagrun for dataset_consumes_unknown_never_scheduled to None, run_after=None
[2025-03-18T00:36:56.667+0000] {logging_mixin.py:190} INFO - [2025-03-18T00:36:56.667+0000] {dag.py:4180} INFO - Setting next_dagrun for dataset_produces_1 to 2025-03-17 00:00:00+00:00, run_after=2025-03-18 00:00:00+00:00
[2025-03-18T00:36:56.670+0000] {logging_mixin.py:190} INFO - [2025-03-18T00:36:56.669+0000] {dag.py:4180} INFO - Setting next_dagrun for dataset_produces_2 to None, run_after=None
[2025-03-18T00:36:56.730+0000] {processor.py:208} INFO - Processing /home/airflow/.local/lib/python3.12/site-packages/airflow/example_dags/example_datasets.py took 1.135 seconds
[2025-03-18T00:37:27.069+0000] {processor.py:186} INFO - Started process (PID=51248) to work on /home/airflow/.local/lib/python3.12/site-packages/airflow/example_dags/example_datasets.py
[2025-03-18T00:37:27.072+0000] {processor.py:914} INFO - Processing file /home/airflow/.local/lib/python3.12/site-packages/airflow/example_dags/example_datasets.py for tasks to queue
[2025-03-18T00:37:27.076+0000] {logging_mixin.py:190} INFO - [2025-03-18T00:37:27.075+0000] {dagbag.py:588} INFO - Filling up the DagBag from /home/airflow/.local/lib/python3.12/site-packages/airflow/example_dags/example_datasets.py
[2025-03-18T00:37:27.985+0000] {processor.py:925} INFO - DAG(s) 'consume_1_and_2_with_dataset_expressions', 'consume_1_or_2_with_dataset_expressions', 'consume_1_or_both_2_and_3_with_dataset_expressions', 'dataset_consumes_1_never_scheduled', 'dataset_produces_1', 'dataset_consumes_1_and_2', 'dataset_produces_2', 'dataset_consumes_unknown_never_scheduled', 'dataset_consumes_1', 'conditional_dataset_and_time_based_timetable' retrieved from /home/airflow/.local/lib/python3.12/site-packages/airflow/example_dags/example_datasets.py
[2025-03-18T00:37:28.058+0000] {logging_mixin.py:190} INFO - [2025-03-18T00:37:28.058+0000] {dag.py:3239} INFO - Sync 10 DAGs
[2025-03-18T00:37:28.095+0000] {logging_mixin.py:190} INFO - [2025-03-18T00:37:28.095+0000] {dag.py:4180} INFO - Setting next_dagrun for conditional_dataset_and_time_based_timetable to 2025-03-12 01:00:00+00:00, run_after=2025-03-12 01:00:00+00:00
[2025-03-18T00:37:28.102+0000] {logging_mixin.py:190} INFO - [2025-03-18T00:37:28.102+0000] {dag.py:4180} INFO - Setting next_dagrun for consume_1_and_2_with_dataset_expressions to None, run_after=None
[2025-03-18T00:37:28.106+0000] {logging_mixin.py:190} INFO - [2025-03-18T00:37:28.105+0000] {dag.py:4180} INFO - Setting next_dagrun for consume_1_or_2_with_dataset_expressions to None, run_after=None
[2025-03-18T00:37:28.109+0000] {logging_mixin.py:190} INFO - [2025-03-18T00:37:28.108+0000] {dag.py:4180} INFO - Setting next_dagrun for consume_1_or_both_2_and_3_with_dataset_expressions to None, run_after=None
[2025-03-18T00:37:28.112+0000] {logging_mixin.py:190} INFO - [2025-03-18T00:37:28.112+0000] {dag.py:4180} INFO - Setting next_dagrun for dataset_consumes_1 to None, run_after=None
[2025-03-18T00:37:28.115+0000] {logging_mixin.py:190} INFO - [2025-03-18T00:37:28.115+0000] {dag.py:4180} INFO - Setting next_dagrun for dataset_consumes_1_and_2 to None, run_after=None
[2025-03-18T00:37:28.118+0000] {logging_mixin.py:190} INFO - [2025-03-18T00:37:28.118+0000] {dag.py:4180} INFO - Setting next_dagrun for dataset_consumes_1_never_scheduled to None, run_after=None
[2025-03-18T00:37:28.121+0000] {logging_mixin.py:190} INFO - [2025-03-18T00:37:28.121+0000] {dag.py:4180} INFO - Setting next_dagrun for dataset_consumes_unknown_never_scheduled to None, run_after=None
[2025-03-18T00:37:28.126+0000] {logging_mixin.py:190} INFO - [2025-03-18T00:37:28.126+0000] {dag.py:4180} INFO - Setting next_dagrun for dataset_produces_1 to 2025-03-17 00:00:00+00:00, run_after=2025-03-18 00:00:00+00:00
[2025-03-18T00:37:28.130+0000] {logging_mixin.py:190} INFO - [2025-03-18T00:37:28.129+0000] {dag.py:4180} INFO - Setting next_dagrun for dataset_produces_2 to None, run_after=None
[2025-03-18T00:37:28.197+0000] {processor.py:208} INFO - Processing /home/airflow/.local/lib/python3.12/site-packages/airflow/example_dags/example_datasets.py took 1.141 seconds
[2025-03-18T00:37:59.086+0000] {processor.py:186} INFO - Started process (PID=51315) to work on /home/airflow/.local/lib/python3.12/site-packages/airflow/example_dags/example_datasets.py
[2025-03-18T00:37:59.088+0000] {processor.py:914} INFO - Processing file /home/airflow/.local/lib/python3.12/site-packages/airflow/example_dags/example_datasets.py for tasks to queue
[2025-03-18T00:37:59.090+0000] {logging_mixin.py:190} INFO - [2025-03-18T00:37:59.089+0000] {dagbag.py:588} INFO - Filling up the DagBag from /home/airflow/.local/lib/python3.12/site-packages/airflow/example_dags/example_datasets.py
[2025-03-18T00:37:59.891+0000] {processor.py:925} INFO - DAG(s) 'consume_1_or_2_with_dataset_expressions', 'consume_1_or_both_2_and_3_with_dataset_expressions', 'dataset_produces_2', 'consume_1_and_2_with_dataset_expressions', 'dataset_consumes_1_and_2', 'dataset_consumes_1', 'dataset_consumes_unknown_never_scheduled', 'dataset_consumes_1_never_scheduled', 'conditional_dataset_and_time_based_timetable', 'dataset_produces_1' retrieved from /home/airflow/.local/lib/python3.12/site-packages/airflow/example_dags/example_datasets.py
[2025-03-18T00:37:59.966+0000] {logging_mixin.py:190} INFO - [2025-03-18T00:37:59.965+0000] {dag.py:3239} INFO - Sync 10 DAGs
[2025-03-18T00:38:00.004+0000] {logging_mixin.py:190} INFO - [2025-03-18T00:38:00.004+0000] {dag.py:4180} INFO - Setting next_dagrun for conditional_dataset_and_time_based_timetable to 2025-03-12 01:00:00+00:00, run_after=2025-03-12 01:00:00+00:00
[2025-03-18T00:38:00.012+0000] {logging_mixin.py:190} INFO - [2025-03-18T00:38:00.011+0000] {dag.py:4180} INFO - Setting next_dagrun for consume_1_and_2_with_dataset_expressions to None, run_after=None
[2025-03-18T00:38:00.017+0000] {logging_mixin.py:190} INFO - [2025-03-18T00:38:00.017+0000] {dag.py:4180} INFO - Setting next_dagrun for consume_1_or_2_with_dataset_expressions to None, run_after=None
[2025-03-18T00:38:00.022+0000] {logging_mixin.py:190} INFO - [2025-03-18T00:38:00.022+0000] {dag.py:4180} INFO - Setting next_dagrun for consume_1_or_both_2_and_3_with_dataset_expressions to None, run_after=None
[2025-03-18T00:38:00.026+0000] {logging_mixin.py:190} INFO - [2025-03-18T00:38:00.025+0000] {dag.py:4180} INFO - Setting next_dagrun for dataset_consumes_1 to None, run_after=None
[2025-03-18T00:38:00.029+0000] {logging_mixin.py:190} INFO - [2025-03-18T00:38:00.028+0000] {dag.py:4180} INFO - Setting next_dagrun for dataset_consumes_1_and_2 to None, run_after=None
[2025-03-18T00:38:00.032+0000] {logging_mixin.py:190} INFO - [2025-03-18T00:38:00.031+0000] {dag.py:4180} INFO - Setting next_dagrun for dataset_consumes_1_never_scheduled to None, run_after=None
[2025-03-18T00:38:00.035+0000] {logging_mixin.py:190} INFO - [2025-03-18T00:38:00.035+0000] {dag.py:4180} INFO - Setting next_dagrun for dataset_consumes_unknown_never_scheduled to None, run_after=None
[2025-03-18T00:38:00.040+0000] {logging_mixin.py:190} INFO - [2025-03-18T00:38:00.040+0000] {dag.py:4180} INFO - Setting next_dagrun for dataset_produces_1 to 2025-03-17 00:00:00+00:00, run_after=2025-03-18 00:00:00+00:00
[2025-03-18T00:38:00.043+0000] {logging_mixin.py:190} INFO - [2025-03-18T00:38:00.042+0000] {dag.py:4180} INFO - Setting next_dagrun for dataset_produces_2 to None, run_after=None
[2025-03-18T00:38:00.118+0000] {processor.py:208} INFO - Processing /home/airflow/.local/lib/python3.12/site-packages/airflow/example_dags/example_datasets.py took 1.039 seconds
[2025-03-18T00:38:30.601+0000] {processor.py:186} INFO - Started process (PID=51380) to work on /home/airflow/.local/lib/python3.12/site-packages/airflow/example_dags/example_datasets.py
[2025-03-18T00:38:30.602+0000] {processor.py:914} INFO - Processing file /home/airflow/.local/lib/python3.12/site-packages/airflow/example_dags/example_datasets.py for tasks to queue
[2025-03-18T00:38:30.604+0000] {logging_mixin.py:190} INFO - [2025-03-18T00:38:30.604+0000] {dagbag.py:588} INFO - Filling up the DagBag from /home/airflow/.local/lib/python3.12/site-packages/airflow/example_dags/example_datasets.py
[2025-03-18T00:38:31.378+0000] {processor.py:925} INFO - DAG(s) 'conditional_dataset_and_time_based_timetable', 'consume_1_or_both_2_and_3_with_dataset_expressions', 'dataset_consumes_1_and_2', 'dataset_produces_1', 'dataset_consumes_1', 'dataset_produces_2', 'consume_1_and_2_with_dataset_expressions', 'consume_1_or_2_with_dataset_expressions', 'dataset_consumes_1_never_scheduled', 'dataset_consumes_unknown_never_scheduled' retrieved from /home/airflow/.local/lib/python3.12/site-packages/airflow/example_dags/example_datasets.py
[2025-03-18T00:38:31.452+0000] {logging_mixin.py:190} INFO - [2025-03-18T00:38:31.451+0000] {dag.py:3239} INFO - Sync 10 DAGs
[2025-03-18T00:38:31.490+0000] {logging_mixin.py:190} INFO - [2025-03-18T00:38:31.489+0000] {dag.py:4180} INFO - Setting next_dagrun for conditional_dataset_and_time_based_timetable to 2025-03-12 01:00:00+00:00, run_after=2025-03-12 01:00:00+00:00
[2025-03-18T00:38:31.496+0000] {logging_mixin.py:190} INFO - [2025-03-18T00:38:31.496+0000] {dag.py:4180} INFO - Setting next_dagrun for consume_1_and_2_with_dataset_expressions to None, run_after=None
[2025-03-18T00:38:31.499+0000] {logging_mixin.py:190} INFO - [2025-03-18T00:38:31.499+0000] {dag.py:4180} INFO - Setting next_dagrun for consume_1_or_2_with_dataset_expressions to None, run_after=None
[2025-03-18T00:38:31.502+0000] {logging_mixin.py:190} INFO - [2025-03-18T00:38:31.502+0000] {dag.py:4180} INFO - Setting next_dagrun for consume_1_or_both_2_and_3_with_dataset_expressions to None, run_after=None
[2025-03-18T00:38:31.505+0000] {logging_mixin.py:190} INFO - [2025-03-18T00:38:31.504+0000] {dag.py:4180} INFO - Setting next_dagrun for dataset_consumes_1 to None, run_after=None
[2025-03-18T00:38:31.507+0000] {logging_mixin.py:190} INFO - [2025-03-18T00:38:31.507+0000] {dag.py:4180} INFO - Setting next_dagrun for dataset_consumes_1_and_2 to None, run_after=None
[2025-03-18T00:38:31.510+0000] {logging_mixin.py:190} INFO - [2025-03-18T00:38:31.510+0000] {dag.py:4180} INFO - Setting next_dagrun for dataset_consumes_1_never_scheduled to None, run_after=None
[2025-03-18T00:38:31.513+0000] {logging_mixin.py:190} INFO - [2025-03-18T00:38:31.513+0000] {dag.py:4180} INFO - Setting next_dagrun for dataset_consumes_unknown_never_scheduled to None, run_after=None
[2025-03-18T00:38:31.518+0000] {logging_mixin.py:190} INFO - [2025-03-18T00:38:31.517+0000] {dag.py:4180} INFO - Setting next_dagrun for dataset_produces_1 to 2025-03-17 00:00:00+00:00, run_after=2025-03-18 00:00:00+00:00
[2025-03-18T00:38:31.521+0000] {logging_mixin.py:190} INFO - [2025-03-18T00:38:31.520+0000] {dag.py:4180} INFO - Setting next_dagrun for dataset_produces_2 to None, run_after=None
[2025-03-18T00:38:31.580+0000] {processor.py:208} INFO - Processing /home/airflow/.local/lib/python3.12/site-packages/airflow/example_dags/example_datasets.py took 0.988 seconds
[2025-03-18T00:39:46.820+0000] {processor.py:186} INFO - Started process (PID=51407) to work on /home/airflow/.local/lib/python3.12/site-packages/airflow/example_dags/example_datasets.py
[2025-03-18T00:39:46.822+0000] {processor.py:914} INFO - Processing file /home/airflow/.local/lib/python3.12/site-packages/airflow/example_dags/example_datasets.py for tasks to queue
[2025-03-18T00:39:46.825+0000] {logging_mixin.py:190} INFO - [2025-03-18T00:39:46.824+0000] {dagbag.py:588} INFO - Filling up the DagBag from /home/airflow/.local/lib/python3.12/site-packages/airflow/example_dags/example_datasets.py
