[2025-03-18T00:32:58.360+0000] {processor.py:186} INFO - Started process (PID=50675) to work on /home/airflow/.local/lib/python3.12/site-packages/airflow/example_dags/example_display_name.py
[2025-03-18T00:32:58.363+0000] {processor.py:914} INFO - Processing file /home/airflow/.local/lib/python3.12/site-packages/airflow/example_dags/example_display_name.py for tasks to queue
[2025-03-18T00:32:58.374+0000] {logging_mixin.py:190} INFO - [2025-03-18T00:32:58.365+0000] {dagbag.py:588} INFO - Filling up the DagBag from /home/airflow/.local/lib/python3.12/site-packages/airflow/example_dags/example_display_name.py
[2025-03-18T00:32:58.409+0000] {processor.py:925} INFO - DAG(s) 'example_display_name' retrieved from /home/airflow/.local/lib/python3.12/site-packages/airflow/example_dags/example_display_name.py
[2025-03-18T00:32:58.514+0000] {logging_mixin.py:190} INFO - [2025-03-18T00:32:58.513+0000] {dag.py:3239} INFO - Sync 1 DAGs
[2025-03-18T00:32:58.563+0000] {logging_mixin.py:190} INFO - [2025-03-18T00:32:58.562+0000] {dag.py:4180} INFO - Setting next_dagrun for example_display_name to None, run_after=None
[2025-03-18T00:32:58.693+0000] {processor.py:208} INFO - Processing /home/airflow/.local/lib/python3.12/site-packages/airflow/example_dags/example_display_name.py took 0.354 seconds
[2025-03-18T00:33:29.469+0000] {processor.py:186} INFO - Started process (PID=50740) to work on /home/airflow/.local/lib/python3.12/site-packages/airflow/example_dags/example_display_name.py
[2025-03-18T00:33:29.471+0000] {processor.py:914} INFO - Processing file /home/airflow/.local/lib/python3.12/site-packages/airflow/example_dags/example_display_name.py for tasks to queue
[2025-03-18T00:33:29.474+0000] {logging_mixin.py:190} INFO - [2025-03-18T00:33:29.473+0000] {dagbag.py:588} INFO - Filling up the DagBag from /home/airflow/.local/lib/python3.12/site-packages/airflow/example_dags/example_display_name.py
[2025-03-18T00:33:29.487+0000] {processor.py:925} INFO - DAG(s) 'example_display_name' retrieved from /home/airflow/.local/lib/python3.12/site-packages/airflow/example_dags/example_display_name.py
[2025-03-18T00:33:29.523+0000] {logging_mixin.py:190} INFO - [2025-03-18T00:33:29.522+0000] {dag.py:3239} INFO - Sync 1 DAGs
[2025-03-18T00:33:29.544+0000] {logging_mixin.py:190} INFO - [2025-03-18T00:33:29.544+0000] {dag.py:4180} INFO - Setting next_dagrun for example_display_name to None, run_after=None
[2025-03-18T00:33:29.584+0000] {processor.py:208} INFO - Processing /home/airflow/.local/lib/python3.12/site-packages/airflow/example_dags/example_display_name.py took 0.124 seconds
[2025-03-18T00:34:00.510+0000] {processor.py:186} INFO - Started process (PID=50805) to work on /home/airflow/.local/lib/python3.12/site-packages/airflow/example_dags/example_display_name.py
[2025-03-18T00:34:00.512+0000] {processor.py:914} INFO - Processing file /home/airflow/.local/lib/python3.12/site-packages/airflow/example_dags/example_display_name.py for tasks to queue
[2025-03-18T00:34:00.515+0000] {logging_mixin.py:190} INFO - [2025-03-18T00:34:00.514+0000] {dagbag.py:588} INFO - Filling up the DagBag from /home/airflow/.local/lib/python3.12/site-packages/airflow/example_dags/example_display_name.py
[2025-03-18T00:34:00.531+0000] {processor.py:925} INFO - DAG(s) 'example_display_name' retrieved from /home/airflow/.local/lib/python3.12/site-packages/airflow/example_dags/example_display_name.py
[2025-03-18T00:34:00.569+0000] {logging_mixin.py:190} INFO - [2025-03-18T00:34:00.569+0000] {dag.py:3239} INFO - Sync 1 DAGs
[2025-03-18T00:34:00.605+0000] {logging_mixin.py:190} INFO - [2025-03-18T00:34:00.604+0000] {dag.py:4180} INFO - Setting next_dagrun for example_display_name to None, run_after=None
[2025-03-18T00:34:00.647+0000] {processor.py:208} INFO - Processing /home/airflow/.local/lib/python3.12/site-packages/airflow/example_dags/example_display_name.py took 0.148 seconds
[2025-03-18T00:34:30.887+0000] {processor.py:186} INFO - Started process (PID=50870) to work on /home/airflow/.local/lib/python3.12/site-packages/airflow/example_dags/example_display_name.py
[2025-03-18T00:34:30.889+0000] {processor.py:914} INFO - Processing file /home/airflow/.local/lib/python3.12/site-packages/airflow/example_dags/example_display_name.py for tasks to queue
[2025-03-18T00:34:30.891+0000] {logging_mixin.py:190} INFO - [2025-03-18T00:34:30.891+0000] {dagbag.py:588} INFO - Filling up the DagBag from /home/airflow/.local/lib/python3.12/site-packages/airflow/example_dags/example_display_name.py
[2025-03-18T00:34:30.907+0000] {processor.py:925} INFO - DAG(s) 'example_display_name' retrieved from /home/airflow/.local/lib/python3.12/site-packages/airflow/example_dags/example_display_name.py
[2025-03-18T00:34:30.951+0000] {logging_mixin.py:190} INFO - [2025-03-18T00:34:30.951+0000] {dag.py:3239} INFO - Sync 1 DAGs
[2025-03-18T00:34:30.973+0000] {logging_mixin.py:190} INFO - [2025-03-18T00:34:30.973+0000] {dag.py:4180} INFO - Setting next_dagrun for example_display_name to None, run_after=None
[2025-03-18T00:34:31.023+0000] {processor.py:208} INFO - Processing /home/airflow/.local/lib/python3.12/site-packages/airflow/example_dags/example_display_name.py took 0.144 seconds
[2025-03-18T00:35:01.408+0000] {processor.py:186} INFO - Started process (PID=50934) to work on /home/airflow/.local/lib/python3.12/site-packages/airflow/example_dags/example_display_name.py
[2025-03-18T00:35:01.410+0000] {processor.py:914} INFO - Processing file /home/airflow/.local/lib/python3.12/site-packages/airflow/example_dags/example_display_name.py for tasks to queue
[2025-03-18T00:35:01.412+0000] {logging_mixin.py:190} INFO - [2025-03-18T00:35:01.411+0000] {dagbag.py:588} INFO - Filling up the DagBag from /home/airflow/.local/lib/python3.12/site-packages/airflow/example_dags/example_display_name.py
[2025-03-18T00:35:01.424+0000] {processor.py:925} INFO - DAG(s) 'example_display_name' retrieved from /home/airflow/.local/lib/python3.12/site-packages/airflow/example_dags/example_display_name.py
[2025-03-18T00:35:01.467+0000] {logging_mixin.py:190} INFO - [2025-03-18T00:35:01.466+0000] {dag.py:3239} INFO - Sync 1 DAGs
[2025-03-18T00:35:01.512+0000] {logging_mixin.py:190} INFO - [2025-03-18T00:35:01.511+0000] {dag.py:4180} INFO - Setting next_dagrun for example_display_name to None, run_after=None
[2025-03-18T00:35:01.556+0000] {processor.py:208} INFO - Processing /home/airflow/.local/lib/python3.12/site-packages/airflow/example_dags/example_display_name.py took 0.157 seconds
[2025-03-18T00:35:31.937+0000] {processor.py:186} INFO - Started process (PID=50999) to work on /home/airflow/.local/lib/python3.12/site-packages/airflow/example_dags/example_display_name.py
[2025-03-18T00:35:31.939+0000] {processor.py:914} INFO - Processing file /home/airflow/.local/lib/python3.12/site-packages/airflow/example_dags/example_display_name.py for tasks to queue
[2025-03-18T00:35:31.941+0000] {logging_mixin.py:190} INFO - [2025-03-18T00:35:31.941+0000] {dagbag.py:588} INFO - Filling up the DagBag from /home/airflow/.local/lib/python3.12/site-packages/airflow/example_dags/example_display_name.py
[2025-03-18T00:35:31.952+0000] {processor.py:925} INFO - DAG(s) 'example_display_name' retrieved from /home/airflow/.local/lib/python3.12/site-packages/airflow/example_dags/example_display_name.py
[2025-03-18T00:35:31.978+0000] {logging_mixin.py:190} INFO - [2025-03-18T00:35:31.978+0000] {dag.py:3239} INFO - Sync 1 DAGs
[2025-03-18T00:35:31.999+0000] {logging_mixin.py:190} INFO - [2025-03-18T00:35:31.998+0000] {dag.py:4180} INFO - Setting next_dagrun for example_display_name to None, run_after=None
[2025-03-18T00:35:32.028+0000] {processor.py:208} INFO - Processing /home/airflow/.local/lib/python3.12/site-packages/airflow/example_dags/example_display_name.py took 0.099 seconds
[2025-03-18T00:36:02.709+0000] {processor.py:186} INFO - Started process (PID=51064) to work on /home/airflow/.local/lib/python3.12/site-packages/airflow/example_dags/example_display_name.py
[2025-03-18T00:36:02.711+0000] {processor.py:914} INFO - Processing file /home/airflow/.local/lib/python3.12/site-packages/airflow/example_dags/example_display_name.py for tasks to queue
[2025-03-18T00:36:02.714+0000] {logging_mixin.py:190} INFO - [2025-03-18T00:36:02.713+0000] {dagbag.py:588} INFO - Filling up the DagBag from /home/airflow/.local/lib/python3.12/site-packages/airflow/example_dags/example_display_name.py
[2025-03-18T00:36:02.732+0000] {processor.py:925} INFO - DAG(s) 'example_display_name' retrieved from /home/airflow/.local/lib/python3.12/site-packages/airflow/example_dags/example_display_name.py
[2025-03-18T00:36:02.774+0000] {logging_mixin.py:190} INFO - [2025-03-18T00:36:02.773+0000] {dag.py:3239} INFO - Sync 1 DAGs
[2025-03-18T00:36:02.801+0000] {logging_mixin.py:190} INFO - [2025-03-18T00:36:02.801+0000] {dag.py:4180} INFO - Setting next_dagrun for example_display_name to None, run_after=None
[2025-03-18T00:36:02.839+0000] {processor.py:208} INFO - Processing /home/airflow/.local/lib/python3.12/site-packages/airflow/example_dags/example_display_name.py took 0.141 seconds
[2025-03-18T00:36:33.346+0000] {processor.py:186} INFO - Started process (PID=51128) to work on /home/airflow/.local/lib/python3.12/site-packages/airflow/example_dags/example_display_name.py
[2025-03-18T00:36:33.348+0000] {processor.py:914} INFO - Processing file /home/airflow/.local/lib/python3.12/site-packages/airflow/example_dags/example_display_name.py for tasks to queue
[2025-03-18T00:36:33.352+0000] {logging_mixin.py:190} INFO - [2025-03-18T00:36:33.351+0000] {dagbag.py:588} INFO - Filling up the DagBag from /home/airflow/.local/lib/python3.12/site-packages/airflow/example_dags/example_display_name.py
[2025-03-18T00:36:33.369+0000] {processor.py:925} INFO - DAG(s) 'example_display_name' retrieved from /home/airflow/.local/lib/python3.12/site-packages/airflow/example_dags/example_display_name.py
[2025-03-18T00:36:33.403+0000] {logging_mixin.py:190} INFO - [2025-03-18T00:36:33.403+0000] {dag.py:3239} INFO - Sync 1 DAGs
[2025-03-18T00:36:33.425+0000] {logging_mixin.py:190} INFO - [2025-03-18T00:36:33.425+0000] {dag.py:4180} INFO - Setting next_dagrun for example_display_name to None, run_after=None
[2025-03-18T00:36:33.457+0000] {processor.py:208} INFO - Processing /home/airflow/.local/lib/python3.12/site-packages/airflow/example_dags/example_display_name.py took 0.131 seconds
[2025-03-18T00:37:03.691+0000] {processor.py:186} INFO - Started process (PID=51193) to work on /home/airflow/.local/lib/python3.12/site-packages/airflow/example_dags/example_display_name.py
[2025-03-18T00:37:03.692+0000] {processor.py:914} INFO - Processing file /home/airflow/.local/lib/python3.12/site-packages/airflow/example_dags/example_display_name.py for tasks to queue
[2025-03-18T00:37:03.695+0000] {logging_mixin.py:190} INFO - [2025-03-18T00:37:03.694+0000] {dagbag.py:588} INFO - Filling up the DagBag from /home/airflow/.local/lib/python3.12/site-packages/airflow/example_dags/example_display_name.py
[2025-03-18T00:37:03.709+0000] {processor.py:925} INFO - DAG(s) 'example_display_name' retrieved from /home/airflow/.local/lib/python3.12/site-packages/airflow/example_dags/example_display_name.py
[2025-03-18T00:37:03.737+0000] {logging_mixin.py:190} INFO - [2025-03-18T00:37:03.737+0000] {dag.py:3239} INFO - Sync 1 DAGs
[2025-03-18T00:37:03.761+0000] {logging_mixin.py:190} INFO - [2025-03-18T00:37:03.760+0000] {dag.py:4180} INFO - Setting next_dagrun for example_display_name to None, run_after=None
[2025-03-18T00:37:03.793+0000] {processor.py:208} INFO - Processing /home/airflow/.local/lib/python3.12/site-packages/airflow/example_dags/example_display_name.py took 0.109 seconds
[2025-03-18T00:37:33.963+0000] {processor.py:186} INFO - Started process (PID=51258) to work on /home/airflow/.local/lib/python3.12/site-packages/airflow/example_dags/example_display_name.py
[2025-03-18T00:37:33.965+0000] {processor.py:914} INFO - Processing file /home/airflow/.local/lib/python3.12/site-packages/airflow/example_dags/example_display_name.py for tasks to queue
[2025-03-18T00:37:33.967+0000] {logging_mixin.py:190} INFO - [2025-03-18T00:37:33.966+0000] {dagbag.py:588} INFO - Filling up the DagBag from /home/airflow/.local/lib/python3.12/site-packages/airflow/example_dags/example_display_name.py
[2025-03-18T00:37:33.979+0000] {processor.py:925} INFO - DAG(s) 'example_display_name' retrieved from /home/airflow/.local/lib/python3.12/site-packages/airflow/example_dags/example_display_name.py
[2025-03-18T00:37:34.025+0000] {logging_mixin.py:190} INFO - [2025-03-18T00:37:34.024+0000] {dag.py:3239} INFO - Sync 1 DAGs
[2025-03-18T00:37:34.068+0000] {logging_mixin.py:190} INFO - [2025-03-18T00:37:34.068+0000] {dag.py:4180} INFO - Setting next_dagrun for example_display_name to None, run_after=None
[2025-03-18T00:37:34.104+0000] {processor.py:208} INFO - Processing /home/airflow/.local/lib/python3.12/site-packages/airflow/example_dags/example_display_name.py took 0.147 seconds
[2025-03-18T00:38:04.744+0000] {processor.py:186} INFO - Started process (PID=51323) to work on /home/airflow/.local/lib/python3.12/site-packages/airflow/example_dags/example_display_name.py
[2025-03-18T00:38:04.746+0000] {processor.py:914} INFO - Processing file /home/airflow/.local/lib/python3.12/site-packages/airflow/example_dags/example_display_name.py for tasks to queue
[2025-03-18T00:38:04.748+0000] {logging_mixin.py:190} INFO - [2025-03-18T00:38:04.748+0000] {dagbag.py:588} INFO - Filling up the DagBag from /home/airflow/.local/lib/python3.12/site-packages/airflow/example_dags/example_display_name.py
[2025-03-18T00:38:04.758+0000] {processor.py:925} INFO - DAG(s) 'example_display_name' retrieved from /home/airflow/.local/lib/python3.12/site-packages/airflow/example_dags/example_display_name.py
[2025-03-18T00:38:04.782+0000] {logging_mixin.py:190} INFO - [2025-03-18T00:38:04.782+0000] {dag.py:3239} INFO - Sync 1 DAGs
[2025-03-18T00:38:04.801+0000] {logging_mixin.py:190} INFO - [2025-03-18T00:38:04.801+0000] {dag.py:4180} INFO - Setting next_dagrun for example_display_name to None, run_after=None
[2025-03-18T00:38:04.832+0000] {processor.py:208} INFO - Processing /home/airflow/.local/lib/python3.12/site-packages/airflow/example_dags/example_display_name.py took 0.094 seconds
[2025-03-18T00:38:35.294+0000] {processor.py:186} INFO - Started process (PID=51388) to work on /home/airflow/.local/lib/python3.12/site-packages/airflow/example_dags/example_display_name.py
[2025-03-18T00:38:35.296+0000] {processor.py:914} INFO - Processing file /home/airflow/.local/lib/python3.12/site-packages/airflow/example_dags/example_display_name.py for tasks to queue
[2025-03-18T00:38:35.298+0000] {logging_mixin.py:190} INFO - [2025-03-18T00:38:35.298+0000] {dagbag.py:588} INFO - Filling up the DagBag from /home/airflow/.local/lib/python3.12/site-packages/airflow/example_dags/example_display_name.py
[2025-03-18T00:38:35.309+0000] {processor.py:925} INFO - DAG(s) 'example_display_name' retrieved from /home/airflow/.local/lib/python3.12/site-packages/airflow/example_dags/example_display_name.py
[2025-03-18T00:38:35.338+0000] {logging_mixin.py:190} INFO - [2025-03-18T00:38:35.337+0000] {dag.py:3239} INFO - Sync 1 DAGs
[2025-03-18T00:38:35.361+0000] {logging_mixin.py:190} INFO - [2025-03-18T00:38:35.360+0000] {dag.py:4180} INFO - Setting next_dagrun for example_display_name to None, run_after=None
[2025-03-18T00:38:35.391+0000] {processor.py:208} INFO - Processing /home/airflow/.local/lib/python3.12/site-packages/airflow/example_dags/example_display_name.py took 0.107 seconds
