[2025-03-18T00:32:48.012+0000] {processor.py:186} INFO - Started process (PID=50658) to work on /home/airflow/.local/lib/python3.12/site-packages/airflow/example_dags/example_branch_operator.py
[2025-03-18T00:32:48.015+0000] {processor.py:914} INFO - Processing file /home/airflow/.local/lib/python3.12/site-packages/airflow/example_dags/example_branch_operator.py for tasks to queue
[2025-03-18T00:32:48.027+0000] {logging_mixin.py:190} INFO - [2025-03-18T00:32:48.026+0000] {dagbag.py:588} INFO - Filling up the DagBag from /home/airflow/.local/lib/python3.12/site-packages/airflow/example_dags/example_branch_operator.py
[2025-03-18T00:32:48.131+0000] {processor.py:925} INFO - DAG(s) 'example_branch_operator' retrieved from /home/airflow/.local/lib/python3.12/site-packages/airflow/example_dags/example_branch_operator.py
[2025-03-18T00:32:48.293+0000] {logging_mixin.py:190} INFO - [2025-03-18T00:32:48.293+0000] {dag.py:3239} INFO - Sync 1 DAGs
[2025-03-18T00:32:48.471+0000] {logging_mixin.py:190} INFO - [2025-03-18T00:32:48.470+0000] {dag.py:4180} INFO - Setting next_dagrun for example_branch_operator to 2025-03-17 00:00:00+00:00, run_after=2025-03-18 00:00:00+00:00
[2025-03-18T00:32:48.586+0000] {processor.py:208} INFO - Processing /home/airflow/.local/lib/python3.12/site-packages/airflow/example_dags/example_branch_operator.py took 0.596 seconds
[2025-03-18T00:33:19.436+0000] {processor.py:186} INFO - Started process (PID=50723) to work on /home/airflow/.local/lib/python3.12/site-packages/airflow/example_dags/example_branch_operator.py
[2025-03-18T00:33:19.438+0000] {processor.py:914} INFO - Processing file /home/airflow/.local/lib/python3.12/site-packages/airflow/example_dags/example_branch_operator.py for tasks to queue
[2025-03-18T00:33:19.440+0000] {logging_mixin.py:190} INFO - [2025-03-18T00:33:19.439+0000] {dagbag.py:588} INFO - Filling up the DagBag from /home/airflow/.local/lib/python3.12/site-packages/airflow/example_dags/example_branch_operator.py
[2025-03-18T00:33:19.464+0000] {processor.py:925} INFO - DAG(s) 'example_branch_operator' retrieved from /home/airflow/.local/lib/python3.12/site-packages/airflow/example_dags/example_branch_operator.py
[2025-03-18T00:33:19.506+0000] {logging_mixin.py:190} INFO - [2025-03-18T00:33:19.505+0000] {dag.py:3239} INFO - Sync 1 DAGs
[2025-03-18T00:33:19.541+0000] {logging_mixin.py:190} INFO - [2025-03-18T00:33:19.540+0000] {dag.py:4180} INFO - Setting next_dagrun for example_branch_operator to 2025-03-17 00:00:00+00:00, run_after=2025-03-18 00:00:00+00:00
[2025-03-18T00:33:19.572+0000] {processor.py:208} INFO - Processing /home/airflow/.local/lib/python3.12/site-packages/airflow/example_dags/example_branch_operator.py took 0.143 seconds
[2025-03-18T00:33:49.729+0000] {processor.py:186} INFO - Started process (PID=50788) to work on /home/airflow/.local/lib/python3.12/site-packages/airflow/example_dags/example_branch_operator.py
[2025-03-18T00:33:49.731+0000] {processor.py:914} INFO - Processing file /home/airflow/.local/lib/python3.12/site-packages/airflow/example_dags/example_branch_operator.py for tasks to queue
[2025-03-18T00:33:49.733+0000] {logging_mixin.py:190} INFO - [2025-03-18T00:33:49.733+0000] {dagbag.py:588} INFO - Filling up the DagBag from /home/airflow/.local/lib/python3.12/site-packages/airflow/example_dags/example_branch_operator.py
[2025-03-18T00:33:49.764+0000] {processor.py:925} INFO - DAG(s) 'example_branch_operator' retrieved from /home/airflow/.local/lib/python3.12/site-packages/airflow/example_dags/example_branch_operator.py
[2025-03-18T00:33:49.807+0000] {logging_mixin.py:190} INFO - [2025-03-18T00:33:49.806+0000] {dag.py:3239} INFO - Sync 1 DAGs
[2025-03-18T00:33:49.845+0000] {logging_mixin.py:190} INFO - [2025-03-18T00:33:49.844+0000] {dag.py:4180} INFO - Setting next_dagrun for example_branch_operator to 2025-03-17 00:00:00+00:00, run_after=2025-03-18 00:00:00+00:00
[2025-03-18T00:33:49.882+0000] {processor.py:208} INFO - Processing /home/airflow/.local/lib/python3.12/site-packages/airflow/example_dags/example_branch_operator.py took 0.164 seconds
[2025-03-18T00:34:20.423+0000] {processor.py:186} INFO - Started process (PID=50853) to work on /home/airflow/.local/lib/python3.12/site-packages/airflow/example_dags/example_branch_operator.py
[2025-03-18T00:34:20.425+0000] {processor.py:914} INFO - Processing file /home/airflow/.local/lib/python3.12/site-packages/airflow/example_dags/example_branch_operator.py for tasks to queue
[2025-03-18T00:34:20.427+0000] {logging_mixin.py:190} INFO - [2025-03-18T00:34:20.427+0000] {dagbag.py:588} INFO - Filling up the DagBag from /home/airflow/.local/lib/python3.12/site-packages/airflow/example_dags/example_branch_operator.py
[2025-03-18T00:34:20.453+0000] {processor.py:925} INFO - DAG(s) 'example_branch_operator' retrieved from /home/airflow/.local/lib/python3.12/site-packages/airflow/example_dags/example_branch_operator.py
[2025-03-18T00:34:20.495+0000] {logging_mixin.py:190} INFO - [2025-03-18T00:34:20.495+0000] {dag.py:3239} INFO - Sync 1 DAGs
[2025-03-18T00:34:20.532+0000] {logging_mixin.py:190} INFO - [2025-03-18T00:34:20.531+0000] {dag.py:4180} INFO - Setting next_dagrun for example_branch_operator to 2025-03-17 00:00:00+00:00, run_after=2025-03-18 00:00:00+00:00
[2025-03-18T00:34:20.561+0000] {processor.py:208} INFO - Processing /home/airflow/.local/lib/python3.12/site-packages/airflow/example_dags/example_branch_operator.py took 0.156 seconds
[2025-03-18T00:34:50.919+0000] {processor.py:186} INFO - Started process (PID=50918) to work on /home/airflow/.local/lib/python3.12/site-packages/airflow/example_dags/example_branch_operator.py
[2025-03-18T00:34:50.920+0000] {processor.py:914} INFO - Processing file /home/airflow/.local/lib/python3.12/site-packages/airflow/example_dags/example_branch_operator.py for tasks to queue
[2025-03-18T00:34:50.922+0000] {logging_mixin.py:190} INFO - [2025-03-18T00:34:50.922+0000] {dagbag.py:588} INFO - Filling up the DagBag from /home/airflow/.local/lib/python3.12/site-packages/airflow/example_dags/example_branch_operator.py
[2025-03-18T00:34:50.947+0000] {processor.py:925} INFO - DAG(s) 'example_branch_operator' retrieved from /home/airflow/.local/lib/python3.12/site-packages/airflow/example_dags/example_branch_operator.py
[2025-03-18T00:34:50.985+0000] {logging_mixin.py:190} INFO - [2025-03-18T00:34:50.985+0000] {dag.py:3239} INFO - Sync 1 DAGs
[2025-03-18T00:34:51.017+0000] {logging_mixin.py:190} INFO - [2025-03-18T00:34:51.017+0000] {dag.py:4180} INFO - Setting next_dagrun for example_branch_operator to 2025-03-17 00:00:00+00:00, run_after=2025-03-18 00:00:00+00:00
[2025-03-18T00:34:51.047+0000] {processor.py:208} INFO - Processing /home/airflow/.local/lib/python3.12/site-packages/airflow/example_dags/example_branch_operator.py took 0.137 seconds
[2025-03-18T00:35:21.118+0000] {processor.py:186} INFO - Started process (PID=50983) to work on /home/airflow/.local/lib/python3.12/site-packages/airflow/example_dags/example_branch_operator.py
[2025-03-18T00:35:21.120+0000] {processor.py:914} INFO - Processing file /home/airflow/.local/lib/python3.12/site-packages/airflow/example_dags/example_branch_operator.py for tasks to queue
[2025-03-18T00:35:21.122+0000] {logging_mixin.py:190} INFO - [2025-03-18T00:35:21.121+0000] {dagbag.py:588} INFO - Filling up the DagBag from /home/airflow/.local/lib/python3.12/site-packages/airflow/example_dags/example_branch_operator.py
[2025-03-18T00:35:21.147+0000] {processor.py:925} INFO - DAG(s) 'example_branch_operator' retrieved from /home/airflow/.local/lib/python3.12/site-packages/airflow/example_dags/example_branch_operator.py
[2025-03-18T00:35:21.187+0000] {logging_mixin.py:190} INFO - [2025-03-18T00:35:21.187+0000] {dag.py:3239} INFO - Sync 1 DAGs
[2025-03-18T00:35:21.223+0000] {logging_mixin.py:190} INFO - [2025-03-18T00:35:21.223+0000] {dag.py:4180} INFO - Setting next_dagrun for example_branch_operator to 2025-03-17 00:00:00+00:00, run_after=2025-03-18 00:00:00+00:00
[2025-03-18T00:35:21.260+0000] {processor.py:208} INFO - Processing /home/airflow/.local/lib/python3.12/site-packages/airflow/example_dags/example_branch_operator.py took 0.150 seconds
[2025-03-18T00:35:51.429+0000] {processor.py:186} INFO - Started process (PID=51047) to work on /home/airflow/.local/lib/python3.12/site-packages/airflow/example_dags/example_branch_operator.py
[2025-03-18T00:35:51.431+0000] {processor.py:914} INFO - Processing file /home/airflow/.local/lib/python3.12/site-packages/airflow/example_dags/example_branch_operator.py for tasks to queue
[2025-03-18T00:35:51.433+0000] {logging_mixin.py:190} INFO - [2025-03-18T00:35:51.433+0000] {dagbag.py:588} INFO - Filling up the DagBag from /home/airflow/.local/lib/python3.12/site-packages/airflow/example_dags/example_branch_operator.py
[2025-03-18T00:35:51.461+0000] {processor.py:925} INFO - DAG(s) 'example_branch_operator' retrieved from /home/airflow/.local/lib/python3.12/site-packages/airflow/example_dags/example_branch_operator.py
[2025-03-18T00:35:51.520+0000] {logging_mixin.py:190} INFO - [2025-03-18T00:35:51.520+0000] {dag.py:3239} INFO - Sync 1 DAGs
[2025-03-18T00:35:51.557+0000] {logging_mixin.py:190} INFO - [2025-03-18T00:35:51.557+0000] {dag.py:4180} INFO - Setting next_dagrun for example_branch_operator to 2025-03-17 00:00:00+00:00, run_after=2025-03-18 00:00:00+00:00
[2025-03-18T00:35:51.591+0000] {processor.py:208} INFO - Processing /home/airflow/.local/lib/python3.12/site-packages/airflow/example_dags/example_branch_operator.py took 0.170 seconds
[2025-03-18T00:36:21.823+0000] {processor.py:186} INFO - Started process (PID=51112) to work on /home/airflow/.local/lib/python3.12/site-packages/airflow/example_dags/example_branch_operator.py
[2025-03-18T00:36:21.824+0000] {processor.py:914} INFO - Processing file /home/airflow/.local/lib/python3.12/site-packages/airflow/example_dags/example_branch_operator.py for tasks to queue
[2025-03-18T00:36:21.827+0000] {logging_mixin.py:190} INFO - [2025-03-18T00:36:21.826+0000] {dagbag.py:588} INFO - Filling up the DagBag from /home/airflow/.local/lib/python3.12/site-packages/airflow/example_dags/example_branch_operator.py
[2025-03-18T00:36:21.861+0000] {processor.py:925} INFO - DAG(s) 'example_branch_operator' retrieved from /home/airflow/.local/lib/python3.12/site-packages/airflow/example_dags/example_branch_operator.py
[2025-03-18T00:36:21.910+0000] {logging_mixin.py:190} INFO - [2025-03-18T00:36:21.910+0000] {dag.py:3239} INFO - Sync 1 DAGs
[2025-03-18T00:36:21.945+0000] {logging_mixin.py:190} INFO - [2025-03-18T00:36:21.945+0000] {dag.py:4180} INFO - Setting next_dagrun for example_branch_operator to 2025-03-17 00:00:00+00:00, run_after=2025-03-18 00:00:00+00:00
[2025-03-18T00:36:21.981+0000] {processor.py:208} INFO - Processing /home/airflow/.local/lib/python3.12/site-packages/airflow/example_dags/example_branch_operator.py took 0.165 seconds
[2025-03-18T00:36:52.175+0000] {processor.py:186} INFO - Started process (PID=51177) to work on /home/airflow/.local/lib/python3.12/site-packages/airflow/example_dags/example_branch_operator.py
[2025-03-18T00:36:52.177+0000] {processor.py:914} INFO - Processing file /home/airflow/.local/lib/python3.12/site-packages/airflow/example_dags/example_branch_operator.py for tasks to queue
[2025-03-18T00:36:52.179+0000] {logging_mixin.py:190} INFO - [2025-03-18T00:36:52.178+0000] {dagbag.py:588} INFO - Filling up the DagBag from /home/airflow/.local/lib/python3.12/site-packages/airflow/example_dags/example_branch_operator.py
[2025-03-18T00:36:52.210+0000] {processor.py:925} INFO - DAG(s) 'example_branch_operator' retrieved from /home/airflow/.local/lib/python3.12/site-packages/airflow/example_dags/example_branch_operator.py
[2025-03-18T00:36:52.254+0000] {logging_mixin.py:190} INFO - [2025-03-18T00:36:52.254+0000] {dag.py:3239} INFO - Sync 1 DAGs
[2025-03-18T00:36:52.289+0000] {logging_mixin.py:190} INFO - [2025-03-18T00:36:52.289+0000] {dag.py:4180} INFO - Setting next_dagrun for example_branch_operator to 2025-03-17 00:00:00+00:00, run_after=2025-03-18 00:00:00+00:00
[2025-03-18T00:36:52.321+0000] {processor.py:208} INFO - Processing /home/airflow/.local/lib/python3.12/site-packages/airflow/example_dags/example_branch_operator.py took 0.155 seconds
[2025-03-18T00:37:22.562+0000] {processor.py:186} INFO - Started process (PID=51242) to work on /home/airflow/.local/lib/python3.12/site-packages/airflow/example_dags/example_branch_operator.py
[2025-03-18T00:37:22.564+0000] {processor.py:914} INFO - Processing file /home/airflow/.local/lib/python3.12/site-packages/airflow/example_dags/example_branch_operator.py for tasks to queue
[2025-03-18T00:37:22.566+0000] {logging_mixin.py:190} INFO - [2025-03-18T00:37:22.566+0000] {dagbag.py:588} INFO - Filling up the DagBag from /home/airflow/.local/lib/python3.12/site-packages/airflow/example_dags/example_branch_operator.py
[2025-03-18T00:37:22.593+0000] {processor.py:925} INFO - DAG(s) 'example_branch_operator' retrieved from /home/airflow/.local/lib/python3.12/site-packages/airflow/example_dags/example_branch_operator.py
[2025-03-18T00:37:22.641+0000] {logging_mixin.py:190} INFO - [2025-03-18T00:37:22.640+0000] {dag.py:3239} INFO - Sync 1 DAGs
[2025-03-18T00:37:22.683+0000] {logging_mixin.py:190} INFO - [2025-03-18T00:37:22.682+0000] {dag.py:4180} INFO - Setting next_dagrun for example_branch_operator to 2025-03-17 00:00:00+00:00, run_after=2025-03-18 00:00:00+00:00
[2025-03-18T00:37:22.718+0000] {processor.py:208} INFO - Processing /home/airflow/.local/lib/python3.12/site-packages/airflow/example_dags/example_branch_operator.py took 0.167 seconds
[2025-03-18T00:37:53.379+0000] {processor.py:186} INFO - Started process (PID=51307) to work on /home/airflow/.local/lib/python3.12/site-packages/airflow/example_dags/example_branch_operator.py
[2025-03-18T00:37:53.381+0000] {processor.py:914} INFO - Processing file /home/airflow/.local/lib/python3.12/site-packages/airflow/example_dags/example_branch_operator.py for tasks to queue
[2025-03-18T00:37:53.383+0000] {logging_mixin.py:190} INFO - [2025-03-18T00:37:53.383+0000] {dagbag.py:588} INFO - Filling up the DagBag from /home/airflow/.local/lib/python3.12/site-packages/airflow/example_dags/example_branch_operator.py
[2025-03-18T00:37:53.414+0000] {processor.py:925} INFO - DAG(s) 'example_branch_operator' retrieved from /home/airflow/.local/lib/python3.12/site-packages/airflow/example_dags/example_branch_operator.py
[2025-03-18T00:37:53.462+0000] {logging_mixin.py:190} INFO - [2025-03-18T00:37:53.462+0000] {dag.py:3239} INFO - Sync 1 DAGs
[2025-03-18T00:37:53.506+0000] {logging_mixin.py:190} INFO - [2025-03-18T00:37:53.506+0000] {dag.py:4180} INFO - Setting next_dagrun for example_branch_operator to 2025-03-17 00:00:00+00:00, run_after=2025-03-18 00:00:00+00:00
[2025-03-18T00:37:53.547+0000] {processor.py:208} INFO - Processing /home/airflow/.local/lib/python3.12/site-packages/airflow/example_dags/example_branch_operator.py took 0.178 seconds
[2025-03-18T00:38:23.856+0000] {processor.py:186} INFO - Started process (PID=51372) to work on /home/airflow/.local/lib/python3.12/site-packages/airflow/example_dags/example_branch_operator.py
[2025-03-18T00:38:23.858+0000] {processor.py:914} INFO - Processing file /home/airflow/.local/lib/python3.12/site-packages/airflow/example_dags/example_branch_operator.py for tasks to queue
[2025-03-18T00:38:23.861+0000] {logging_mixin.py:190} INFO - [2025-03-18T00:38:23.860+0000] {dagbag.py:588} INFO - Filling up the DagBag from /home/airflow/.local/lib/python3.12/site-packages/airflow/example_dags/example_branch_operator.py
[2025-03-18T00:38:23.891+0000] {processor.py:925} INFO - DAG(s) 'example_branch_operator' retrieved from /home/airflow/.local/lib/python3.12/site-packages/airflow/example_dags/example_branch_operator.py
[2025-03-18T00:38:23.936+0000] {logging_mixin.py:190} INFO - [2025-03-18T00:38:23.936+0000] {dag.py:3239} INFO - Sync 1 DAGs
[2025-03-18T00:38:23.982+0000] {logging_mixin.py:190} INFO - [2025-03-18T00:38:23.982+0000] {dag.py:4180} INFO - Setting next_dagrun for example_branch_operator to 2025-03-17 00:00:00+00:00, run_after=2025-03-18 00:00:00+00:00
[2025-03-18T00:38:24.026+0000] {processor.py:208} INFO - Processing /home/airflow/.local/lib/python3.12/site-packages/airflow/example_dags/example_branch_operator.py took 0.181 seconds
[2025-03-18T06:17:28.982+0000] {processor.py:186} INFO - Started process (PID=51417) to work on /home/airflow/.local/lib/python3.12/site-packages/airflow/example_dags/example_branch_operator.py
[2025-03-18T06:17:28.995+0000] {processor.py:914} INFO - Processing file /home/airflow/.local/lib/python3.12/site-packages/airflow/example_dags/example_branch_operator.py for tasks to queue
[2025-03-18T06:17:28.999+0000] {logging_mixin.py:190} INFO - [2025-03-18T06:17:28.998+0000] {dagbag.py:588} INFO - Filling up the DagBag from /home/airflow/.local/lib/python3.12/site-packages/airflow/example_dags/example_branch_operator.py
[2025-03-18T06:17:29.158+0000] {processor.py:925} INFO - DAG(s) 'example_branch_operator' retrieved from /home/airflow/.local/lib/python3.12/site-packages/airflow/example_dags/example_branch_operator.py
[2025-03-18T06:17:29.508+0000] {logging_mixin.py:190} INFO - [2025-03-18T06:17:29.508+0000] {dag.py:3239} INFO - Sync 1 DAGs
[2025-03-18T06:17:29.716+0000] {logging_mixin.py:190} INFO - [2025-03-18T06:17:29.715+0000] {dag.py:4180} INFO - Setting next_dagrun for example_branch_operator to 2025-03-17 00:00:00+00:00, run_after=2025-03-18 00:00:00+00:00
[2025-03-18T06:17:29.848+0000] {processor.py:208} INFO - Processing /home/airflow/.local/lib/python3.12/site-packages/airflow/example_dags/example_branch_operator.py took 0.891 seconds
