[2025-03-18T00:32:53.207+0000] {processor.py:186} INFO - Started process (PID=50667) to work on /home/airflow/.local/lib/python3.12/site-packages/airflow/example_dags/example_outlet_event_extra.py
[2025-03-18T00:32:53.209+0000] {processor.py:914} INFO - Processing file /home/airflow/.local/lib/python3.12/site-packages/airflow/example_dags/example_outlet_event_extra.py for tasks to queue
[2025-03-18T00:32:53.221+0000] {logging_mixin.py:190} INFO - [2025-03-18T00:32:53.220+0000] {dagbag.py:588} INFO - Filling up the DagBag from /home/airflow/.local/lib/python3.12/site-packages/airflow/example_dags/example_outlet_event_extra.py
[2025-03-18T00:32:56.913+0000] {processor.py:925} INFO - DAG(s) 'dataset_with_extra_by_yield', 'dataset_with_extra_by_context', 'dataset_with_extra_from_classic_operator' retrieved from /home/airflow/.local/lib/python3.12/site-packages/airflow/example_dags/example_outlet_event_extra.py
[2025-03-18T00:32:57.080+0000] {logging_mixin.py:190} INFO - [2025-03-18T00:32:57.079+0000] {dag.py:3239} INFO - Sync 3 DAGs
[2025-03-18T00:32:57.237+0000] {logging_mixin.py:190} INFO - [2025-03-18T00:32:57.237+0000] {dag.py:4180} INFO - Setting next_dagrun for dataset_with_extra_by_context to 2025-03-17 00:00:00+00:00, run_after=2025-03-18 00:00:00+00:00
[2025-03-18T00:32:57.271+0000] {logging_mixin.py:190} INFO - [2025-03-18T00:32:57.271+0000] {dag.py:4180} INFO - Setting next_dagrun for dataset_with_extra_by_yield to 2025-03-17 00:00:00+00:00, run_after=2025-03-18 00:00:00+00:00
[2025-03-18T00:32:57.289+0000] {logging_mixin.py:190} INFO - [2025-03-18T00:32:57.288+0000] {dag.py:4180} INFO - Setting next_dagrun for dataset_with_extra_from_classic_operator to 2025-03-17 00:00:00+00:00, run_after=2025-03-18 00:00:00+00:00
[2025-03-18T00:32:57.427+0000] {processor.py:208} INFO - Processing /home/airflow/.local/lib/python3.12/site-packages/airflow/example_dags/example_outlet_event_extra.py took 4.241 seconds
[2025-03-18T00:33:28.010+0000] {processor.py:186} INFO - Started process (PID=50736) to work on /home/airflow/.local/lib/python3.12/site-packages/airflow/example_dags/example_outlet_event_extra.py
[2025-03-18T00:33:28.012+0000] {processor.py:914} INFO - Processing file /home/airflow/.local/lib/python3.12/site-packages/airflow/example_dags/example_outlet_event_extra.py for tasks to queue
[2025-03-18T00:33:28.014+0000] {logging_mixin.py:190} INFO - [2025-03-18T00:33:28.014+0000] {dagbag.py:588} INFO - Filling up the DagBag from /home/airflow/.local/lib/python3.12/site-packages/airflow/example_dags/example_outlet_event_extra.py
[2025-03-18T00:33:28.967+0000] {processor.py:925} INFO - DAG(s) 'dataset_with_extra_from_classic_operator', 'dataset_with_extra_by_yield', 'dataset_with_extra_by_context' retrieved from /home/airflow/.local/lib/python3.12/site-packages/airflow/example_dags/example_outlet_event_extra.py
[2025-03-18T00:33:29.027+0000] {logging_mixin.py:190} INFO - [2025-03-18T00:33:29.026+0000] {dag.py:3239} INFO - Sync 3 DAGs
[2025-03-18T00:33:29.083+0000] {logging_mixin.py:190} INFO - [2025-03-18T00:33:29.083+0000] {dag.py:4180} INFO - Setting next_dagrun for dataset_with_extra_by_context to 2025-03-17 00:00:00+00:00, run_after=2025-03-18 00:00:00+00:00
[2025-03-18T00:33:29.096+0000] {logging_mixin.py:190} INFO - [2025-03-18T00:33:29.095+0000] {dag.py:4180} INFO - Setting next_dagrun for dataset_with_extra_by_yield to 2025-03-17 00:00:00+00:00, run_after=2025-03-18 00:00:00+00:00
[2025-03-18T00:33:29.101+0000] {logging_mixin.py:190} INFO - [2025-03-18T00:33:29.101+0000] {dag.py:4180} INFO - Setting next_dagrun for dataset_with_extra_from_classic_operator to 2025-03-17 00:00:00+00:00, run_after=2025-03-18 00:00:00+00:00
[2025-03-18T00:33:29.148+0000] {processor.py:208} INFO - Processing /home/airflow/.local/lib/python3.12/site-packages/airflow/example_dags/example_outlet_event_extra.py took 1.146 seconds
[2025-03-18T00:33:59.239+0000] {processor.py:186} INFO - Started process (PID=50802) to work on /home/airflow/.local/lib/python3.12/site-packages/airflow/example_dags/example_outlet_event_extra.py
[2025-03-18T00:33:59.241+0000] {processor.py:914} INFO - Processing file /home/airflow/.local/lib/python3.12/site-packages/airflow/example_dags/example_outlet_event_extra.py for tasks to queue
[2025-03-18T00:33:59.245+0000] {logging_mixin.py:190} INFO - [2025-03-18T00:33:59.244+0000] {dagbag.py:588} INFO - Filling up the DagBag from /home/airflow/.local/lib/python3.12/site-packages/airflow/example_dags/example_outlet_event_extra.py
[2025-03-18T00:34:00.231+0000] {processor.py:925} INFO - DAG(s) 'dataset_with_extra_by_context', 'dataset_with_extra_from_classic_operator', 'dataset_with_extra_by_yield' retrieved from /home/airflow/.local/lib/python3.12/site-packages/airflow/example_dags/example_outlet_event_extra.py
[2025-03-18T00:34:00.281+0000] {logging_mixin.py:190} INFO - [2025-03-18T00:34:00.281+0000] {dag.py:3239} INFO - Sync 3 DAGs
[2025-03-18T00:34:00.328+0000] {logging_mixin.py:190} INFO - [2025-03-18T00:34:00.327+0000] {dag.py:4180} INFO - Setting next_dagrun for dataset_with_extra_by_context to 2025-03-17 00:00:00+00:00, run_after=2025-03-18 00:00:00+00:00
[2025-03-18T00:34:00.337+0000] {logging_mixin.py:190} INFO - [2025-03-18T00:34:00.337+0000] {dag.py:4180} INFO - Setting next_dagrun for dataset_with_extra_by_yield to 2025-03-17 00:00:00+00:00, run_after=2025-03-18 00:00:00+00:00
[2025-03-18T00:34:00.342+0000] {logging_mixin.py:190} INFO - [2025-03-18T00:34:00.342+0000] {dag.py:4180} INFO - Setting next_dagrun for dataset_with_extra_from_classic_operator to 2025-03-17 00:00:00+00:00, run_after=2025-03-18 00:00:00+00:00
[2025-03-18T00:34:00.412+0000] {processor.py:208} INFO - Processing /home/airflow/.local/lib/python3.12/site-packages/airflow/example_dags/example_outlet_event_extra.py took 1.184 seconds
[2025-03-18T00:34:30.628+0000] {processor.py:186} INFO - Started process (PID=50868) to work on /home/airflow/.local/lib/python3.12/site-packages/airflow/example_dags/example_outlet_event_extra.py
[2025-03-18T00:34:30.630+0000] {processor.py:914} INFO - Processing file /home/airflow/.local/lib/python3.12/site-packages/airflow/example_dags/example_outlet_event_extra.py for tasks to queue
[2025-03-18T00:34:30.632+0000] {logging_mixin.py:190} INFO - [2025-03-18T00:34:30.632+0000] {dagbag.py:588} INFO - Filling up the DagBag from /home/airflow/.local/lib/python3.12/site-packages/airflow/example_dags/example_outlet_event_extra.py
[2025-03-18T00:34:31.620+0000] {processor.py:925} INFO - DAG(s) 'dataset_with_extra_by_context', 'dataset_with_extra_by_yield', 'dataset_with_extra_from_classic_operator' retrieved from /home/airflow/.local/lib/python3.12/site-packages/airflow/example_dags/example_outlet_event_extra.py
[2025-03-18T00:34:31.668+0000] {logging_mixin.py:190} INFO - [2025-03-18T00:34:31.668+0000] {dag.py:3239} INFO - Sync 3 DAGs
[2025-03-18T00:34:31.707+0000] {logging_mixin.py:190} INFO - [2025-03-18T00:34:31.707+0000] {dag.py:4180} INFO - Setting next_dagrun for dataset_with_extra_by_context to 2025-03-17 00:00:00+00:00, run_after=2025-03-18 00:00:00+00:00
[2025-03-18T00:34:31.717+0000] {logging_mixin.py:190} INFO - [2025-03-18T00:34:31.717+0000] {dag.py:4180} INFO - Setting next_dagrun for dataset_with_extra_by_yield to 2025-03-17 00:00:00+00:00, run_after=2025-03-18 00:00:00+00:00
[2025-03-18T00:34:31.722+0000] {logging_mixin.py:190} INFO - [2025-03-18T00:34:31.721+0000] {dag.py:4180} INFO - Setting next_dagrun for dataset_with_extra_from_classic_operator to 2025-03-17 00:00:00+00:00, run_after=2025-03-18 00:00:00+00:00
[2025-03-18T00:34:31.765+0000] {processor.py:208} INFO - Processing /home/airflow/.local/lib/python3.12/site-packages/airflow/example_dags/example_outlet_event_extra.py took 1.145 seconds
[2025-03-18T00:35:01.967+0000] {processor.py:186} INFO - Started process (PID=50938) to work on /home/airflow/.local/lib/python3.12/site-packages/airflow/example_dags/example_outlet_event_extra.py
[2025-03-18T00:35:01.969+0000] {processor.py:914} INFO - Processing file /home/airflow/.local/lib/python3.12/site-packages/airflow/example_dags/example_outlet_event_extra.py for tasks to queue
[2025-03-18T00:35:01.971+0000] {logging_mixin.py:190} INFO - [2025-03-18T00:35:01.970+0000] {dagbag.py:588} INFO - Filling up the DagBag from /home/airflow/.local/lib/python3.12/site-packages/airflow/example_dags/example_outlet_event_extra.py
[2025-03-18T00:35:02.673+0000] {processor.py:925} INFO - DAG(s) 'dataset_with_extra_by_context', 'dataset_with_extra_from_classic_operator', 'dataset_with_extra_by_yield' retrieved from /home/airflow/.local/lib/python3.12/site-packages/airflow/example_dags/example_outlet_event_extra.py
[2025-03-18T00:35:02.710+0000] {logging_mixin.py:190} INFO - [2025-03-18T00:35:02.710+0000] {dag.py:3239} INFO - Sync 3 DAGs
[2025-03-18T00:35:02.744+0000] {logging_mixin.py:190} INFO - [2025-03-18T00:35:02.744+0000] {dag.py:4180} INFO - Setting next_dagrun for dataset_with_extra_by_context to 2025-03-17 00:00:00+00:00, run_after=2025-03-18 00:00:00+00:00
[2025-03-18T00:35:02.757+0000] {logging_mixin.py:190} INFO - [2025-03-18T00:35:02.756+0000] {dag.py:4180} INFO - Setting next_dagrun for dataset_with_extra_by_yield to 2025-03-17 00:00:00+00:00, run_after=2025-03-18 00:00:00+00:00
[2025-03-18T00:35:02.762+0000] {logging_mixin.py:190} INFO - [2025-03-18T00:35:02.761+0000] {dag.py:4180} INFO - Setting next_dagrun for dataset_with_extra_from_classic_operator to 2025-03-17 00:00:00+00:00, run_after=2025-03-18 00:00:00+00:00
[2025-03-18T00:35:02.803+0000] {processor.py:208} INFO - Processing /home/airflow/.local/lib/python3.12/site-packages/airflow/example_dags/example_outlet_event_extra.py took 0.844 seconds
[2025-03-18T00:35:33.293+0000] {processor.py:186} INFO - Started process (PID=51003) to work on /home/airflow/.local/lib/python3.12/site-packages/airflow/example_dags/example_outlet_event_extra.py
[2025-03-18T00:35:33.295+0000] {processor.py:914} INFO - Processing file /home/airflow/.local/lib/python3.12/site-packages/airflow/example_dags/example_outlet_event_extra.py for tasks to queue
[2025-03-18T00:35:33.297+0000] {logging_mixin.py:190} INFO - [2025-03-18T00:35:33.297+0000] {dagbag.py:588} INFO - Filling up the DagBag from /home/airflow/.local/lib/python3.12/site-packages/airflow/example_dags/example_outlet_event_extra.py
[2025-03-18T00:35:34.054+0000] {processor.py:925} INFO - DAG(s) 'dataset_with_extra_from_classic_operator', 'dataset_with_extra_by_yield', 'dataset_with_extra_by_context' retrieved from /home/airflow/.local/lib/python3.12/site-packages/airflow/example_dags/example_outlet_event_extra.py
[2025-03-18T00:35:34.093+0000] {logging_mixin.py:190} INFO - [2025-03-18T00:35:34.092+0000] {dag.py:3239} INFO - Sync 3 DAGs
[2025-03-18T00:35:34.129+0000] {logging_mixin.py:190} INFO - [2025-03-18T00:35:34.128+0000] {dag.py:4180} INFO - Setting next_dagrun for dataset_with_extra_by_context to 2025-03-17 00:00:00+00:00, run_after=2025-03-18 00:00:00+00:00
[2025-03-18T00:35:34.137+0000] {logging_mixin.py:190} INFO - [2025-03-18T00:35:34.137+0000] {dag.py:4180} INFO - Setting next_dagrun for dataset_with_extra_by_yield to 2025-03-17 00:00:00+00:00, run_after=2025-03-18 00:00:00+00:00
[2025-03-18T00:35:34.142+0000] {logging_mixin.py:190} INFO - [2025-03-18T00:35:34.141+0000] {dag.py:4180} INFO - Setting next_dagrun for dataset_with_extra_from_classic_operator to 2025-03-17 00:00:00+00:00, run_after=2025-03-18 00:00:00+00:00
[2025-03-18T00:35:34.183+0000] {processor.py:208} INFO - Processing /home/airflow/.local/lib/python3.12/site-packages/airflow/example_dags/example_outlet_event_extra.py took 0.901 seconds
[2025-03-18T00:36:04.504+0000] {processor.py:186} INFO - Started process (PID=51068) to work on /home/airflow/.local/lib/python3.12/site-packages/airflow/example_dags/example_outlet_event_extra.py
[2025-03-18T00:36:04.505+0000] {processor.py:914} INFO - Processing file /home/airflow/.local/lib/python3.12/site-packages/airflow/example_dags/example_outlet_event_extra.py for tasks to queue
[2025-03-18T00:36:04.507+0000] {logging_mixin.py:190} INFO - [2025-03-18T00:36:04.507+0000] {dagbag.py:588} INFO - Filling up the DagBag from /home/airflow/.local/lib/python3.12/site-packages/airflow/example_dags/example_outlet_event_extra.py
[2025-03-18T00:36:05.353+0000] {processor.py:925} INFO - DAG(s) 'dataset_with_extra_by_context', 'dataset_with_extra_from_classic_operator', 'dataset_with_extra_by_yield' retrieved from /home/airflow/.local/lib/python3.12/site-packages/airflow/example_dags/example_outlet_event_extra.py
[2025-03-18T00:36:05.392+0000] {logging_mixin.py:190} INFO - [2025-03-18T00:36:05.392+0000] {dag.py:3239} INFO - Sync 3 DAGs
[2025-03-18T00:36:05.427+0000] {logging_mixin.py:190} INFO - [2025-03-18T00:36:05.427+0000] {dag.py:4180} INFO - Setting next_dagrun for dataset_with_extra_by_context to 2025-03-17 00:00:00+00:00, run_after=2025-03-18 00:00:00+00:00
[2025-03-18T00:36:05.436+0000] {logging_mixin.py:190} INFO - [2025-03-18T00:36:05.436+0000] {dag.py:4180} INFO - Setting next_dagrun for dataset_with_extra_by_yield to 2025-03-17 00:00:00+00:00, run_after=2025-03-18 00:00:00+00:00
[2025-03-18T00:36:05.441+0000] {logging_mixin.py:190} INFO - [2025-03-18T00:36:05.440+0000] {dag.py:4180} INFO - Setting next_dagrun for dataset_with_extra_from_classic_operator to 2025-03-17 00:00:00+00:00, run_after=2025-03-18 00:00:00+00:00
[2025-03-18T00:36:05.475+0000] {processor.py:208} INFO - Processing /home/airflow/.local/lib/python3.12/site-packages/airflow/example_dags/example_outlet_event_extra.py took 0.981 seconds
[2025-03-18T00:36:36.023+0000] {processor.py:186} INFO - Started process (PID=51134) to work on /home/airflow/.local/lib/python3.12/site-packages/airflow/example_dags/example_outlet_event_extra.py
[2025-03-18T00:36:36.025+0000] {processor.py:914} INFO - Processing file /home/airflow/.local/lib/python3.12/site-packages/airflow/example_dags/example_outlet_event_extra.py for tasks to queue
[2025-03-18T00:36:36.027+0000] {logging_mixin.py:190} INFO - [2025-03-18T00:36:36.026+0000] {dagbag.py:588} INFO - Filling up the DagBag from /home/airflow/.local/lib/python3.12/site-packages/airflow/example_dags/example_outlet_event_extra.py
[2025-03-18T00:36:36.850+0000] {processor.py:925} INFO - DAG(s) 'dataset_with_extra_by_yield', 'dataset_with_extra_by_context', 'dataset_with_extra_from_classic_operator' retrieved from /home/airflow/.local/lib/python3.12/site-packages/airflow/example_dags/example_outlet_event_extra.py
[2025-03-18T00:36:36.895+0000] {logging_mixin.py:190} INFO - [2025-03-18T00:36:36.895+0000] {dag.py:3239} INFO - Sync 3 DAGs
[2025-03-18T00:36:36.936+0000] {logging_mixin.py:190} INFO - [2025-03-18T00:36:36.936+0000] {dag.py:4180} INFO - Setting next_dagrun for dataset_with_extra_by_context to 2025-03-17 00:00:00+00:00, run_after=2025-03-18 00:00:00+00:00
[2025-03-18T00:36:36.945+0000] {logging_mixin.py:190} INFO - [2025-03-18T00:36:36.944+0000] {dag.py:4180} INFO - Setting next_dagrun for dataset_with_extra_by_yield to 2025-03-17 00:00:00+00:00, run_after=2025-03-18 00:00:00+00:00
[2025-03-18T00:36:36.950+0000] {logging_mixin.py:190} INFO - [2025-03-18T00:36:36.950+0000] {dag.py:4180} INFO - Setting next_dagrun for dataset_with_extra_from_classic_operator to 2025-03-17 00:00:00+00:00, run_after=2025-03-18 00:00:00+00:00
[2025-03-18T00:36:36.988+0000] {processor.py:208} INFO - Processing /home/airflow/.local/lib/python3.12/site-packages/airflow/example_dags/example_outlet_event_extra.py took 0.973 seconds
[2025-03-18T00:37:07.110+0000] {processor.py:186} INFO - Started process (PID=51199) to work on /home/airflow/.local/lib/python3.12/site-packages/airflow/example_dags/example_outlet_event_extra.py
[2025-03-18T00:37:07.113+0000] {processor.py:914} INFO - Processing file /home/airflow/.local/lib/python3.12/site-packages/airflow/example_dags/example_outlet_event_extra.py for tasks to queue
[2025-03-18T00:37:07.115+0000] {logging_mixin.py:190} INFO - [2025-03-18T00:37:07.115+0000] {dagbag.py:588} INFO - Filling up the DagBag from /home/airflow/.local/lib/python3.12/site-packages/airflow/example_dags/example_outlet_event_extra.py
[2025-03-18T00:37:07.981+0000] {processor.py:925} INFO - DAG(s) 'dataset_with_extra_by_context', 'dataset_with_extra_by_yield', 'dataset_with_extra_from_classic_operator' retrieved from /home/airflow/.local/lib/python3.12/site-packages/airflow/example_dags/example_outlet_event_extra.py
[2025-03-18T00:37:08.025+0000] {logging_mixin.py:190} INFO - [2025-03-18T00:37:08.025+0000] {dag.py:3239} INFO - Sync 3 DAGs
[2025-03-18T00:37:08.063+0000] {logging_mixin.py:190} INFO - [2025-03-18T00:37:08.063+0000] {dag.py:4180} INFO - Setting next_dagrun for dataset_with_extra_by_context to 2025-03-17 00:00:00+00:00, run_after=2025-03-18 00:00:00+00:00
[2025-03-18T00:37:08.072+0000] {logging_mixin.py:190} INFO - [2025-03-18T00:37:08.071+0000] {dag.py:4180} INFO - Setting next_dagrun for dataset_with_extra_by_yield to 2025-03-17 00:00:00+00:00, run_after=2025-03-18 00:00:00+00:00
[2025-03-18T00:37:08.076+0000] {logging_mixin.py:190} INFO - [2025-03-18T00:37:08.076+0000] {dag.py:4180} INFO - Setting next_dagrun for dataset_with_extra_from_classic_operator to 2025-03-17 00:00:00+00:00, run_after=2025-03-18 00:00:00+00:00
[2025-03-18T00:37:08.112+0000] {processor.py:208} INFO - Processing /home/airflow/.local/lib/python3.12/site-packages/airflow/example_dags/example_outlet_event_extra.py took 1.011 seconds
[2025-03-18T00:37:38.635+0000] {processor.py:186} INFO - Started process (PID=51270) to work on /home/airflow/.local/lib/python3.12/site-packages/airflow/example_dags/example_outlet_event_extra.py
[2025-03-18T00:37:38.637+0000] {processor.py:914} INFO - Processing file /home/airflow/.local/lib/python3.12/site-packages/airflow/example_dags/example_outlet_event_extra.py for tasks to queue
[2025-03-18T00:37:38.640+0000] {logging_mixin.py:190} INFO - [2025-03-18T00:37:38.639+0000] {dagbag.py:588} INFO - Filling up the DagBag from /home/airflow/.local/lib/python3.12/site-packages/airflow/example_dags/example_outlet_event_extra.py
[2025-03-18T00:37:39.538+0000] {processor.py:925} INFO - DAG(s) 'dataset_with_extra_by_yield', 'dataset_with_extra_by_context', 'dataset_with_extra_from_classic_operator' retrieved from /home/airflow/.local/lib/python3.12/site-packages/airflow/example_dags/example_outlet_event_extra.py
[2025-03-18T00:37:39.589+0000] {logging_mixin.py:190} INFO - [2025-03-18T00:37:39.588+0000] {dag.py:3239} INFO - Sync 3 DAGs
[2025-03-18T00:37:39.629+0000] {logging_mixin.py:190} INFO - [2025-03-18T00:37:39.628+0000] {dag.py:4180} INFO - Setting next_dagrun for dataset_with_extra_by_context to 2025-03-17 00:00:00+00:00, run_after=2025-03-18 00:00:00+00:00
[2025-03-18T00:37:39.640+0000] {logging_mixin.py:190} INFO - [2025-03-18T00:37:39.640+0000] {dag.py:4180} INFO - Setting next_dagrun for dataset_with_extra_by_yield to 2025-03-17 00:00:00+00:00, run_after=2025-03-18 00:00:00+00:00
[2025-03-18T00:37:39.644+0000] {logging_mixin.py:190} INFO - [2025-03-18T00:37:39.644+0000] {dag.py:4180} INFO - Setting next_dagrun for dataset_with_extra_from_classic_operator to 2025-03-17 00:00:00+00:00, run_after=2025-03-18 00:00:00+00:00
[2025-03-18T00:37:39.686+0000] {processor.py:208} INFO - Processing /home/airflow/.local/lib/python3.12/site-packages/airflow/example_dags/example_outlet_event_extra.py took 1.062 seconds
[2025-03-18T00:38:09.809+0000] {processor.py:186} INFO - Started process (PID=51338) to work on /home/airflow/.local/lib/python3.12/site-packages/airflow/example_dags/example_outlet_event_extra.py
[2025-03-18T00:38:09.810+0000] {processor.py:914} INFO - Processing file /home/airflow/.local/lib/python3.12/site-packages/airflow/example_dags/example_outlet_event_extra.py for tasks to queue
[2025-03-18T00:38:09.812+0000] {logging_mixin.py:190} INFO - [2025-03-18T00:38:09.811+0000] {dagbag.py:588} INFO - Filling up the DagBag from /home/airflow/.local/lib/python3.12/site-packages/airflow/example_dags/example_outlet_event_extra.py
[2025-03-18T00:38:10.640+0000] {processor.py:925} INFO - DAG(s) 'dataset_with_extra_by_context', 'dataset_with_extra_from_classic_operator', 'dataset_with_extra_by_yield' retrieved from /home/airflow/.local/lib/python3.12/site-packages/airflow/example_dags/example_outlet_event_extra.py
[2025-03-18T00:38:10.679+0000] {logging_mixin.py:190} INFO - [2025-03-18T00:38:10.679+0000] {dag.py:3239} INFO - Sync 3 DAGs
[2025-03-18T00:38:10.716+0000] {logging_mixin.py:190} INFO - [2025-03-18T00:38:10.715+0000] {dag.py:4180} INFO - Setting next_dagrun for dataset_with_extra_by_context to 2025-03-17 00:00:00+00:00, run_after=2025-03-18 00:00:00+00:00
[2025-03-18T00:38:10.726+0000] {logging_mixin.py:190} INFO - [2025-03-18T00:38:10.726+0000] {dag.py:4180} INFO - Setting next_dagrun for dataset_with_extra_by_yield to 2025-03-17 00:00:00+00:00, run_after=2025-03-18 00:00:00+00:00
[2025-03-18T00:38:10.731+0000] {logging_mixin.py:190} INFO - [2025-03-18T00:38:10.731+0000] {dag.py:4180} INFO - Setting next_dagrun for dataset_with_extra_from_classic_operator to 2025-03-17 00:00:00+00:00, run_after=2025-03-18 00:00:00+00:00
[2025-03-18T00:38:10.775+0000] {processor.py:208} INFO - Processing /home/airflow/.local/lib/python3.12/site-packages/airflow/example_dags/example_outlet_event_extra.py took 0.973 seconds
[2025-03-18T06:17:34.772+0000] {processor.py:186} INFO - Started process (PID=51426) to work on /home/airflow/.local/lib/python3.12/site-packages/airflow/example_dags/example_outlet_event_extra.py
[2025-03-18T06:17:34.775+0000] {processor.py:914} INFO - Processing file /home/airflow/.local/lib/python3.12/site-packages/airflow/example_dags/example_outlet_event_extra.py for tasks to queue
[2025-03-18T06:17:34.778+0000] {logging_mixin.py:190} INFO - [2025-03-18T06:17:34.777+0000] {dagbag.py:588} INFO - Filling up the DagBag from /home/airflow/.local/lib/python3.12/site-packages/airflow/example_dags/example_outlet_event_extra.py
[2025-03-19T13:11:10.705+0000] {processor.py:925} INFO - DAG(s) 'dataset_with_extra_by_yield', 'dataset_with_extra_from_classic_operator', 'dataset_with_extra_by_context' retrieved from /home/airflow/.local/lib/python3.12/site-packages/airflow/example_dags/example_outlet_event_extra.py
[2025-03-19T13:11:10.942+0000] {logging_mixin.py:190} INFO - [2025-03-19T13:11:10.941+0000] {dag.py:3239} INFO - Sync 3 DAGs
