[2025-03-18T00:32:44.397+0000] {processor.py:186} INFO - Started process (PID=50650) to work on /home/airflow/.local/lib/python3.12/site-packages/airflow/example_dags/example_task_group.py
[2025-03-18T00:32:44.400+0000] {processor.py:914} INFO - Processing file /home/airflow/.local/lib/python3.12/site-packages/airflow/example_dags/example_task_group.py for tasks to queue
[2025-03-18T00:32:44.413+0000] {logging_mixin.py:190} INFO - [2025-03-18T00:32:44.412+0000] {dagbag.py:588} INFO - Filling up the DagBag from /home/airflow/.local/lib/python3.12/site-packages/airflow/example_dags/example_task_group.py
[2025-03-18T00:32:44.491+0000] {processor.py:925} INFO - DAG(s) 'example_task_group' retrieved from /home/airflow/.local/lib/python3.12/site-packages/airflow/example_dags/example_task_group.py
[2025-03-18T00:32:44.581+0000] {logging_mixin.py:190} INFO - [2025-03-18T00:32:44.580+0000] {dag.py:3239} INFO - Sync 1 DAGs
[2025-03-18T00:32:44.645+0000] {logging_mixin.py:190} INFO - [2025-03-18T00:32:44.644+0000] {dag.py:4180} INFO - Setting next_dagrun for example_task_group to None, run_after=None
[2025-03-18T00:32:44.739+0000] {processor.py:208} INFO - Processing /home/airflow/.local/lib/python3.12/site-packages/airflow/example_dags/example_task_group.py took 0.376 seconds
[2025-03-18T00:33:15.541+0000] {processor.py:186} INFO - Started process (PID=50715) to work on /home/airflow/.local/lib/python3.12/site-packages/airflow/example_dags/example_task_group.py
[2025-03-18T00:33:15.543+0000] {processor.py:914} INFO - Processing file /home/airflow/.local/lib/python3.12/site-packages/airflow/example_dags/example_task_group.py for tasks to queue
[2025-03-18T00:33:15.546+0000] {logging_mixin.py:190} INFO - [2025-03-18T00:33:15.545+0000] {dagbag.py:588} INFO - Filling up the DagBag from /home/airflow/.local/lib/python3.12/site-packages/airflow/example_dags/example_task_group.py
[2025-03-18T00:33:15.564+0000] {processor.py:925} INFO - DAG(s) 'example_task_group' retrieved from /home/airflow/.local/lib/python3.12/site-packages/airflow/example_dags/example_task_group.py
[2025-03-18T00:33:15.609+0000] {logging_mixin.py:190} INFO - [2025-03-18T00:33:15.609+0000] {dag.py:3239} INFO - Sync 1 DAGs
[2025-03-18T00:33:15.638+0000] {logging_mixin.py:190} INFO - [2025-03-18T00:33:15.637+0000] {dag.py:4180} INFO - Setting next_dagrun for example_task_group to None, run_after=None
[2025-03-18T00:33:15.671+0000] {processor.py:208} INFO - Processing /home/airflow/.local/lib/python3.12/site-packages/airflow/example_dags/example_task_group.py took 0.141 seconds
[2025-03-18T00:33:45.805+0000] {processor.py:186} INFO - Started process (PID=50779) to work on /home/airflow/.local/lib/python3.12/site-packages/airflow/example_dags/example_task_group.py
[2025-03-18T00:33:45.807+0000] {processor.py:914} INFO - Processing file /home/airflow/.local/lib/python3.12/site-packages/airflow/example_dags/example_task_group.py for tasks to queue
[2025-03-18T00:33:45.810+0000] {logging_mixin.py:190} INFO - [2025-03-18T00:33:45.810+0000] {dagbag.py:588} INFO - Filling up the DagBag from /home/airflow/.local/lib/python3.12/site-packages/airflow/example_dags/example_task_group.py
[2025-03-18T00:33:45.822+0000] {processor.py:925} INFO - DAG(s) 'example_task_group' retrieved from /home/airflow/.local/lib/python3.12/site-packages/airflow/example_dags/example_task_group.py
[2025-03-18T00:33:45.856+0000] {logging_mixin.py:190} INFO - [2025-03-18T00:33:45.855+0000] {dag.py:3239} INFO - Sync 1 DAGs
[2025-03-18T00:33:45.880+0000] {logging_mixin.py:190} INFO - [2025-03-18T00:33:45.879+0000] {dag.py:4180} INFO - Setting next_dagrun for example_task_group to None, run_after=None
[2025-03-18T00:33:45.917+0000] {processor.py:208} INFO - Processing /home/airflow/.local/lib/python3.12/site-packages/airflow/example_dags/example_task_group.py took 0.120 seconds
[2025-03-18T00:34:16.011+0000] {processor.py:186} INFO - Started process (PID=50844) to work on /home/airflow/.local/lib/python3.12/site-packages/airflow/example_dags/example_task_group.py
[2025-03-18T00:34:16.012+0000] {processor.py:914} INFO - Processing file /home/airflow/.local/lib/python3.12/site-packages/airflow/example_dags/example_task_group.py for tasks to queue
[2025-03-18T00:34:16.014+0000] {logging_mixin.py:190} INFO - [2025-03-18T00:34:16.014+0000] {dagbag.py:588} INFO - Filling up the DagBag from /home/airflow/.local/lib/python3.12/site-packages/airflow/example_dags/example_task_group.py
[2025-03-18T00:34:16.027+0000] {processor.py:925} INFO - DAG(s) 'example_task_group' retrieved from /home/airflow/.local/lib/python3.12/site-packages/airflow/example_dags/example_task_group.py
[2025-03-18T00:34:16.058+0000] {logging_mixin.py:190} INFO - [2025-03-18T00:34:16.058+0000] {dag.py:3239} INFO - Sync 1 DAGs
[2025-03-18T00:34:16.079+0000] {logging_mixin.py:190} INFO - [2025-03-18T00:34:16.079+0000] {dag.py:4180} INFO - Setting next_dagrun for example_task_group to None, run_after=None
[2025-03-18T00:34:16.108+0000] {processor.py:208} INFO - Processing /home/airflow/.local/lib/python3.12/site-packages/airflow/example_dags/example_task_group.py took 0.106 seconds
[2025-03-18T00:34:46.638+0000] {processor.py:186} INFO - Started process (PID=50909) to work on /home/airflow/.local/lib/python3.12/site-packages/airflow/example_dags/example_task_group.py
[2025-03-18T00:34:46.640+0000] {processor.py:914} INFO - Processing file /home/airflow/.local/lib/python3.12/site-packages/airflow/example_dags/example_task_group.py for tasks to queue
[2025-03-18T00:34:46.643+0000] {logging_mixin.py:190} INFO - [2025-03-18T00:34:46.642+0000] {dagbag.py:588} INFO - Filling up the DagBag from /home/airflow/.local/lib/python3.12/site-packages/airflow/example_dags/example_task_group.py
[2025-03-18T00:34:46.658+0000] {processor.py:925} INFO - DAG(s) 'example_task_group' retrieved from /home/airflow/.local/lib/python3.12/site-packages/airflow/example_dags/example_task_group.py
[2025-03-18T00:34:46.692+0000] {logging_mixin.py:190} INFO - [2025-03-18T00:34:46.691+0000] {dag.py:3239} INFO - Sync 1 DAGs
[2025-03-18T00:34:46.717+0000] {logging_mixin.py:190} INFO - [2025-03-18T00:34:46.716+0000] {dag.py:4180} INFO - Setting next_dagrun for example_task_group to None, run_after=None
[2025-03-18T00:34:46.754+0000] {processor.py:208} INFO - Processing /home/airflow/.local/lib/python3.12/site-packages/airflow/example_dags/example_task_group.py took 0.126 seconds
[2025-03-18T00:35:17.123+0000] {processor.py:186} INFO - Started process (PID=50974) to work on /home/airflow/.local/lib/python3.12/site-packages/airflow/example_dags/example_task_group.py
[2025-03-18T00:35:17.124+0000] {processor.py:914} INFO - Processing file /home/airflow/.local/lib/python3.12/site-packages/airflow/example_dags/example_task_group.py for tasks to queue
[2025-03-18T00:35:17.126+0000] {logging_mixin.py:190} INFO - [2025-03-18T00:35:17.126+0000] {dagbag.py:588} INFO - Filling up the DagBag from /home/airflow/.local/lib/python3.12/site-packages/airflow/example_dags/example_task_group.py
[2025-03-18T00:35:17.138+0000] {processor.py:925} INFO - DAG(s) 'example_task_group' retrieved from /home/airflow/.local/lib/python3.12/site-packages/airflow/example_dags/example_task_group.py
[2025-03-18T00:35:17.179+0000] {logging_mixin.py:190} INFO - [2025-03-18T00:35:17.179+0000] {dag.py:3239} INFO - Sync 1 DAGs
[2025-03-18T00:35:17.214+0000] {logging_mixin.py:190} INFO - [2025-03-18T00:35:17.213+0000] {dag.py:4180} INFO - Setting next_dagrun for example_task_group to None, run_after=None
[2025-03-18T00:35:17.254+0000] {processor.py:208} INFO - Processing /home/airflow/.local/lib/python3.12/site-packages/airflow/example_dags/example_task_group.py took 0.140 seconds
[2025-03-18T00:35:47.413+0000] {processor.py:186} INFO - Started process (PID=51039) to work on /home/airflow/.local/lib/python3.12/site-packages/airflow/example_dags/example_task_group.py
[2025-03-18T00:35:47.415+0000] {processor.py:914} INFO - Processing file /home/airflow/.local/lib/python3.12/site-packages/airflow/example_dags/example_task_group.py for tasks to queue
[2025-03-18T00:35:47.417+0000] {logging_mixin.py:190} INFO - [2025-03-18T00:35:47.416+0000] {dagbag.py:588} INFO - Filling up the DagBag from /home/airflow/.local/lib/python3.12/site-packages/airflow/example_dags/example_task_group.py
[2025-03-18T00:35:47.430+0000] {processor.py:925} INFO - DAG(s) 'example_task_group' retrieved from /home/airflow/.local/lib/python3.12/site-packages/airflow/example_dags/example_task_group.py
[2025-03-18T00:35:47.465+0000] {logging_mixin.py:190} INFO - [2025-03-18T00:35:47.465+0000] {dag.py:3239} INFO - Sync 1 DAGs
[2025-03-18T00:35:47.488+0000] {logging_mixin.py:190} INFO - [2025-03-18T00:35:47.487+0000] {dag.py:4180} INFO - Setting next_dagrun for example_task_group to None, run_after=None
[2025-03-18T00:35:47.524+0000] {processor.py:208} INFO - Processing /home/airflow/.local/lib/python3.12/site-packages/airflow/example_dags/example_task_group.py took 0.119 seconds
[2025-03-18T00:36:17.894+0000] {processor.py:186} INFO - Started process (PID=51104) to work on /home/airflow/.local/lib/python3.12/site-packages/airflow/example_dags/example_task_group.py
[2025-03-18T00:36:17.896+0000] {processor.py:914} INFO - Processing file /home/airflow/.local/lib/python3.12/site-packages/airflow/example_dags/example_task_group.py for tasks to queue
[2025-03-18T00:36:17.898+0000] {logging_mixin.py:190} INFO - [2025-03-18T00:36:17.898+0000] {dagbag.py:588} INFO - Filling up the DagBag from /home/airflow/.local/lib/python3.12/site-packages/airflow/example_dags/example_task_group.py
[2025-03-18T00:36:17.917+0000] {processor.py:925} INFO - DAG(s) 'example_task_group' retrieved from /home/airflow/.local/lib/python3.12/site-packages/airflow/example_dags/example_task_group.py
[2025-03-18T00:36:17.969+0000] {logging_mixin.py:190} INFO - [2025-03-18T00:36:17.968+0000] {dag.py:3239} INFO - Sync 1 DAGs
[2025-03-18T00:36:17.993+0000] {logging_mixin.py:190} INFO - [2025-03-18T00:36:17.992+0000] {dag.py:4180} INFO - Setting next_dagrun for example_task_group to None, run_after=None
[2025-03-18T00:36:18.024+0000] {processor.py:208} INFO - Processing /home/airflow/.local/lib/python3.12/site-packages/airflow/example_dags/example_task_group.py took 0.142 seconds
[2025-03-18T00:36:48.301+0000] {processor.py:186} INFO - Started process (PID=51169) to work on /home/airflow/.local/lib/python3.12/site-packages/airflow/example_dags/example_task_group.py
[2025-03-18T00:36:48.303+0000] {processor.py:914} INFO - Processing file /home/airflow/.local/lib/python3.12/site-packages/airflow/example_dags/example_task_group.py for tasks to queue
[2025-03-18T00:36:48.305+0000] {logging_mixin.py:190} INFO - [2025-03-18T00:36:48.305+0000] {dagbag.py:588} INFO - Filling up the DagBag from /home/airflow/.local/lib/python3.12/site-packages/airflow/example_dags/example_task_group.py
[2025-03-18T00:36:48.316+0000] {processor.py:925} INFO - DAG(s) 'example_task_group' retrieved from /home/airflow/.local/lib/python3.12/site-packages/airflow/example_dags/example_task_group.py
[2025-03-18T00:36:48.343+0000] {logging_mixin.py:190} INFO - [2025-03-18T00:36:48.342+0000] {dag.py:3239} INFO - Sync 1 DAGs
[2025-03-18T00:36:48.361+0000] {logging_mixin.py:190} INFO - [2025-03-18T00:36:48.361+0000] {dag.py:4180} INFO - Setting next_dagrun for example_task_group to None, run_after=None
[2025-03-18T00:36:48.389+0000] {processor.py:208} INFO - Processing /home/airflow/.local/lib/python3.12/site-packages/airflow/example_dags/example_task_group.py took 0.094 seconds
[2025-03-18T00:37:19.252+0000] {processor.py:186} INFO - Started process (PID=51234) to work on /home/airflow/.local/lib/python3.12/site-packages/airflow/example_dags/example_task_group.py
[2025-03-18T00:37:19.254+0000] {processor.py:914} INFO - Processing file /home/airflow/.local/lib/python3.12/site-packages/airflow/example_dags/example_task_group.py for tasks to queue
[2025-03-18T00:37:19.257+0000] {logging_mixin.py:190} INFO - [2025-03-18T00:37:19.256+0000] {dagbag.py:588} INFO - Filling up the DagBag from /home/airflow/.local/lib/python3.12/site-packages/airflow/example_dags/example_task_group.py
[2025-03-18T00:37:19.269+0000] {processor.py:925} INFO - DAG(s) 'example_task_group' retrieved from /home/airflow/.local/lib/python3.12/site-packages/airflow/example_dags/example_task_group.py
[2025-03-18T00:37:19.302+0000] {logging_mixin.py:190} INFO - [2025-03-18T00:37:19.302+0000] {dag.py:3239} INFO - Sync 1 DAGs
[2025-03-18T00:37:19.325+0000] {logging_mixin.py:190} INFO - [2025-03-18T00:37:19.325+0000] {dag.py:4180} INFO - Setting next_dagrun for example_task_group to None, run_after=None
[2025-03-18T00:37:19.355+0000] {processor.py:208} INFO - Processing /home/airflow/.local/lib/python3.12/site-packages/airflow/example_dags/example_task_group.py took 0.111 seconds
[2025-03-18T00:37:49.851+0000] {processor.py:186} INFO - Started process (PID=51296) to work on /home/airflow/.local/lib/python3.12/site-packages/airflow/example_dags/example_task_group.py
[2025-03-18T00:37:49.853+0000] {processor.py:914} INFO - Processing file /home/airflow/.local/lib/python3.12/site-packages/airflow/example_dags/example_task_group.py for tasks to queue
[2025-03-18T00:37:49.857+0000] {logging_mixin.py:190} INFO - [2025-03-18T00:37:49.855+0000] {dagbag.py:588} INFO - Filling up the DagBag from /home/airflow/.local/lib/python3.12/site-packages/airflow/example_dags/example_task_group.py
[2025-03-18T00:37:49.869+0000] {processor.py:925} INFO - DAG(s) 'example_task_group' retrieved from /home/airflow/.local/lib/python3.12/site-packages/airflow/example_dags/example_task_group.py
[2025-03-18T00:37:49.904+0000] {logging_mixin.py:190} INFO - [2025-03-18T00:37:49.904+0000] {dag.py:3239} INFO - Sync 1 DAGs
[2025-03-18T00:37:49.930+0000] {logging_mixin.py:190} INFO - [2025-03-18T00:37:49.929+0000] {dag.py:4180} INFO - Setting next_dagrun for example_task_group to None, run_after=None
[2025-03-18T00:37:49.959+0000] {processor.py:208} INFO - Processing /home/airflow/.local/lib/python3.12/site-packages/airflow/example_dags/example_task_group.py took 0.120 seconds
[2025-03-18T00:38:20.784+0000] {processor.py:186} INFO - Started process (PID=51361) to work on /home/airflow/.local/lib/python3.12/site-packages/airflow/example_dags/example_task_group.py
[2025-03-18T00:38:20.786+0000] {processor.py:914} INFO - Processing file /home/airflow/.local/lib/python3.12/site-packages/airflow/example_dags/example_task_group.py for tasks to queue
[2025-03-18T00:38:20.789+0000] {logging_mixin.py:190} INFO - [2025-03-18T00:38:20.789+0000] {dagbag.py:588} INFO - Filling up the DagBag from /home/airflow/.local/lib/python3.12/site-packages/airflow/example_dags/example_task_group.py
[2025-03-18T00:38:20.803+0000] {processor.py:925} INFO - DAG(s) 'example_task_group' retrieved from /home/airflow/.local/lib/python3.12/site-packages/airflow/example_dags/example_task_group.py
[2025-03-18T00:38:20.838+0000] {logging_mixin.py:190} INFO - [2025-03-18T00:38:20.837+0000] {dag.py:3239} INFO - Sync 1 DAGs
[2025-03-18T00:38:20.861+0000] {logging_mixin.py:190} INFO - [2025-03-18T00:38:20.861+0000] {dag.py:4180} INFO - Setting next_dagrun for example_task_group to None, run_after=None
[2025-03-18T00:38:20.902+0000] {processor.py:208} INFO - Processing /home/airflow/.local/lib/python3.12/site-packages/airflow/example_dags/example_task_group.py took 0.129 seconds
[2025-03-18T00:39:47.795+0000] {processor.py:186} INFO - Started process (PID=51409) to work on /home/airflow/.local/lib/python3.12/site-packages/airflow/example_dags/example_task_group.py
[2025-03-18T00:39:47.801+0000] {processor.py:914} INFO - Processing file /home/airflow/.local/lib/python3.12/site-packages/airflow/example_dags/example_task_group.py for tasks to queue
[2025-03-18T00:39:47.806+0000] {logging_mixin.py:190} INFO - [2025-03-18T00:39:47.805+0000] {dagbag.py:588} INFO - Filling up the DagBag from /home/airflow/.local/lib/python3.12/site-packages/airflow/example_dags/example_task_group.py
[2025-03-18T00:39:47.852+0000] {processor.py:925} INFO - DAG(s) 'example_task_group' retrieved from /home/airflow/.local/lib/python3.12/site-packages/airflow/example_dags/example_task_group.py
[2025-03-18T00:39:47.956+0000] {logging_mixin.py:190} INFO - [2025-03-18T00:39:47.956+0000] {dag.py:3239} INFO - Sync 1 DAGs
[2025-03-18T00:39:48.085+0000] {logging_mixin.py:190} INFO - [2025-03-18T00:39:48.084+0000] {dag.py:4180} INFO - Setting next_dagrun for example_task_group to None, run_after=None
[2025-03-18T00:39:48.414+0000] {processor.py:208} INFO - Processing /home/airflow/.local/lib/python3.12/site-packages/airflow/example_dags/example_task_group.py took 0.643 seconds
