[2025-03-18T00:32:56.364+0000] {processor.py:186} INFO - Started process (PID=50671) to work on /home/airflow/.local/lib/python3.12/site-packages/airflow/example_dags/example_sensor_decorator.py
[2025-03-18T00:32:56.366+0000] {processor.py:914} INFO - Processing file /home/airflow/.local/lib/python3.12/site-packages/airflow/example_dags/example_sensor_decorator.py for tasks to queue
[2025-03-18T00:32:56.379+0000] {logging_mixin.py:190} INFO - [2025-03-18T00:32:56.378+0000] {dagbag.py:588} INFO - Filling up the DagBag from /home/airflow/.local/lib/python3.12/site-packages/airflow/example_dags/example_sensor_decorator.py
[2025-03-18T00:32:56.429+0000] {processor.py:925} INFO - DAG(s) 'example_sensor_decorator' retrieved from /home/airflow/.local/lib/python3.12/site-packages/airflow/example_dags/example_sensor_decorator.py
[2025-03-18T00:32:56.545+0000] {logging_mixin.py:190} INFO - [2025-03-18T00:32:56.533+0000] {dag.py:3239} INFO - Sync 1 DAGs
[2025-03-18T00:32:56.651+0000] {logging_mixin.py:190} INFO - [2025-03-18T00:32:56.651+0000] {dag.py:4180} INFO - Setting next_dagrun for example_sensor_decorator to None, run_after=None
[2025-03-18T00:32:56.777+0000] {processor.py:208} INFO - Processing /home/airflow/.local/lib/python3.12/site-packages/airflow/example_dags/example_sensor_decorator.py took 0.435 seconds
[2025-03-18T00:33:26.982+0000] {processor.py:186} INFO - Started process (PID=50735) to work on /home/airflow/.local/lib/python3.12/site-packages/airflow/example_dags/example_sensor_decorator.py
[2025-03-18T00:33:26.984+0000] {processor.py:914} INFO - Processing file /home/airflow/.local/lib/python3.12/site-packages/airflow/example_dags/example_sensor_decorator.py for tasks to queue
[2025-03-18T00:33:26.986+0000] {logging_mixin.py:190} INFO - [2025-03-18T00:33:26.985+0000] {dagbag.py:588} INFO - Filling up the DagBag from /home/airflow/.local/lib/python3.12/site-packages/airflow/example_dags/example_sensor_decorator.py
[2025-03-18T00:33:26.996+0000] {processor.py:925} INFO - DAG(s) 'example_sensor_decorator' retrieved from /home/airflow/.local/lib/python3.12/site-packages/airflow/example_dags/example_sensor_decorator.py
[2025-03-18T00:33:27.026+0000] {logging_mixin.py:190} INFO - [2025-03-18T00:33:27.025+0000] {dag.py:3239} INFO - Sync 1 DAGs
[2025-03-18T00:33:27.046+0000] {logging_mixin.py:190} INFO - [2025-03-18T00:33:27.045+0000] {dag.py:4180} INFO - Setting next_dagrun for example_sensor_decorator to None, run_after=None
[2025-03-18T00:33:27.075+0000] {processor.py:208} INFO - Processing /home/airflow/.local/lib/python3.12/site-packages/airflow/example_dags/example_sensor_decorator.py took 0.100 seconds
[2025-03-18T00:33:57.825+0000] {processor.py:186} INFO - Started process (PID=50800) to work on /home/airflow/.local/lib/python3.12/site-packages/airflow/example_dags/example_sensor_decorator.py
[2025-03-18T00:33:57.826+0000] {processor.py:914} INFO - Processing file /home/airflow/.local/lib/python3.12/site-packages/airflow/example_dags/example_sensor_decorator.py for tasks to queue
[2025-03-18T00:33:57.829+0000] {logging_mixin.py:190} INFO - [2025-03-18T00:33:57.828+0000] {dagbag.py:588} INFO - Filling up the DagBag from /home/airflow/.local/lib/python3.12/site-packages/airflow/example_dags/example_sensor_decorator.py
[2025-03-18T00:33:57.845+0000] {processor.py:925} INFO - DAG(s) 'example_sensor_decorator' retrieved from /home/airflow/.local/lib/python3.12/site-packages/airflow/example_dags/example_sensor_decorator.py
[2025-03-18T00:33:57.877+0000] {logging_mixin.py:190} INFO - [2025-03-18T00:33:57.876+0000] {dag.py:3239} INFO - Sync 1 DAGs
[2025-03-18T00:33:57.899+0000] {logging_mixin.py:190} INFO - [2025-03-18T00:33:57.898+0000] {dag.py:4180} INFO - Setting next_dagrun for example_sensor_decorator to None, run_after=None
[2025-03-18T00:33:57.931+0000] {processor.py:208} INFO - Processing /home/airflow/.local/lib/python3.12/site-packages/airflow/example_dags/example_sensor_decorator.py took 0.113 seconds
[2025-03-18T00:34:28.238+0000] {processor.py:186} INFO - Started process (PID=50865) to work on /home/airflow/.local/lib/python3.12/site-packages/airflow/example_dags/example_sensor_decorator.py
[2025-03-18T00:34:28.240+0000] {processor.py:914} INFO - Processing file /home/airflow/.local/lib/python3.12/site-packages/airflow/example_dags/example_sensor_decorator.py for tasks to queue
[2025-03-18T00:34:28.242+0000] {logging_mixin.py:190} INFO - [2025-03-18T00:34:28.241+0000] {dagbag.py:588} INFO - Filling up the DagBag from /home/airflow/.local/lib/python3.12/site-packages/airflow/example_dags/example_sensor_decorator.py
[2025-03-18T00:34:28.256+0000] {processor.py:925} INFO - DAG(s) 'example_sensor_decorator' retrieved from /home/airflow/.local/lib/python3.12/site-packages/airflow/example_dags/example_sensor_decorator.py
[2025-03-18T00:34:28.289+0000] {logging_mixin.py:190} INFO - [2025-03-18T00:34:28.289+0000] {dag.py:3239} INFO - Sync 1 DAGs
[2025-03-18T00:34:28.314+0000] {logging_mixin.py:190} INFO - [2025-03-18T00:34:28.312+0000] {dag.py:4180} INFO - Setting next_dagrun for example_sensor_decorator to None, run_after=None
[2025-03-18T00:34:28.349+0000] {processor.py:208} INFO - Processing /home/airflow/.local/lib/python3.12/site-packages/airflow/example_dags/example_sensor_decorator.py took 0.122 seconds
[2025-03-18T00:34:59.337+0000] {processor.py:186} INFO - Started process (PID=50930) to work on /home/airflow/.local/lib/python3.12/site-packages/airflow/example_dags/example_sensor_decorator.py
[2025-03-18T00:34:59.340+0000] {processor.py:914} INFO - Processing file /home/airflow/.local/lib/python3.12/site-packages/airflow/example_dags/example_sensor_decorator.py for tasks to queue
[2025-03-18T00:34:59.343+0000] {logging_mixin.py:190} INFO - [2025-03-18T00:34:59.343+0000] {dagbag.py:588} INFO - Filling up the DagBag from /home/airflow/.local/lib/python3.12/site-packages/airflow/example_dags/example_sensor_decorator.py
[2025-03-18T00:34:59.363+0000] {processor.py:925} INFO - DAG(s) 'example_sensor_decorator' retrieved from /home/airflow/.local/lib/python3.12/site-packages/airflow/example_dags/example_sensor_decorator.py
[2025-03-18T00:34:59.409+0000] {logging_mixin.py:190} INFO - [2025-03-18T00:34:59.409+0000] {dag.py:3239} INFO - Sync 1 DAGs
[2025-03-18T00:34:59.455+0000] {logging_mixin.py:190} INFO - [2025-03-18T00:34:59.454+0000] {dag.py:4180} INFO - Setting next_dagrun for example_sensor_decorator to None, run_after=None
[2025-03-18T00:34:59.492+0000] {processor.py:208} INFO - Processing /home/airflow/.local/lib/python3.12/site-packages/airflow/example_dags/example_sensor_decorator.py took 0.167 seconds
[2025-03-18T00:35:29.684+0000] {processor.py:186} INFO - Started process (PID=50994) to work on /home/airflow/.local/lib/python3.12/site-packages/airflow/example_dags/example_sensor_decorator.py
[2025-03-18T00:35:29.686+0000] {processor.py:914} INFO - Processing file /home/airflow/.local/lib/python3.12/site-packages/airflow/example_dags/example_sensor_decorator.py for tasks to queue
[2025-03-18T00:35:29.688+0000] {logging_mixin.py:190} INFO - [2025-03-18T00:35:29.688+0000] {dagbag.py:588} INFO - Filling up the DagBag from /home/airflow/.local/lib/python3.12/site-packages/airflow/example_dags/example_sensor_decorator.py
[2025-03-18T00:35:29.703+0000] {processor.py:925} INFO - DAG(s) 'example_sensor_decorator' retrieved from /home/airflow/.local/lib/python3.12/site-packages/airflow/example_dags/example_sensor_decorator.py
[2025-03-18T00:35:29.735+0000] {logging_mixin.py:190} INFO - [2025-03-18T00:35:29.734+0000] {dag.py:3239} INFO - Sync 1 DAGs
[2025-03-18T00:35:29.757+0000] {logging_mixin.py:190} INFO - [2025-03-18T00:35:29.757+0000] {dag.py:4180} INFO - Setting next_dagrun for example_sensor_decorator to None, run_after=None
[2025-03-18T00:35:29.788+0000] {processor.py:208} INFO - Processing /home/airflow/.local/lib/python3.12/site-packages/airflow/example_dags/example_sensor_decorator.py took 0.112 seconds
[2025-03-18T00:35:59.974+0000] {processor.py:186} INFO - Started process (PID=51059) to work on /home/airflow/.local/lib/python3.12/site-packages/airflow/example_dags/example_sensor_decorator.py
[2025-03-18T00:35:59.976+0000] {processor.py:914} INFO - Processing file /home/airflow/.local/lib/python3.12/site-packages/airflow/example_dags/example_sensor_decorator.py for tasks to queue
[2025-03-18T00:35:59.979+0000] {logging_mixin.py:190} INFO - [2025-03-18T00:35:59.978+0000] {dagbag.py:588} INFO - Filling up the DagBag from /home/airflow/.local/lib/python3.12/site-packages/airflow/example_dags/example_sensor_decorator.py
[2025-03-18T00:35:59.996+0000] {processor.py:925} INFO - DAG(s) 'example_sensor_decorator' retrieved from /home/airflow/.local/lib/python3.12/site-packages/airflow/example_dags/example_sensor_decorator.py
[2025-03-18T00:36:00.035+0000] {logging_mixin.py:190} INFO - [2025-03-18T00:36:00.035+0000] {dag.py:3239} INFO - Sync 1 DAGs
[2025-03-18T00:36:00.065+0000] {logging_mixin.py:190} INFO - [2025-03-18T00:36:00.064+0000] {dag.py:4180} INFO - Setting next_dagrun for example_sensor_decorator to None, run_after=None
[2025-03-18T00:36:00.103+0000] {processor.py:208} INFO - Processing /home/airflow/.local/lib/python3.12/site-packages/airflow/example_dags/example_sensor_decorator.py took 0.138 seconds
[2025-03-18T00:36:30.898+0000] {processor.py:186} INFO - Started process (PID=51124) to work on /home/airflow/.local/lib/python3.12/site-packages/airflow/example_dags/example_sensor_decorator.py
[2025-03-18T00:36:30.900+0000] {processor.py:914} INFO - Processing file /home/airflow/.local/lib/python3.12/site-packages/airflow/example_dags/example_sensor_decorator.py for tasks to queue
[2025-03-18T00:36:30.902+0000] {logging_mixin.py:190} INFO - [2025-03-18T00:36:30.902+0000] {dagbag.py:588} INFO - Filling up the DagBag from /home/airflow/.local/lib/python3.12/site-packages/airflow/example_dags/example_sensor_decorator.py
[2025-03-18T00:36:30.919+0000] {processor.py:925} INFO - DAG(s) 'example_sensor_decorator' retrieved from /home/airflow/.local/lib/python3.12/site-packages/airflow/example_dags/example_sensor_decorator.py
[2025-03-18T00:36:30.950+0000] {logging_mixin.py:190} INFO - [2025-03-18T00:36:30.950+0000] {dag.py:3239} INFO - Sync 1 DAGs
[2025-03-18T00:36:30.973+0000] {logging_mixin.py:190} INFO - [2025-03-18T00:36:30.973+0000] {dag.py:4180} INFO - Setting next_dagrun for example_sensor_decorator to None, run_after=None
[2025-03-18T00:36:31.014+0000] {processor.py:208} INFO - Processing /home/airflow/.local/lib/python3.12/site-packages/airflow/example_dags/example_sensor_decorator.py took 0.124 seconds
[2025-03-18T00:37:01.205+0000] {processor.py:186} INFO - Started process (PID=51189) to work on /home/airflow/.local/lib/python3.12/site-packages/airflow/example_dags/example_sensor_decorator.py
[2025-03-18T00:37:01.206+0000] {processor.py:914} INFO - Processing file /home/airflow/.local/lib/python3.12/site-packages/airflow/example_dags/example_sensor_decorator.py for tasks to queue
[2025-03-18T00:37:01.209+0000] {logging_mixin.py:190} INFO - [2025-03-18T00:37:01.208+0000] {dagbag.py:588} INFO - Filling up the DagBag from /home/airflow/.local/lib/python3.12/site-packages/airflow/example_dags/example_sensor_decorator.py
[2025-03-18T00:37:01.221+0000] {processor.py:925} INFO - DAG(s) 'example_sensor_decorator' retrieved from /home/airflow/.local/lib/python3.12/site-packages/airflow/example_dags/example_sensor_decorator.py
[2025-03-18T00:37:01.250+0000] {logging_mixin.py:190} INFO - [2025-03-18T00:37:01.250+0000] {dag.py:3239} INFO - Sync 1 DAGs
[2025-03-18T00:37:01.275+0000] {logging_mixin.py:190} INFO - [2025-03-18T00:37:01.274+0000] {dag.py:4180} INFO - Setting next_dagrun for example_sensor_decorator to None, run_after=None
[2025-03-18T00:37:01.312+0000] {processor.py:208} INFO - Processing /home/airflow/.local/lib/python3.12/site-packages/airflow/example_dags/example_sensor_decorator.py took 0.117 seconds
[2025-03-18T00:37:31.504+0000] {processor.py:186} INFO - Started process (PID=51254) to work on /home/airflow/.local/lib/python3.12/site-packages/airflow/example_dags/example_sensor_decorator.py
[2025-03-18T00:37:31.506+0000] {processor.py:914} INFO - Processing file /home/airflow/.local/lib/python3.12/site-packages/airflow/example_dags/example_sensor_decorator.py for tasks to queue
[2025-03-18T00:37:31.508+0000] {logging_mixin.py:190} INFO - [2025-03-18T00:37:31.508+0000] {dagbag.py:588} INFO - Filling up the DagBag from /home/airflow/.local/lib/python3.12/site-packages/airflow/example_dags/example_sensor_decorator.py
[2025-03-18T00:37:31.521+0000] {processor.py:925} INFO - DAG(s) 'example_sensor_decorator' retrieved from /home/airflow/.local/lib/python3.12/site-packages/airflow/example_dags/example_sensor_decorator.py
[2025-03-18T00:37:31.549+0000] {logging_mixin.py:190} INFO - [2025-03-18T00:37:31.549+0000] {dag.py:3239} INFO - Sync 1 DAGs
[2025-03-18T00:37:31.585+0000] {logging_mixin.py:190} INFO - [2025-03-18T00:37:31.584+0000] {dag.py:4180} INFO - Setting next_dagrun for example_sensor_decorator to None, run_after=None
[2025-03-18T00:37:31.616+0000] {processor.py:208} INFO - Processing /home/airflow/.local/lib/python3.12/site-packages/airflow/example_dags/example_sensor_decorator.py took 0.120 seconds
[2025-03-18T00:38:02.302+0000] {processor.py:186} INFO - Started process (PID=51319) to work on /home/airflow/.local/lib/python3.12/site-packages/airflow/example_dags/example_sensor_decorator.py
[2025-03-18T00:38:02.304+0000] {processor.py:914} INFO - Processing file /home/airflow/.local/lib/python3.12/site-packages/airflow/example_dags/example_sensor_decorator.py for tasks to queue
[2025-03-18T00:38:02.306+0000] {logging_mixin.py:190} INFO - [2025-03-18T00:38:02.305+0000] {dagbag.py:588} INFO - Filling up the DagBag from /home/airflow/.local/lib/python3.12/site-packages/airflow/example_dags/example_sensor_decorator.py
[2025-03-18T00:38:02.317+0000] {processor.py:925} INFO - DAG(s) 'example_sensor_decorator' retrieved from /home/airflow/.local/lib/python3.12/site-packages/airflow/example_dags/example_sensor_decorator.py
[2025-03-18T00:38:02.347+0000] {logging_mixin.py:190} INFO - [2025-03-18T00:38:02.347+0000] {dag.py:3239} INFO - Sync 1 DAGs
[2025-03-18T00:38:02.370+0000] {logging_mixin.py:190} INFO - [2025-03-18T00:38:02.370+0000] {dag.py:4180} INFO - Setting next_dagrun for example_sensor_decorator to None, run_after=None
[2025-03-18T00:38:02.408+0000] {processor.py:208} INFO - Processing /home/airflow/.local/lib/python3.12/site-packages/airflow/example_dags/example_sensor_decorator.py took 0.113 seconds
[2025-03-18T00:38:32.827+0000] {processor.py:186} INFO - Started process (PID=51384) to work on /home/airflow/.local/lib/python3.12/site-packages/airflow/example_dags/example_sensor_decorator.py
[2025-03-18T00:38:32.829+0000] {processor.py:914} INFO - Processing file /home/airflow/.local/lib/python3.12/site-packages/airflow/example_dags/example_sensor_decorator.py for tasks to queue
[2025-03-18T00:38:32.831+0000] {logging_mixin.py:190} INFO - [2025-03-18T00:38:32.830+0000] {dagbag.py:588} INFO - Filling up the DagBag from /home/airflow/.local/lib/python3.12/site-packages/airflow/example_dags/example_sensor_decorator.py
[2025-03-18T00:38:32.843+0000] {processor.py:925} INFO - DAG(s) 'example_sensor_decorator' retrieved from /home/airflow/.local/lib/python3.12/site-packages/airflow/example_dags/example_sensor_decorator.py
[2025-03-18T00:38:32.873+0000] {logging_mixin.py:190} INFO - [2025-03-18T00:38:32.872+0000] {dag.py:3239} INFO - Sync 1 DAGs
[2025-03-18T00:38:32.900+0000] {logging_mixin.py:190} INFO - [2025-03-18T00:38:32.900+0000] {dag.py:4180} INFO - Setting next_dagrun for example_sensor_decorator to None, run_after=None
[2025-03-18T00:38:32.936+0000] {processor.py:208} INFO - Processing /home/airflow/.local/lib/python3.12/site-packages/airflow/example_dags/example_sensor_decorator.py took 0.118 seconds
