[2025-03-18T00:32:50.804+0000] {processor.py:186} INFO - Started process (PID=50664) to work on /home/airflow/.local/lib/python3.12/site-packages/airflow/example_dags/example_bash_operator.py
[2025-03-18T00:32:50.822+0000] {processor.py:914} INFO - Processing file /home/airflow/.local/lib/python3.12/site-packages/airflow/example_dags/example_bash_operator.py for tasks to queue
[2025-03-18T00:32:50.828+0000] {logging_mixin.py:190} INFO - [2025-03-18T00:32:50.827+0000] {dagbag.py:588} INFO - Filling up the DagBag from /home/airflow/.local/lib/python3.12/site-packages/airflow/example_dags/example_bash_operator.py
[2025-03-18T00:32:50.914+0000] {processor.py:925} INFO - DAG(s) 'example_bash_operator' retrieved from /home/airflow/.local/lib/python3.12/site-packages/airflow/example_dags/example_bash_operator.py
[2025-03-18T00:32:51.098+0000] {logging_mixin.py:190} INFO - [2025-03-18T00:32:51.098+0000] {dag.py:3239} INFO - Sync 1 DAGs
[2025-03-18T00:32:51.255+0000] {logging_mixin.py:190} INFO - [2025-03-18T00:32:51.255+0000] {dag.py:4180} INFO - Setting next_dagrun for example_bash_operator to 2025-03-17 00:00:00+00:00, run_after=2025-03-18 00:00:00+00:00
[2025-03-18T00:32:51.354+0000] {processor.py:208} INFO - Processing /home/airflow/.local/lib/python3.12/site-packages/airflow/example_dags/example_bash_operator.py took 0.585 seconds
[2025-03-18T00:33:21.864+0000] {processor.py:186} INFO - Started process (PID=50728) to work on /home/airflow/.local/lib/python3.12/site-packages/airflow/example_dags/example_bash_operator.py
[2025-03-18T00:33:21.865+0000] {processor.py:914} INFO - Processing file /home/airflow/.local/lib/python3.12/site-packages/airflow/example_dags/example_bash_operator.py for tasks to queue
[2025-03-18T00:33:21.867+0000] {logging_mixin.py:190} INFO - [2025-03-18T00:33:21.867+0000] {dagbag.py:588} INFO - Filling up the DagBag from /home/airflow/.local/lib/python3.12/site-packages/airflow/example_dags/example_bash_operator.py
[2025-03-18T00:33:21.907+0000] {processor.py:925} INFO - DAG(s) 'example_bash_operator' retrieved from /home/airflow/.local/lib/python3.12/site-packages/airflow/example_dags/example_bash_operator.py
[2025-03-18T00:33:21.954+0000] {logging_mixin.py:190} INFO - [2025-03-18T00:33:21.954+0000] {dag.py:3239} INFO - Sync 1 DAGs
[2025-03-18T00:33:21.990+0000] {logging_mixin.py:190} INFO - [2025-03-18T00:33:21.990+0000] {dag.py:4180} INFO - Setting next_dagrun for example_bash_operator to 2025-03-17 00:00:00+00:00, run_after=2025-03-18 00:00:00+00:00
[2025-03-18T00:33:22.031+0000] {processor.py:208} INFO - Processing /home/airflow/.local/lib/python3.12/site-packages/airflow/example_dags/example_bash_operator.py took 0.175 seconds
[2025-03-18T00:33:52.152+0000] {processor.py:186} INFO - Started process (PID=50793) to work on /home/airflow/.local/lib/python3.12/site-packages/airflow/example_dags/example_bash_operator.py
[2025-03-18T00:33:52.153+0000] {processor.py:914} INFO - Processing file /home/airflow/.local/lib/python3.12/site-packages/airflow/example_dags/example_bash_operator.py for tasks to queue
[2025-03-18T00:33:52.156+0000] {logging_mixin.py:190} INFO - [2025-03-18T00:33:52.155+0000] {dagbag.py:588} INFO - Filling up the DagBag from /home/airflow/.local/lib/python3.12/site-packages/airflow/example_dags/example_bash_operator.py
[2025-03-18T00:33:52.175+0000] {processor.py:925} INFO - DAG(s) 'example_bash_operator' retrieved from /home/airflow/.local/lib/python3.12/site-packages/airflow/example_dags/example_bash_operator.py
[2025-03-18T00:33:52.213+0000] {logging_mixin.py:190} INFO - [2025-03-18T00:33:52.213+0000] {dag.py:3239} INFO - Sync 1 DAGs
[2025-03-18T00:33:52.249+0000] {logging_mixin.py:190} INFO - [2025-03-18T00:33:52.249+0000] {dag.py:4180} INFO - Setting next_dagrun for example_bash_operator to 2025-03-17 00:00:00+00:00, run_after=2025-03-18 00:00:00+00:00
[2025-03-18T00:33:52.281+0000] {processor.py:208} INFO - Processing /home/airflow/.local/lib/python3.12/site-packages/airflow/example_dags/example_bash_operator.py took 0.136 seconds
[2025-03-18T00:34:22.829+0000] {processor.py:186} INFO - Started process (PID=50858) to work on /home/airflow/.local/lib/python3.12/site-packages/airflow/example_dags/example_bash_operator.py
[2025-03-18T00:34:22.831+0000] {processor.py:914} INFO - Processing file /home/airflow/.local/lib/python3.12/site-packages/airflow/example_dags/example_bash_operator.py for tasks to queue
[2025-03-18T00:34:22.833+0000] {logging_mixin.py:190} INFO - [2025-03-18T00:34:22.832+0000] {dagbag.py:588} INFO - Filling up the DagBag from /home/airflow/.local/lib/python3.12/site-packages/airflow/example_dags/example_bash_operator.py
[2025-03-18T00:34:22.850+0000] {processor.py:925} INFO - DAG(s) 'example_bash_operator' retrieved from /home/airflow/.local/lib/python3.12/site-packages/airflow/example_dags/example_bash_operator.py
[2025-03-18T00:34:22.888+0000] {logging_mixin.py:190} INFO - [2025-03-18T00:34:22.887+0000] {dag.py:3239} INFO - Sync 1 DAGs
[2025-03-18T00:34:22.923+0000] {logging_mixin.py:190} INFO - [2025-03-18T00:34:22.923+0000] {dag.py:4180} INFO - Setting next_dagrun for example_bash_operator to 2025-03-17 00:00:00+00:00, run_after=2025-03-18 00:00:00+00:00
[2025-03-18T00:34:22.957+0000] {processor.py:208} INFO - Processing /home/airflow/.local/lib/python3.12/site-packages/airflow/example_dags/example_bash_operator.py took 0.135 seconds
[2025-03-18T00:34:53.344+0000] {processor.py:186} INFO - Started process (PID=50923) to work on /home/airflow/.local/lib/python3.12/site-packages/airflow/example_dags/example_bash_operator.py
[2025-03-18T00:34:53.345+0000] {processor.py:914} INFO - Processing file /home/airflow/.local/lib/python3.12/site-packages/airflow/example_dags/example_bash_operator.py for tasks to queue
[2025-03-18T00:34:53.347+0000] {logging_mixin.py:190} INFO - [2025-03-18T00:34:53.346+0000] {dagbag.py:588} INFO - Filling up the DagBag from /home/airflow/.local/lib/python3.12/site-packages/airflow/example_dags/example_bash_operator.py
[2025-03-18T00:34:53.367+0000] {processor.py:925} INFO - DAG(s) 'example_bash_operator' retrieved from /home/airflow/.local/lib/python3.12/site-packages/airflow/example_dags/example_bash_operator.py
[2025-03-18T00:34:53.404+0000] {logging_mixin.py:190} INFO - [2025-03-18T00:34:53.403+0000] {dag.py:3239} INFO - Sync 1 DAGs
[2025-03-18T00:34:53.439+0000] {logging_mixin.py:190} INFO - [2025-03-18T00:34:53.439+0000] {dag.py:4180} INFO - Setting next_dagrun for example_bash_operator to 2025-03-17 00:00:00+00:00, run_after=2025-03-18 00:00:00+00:00
[2025-03-18T00:34:53.474+0000] {processor.py:208} INFO - Processing /home/airflow/.local/lib/python3.12/site-packages/airflow/example_dags/example_bash_operator.py took 0.138 seconds
[2025-03-18T00:35:23.967+0000] {processor.py:186} INFO - Started process (PID=50988) to work on /home/airflow/.local/lib/python3.12/site-packages/airflow/example_dags/example_bash_operator.py
[2025-03-18T00:35:23.969+0000] {processor.py:914} INFO - Processing file /home/airflow/.local/lib/python3.12/site-packages/airflow/example_dags/example_bash_operator.py for tasks to queue
[2025-03-18T00:35:23.972+0000] {logging_mixin.py:190} INFO - [2025-03-18T00:35:23.971+0000] {dagbag.py:588} INFO - Filling up the DagBag from /home/airflow/.local/lib/python3.12/site-packages/airflow/example_dags/example_bash_operator.py
[2025-03-18T00:35:23.995+0000] {processor.py:925} INFO - DAG(s) 'example_bash_operator' retrieved from /home/airflow/.local/lib/python3.12/site-packages/airflow/example_dags/example_bash_operator.py
[2025-03-18T00:35:24.042+0000] {logging_mixin.py:190} INFO - [2025-03-18T00:35:24.042+0000] {dag.py:3239} INFO - Sync 1 DAGs
[2025-03-18T00:35:24.084+0000] {logging_mixin.py:190} INFO - [2025-03-18T00:35:24.084+0000] {dag.py:4180} INFO - Setting next_dagrun for example_bash_operator to 2025-03-17 00:00:00+00:00, run_after=2025-03-18 00:00:00+00:00
[2025-03-18T00:35:24.118+0000] {processor.py:208} INFO - Processing /home/airflow/.local/lib/python3.12/site-packages/airflow/example_dags/example_bash_operator.py took 0.162 seconds
[2025-03-18T00:35:54.477+0000] {processor.py:186} INFO - Started process (PID=51053) to work on /home/airflow/.local/lib/python3.12/site-packages/airflow/example_dags/example_bash_operator.py
[2025-03-18T00:35:54.479+0000] {processor.py:914} INFO - Processing file /home/airflow/.local/lib/python3.12/site-packages/airflow/example_dags/example_bash_operator.py for tasks to queue
[2025-03-18T00:35:54.481+0000] {logging_mixin.py:190} INFO - [2025-03-18T00:35:54.480+0000] {dagbag.py:588} INFO - Filling up the DagBag from /home/airflow/.local/lib/python3.12/site-packages/airflow/example_dags/example_bash_operator.py
[2025-03-18T00:35:54.496+0000] {processor.py:925} INFO - DAG(s) 'example_bash_operator' retrieved from /home/airflow/.local/lib/python3.12/site-packages/airflow/example_dags/example_bash_operator.py
[2025-03-18T00:35:54.528+0000] {logging_mixin.py:190} INFO - [2025-03-18T00:35:54.528+0000] {dag.py:3239} INFO - Sync 1 DAGs
[2025-03-18T00:35:54.558+0000] {logging_mixin.py:190} INFO - [2025-03-18T00:35:54.557+0000] {dag.py:4180} INFO - Setting next_dagrun for example_bash_operator to 2025-03-17 00:00:00+00:00, run_after=2025-03-18 00:00:00+00:00
[2025-03-18T00:35:54.592+0000] {processor.py:208} INFO - Processing /home/airflow/.local/lib/python3.12/site-packages/airflow/example_dags/example_bash_operator.py took 0.122 seconds
[2025-03-18T00:36:25.310+0000] {processor.py:186} INFO - Started process (PID=51118) to work on /home/airflow/.local/lib/python3.12/site-packages/airflow/example_dags/example_bash_operator.py
[2025-03-18T00:36:25.311+0000] {processor.py:914} INFO - Processing file /home/airflow/.local/lib/python3.12/site-packages/airflow/example_dags/example_bash_operator.py for tasks to queue
[2025-03-18T00:36:25.314+0000] {logging_mixin.py:190} INFO - [2025-03-18T00:36:25.313+0000] {dagbag.py:588} INFO - Filling up the DagBag from /home/airflow/.local/lib/python3.12/site-packages/airflow/example_dags/example_bash_operator.py
[2025-03-18T00:36:25.333+0000] {processor.py:925} INFO - DAG(s) 'example_bash_operator' retrieved from /home/airflow/.local/lib/python3.12/site-packages/airflow/example_dags/example_bash_operator.py
[2025-03-18T00:36:25.377+0000] {logging_mixin.py:190} INFO - [2025-03-18T00:36:25.377+0000] {dag.py:3239} INFO - Sync 1 DAGs
[2025-03-18T00:36:25.412+0000] {logging_mixin.py:190} INFO - [2025-03-18T00:36:25.412+0000] {dag.py:4180} INFO - Setting next_dagrun for example_bash_operator to 2025-03-17 00:00:00+00:00, run_after=2025-03-18 00:00:00+00:00
[2025-03-18T00:36:25.441+0000] {processor.py:208} INFO - Processing /home/airflow/.local/lib/python3.12/site-packages/airflow/example_dags/example_bash_operator.py took 0.139 seconds
[2025-03-18T00:36:55.606+0000] {processor.py:186} INFO - Started process (PID=51183) to work on /home/airflow/.local/lib/python3.12/site-packages/airflow/example_dags/example_bash_operator.py
[2025-03-18T00:36:55.608+0000] {processor.py:914} INFO - Processing file /home/airflow/.local/lib/python3.12/site-packages/airflow/example_dags/example_bash_operator.py for tasks to queue
[2025-03-18T00:36:55.610+0000] {logging_mixin.py:190} INFO - [2025-03-18T00:36:55.610+0000] {dagbag.py:588} INFO - Filling up the DagBag from /home/airflow/.local/lib/python3.12/site-packages/airflow/example_dags/example_bash_operator.py
[2025-03-18T00:36:55.631+0000] {processor.py:925} INFO - DAG(s) 'example_bash_operator' retrieved from /home/airflow/.local/lib/python3.12/site-packages/airflow/example_dags/example_bash_operator.py
[2025-03-18T00:36:55.681+0000] {logging_mixin.py:190} INFO - [2025-03-18T00:36:55.681+0000] {dag.py:3239} INFO - Sync 1 DAGs
[2025-03-18T00:36:55.729+0000] {logging_mixin.py:190} INFO - [2025-03-18T00:36:55.728+0000] {dag.py:4180} INFO - Setting next_dagrun for example_bash_operator to 2025-03-17 00:00:00+00:00, run_after=2025-03-18 00:00:00+00:00
[2025-03-18T00:36:55.763+0000] {processor.py:208} INFO - Processing /home/airflow/.local/lib/python3.12/site-packages/airflow/example_dags/example_bash_operator.py took 0.167 seconds
[2025-03-18T00:37:26.016+0000] {processor.py:186} INFO - Started process (PID=51247) to work on /home/airflow/.local/lib/python3.12/site-packages/airflow/example_dags/example_bash_operator.py
[2025-03-18T00:37:26.018+0000] {processor.py:914} INFO - Processing file /home/airflow/.local/lib/python3.12/site-packages/airflow/example_dags/example_bash_operator.py for tasks to queue
[2025-03-18T00:37:26.020+0000] {logging_mixin.py:190} INFO - [2025-03-18T00:37:26.019+0000] {dagbag.py:588} INFO - Filling up the DagBag from /home/airflow/.local/lib/python3.12/site-packages/airflow/example_dags/example_bash_operator.py
[2025-03-18T00:37:26.038+0000] {processor.py:925} INFO - DAG(s) 'example_bash_operator' retrieved from /home/airflow/.local/lib/python3.12/site-packages/airflow/example_dags/example_bash_operator.py
[2025-03-18T00:37:26.080+0000] {logging_mixin.py:190} INFO - [2025-03-18T00:37:26.080+0000] {dag.py:3239} INFO - Sync 1 DAGs
[2025-03-18T00:37:26.117+0000] {logging_mixin.py:190} INFO - [2025-03-18T00:37:26.116+0000] {dag.py:4180} INFO - Setting next_dagrun for example_bash_operator to 2025-03-17 00:00:00+00:00, run_after=2025-03-18 00:00:00+00:00
[2025-03-18T00:37:26.148+0000] {processor.py:208} INFO - Processing /home/airflow/.local/lib/python3.12/site-packages/airflow/example_dags/example_bash_operator.py took 0.139 seconds
[2025-03-18T00:37:56.825+0000] {processor.py:186} INFO - Started process (PID=51312) to work on /home/airflow/.local/lib/python3.12/site-packages/airflow/example_dags/example_bash_operator.py
[2025-03-18T00:37:56.828+0000] {processor.py:914} INFO - Processing file /home/airflow/.local/lib/python3.12/site-packages/airflow/example_dags/example_bash_operator.py for tasks to queue
[2025-03-18T00:37:56.830+0000] {logging_mixin.py:190} INFO - [2025-03-18T00:37:56.830+0000] {dagbag.py:588} INFO - Filling up the DagBag from /home/airflow/.local/lib/python3.12/site-packages/airflow/example_dags/example_bash_operator.py
[2025-03-18T00:37:56.848+0000] {processor.py:925} INFO - DAG(s) 'example_bash_operator' retrieved from /home/airflow/.local/lib/python3.12/site-packages/airflow/example_dags/example_bash_operator.py
[2025-03-18T00:37:56.930+0000] {logging_mixin.py:190} INFO - [2025-03-18T00:37:56.929+0000] {dag.py:3239} INFO - Sync 1 DAGs
[2025-03-18T00:37:56.971+0000] {logging_mixin.py:190} INFO - [2025-03-18T00:37:56.971+0000] {dag.py:4180} INFO - Setting next_dagrun for example_bash_operator to 2025-03-17 00:00:00+00:00, run_after=2025-03-18 00:00:00+00:00
[2025-03-18T00:37:57.003+0000] {processor.py:208} INFO - Processing /home/airflow/.local/lib/python3.12/site-packages/airflow/example_dags/example_bash_operator.py took 0.185 seconds
[2025-03-18T00:38:27.318+0000] {processor.py:186} INFO - Started process (PID=51377) to work on /home/airflow/.local/lib/python3.12/site-packages/airflow/example_dags/example_bash_operator.py
[2025-03-18T00:38:27.320+0000] {processor.py:914} INFO - Processing file /home/airflow/.local/lib/python3.12/site-packages/airflow/example_dags/example_bash_operator.py for tasks to queue
[2025-03-18T00:38:27.322+0000] {logging_mixin.py:190} INFO - [2025-03-18T00:38:27.322+0000] {dagbag.py:588} INFO - Filling up the DagBag from /home/airflow/.local/lib/python3.12/site-packages/airflow/example_dags/example_bash_operator.py
[2025-03-18T00:38:27.341+0000] {processor.py:925} INFO - DAG(s) 'example_bash_operator' retrieved from /home/airflow/.local/lib/python3.12/site-packages/airflow/example_dags/example_bash_operator.py
[2025-03-18T00:38:27.379+0000] {logging_mixin.py:190} INFO - [2025-03-18T00:38:27.378+0000] {dag.py:3239} INFO - Sync 1 DAGs
[2025-03-18T00:38:27.420+0000] {logging_mixin.py:190} INFO - [2025-03-18T00:38:27.420+0000] {dag.py:4180} INFO - Setting next_dagrun for example_bash_operator to 2025-03-17 00:00:00+00:00, run_after=2025-03-18 00:00:00+00:00
[2025-03-18T00:38:27.449+0000] {processor.py:208} INFO - Processing /home/airflow/.local/lib/python3.12/site-packages/airflow/example_dags/example_bash_operator.py took 0.138 seconds
[2025-03-18T06:17:32.015+0000] {processor.py:186} INFO - Started process (PID=51423) to work on /home/airflow/.local/lib/python3.12/site-packages/airflow/example_dags/example_bash_operator.py
[2025-03-18T06:17:32.018+0000] {processor.py:914} INFO - Processing file /home/airflow/.local/lib/python3.12/site-packages/airflow/example_dags/example_bash_operator.py for tasks to queue
[2025-03-18T06:17:32.031+0000] {logging_mixin.py:190} INFO - [2025-03-18T06:17:32.029+0000] {dagbag.py:588} INFO - Filling up the DagBag from /home/airflow/.local/lib/python3.12/site-packages/airflow/example_dags/example_bash_operator.py
[2025-03-18T06:17:32.126+0000] {processor.py:925} INFO - DAG(s) 'example_bash_operator' retrieved from /home/airflow/.local/lib/python3.12/site-packages/airflow/example_dags/example_bash_operator.py
[2025-03-18T06:17:32.345+0000] {logging_mixin.py:190} INFO - [2025-03-18T06:17:32.345+0000] {dag.py:3239} INFO - Sync 1 DAGs
[2025-03-18T06:17:32.555+0000] {logging_mixin.py:190} INFO - [2025-03-18T06:17:32.555+0000] {dag.py:4180} INFO - Setting next_dagrun for example_bash_operator to 2025-03-17 00:00:00+00:00, run_after=2025-03-18 00:00:00+00:00
[2025-03-18T06:17:32.727+0000] {processor.py:208} INFO - Processing /home/airflow/.local/lib/python3.12/site-packages/airflow/example_dags/example_bash_operator.py took 0.752 seconds
