[2025-03-18T00:32:43.647+0000] {processor.py:186} INFO - Started process (PID=50649) to work on /home/airflow/.local/lib/python3.12/site-packages/airflow/example_dags/example_nested_branch_dag.py
[2025-03-18T00:32:43.659+0000] {processor.py:914} INFO - Processing file /home/airflow/.local/lib/python3.12/site-packages/airflow/example_dags/example_nested_branch_dag.py for tasks to queue
[2025-03-18T00:32:43.665+0000] {logging_mixin.py:190} INFO - [2025-03-18T00:32:43.664+0000] {dagbag.py:588} INFO - Filling up the DagBag from /home/airflow/.local/lib/python3.12/site-packages/airflow/example_dags/example_nested_branch_dag.py
[2025-03-18T00:32:43.741+0000] {processor.py:925} INFO - DAG(s) 'example_nested_branch_dag' retrieved from /home/airflow/.local/lib/python3.12/site-packages/airflow/example_dags/example_nested_branch_dag.py
[2025-03-18T00:32:43.855+0000] {logging_mixin.py:190} INFO - [2025-03-18T00:32:43.855+0000] {dag.py:3239} INFO - Sync 1 DAGs
[2025-03-18T00:32:43.999+0000] {logging_mixin.py:190} INFO - [2025-03-18T00:32:43.998+0000] {dag.py:4180} INFO - Setting next_dagrun for example_nested_branch_dag to 2025-03-17 00:00:00+00:00, run_after=2025-03-18 00:00:00+00:00
[2025-03-18T00:32:44.105+0000] {processor.py:208} INFO - Processing /home/airflow/.local/lib/python3.12/site-packages/airflow/example_dags/example_nested_branch_dag.py took 0.479 seconds
[2025-03-18T00:33:14.509+0000] {processor.py:186} INFO - Started process (PID=50714) to work on /home/airflow/.local/lib/python3.12/site-packages/airflow/example_dags/example_nested_branch_dag.py
[2025-03-18T00:33:14.511+0000] {processor.py:914} INFO - Processing file /home/airflow/.local/lib/python3.12/site-packages/airflow/example_dags/example_nested_branch_dag.py for tasks to queue
[2025-03-18T00:33:14.513+0000] {logging_mixin.py:190} INFO - [2025-03-18T00:33:14.512+0000] {dagbag.py:588} INFO - Filling up the DagBag from /home/airflow/.local/lib/python3.12/site-packages/airflow/example_dags/example_nested_branch_dag.py
[2025-03-18T00:33:14.532+0000] {processor.py:925} INFO - DAG(s) 'example_nested_branch_dag' retrieved from /home/airflow/.local/lib/python3.12/site-packages/airflow/example_dags/example_nested_branch_dag.py
[2025-03-18T00:33:14.565+0000] {logging_mixin.py:190} INFO - [2025-03-18T00:33:14.565+0000] {dag.py:3239} INFO - Sync 1 DAGs
[2025-03-18T00:33:14.607+0000] {logging_mixin.py:190} INFO - [2025-03-18T00:33:14.606+0000] {dag.py:4180} INFO - Setting next_dagrun for example_nested_branch_dag to 2025-03-17 00:00:00+00:00, run_after=2025-03-18 00:00:00+00:00
[2025-03-18T00:33:14.654+0000] {processor.py:208} INFO - Processing /home/airflow/.local/lib/python3.12/site-packages/airflow/example_dags/example_nested_branch_dag.py took 0.153 seconds
[2025-03-18T00:33:44.777+0000] {processor.py:186} INFO - Started process (PID=50778) to work on /home/airflow/.local/lib/python3.12/site-packages/airflow/example_dags/example_nested_branch_dag.py
[2025-03-18T00:33:44.779+0000] {processor.py:914} INFO - Processing file /home/airflow/.local/lib/python3.12/site-packages/airflow/example_dags/example_nested_branch_dag.py for tasks to queue
[2025-03-18T00:33:44.782+0000] {logging_mixin.py:190} INFO - [2025-03-18T00:33:44.781+0000] {dagbag.py:588} INFO - Filling up the DagBag from /home/airflow/.local/lib/python3.12/site-packages/airflow/example_dags/example_nested_branch_dag.py
[2025-03-18T00:33:44.802+0000] {processor.py:925} INFO - DAG(s) 'example_nested_branch_dag' retrieved from /home/airflow/.local/lib/python3.12/site-packages/airflow/example_dags/example_nested_branch_dag.py
[2025-03-18T00:33:44.837+0000] {logging_mixin.py:190} INFO - [2025-03-18T00:33:44.837+0000] {dag.py:3239} INFO - Sync 1 DAGs
[2025-03-18T00:33:44.872+0000] {logging_mixin.py:190} INFO - [2025-03-18T00:33:44.872+0000] {dag.py:4180} INFO - Setting next_dagrun for example_nested_branch_dag to 2025-03-17 00:00:00+00:00, run_after=2025-03-18 00:00:00+00:00
[2025-03-18T00:33:44.909+0000] {processor.py:208} INFO - Processing /home/airflow/.local/lib/python3.12/site-packages/airflow/example_dags/example_nested_branch_dag.py took 0.139 seconds
[2025-03-18T00:34:14.986+0000] {processor.py:186} INFO - Started process (PID=50843) to work on /home/airflow/.local/lib/python3.12/site-packages/airflow/example_dags/example_nested_branch_dag.py
[2025-03-18T00:34:14.988+0000] {processor.py:914} INFO - Processing file /home/airflow/.local/lib/python3.12/site-packages/airflow/example_dags/example_nested_branch_dag.py for tasks to queue
[2025-03-18T00:34:14.990+0000] {logging_mixin.py:190} INFO - [2025-03-18T00:34:14.989+0000] {dagbag.py:588} INFO - Filling up the DagBag from /home/airflow/.local/lib/python3.12/site-packages/airflow/example_dags/example_nested_branch_dag.py
[2025-03-18T00:34:15.006+0000] {processor.py:925} INFO - DAG(s) 'example_nested_branch_dag' retrieved from /home/airflow/.local/lib/python3.12/site-packages/airflow/example_dags/example_nested_branch_dag.py
[2025-03-18T00:34:15.038+0000] {logging_mixin.py:190} INFO - [2025-03-18T00:34:15.037+0000] {dag.py:3239} INFO - Sync 1 DAGs
[2025-03-18T00:34:15.074+0000] {logging_mixin.py:190} INFO - [2025-03-18T00:34:15.073+0000] {dag.py:4180} INFO - Setting next_dagrun for example_nested_branch_dag to 2025-03-17 00:00:00+00:00, run_after=2025-03-18 00:00:00+00:00
[2025-03-18T00:34:15.102+0000] {processor.py:208} INFO - Processing /home/airflow/.local/lib/python3.12/site-packages/airflow/example_dags/example_nested_branch_dag.py took 0.124 seconds
[2025-03-18T00:34:45.620+0000] {processor.py:186} INFO - Started process (PID=50908) to work on /home/airflow/.local/lib/python3.12/site-packages/airflow/example_dags/example_nested_branch_dag.py
[2025-03-18T00:34:45.622+0000] {processor.py:914} INFO - Processing file /home/airflow/.local/lib/python3.12/site-packages/airflow/example_dags/example_nested_branch_dag.py for tasks to queue
[2025-03-18T00:34:45.625+0000] {logging_mixin.py:190} INFO - [2025-03-18T00:34:45.624+0000] {dagbag.py:588} INFO - Filling up the DagBag from /home/airflow/.local/lib/python3.12/site-packages/airflow/example_dags/example_nested_branch_dag.py
[2025-03-18T00:34:45.652+0000] {processor.py:925} INFO - DAG(s) 'example_nested_branch_dag' retrieved from /home/airflow/.local/lib/python3.12/site-packages/airflow/example_dags/example_nested_branch_dag.py
[2025-03-18T00:34:45.699+0000] {logging_mixin.py:190} INFO - [2025-03-18T00:34:45.698+0000] {dag.py:3239} INFO - Sync 1 DAGs
[2025-03-18T00:34:45.742+0000] {logging_mixin.py:190} INFO - [2025-03-18T00:34:45.741+0000] {dag.py:4180} INFO - Setting next_dagrun for example_nested_branch_dag to 2025-03-17 00:00:00+00:00, run_after=2025-03-18 00:00:00+00:00
[2025-03-18T00:34:45.782+0000] {processor.py:208} INFO - Processing /home/airflow/.local/lib/python3.12/site-packages/airflow/example_dags/example_nested_branch_dag.py took 0.171 seconds
[2025-03-18T00:35:15.950+0000] {processor.py:186} INFO - Started process (PID=50973) to work on /home/airflow/.local/lib/python3.12/site-packages/airflow/example_dags/example_nested_branch_dag.py
[2025-03-18T00:35:15.951+0000] {processor.py:914} INFO - Processing file /home/airflow/.local/lib/python3.12/site-packages/airflow/example_dags/example_nested_branch_dag.py for tasks to queue
[2025-03-18T00:35:15.953+0000] {logging_mixin.py:190} INFO - [2025-03-18T00:35:15.953+0000] {dagbag.py:588} INFO - Filling up the DagBag from /home/airflow/.local/lib/python3.12/site-packages/airflow/example_dags/example_nested_branch_dag.py
[2025-03-18T00:35:15.968+0000] {processor.py:925} INFO - DAG(s) 'example_nested_branch_dag' retrieved from /home/airflow/.local/lib/python3.12/site-packages/airflow/example_dags/example_nested_branch_dag.py
[2025-03-18T00:35:15.998+0000] {logging_mixin.py:190} INFO - [2025-03-18T00:35:15.998+0000] {dag.py:3239} INFO - Sync 1 DAGs
[2025-03-18T00:35:16.037+0000] {logging_mixin.py:190} INFO - [2025-03-18T00:35:16.037+0000] {dag.py:4180} INFO - Setting next_dagrun for example_nested_branch_dag to 2025-03-17 00:00:00+00:00, run_after=2025-03-18 00:00:00+00:00
[2025-03-18T00:35:16.076+0000] {processor.py:208} INFO - Processing /home/airflow/.local/lib/python3.12/site-packages/airflow/example_dags/example_nested_branch_dag.py took 0.133 seconds
[2025-03-18T00:35:46.431+0000] {processor.py:186} INFO - Started process (PID=51038) to work on /home/airflow/.local/lib/python3.12/site-packages/airflow/example_dags/example_nested_branch_dag.py
[2025-03-18T00:35:46.433+0000] {processor.py:914} INFO - Processing file /home/airflow/.local/lib/python3.12/site-packages/airflow/example_dags/example_nested_branch_dag.py for tasks to queue
[2025-03-18T00:35:46.437+0000] {logging_mixin.py:190} INFO - [2025-03-18T00:35:46.436+0000] {dagbag.py:588} INFO - Filling up the DagBag from /home/airflow/.local/lib/python3.12/site-packages/airflow/example_dags/example_nested_branch_dag.py
[2025-03-18T00:35:46.458+0000] {processor.py:925} INFO - DAG(s) 'example_nested_branch_dag' retrieved from /home/airflow/.local/lib/python3.12/site-packages/airflow/example_dags/example_nested_branch_dag.py
[2025-03-18T00:35:46.502+0000] {logging_mixin.py:190} INFO - [2025-03-18T00:35:46.502+0000] {dag.py:3239} INFO - Sync 1 DAGs
[2025-03-18T00:35:46.543+0000] {logging_mixin.py:190} INFO - [2025-03-18T00:35:46.543+0000] {dag.py:4180} INFO - Setting next_dagrun for example_nested_branch_dag to 2025-03-17 00:00:00+00:00, run_after=2025-03-18 00:00:00+00:00
[2025-03-18T00:35:46.573+0000] {processor.py:208} INFO - Processing /home/airflow/.local/lib/python3.12/site-packages/airflow/example_dags/example_nested_branch_dag.py took 0.153 seconds
[2025-03-18T00:36:16.817+0000] {processor.py:186} INFO - Started process (PID=51103) to work on /home/airflow/.local/lib/python3.12/site-packages/airflow/example_dags/example_nested_branch_dag.py
[2025-03-18T00:36:16.818+0000] {processor.py:914} INFO - Processing file /home/airflow/.local/lib/python3.12/site-packages/airflow/example_dags/example_nested_branch_dag.py for tasks to queue
[2025-03-18T00:36:16.820+0000] {logging_mixin.py:190} INFO - [2025-03-18T00:36:16.820+0000] {dagbag.py:588} INFO - Filling up the DagBag from /home/airflow/.local/lib/python3.12/site-packages/airflow/example_dags/example_nested_branch_dag.py
[2025-03-18T00:36:16.836+0000] {processor.py:925} INFO - DAG(s) 'example_nested_branch_dag' retrieved from /home/airflow/.local/lib/python3.12/site-packages/airflow/example_dags/example_nested_branch_dag.py
[2025-03-18T00:36:16.863+0000] {logging_mixin.py:190} INFO - [2025-03-18T00:36:16.863+0000] {dag.py:3239} INFO - Sync 1 DAGs
[2025-03-18T00:36:16.894+0000] {logging_mixin.py:190} INFO - [2025-03-18T00:36:16.894+0000] {dag.py:4180} INFO - Setting next_dagrun for example_nested_branch_dag to 2025-03-17 00:00:00+00:00, run_after=2025-03-18 00:00:00+00:00
[2025-03-18T00:36:16.922+0000] {processor.py:208} INFO - Processing /home/airflow/.local/lib/python3.12/site-packages/airflow/example_dags/example_nested_branch_dag.py took 0.112 seconds
[2025-03-18T00:36:47.742+0000] {processor.py:186} INFO - Started process (PID=51166) to work on /home/airflow/.local/lib/python3.12/site-packages/airflow/example_dags/example_nested_branch_dag.py
[2025-03-18T00:36:47.744+0000] {processor.py:914} INFO - Processing file /home/airflow/.local/lib/python3.12/site-packages/airflow/example_dags/example_nested_branch_dag.py for tasks to queue
[2025-03-18T00:36:47.746+0000] {logging_mixin.py:190} INFO - [2025-03-18T00:36:47.745+0000] {dagbag.py:588} INFO - Filling up the DagBag from /home/airflow/.local/lib/python3.12/site-packages/airflow/example_dags/example_nested_branch_dag.py
[2025-03-18T00:36:47.763+0000] {processor.py:925} INFO - DAG(s) 'example_nested_branch_dag' retrieved from /home/airflow/.local/lib/python3.12/site-packages/airflow/example_dags/example_nested_branch_dag.py
[2025-03-18T00:36:47.799+0000] {logging_mixin.py:190} INFO - [2025-03-18T00:36:47.799+0000] {dag.py:3239} INFO - Sync 1 DAGs
[2025-03-18T00:36:47.837+0000] {logging_mixin.py:190} INFO - [2025-03-18T00:36:47.837+0000] {dag.py:4180} INFO - Setting next_dagrun for example_nested_branch_dag to 2025-03-17 00:00:00+00:00, run_after=2025-03-18 00:00:00+00:00
[2025-03-18T00:36:47.867+0000] {processor.py:208} INFO - Processing /home/airflow/.local/lib/python3.12/site-packages/airflow/example_dags/example_nested_branch_dag.py took 0.132 seconds
[2025-03-18T00:37:18.451+0000] {processor.py:186} INFO - Started process (PID=51230) to work on /home/airflow/.local/lib/python3.12/site-packages/airflow/example_dags/example_nested_branch_dag.py
[2025-03-18T00:37:18.453+0000] {processor.py:914} INFO - Processing file /home/airflow/.local/lib/python3.12/site-packages/airflow/example_dags/example_nested_branch_dag.py for tasks to queue
[2025-03-18T00:37:18.455+0000] {logging_mixin.py:190} INFO - [2025-03-18T00:37:18.455+0000] {dagbag.py:588} INFO - Filling up the DagBag from /home/airflow/.local/lib/python3.12/site-packages/airflow/example_dags/example_nested_branch_dag.py
[2025-03-18T00:37:18.474+0000] {processor.py:925} INFO - DAG(s) 'example_nested_branch_dag' retrieved from /home/airflow/.local/lib/python3.12/site-packages/airflow/example_dags/example_nested_branch_dag.py
[2025-03-18T00:37:18.512+0000] {logging_mixin.py:190} INFO - [2025-03-18T00:37:18.511+0000] {dag.py:3239} INFO - Sync 1 DAGs
[2025-03-18T00:37:18.547+0000] {logging_mixin.py:190} INFO - [2025-03-18T00:37:18.547+0000] {dag.py:4180} INFO - Setting next_dagrun for example_nested_branch_dag to 2025-03-17 00:00:00+00:00, run_after=2025-03-18 00:00:00+00:00
[2025-03-18T00:37:18.579+0000] {processor.py:208} INFO - Processing /home/airflow/.local/lib/python3.12/site-packages/airflow/example_dags/example_nested_branch_dag.py took 0.137 seconds
[2025-03-18T00:37:48.752+0000] {processor.py:186} INFO - Started process (PID=51295) to work on /home/airflow/.local/lib/python3.12/site-packages/airflow/example_dags/example_nested_branch_dag.py
[2025-03-18T00:37:48.754+0000] {processor.py:914} INFO - Processing file /home/airflow/.local/lib/python3.12/site-packages/airflow/example_dags/example_nested_branch_dag.py for tasks to queue
[2025-03-18T00:37:48.756+0000] {logging_mixin.py:190} INFO - [2025-03-18T00:37:48.756+0000] {dagbag.py:588} INFO - Filling up the DagBag from /home/airflow/.local/lib/python3.12/site-packages/airflow/example_dags/example_nested_branch_dag.py
[2025-03-18T00:37:48.773+0000] {processor.py:925} INFO - DAG(s) 'example_nested_branch_dag' retrieved from /home/airflow/.local/lib/python3.12/site-packages/airflow/example_dags/example_nested_branch_dag.py
[2025-03-18T00:37:48.805+0000] {logging_mixin.py:190} INFO - [2025-03-18T00:37:48.804+0000] {dag.py:3239} INFO - Sync 1 DAGs
[2025-03-18T00:37:48.839+0000] {logging_mixin.py:190} INFO - [2025-03-18T00:37:48.839+0000] {dag.py:4180} INFO - Setting next_dagrun for example_nested_branch_dag to 2025-03-17 00:00:00+00:00, run_after=2025-03-18 00:00:00+00:00
[2025-03-18T00:37:48.869+0000] {processor.py:208} INFO - Processing /home/airflow/.local/lib/python3.12/site-packages/airflow/example_dags/example_nested_branch_dag.py took 0.127 seconds
[2025-03-18T00:38:19.691+0000] {processor.py:186} INFO - Started process (PID=51360) to work on /home/airflow/.local/lib/python3.12/site-packages/airflow/example_dags/example_nested_branch_dag.py
[2025-03-18T00:38:19.693+0000] {processor.py:914} INFO - Processing file /home/airflow/.local/lib/python3.12/site-packages/airflow/example_dags/example_nested_branch_dag.py for tasks to queue
[2025-03-18T00:38:19.695+0000] {logging_mixin.py:190} INFO - [2025-03-18T00:38:19.694+0000] {dagbag.py:588} INFO - Filling up the DagBag from /home/airflow/.local/lib/python3.12/site-packages/airflow/example_dags/example_nested_branch_dag.py
[2025-03-18T00:38:19.711+0000] {processor.py:925} INFO - DAG(s) 'example_nested_branch_dag' retrieved from /home/airflow/.local/lib/python3.12/site-packages/airflow/example_dags/example_nested_branch_dag.py
[2025-03-18T00:38:19.742+0000] {logging_mixin.py:190} INFO - [2025-03-18T00:38:19.742+0000] {dag.py:3239} INFO - Sync 1 DAGs
[2025-03-18T00:38:19.779+0000] {logging_mixin.py:190} INFO - [2025-03-18T00:38:19.778+0000] {dag.py:4180} INFO - Setting next_dagrun for example_nested_branch_dag to 2025-03-17 00:00:00+00:00, run_after=2025-03-18 00:00:00+00:00
[2025-03-18T00:38:19.814+0000] {processor.py:208} INFO - Processing /home/airflow/.local/lib/python3.12/site-packages/airflow/example_dags/example_nested_branch_dag.py took 0.131 seconds
[2025-03-18T00:39:47.033+0000] {processor.py:186} INFO - Started process (PID=51408) to work on /home/airflow/.local/lib/python3.12/site-packages/airflow/example_dags/example_nested_branch_dag.py
[2025-03-18T00:39:47.038+0000] {processor.py:914} INFO - Processing file /home/airflow/.local/lib/python3.12/site-packages/airflow/example_dags/example_nested_branch_dag.py for tasks to queue
[2025-03-18T00:39:47.043+0000] {logging_mixin.py:190} INFO - [2025-03-18T00:39:47.041+0000] {dagbag.py:588} INFO - Filling up the DagBag from /home/airflow/.local/lib/python3.12/site-packages/airflow/example_dags/example_nested_branch_dag.py
[2025-03-18T00:39:47.096+0000] {processor.py:925} INFO - DAG(s) 'example_nested_branch_dag' retrieved from /home/airflow/.local/lib/python3.12/site-packages/airflow/example_dags/example_nested_branch_dag.py
[2025-03-18T00:39:47.219+0000] {logging_mixin.py:190} INFO - [2025-03-18T00:39:47.219+0000] {dag.py:3239} INFO - Sync 1 DAGs
[2025-03-18T00:39:47.317+0000] {logging_mixin.py:190} INFO - [2025-03-18T00:39:47.314+0000] {dag.py:4180} INFO - Setting next_dagrun for example_nested_branch_dag to 2025-03-17 00:00:00+00:00, run_after=2025-03-18 00:00:00+00:00
[2025-03-18T00:39:47.371+0000] {processor.py:208} INFO - Processing /home/airflow/.local/lib/python3.12/site-packages/airflow/example_dags/example_nested_branch_dag.py took 0.366 seconds
