[2025-03-18T00:33:07.607+0000] {processor.py:186} INFO - Started process (PID=50693) to work on /home/airflow/.local/lib/python3.12/site-packages/airflow/example_dags/example_time_delta_sensor_async.py
[2025-03-18T00:33:07.609+0000] {processor.py:914} INFO - Processing file /home/airflow/.local/lib/python3.12/site-packages/airflow/example_dags/example_time_delta_sensor_async.py for tasks to queue
[2025-03-18T00:33:07.612+0000] {logging_mixin.py:190} INFO - [2025-03-18T00:33:07.611+0000] {dagbag.py:588} INFO - Filling up the DagBag from /home/airflow/.local/lib/python3.12/site-packages/airflow/example_dags/example_time_delta_sensor_async.py
[2025-03-18T00:33:07.623+0000] {processor.py:925} INFO - DAG(s) 'example_time_delta_sensor_async' retrieved from /home/airflow/.local/lib/python3.12/site-packages/airflow/example_dags/example_time_delta_sensor_async.py
[2025-03-18T00:33:07.659+0000] {logging_mixin.py:190} INFO - [2025-03-18T00:33:07.658+0000] {dag.py:3239} INFO - Sync 1 DAGs
[2025-03-18T00:33:07.715+0000] {logging_mixin.py:190} INFO - [2025-03-18T00:33:07.714+0000] {dag.py:4180} INFO - Setting next_dagrun for example_time_delta_sensor_async to None, run_after=None
[2025-03-18T00:33:07.763+0000] {processor.py:208} INFO - Processing /home/airflow/.local/lib/python3.12/site-packages/airflow/example_dags/example_time_delta_sensor_async.py took 0.168 seconds
[2025-03-18T00:33:38.080+0000] {processor.py:186} INFO - Started process (PID=50762) to work on /home/airflow/.local/lib/python3.12/site-packages/airflow/example_dags/example_time_delta_sensor_async.py
[2025-03-18T00:33:38.082+0000] {processor.py:914} INFO - Processing file /home/airflow/.local/lib/python3.12/site-packages/airflow/example_dags/example_time_delta_sensor_async.py for tasks to queue
[2025-03-18T00:33:38.085+0000] {logging_mixin.py:190} INFO - [2025-03-18T00:33:38.084+0000] {dagbag.py:588} INFO - Filling up the DagBag from /home/airflow/.local/lib/python3.12/site-packages/airflow/example_dags/example_time_delta_sensor_async.py
[2025-03-18T00:33:38.101+0000] {processor.py:925} INFO - DAG(s) 'example_time_delta_sensor_async' retrieved from /home/airflow/.local/lib/python3.12/site-packages/airflow/example_dags/example_time_delta_sensor_async.py
[2025-03-18T00:33:38.138+0000] {logging_mixin.py:190} INFO - [2025-03-18T00:33:38.138+0000] {dag.py:3239} INFO - Sync 1 DAGs
[2025-03-18T00:33:38.163+0000] {logging_mixin.py:190} INFO - [2025-03-18T00:33:38.163+0000] {dag.py:4180} INFO - Setting next_dagrun for example_time_delta_sensor_async to None, run_after=None
[2025-03-18T00:33:38.205+0000] {processor.py:208} INFO - Processing /home/airflow/.local/lib/python3.12/site-packages/airflow/example_dags/example_time_delta_sensor_async.py took 0.134 seconds
[2025-03-18T00:34:08.855+0000] {processor.py:186} INFO - Started process (PID=50827) to work on /home/airflow/.local/lib/python3.12/site-packages/airflow/example_dags/example_time_delta_sensor_async.py
[2025-03-18T00:34:08.857+0000] {processor.py:914} INFO - Processing file /home/airflow/.local/lib/python3.12/site-packages/airflow/example_dags/example_time_delta_sensor_async.py for tasks to queue
[2025-03-18T00:34:08.860+0000] {logging_mixin.py:190} INFO - [2025-03-18T00:34:08.860+0000] {dagbag.py:588} INFO - Filling up the DagBag from /home/airflow/.local/lib/python3.12/site-packages/airflow/example_dags/example_time_delta_sensor_async.py
[2025-03-18T00:34:08.872+0000] {processor.py:925} INFO - DAG(s) 'example_time_delta_sensor_async' retrieved from /home/airflow/.local/lib/python3.12/site-packages/airflow/example_dags/example_time_delta_sensor_async.py
[2025-03-18T00:34:08.921+0000] {logging_mixin.py:190} INFO - [2025-03-18T00:34:08.920+0000] {dag.py:3239} INFO - Sync 1 DAGs
[2025-03-18T00:34:08.958+0000] {logging_mixin.py:190} INFO - [2025-03-18T00:34:08.957+0000] {dag.py:4180} INFO - Setting next_dagrun for example_time_delta_sensor_async to None, run_after=None
[2025-03-18T00:34:09.001+0000] {processor.py:208} INFO - Processing /home/airflow/.local/lib/python3.12/site-packages/airflow/example_dags/example_time_delta_sensor_async.py took 0.155 seconds
[2025-03-18T00:34:39.232+0000] {processor.py:186} INFO - Started process (PID=50891) to work on /home/airflow/.local/lib/python3.12/site-packages/airflow/example_dags/example_time_delta_sensor_async.py
[2025-03-18T00:34:39.234+0000] {processor.py:914} INFO - Processing file /home/airflow/.local/lib/python3.12/site-packages/airflow/example_dags/example_time_delta_sensor_async.py for tasks to queue
[2025-03-18T00:34:39.237+0000] {logging_mixin.py:190} INFO - [2025-03-18T00:34:39.236+0000] {dagbag.py:588} INFO - Filling up the DagBag from /home/airflow/.local/lib/python3.12/site-packages/airflow/example_dags/example_time_delta_sensor_async.py
[2025-03-18T00:34:39.248+0000] {processor.py:925} INFO - DAG(s) 'example_time_delta_sensor_async' retrieved from /home/airflow/.local/lib/python3.12/site-packages/airflow/example_dags/example_time_delta_sensor_async.py
[2025-03-18T00:34:39.292+0000] {logging_mixin.py:190} INFO - [2025-03-18T00:34:39.292+0000] {dag.py:3239} INFO - Sync 1 DAGs
[2025-03-18T00:34:39.335+0000] {logging_mixin.py:190} INFO - [2025-03-18T00:34:39.335+0000] {dag.py:4180} INFO - Setting next_dagrun for example_time_delta_sensor_async to None, run_after=None
[2025-03-18T00:34:39.394+0000] {processor.py:208} INFO - Processing /home/airflow/.local/lib/python3.12/site-packages/airflow/example_dags/example_time_delta_sensor_async.py took 0.170 seconds
[2025-03-18T00:35:09.513+0000] {processor.py:186} INFO - Started process (PID=50957) to work on /home/airflow/.local/lib/python3.12/site-packages/airflow/example_dags/example_time_delta_sensor_async.py
[2025-03-18T00:35:09.514+0000] {processor.py:914} INFO - Processing file /home/airflow/.local/lib/python3.12/site-packages/airflow/example_dags/example_time_delta_sensor_async.py for tasks to queue
[2025-03-18T00:35:09.516+0000] {logging_mixin.py:190} INFO - [2025-03-18T00:35:09.515+0000] {dagbag.py:588} INFO - Filling up the DagBag from /home/airflow/.local/lib/python3.12/site-packages/airflow/example_dags/example_time_delta_sensor_async.py
[2025-03-18T00:35:09.528+0000] {processor.py:925} INFO - DAG(s) 'example_time_delta_sensor_async' retrieved from /home/airflow/.local/lib/python3.12/site-packages/airflow/example_dags/example_time_delta_sensor_async.py
[2025-03-18T00:35:09.559+0000] {logging_mixin.py:190} INFO - [2025-03-18T00:35:09.559+0000] {dag.py:3239} INFO - Sync 1 DAGs
[2025-03-18T00:35:09.582+0000] {logging_mixin.py:190} INFO - [2025-03-18T00:35:09.582+0000] {dag.py:4180} INFO - Setting next_dagrun for example_time_delta_sensor_async to None, run_after=None
[2025-03-18T00:35:09.613+0000] {processor.py:208} INFO - Processing /home/airflow/.local/lib/python3.12/site-packages/airflow/example_dags/example_time_delta_sensor_async.py took 0.111 seconds
[2025-03-18T00:35:39.849+0000] {processor.py:186} INFO - Started process (PID=51022) to work on /home/airflow/.local/lib/python3.12/site-packages/airflow/example_dags/example_time_delta_sensor_async.py
[2025-03-18T00:35:39.850+0000] {processor.py:914} INFO - Processing file /home/airflow/.local/lib/python3.12/site-packages/airflow/example_dags/example_time_delta_sensor_async.py for tasks to queue
[2025-03-18T00:35:39.853+0000] {logging_mixin.py:190} INFO - [2025-03-18T00:35:39.852+0000] {dagbag.py:588} INFO - Filling up the DagBag from /home/airflow/.local/lib/python3.12/site-packages/airflow/example_dags/example_time_delta_sensor_async.py
[2025-03-18T00:35:39.864+0000] {processor.py:925} INFO - DAG(s) 'example_time_delta_sensor_async' retrieved from /home/airflow/.local/lib/python3.12/site-packages/airflow/example_dags/example_time_delta_sensor_async.py
[2025-03-18T00:35:39.896+0000] {logging_mixin.py:190} INFO - [2025-03-18T00:35:39.895+0000] {dag.py:3239} INFO - Sync 1 DAGs
[2025-03-18T00:35:39.922+0000] {logging_mixin.py:190} INFO - [2025-03-18T00:35:39.922+0000] {dag.py:4180} INFO - Setting next_dagrun for example_time_delta_sensor_async to None, run_after=None
[2025-03-18T00:35:39.959+0000] {processor.py:208} INFO - Processing /home/airflow/.local/lib/python3.12/site-packages/airflow/example_dags/example_time_delta_sensor_async.py took 0.120 seconds
[2025-03-18T00:36:10.119+0000] {processor.py:186} INFO - Started process (PID=51086) to work on /home/airflow/.local/lib/python3.12/site-packages/airflow/example_dags/example_time_delta_sensor_async.py
[2025-03-18T00:36:10.121+0000] {processor.py:914} INFO - Processing file /home/airflow/.local/lib/python3.12/site-packages/airflow/example_dags/example_time_delta_sensor_async.py for tasks to queue
[2025-03-18T00:36:10.123+0000] {logging_mixin.py:190} INFO - [2025-03-18T00:36:10.123+0000] {dagbag.py:588} INFO - Filling up the DagBag from /home/airflow/.local/lib/python3.12/site-packages/airflow/example_dags/example_time_delta_sensor_async.py
[2025-03-18T00:36:10.133+0000] {processor.py:925} INFO - DAG(s) 'example_time_delta_sensor_async' retrieved from /home/airflow/.local/lib/python3.12/site-packages/airflow/example_dags/example_time_delta_sensor_async.py
[2025-03-18T00:36:10.160+0000] {logging_mixin.py:190} INFO - [2025-03-18T00:36:10.160+0000] {dag.py:3239} INFO - Sync 1 DAGs
[2025-03-18T00:36:10.182+0000] {logging_mixin.py:190} INFO - [2025-03-18T00:36:10.182+0000] {dag.py:4180} INFO - Setting next_dagrun for example_time_delta_sensor_async to None, run_after=None
[2025-03-18T00:36:10.214+0000] {processor.py:208} INFO - Processing /home/airflow/.local/lib/python3.12/site-packages/airflow/example_dags/example_time_delta_sensor_async.py took 0.103 seconds
[2025-03-18T00:36:40.362+0000] {processor.py:186} INFO - Started process (PID=51151) to work on /home/airflow/.local/lib/python3.12/site-packages/airflow/example_dags/example_time_delta_sensor_async.py
[2025-03-18T00:36:40.364+0000] {processor.py:914} INFO - Processing file /home/airflow/.local/lib/python3.12/site-packages/airflow/example_dags/example_time_delta_sensor_async.py for tasks to queue
[2025-03-18T00:36:40.367+0000] {logging_mixin.py:190} INFO - [2025-03-18T00:36:40.366+0000] {dagbag.py:588} INFO - Filling up the DagBag from /home/airflow/.local/lib/python3.12/site-packages/airflow/example_dags/example_time_delta_sensor_async.py
[2025-03-18T00:36:40.377+0000] {processor.py:925} INFO - DAG(s) 'example_time_delta_sensor_async' retrieved from /home/airflow/.local/lib/python3.12/site-packages/airflow/example_dags/example_time_delta_sensor_async.py
[2025-03-18T00:36:40.410+0000] {logging_mixin.py:190} INFO - [2025-03-18T00:36:40.410+0000] {dag.py:3239} INFO - Sync 1 DAGs
[2025-03-18T00:36:40.430+0000] {logging_mixin.py:190} INFO - [2025-03-18T00:36:40.430+0000] {dag.py:4180} INFO - Setting next_dagrun for example_time_delta_sensor_async to None, run_after=None
[2025-03-18T00:36:40.461+0000] {processor.py:208} INFO - Processing /home/airflow/.local/lib/python3.12/site-packages/airflow/example_dags/example_time_delta_sensor_async.py took 0.108 seconds
[2025-03-18T00:37:10.666+0000] {processor.py:186} INFO - Started process (PID=51216) to work on /home/airflow/.local/lib/python3.12/site-packages/airflow/example_dags/example_time_delta_sensor_async.py
[2025-03-18T00:37:10.668+0000] {processor.py:914} INFO - Processing file /home/airflow/.local/lib/python3.12/site-packages/airflow/example_dags/example_time_delta_sensor_async.py for tasks to queue
[2025-03-18T00:37:10.670+0000] {logging_mixin.py:190} INFO - [2025-03-18T00:37:10.670+0000] {dagbag.py:588} INFO - Filling up the DagBag from /home/airflow/.local/lib/python3.12/site-packages/airflow/example_dags/example_time_delta_sensor_async.py
[2025-03-18T00:37:10.680+0000] {processor.py:925} INFO - DAG(s) 'example_time_delta_sensor_async' retrieved from /home/airflow/.local/lib/python3.12/site-packages/airflow/example_dags/example_time_delta_sensor_async.py
[2025-03-18T00:37:10.711+0000] {logging_mixin.py:190} INFO - [2025-03-18T00:37:10.711+0000] {dag.py:3239} INFO - Sync 1 DAGs
[2025-03-18T00:37:10.736+0000] {logging_mixin.py:190} INFO - [2025-03-18T00:37:10.736+0000] {dag.py:4180} INFO - Setting next_dagrun for example_time_delta_sensor_async to None, run_after=None
[2025-03-18T00:37:10.769+0000] {processor.py:208} INFO - Processing /home/airflow/.local/lib/python3.12/site-packages/airflow/example_dags/example_time_delta_sensor_async.py took 0.111 seconds
[2025-03-18T00:37:41.325+0000] {processor.py:186} INFO - Started process (PID=51281) to work on /home/airflow/.local/lib/python3.12/site-packages/airflow/example_dags/example_time_delta_sensor_async.py
[2025-03-18T00:37:41.326+0000] {processor.py:914} INFO - Processing file /home/airflow/.local/lib/python3.12/site-packages/airflow/example_dags/example_time_delta_sensor_async.py for tasks to queue
[2025-03-18T00:37:41.328+0000] {logging_mixin.py:190} INFO - [2025-03-18T00:37:41.328+0000] {dagbag.py:588} INFO - Filling up the DagBag from /home/airflow/.local/lib/python3.12/site-packages/airflow/example_dags/example_time_delta_sensor_async.py
[2025-03-18T00:37:41.337+0000] {processor.py:925} INFO - DAG(s) 'example_time_delta_sensor_async' retrieved from /home/airflow/.local/lib/python3.12/site-packages/airflow/example_dags/example_time_delta_sensor_async.py
[2025-03-18T00:37:41.368+0000] {logging_mixin.py:190} INFO - [2025-03-18T00:37:41.367+0000] {dag.py:3239} INFO - Sync 1 DAGs
[2025-03-18T00:37:41.398+0000] {logging_mixin.py:190} INFO - [2025-03-18T00:37:41.398+0000] {dag.py:4180} INFO - Setting next_dagrun for example_time_delta_sensor_async to None, run_after=None
[2025-03-18T00:37:41.432+0000] {processor.py:208} INFO - Processing /home/airflow/.local/lib/python3.12/site-packages/airflow/example_dags/example_time_delta_sensor_async.py took 0.115 seconds
[2025-03-18T00:38:12.318+0000] {processor.py:186} INFO - Started process (PID=51345) to work on /home/airflow/.local/lib/python3.12/site-packages/airflow/example_dags/example_time_delta_sensor_async.py
[2025-03-18T00:38:12.319+0000] {processor.py:914} INFO - Processing file /home/airflow/.local/lib/python3.12/site-packages/airflow/example_dags/example_time_delta_sensor_async.py for tasks to queue
[2025-03-18T00:38:12.321+0000] {logging_mixin.py:190} INFO - [2025-03-18T00:38:12.321+0000] {dagbag.py:588} INFO - Filling up the DagBag from /home/airflow/.local/lib/python3.12/site-packages/airflow/example_dags/example_time_delta_sensor_async.py
[2025-03-18T00:38:12.330+0000] {processor.py:925} INFO - DAG(s) 'example_time_delta_sensor_async' retrieved from /home/airflow/.local/lib/python3.12/site-packages/airflow/example_dags/example_time_delta_sensor_async.py
[2025-03-18T00:38:12.364+0000] {logging_mixin.py:190} INFO - [2025-03-18T00:38:12.363+0000] {dag.py:3239} INFO - Sync 1 DAGs
[2025-03-18T00:38:12.385+0000] {logging_mixin.py:190} INFO - [2025-03-18T00:38:12.385+0000] {dag.py:4180} INFO - Setting next_dagrun for example_time_delta_sensor_async to None, run_after=None
[2025-03-18T00:38:12.413+0000] {processor.py:208} INFO - Processing /home/airflow/.local/lib/python3.12/site-packages/airflow/example_dags/example_time_delta_sensor_async.py took 0.103 seconds
