[2025-03-18T00:28:09.436+0000] {processor.py:186} INFO - Started process (PID=50645) to work on /home/airflow/.local/lib/python3.12/site-packages/airflow/example_dags/example_external_task_marker_dag.py
[2025-03-18T00:28:09.463+0000] {processor.py:914} INFO - Processing file /home/airflow/.local/lib/python3.12/site-packages/airflow/example_dags/example_external_task_marker_dag.py for tasks to queue
[2025-03-18T00:28:09.466+0000] {logging_mixin.py:190} INFO - [2025-03-18T00:28:09.465+0000] {dagbag.py:588} INFO - Filling up the DagBag from /home/airflow/.local/lib/python3.12/site-packages/airflow/example_dags/example_external_task_marker_dag.py
[2025-03-18T00:28:09.496+0000] {processor.py:925} INFO - DAG(s) 'example_external_task_marker_child', 'example_external_task_marker_parent' retrieved from /home/airflow/.local/lib/python3.12/site-packages/airflow/example_dags/example_external_task_marker_dag.py
[2025-03-18T00:28:09.620+0000] {logging_mixin.py:190} INFO - [2025-03-18T00:28:09.618+0000] {dag.py:3239} INFO - Sync 2 DAGs
[2025-03-18T00:28:09.711+0000] {logging_mixin.py:190} INFO - [2025-03-18T00:28:09.710+0000] {dag.py:4180} INFO - Setting next_dagrun for example_external_task_marker_child to None, run_after=None
[2025-03-18T00:28:09.731+0000] {logging_mixin.py:190} INFO - [2025-03-18T00:28:09.731+0000] {dag.py:4180} INFO - Setting next_dagrun for example_external_task_marker_parent to None, run_after=None
[2025-03-18T00:28:09.822+0000] {processor.py:208} INFO - Processing /home/airflow/.local/lib/python3.12/site-packages/airflow/example_dags/example_external_task_marker_dag.py took 0.407 seconds
[2025-03-18T00:33:09.041+0000] {processor.py:186} INFO - Started process (PID=50710) to work on /home/airflow/.local/lib/python3.12/site-packages/airflow/example_dags/example_external_task_marker_dag.py
[2025-03-18T00:33:09.043+0000] {processor.py:914} INFO - Processing file /home/airflow/.local/lib/python3.12/site-packages/airflow/example_dags/example_external_task_marker_dag.py for tasks to queue
[2025-03-18T00:33:09.046+0000] {logging_mixin.py:190} INFO - [2025-03-18T00:33:09.046+0000] {dagbag.py:588} INFO - Filling up the DagBag from /home/airflow/.local/lib/python3.12/site-packages/airflow/example_dags/example_external_task_marker_dag.py
[2025-03-18T00:33:09.061+0000] {processor.py:925} INFO - DAG(s) 'example_external_task_marker_parent', 'example_external_task_marker_child' retrieved from /home/airflow/.local/lib/python3.12/site-packages/airflow/example_dags/example_external_task_marker_dag.py
[2025-03-18T00:33:09.104+0000] {logging_mixin.py:190} INFO - [2025-03-18T00:33:09.103+0000] {dag.py:3239} INFO - Sync 2 DAGs
[2025-03-18T00:33:09.133+0000] {logging_mixin.py:190} INFO - [2025-03-18T00:33:09.133+0000] {dag.py:4180} INFO - Setting next_dagrun for example_external_task_marker_child to None, run_after=None
[2025-03-18T00:33:09.142+0000] {logging_mixin.py:190} INFO - [2025-03-18T00:33:09.142+0000] {dag.py:4180} INFO - Setting next_dagrun for example_external_task_marker_parent to None, run_after=None
[2025-03-18T00:33:09.183+0000] {processor.py:208} INFO - Processing /home/airflow/.local/lib/python3.12/site-packages/airflow/example_dags/example_external_task_marker_dag.py took 0.152 seconds
[2025-03-18T00:33:39.430+0000] {processor.py:186} INFO - Started process (PID=50775) to work on /home/airflow/.local/lib/python3.12/site-packages/airflow/example_dags/example_external_task_marker_dag.py
[2025-03-18T00:33:39.432+0000] {processor.py:914} INFO - Processing file /home/airflow/.local/lib/python3.12/site-packages/airflow/example_dags/example_external_task_marker_dag.py for tasks to queue
[2025-03-18T00:33:39.434+0000] {logging_mixin.py:190} INFO - [2025-03-18T00:33:39.433+0000] {dagbag.py:588} INFO - Filling up the DagBag from /home/airflow/.local/lib/python3.12/site-packages/airflow/example_dags/example_external_task_marker_dag.py
[2025-03-18T00:33:39.446+0000] {processor.py:925} INFO - DAG(s) 'example_external_task_marker_parent', 'example_external_task_marker_child' retrieved from /home/airflow/.local/lib/python3.12/site-packages/airflow/example_dags/example_external_task_marker_dag.py
[2025-03-18T00:33:39.482+0000] {logging_mixin.py:190} INFO - [2025-03-18T00:33:39.481+0000] {dag.py:3239} INFO - Sync 2 DAGs
[2025-03-18T00:33:39.505+0000] {logging_mixin.py:190} INFO - [2025-03-18T00:33:39.504+0000] {dag.py:4180} INFO - Setting next_dagrun for example_external_task_marker_child to None, run_after=None
[2025-03-18T00:33:39.510+0000] {logging_mixin.py:190} INFO - [2025-03-18T00:33:39.510+0000] {dag.py:4180} INFO - Setting next_dagrun for example_external_task_marker_parent to None, run_after=None
[2025-03-18T00:33:39.537+0000] {processor.py:208} INFO - Processing /home/airflow/.local/lib/python3.12/site-packages/airflow/example_dags/example_external_task_marker_dag.py took 0.114 seconds
[2025-03-18T00:34:11.171+0000] {processor.py:186} INFO - Started process (PID=50837) to work on /home/airflow/.local/lib/python3.12/site-packages/airflow/example_dags/example_external_task_marker_dag.py
[2025-03-18T00:34:11.172+0000] {processor.py:914} INFO - Processing file /home/airflow/.local/lib/python3.12/site-packages/airflow/example_dags/example_external_task_marker_dag.py for tasks to queue
[2025-03-18T00:34:11.175+0000] {logging_mixin.py:190} INFO - [2025-03-18T00:34:11.175+0000] {dagbag.py:588} INFO - Filling up the DagBag from /home/airflow/.local/lib/python3.12/site-packages/airflow/example_dags/example_external_task_marker_dag.py
[2025-03-18T00:34:11.191+0000] {processor.py:925} INFO - DAG(s) 'example_external_task_marker_child', 'example_external_task_marker_parent' retrieved from /home/airflow/.local/lib/python3.12/site-packages/airflow/example_dags/example_external_task_marker_dag.py
[2025-03-18T00:34:11.234+0000] {logging_mixin.py:190} INFO - [2025-03-18T00:34:11.234+0000] {dag.py:3239} INFO - Sync 2 DAGs
[2025-03-18T00:34:11.265+0000] {logging_mixin.py:190} INFO - [2025-03-18T00:34:11.264+0000] {dag.py:4180} INFO - Setting next_dagrun for example_external_task_marker_child to None, run_after=None
[2025-03-18T00:34:11.278+0000] {logging_mixin.py:190} INFO - [2025-03-18T00:34:11.278+0000] {dag.py:4180} INFO - Setting next_dagrun for example_external_task_marker_parent to None, run_after=None
[2025-03-18T00:34:11.318+0000] {processor.py:208} INFO - Processing /home/airflow/.local/lib/python3.12/site-packages/airflow/example_dags/example_external_task_marker_dag.py took 0.156 seconds
[2025-03-18T00:34:41.876+0000] {processor.py:186} INFO - Started process (PID=50902) to work on /home/airflow/.local/lib/python3.12/site-packages/airflow/example_dags/example_external_task_marker_dag.py
[2025-03-18T00:34:41.877+0000] {processor.py:914} INFO - Processing file /home/airflow/.local/lib/python3.12/site-packages/airflow/example_dags/example_external_task_marker_dag.py for tasks to queue
[2025-03-18T00:34:41.880+0000] {logging_mixin.py:190} INFO - [2025-03-18T00:34:41.879+0000] {dagbag.py:588} INFO - Filling up the DagBag from /home/airflow/.local/lib/python3.12/site-packages/airflow/example_dags/example_external_task_marker_dag.py
[2025-03-18T00:34:41.891+0000] {processor.py:925} INFO - DAG(s) 'example_external_task_marker_child', 'example_external_task_marker_parent' retrieved from /home/airflow/.local/lib/python3.12/site-packages/airflow/example_dags/example_external_task_marker_dag.py
[2025-03-18T00:34:41.926+0000] {logging_mixin.py:190} INFO - [2025-03-18T00:34:41.925+0000] {dag.py:3239} INFO - Sync 2 DAGs
[2025-03-18T00:34:41.959+0000] {logging_mixin.py:190} INFO - [2025-03-18T00:34:41.958+0000] {dag.py:4180} INFO - Setting next_dagrun for example_external_task_marker_child to None, run_after=None
[2025-03-18T00:34:41.967+0000] {logging_mixin.py:190} INFO - [2025-03-18T00:34:41.966+0000] {dag.py:4180} INFO - Setting next_dagrun for example_external_task_marker_parent to None, run_after=None
[2025-03-18T00:34:42.002+0000] {processor.py:208} INFO - Processing /home/airflow/.local/lib/python3.12/site-packages/airflow/example_dags/example_external_task_marker_dag.py took 0.134 seconds
[2025-03-18T00:35:12.324+0000] {processor.py:186} INFO - Started process (PID=50966) to work on /home/airflow/.local/lib/python3.12/site-packages/airflow/example_dags/example_external_task_marker_dag.py
[2025-03-18T00:35:12.325+0000] {processor.py:914} INFO - Processing file /home/airflow/.local/lib/python3.12/site-packages/airflow/example_dags/example_external_task_marker_dag.py for tasks to queue
[2025-03-18T00:35:12.328+0000] {logging_mixin.py:190} INFO - [2025-03-18T00:35:12.327+0000] {dagbag.py:588} INFO - Filling up the DagBag from /home/airflow/.local/lib/python3.12/site-packages/airflow/example_dags/example_external_task_marker_dag.py
[2025-03-18T00:35:12.338+0000] {processor.py:925} INFO - DAG(s) 'example_external_task_marker_parent', 'example_external_task_marker_child' retrieved from /home/airflow/.local/lib/python3.12/site-packages/airflow/example_dags/example_external_task_marker_dag.py
[2025-03-18T00:35:12.368+0000] {logging_mixin.py:190} INFO - [2025-03-18T00:35:12.368+0000] {dag.py:3239} INFO - Sync 2 DAGs
[2025-03-18T00:35:12.387+0000] {logging_mixin.py:190} INFO - [2025-03-18T00:35:12.387+0000] {dag.py:4180} INFO - Setting next_dagrun for example_external_task_marker_child to None, run_after=None
[2025-03-18T00:35:12.394+0000] {logging_mixin.py:190} INFO - [2025-03-18T00:35:12.394+0000] {dag.py:4180} INFO - Setting next_dagrun for example_external_task_marker_parent to None, run_after=None
[2025-03-18T00:35:12.438+0000] {processor.py:208} INFO - Processing /home/airflow/.local/lib/python3.12/site-packages/airflow/example_dags/example_external_task_marker_dag.py took 0.123 seconds
[2025-03-18T00:35:43.569+0000] {processor.py:186} INFO - Started process (PID=51031) to work on /home/airflow/.local/lib/python3.12/site-packages/airflow/example_dags/example_external_task_marker_dag.py
[2025-03-18T00:35:43.571+0000] {processor.py:914} INFO - Processing file /home/airflow/.local/lib/python3.12/site-packages/airflow/example_dags/example_external_task_marker_dag.py for tasks to queue
[2025-03-18T00:35:43.573+0000] {logging_mixin.py:190} INFO - [2025-03-18T00:35:43.572+0000] {dagbag.py:588} INFO - Filling up the DagBag from /home/airflow/.local/lib/python3.12/site-packages/airflow/example_dags/example_external_task_marker_dag.py
[2025-03-18T00:35:43.589+0000] {processor.py:925} INFO - DAG(s) 'example_external_task_marker_child', 'example_external_task_marker_parent' retrieved from /home/airflow/.local/lib/python3.12/site-packages/airflow/example_dags/example_external_task_marker_dag.py
[2025-03-18T00:35:43.625+0000] {logging_mixin.py:190} INFO - [2025-03-18T00:35:43.625+0000] {dag.py:3239} INFO - Sync 2 DAGs
[2025-03-18T00:35:43.648+0000] {logging_mixin.py:190} INFO - [2025-03-18T00:35:43.647+0000] {dag.py:4180} INFO - Setting next_dagrun for example_external_task_marker_child to None, run_after=None
[2025-03-18T00:35:43.656+0000] {logging_mixin.py:190} INFO - [2025-03-18T00:35:43.655+0000] {dag.py:4180} INFO - Setting next_dagrun for example_external_task_marker_parent to None, run_after=None
[2025-03-18T00:35:43.687+0000] {processor.py:208} INFO - Processing /home/airflow/.local/lib/python3.12/site-packages/airflow/example_dags/example_external_task_marker_dag.py took 0.127 seconds
[2025-03-18T00:36:13.871+0000] {processor.py:186} INFO - Started process (PID=51095) to work on /home/airflow/.local/lib/python3.12/site-packages/airflow/example_dags/example_external_task_marker_dag.py
[2025-03-18T00:36:13.873+0000] {processor.py:914} INFO - Processing file /home/airflow/.local/lib/python3.12/site-packages/airflow/example_dags/example_external_task_marker_dag.py for tasks to queue
[2025-03-18T00:36:13.875+0000] {logging_mixin.py:190} INFO - [2025-03-18T00:36:13.874+0000] {dagbag.py:588} INFO - Filling up the DagBag from /home/airflow/.local/lib/python3.12/site-packages/airflow/example_dags/example_external_task_marker_dag.py
[2025-03-18T00:36:13.887+0000] {processor.py:925} INFO - DAG(s) 'example_external_task_marker_parent', 'example_external_task_marker_child' retrieved from /home/airflow/.local/lib/python3.12/site-packages/airflow/example_dags/example_external_task_marker_dag.py
[2025-03-18T00:36:13.925+0000] {logging_mixin.py:190} INFO - [2025-03-18T00:36:13.925+0000] {dag.py:3239} INFO - Sync 2 DAGs
[2025-03-18T00:36:13.952+0000] {logging_mixin.py:190} INFO - [2025-03-18T00:36:13.951+0000] {dag.py:4180} INFO - Setting next_dagrun for example_external_task_marker_child to None, run_after=None
[2025-03-18T00:36:13.959+0000] {logging_mixin.py:190} INFO - [2025-03-18T00:36:13.959+0000] {dag.py:4180} INFO - Setting next_dagrun for example_external_task_marker_parent to None, run_after=None
[2025-03-18T00:36:13.991+0000] {processor.py:208} INFO - Processing /home/airflow/.local/lib/python3.12/site-packages/airflow/example_dags/example_external_task_marker_dag.py took 0.128 seconds
[2025-03-18T00:36:44.363+0000] {processor.py:186} INFO - Started process (PID=51161) to work on /home/airflow/.local/lib/python3.12/site-packages/airflow/example_dags/example_external_task_marker_dag.py
[2025-03-18T00:36:44.364+0000] {processor.py:914} INFO - Processing file /home/airflow/.local/lib/python3.12/site-packages/airflow/example_dags/example_external_task_marker_dag.py for tasks to queue
[2025-03-18T00:36:44.366+0000] {logging_mixin.py:190} INFO - [2025-03-18T00:36:44.366+0000] {dagbag.py:588} INFO - Filling up the DagBag from /home/airflow/.local/lib/python3.12/site-packages/airflow/example_dags/example_external_task_marker_dag.py
[2025-03-18T00:36:44.378+0000] {processor.py:925} INFO - DAG(s) 'example_external_task_marker_child', 'example_external_task_marker_parent' retrieved from /home/airflow/.local/lib/python3.12/site-packages/airflow/example_dags/example_external_task_marker_dag.py
[2025-03-18T00:36:44.414+0000] {logging_mixin.py:190} INFO - [2025-03-18T00:36:44.414+0000] {dag.py:3239} INFO - Sync 2 DAGs
[2025-03-18T00:36:44.433+0000] {logging_mixin.py:190} INFO - [2025-03-18T00:36:44.432+0000] {dag.py:4180} INFO - Setting next_dagrun for example_external_task_marker_child to None, run_after=None
[2025-03-18T00:36:44.439+0000] {logging_mixin.py:190} INFO - [2025-03-18T00:36:44.439+0000] {dag.py:4180} INFO - Setting next_dagrun for example_external_task_marker_parent to None, run_after=None
[2025-03-18T00:36:44.466+0000] {processor.py:208} INFO - Processing /home/airflow/.local/lib/python3.12/site-packages/airflow/example_dags/example_external_task_marker_dag.py took 0.110 seconds
[2025-03-18T00:37:15.059+0000] {processor.py:186} INFO - Started process (PID=51226) to work on /home/airflow/.local/lib/python3.12/site-packages/airflow/example_dags/example_external_task_marker_dag.py
[2025-03-18T00:37:15.061+0000] {processor.py:914} INFO - Processing file /home/airflow/.local/lib/python3.12/site-packages/airflow/example_dags/example_external_task_marker_dag.py for tasks to queue
[2025-03-18T00:37:15.065+0000] {logging_mixin.py:190} INFO - [2025-03-18T00:37:15.063+0000] {dagbag.py:588} INFO - Filling up the DagBag from /home/airflow/.local/lib/python3.12/site-packages/airflow/example_dags/example_external_task_marker_dag.py
[2025-03-18T00:37:15.078+0000] {processor.py:925} INFO - DAG(s) 'example_external_task_marker_parent', 'example_external_task_marker_child' retrieved from /home/airflow/.local/lib/python3.12/site-packages/airflow/example_dags/example_external_task_marker_dag.py
[2025-03-18T00:37:15.116+0000] {logging_mixin.py:190} INFO - [2025-03-18T00:37:15.116+0000] {dag.py:3239} INFO - Sync 2 DAGs
[2025-03-18T00:37:15.147+0000] {logging_mixin.py:190} INFO - [2025-03-18T00:37:15.146+0000] {dag.py:4180} INFO - Setting next_dagrun for example_external_task_marker_child to None, run_after=None
[2025-03-18T00:37:15.154+0000] {logging_mixin.py:190} INFO - [2025-03-18T00:37:15.154+0000] {dag.py:4180} INFO - Setting next_dagrun for example_external_task_marker_parent to None, run_after=None
[2025-03-18T00:37:15.182+0000] {processor.py:208} INFO - Processing /home/airflow/.local/lib/python3.12/site-packages/airflow/example_dags/example_external_task_marker_dag.py took 0.135 seconds
[2025-03-18T00:37:45.446+0000] {processor.py:186} INFO - Started process (PID=51290) to work on /home/airflow/.local/lib/python3.12/site-packages/airflow/example_dags/example_external_task_marker_dag.py
[2025-03-18T00:37:45.448+0000] {processor.py:914} INFO - Processing file /home/airflow/.local/lib/python3.12/site-packages/airflow/example_dags/example_external_task_marker_dag.py for tasks to queue
[2025-03-18T00:37:45.450+0000] {logging_mixin.py:190} INFO - [2025-03-18T00:37:45.449+0000] {dagbag.py:588} INFO - Filling up the DagBag from /home/airflow/.local/lib/python3.12/site-packages/airflow/example_dags/example_external_task_marker_dag.py
[2025-03-18T00:37:45.461+0000] {processor.py:925} INFO - DAG(s) 'example_external_task_marker_child', 'example_external_task_marker_parent' retrieved from /home/airflow/.local/lib/python3.12/site-packages/airflow/example_dags/example_external_task_marker_dag.py
[2025-03-18T00:37:45.500+0000] {logging_mixin.py:190} INFO - [2025-03-18T00:37:45.499+0000] {dag.py:3239} INFO - Sync 2 DAGs
[2025-03-18T00:37:45.524+0000] {logging_mixin.py:190} INFO - [2025-03-18T00:37:45.524+0000] {dag.py:4180} INFO - Setting next_dagrun for example_external_task_marker_child to None, run_after=None
[2025-03-18T00:37:45.531+0000] {logging_mixin.py:190} INFO - [2025-03-18T00:37:45.531+0000] {dag.py:4180} INFO - Setting next_dagrun for example_external_task_marker_parent to None, run_after=None
[2025-03-18T00:37:45.559+0000] {processor.py:208} INFO - Processing /home/airflow/.local/lib/python3.12/site-packages/airflow/example_dags/example_external_task_marker_dag.py took 0.130 seconds
[2025-03-18T00:38:16.336+0000] {processor.py:186} INFO - Started process (PID=51355) to work on /home/airflow/.local/lib/python3.12/site-packages/airflow/example_dags/example_external_task_marker_dag.py
[2025-03-18T00:38:16.337+0000] {processor.py:914} INFO - Processing file /home/airflow/.local/lib/python3.12/site-packages/airflow/example_dags/example_external_task_marker_dag.py for tasks to queue
[2025-03-18T00:38:16.339+0000] {logging_mixin.py:190} INFO - [2025-03-18T00:38:16.339+0000] {dagbag.py:588} INFO - Filling up the DagBag from /home/airflow/.local/lib/python3.12/site-packages/airflow/example_dags/example_external_task_marker_dag.py
[2025-03-18T00:38:16.351+0000] {processor.py:925} INFO - DAG(s) 'example_external_task_marker_child', 'example_external_task_marker_parent' retrieved from /home/airflow/.local/lib/python3.12/site-packages/airflow/example_dags/example_external_task_marker_dag.py
[2025-03-18T00:38:16.389+0000] {logging_mixin.py:190} INFO - [2025-03-18T00:38:16.388+0000] {dag.py:3239} INFO - Sync 2 DAGs
[2025-03-18T00:38:16.415+0000] {logging_mixin.py:190} INFO - [2025-03-18T00:38:16.414+0000] {dag.py:4180} INFO - Setting next_dagrun for example_external_task_marker_child to None, run_after=None
[2025-03-18T00:38:16.421+0000] {logging_mixin.py:190} INFO - [2025-03-18T00:38:16.421+0000] {dag.py:4180} INFO - Setting next_dagrun for example_external_task_marker_parent to None, run_after=None
[2025-03-18T00:38:16.450+0000] {processor.py:208} INFO - Processing /home/airflow/.local/lib/python3.12/site-packages/airflow/example_dags/example_external_task_marker_dag.py took 0.122 seconds
[2025-03-18T00:39:46.274+0000] {processor.py:186} INFO - Started process (PID=51404) to work on /home/airflow/.local/lib/python3.12/site-packages/airflow/example_dags/example_external_task_marker_dag.py
[2025-03-18T00:39:46.276+0000] {processor.py:914} INFO - Processing file /home/airflow/.local/lib/python3.12/site-packages/airflow/example_dags/example_external_task_marker_dag.py for tasks to queue
[2025-03-18T00:39:46.278+0000] {logging_mixin.py:190} INFO - [2025-03-18T00:39:46.278+0000] {dagbag.py:588} INFO - Filling up the DagBag from /home/airflow/.local/lib/python3.12/site-packages/airflow/example_dags/example_external_task_marker_dag.py
[2025-03-18T00:39:46.290+0000] {processor.py:925} INFO - DAG(s) 'example_external_task_marker_child', 'example_external_task_marker_parent' retrieved from /home/airflow/.local/lib/python3.12/site-packages/airflow/example_dags/example_external_task_marker_dag.py
[2025-03-18T00:39:46.327+0000] {logging_mixin.py:190} INFO - [2025-03-18T00:39:46.327+0000] {dag.py:3239} INFO - Sync 2 DAGs
[2025-03-18T00:39:46.348+0000] {logging_mixin.py:190} INFO - [2025-03-18T00:39:46.348+0000] {dag.py:4180} INFO - Setting next_dagrun for example_external_task_marker_child to None, run_after=None
[2025-03-18T00:39:46.355+0000] {logging_mixin.py:190} INFO - [2025-03-18T00:39:46.354+0000] {dag.py:4180} INFO - Setting next_dagrun for example_external_task_marker_parent to None, run_after=None
[2025-03-18T00:39:46.404+0000] {processor.py:208} INFO - Processing /home/airflow/.local/lib/python3.12/site-packages/airflow/example_dags/example_external_task_marker_dag.py took 0.139 seconds
