[2025-03-18T00:32:47.139+0000] {processor.py:186} INFO - Started process (PID=50656) to work on /home/airflow/.local/lib/python3.12/site-packages/airflow/example_dags/example_branch_operator_decorator.py
[2025-03-18T00:32:47.169+0000] {processor.py:914} INFO - Processing file /home/airflow/.local/lib/python3.12/site-packages/airflow/example_dags/example_branch_operator_decorator.py for tasks to queue
[2025-03-18T00:32:47.180+0000] {logging_mixin.py:190} INFO - [2025-03-18T00:32:47.179+0000] {dagbag.py:588} INFO - Filling up the DagBag from /home/airflow/.local/lib/python3.12/site-packages/airflow/example_dags/example_branch_operator_decorator.py
[2025-03-18T00:32:47.347+0000] {processor.py:925} INFO - DAG(s) 'example_branch_python_operator_decorator' retrieved from /home/airflow/.local/lib/python3.12/site-packages/airflow/example_dags/example_branch_operator_decorator.py
[2025-03-18T00:32:47.525+0000] {logging_mixin.py:190} INFO - [2025-03-18T00:32:47.525+0000] {dag.py:3239} INFO - Sync 1 DAGs
[2025-03-18T00:32:47.682+0000] {logging_mixin.py:190} INFO - [2025-03-18T00:32:47.670+0000] {dag.py:4180} INFO - Setting next_dagrun for example_branch_python_operator_decorator to 2025-03-17 00:00:00+00:00, run_after=2025-03-18 00:00:00+00:00
[2025-03-18T00:32:47.777+0000] {processor.py:208} INFO - Processing /home/airflow/.local/lib/python3.12/site-packages/airflow/example_dags/example_branch_operator_decorator.py took 0.663 seconds
[2025-03-18T00:33:18.254+0000] {processor.py:186} INFO - Started process (PID=50721) to work on /home/airflow/.local/lib/python3.12/site-packages/airflow/example_dags/example_branch_operator_decorator.py
[2025-03-18T00:33:18.256+0000] {processor.py:914} INFO - Processing file /home/airflow/.local/lib/python3.12/site-packages/airflow/example_dags/example_branch_operator_decorator.py for tasks to queue
[2025-03-18T00:33:18.258+0000] {logging_mixin.py:190} INFO - [2025-03-18T00:33:18.258+0000] {dagbag.py:588} INFO - Filling up the DagBag from /home/airflow/.local/lib/python3.12/site-packages/airflow/example_dags/example_branch_operator_decorator.py
[2025-03-18T00:33:18.293+0000] {processor.py:925} INFO - DAG(s) 'example_branch_python_operator_decorator' retrieved from /home/airflow/.local/lib/python3.12/site-packages/airflow/example_dags/example_branch_operator_decorator.py
[2025-03-18T00:33:18.337+0000] {logging_mixin.py:190} INFO - [2025-03-18T00:33:18.336+0000] {dag.py:3239} INFO - Sync 1 DAGs
[2025-03-18T00:33:18.373+0000] {logging_mixin.py:190} INFO - [2025-03-18T00:33:18.373+0000] {dag.py:4180} INFO - Setting next_dagrun for example_branch_python_operator_decorator to 2025-03-17 00:00:00+00:00, run_after=2025-03-18 00:00:00+00:00
[2025-03-18T00:33:18.404+0000] {processor.py:208} INFO - Processing /home/airflow/.local/lib/python3.12/site-packages/airflow/example_dags/example_branch_operator_decorator.py took 0.160 seconds
[2025-03-18T00:33:48.533+0000] {processor.py:186} INFO - Started process (PID=50786) to work on /home/airflow/.local/lib/python3.12/site-packages/airflow/example_dags/example_branch_operator_decorator.py
[2025-03-18T00:33:48.534+0000] {processor.py:914} INFO - Processing file /home/airflow/.local/lib/python3.12/site-packages/airflow/example_dags/example_branch_operator_decorator.py for tasks to queue
[2025-03-18T00:33:48.537+0000] {logging_mixin.py:190} INFO - [2025-03-18T00:33:48.536+0000] {dagbag.py:588} INFO - Filling up the DagBag from /home/airflow/.local/lib/python3.12/site-packages/airflow/example_dags/example_branch_operator_decorator.py
[2025-03-18T00:33:48.569+0000] {processor.py:925} INFO - DAG(s) 'example_branch_python_operator_decorator' retrieved from /home/airflow/.local/lib/python3.12/site-packages/airflow/example_dags/example_branch_operator_decorator.py
[2025-03-18T00:33:48.615+0000] {logging_mixin.py:190} INFO - [2025-03-18T00:33:48.615+0000] {dag.py:3239} INFO - Sync 1 DAGs
[2025-03-18T00:33:48.659+0000] {logging_mixin.py:190} INFO - [2025-03-18T00:33:48.659+0000] {dag.py:4180} INFO - Setting next_dagrun for example_branch_python_operator_decorator to 2025-03-17 00:00:00+00:00, run_after=2025-03-18 00:00:00+00:00
[2025-03-18T00:33:48.691+0000] {processor.py:208} INFO - Processing /home/airflow/.local/lib/python3.12/site-packages/airflow/example_dags/example_branch_operator_decorator.py took 0.169 seconds
[2025-03-18T00:34:19.183+0000] {processor.py:186} INFO - Started process (PID=50851) to work on /home/airflow/.local/lib/python3.12/site-packages/airflow/example_dags/example_branch_operator_decorator.py
[2025-03-18T00:34:19.185+0000] {processor.py:914} INFO - Processing file /home/airflow/.local/lib/python3.12/site-packages/airflow/example_dags/example_branch_operator_decorator.py for tasks to queue
[2025-03-18T00:34:19.188+0000] {logging_mixin.py:190} INFO - [2025-03-18T00:34:19.187+0000] {dagbag.py:588} INFO - Filling up the DagBag from /home/airflow/.local/lib/python3.12/site-packages/airflow/example_dags/example_branch_operator_decorator.py
[2025-03-18T00:34:19.223+0000] {processor.py:925} INFO - DAG(s) 'example_branch_python_operator_decorator' retrieved from /home/airflow/.local/lib/python3.12/site-packages/airflow/example_dags/example_branch_operator_decorator.py
[2025-03-18T00:34:19.277+0000] {logging_mixin.py:190} INFO - [2025-03-18T00:34:19.277+0000] {dag.py:3239} INFO - Sync 1 DAGs
[2025-03-18T00:34:19.325+0000] {logging_mixin.py:190} INFO - [2025-03-18T00:34:19.325+0000] {dag.py:4180} INFO - Setting next_dagrun for example_branch_python_operator_decorator to 2025-03-17 00:00:00+00:00, run_after=2025-03-18 00:00:00+00:00
[2025-03-18T00:34:19.375+0000] {processor.py:208} INFO - Processing /home/airflow/.local/lib/python3.12/site-packages/airflow/example_dags/example_branch_operator_decorator.py took 0.202 seconds
[2025-03-18T00:34:49.459+0000] {processor.py:186} INFO - Started process (PID=50916) to work on /home/airflow/.local/lib/python3.12/site-packages/airflow/example_dags/example_branch_operator_decorator.py
[2025-03-18T00:34:49.461+0000] {processor.py:914} INFO - Processing file /home/airflow/.local/lib/python3.12/site-packages/airflow/example_dags/example_branch_operator_decorator.py for tasks to queue
[2025-03-18T00:34:49.464+0000] {logging_mixin.py:190} INFO - [2025-03-18T00:34:49.463+0000] {dagbag.py:588} INFO - Filling up the DagBag from /home/airflow/.local/lib/python3.12/site-packages/airflow/example_dags/example_branch_operator_decorator.py
[2025-03-18T00:34:49.510+0000] {processor.py:925} INFO - DAG(s) 'example_branch_python_operator_decorator' retrieved from /home/airflow/.local/lib/python3.12/site-packages/airflow/example_dags/example_branch_operator_decorator.py
[2025-03-18T00:34:49.570+0000] {logging_mixin.py:190} INFO - [2025-03-18T00:34:49.569+0000] {dag.py:3239} INFO - Sync 1 DAGs
[2025-03-18T00:34:49.619+0000] {logging_mixin.py:190} INFO - [2025-03-18T00:34:49.618+0000] {dag.py:4180} INFO - Setting next_dagrun for example_branch_python_operator_decorator to 2025-03-17 00:00:00+00:00, run_after=2025-03-18 00:00:00+00:00
[2025-03-18T00:34:49.651+0000] {processor.py:208} INFO - Processing /home/airflow/.local/lib/python3.12/site-packages/airflow/example_dags/example_branch_operator_decorator.py took 0.202 seconds
[2025-03-18T00:35:19.736+0000] {processor.py:186} INFO - Started process (PID=50980) to work on /home/airflow/.local/lib/python3.12/site-packages/airflow/example_dags/example_branch_operator_decorator.py
[2025-03-18T00:35:19.738+0000] {processor.py:914} INFO - Processing file /home/airflow/.local/lib/python3.12/site-packages/airflow/example_dags/example_branch_operator_decorator.py for tasks to queue
[2025-03-18T00:35:19.740+0000] {logging_mixin.py:190} INFO - [2025-03-18T00:35:19.739+0000] {dagbag.py:588} INFO - Filling up the DagBag from /home/airflow/.local/lib/python3.12/site-packages/airflow/example_dags/example_branch_operator_decorator.py
[2025-03-18T00:35:19.774+0000] {processor.py:925} INFO - DAG(s) 'example_branch_python_operator_decorator' retrieved from /home/airflow/.local/lib/python3.12/site-packages/airflow/example_dags/example_branch_operator_decorator.py
[2025-03-18T00:35:19.823+0000] {logging_mixin.py:190} INFO - [2025-03-18T00:35:19.822+0000] {dag.py:3239} INFO - Sync 1 DAGs
[2025-03-18T00:35:19.866+0000] {logging_mixin.py:190} INFO - [2025-03-18T00:35:19.865+0000] {dag.py:4180} INFO - Setting next_dagrun for example_branch_python_operator_decorator to 2025-03-17 00:00:00+00:00, run_after=2025-03-18 00:00:00+00:00
[2025-03-18T00:35:19.896+0000] {processor.py:208} INFO - Processing /home/airflow/.local/lib/python3.12/site-packages/airflow/example_dags/example_branch_operator_decorator.py took 0.167 seconds
[2025-03-18T00:35:50.032+0000] {processor.py:186} INFO - Started process (PID=51045) to work on /home/airflow/.local/lib/python3.12/site-packages/airflow/example_dags/example_branch_operator_decorator.py
[2025-03-18T00:35:50.034+0000] {processor.py:914} INFO - Processing file /home/airflow/.local/lib/python3.12/site-packages/airflow/example_dags/example_branch_operator_decorator.py for tasks to queue
[2025-03-18T00:35:50.036+0000] {logging_mixin.py:190} INFO - [2025-03-18T00:35:50.035+0000] {dagbag.py:588} INFO - Filling up the DagBag from /home/airflow/.local/lib/python3.12/site-packages/airflow/example_dags/example_branch_operator_decorator.py
[2025-03-18T00:35:50.073+0000] {processor.py:925} INFO - DAG(s) 'example_branch_python_operator_decorator' retrieved from /home/airflow/.local/lib/python3.12/site-packages/airflow/example_dags/example_branch_operator_decorator.py
[2025-03-18T00:35:50.113+0000] {logging_mixin.py:190} INFO - [2025-03-18T00:35:50.112+0000] {dag.py:3239} INFO - Sync 1 DAGs
[2025-03-18T00:35:50.148+0000] {logging_mixin.py:190} INFO - [2025-03-18T00:35:50.147+0000] {dag.py:4180} INFO - Setting next_dagrun for example_branch_python_operator_decorator to 2025-03-17 00:00:00+00:00, run_after=2025-03-18 00:00:00+00:00
[2025-03-18T00:35:50.176+0000] {processor.py:208} INFO - Processing /home/airflow/.local/lib/python3.12/site-packages/airflow/example_dags/example_branch_operator_decorator.py took 0.150 seconds
[2025-03-18T00:36:20.633+0000] {processor.py:186} INFO - Started process (PID=51110) to work on /home/airflow/.local/lib/python3.12/site-packages/airflow/example_dags/example_branch_operator_decorator.py
[2025-03-18T00:36:20.635+0000] {processor.py:914} INFO - Processing file /home/airflow/.local/lib/python3.12/site-packages/airflow/example_dags/example_branch_operator_decorator.py for tasks to queue
[2025-03-18T00:36:20.637+0000] {logging_mixin.py:190} INFO - [2025-03-18T00:36:20.637+0000] {dagbag.py:588} INFO - Filling up the DagBag from /home/airflow/.local/lib/python3.12/site-packages/airflow/example_dags/example_branch_operator_decorator.py
[2025-03-18T00:36:20.676+0000] {processor.py:925} INFO - DAG(s) 'example_branch_python_operator_decorator' retrieved from /home/airflow/.local/lib/python3.12/site-packages/airflow/example_dags/example_branch_operator_decorator.py
[2025-03-18T00:36:20.721+0000] {logging_mixin.py:190} INFO - [2025-03-18T00:36:20.721+0000] {dag.py:3239} INFO - Sync 1 DAGs
[2025-03-18T00:36:20.764+0000] {logging_mixin.py:190} INFO - [2025-03-18T00:36:20.763+0000] {dag.py:4180} INFO - Setting next_dagrun for example_branch_python_operator_decorator to 2025-03-17 00:00:00+00:00, run_after=2025-03-18 00:00:00+00:00
[2025-03-18T00:36:20.796+0000] {processor.py:208} INFO - Processing /home/airflow/.local/lib/python3.12/site-packages/airflow/example_dags/example_branch_operator_decorator.py took 0.171 seconds
[2025-03-18T00:36:50.976+0000] {processor.py:186} INFO - Started process (PID=51175) to work on /home/airflow/.local/lib/python3.12/site-packages/airflow/example_dags/example_branch_operator_decorator.py
[2025-03-18T00:36:50.978+0000] {processor.py:914} INFO - Processing file /home/airflow/.local/lib/python3.12/site-packages/airflow/example_dags/example_branch_operator_decorator.py for tasks to queue
[2025-03-18T00:36:50.980+0000] {logging_mixin.py:190} INFO - [2025-03-18T00:36:50.980+0000] {dagbag.py:588} INFO - Filling up the DagBag from /home/airflow/.local/lib/python3.12/site-packages/airflow/example_dags/example_branch_operator_decorator.py
[2025-03-18T00:36:51.012+0000] {processor.py:925} INFO - DAG(s) 'example_branch_python_operator_decorator' retrieved from /home/airflow/.local/lib/python3.12/site-packages/airflow/example_dags/example_branch_operator_decorator.py
[2025-03-18T00:36:51.056+0000] {logging_mixin.py:190} INFO - [2025-03-18T00:36:51.055+0000] {dag.py:3239} INFO - Sync 1 DAGs
[2025-03-18T00:36:51.098+0000] {logging_mixin.py:190} INFO - [2025-03-18T00:36:51.097+0000] {dag.py:4180} INFO - Setting next_dagrun for example_branch_python_operator_decorator to 2025-03-17 00:00:00+00:00, run_after=2025-03-18 00:00:00+00:00
[2025-03-18T00:36:51.129+0000] {processor.py:208} INFO - Processing /home/airflow/.local/lib/python3.12/site-packages/airflow/example_dags/example_branch_operator_decorator.py took 0.162 seconds
[2025-03-18T00:37:21.331+0000] {processor.py:186} INFO - Started process (PID=51241) to work on /home/airflow/.local/lib/python3.12/site-packages/airflow/example_dags/example_branch_operator_decorator.py
[2025-03-18T00:37:21.332+0000] {processor.py:914} INFO - Processing file /home/airflow/.local/lib/python3.12/site-packages/airflow/example_dags/example_branch_operator_decorator.py for tasks to queue
[2025-03-18T00:37:21.334+0000] {logging_mixin.py:190} INFO - [2025-03-18T00:37:21.334+0000] {dagbag.py:588} INFO - Filling up the DagBag from /home/airflow/.local/lib/python3.12/site-packages/airflow/example_dags/example_branch_operator_decorator.py
[2025-03-18T00:37:21.364+0000] {processor.py:925} INFO - DAG(s) 'example_branch_python_operator_decorator' retrieved from /home/airflow/.local/lib/python3.12/site-packages/airflow/example_dags/example_branch_operator_decorator.py
[2025-03-18T00:37:21.403+0000] {logging_mixin.py:190} INFO - [2025-03-18T00:37:21.402+0000] {dag.py:3239} INFO - Sync 1 DAGs
[2025-03-18T00:37:21.442+0000] {logging_mixin.py:190} INFO - [2025-03-18T00:37:21.442+0000] {dag.py:4180} INFO - Setting next_dagrun for example_branch_python_operator_decorator to 2025-03-17 00:00:00+00:00, run_after=2025-03-18 00:00:00+00:00
[2025-03-18T00:37:21.471+0000] {processor.py:208} INFO - Processing /home/airflow/.local/lib/python3.12/site-packages/airflow/example_dags/example_branch_operator_decorator.py took 0.148 seconds
[2025-03-18T00:37:52.186+0000] {processor.py:186} INFO - Started process (PID=51305) to work on /home/airflow/.local/lib/python3.12/site-packages/airflow/example_dags/example_branch_operator_decorator.py
[2025-03-18T00:37:52.188+0000] {processor.py:914} INFO - Processing file /home/airflow/.local/lib/python3.12/site-packages/airflow/example_dags/example_branch_operator_decorator.py for tasks to queue
[2025-03-18T00:37:52.190+0000] {logging_mixin.py:190} INFO - [2025-03-18T00:37:52.190+0000] {dagbag.py:588} INFO - Filling up the DagBag from /home/airflow/.local/lib/python3.12/site-packages/airflow/example_dags/example_branch_operator_decorator.py
[2025-03-18T00:37:52.228+0000] {processor.py:925} INFO - DAG(s) 'example_branch_python_operator_decorator' retrieved from /home/airflow/.local/lib/python3.12/site-packages/airflow/example_dags/example_branch_operator_decorator.py
[2025-03-18T00:37:52.270+0000] {logging_mixin.py:190} INFO - [2025-03-18T00:37:52.269+0000] {dag.py:3239} INFO - Sync 1 DAGs
[2025-03-18T00:37:52.310+0000] {logging_mixin.py:190} INFO - [2025-03-18T00:37:52.310+0000] {dag.py:4180} INFO - Setting next_dagrun for example_branch_python_operator_decorator to 2025-03-17 00:00:00+00:00, run_after=2025-03-18 00:00:00+00:00
[2025-03-18T00:37:52.342+0000] {processor.py:208} INFO - Processing /home/airflow/.local/lib/python3.12/site-packages/airflow/example_dags/example_branch_operator_decorator.py took 0.164 seconds
[2025-03-18T00:38:22.684+0000] {processor.py:186} INFO - Started process (PID=51370) to work on /home/airflow/.local/lib/python3.12/site-packages/airflow/example_dags/example_branch_operator_decorator.py
[2025-03-18T00:38:22.685+0000] {processor.py:914} INFO - Processing file /home/airflow/.local/lib/python3.12/site-packages/airflow/example_dags/example_branch_operator_decorator.py for tasks to queue
[2025-03-18T00:38:22.687+0000] {logging_mixin.py:190} INFO - [2025-03-18T00:38:22.687+0000] {dagbag.py:588} INFO - Filling up the DagBag from /home/airflow/.local/lib/python3.12/site-packages/airflow/example_dags/example_branch_operator_decorator.py
[2025-03-18T00:38:22.714+0000] {processor.py:925} INFO - DAG(s) 'example_branch_python_operator_decorator' retrieved from /home/airflow/.local/lib/python3.12/site-packages/airflow/example_dags/example_branch_operator_decorator.py
[2025-03-18T00:38:22.751+0000] {logging_mixin.py:190} INFO - [2025-03-18T00:38:22.751+0000] {dag.py:3239} INFO - Sync 1 DAGs
[2025-03-18T00:38:22.786+0000] {logging_mixin.py:190} INFO - [2025-03-18T00:38:22.786+0000] {dag.py:4180} INFO - Setting next_dagrun for example_branch_python_operator_decorator to 2025-03-17 00:00:00+00:00, run_after=2025-03-18 00:00:00+00:00
[2025-03-18T00:38:22.817+0000] {processor.py:208} INFO - Processing /home/airflow/.local/lib/python3.12/site-packages/airflow/example_dags/example_branch_operator_decorator.py took 0.141 seconds
[2025-03-18T00:57:12.816+0000] {processor.py:186} INFO - Started process (PID=51415) to work on /home/airflow/.local/lib/python3.12/site-packages/airflow/example_dags/example_branch_operator_decorator.py
[2025-03-18T00:57:12.832+0000] {processor.py:914} INFO - Processing file /home/airflow/.local/lib/python3.12/site-packages/airflow/example_dags/example_branch_operator_decorator.py for tasks to queue
[2025-03-18T00:57:12.842+0000] {logging_mixin.py:190} INFO - [2025-03-18T00:57:12.841+0000] {dagbag.py:588} INFO - Filling up the DagBag from /home/airflow/.local/lib/python3.12/site-packages/airflow/example_dags/example_branch_operator_decorator.py
[2025-03-18T00:57:13.255+0000] {processor.py:925} INFO - DAG(s) 'example_branch_python_operator_decorator' retrieved from /home/airflow/.local/lib/python3.12/site-packages/airflow/example_dags/example_branch_operator_decorator.py
[2025-03-18T06:17:26.617+0000] {logging_mixin.py:190} INFO - [2025-03-18T06:17:26.616+0000] {dag.py:3239} INFO - Sync 1 DAGs
[2025-03-18T06:17:26.865+0000] {logging_mixin.py:190} INFO - [2025-03-18T06:17:26.854+0000] {dag.py:4180} INFO - Setting next_dagrun for example_branch_python_operator_decorator to 2025-03-17 00:00:00+00:00, run_after=2025-03-18 00:00:00+00:00
[2025-03-18T06:17:27.048+0000] {processor.py:208} INFO - Processing /home/airflow/.local/lib/python3.12/site-packages/airflow/example_dags/example_branch_operator_decorator.py took 3.924 seconds
