[2025-03-18T00:33:00.117+0000] {processor.py:186} INFO - Started process (PID=50680) to work on /home/airflow/.local/lib/python3.12/site-packages/airflow/example_dags/example_params_ui_tutorial.py
[2025-03-18T00:33:00.120+0000] {processor.py:914} INFO - Processing file /home/airflow/.local/lib/python3.12/site-packages/airflow/example_dags/example_params_ui_tutorial.py for tasks to queue
[2025-03-18T00:33:00.131+0000] {logging_mixin.py:190} INFO - [2025-03-18T00:33:00.130+0000] {dagbag.py:588} INFO - Filling up the DagBag from /home/airflow/.local/lib/python3.12/site-packages/airflow/example_dags/example_params_ui_tutorial.py
[2025-03-18T00:33:00.180+0000] {processor.py:925} INFO - DAG(s) 'example_params_ui_tutorial' retrieved from /home/airflow/.local/lib/python3.12/site-packages/airflow/example_dags/example_params_ui_tutorial.py
[2025-03-18T00:33:01.056+0000] {logging_mixin.py:190} INFO - [2025-03-18T00:33:01.055+0000] {dag.py:3239} INFO - Sync 1 DAGs
[2025-03-18T00:33:01.156+0000] {logging_mixin.py:190} INFO - [2025-03-18T00:33:01.156+0000] {dag.py:4180} INFO - Setting next_dagrun for example_params_ui_tutorial to None, run_after=None
[2025-03-18T00:33:01.268+0000] {processor.py:208} INFO - Processing /home/airflow/.local/lib/python3.12/site-packages/airflow/example_dags/example_params_ui_tutorial.py took 1.172 seconds
[2025-03-18T00:33:31.918+0000] {processor.py:186} INFO - Started process (PID=50744) to work on /home/airflow/.local/lib/python3.12/site-packages/airflow/example_dags/example_params_ui_tutorial.py
[2025-03-18T00:33:31.920+0000] {processor.py:914} INFO - Processing file /home/airflow/.local/lib/python3.12/site-packages/airflow/example_dags/example_params_ui_tutorial.py for tasks to queue
[2025-03-18T00:33:31.922+0000] {logging_mixin.py:190} INFO - [2025-03-18T00:33:31.921+0000] {dagbag.py:588} INFO - Filling up the DagBag from /home/airflow/.local/lib/python3.12/site-packages/airflow/example_dags/example_params_ui_tutorial.py
[2025-03-18T00:33:31.938+0000] {processor.py:925} INFO - DAG(s) 'example_params_ui_tutorial' retrieved from /home/airflow/.local/lib/python3.12/site-packages/airflow/example_dags/example_params_ui_tutorial.py
[2025-03-18T00:33:31.998+0000] {logging_mixin.py:190} INFO - [2025-03-18T00:33:31.998+0000] {dag.py:3239} INFO - Sync 1 DAGs
[2025-03-18T00:33:32.018+0000] {logging_mixin.py:190} INFO - [2025-03-18T00:33:32.018+0000] {dag.py:4180} INFO - Setting next_dagrun for example_params_ui_tutorial to None, run_after=None
[2025-03-18T00:33:32.047+0000] {processor.py:208} INFO - Processing /home/airflow/.local/lib/python3.12/site-packages/airflow/example_dags/example_params_ui_tutorial.py took 0.138 seconds
[2025-03-18T00:34:02.234+0000] {processor.py:186} INFO - Started process (PID=50809) to work on /home/airflow/.local/lib/python3.12/site-packages/airflow/example_dags/example_params_ui_tutorial.py
[2025-03-18T00:34:02.236+0000] {processor.py:914} INFO - Processing file /home/airflow/.local/lib/python3.12/site-packages/airflow/example_dags/example_params_ui_tutorial.py for tasks to queue
[2025-03-18T00:34:02.240+0000] {logging_mixin.py:190} INFO - [2025-03-18T00:34:02.238+0000] {dagbag.py:588} INFO - Filling up the DagBag from /home/airflow/.local/lib/python3.12/site-packages/airflow/example_dags/example_params_ui_tutorial.py
[2025-03-18T00:34:02.255+0000] {processor.py:925} INFO - DAG(s) 'example_params_ui_tutorial' retrieved from /home/airflow/.local/lib/python3.12/site-packages/airflow/example_dags/example_params_ui_tutorial.py
[2025-03-18T00:34:02.336+0000] {logging_mixin.py:190} INFO - [2025-03-18T00:34:02.336+0000] {dag.py:3239} INFO - Sync 1 DAGs
[2025-03-18T00:34:02.364+0000] {logging_mixin.py:190} INFO - [2025-03-18T00:34:02.364+0000] {dag.py:4180} INFO - Setting next_dagrun for example_params_ui_tutorial to None, run_after=None
[2025-03-18T00:34:02.410+0000] {processor.py:208} INFO - Processing /home/airflow/.local/lib/python3.12/site-packages/airflow/example_dags/example_params_ui_tutorial.py took 0.183 seconds
[2025-03-18T00:34:32.752+0000] {processor.py:186} INFO - Started process (PID=50874) to work on /home/airflow/.local/lib/python3.12/site-packages/airflow/example_dags/example_params_ui_tutorial.py
[2025-03-18T00:34:32.754+0000] {processor.py:914} INFO - Processing file /home/airflow/.local/lib/python3.12/site-packages/airflow/example_dags/example_params_ui_tutorial.py for tasks to queue
[2025-03-18T00:34:32.756+0000] {logging_mixin.py:190} INFO - [2025-03-18T00:34:32.756+0000] {dagbag.py:588} INFO - Filling up the DagBag from /home/airflow/.local/lib/python3.12/site-packages/airflow/example_dags/example_params_ui_tutorial.py
[2025-03-18T00:34:32.769+0000] {processor.py:925} INFO - DAG(s) 'example_params_ui_tutorial' retrieved from /home/airflow/.local/lib/python3.12/site-packages/airflow/example_dags/example_params_ui_tutorial.py
[2025-03-18T00:34:32.828+0000] {logging_mixin.py:190} INFO - [2025-03-18T00:34:32.828+0000] {dag.py:3239} INFO - Sync 1 DAGs
[2025-03-18T00:34:32.849+0000] {logging_mixin.py:190} INFO - [2025-03-18T00:34:32.849+0000] {dag.py:4180} INFO - Setting next_dagrun for example_params_ui_tutorial to None, run_after=None
[2025-03-18T00:34:32.888+0000] {processor.py:208} INFO - Processing /home/airflow/.local/lib/python3.12/site-packages/airflow/example_dags/example_params_ui_tutorial.py took 0.142 seconds
[2025-03-18T00:35:03.846+0000] {processor.py:186} INFO - Started process (PID=50939) to work on /home/airflow/.local/lib/python3.12/site-packages/airflow/example_dags/example_params_ui_tutorial.py
[2025-03-18T00:35:03.847+0000] {processor.py:914} INFO - Processing file /home/airflow/.local/lib/python3.12/site-packages/airflow/example_dags/example_params_ui_tutorial.py for tasks to queue
[2025-03-18T00:35:03.850+0000] {logging_mixin.py:190} INFO - [2025-03-18T00:35:03.850+0000] {dagbag.py:588} INFO - Filling up the DagBag from /home/airflow/.local/lib/python3.12/site-packages/airflow/example_dags/example_params_ui_tutorial.py
[2025-03-18T00:35:03.870+0000] {processor.py:925} INFO - DAG(s) 'example_params_ui_tutorial' retrieved from /home/airflow/.local/lib/python3.12/site-packages/airflow/example_dags/example_params_ui_tutorial.py
[2025-03-18T00:35:03.943+0000] {logging_mixin.py:190} INFO - [2025-03-18T00:35:03.943+0000] {dag.py:3239} INFO - Sync 1 DAGs
[2025-03-18T00:35:03.967+0000] {logging_mixin.py:190} INFO - [2025-03-18T00:35:03.966+0000] {dag.py:4180} INFO - Setting next_dagrun for example_params_ui_tutorial to None, run_after=None
[2025-03-18T00:35:04.007+0000] {processor.py:208} INFO - Processing /home/airflow/.local/lib/python3.12/site-packages/airflow/example_dags/example_params_ui_tutorial.py took 0.173 seconds
[2025-03-18T00:35:34.265+0000] {processor.py:186} INFO - Started process (PID=51004) to work on /home/airflow/.local/lib/python3.12/site-packages/airflow/example_dags/example_params_ui_tutorial.py
[2025-03-18T00:35:34.266+0000] {processor.py:914} INFO - Processing file /home/airflow/.local/lib/python3.12/site-packages/airflow/example_dags/example_params_ui_tutorial.py for tasks to queue
[2025-03-18T00:35:34.268+0000] {logging_mixin.py:190} INFO - [2025-03-18T00:35:34.268+0000] {dagbag.py:588} INFO - Filling up the DagBag from /home/airflow/.local/lib/python3.12/site-packages/airflow/example_dags/example_params_ui_tutorial.py
[2025-03-18T00:35:34.280+0000] {processor.py:925} INFO - DAG(s) 'example_params_ui_tutorial' retrieved from /home/airflow/.local/lib/python3.12/site-packages/airflow/example_dags/example_params_ui_tutorial.py
[2025-03-18T00:35:34.340+0000] {logging_mixin.py:190} INFO - [2025-03-18T00:35:34.339+0000] {dag.py:3239} INFO - Sync 1 DAGs
[2025-03-18T00:35:34.359+0000] {logging_mixin.py:190} INFO - [2025-03-18T00:35:34.359+0000] {dag.py:4180} INFO - Setting next_dagrun for example_params_ui_tutorial to None, run_after=None
[2025-03-18T00:35:34.389+0000] {processor.py:208} INFO - Processing /home/airflow/.local/lib/python3.12/site-packages/airflow/example_dags/example_params_ui_tutorial.py took 0.132 seconds
[2025-03-18T00:36:04.508+0000] {processor.py:186} INFO - Started process (PID=51069) to work on /home/airflow/.local/lib/python3.12/site-packages/airflow/example_dags/example_params_ui_tutorial.py
[2025-03-18T00:36:04.510+0000] {processor.py:914} INFO - Processing file /home/airflow/.local/lib/python3.12/site-packages/airflow/example_dags/example_params_ui_tutorial.py for tasks to queue
[2025-03-18T00:36:04.512+0000] {logging_mixin.py:190} INFO - [2025-03-18T00:36:04.512+0000] {dagbag.py:588} INFO - Filling up the DagBag from /home/airflow/.local/lib/python3.12/site-packages/airflow/example_dags/example_params_ui_tutorial.py
[2025-03-18T00:36:04.534+0000] {processor.py:925} INFO - DAG(s) 'example_params_ui_tutorial' retrieved from /home/airflow/.local/lib/python3.12/site-packages/airflow/example_dags/example_params_ui_tutorial.py
[2025-03-18T00:36:04.598+0000] {logging_mixin.py:190} INFO - [2025-03-18T00:36:04.598+0000] {dag.py:3239} INFO - Sync 1 DAGs
[2025-03-18T00:36:04.621+0000] {logging_mixin.py:190} INFO - [2025-03-18T00:36:04.621+0000] {dag.py:4180} INFO - Setting next_dagrun for example_params_ui_tutorial to None, run_after=None
[2025-03-18T00:36:04.654+0000] {processor.py:208} INFO - Processing /home/airflow/.local/lib/python3.12/site-packages/airflow/example_dags/example_params_ui_tutorial.py took 0.154 seconds
[2025-03-18T00:36:35.000+0000] {processor.py:186} INFO - Started process (PID=51133) to work on /home/airflow/.local/lib/python3.12/site-packages/airflow/example_dags/example_params_ui_tutorial.py
[2025-03-18T00:36:35.002+0000] {processor.py:914} INFO - Processing file /home/airflow/.local/lib/python3.12/site-packages/airflow/example_dags/example_params_ui_tutorial.py for tasks to queue
[2025-03-18T00:36:35.004+0000] {logging_mixin.py:190} INFO - [2025-03-18T00:36:35.003+0000] {dagbag.py:588} INFO - Filling up the DagBag from /home/airflow/.local/lib/python3.12/site-packages/airflow/example_dags/example_params_ui_tutorial.py
[2025-03-18T00:36:35.016+0000] {processor.py:925} INFO - DAG(s) 'example_params_ui_tutorial' retrieved from /home/airflow/.local/lib/python3.12/site-packages/airflow/example_dags/example_params_ui_tutorial.py
[2025-03-18T00:36:35.077+0000] {logging_mixin.py:190} INFO - [2025-03-18T00:36:35.076+0000] {dag.py:3239} INFO - Sync 1 DAGs
[2025-03-18T00:36:35.097+0000] {logging_mixin.py:190} INFO - [2025-03-18T00:36:35.097+0000] {dag.py:4180} INFO - Setting next_dagrun for example_params_ui_tutorial to None, run_after=None
[2025-03-18T00:36:35.128+0000] {processor.py:208} INFO - Processing /home/airflow/.local/lib/python3.12/site-packages/airflow/example_dags/example_params_ui_tutorial.py took 0.136 seconds
[2025-03-18T00:37:05.241+0000] {processor.py:186} INFO - Started process (PID=51198) to work on /home/airflow/.local/lib/python3.12/site-packages/airflow/example_dags/example_params_ui_tutorial.py
[2025-03-18T00:37:05.243+0000] {processor.py:914} INFO - Processing file /home/airflow/.local/lib/python3.12/site-packages/airflow/example_dags/example_params_ui_tutorial.py for tasks to queue
[2025-03-18T00:37:05.245+0000] {logging_mixin.py:190} INFO - [2025-03-18T00:37:05.244+0000] {dagbag.py:588} INFO - Filling up the DagBag from /home/airflow/.local/lib/python3.12/site-packages/airflow/example_dags/example_params_ui_tutorial.py
[2025-03-18T00:37:05.259+0000] {processor.py:925} INFO - DAG(s) 'example_params_ui_tutorial' retrieved from /home/airflow/.local/lib/python3.12/site-packages/airflow/example_dags/example_params_ui_tutorial.py
[2025-03-18T00:37:05.335+0000] {logging_mixin.py:190} INFO - [2025-03-18T00:37:05.334+0000] {dag.py:3239} INFO - Sync 1 DAGs
[2025-03-18T00:37:05.360+0000] {logging_mixin.py:190} INFO - [2025-03-18T00:37:05.360+0000] {dag.py:4180} INFO - Setting next_dagrun for example_params_ui_tutorial to None, run_after=None
[2025-03-18T00:37:05.401+0000] {processor.py:208} INFO - Processing /home/airflow/.local/lib/python3.12/site-packages/airflow/example_dags/example_params_ui_tutorial.py took 0.167 seconds
[2025-03-18T00:37:35.568+0000] {processor.py:186} INFO - Started process (PID=51262) to work on /home/airflow/.local/lib/python3.12/site-packages/airflow/example_dags/example_params_ui_tutorial.py
[2025-03-18T00:37:35.570+0000] {processor.py:914} INFO - Processing file /home/airflow/.local/lib/python3.12/site-packages/airflow/example_dags/example_params_ui_tutorial.py for tasks to queue
[2025-03-18T00:37:35.572+0000] {logging_mixin.py:190} INFO - [2025-03-18T00:37:35.571+0000] {dagbag.py:588} INFO - Filling up the DagBag from /home/airflow/.local/lib/python3.12/site-packages/airflow/example_dags/example_params_ui_tutorial.py
[2025-03-18T00:37:35.584+0000] {processor.py:925} INFO - DAG(s) 'example_params_ui_tutorial' retrieved from /home/airflow/.local/lib/python3.12/site-packages/airflow/example_dags/example_params_ui_tutorial.py
[2025-03-18T00:37:35.651+0000] {logging_mixin.py:190} INFO - [2025-03-18T00:37:35.650+0000] {dag.py:3239} INFO - Sync 1 DAGs
[2025-03-18T00:37:35.670+0000] {logging_mixin.py:190} INFO - [2025-03-18T00:37:35.670+0000] {dag.py:4180} INFO - Setting next_dagrun for example_params_ui_tutorial to None, run_after=None
[2025-03-18T00:37:35.700+0000] {processor.py:208} INFO - Processing /home/airflow/.local/lib/python3.12/site-packages/airflow/example_dags/example_params_ui_tutorial.py took 0.140 seconds
[2025-03-18T00:38:06.110+0000] {processor.py:186} INFO - Started process (PID=51327) to work on /home/airflow/.local/lib/python3.12/site-packages/airflow/example_dags/example_params_ui_tutorial.py
[2025-03-18T00:38:06.112+0000] {processor.py:914} INFO - Processing file /home/airflow/.local/lib/python3.12/site-packages/airflow/example_dags/example_params_ui_tutorial.py for tasks to queue
[2025-03-18T00:38:06.114+0000] {logging_mixin.py:190} INFO - [2025-03-18T00:38:06.114+0000] {dagbag.py:588} INFO - Filling up the DagBag from /home/airflow/.local/lib/python3.12/site-packages/airflow/example_dags/example_params_ui_tutorial.py
[2025-03-18T00:38:06.127+0000] {processor.py:925} INFO - DAG(s) 'example_params_ui_tutorial' retrieved from /home/airflow/.local/lib/python3.12/site-packages/airflow/example_dags/example_params_ui_tutorial.py
[2025-03-18T00:38:06.186+0000] {logging_mixin.py:190} INFO - [2025-03-18T00:38:06.185+0000] {dag.py:3239} INFO - Sync 1 DAGs
[2025-03-18T00:38:06.206+0000] {logging_mixin.py:190} INFO - [2025-03-18T00:38:06.206+0000] {dag.py:4180} INFO - Setting next_dagrun for example_params_ui_tutorial to None, run_after=None
[2025-03-18T00:38:06.238+0000] {processor.py:208} INFO - Processing /home/airflow/.local/lib/python3.12/site-packages/airflow/example_dags/example_params_ui_tutorial.py took 0.136 seconds
[2025-03-18T00:38:36.667+0000] {processor.py:186} INFO - Started process (PID=51392) to work on /home/airflow/.local/lib/python3.12/site-packages/airflow/example_dags/example_params_ui_tutorial.py
[2025-03-18T00:38:36.669+0000] {processor.py:914} INFO - Processing file /home/airflow/.local/lib/python3.12/site-packages/airflow/example_dags/example_params_ui_tutorial.py for tasks to queue
[2025-03-18T00:38:36.671+0000] {logging_mixin.py:190} INFO - [2025-03-18T00:38:36.671+0000] {dagbag.py:588} INFO - Filling up the DagBag from /home/airflow/.local/lib/python3.12/site-packages/airflow/example_dags/example_params_ui_tutorial.py
[2025-03-18T00:38:36.685+0000] {processor.py:925} INFO - DAG(s) 'example_params_ui_tutorial' retrieved from /home/airflow/.local/lib/python3.12/site-packages/airflow/example_dags/example_params_ui_tutorial.py
[2025-03-18T00:38:36.748+0000] {logging_mixin.py:190} INFO - [2025-03-18T00:38:36.747+0000] {dag.py:3239} INFO - Sync 1 DAGs
[2025-03-18T00:38:36.779+0000] {logging_mixin.py:190} INFO - [2025-03-18T00:38:36.778+0000] {dag.py:4180} INFO - Setting next_dagrun for example_params_ui_tutorial to None, run_after=None
[2025-03-18T00:38:36.824+0000] {processor.py:208} INFO - Processing /home/airflow/.local/lib/python3.12/site-packages/airflow/example_dags/example_params_ui_tutorial.py took 0.167 seconds
