[2025-03-18T00:28:07.578+0000] {processor.py:186} INFO - Started process (PID=50642) to work on /home/airflow/.local/lib/python3.12/site-packages/airflow/example_dags/tutorial_dag.py
[2025-03-18T00:28:07.580+0000] {processor.py:914} INFO - Processing file /home/airflow/.local/lib/python3.12/site-packages/airflow/example_dags/tutorial_dag.py for tasks to queue
[2025-03-18T00:28:07.595+0000] {logging_mixin.py:190} INFO - [2025-03-18T00:28:07.594+0000] {dagbag.py:588} INFO - Filling up the DagBag from /home/airflow/.local/lib/python3.12/site-packages/airflow/example_dags/tutorial_dag.py
[2025-03-18T00:28:07.646+0000] {processor.py:925} INFO - DAG(s) 'tutorial_dag' retrieved from /home/airflow/.local/lib/python3.12/site-packages/airflow/example_dags/tutorial_dag.py
[2025-03-18T00:28:07.728+0000] {logging_mixin.py:190} INFO - [2025-03-18T00:28:07.726+0000] {dag.py:3239} INFO - Sync 1 DAGs
[2025-03-18T00:28:07.799+0000] {logging_mixin.py:190} INFO - [2025-03-18T00:28:07.798+0000] {dag.py:4180} INFO - Setting next_dagrun for tutorial_dag to None, run_after=None
[2025-03-18T00:28:07.924+0000] {processor.py:208} INFO - Processing /home/airflow/.local/lib/python3.12/site-packages/airflow/example_dags/tutorial_dag.py took 0.366 seconds
[2025-03-18T00:33:08.376+0000] {processor.py:186} INFO - Started process (PID=50706) to work on /home/airflow/.local/lib/python3.12/site-packages/airflow/example_dags/tutorial_dag.py
[2025-03-18T00:33:08.377+0000] {processor.py:914} INFO - Processing file /home/airflow/.local/lib/python3.12/site-packages/airflow/example_dags/tutorial_dag.py for tasks to queue
[2025-03-18T00:33:08.380+0000] {logging_mixin.py:190} INFO - [2025-03-18T00:33:08.379+0000] {dagbag.py:588} INFO - Filling up the DagBag from /home/airflow/.local/lib/python3.12/site-packages/airflow/example_dags/tutorial_dag.py
[2025-03-18T00:33:08.391+0000] {processor.py:925} INFO - DAG(s) 'tutorial_dag' retrieved from /home/airflow/.local/lib/python3.12/site-packages/airflow/example_dags/tutorial_dag.py
[2025-03-18T00:33:08.426+0000] {logging_mixin.py:190} INFO - [2025-03-18T00:33:08.426+0000] {dag.py:3239} INFO - Sync 1 DAGs
[2025-03-18T00:33:08.454+0000] {logging_mixin.py:190} INFO - [2025-03-18T00:33:08.453+0000] {dag.py:4180} INFO - Setting next_dagrun for tutorial_dag to None, run_after=None
[2025-03-18T00:33:08.488+0000] {processor.py:208} INFO - Processing /home/airflow/.local/lib/python3.12/site-packages/airflow/example_dags/tutorial_dag.py took 0.120 seconds
[2025-03-18T00:33:38.924+0000] {processor.py:186} INFO - Started process (PID=50771) to work on /home/airflow/.local/lib/python3.12/site-packages/airflow/example_dags/tutorial_dag.py
[2025-03-18T00:33:38.926+0000] {processor.py:914} INFO - Processing file /home/airflow/.local/lib/python3.12/site-packages/airflow/example_dags/tutorial_dag.py for tasks to queue
[2025-03-18T00:33:38.928+0000] {logging_mixin.py:190} INFO - [2025-03-18T00:33:38.928+0000] {dagbag.py:588} INFO - Filling up the DagBag from /home/airflow/.local/lib/python3.12/site-packages/airflow/example_dags/tutorial_dag.py
[2025-03-18T00:33:38.940+0000] {processor.py:925} INFO - DAG(s) 'tutorial_dag' retrieved from /home/airflow/.local/lib/python3.12/site-packages/airflow/example_dags/tutorial_dag.py
[2025-03-18T00:33:38.972+0000] {logging_mixin.py:190} INFO - [2025-03-18T00:33:38.972+0000] {dag.py:3239} INFO - Sync 1 DAGs
[2025-03-18T00:33:38.999+0000] {logging_mixin.py:190} INFO - [2025-03-18T00:33:38.999+0000] {dag.py:4180} INFO - Setting next_dagrun for tutorial_dag to None, run_after=None
[2025-03-18T00:33:39.036+0000] {processor.py:208} INFO - Processing /home/airflow/.local/lib/python3.12/site-packages/airflow/example_dags/tutorial_dag.py took 0.118 seconds
[2025-03-18T00:34:10.529+0000] {processor.py:186} INFO - Started process (PID=50833) to work on /home/airflow/.local/lib/python3.12/site-packages/airflow/example_dags/tutorial_dag.py
[2025-03-18T00:34:10.532+0000] {processor.py:914} INFO - Processing file /home/airflow/.local/lib/python3.12/site-packages/airflow/example_dags/tutorial_dag.py for tasks to queue
[2025-03-18T00:34:10.535+0000] {logging_mixin.py:190} INFO - [2025-03-18T00:34:10.535+0000] {dagbag.py:588} INFO - Filling up the DagBag from /home/airflow/.local/lib/python3.12/site-packages/airflow/example_dags/tutorial_dag.py
[2025-03-18T00:34:10.551+0000] {processor.py:925} INFO - DAG(s) 'tutorial_dag' retrieved from /home/airflow/.local/lib/python3.12/site-packages/airflow/example_dags/tutorial_dag.py
[2025-03-18T00:34:10.597+0000] {logging_mixin.py:190} INFO - [2025-03-18T00:34:10.596+0000] {dag.py:3239} INFO - Sync 1 DAGs
[2025-03-18T00:34:10.630+0000] {logging_mixin.py:190} INFO - [2025-03-18T00:34:10.630+0000] {dag.py:4180} INFO - Setting next_dagrun for tutorial_dag to None, run_after=None
[2025-03-18T00:34:10.676+0000] {processor.py:208} INFO - Processing /home/airflow/.local/lib/python3.12/site-packages/airflow/example_dags/tutorial_dag.py took 0.159 seconds
[2025-03-18T00:34:40.965+0000] {processor.py:186} INFO - Started process (PID=50897) to work on /home/airflow/.local/lib/python3.12/site-packages/airflow/example_dags/tutorial_dag.py
[2025-03-18T00:34:40.967+0000] {processor.py:914} INFO - Processing file /home/airflow/.local/lib/python3.12/site-packages/airflow/example_dags/tutorial_dag.py for tasks to queue
[2025-03-18T00:34:40.970+0000] {logging_mixin.py:190} INFO - [2025-03-18T00:34:40.969+0000] {dagbag.py:588} INFO - Filling up the DagBag from /home/airflow/.local/lib/python3.12/site-packages/airflow/example_dags/tutorial_dag.py
[2025-03-18T00:34:40.984+0000] {processor.py:925} INFO - DAG(s) 'tutorial_dag' retrieved from /home/airflow/.local/lib/python3.12/site-packages/airflow/example_dags/tutorial_dag.py
[2025-03-18T00:34:41.016+0000] {logging_mixin.py:190} INFO - [2025-03-18T00:34:41.015+0000] {dag.py:3239} INFO - Sync 1 DAGs
[2025-03-18T00:34:41.043+0000] {logging_mixin.py:190} INFO - [2025-03-18T00:34:41.043+0000] {dag.py:4180} INFO - Setting next_dagrun for tutorial_dag to None, run_after=None
[2025-03-18T00:34:41.083+0000] {processor.py:208} INFO - Processing /home/airflow/.local/lib/python3.12/site-packages/airflow/example_dags/tutorial_dag.py took 0.127 seconds
[2025-03-18T00:35:11.850+0000] {processor.py:186} INFO - Started process (PID=50962) to work on /home/airflow/.local/lib/python3.12/site-packages/airflow/example_dags/tutorial_dag.py
[2025-03-18T00:35:11.852+0000] {processor.py:914} INFO - Processing file /home/airflow/.local/lib/python3.12/site-packages/airflow/example_dags/tutorial_dag.py for tasks to queue
[2025-03-18T00:35:11.854+0000] {logging_mixin.py:190} INFO - [2025-03-18T00:35:11.853+0000] {dagbag.py:588} INFO - Filling up the DagBag from /home/airflow/.local/lib/python3.12/site-packages/airflow/example_dags/tutorial_dag.py
[2025-03-18T00:35:11.865+0000] {processor.py:925} INFO - DAG(s) 'tutorial_dag' retrieved from /home/airflow/.local/lib/python3.12/site-packages/airflow/example_dags/tutorial_dag.py
[2025-03-18T00:35:11.891+0000] {logging_mixin.py:190} INFO - [2025-03-18T00:35:11.891+0000] {dag.py:3239} INFO - Sync 1 DAGs
[2025-03-18T00:35:11.910+0000] {logging_mixin.py:190} INFO - [2025-03-18T00:35:11.910+0000] {dag.py:4180} INFO - Setting next_dagrun for tutorial_dag to None, run_after=None
[2025-03-18T00:35:11.936+0000] {processor.py:208} INFO - Processing /home/airflow/.local/lib/python3.12/site-packages/airflow/example_dags/tutorial_dag.py took 0.094 seconds
[2025-03-18T00:35:42.940+0000] {processor.py:186} INFO - Started process (PID=51027) to work on /home/airflow/.local/lib/python3.12/site-packages/airflow/example_dags/tutorial_dag.py
[2025-03-18T00:35:42.942+0000] {processor.py:914} INFO - Processing file /home/airflow/.local/lib/python3.12/site-packages/airflow/example_dags/tutorial_dag.py for tasks to queue
[2025-03-18T00:35:42.945+0000] {logging_mixin.py:190} INFO - [2025-03-18T00:35:42.944+0000] {dagbag.py:588} INFO - Filling up the DagBag from /home/airflow/.local/lib/python3.12/site-packages/airflow/example_dags/tutorial_dag.py
[2025-03-18T00:35:42.961+0000] {processor.py:925} INFO - DAG(s) 'tutorial_dag' retrieved from /home/airflow/.local/lib/python3.12/site-packages/airflow/example_dags/tutorial_dag.py
[2025-03-18T00:35:42.990+0000] {logging_mixin.py:190} INFO - [2025-03-18T00:35:42.989+0000] {dag.py:3239} INFO - Sync 1 DAGs
[2025-03-18T00:35:43.019+0000] {logging_mixin.py:190} INFO - [2025-03-18T00:35:43.018+0000] {dag.py:4180} INFO - Setting next_dagrun for tutorial_dag to None, run_after=None
[2025-03-18T00:35:43.095+0000] {processor.py:208} INFO - Processing /home/airflow/.local/lib/python3.12/site-packages/airflow/example_dags/tutorial_dag.py took 0.164 seconds
[2025-03-18T00:36:13.369+0000] {processor.py:186} INFO - Started process (PID=51091) to work on /home/airflow/.local/lib/python3.12/site-packages/airflow/example_dags/tutorial_dag.py
[2025-03-18T00:36:13.372+0000] {processor.py:914} INFO - Processing file /home/airflow/.local/lib/python3.12/site-packages/airflow/example_dags/tutorial_dag.py for tasks to queue
[2025-03-18T00:36:13.374+0000] {logging_mixin.py:190} INFO - [2025-03-18T00:36:13.374+0000] {dagbag.py:588} INFO - Filling up the DagBag from /home/airflow/.local/lib/python3.12/site-packages/airflow/example_dags/tutorial_dag.py
[2025-03-18T00:36:13.386+0000] {processor.py:925} INFO - DAG(s) 'tutorial_dag' retrieved from /home/airflow/.local/lib/python3.12/site-packages/airflow/example_dags/tutorial_dag.py
[2025-03-18T00:36:13.424+0000] {logging_mixin.py:190} INFO - [2025-03-18T00:36:13.423+0000] {dag.py:3239} INFO - Sync 1 DAGs
[2025-03-18T00:36:13.451+0000] {logging_mixin.py:190} INFO - [2025-03-18T00:36:13.451+0000] {dag.py:4180} INFO - Setting next_dagrun for tutorial_dag to None, run_after=None
[2025-03-18T00:36:13.491+0000] {processor.py:208} INFO - Processing /home/airflow/.local/lib/python3.12/site-packages/airflow/example_dags/tutorial_dag.py took 0.133 seconds
[2025-03-18T00:36:43.675+0000] {processor.py:186} INFO - Started process (PID=51156) to work on /home/airflow/.local/lib/python3.12/site-packages/airflow/example_dags/tutorial_dag.py
[2025-03-18T00:36:43.676+0000] {processor.py:914} INFO - Processing file /home/airflow/.local/lib/python3.12/site-packages/airflow/example_dags/tutorial_dag.py for tasks to queue
[2025-03-18T00:36:43.678+0000] {logging_mixin.py:190} INFO - [2025-03-18T00:36:43.678+0000] {dagbag.py:588} INFO - Filling up the DagBag from /home/airflow/.local/lib/python3.12/site-packages/airflow/example_dags/tutorial_dag.py
[2025-03-18T00:36:43.692+0000] {processor.py:925} INFO - DAG(s) 'tutorial_dag' retrieved from /home/airflow/.local/lib/python3.12/site-packages/airflow/example_dags/tutorial_dag.py
[2025-03-18T00:36:43.720+0000] {logging_mixin.py:190} INFO - [2025-03-18T00:36:43.720+0000] {dag.py:3239} INFO - Sync 1 DAGs
[2025-03-18T00:36:43.740+0000] {logging_mixin.py:190} INFO - [2025-03-18T00:36:43.740+0000] {dag.py:4180} INFO - Setting next_dagrun for tutorial_dag to None, run_after=None
[2025-03-18T00:36:43.769+0000] {processor.py:208} INFO - Processing /home/airflow/.local/lib/python3.12/site-packages/airflow/example_dags/tutorial_dag.py took 0.102 seconds
[2025-03-18T00:37:13.987+0000] {processor.py:186} INFO - Started process (PID=51220) to work on /home/airflow/.local/lib/python3.12/site-packages/airflow/example_dags/tutorial_dag.py
[2025-03-18T00:37:13.989+0000] {processor.py:914} INFO - Processing file /home/airflow/.local/lib/python3.12/site-packages/airflow/example_dags/tutorial_dag.py for tasks to queue
[2025-03-18T00:37:13.992+0000] {logging_mixin.py:190} INFO - [2025-03-18T00:37:13.991+0000] {dagbag.py:588} INFO - Filling up the DagBag from /home/airflow/.local/lib/python3.12/site-packages/airflow/example_dags/tutorial_dag.py
[2025-03-18T00:37:14.002+0000] {processor.py:925} INFO - DAG(s) 'tutorial_dag' retrieved from /home/airflow/.local/lib/python3.12/site-packages/airflow/example_dags/tutorial_dag.py
[2025-03-18T00:37:14.032+0000] {logging_mixin.py:190} INFO - [2025-03-18T00:37:14.031+0000] {dag.py:3239} INFO - Sync 1 DAGs
[2025-03-18T00:37:14.060+0000] {logging_mixin.py:190} INFO - [2025-03-18T00:37:14.060+0000] {dag.py:4180} INFO - Setting next_dagrun for tutorial_dag to None, run_after=None
[2025-03-18T00:37:14.097+0000] {processor.py:208} INFO - Processing /home/airflow/.local/lib/python3.12/site-packages/airflow/example_dags/tutorial_dag.py took 0.122 seconds
[2025-03-18T00:37:44.641+0000] {processor.py:186} INFO - Started process (PID=51285) to work on /home/airflow/.local/lib/python3.12/site-packages/airflow/example_dags/tutorial_dag.py
[2025-03-18T00:37:44.643+0000] {processor.py:914} INFO - Processing file /home/airflow/.local/lib/python3.12/site-packages/airflow/example_dags/tutorial_dag.py for tasks to queue
[2025-03-18T00:37:44.645+0000] {logging_mixin.py:190} INFO - [2025-03-18T00:37:44.645+0000] {dagbag.py:588} INFO - Filling up the DagBag from /home/airflow/.local/lib/python3.12/site-packages/airflow/example_dags/tutorial_dag.py
[2025-03-18T00:37:44.658+0000] {processor.py:925} INFO - DAG(s) 'tutorial_dag' retrieved from /home/airflow/.local/lib/python3.12/site-packages/airflow/example_dags/tutorial_dag.py
[2025-03-18T00:37:44.699+0000] {logging_mixin.py:190} INFO - [2025-03-18T00:37:44.699+0000] {dag.py:3239} INFO - Sync 1 DAGs
[2025-03-18T00:37:44.721+0000] {logging_mixin.py:190} INFO - [2025-03-18T00:37:44.721+0000] {dag.py:4180} INFO - Setting next_dagrun for tutorial_dag to None, run_after=None
[2025-03-18T00:37:44.753+0000] {processor.py:208} INFO - Processing /home/airflow/.local/lib/python3.12/site-packages/airflow/example_dags/tutorial_dag.py took 0.121 seconds
[2025-03-18T00:38:15.730+0000] {processor.py:186} INFO - Started process (PID=51351) to work on /home/airflow/.local/lib/python3.12/site-packages/airflow/example_dags/tutorial_dag.py
[2025-03-18T00:38:15.732+0000] {processor.py:914} INFO - Processing file /home/airflow/.local/lib/python3.12/site-packages/airflow/example_dags/tutorial_dag.py for tasks to queue
[2025-03-18T00:38:15.735+0000] {logging_mixin.py:190} INFO - [2025-03-18T00:38:15.734+0000] {dagbag.py:588} INFO - Filling up the DagBag from /home/airflow/.local/lib/python3.12/site-packages/airflow/example_dags/tutorial_dag.py
[2025-03-18T00:38:15.753+0000] {processor.py:925} INFO - DAG(s) 'tutorial_dag' retrieved from /home/airflow/.local/lib/python3.12/site-packages/airflow/example_dags/tutorial_dag.py
[2025-03-18T00:38:15.783+0000] {logging_mixin.py:190} INFO - [2025-03-18T00:38:15.783+0000] {dag.py:3239} INFO - Sync 1 DAGs
[2025-03-18T00:38:15.804+0000] {logging_mixin.py:190} INFO - [2025-03-18T00:38:15.803+0000] {dag.py:4180} INFO - Setting next_dagrun for tutorial_dag to None, run_after=None
[2025-03-18T00:38:15.834+0000] {processor.py:208} INFO - Processing /home/airflow/.local/lib/python3.12/site-packages/airflow/example_dags/tutorial_dag.py took 0.115 seconds
[2025-03-18T00:39:45.393+0000] {processor.py:186} INFO - Started process (PID=51400) to work on /home/airflow/.local/lib/python3.12/site-packages/airflow/example_dags/tutorial_dag.py
[2025-03-18T00:39:45.407+0000] {processor.py:914} INFO - Processing file /home/airflow/.local/lib/python3.12/site-packages/airflow/example_dags/tutorial_dag.py for tasks to queue
[2025-03-18T00:39:45.413+0000] {logging_mixin.py:190} INFO - [2025-03-18T00:39:45.411+0000] {dagbag.py:588} INFO - Filling up the DagBag from /home/airflow/.local/lib/python3.12/site-packages/airflow/example_dags/tutorial_dag.py
[2025-03-18T00:39:45.475+0000] {processor.py:925} INFO - DAG(s) 'tutorial_dag' retrieved from /home/airflow/.local/lib/python3.12/site-packages/airflow/example_dags/tutorial_dag.py
[2025-03-18T00:39:45.592+0000] {logging_mixin.py:190} INFO - [2025-03-18T00:39:45.591+0000] {dag.py:3239} INFO - Sync 1 DAGs
[2025-03-18T00:39:45.699+0000] {logging_mixin.py:190} INFO - [2025-03-18T00:39:45.699+0000] {dag.py:4180} INFO - Setting next_dagrun for tutorial_dag to None, run_after=None
[2025-03-18T00:39:45.809+0000] {processor.py:208} INFO - Processing /home/airflow/.local/lib/python3.12/site-packages/airflow/example_dags/tutorial_dag.py took 0.453 seconds
