[2025-03-18T00:28:09.987+0000] {processor.py:186} INFO - Started process (PID=50647) to work on /home/airflow/.local/lib/python3.12/site-packages/airflow/example_dags/tutorial_objectstorage.py
[2025-03-18T00:28:10.015+0000] {processor.py:914} INFO - Processing file /home/airflow/.local/lib/python3.12/site-packages/airflow/example_dags/tutorial_objectstorage.py for tasks to queue
[2025-03-18T00:28:10.018+0000] {logging_mixin.py:190} INFO - [2025-03-18T00:28:10.018+0000] {dagbag.py:588} INFO - Filling up the DagBag from /home/airflow/.local/lib/python3.12/site-packages/airflow/example_dags/tutorial_objectstorage.py
[2025-03-18T00:28:10.080+0000] {processor.py:925} INFO - DAG(s) 'tutorial_objectstorage' retrieved from /home/airflow/.local/lib/python3.12/site-packages/airflow/example_dags/tutorial_objectstorage.py
[2025-03-18T00:28:10.194+0000] {logging_mixin.py:190} INFO - [2025-03-18T00:28:10.194+0000] {dag.py:3239} INFO - Sync 1 DAGs
[2025-03-18T00:28:10.305+0000] {logging_mixin.py:190} INFO - [2025-03-18T00:28:10.305+0000] {dag.py:4180} INFO - Setting next_dagrun for tutorial_objectstorage to None, run_after=None
[2025-03-18T00:28:10.437+0000] {processor.py:208} INFO - Processing /home/airflow/.local/lib/python3.12/site-packages/airflow/example_dags/tutorial_objectstorage.py took 0.472 seconds
[2025-03-18T00:33:09.355+0000] {processor.py:186} INFO - Started process (PID=50712) to work on /home/airflow/.local/lib/python3.12/site-packages/airflow/example_dags/tutorial_objectstorage.py
[2025-03-18T00:33:09.359+0000] {processor.py:914} INFO - Processing file /home/airflow/.local/lib/python3.12/site-packages/airflow/example_dags/tutorial_objectstorage.py for tasks to queue
[2025-03-18T00:33:09.369+0000] {logging_mixin.py:190} INFO - [2025-03-18T00:33:09.363+0000] {dagbag.py:588} INFO - Filling up the DagBag from /home/airflow/.local/lib/python3.12/site-packages/airflow/example_dags/tutorial_objectstorage.py
[2025-03-18T00:33:09.407+0000] {processor.py:925} INFO - DAG(s) 'tutorial_objectstorage' retrieved from /home/airflow/.local/lib/python3.12/site-packages/airflow/example_dags/tutorial_objectstorage.py
[2025-03-18T00:33:09.491+0000] {logging_mixin.py:190} INFO - [2025-03-18T00:33:09.490+0000] {dag.py:3239} INFO - Sync 1 DAGs
[2025-03-18T00:33:09.556+0000] {logging_mixin.py:190} INFO - [2025-03-18T00:33:09.555+0000] {dag.py:4180} INFO - Setting next_dagrun for tutorial_objectstorage to None, run_after=None
[2025-03-18T00:33:09.658+0000] {processor.py:208} INFO - Processing /home/airflow/.local/lib/python3.12/site-packages/airflow/example_dags/tutorial_objectstorage.py took 0.322 seconds
[2025-03-18T00:33:40.608+0000] {processor.py:186} INFO - Started process (PID=50777) to work on /home/airflow/.local/lib/python3.12/site-packages/airflow/example_dags/tutorial_objectstorage.py
[2025-03-18T00:33:40.609+0000] {processor.py:914} INFO - Processing file /home/airflow/.local/lib/python3.12/site-packages/airflow/example_dags/tutorial_objectstorage.py for tasks to queue
[2025-03-18T00:33:40.611+0000] {logging_mixin.py:190} INFO - [2025-03-18T00:33:40.610+0000] {dagbag.py:588} INFO - Filling up the DagBag from /home/airflow/.local/lib/python3.12/site-packages/airflow/example_dags/tutorial_objectstorage.py
[2025-03-18T00:33:40.623+0000] {processor.py:925} INFO - DAG(s) 'tutorial_objectstorage' retrieved from /home/airflow/.local/lib/python3.12/site-packages/airflow/example_dags/tutorial_objectstorage.py
[2025-03-18T00:33:40.647+0000] {logging_mixin.py:190} INFO - [2025-03-18T00:33:40.646+0000] {dag.py:3239} INFO - Sync 1 DAGs
[2025-03-18T00:33:40.666+0000] {logging_mixin.py:190} INFO - [2025-03-18T00:33:40.665+0000] {dag.py:4180} INFO - Setting next_dagrun for tutorial_objectstorage to None, run_after=None
[2025-03-18T00:33:40.692+0000] {processor.py:208} INFO - Processing /home/airflow/.local/lib/python3.12/site-packages/airflow/example_dags/tutorial_objectstorage.py took 0.091 seconds
[2025-03-18T00:34:11.623+0000] {processor.py:186} INFO - Started process (PID=50842) to work on /home/airflow/.local/lib/python3.12/site-packages/airflow/example_dags/tutorial_objectstorage.py
[2025-03-18T00:34:11.624+0000] {processor.py:914} INFO - Processing file /home/airflow/.local/lib/python3.12/site-packages/airflow/example_dags/tutorial_objectstorage.py for tasks to queue
[2025-03-18T00:34:11.627+0000] {logging_mixin.py:190} INFO - [2025-03-18T00:34:11.626+0000] {dagbag.py:588} INFO - Filling up the DagBag from /home/airflow/.local/lib/python3.12/site-packages/airflow/example_dags/tutorial_objectstorage.py
[2025-03-18T00:34:11.643+0000] {processor.py:925} INFO - DAG(s) 'tutorial_objectstorage' retrieved from /home/airflow/.local/lib/python3.12/site-packages/airflow/example_dags/tutorial_objectstorage.py
[2025-03-18T00:34:11.669+0000] {logging_mixin.py:190} INFO - [2025-03-18T00:34:11.669+0000] {dag.py:3239} INFO - Sync 1 DAGs
[2025-03-18T00:34:11.687+0000] {logging_mixin.py:190} INFO - [2025-03-18T00:34:11.687+0000] {dag.py:4180} INFO - Setting next_dagrun for tutorial_objectstorage to None, run_after=None
[2025-03-18T00:34:11.719+0000] {processor.py:208} INFO - Processing /home/airflow/.local/lib/python3.12/site-packages/airflow/example_dags/tutorial_objectstorage.py took 0.103 seconds
[2025-03-18T00:34:42.287+0000] {processor.py:186} INFO - Started process (PID=50904) to work on /home/airflow/.local/lib/python3.12/site-packages/airflow/example_dags/tutorial_objectstorage.py
[2025-03-18T00:34:42.288+0000] {processor.py:914} INFO - Processing file /home/airflow/.local/lib/python3.12/site-packages/airflow/example_dags/tutorial_objectstorage.py for tasks to queue
[2025-03-18T00:34:42.291+0000] {logging_mixin.py:190} INFO - [2025-03-18T00:34:42.290+0000] {dagbag.py:588} INFO - Filling up the DagBag from /home/airflow/.local/lib/python3.12/site-packages/airflow/example_dags/tutorial_objectstorage.py
[2025-03-18T00:34:42.306+0000] {processor.py:925} INFO - DAG(s) 'tutorial_objectstorage' retrieved from /home/airflow/.local/lib/python3.12/site-packages/airflow/example_dags/tutorial_objectstorage.py
[2025-03-18T00:34:42.339+0000] {logging_mixin.py:190} INFO - [2025-03-18T00:34:42.339+0000] {dag.py:3239} INFO - Sync 1 DAGs
[2025-03-18T00:34:42.367+0000] {logging_mixin.py:190} INFO - [2025-03-18T00:34:42.366+0000] {dag.py:4180} INFO - Setting next_dagrun for tutorial_objectstorage to None, run_after=None
[2025-03-18T00:34:42.417+0000] {processor.py:208} INFO - Processing /home/airflow/.local/lib/python3.12/site-packages/airflow/example_dags/tutorial_objectstorage.py took 0.141 seconds
[2025-03-18T00:35:12.536+0000] {processor.py:186} INFO - Started process (PID=50968) to work on /home/airflow/.local/lib/python3.12/site-packages/airflow/example_dags/tutorial_objectstorage.py
[2025-03-18T00:35:12.538+0000] {processor.py:914} INFO - Processing file /home/airflow/.local/lib/python3.12/site-packages/airflow/example_dags/tutorial_objectstorage.py for tasks to queue
[2025-03-18T00:35:12.539+0000] {logging_mixin.py:190} INFO - [2025-03-18T00:35:12.539+0000] {dagbag.py:588} INFO - Filling up the DagBag from /home/airflow/.local/lib/python3.12/site-packages/airflow/example_dags/tutorial_objectstorage.py
[2025-03-18T00:35:12.553+0000] {processor.py:925} INFO - DAG(s) 'tutorial_objectstorage' retrieved from /home/airflow/.local/lib/python3.12/site-packages/airflow/example_dags/tutorial_objectstorage.py
[2025-03-18T00:35:12.580+0000] {logging_mixin.py:190} INFO - [2025-03-18T00:35:12.580+0000] {dag.py:3239} INFO - Sync 1 DAGs
[2025-03-18T00:35:12.599+0000] {logging_mixin.py:190} INFO - [2025-03-18T00:35:12.599+0000] {dag.py:4180} INFO - Setting next_dagrun for tutorial_objectstorage to None, run_after=None
[2025-03-18T00:35:12.635+0000] {processor.py:208} INFO - Processing /home/airflow/.local/lib/python3.12/site-packages/airflow/example_dags/tutorial_objectstorage.py took 0.106 seconds
[2025-03-18T00:35:43.787+0000] {processor.py:186} INFO - Started process (PID=51033) to work on /home/airflow/.local/lib/python3.12/site-packages/airflow/example_dags/tutorial_objectstorage.py
[2025-03-18T00:35:43.789+0000] {processor.py:914} INFO - Processing file /home/airflow/.local/lib/python3.12/site-packages/airflow/example_dags/tutorial_objectstorage.py for tasks to queue
[2025-03-18T00:35:43.791+0000] {logging_mixin.py:190} INFO - [2025-03-18T00:35:43.790+0000] {dagbag.py:588} INFO - Filling up the DagBag from /home/airflow/.local/lib/python3.12/site-packages/airflow/example_dags/tutorial_objectstorage.py
[2025-03-18T00:35:43.805+0000] {processor.py:925} INFO - DAG(s) 'tutorial_objectstorage' retrieved from /home/airflow/.local/lib/python3.12/site-packages/airflow/example_dags/tutorial_objectstorage.py
[2025-03-18T00:35:43.833+0000] {logging_mixin.py:190} INFO - [2025-03-18T00:35:43.832+0000] {dag.py:3239} INFO - Sync 1 DAGs
[2025-03-18T00:35:43.855+0000] {logging_mixin.py:190} INFO - [2025-03-18T00:35:43.854+0000] {dag.py:4180} INFO - Setting next_dagrun for tutorial_objectstorage to None, run_after=None
[2025-03-18T00:35:43.887+0000] {processor.py:208} INFO - Processing /home/airflow/.local/lib/python3.12/site-packages/airflow/example_dags/tutorial_objectstorage.py took 0.109 seconds
[2025-03-18T00:36:14.189+0000] {processor.py:186} INFO - Started process (PID=51098) to work on /home/airflow/.local/lib/python3.12/site-packages/airflow/example_dags/tutorial_objectstorage.py
[2025-03-18T00:36:14.191+0000] {processor.py:914} INFO - Processing file /home/airflow/.local/lib/python3.12/site-packages/airflow/example_dags/tutorial_objectstorage.py for tasks to queue
[2025-03-18T00:36:14.194+0000] {logging_mixin.py:190} INFO - [2025-03-18T00:36:14.193+0000] {dagbag.py:588} INFO - Filling up the DagBag from /home/airflow/.local/lib/python3.12/site-packages/airflow/example_dags/tutorial_objectstorage.py
[2025-03-18T00:36:14.211+0000] {processor.py:925} INFO - DAG(s) 'tutorial_objectstorage' retrieved from /home/airflow/.local/lib/python3.12/site-packages/airflow/example_dags/tutorial_objectstorage.py
[2025-03-18T00:36:14.245+0000] {logging_mixin.py:190} INFO - [2025-03-18T00:36:14.244+0000] {dag.py:3239} INFO - Sync 1 DAGs
[2025-03-18T00:36:14.265+0000] {logging_mixin.py:190} INFO - [2025-03-18T00:36:14.264+0000] {dag.py:4180} INFO - Setting next_dagrun for tutorial_objectstorage to None, run_after=None
[2025-03-18T00:36:14.297+0000] {processor.py:208} INFO - Processing /home/airflow/.local/lib/python3.12/site-packages/airflow/example_dags/tutorial_objectstorage.py took 0.117 seconds
[2025-03-18T00:36:44.522+0000] {processor.py:186} INFO - Started process (PID=51163) to work on /home/airflow/.local/lib/python3.12/site-packages/airflow/example_dags/tutorial_objectstorage.py
[2025-03-18T00:36:44.523+0000] {processor.py:914} INFO - Processing file /home/airflow/.local/lib/python3.12/site-packages/airflow/example_dags/tutorial_objectstorage.py for tasks to queue
[2025-03-18T00:36:44.525+0000] {logging_mixin.py:190} INFO - [2025-03-18T00:36:44.525+0000] {dagbag.py:588} INFO - Filling up the DagBag from /home/airflow/.local/lib/python3.12/site-packages/airflow/example_dags/tutorial_objectstorage.py
[2025-03-18T00:36:44.541+0000] {processor.py:925} INFO - DAG(s) 'tutorial_objectstorage' retrieved from /home/airflow/.local/lib/python3.12/site-packages/airflow/example_dags/tutorial_objectstorage.py
[2025-03-18T00:36:44.567+0000] {logging_mixin.py:190} INFO - [2025-03-18T00:36:44.566+0000] {dag.py:3239} INFO - Sync 1 DAGs
[2025-03-18T00:36:44.586+0000] {logging_mixin.py:190} INFO - [2025-03-18T00:36:44.585+0000] {dag.py:4180} INFO - Setting next_dagrun for tutorial_objectstorage to None, run_after=None
[2025-03-18T00:36:44.616+0000] {processor.py:208} INFO - Processing /home/airflow/.local/lib/python3.12/site-packages/airflow/example_dags/tutorial_objectstorage.py took 0.102 seconds
[2025-03-18T00:37:15.240+0000] {processor.py:186} INFO - Started process (PID=51228) to work on /home/airflow/.local/lib/python3.12/site-packages/airflow/example_dags/tutorial_objectstorage.py
[2025-03-18T00:37:15.241+0000] {processor.py:914} INFO - Processing file /home/airflow/.local/lib/python3.12/site-packages/airflow/example_dags/tutorial_objectstorage.py for tasks to queue
[2025-03-18T00:37:15.243+0000] {logging_mixin.py:190} INFO - [2025-03-18T00:37:15.243+0000] {dagbag.py:588} INFO - Filling up the DagBag from /home/airflow/.local/lib/python3.12/site-packages/airflow/example_dags/tutorial_objectstorage.py
[2025-03-18T00:37:15.260+0000] {processor.py:925} INFO - DAG(s) 'tutorial_objectstorage' retrieved from /home/airflow/.local/lib/python3.12/site-packages/airflow/example_dags/tutorial_objectstorage.py
[2025-03-18T00:37:15.290+0000] {logging_mixin.py:190} INFO - [2025-03-18T00:37:15.289+0000] {dag.py:3239} INFO - Sync 1 DAGs
[2025-03-18T00:37:15.314+0000] {logging_mixin.py:190} INFO - [2025-03-18T00:37:15.313+0000] {dag.py:4180} INFO - Setting next_dagrun for tutorial_objectstorage to None, run_after=None
[2025-03-18T00:37:15.343+0000] {processor.py:208} INFO - Processing /home/airflow/.local/lib/python3.12/site-packages/airflow/example_dags/tutorial_objectstorage.py took 0.111 seconds
[2025-03-18T00:37:45.671+0000] {processor.py:186} INFO - Started process (PID=51292) to work on /home/airflow/.local/lib/python3.12/site-packages/airflow/example_dags/tutorial_objectstorage.py
[2025-03-18T00:37:45.673+0000] {processor.py:914} INFO - Processing file /home/airflow/.local/lib/python3.12/site-packages/airflow/example_dags/tutorial_objectstorage.py for tasks to queue
[2025-03-18T00:37:45.675+0000] {logging_mixin.py:190} INFO - [2025-03-18T00:37:45.674+0000] {dagbag.py:588} INFO - Filling up the DagBag from /home/airflow/.local/lib/python3.12/site-packages/airflow/example_dags/tutorial_objectstorage.py
[2025-03-18T00:37:45.694+0000] {processor.py:925} INFO - DAG(s) 'tutorial_objectstorage' retrieved from /home/airflow/.local/lib/python3.12/site-packages/airflow/example_dags/tutorial_objectstorage.py
[2025-03-18T00:37:45.727+0000] {logging_mixin.py:190} INFO - [2025-03-18T00:37:45.727+0000] {dag.py:3239} INFO - Sync 1 DAGs
[2025-03-18T00:37:45.750+0000] {logging_mixin.py:190} INFO - [2025-03-18T00:37:45.750+0000] {dag.py:4180} INFO - Setting next_dagrun for tutorial_objectstorage to None, run_after=None
[2025-03-18T00:37:45.784+0000] {processor.py:208} INFO - Processing /home/airflow/.local/lib/python3.12/site-packages/airflow/example_dags/tutorial_objectstorage.py took 0.123 seconds
[2025-03-18T00:38:16.552+0000] {processor.py:186} INFO - Started process (PID=51357) to work on /home/airflow/.local/lib/python3.12/site-packages/airflow/example_dags/tutorial_objectstorage.py
[2025-03-18T00:38:16.553+0000] {processor.py:914} INFO - Processing file /home/airflow/.local/lib/python3.12/site-packages/airflow/example_dags/tutorial_objectstorage.py for tasks to queue
[2025-03-18T00:38:16.556+0000] {logging_mixin.py:190} INFO - [2025-03-18T00:38:16.555+0000] {dagbag.py:588} INFO - Filling up the DagBag from /home/airflow/.local/lib/python3.12/site-packages/airflow/example_dags/tutorial_objectstorage.py
[2025-03-18T00:38:16.570+0000] {processor.py:925} INFO - DAG(s) 'tutorial_objectstorage' retrieved from /home/airflow/.local/lib/python3.12/site-packages/airflow/example_dags/tutorial_objectstorage.py
[2025-03-18T00:38:16.598+0000] {logging_mixin.py:190} INFO - [2025-03-18T00:38:16.598+0000] {dag.py:3239} INFO - Sync 1 DAGs
[2025-03-18T00:38:16.629+0000] {logging_mixin.py:190} INFO - [2025-03-18T00:38:16.629+0000] {dag.py:4180} INFO - Setting next_dagrun for tutorial_objectstorage to None, run_after=None
[2025-03-18T00:38:16.680+0000] {processor.py:208} INFO - Processing /home/airflow/.local/lib/python3.12/site-packages/airflow/example_dags/tutorial_objectstorage.py took 0.137 seconds
[2025-03-18T00:39:46.572+0000] {processor.py:186} INFO - Started process (PID=51406) to work on /home/airflow/.local/lib/python3.12/site-packages/airflow/example_dags/tutorial_objectstorage.py
[2025-03-18T00:39:46.584+0000] {processor.py:914} INFO - Processing file /home/airflow/.local/lib/python3.12/site-packages/airflow/example_dags/tutorial_objectstorage.py for tasks to queue
[2025-03-18T00:39:46.588+0000] {logging_mixin.py:190} INFO - [2025-03-18T00:39:46.587+0000] {dagbag.py:588} INFO - Filling up the DagBag from /home/airflow/.local/lib/python3.12/site-packages/airflow/example_dags/tutorial_objectstorage.py
[2025-03-18T00:39:46.616+0000] {processor.py:925} INFO - DAG(s) 'tutorial_objectstorage' retrieved from /home/airflow/.local/lib/python3.12/site-packages/airflow/example_dags/tutorial_objectstorage.py
[2025-03-18T00:39:46.692+0000] {logging_mixin.py:190} INFO - [2025-03-18T00:39:46.692+0000] {dag.py:3239} INFO - Sync 1 DAGs
[2025-03-18T00:39:46.753+0000] {logging_mixin.py:190} INFO - [2025-03-18T00:39:46.753+0000] {dag.py:4180} INFO - Setting next_dagrun for tutorial_objectstorage to None, run_after=None
[2025-03-18T00:39:46.832+0000] {processor.py:208} INFO - Processing /home/airflow/.local/lib/python3.12/site-packages/airflow/example_dags/tutorial_objectstorage.py took 0.281 seconds
