[2025-03-18T00:33:07.284+0000] {processor.py:186} INFO - Started process (PID=50691) to work on /home/airflow/.local/lib/python3.12/site-packages/airflow/example_dags/tutorial_taskflow_templates.py
[2025-03-18T00:33:07.287+0000] {processor.py:914} INFO - Processing file /home/airflow/.local/lib/python3.12/site-packages/airflow/example_dags/tutorial_taskflow_templates.py for tasks to queue
[2025-03-18T00:33:07.291+0000] {logging_mixin.py:190} INFO - [2025-03-18T00:33:07.290+0000] {dagbag.py:588} INFO - Filling up the DagBag from /home/airflow/.local/lib/python3.12/site-packages/airflow/example_dags/tutorial_taskflow_templates.py
[2025-03-18T00:33:07.323+0000] {processor.py:925} INFO - DAG(s) 'tutorial_taskflow_templates' retrieved from /home/airflow/.local/lib/python3.12/site-packages/airflow/example_dags/tutorial_taskflow_templates.py
[2025-03-18T00:33:07.374+0000] {logging_mixin.py:190} INFO - [2025-03-18T00:33:07.373+0000] {dag.py:3239} INFO - Sync 1 DAGs
[2025-03-18T00:33:07.428+0000] {logging_mixin.py:190} INFO - [2025-03-18T00:33:07.428+0000] {dag.py:4180} INFO - Setting next_dagrun for tutorial_taskflow_templates to 2025-03-17 00:00:00+00:00, run_after=2025-03-18 00:00:00+00:00
[2025-03-18T00:33:07.491+0000] {processor.py:208} INFO - Processing /home/airflow/.local/lib/python3.12/site-packages/airflow/example_dags/tutorial_taskflow_templates.py took 0.219 seconds
[2025-03-18T00:33:37.815+0000] {processor.py:186} INFO - Started process (PID=50755) to work on /home/airflow/.local/lib/python3.12/site-packages/airflow/example_dags/tutorial_taskflow_templates.py
[2025-03-18T00:33:37.816+0000] {processor.py:914} INFO - Processing file /home/airflow/.local/lib/python3.12/site-packages/airflow/example_dags/tutorial_taskflow_templates.py for tasks to queue
[2025-03-18T00:33:37.819+0000] {logging_mixin.py:190} INFO - [2025-03-18T00:33:37.818+0000] {dagbag.py:588} INFO - Filling up the DagBag from /home/airflow/.local/lib/python3.12/site-packages/airflow/example_dags/tutorial_taskflow_templates.py
[2025-03-18T00:33:37.837+0000] {processor.py:925} INFO - DAG(s) 'tutorial_taskflow_templates' retrieved from /home/airflow/.local/lib/python3.12/site-packages/airflow/example_dags/tutorial_taskflow_templates.py
[2025-03-18T00:33:37.872+0000] {logging_mixin.py:190} INFO - [2025-03-18T00:33:37.872+0000] {dag.py:3239} INFO - Sync 1 DAGs
[2025-03-18T00:33:37.941+0000] {logging_mixin.py:190} INFO - [2025-03-18T00:33:37.940+0000] {dag.py:4180} INFO - Setting next_dagrun for tutorial_taskflow_templates to 2025-03-17 00:00:00+00:00, run_after=2025-03-18 00:00:00+00:00
[2025-03-18T00:33:38.002+0000] {processor.py:208} INFO - Processing /home/airflow/.local/lib/python3.12/site-packages/airflow/example_dags/tutorial_taskflow_templates.py took 0.195 seconds
[2025-03-18T00:34:08.574+0000] {processor.py:186} INFO - Started process (PID=50825) to work on /home/airflow/.local/lib/python3.12/site-packages/airflow/example_dags/tutorial_taskflow_templates.py
[2025-03-18T00:34:08.576+0000] {processor.py:914} INFO - Processing file /home/airflow/.local/lib/python3.12/site-packages/airflow/example_dags/tutorial_taskflow_templates.py for tasks to queue
[2025-03-18T00:34:08.579+0000] {logging_mixin.py:190} INFO - [2025-03-18T00:34:08.578+0000] {dagbag.py:588} INFO - Filling up the DagBag from /home/airflow/.local/lib/python3.12/site-packages/airflow/example_dags/tutorial_taskflow_templates.py
[2025-03-18T00:34:08.607+0000] {processor.py:925} INFO - DAG(s) 'tutorial_taskflow_templates' retrieved from /home/airflow/.local/lib/python3.12/site-packages/airflow/example_dags/tutorial_taskflow_templates.py
[2025-03-18T00:34:08.653+0000] {logging_mixin.py:190} INFO - [2025-03-18T00:34:08.653+0000] {dag.py:3239} INFO - Sync 1 DAGs
[2025-03-18T00:34:08.698+0000] {logging_mixin.py:190} INFO - [2025-03-18T00:34:08.698+0000] {dag.py:4180} INFO - Setting next_dagrun for tutorial_taskflow_templates to 2025-03-17 00:00:00+00:00, run_after=2025-03-18 00:00:00+00:00
[2025-03-18T00:34:08.755+0000] {processor.py:208} INFO - Processing /home/airflow/.local/lib/python3.12/site-packages/airflow/example_dags/tutorial_taskflow_templates.py took 0.189 seconds
[2025-03-18T00:34:38.954+0000] {processor.py:186} INFO - Started process (PID=50890) to work on /home/airflow/.local/lib/python3.12/site-packages/airflow/example_dags/tutorial_taskflow_templates.py
[2025-03-18T00:34:38.957+0000] {processor.py:914} INFO - Processing file /home/airflow/.local/lib/python3.12/site-packages/airflow/example_dags/tutorial_taskflow_templates.py for tasks to queue
[2025-03-18T00:34:38.960+0000] {logging_mixin.py:190} INFO - [2025-03-18T00:34:38.959+0000] {dagbag.py:588} INFO - Filling up the DagBag from /home/airflow/.local/lib/python3.12/site-packages/airflow/example_dags/tutorial_taskflow_templates.py
[2025-03-18T00:34:38.985+0000] {processor.py:925} INFO - DAG(s) 'tutorial_taskflow_templates' retrieved from /home/airflow/.local/lib/python3.12/site-packages/airflow/example_dags/tutorial_taskflow_templates.py
[2025-03-18T00:34:39.030+0000] {logging_mixin.py:190} INFO - [2025-03-18T00:34:39.029+0000] {dag.py:3239} INFO - Sync 1 DAGs
[2025-03-18T00:34:39.088+0000] {logging_mixin.py:190} INFO - [2025-03-18T00:34:39.088+0000] {dag.py:4180} INFO - Setting next_dagrun for tutorial_taskflow_templates to 2025-03-17 00:00:00+00:00, run_after=2025-03-18 00:00:00+00:00
[2025-03-18T00:34:39.138+0000] {processor.py:208} INFO - Processing /home/airflow/.local/lib/python3.12/site-packages/airflow/example_dags/tutorial_taskflow_templates.py took 0.194 seconds
[2025-03-18T00:35:09.234+0000] {processor.py:186} INFO - Started process (PID=50955) to work on /home/airflow/.local/lib/python3.12/site-packages/airflow/example_dags/tutorial_taskflow_templates.py
[2025-03-18T00:35:09.236+0000] {processor.py:914} INFO - Processing file /home/airflow/.local/lib/python3.12/site-packages/airflow/example_dags/tutorial_taskflow_templates.py for tasks to queue
[2025-03-18T00:35:09.238+0000] {logging_mixin.py:190} INFO - [2025-03-18T00:35:09.237+0000] {dagbag.py:588} INFO - Filling up the DagBag from /home/airflow/.local/lib/python3.12/site-packages/airflow/example_dags/tutorial_taskflow_templates.py
[2025-03-18T00:35:09.255+0000] {processor.py:925} INFO - DAG(s) 'tutorial_taskflow_templates' retrieved from /home/airflow/.local/lib/python3.12/site-packages/airflow/example_dags/tutorial_taskflow_templates.py
[2025-03-18T00:35:09.282+0000] {logging_mixin.py:190} INFO - [2025-03-18T00:35:09.282+0000] {dag.py:3239} INFO - Sync 1 DAGs
[2025-03-18T00:35:09.317+0000] {logging_mixin.py:190} INFO - [2025-03-18T00:35:09.317+0000] {dag.py:4180} INFO - Setting next_dagrun for tutorial_taskflow_templates to 2025-03-17 00:00:00+00:00, run_after=2025-03-18 00:00:00+00:00
[2025-03-18T00:35:09.350+0000] {processor.py:208} INFO - Processing /home/airflow/.local/lib/python3.12/site-packages/airflow/example_dags/tutorial_taskflow_templates.py took 0.124 seconds
[2025-03-18T00:35:39.602+0000] {processor.py:186} INFO - Started process (PID=51019) to work on /home/airflow/.local/lib/python3.12/site-packages/airflow/example_dags/tutorial_taskflow_templates.py
[2025-03-18T00:35:39.604+0000] {processor.py:914} INFO - Processing file /home/airflow/.local/lib/python3.12/site-packages/airflow/example_dags/tutorial_taskflow_templates.py for tasks to queue
[2025-03-18T00:35:39.608+0000] {logging_mixin.py:190} INFO - [2025-03-18T00:35:39.607+0000] {dagbag.py:588} INFO - Filling up the DagBag from /home/airflow/.local/lib/python3.12/site-packages/airflow/example_dags/tutorial_taskflow_templates.py
[2025-03-18T00:35:39.636+0000] {processor.py:925} INFO - DAG(s) 'tutorial_taskflow_templates' retrieved from /home/airflow/.local/lib/python3.12/site-packages/airflow/example_dags/tutorial_taskflow_templates.py
[2025-03-18T00:35:39.688+0000] {logging_mixin.py:190} INFO - [2025-03-18T00:35:39.687+0000] {dag.py:3239} INFO - Sync 1 DAGs
[2025-03-18T00:35:39.745+0000] {logging_mixin.py:190} INFO - [2025-03-18T00:35:39.744+0000] {dag.py:4180} INFO - Setting next_dagrun for tutorial_taskflow_templates to 2025-03-17 00:00:00+00:00, run_after=2025-03-18 00:00:00+00:00
[2025-03-18T00:35:39.784+0000] {processor.py:208} INFO - Processing /home/airflow/.local/lib/python3.12/site-packages/airflow/example_dags/tutorial_taskflow_templates.py took 0.196 seconds
[2025-03-18T00:36:09.926+0000] {processor.py:186} INFO - Started process (PID=51085) to work on /home/airflow/.local/lib/python3.12/site-packages/airflow/example_dags/tutorial_taskflow_templates.py
[2025-03-18T00:36:09.928+0000] {processor.py:914} INFO - Processing file /home/airflow/.local/lib/python3.12/site-packages/airflow/example_dags/tutorial_taskflow_templates.py for tasks to queue
[2025-03-18T00:36:09.930+0000] {logging_mixin.py:190} INFO - [2025-03-18T00:36:09.930+0000] {dagbag.py:588} INFO - Filling up the DagBag from /home/airflow/.local/lib/python3.12/site-packages/airflow/example_dags/tutorial_taskflow_templates.py
[2025-03-18T00:36:09.948+0000] {processor.py:925} INFO - DAG(s) 'tutorial_taskflow_templates' retrieved from /home/airflow/.local/lib/python3.12/site-packages/airflow/example_dags/tutorial_taskflow_templates.py
[2025-03-18T00:36:09.978+0000] {logging_mixin.py:190} INFO - [2025-03-18T00:36:09.978+0000] {dag.py:3239} INFO - Sync 1 DAGs
[2025-03-18T00:36:10.014+0000] {logging_mixin.py:190} INFO - [2025-03-18T00:36:10.014+0000] {dag.py:4180} INFO - Setting next_dagrun for tutorial_taskflow_templates to 2025-03-17 00:00:00+00:00, run_after=2025-03-18 00:00:00+00:00
[2025-03-18T00:36:10.043+0000] {processor.py:208} INFO - Processing /home/airflow/.local/lib/python3.12/site-packages/airflow/example_dags/tutorial_taskflow_templates.py took 0.125 seconds
[2025-03-18T00:36:40.128+0000] {processor.py:186} INFO - Started process (PID=51150) to work on /home/airflow/.local/lib/python3.12/site-packages/airflow/example_dags/tutorial_taskflow_templates.py
[2025-03-18T00:36:40.130+0000] {processor.py:914} INFO - Processing file /home/airflow/.local/lib/python3.12/site-packages/airflow/example_dags/tutorial_taskflow_templates.py for tasks to queue
[2025-03-18T00:36:40.133+0000] {logging_mixin.py:190} INFO - [2025-03-18T00:36:40.132+0000] {dagbag.py:588} INFO - Filling up the DagBag from /home/airflow/.local/lib/python3.12/site-packages/airflow/example_dags/tutorial_taskflow_templates.py
[2025-03-18T00:36:40.151+0000] {processor.py:925} INFO - DAG(s) 'tutorial_taskflow_templates' retrieved from /home/airflow/.local/lib/python3.12/site-packages/airflow/example_dags/tutorial_taskflow_templates.py
[2025-03-18T00:36:40.182+0000] {logging_mixin.py:190} INFO - [2025-03-18T00:36:40.181+0000] {dag.py:3239} INFO - Sync 1 DAGs
[2025-03-18T00:36:40.218+0000] {logging_mixin.py:190} INFO - [2025-03-18T00:36:40.218+0000] {dag.py:4180} INFO - Setting next_dagrun for tutorial_taskflow_templates to 2025-03-17 00:00:00+00:00, run_after=2025-03-18 00:00:00+00:00
[2025-03-18T00:36:40.264+0000] {processor.py:208} INFO - Processing /home/airflow/.local/lib/python3.12/site-packages/airflow/example_dags/tutorial_taskflow_templates.py took 0.143 seconds
[2025-03-18T00:37:10.580+0000] {processor.py:186} INFO - Started process (PID=51215) to work on /home/airflow/.local/lib/python3.12/site-packages/airflow/example_dags/tutorial_taskflow_templates.py
[2025-03-18T00:37:10.582+0000] {processor.py:914} INFO - Processing file /home/airflow/.local/lib/python3.12/site-packages/airflow/example_dags/tutorial_taskflow_templates.py for tasks to queue
[2025-03-18T00:37:10.584+0000] {logging_mixin.py:190} INFO - [2025-03-18T00:37:10.584+0000] {dagbag.py:588} INFO - Filling up the DagBag from /home/airflow/.local/lib/python3.12/site-packages/airflow/example_dags/tutorial_taskflow_templates.py
[2025-03-18T00:37:10.602+0000] {processor.py:925} INFO - DAG(s) 'tutorial_taskflow_templates' retrieved from /home/airflow/.local/lib/python3.12/site-packages/airflow/example_dags/tutorial_taskflow_templates.py
[2025-03-18T00:37:10.636+0000] {logging_mixin.py:190} INFO - [2025-03-18T00:37:10.636+0000] {dag.py:3239} INFO - Sync 1 DAGs
[2025-03-18T00:37:10.676+0000] {logging_mixin.py:190} INFO - [2025-03-18T00:37:10.675+0000] {dag.py:4180} INFO - Setting next_dagrun for tutorial_taskflow_templates to 2025-03-17 00:00:00+00:00, run_after=2025-03-18 00:00:00+00:00
[2025-03-18T00:37:10.707+0000] {processor.py:208} INFO - Processing /home/airflow/.local/lib/python3.12/site-packages/airflow/example_dags/tutorial_taskflow_templates.py took 0.134 seconds
[2025-03-18T00:37:41.224+0000] {processor.py:186} INFO - Started process (PID=51279) to work on /home/airflow/.local/lib/python3.12/site-packages/airflow/example_dags/tutorial_taskflow_templates.py
[2025-03-18T00:37:41.225+0000] {processor.py:914} INFO - Processing file /home/airflow/.local/lib/python3.12/site-packages/airflow/example_dags/tutorial_taskflow_templates.py for tasks to queue
[2025-03-18T00:37:41.228+0000] {logging_mixin.py:190} INFO - [2025-03-18T00:37:41.227+0000] {dagbag.py:588} INFO - Filling up the DagBag from /home/airflow/.local/lib/python3.12/site-packages/airflow/example_dags/tutorial_taskflow_templates.py
[2025-03-18T00:37:41.251+0000] {processor.py:925} INFO - DAG(s) 'tutorial_taskflow_templates' retrieved from /home/airflow/.local/lib/python3.12/site-packages/airflow/example_dags/tutorial_taskflow_templates.py
[2025-03-18T00:37:41.286+0000] {logging_mixin.py:190} INFO - [2025-03-18T00:37:41.286+0000] {dag.py:3239} INFO - Sync 1 DAGs
[2025-03-18T00:37:41.328+0000] {logging_mixin.py:190} INFO - [2025-03-18T00:37:41.327+0000] {dag.py:4180} INFO - Setting next_dagrun for tutorial_taskflow_templates to 2025-03-17 00:00:00+00:00, run_after=2025-03-18 00:00:00+00:00
[2025-03-18T00:37:41.360+0000] {processor.py:208} INFO - Processing /home/airflow/.local/lib/python3.12/site-packages/airflow/example_dags/tutorial_taskflow_templates.py took 0.144 seconds
[2025-03-18T00:38:12.317+0000] {processor.py:186} INFO - Started process (PID=51344) to work on /home/airflow/.local/lib/python3.12/site-packages/airflow/example_dags/tutorial_taskflow_templates.py
[2025-03-18T00:38:12.318+0000] {processor.py:914} INFO - Processing file /home/airflow/.local/lib/python3.12/site-packages/airflow/example_dags/tutorial_taskflow_templates.py for tasks to queue
[2025-03-18T00:38:12.320+0000] {logging_mixin.py:190} INFO - [2025-03-18T00:38:12.320+0000] {dagbag.py:588} INFO - Filling up the DagBag from /home/airflow/.local/lib/python3.12/site-packages/airflow/example_dags/tutorial_taskflow_templates.py
[2025-03-18T00:38:12.345+0000] {processor.py:925} INFO - DAG(s) 'tutorial_taskflow_templates' retrieved from /home/airflow/.local/lib/python3.12/site-packages/airflow/example_dags/tutorial_taskflow_templates.py
[2025-03-18T00:38:12.374+0000] {logging_mixin.py:190} INFO - [2025-03-18T00:38:12.374+0000] {dag.py:3239} INFO - Sync 1 DAGs
[2025-03-18T00:38:12.404+0000] {logging_mixin.py:190} INFO - [2025-03-18T00:38:12.404+0000] {dag.py:4180} INFO - Setting next_dagrun for tutorial_taskflow_templates to 2025-03-17 00:00:00+00:00, run_after=2025-03-18 00:00:00+00:00
[2025-03-18T00:38:12.435+0000] {processor.py:208} INFO - Processing /home/airflow/.local/lib/python3.12/site-packages/airflow/example_dags/tutorial_taskflow_templates.py took 0.127 seconds
