[2025-05-25T14:36:44.548+0000] {local_task_job_runner.py:123} INFO - ::group::Pre task execution logs
[2025-05-25T14:36:44.605+0000] {taskinstance.py:2614} INFO - Dependencies all met for dep_context=non-requeueable deps ti=<TaskInstance: main_dag.run_activesg_scrape manual__2025-05-25T14:36:23.185331+00:00 [queued]>
[2025-05-25T14:36:44.626+0000] {taskinstance.py:2614} INFO - Dependencies all met for dep_context=requeueable deps ti=<TaskInstance: main_dag.run_activesg_scrape manual__2025-05-25T14:36:23.185331+00:00 [queued]>
[2025-05-25T14:36:44.628+0000] {taskinstance.py:2867} INFO - Starting attempt 1 of 2
[2025-05-25T14:36:44.657+0000] {taskinstance.py:2890} INFO - Executing <Task(DockerOperator): run_activesg_scrape> on 2025-05-25 14:36:23.185331+00:00
[2025-05-25T14:36:44.679+0000] {warnings.py:112} WARNING - /home/***/.local/lib/python3.12/site-packages/***/task/task_runner/standard_task_runner.py:70: DeprecationWarning: This process (pid=102) is multi-threaded, use of fork() may lead to deadlocks in the child.
  pid = os.fork()

[2025-05-25T14:36:44.682+0000] {standard_task_runner.py:72} INFO - Started process 105 to run task
[2025-05-25T14:36:44.684+0000] {standard_task_runner.py:104} INFO - Running: ['***', 'tasks', 'run', 'main_dag', 'run_activesg_scrape', 'manual__2025-05-25T14:36:23.185331+00:00', '--job-id', '26', '--raw', '--subdir', 'DAGS_FOLDER/main.py', '--cfg-path', '/tmp/tmpudm0fh22']
[2025-05-25T14:36:44.686+0000] {standard_task_runner.py:105} INFO - Job 26: Subtask run_activesg_scrape
[2025-05-25T14:36:44.781+0000] {task_command.py:467} INFO - Running <TaskInstance: main_dag.run_activesg_scrape manual__2025-05-25T14:36:23.185331+00:00 [running]> on host 3a1b0ca09c20
[2025-05-25T14:36:45.063+0000] {taskinstance.py:3134} INFO - Exporting env vars: AIRFLOW_CTX_DAG_EMAIL='***@example.com' AIRFLOW_CTX_DAG_OWNER='***' AIRFLOW_CTX_DAG_ID='main_dag' AIRFLOW_CTX_TASK_ID='run_activesg_scrape' AIRFLOW_CTX_EXECUTION_DATE='2025-05-25T14:36:23.185331+00:00' AIRFLOW_CTX_TRY_NUMBER='1' AIRFLOW_CTX_DAG_RUN_ID='manual__2025-05-25T14:36:23.185331+00:00'
[2025-05-25T14:36:45.178+0000] {logging_mixin.py:190} INFO - Task instance is in running state
[2025-05-25T14:36:45.181+0000] {logging_mixin.py:190} INFO -  Previous state of the Task instance: queued
[2025-05-25T14:36:45.196+0000] {logging_mixin.py:190} INFO - Current task name:run_activesg_scrape state:running start_date:2025-05-25 14:36:44.607171+00:00
[2025-05-25T14:36:45.209+0000] {logging_mixin.py:190} INFO - Dag name:main_dag and current dag run status:running
[2025-05-25T14:36:45.220+0000] {taskinstance.py:732} INFO - ::endgroup::
[2025-05-25T14:36:45.507+0000] {docker.py:345} INFO - Starting docker container from image poewun/activesg-scrape:latest
[2025-05-25T14:36:45.652+0000] {docker.py:353} WARNING - Using remote engine or docker-in-docker and mounting temporary volume from host is not supported. Falling back to `mount_tmp_dir=False` mode. You can set `mount_tmp_dir` parameter to False to disable mounting and remove the warning
[2025-05-25T14:37:29.355+0000] {docker.py:69} INFO - ERROR:root:invalid input syntax for type integer: "Closed"
[2025-05-25T14:37:29.357+0000] {docker.py:69} INFO - CONTEXT:  COPY raw_scraped, line 2, column capacity: "Closed"
[2025-05-25T14:37:29.360+0000] {docker.py:69} INFO - ---Reading csv---
[2025-05-25T14:37:29.361+0000] {docker.py:69} INFO -                                   gym_name capacity                   timestamp
[2025-05-25T14:37:29.363+0000] {docker.py:69} INFO - 0             ActiveSG Gym @ Ang Mo Kio CC   Closed  2025-05-25 22:36:58.184329
[2025-05-25T14:37:29.364+0000] {docker.py:69} INFO - 1                Bukit Gombak ActiveSG Gym   Closed  2025-05-25 22:36:58.184329
[2025-05-25T14:37:29.365+0000] {docker.py:69} INFO - 2   ActiveSG Hockey Village @ Boon Lay Gym   Closed  2025-05-25 22:36:58.184329
[2025-05-25T14:37:29.366+0000] {docker.py:69} INFO - 3               Kallang Basin ActiveSG Gym   Closed  2025-05-25 22:36:58.184329
[2025-05-25T14:37:29.369+0000] {docker.py:69} INFO - 4                      Katong ActiveSG Gym   Closed  2025-05-25 22:36:58.184329
[2025-05-25T14:37:29.372+0000] {docker.py:69} INFO - 5              Bukit Canberra ActiveSG Gym   Closed  2025-05-25 22:36:58.184329
[2025-05-25T14:37:29.373+0000] {docker.py:69} INFO - 6                      Bishan ActiveSG Gym   Closed  2025-05-25 22:36:58.184329
[2025-05-25T14:37:29.375+0000] {docker.py:69} INFO - 7                 Bukit Batok ActiveSG Gym   Closed  2025-05-25 22:36:58.184329
[2025-05-25T14:37:29.377+0000] {docker.py:69} INFO - 8                    Sengkang ActiveSG Gym   Closed  2025-05-25 22:36:58.184329
[2025-05-25T14:37:29.381+0000] {docker.py:69} INFO - 9           ActiveSG Gym @ Fernvale Square   Closed  2025-05-25 22:36:58.184329
[2025-05-25T14:37:29.382+0000] {docker.py:69} INFO - 10                  Pasir Ris ActiveSG Gym   Closed  2025-05-25 22:36:58.184329
[2025-05-25T14:37:29.383+0000] {docker.py:69} INFO - 11           Enabling Village ActiveSG Gym   Closed  2025-05-25 22:36:58.184329
[2025-05-25T14:37:29.385+0000] {docker.py:69} INFO - 12                      Delta ActiveSG Gym   Closed  2025-05-25 22:36:58.184329
[2025-05-25T14:37:29.386+0000] {docker.py:69} INFO - 13                   Clementi ActiveSG Gym   Closed  2025-05-25 22:36:58.184329
[2025-05-25T14:37:29.389+0000] {docker.py:69} INFO - 14                Jalan Besar ActiveSG Gym   Closed  2025-05-25 22:36:58.184329
[2025-05-25T14:37:29.391+0000] {docker.py:69} INFO - 15        ActiveSG Gym @ Serangoon Central   Closed  2025-05-25 22:36:58.184329
[2025-05-25T14:37:29.393+0000] {docker.py:69} INFO - 16        ActiveSG Gym @ Toa Payoh West CC   Closed  2025-05-25 22:36:58.184329
[2025-05-25T14:37:29.395+0000] {docker.py:69} INFO - 17               Yio Chu Kang ActiveSG Gym   Closed  2025-05-25 22:36:58.184329
[2025-05-25T14:37:29.396+0000] {docker.py:69} INFO - 18                ActiveSG Gym @ Toa Payoh   Closed  2025-05-25 22:36:58.184329
[2025-05-25T14:37:29.397+0000] {docker.py:69} INFO - 19                     Yishun ActiveSG Gym   Closed  2025-05-25 22:36:58.184329
[2025-05-25T14:37:29.401+0000] {docker.py:69} INFO - 20                   Tampines ActiveSG Gym   Closed  2025-05-25 22:36:58.184329
[2025-05-25T14:37:29.403+0000] {docker.py:69} INFO - 21                        Senja-Cashew Gym   Closed  2025-05-25 22:36:58.184329
[2025-05-25T14:37:29.404+0000] {docker.py:69} INFO - 22          Heartbeat @ Bedok ActiveSG Gym   Closed  2025-05-25 22:36:58.184329
[2025-05-25T14:37:29.405+0000] {docker.py:69} INFO - 23                 Jurong Lake Gardens Gym   Closed  2025-05-25 22:36:58.184329
[2025-05-25T14:37:29.407+0000] {docker.py:69} INFO - 24              Choa Chu Kang ActiveSG Gym   Closed  2025-05-25 22:36:58.184329
[2025-05-25T14:37:29.410+0000] {docker.py:69} INFO - 25                  Woodlands ActiveSG Gym   Closed  2025-05-25 22:36:58.184329
[2025-05-25T14:37:29.412+0000] {docker.py:69} INFO - 26                Jurong West ActiveSG Gym   Closed  2025-05-25 22:36:58.184329
[2025-05-25T14:37:29.413+0000] {docker.py:69} INFO - 27                Jurong East ActiveSG Gym   Closed  2025-05-25 22:36:58.184329
[2025-05-25T14:37:29.414+0000] {docker.py:69} INFO - ---End---
[2025-05-25T14:37:29.415+0000] {docker.py:69} INFO - /src/data/20250525_22_36_gym_capacity.csv
[2025-05-25T14:37:30.308+0000] {taskinstance.py:341} INFO - ::group::Post task execution logs
[2025-05-25T14:37:30.309+0000] {taskinstance.py:353} INFO - Marking task as SUCCESS. dag_id=main_dag, task_id=run_activesg_scrape, run_id=manual__2025-05-25T14:36:23.185331+00:00, execution_date=20250525T143623, start_date=20250525T143644, end_date=20250525T143730
[2025-05-25T14:37:30.376+0000] {logging_mixin.py:190} INFO - Task instance in success state
[2025-05-25T14:37:30.380+0000] {logging_mixin.py:190} INFO -  Previous state of the Task instance: running
[2025-05-25T14:37:30.381+0000] {logging_mixin.py:190} INFO - Dag name:main_dag queued_at:2025-05-25 14:36:23.267057+00:00
[2025-05-25T14:37:30.383+0000] {logging_mixin.py:190} INFO - Task hostname:3a1b0ca09c20 operator:DockerOperator
[2025-05-25T14:37:30.466+0000] {local_task_job_runner.py:266} INFO - Task exited with return code 0
[2025-05-25T14:37:30.506+0000] {taskinstance.py:3901} INFO - 0 downstream tasks scheduled from follow-on schedule check
[2025-05-25T14:37:30.512+0000] {local_task_job_runner.py:245} INFO - ::endgroup::
