[2025-04-08T12:02:43.944+0000] {processor.py:186} INFO - Started process (PID=74093) to work on /opt/airflow/dags/main.py
[2025-04-08T12:02:43.950+0000] {processor.py:914} INFO - Processing file /opt/airflow/dags/main.py for tasks to queue
[2025-04-08T12:02:43.960+0000] {logging_mixin.py:190} INFO - [2025-04-08T12:02:43.959+0000] {dagbag.py:588} INFO - Filling up the DagBag from /opt/airflow/dags/main.py
[2025-04-08T12:02:45.203+0000] {logging_mixin.py:190} INFO - [2025-04-08T12:02:45.170+0000] {dagbag.py:387} ERROR - Failed to import: /opt/airflow/dags/main.py
Traceback (most recent call last):
  File "/home/airflow/.local/lib/python3.12/site-packages/airflow/models/dagbag.py", line 383, in parse
    loader.exec_module(new_module)
  File "<frozen importlib._bootstrap_external>", line 999, in exec_module
  File "<frozen importlib._bootstrap>", line 488, in _call_with_frames_removed
  File "/opt/airflow/dags/main.py", line 53, in <module>
    python_callable=scrape,
                    ^^^^^^
NameError: name 'scrape' is not defined
[2025-04-08T12:02:45.218+0000] {processor.py:927} WARNING - No viable dags retrieved from /opt/airflow/dags/main.py
[2025-04-08T12:02:45.328+0000] {processor.py:208} INFO - Processing /opt/airflow/dags/main.py took 1.403 seconds
[2025-04-08T12:03:17.336+0000] {processor.py:186} INFO - Started process (PID=74157) to work on /opt/airflow/dags/main.py
[2025-04-08T12:03:17.339+0000] {processor.py:914} INFO - Processing file /opt/airflow/dags/main.py for tasks to queue
[2025-04-08T12:03:17.352+0000] {logging_mixin.py:190} INFO - [2025-04-08T12:03:17.351+0000] {dagbag.py:588} INFO - Filling up the DagBag from /opt/airflow/dags/main.py
[2025-04-08T12:03:18.645+0000] {logging_mixin.py:190} INFO - [2025-04-08T12:03:18.612+0000] {dagbag.py:387} ERROR - Failed to import: /opt/airflow/dags/main.py
Traceback (most recent call last):
  File "/home/airflow/.local/lib/python3.12/site-packages/airflow/models/dagbag.py", line 383, in parse
    loader.exec_module(new_module)
  File "<frozen importlib._bootstrap_external>", line 999, in exec_module
  File "<frozen importlib._bootstrap>", line 488, in _call_with_frames_removed
  File "/opt/airflow/dags/main.py", line 53, in <module>
    python_callable=scrape,
                    ^^^^^^
NameError: name 'scrape' is not defined
[2025-04-08T12:03:18.661+0000] {processor.py:927} WARNING - No viable dags retrieved from /opt/airflow/dags/main.py
[2025-04-08T12:03:18.774+0000] {processor.py:208} INFO - Processing /opt/airflow/dags/main.py took 1.473 seconds
[2025-04-08T12:03:49.721+0000] {processor.py:186} INFO - Started process (PID=74222) to work on /opt/airflow/dags/main.py
[2025-04-08T12:03:49.724+0000] {processor.py:914} INFO - Processing file /opt/airflow/dags/main.py for tasks to queue
[2025-04-08T12:03:49.727+0000] {logging_mixin.py:190} INFO - [2025-04-08T12:03:49.726+0000] {dagbag.py:588} INFO - Filling up the DagBag from /opt/airflow/dags/main.py
[2025-04-08T12:03:50.098+0000] {logging_mixin.py:190} INFO - [2025-04-08T12:03:50.085+0000] {dagbag.py:387} ERROR - Failed to import: /opt/airflow/dags/main.py
Traceback (most recent call last):
  File "/home/airflow/.local/lib/python3.12/site-packages/airflow/models/dagbag.py", line 383, in parse
    loader.exec_module(new_module)
  File "<frozen importlib._bootstrap_external>", line 999, in exec_module
  File "<frozen importlib._bootstrap>", line 488, in _call_with_frames_removed
  File "/opt/airflow/dags/main.py", line 53, in <module>
    python_callable=scrape,
                    ^^^^^^
NameError: name 'scrape' is not defined
[2025-04-08T12:03:50.104+0000] {processor.py:927} WARNING - No viable dags retrieved from /opt/airflow/dags/main.py
[2025-04-08T12:03:50.139+0000] {processor.py:208} INFO - Processing /opt/airflow/dags/main.py took 0.435 seconds
[2025-04-08T12:04:20.498+0000] {processor.py:186} INFO - Started process (PID=74289) to work on /opt/airflow/dags/main.py
[2025-04-08T12:04:20.510+0000] {processor.py:914} INFO - Processing file /opt/airflow/dags/main.py for tasks to queue
[2025-04-08T12:04:20.513+0000] {logging_mixin.py:190} INFO - [2025-04-08T12:04:20.512+0000] {dagbag.py:588} INFO - Filling up the DagBag from /opt/airflow/dags/main.py
[2025-04-08T12:04:20.928+0000] {logging_mixin.py:190} INFO - [2025-04-08T12:04:20.915+0000] {dagbag.py:387} ERROR - Failed to import: /opt/airflow/dags/main.py
Traceback (most recent call last):
  File "/home/airflow/.local/lib/python3.12/site-packages/airflow/models/dagbag.py", line 383, in parse
    loader.exec_module(new_module)
  File "<frozen importlib._bootstrap_external>", line 999, in exec_module
  File "<frozen importlib._bootstrap>", line 488, in _call_with_frames_removed
  File "/opt/airflow/dags/main.py", line 53, in <module>
    python_callable=scrape,
                    ^^^^^^
NameError: name 'scrape' is not defined
[2025-04-08T12:04:20.933+0000] {processor.py:927} WARNING - No viable dags retrieved from /opt/airflow/dags/main.py
[2025-04-08T12:04:20.968+0000] {processor.py:208} INFO - Processing /opt/airflow/dags/main.py took 0.481 seconds
[2025-04-08T12:04:51.093+0000] {processor.py:186} INFO - Started process (PID=74352) to work on /opt/airflow/dags/main.py
[2025-04-08T12:04:51.095+0000] {processor.py:914} INFO - Processing file /opt/airflow/dags/main.py for tasks to queue
[2025-04-08T12:04:51.098+0000] {logging_mixin.py:190} INFO - [2025-04-08T12:04:51.097+0000] {dagbag.py:588} INFO - Filling up the DagBag from /opt/airflow/dags/main.py
[2025-04-08T12:04:51.430+0000] {logging_mixin.py:190} INFO - [2025-04-08T12:04:51.419+0000] {dagbag.py:387} ERROR - Failed to import: /opt/airflow/dags/main.py
Traceback (most recent call last):
  File "/home/airflow/.local/lib/python3.12/site-packages/airflow/models/dagbag.py", line 383, in parse
    loader.exec_module(new_module)
  File "<frozen importlib._bootstrap_external>", line 999, in exec_module
  File "<frozen importlib._bootstrap>", line 488, in _call_with_frames_removed
  File "/opt/airflow/dags/main.py", line 53, in <module>
    python_callable=scrape,
                    ^^^^^^
NameError: name 'scrape' is not defined
[2025-04-08T12:04:51.435+0000] {processor.py:927} WARNING - No viable dags retrieved from /opt/airflow/dags/main.py
[2025-04-08T12:04:51.463+0000] {processor.py:208} INFO - Processing /opt/airflow/dags/main.py took 0.383 seconds
[2025-04-08T12:05:21.650+0000] {processor.py:186} INFO - Started process (PID=74417) to work on /opt/airflow/dags/main.py
[2025-04-08T12:05:21.652+0000] {processor.py:914} INFO - Processing file /opt/airflow/dags/main.py for tasks to queue
[2025-04-08T12:05:21.655+0000] {logging_mixin.py:190} INFO - [2025-04-08T12:05:21.654+0000] {dagbag.py:588} INFO - Filling up the DagBag from /opt/airflow/dags/main.py
[2025-04-08T12:05:21.997+0000] {logging_mixin.py:190} INFO - [2025-04-08T12:05:21.986+0000] {dagbag.py:387} ERROR - Failed to import: /opt/airflow/dags/main.py
Traceback (most recent call last):
  File "/home/airflow/.local/lib/python3.12/site-packages/airflow/models/dagbag.py", line 383, in parse
    loader.exec_module(new_module)
  File "<frozen importlib._bootstrap_external>", line 999, in exec_module
  File "<frozen importlib._bootstrap>", line 488, in _call_with_frames_removed
  File "/opt/airflow/dags/main.py", line 53, in <module>
    python_callable=scrape,
                    ^^^^^^
NameError: name 'scrape' is not defined
[2025-04-08T12:05:22.001+0000] {processor.py:927} WARNING - No viable dags retrieved from /opt/airflow/dags/main.py
[2025-04-08T12:05:22.030+0000] {processor.py:208} INFO - Processing /opt/airflow/dags/main.py took 0.391 seconds
[2025-04-08T12:05:52.445+0000] {processor.py:186} INFO - Started process (PID=74480) to work on /opt/airflow/dags/main.py
[2025-04-08T12:05:52.447+0000] {processor.py:914} INFO - Processing file /opt/airflow/dags/main.py for tasks to queue
[2025-04-08T12:05:52.450+0000] {logging_mixin.py:190} INFO - [2025-04-08T12:05:52.449+0000] {dagbag.py:588} INFO - Filling up the DagBag from /opt/airflow/dags/main.py
[2025-04-08T12:05:52.834+0000] {logging_mixin.py:190} INFO - [2025-04-08T12:05:52.821+0000] {dagbag.py:387} ERROR - Failed to import: /opt/airflow/dags/main.py
Traceback (most recent call last):
  File "/home/airflow/.local/lib/python3.12/site-packages/airflow/models/dagbag.py", line 383, in parse
    loader.exec_module(new_module)
  File "<frozen importlib._bootstrap_external>", line 999, in exec_module
  File "<frozen importlib._bootstrap>", line 488, in _call_with_frames_removed
  File "/opt/airflow/dags/main.py", line 53, in <module>
    python_callable=scrape,
                    ^^^^^^
NameError: name 'scrape' is not defined
[2025-04-08T12:05:52.840+0000] {processor.py:927} WARNING - No viable dags retrieved from /opt/airflow/dags/main.py
[2025-04-08T12:05:52.886+0000] {processor.py:208} INFO - Processing /opt/airflow/dags/main.py took 0.453 seconds
[2025-04-08T12:06:23.575+0000] {processor.py:186} INFO - Started process (PID=74551) to work on /opt/airflow/dags/main.py
[2025-04-08T12:06:23.577+0000] {processor.py:914} INFO - Processing file /opt/airflow/dags/main.py for tasks to queue
[2025-04-08T12:06:23.580+0000] {logging_mixin.py:190} INFO - [2025-04-08T12:06:23.579+0000] {dagbag.py:588} INFO - Filling up the DagBag from /opt/airflow/dags/main.py
[2025-04-08T12:06:24.013+0000] {logging_mixin.py:190} INFO - [2025-04-08T12:06:23.998+0000] {dagbag.py:387} ERROR - Failed to import: /opt/airflow/dags/main.py
Traceback (most recent call last):
  File "/home/airflow/.local/lib/python3.12/site-packages/airflow/models/dagbag.py", line 383, in parse
    loader.exec_module(new_module)
  File "<frozen importlib._bootstrap_external>", line 999, in exec_module
  File "<frozen importlib._bootstrap>", line 488, in _call_with_frames_removed
  File "/opt/airflow/dags/main.py", line 53, in <module>
    python_callable=scrape,
                    ^^^^^^
NameError: name 'scrape' is not defined
[2025-04-08T12:06:24.020+0000] {processor.py:927} WARNING - No viable dags retrieved from /opt/airflow/dags/main.py
[2025-04-08T12:06:24.056+0000] {processor.py:208} INFO - Processing /opt/airflow/dags/main.py took 0.494 seconds
[2025-04-08T12:06:54.285+0000] {processor.py:186} INFO - Started process (PID=74618) to work on /opt/airflow/dags/main.py
[2025-04-08T12:06:54.287+0000] {processor.py:914} INFO - Processing file /opt/airflow/dags/main.py for tasks to queue
[2025-04-08T12:06:54.289+0000] {logging_mixin.py:190} INFO - [2025-04-08T12:06:54.289+0000] {dagbag.py:588} INFO - Filling up the DagBag from /opt/airflow/dags/main.py
[2025-04-08T12:06:54.619+0000] {logging_mixin.py:190} INFO - [2025-04-08T12:06:54.608+0000] {dagbag.py:387} ERROR - Failed to import: /opt/airflow/dags/main.py
Traceback (most recent call last):
  File "/home/airflow/.local/lib/python3.12/site-packages/airflow/models/dagbag.py", line 383, in parse
    loader.exec_module(new_module)
  File "<frozen importlib._bootstrap_external>", line 999, in exec_module
  File "<frozen importlib._bootstrap>", line 488, in _call_with_frames_removed
  File "/opt/airflow/dags/main.py", line 53, in <module>
    python_callable=scrape,
                    ^^^^^^
NameError: name 'scrape' is not defined
[2025-04-08T12:06:54.625+0000] {processor.py:927} WARNING - No viable dags retrieved from /opt/airflow/dags/main.py
[2025-04-08T12:06:54.669+0000] {processor.py:208} INFO - Processing /opt/airflow/dags/main.py took 0.393 seconds
[2025-04-08T12:07:24.986+0000] {processor.py:186} INFO - Started process (PID=74680) to work on /opt/airflow/dags/main.py
[2025-04-08T12:07:24.988+0000] {processor.py:914} INFO - Processing file /opt/airflow/dags/main.py for tasks to queue
[2025-04-08T12:07:24.993+0000] {logging_mixin.py:190} INFO - [2025-04-08T12:07:24.992+0000] {dagbag.py:588} INFO - Filling up the DagBag from /opt/airflow/dags/main.py
[2025-04-08T12:07:25.305+0000] {logging_mixin.py:190} INFO - [2025-04-08T12:07:25.292+0000] {dagbag.py:387} ERROR - Failed to import: /opt/airflow/dags/main.py
Traceback (most recent call last):
  File "/home/airflow/.local/lib/python3.12/site-packages/airflow/models/dagbag.py", line 383, in parse
    loader.exec_module(new_module)
  File "<frozen importlib._bootstrap_external>", line 999, in exec_module
  File "<frozen importlib._bootstrap>", line 488, in _call_with_frames_removed
  File "/opt/airflow/dags/main.py", line 53, in <module>
    python_callable=scrape,
                    ^^^^^^
NameError: name 'scrape' is not defined
[2025-04-08T12:07:25.311+0000] {processor.py:927} WARNING - No viable dags retrieved from /opt/airflow/dags/main.py
[2025-04-08T12:07:25.355+0000] {processor.py:208} INFO - Processing /opt/airflow/dags/main.py took 0.381 seconds
[2025-04-08T12:07:55.985+0000] {processor.py:186} INFO - Started process (PID=74746) to work on /opt/airflow/dags/main.py
[2025-04-08T12:07:55.987+0000] {processor.py:914} INFO - Processing file /opt/airflow/dags/main.py for tasks to queue
[2025-04-08T12:07:55.990+0000] {logging_mixin.py:190} INFO - [2025-04-08T12:07:55.989+0000] {dagbag.py:588} INFO - Filling up the DagBag from /opt/airflow/dags/main.py
[2025-04-08T12:07:56.375+0000] {logging_mixin.py:190} INFO - [2025-04-08T12:07:56.360+0000] {dagbag.py:387} ERROR - Failed to import: /opt/airflow/dags/main.py
Traceback (most recent call last):
  File "/home/airflow/.local/lib/python3.12/site-packages/airflow/models/dagbag.py", line 383, in parse
    loader.exec_module(new_module)
  File "<frozen importlib._bootstrap_external>", line 999, in exec_module
  File "<frozen importlib._bootstrap>", line 488, in _call_with_frames_removed
  File "/opt/airflow/dags/main.py", line 53, in <module>
    python_callable=scrape,
                    ^^^^^^
NameError: name 'scrape' is not defined
[2025-04-08T12:07:56.383+0000] {processor.py:927} WARNING - No viable dags retrieved from /opt/airflow/dags/main.py
[2025-04-08T12:07:56.425+0000] {processor.py:208} INFO - Processing /opt/airflow/dags/main.py took 0.453 seconds
[2025-04-08T12:08:26.683+0000] {processor.py:186} INFO - Started process (PID=74812) to work on /opt/airflow/dags/main.py
[2025-04-08T12:08:26.685+0000] {processor.py:914} INFO - Processing file /opt/airflow/dags/main.py for tasks to queue
[2025-04-08T12:08:26.689+0000] {logging_mixin.py:190} INFO - [2025-04-08T12:08:26.688+0000] {dagbag.py:588} INFO - Filling up the DagBag from /opt/airflow/dags/main.py
[2025-04-08T12:08:27.148+0000] {logging_mixin.py:190} INFO - [2025-04-08T12:08:27.135+0000] {dagbag.py:387} ERROR - Failed to import: /opt/airflow/dags/main.py
Traceback (most recent call last):
  File "/home/airflow/.local/lib/python3.12/site-packages/airflow/models/dagbag.py", line 383, in parse
    loader.exec_module(new_module)
  File "<frozen importlib._bootstrap_external>", line 999, in exec_module
  File "<frozen importlib._bootstrap>", line 488, in _call_with_frames_removed
  File "/opt/airflow/dags/main.py", line 53, in <module>
    python_callable=scrape,
                    ^^^^^^
NameError: name 'scrape' is not defined
[2025-04-08T12:08:27.153+0000] {processor.py:927} WARNING - No viable dags retrieved from /opt/airflow/dags/main.py
[2025-04-08T12:08:27.199+0000] {processor.py:208} INFO - Processing /opt/airflow/dags/main.py took 0.529 seconds
[2025-04-08T12:08:57.483+0000] {processor.py:186} INFO - Started process (PID=74861) to work on /opt/airflow/dags/main.py
[2025-04-08T12:08:57.485+0000] {processor.py:914} INFO - Processing file /opt/airflow/dags/main.py for tasks to queue
[2025-04-08T12:08:57.490+0000] {logging_mixin.py:190} INFO - [2025-04-08T12:08:57.489+0000] {dagbag.py:588} INFO - Filling up the DagBag from /opt/airflow/dags/main.py
[2025-04-08T12:08:58.233+0000] {logging_mixin.py:190} INFO - [2025-04-08T12:08:58.215+0000] {dagbag.py:387} ERROR - Failed to import: /opt/airflow/dags/main.py
Traceback (most recent call last):
  File "/home/airflow/.local/lib/python3.12/site-packages/airflow/models/dagbag.py", line 383, in parse
    loader.exec_module(new_module)
  File "<frozen importlib._bootstrap_external>", line 999, in exec_module
  File "<frozen importlib._bootstrap>", line 488, in _call_with_frames_removed
  File "/opt/airflow/dags/main.py", line 53, in <module>
    python_callable=scrape,
                    ^^^^^^
NameError: name 'scrape' is not defined
[2025-04-08T12:08:58.241+0000] {processor.py:927} WARNING - No viable dags retrieved from /opt/airflow/dags/main.py
[2025-04-08T12:08:58.288+0000] {processor.py:208} INFO - Processing /opt/airflow/dags/main.py took 0.818 seconds
[2025-04-08T12:10:32.875+0000] {processor.py:186} INFO - Started process (PID=74916) to work on /opt/airflow/dags/main.py
[2025-04-08T12:10:32.878+0000] {processor.py:914} INFO - Processing file /opt/airflow/dags/main.py for tasks to queue
[2025-04-08T12:10:32.891+0000] {logging_mixin.py:190} INFO - [2025-04-08T12:10:32.887+0000] {dagbag.py:588} INFO - Filling up the DagBag from /opt/airflow/dags/main.py
[2025-04-08T12:10:34.453+0000] {logging_mixin.py:190} INFO - [2025-04-08T12:10:34.427+0000] {dagbag.py:387} ERROR - Failed to import: /opt/airflow/dags/main.py
Traceback (most recent call last):
  File "/home/airflow/.local/lib/python3.12/site-packages/airflow/models/dagbag.py", line 383, in parse
    loader.exec_module(new_module)
  File "<frozen importlib._bootstrap_external>", line 999, in exec_module
  File "<frozen importlib._bootstrap>", line 488, in _call_with_frames_removed
  File "/opt/airflow/dags/main.py", line 53, in <module>
    python_callable=scrape,
                    ^^^^^^
NameError: name 'scrape' is not defined
[2025-04-08T12:10:34.468+0000] {processor.py:927} WARNING - No viable dags retrieved from /opt/airflow/dags/main.py
[2025-04-08T12:10:34.577+0000] {processor.py:208} INFO - Processing /opt/airflow/dags/main.py took 1.728 seconds
