[2025-05-28T00:30:03.725+0000] {local_task_job_runner.py:123} INFO - ::group::Pre task execution logs
[2025-05-28T00:30:03.754+0000] {taskinstance.py:2614} INFO - Dependencies all met for dep_context=non-requeueable deps ti=<TaskInstance: main_dag.run_activesg_scrape scheduled__2025-05-28T00:15:00+00:00 [queued]>
[2025-05-28T00:30:03.775+0000] {taskinstance.py:2614} INFO - Dependencies all met for dep_context=requeueable deps ti=<TaskInstance: main_dag.run_activesg_scrape scheduled__2025-05-28T00:15:00+00:00 [queued]>
[2025-05-28T00:30:03.777+0000] {taskinstance.py:2867} INFO - Starting attempt 1 of 2
[2025-05-28T00:30:03.810+0000] {taskinstance.py:2890} INFO - Executing <Task(DockerOperator): run_activesg_scrape> on 2025-05-28 00:15:00+00:00
[2025-05-28T00:30:03.830+0000] {warnings.py:112} WARNING - /home/***/.local/lib/python3.12/site-packages/***/task/task_runner/standard_task_runner.py:70: DeprecationWarning: This process (pid=9252) is multi-threaded, use of fork() may lead to deadlocks in the child.
  pid = os.fork()

[2025-05-28T00:30:03.832+0000] {standard_task_runner.py:72} INFO - Started process 9255 to run task
[2025-05-28T00:30:03.833+0000] {standard_task_runner.py:104} INFO - Running: ['***', 'tasks', 'run', 'main_dag', 'run_activesg_scrape', 'scheduled__2025-05-28T00:15:00+00:00', '--job-id', '65', '--raw', '--subdir', 'DAGS_FOLDER/main.py', '--cfg-path', '/tmp/tmp41c6kezu']
[2025-05-28T00:30:03.836+0000] {standard_task_runner.py:105} INFO - Job 65: Subtask run_activesg_scrape
[2025-05-28T00:30:03.911+0000] {task_command.py:467} INFO - Running <TaskInstance: main_dag.run_activesg_scrape scheduled__2025-05-28T00:15:00+00:00 [running]> on host 1862e9bdadf6
[2025-05-28T00:30:04.062+0000] {taskinstance.py:3134} INFO - Exporting env vars: AIRFLOW_CTX_DAG_EMAIL='***@example.com' AIRFLOW_CTX_DAG_OWNER='***' AIRFLOW_CTX_DAG_ID='main_dag' AIRFLOW_CTX_TASK_ID='run_activesg_scrape' AIRFLOW_CTX_EXECUTION_DATE='2025-05-28T00:15:00+00:00' AIRFLOW_CTX_TRY_NUMBER='1' AIRFLOW_CTX_DAG_RUN_ID='scheduled__2025-05-28T00:15:00+00:00'
[2025-05-28T00:30:04.064+0000] {logging_mixin.py:190} INFO - Task instance is in running state
[2025-05-28T00:30:04.065+0000] {logging_mixin.py:190} INFO -  Previous state of the Task instance: queued
[2025-05-28T00:30:04.067+0000] {logging_mixin.py:190} INFO - Current task name:run_activesg_scrape state:running start_date:2025-05-28 00:30:03.757692+00:00
[2025-05-28T00:30:04.068+0000] {logging_mixin.py:190} INFO - Dag name:main_dag and current dag run status:running
[2025-05-28T00:30:04.069+0000] {taskinstance.py:732} INFO - ::endgroup::
[2025-05-28T00:30:04.111+0000] {docker.py:345} INFO - Starting docker container from image poewun/activesg-scrape:latest
[2025-05-28T00:30:04.127+0000] {docker.py:353} WARNING - Using remote engine or docker-in-docker and mounting temporary volume from host is not supported. Falling back to `mount_tmp_dir=False` mode. You can set `mount_tmp_dir` parameter to False to disable mounting and remove the warning
[2025-05-28T00:30:09.826+0000] {docker.py:69} INFO - ---Reading csv---
[2025-05-28T00:30:09.829+0000] {docker.py:69} INFO -                                   gym_name  ...                   timestamp
[2025-05-28T00:30:09.831+0000] {docker.py:69} INFO - 0             ActiveSG Gym @ Ang Mo Kio CC  ...  2025-05-28 08:30:06.027161
[2025-05-28T00:30:09.833+0000] {docker.py:69} INFO - 1                Bukit Gombak ActiveSG Gym  ...  2025-05-28 08:30:06.027161
[2025-05-28T00:30:09.834+0000] {docker.py:69} INFO - 2   ActiveSG Hockey Village @ Boon Lay Gym  ...  2025-05-28 08:30:06.027161
[2025-05-28T00:30:09.835+0000] {docker.py:69} INFO - 3               Kallang Basin ActiveSG Gym  ...  2025-05-28 08:30:06.027161
[2025-05-28T00:30:09.836+0000] {docker.py:69} INFO - 4                      Katong ActiveSG Gym  ...  2025-05-28 08:30:06.027161
[2025-05-28T00:30:09.837+0000] {docker.py:69} INFO - 5              Bukit Canberra ActiveSG Gym  ...  2025-05-28 08:30:06.027161
[2025-05-28T00:30:09.838+0000] {docker.py:69} INFO - 6                      Bishan ActiveSG Gym  ...  2025-05-28 08:30:06.027161
[2025-05-28T00:30:09.839+0000] {docker.py:69} INFO - 7                 Bukit Batok ActiveSG Gym  ...  2025-05-28 08:30:06.027161
[2025-05-28T00:30:09.840+0000] {docker.py:69} INFO - 8                    Sengkang ActiveSG Gym  ...  2025-05-28 08:30:06.027161
[2025-05-28T00:30:09.841+0000] {docker.py:69} INFO - 9           ActiveSG Gym @ Fernvale Square  ...  2025-05-28 08:30:06.027161
[2025-05-28T00:30:09.843+0000] {docker.py:69} INFO - 10                  Pasir Ris ActiveSG Gym  ...  2025-05-28 08:30:06.027161
[2025-05-28T00:30:09.845+0000] {docker.py:69} INFO - 11           Enabling Village ActiveSG Gym  ...  2025-05-28 08:30:06.027161
[2025-05-28T00:30:09.846+0000] {docker.py:69} INFO - 12                      Delta ActiveSG Gym  ...  2025-05-28 08:30:06.027161
[2025-05-28T00:30:09.847+0000] {docker.py:69} INFO - 13                   Clementi ActiveSG Gym  ...  2025-05-28 08:30:06.027161
[2025-05-28T00:30:09.848+0000] {docker.py:69} INFO - 14                Jalan Besar ActiveSG Gym  ...  2025-05-28 08:30:06.027161
[2025-05-28T00:30:09.849+0000] {docker.py:69} INFO - 15        ActiveSG Gym @ Serangoon Central  ...  2025-05-28 08:30:06.027161
[2025-05-28T00:30:09.850+0000] {docker.py:69} INFO - 16        ActiveSG Gym @ Toa Payoh West CC  ...  2025-05-28 08:30:06.027161
[2025-05-28T00:30:09.851+0000] {docker.py:69} INFO - 17               Yio Chu Kang ActiveSG Gym  ...  2025-05-28 08:30:06.027161
[2025-05-28T00:30:09.852+0000] {docker.py:69} INFO - 18                ActiveSG Gym @ Toa Payoh  ...  2025-05-28 08:30:06.027161
[2025-05-28T00:30:09.853+0000] {docker.py:69} INFO - 19                     Yishun ActiveSG Gym  ...  2025-05-28 08:30:06.027161
[2025-05-28T00:30:09.854+0000] {docker.py:69} INFO - 20                   Tampines ActiveSG Gym  ...  2025-05-28 08:30:06.027161
[2025-05-28T00:30:09.855+0000] {docker.py:69} INFO - 21                        Senja-Cashew Gym  ...  2025-05-28 08:30:06.027161
[2025-05-28T00:30:09.856+0000] {docker.py:69} INFO - 22          Heartbeat @ Bedok ActiveSG Gym  ...  2025-05-28 08:30:06.027161
[2025-05-28T00:30:09.857+0000] {docker.py:69} INFO - 23                 Jurong Lake Gardens Gym  ...  2025-05-28 08:30:06.027161
[2025-05-28T00:30:09.858+0000] {docker.py:69} INFO - 24              Choa Chu Kang ActiveSG Gym  ...  2025-05-28 08:30:06.027161
[2025-05-28T00:30:09.859+0000] {docker.py:69} INFO - 25                  Woodlands ActiveSG Gym  ...  2025-05-28 08:30:06.027161
[2025-05-28T00:30:09.860+0000] {docker.py:69} INFO - 26                Jurong West ActiveSG Gym  ...  2025-05-28 08:30:06.027161
[2025-05-28T00:30:09.861+0000] {docker.py:69} INFO - 27                Jurong East ActiveSG Gym  ...  2025-05-28 08:30:06.027161
[2025-05-28T00:30:09.862+0000] {docker.py:69} INFO - 
[2025-05-28T00:30:09.863+0000] {docker.py:69} INFO - [28 rows x 3 columns]
[2025-05-28T00:30:09.864+0000] {docker.py:69} INFO - ---End---
[2025-05-28T00:30:09.865+0000] {docker.py:69} INFO - /src/data/20250528_08_30_gym_capacity.csv
[2025-05-28T00:30:10.525+0000] {taskinstance.py:341} INFO - ::group::Post task execution logs
[2025-05-28T00:30:10.528+0000] {taskinstance.py:353} INFO - Marking task as SUCCESS. dag_id=main_dag, task_id=run_activesg_scrape, run_id=scheduled__2025-05-28T00:15:00+00:00, execution_date=20250528T001500, start_date=20250528T003003, end_date=20250528T003010
[2025-05-28T00:30:10.584+0000] {logging_mixin.py:190} INFO - Task instance in success state
[2025-05-28T00:30:10.585+0000] {logging_mixin.py:190} INFO -  Previous state of the Task instance: running
[2025-05-28T00:30:10.587+0000] {logging_mixin.py:190} INFO - Dag name:main_dag queued_at:2025-05-28 00:30:00.183309+00:00
[2025-05-28T00:30:10.589+0000] {logging_mixin.py:190} INFO - Task hostname:1862e9bdadf6 operator:DockerOperator
[2025-05-28T00:30:10.613+0000] {local_task_job_runner.py:266} INFO - Task exited with return code 0
[2025-05-28T00:30:10.644+0000] {taskinstance.py:3901} INFO - 0 downstream tasks scheduled from follow-on schedule check
[2025-05-28T00:30:10.648+0000] {local_task_job_runner.py:245} INFO - ::endgroup::
