[2025-05-26T05:00:06.979+0000] {local_task_job_runner.py:123} INFO - ::group::Pre task execution logs
[2025-05-26T05:00:07.006+0000] {taskinstance.py:2614} INFO - Dependencies all met for dep_context=non-requeueable deps ti=<TaskInstance: main_dag.run_activesg_scrape scheduled__2025-05-26T04:00:00+00:00 [queued]>
[2025-05-26T05:00:07.022+0000] {taskinstance.py:2614} INFO - Dependencies all met for dep_context=requeueable deps ti=<TaskInstance: main_dag.run_activesg_scrape scheduled__2025-05-26T04:00:00+00:00 [queued]>
[2025-05-26T05:00:07.024+0000] {taskinstance.py:2867} INFO - Starting attempt 1 of 2
[2025-05-26T05:00:07.045+0000] {taskinstance.py:2890} INFO - Executing <Task(DockerOperator): run_activesg_scrape> on 2025-05-26 04:00:00+00:00
[2025-05-26T05:00:07.058+0000] {warnings.py:112} WARNING - /home/***/.local/lib/python3.12/site-packages/***/task/task_runner/standard_task_runner.py:70: DeprecationWarning: This process (pid=10280) is multi-threaded, use of fork() may lead to deadlocks in the child.
  pid = os.fork()

[2025-05-26T05:00:07.061+0000] {standard_task_runner.py:72} INFO - Started process 10290 to run task
[2025-05-26T05:00:07.062+0000] {standard_task_runner.py:104} INFO - Running: ['***', 'tasks', 'run', 'main_dag', 'run_activesg_scrape', 'scheduled__2025-05-26T04:00:00+00:00', '--job-id', '37', '--raw', '--subdir', 'DAGS_FOLDER/main.py', '--cfg-path', '/tmp/tmpa64ias4m']
[2025-05-26T05:00:07.065+0000] {standard_task_runner.py:105} INFO - Job 37: Subtask run_activesg_scrape
[2025-05-26T05:00:07.161+0000] {task_command.py:467} INFO - Running <TaskInstance: main_dag.run_activesg_scrape scheduled__2025-05-26T04:00:00+00:00 [running]> on host 0e2c171a3c5e
[2025-05-26T05:00:07.369+0000] {taskinstance.py:3134} INFO - Exporting env vars: AIRFLOW_CTX_DAG_EMAIL='***@example.com' AIRFLOW_CTX_DAG_OWNER='***' AIRFLOW_CTX_DAG_ID='main_dag' AIRFLOW_CTX_TASK_ID='run_activesg_scrape' AIRFLOW_CTX_EXECUTION_DATE='2025-05-26T04:00:00+00:00' AIRFLOW_CTX_TRY_NUMBER='1' AIRFLOW_CTX_DAG_RUN_ID='scheduled__2025-05-26T04:00:00+00:00'
[2025-05-26T05:00:07.372+0000] {logging_mixin.py:190} INFO - Task instance is in running state
[2025-05-26T05:00:07.373+0000] {logging_mixin.py:190} INFO -  Previous state of the Task instance: queued
[2025-05-26T05:00:07.375+0000] {logging_mixin.py:190} INFO - Current task name:run_activesg_scrape state:running start_date:2025-05-26 05:00:07.008091+00:00
[2025-05-26T05:00:07.376+0000] {logging_mixin.py:190} INFO - Dag name:main_dag and current dag run status:running
[2025-05-26T05:00:07.378+0000] {taskinstance.py:732} INFO - ::endgroup::
[2025-05-26T05:00:07.429+0000] {docker.py:345} INFO - Starting docker container from image poewun/activesg-scrape:latest
[2025-05-26T05:00:07.458+0000] {docker.py:353} WARNING - Using remote engine or docker-in-docker and mounting temporary volume from host is not supported. Falling back to `mount_tmp_dir=False` mode. You can set `mount_tmp_dir` parameter to False to disable mounting and remove the warning
[2025-05-26T05:00:22.701+0000] {docker.py:69} INFO - ---Reading csv---
[2025-05-26T05:00:22.703+0000] {docker.py:69} INFO -                                   gym_name  ...                   timestamp
[2025-05-26T05:00:22.704+0000] {docker.py:69} INFO - 0             ActiveSG Gym @ Ang Mo Kio CC  ...  2025-05-26 13:00:14.528329
[2025-05-26T05:00:22.705+0000] {docker.py:69} INFO - 1                Bukit Gombak ActiveSG Gym  ...  2025-05-26 13:00:14.528329
[2025-05-26T05:00:22.706+0000] {docker.py:69} INFO - 2   ActiveSG Hockey Village @ Boon Lay Gym  ...  2025-05-26 13:00:14.528329
[2025-05-26T05:00:22.708+0000] {docker.py:69} INFO - 3               Kallang Basin ActiveSG Gym  ...  2025-05-26 13:00:14.528329
[2025-05-26T05:00:22.711+0000] {docker.py:69} INFO - 4                      Katong ActiveSG Gym  ...  2025-05-26 13:00:14.528329
[2025-05-26T05:00:22.712+0000] {docker.py:69} INFO - 5              Bukit Canberra ActiveSG Gym  ...  2025-05-26 13:00:14.528329
[2025-05-26T05:00:22.713+0000] {docker.py:69} INFO - 6                      Bishan ActiveSG Gym  ...  2025-05-26 13:00:14.528329
[2025-05-26T05:00:22.715+0000] {docker.py:69} INFO - 7                 Bukit Batok ActiveSG Gym  ...  2025-05-26 13:00:14.528329
[2025-05-26T05:00:22.716+0000] {docker.py:69} INFO - 8                    Sengkang ActiveSG Gym  ...  2025-05-26 13:00:14.528329
[2025-05-26T05:00:22.717+0000] {docker.py:69} INFO - 9           ActiveSG Gym @ Fernvale Square  ...  2025-05-26 13:00:14.528329
[2025-05-26T05:00:22.719+0000] {docker.py:69} INFO - 10                  Pasir Ris ActiveSG Gym  ...  2025-05-26 13:00:14.528329
[2025-05-26T05:00:22.720+0000] {docker.py:69} INFO - 11           Enabling Village ActiveSG Gym  ...  2025-05-26 13:00:14.528329
[2025-05-26T05:00:22.721+0000] {docker.py:69} INFO - 12                      Delta ActiveSG Gym  ...  2025-05-26 13:00:14.528329
[2025-05-26T05:00:22.722+0000] {docker.py:69} INFO - 13                   Clementi ActiveSG Gym  ...  2025-05-26 13:00:14.528329
[2025-05-26T05:00:22.724+0000] {docker.py:69} INFO - 14                Jalan Besar ActiveSG Gym  ...  2025-05-26 13:00:14.528329
[2025-05-26T05:00:22.726+0000] {docker.py:69} INFO - 15        ActiveSG Gym @ Serangoon Central  ...  2025-05-26 13:00:14.528329
[2025-05-26T05:00:22.727+0000] {docker.py:69} INFO - 16        ActiveSG Gym @ Toa Payoh West CC  ...  2025-05-26 13:00:14.528329
[2025-05-26T05:00:22.729+0000] {docker.py:69} INFO - 17               Yio Chu Kang ActiveSG Gym  ...  2025-05-26 13:00:14.528329
[2025-05-26T05:00:22.730+0000] {docker.py:69} INFO - 18                ActiveSG Gym @ Toa Payoh  ...  2025-05-26 13:00:14.528329
[2025-05-26T05:00:22.731+0000] {docker.py:69} INFO - 19                     Yishun ActiveSG Gym  ...  2025-05-26 13:00:14.528329
[2025-05-26T05:00:22.733+0000] {docker.py:69} INFO - 20                   Tampines ActiveSG Gym  ...  2025-05-26 13:00:14.528329
[2025-05-26T05:00:22.734+0000] {docker.py:69} INFO - 21                        Senja-Cashew Gym  ...  2025-05-26 13:00:14.528329
[2025-05-26T05:00:22.735+0000] {docker.py:69} INFO - 22          Heartbeat @ Bedok ActiveSG Gym  ...  2025-05-26 13:00:14.528329
[2025-05-26T05:00:22.736+0000] {docker.py:69} INFO - 23                 Jurong Lake Gardens Gym  ...  2025-05-26 13:00:14.528329
[2025-05-26T05:00:22.737+0000] {docker.py:69} INFO - 24              Choa Chu Kang ActiveSG Gym  ...  2025-05-26 13:00:14.528329
[2025-05-26T05:00:22.739+0000] {docker.py:69} INFO - 25                  Woodlands ActiveSG Gym  ...  2025-05-26 13:00:14.528329
[2025-05-26T05:00:22.740+0000] {docker.py:69} INFO - 26                Jurong West ActiveSG Gym  ...  2025-05-26 13:00:14.528329
[2025-05-26T05:00:22.741+0000] {docker.py:69} INFO - 27                Jurong East ActiveSG Gym  ...  2025-05-26 13:00:14.528329
[2025-05-26T05:00:22.742+0000] {docker.py:69} INFO - 
[2025-05-26T05:00:22.744+0000] {docker.py:69} INFO - [28 rows x 3 columns]
[2025-05-26T05:00:22.745+0000] {docker.py:69} INFO - ---End---
[2025-05-26T05:00:22.746+0000] {docker.py:69} INFO - /src/data/20250526_13_00_gym_capacity.csv
[2025-05-26T05:00:23.501+0000] {taskinstance.py:341} INFO - ::group::Post task execution logs
[2025-05-26T05:00:23.507+0000] {taskinstance.py:353} INFO - Marking task as SUCCESS. dag_id=main_dag, task_id=run_activesg_scrape, run_id=scheduled__2025-05-26T04:00:00+00:00, execution_date=20250526T040000, start_date=20250526T050007, end_date=20250526T050023
[2025-05-26T05:00:23.585+0000] {logging_mixin.py:190} INFO - Task instance in success state
[2025-05-26T05:00:23.587+0000] {logging_mixin.py:190} INFO -  Previous state of the Task instance: running
[2025-05-26T05:00:23.588+0000] {logging_mixin.py:190} INFO - Dag name:main_dag queued_at:2025-05-26 05:00:00.563289+00:00
[2025-05-26T05:00:23.590+0000] {logging_mixin.py:190} INFO - Task hostname:0e2c171a3c5e operator:DockerOperator
[2025-05-26T05:00:23.655+0000] {local_task_job_runner.py:266} INFO - Task exited with return code 0
[2025-05-26T05:00:23.709+0000] {taskinstance.py:3901} INFO - 0 downstream tasks scheduled from follow-on schedule check
[2025-05-26T05:00:23.716+0000] {local_task_job_runner.py:245} INFO - ::endgroup::
