[2025-03-19T13:11:15.104+0000] {processor.py:186} INFO - Started process (PID=51438) to work on /home/airflow/.local/lib/python3.12/site-packages/airflow/example_dags/example_params_trigger_ui.py
[2025-03-19T13:11:15.115+0000] {processor.py:914} INFO - Processing file /home/airflow/.local/lib/python3.12/site-packages/airflow/example_dags/example_params_trigger_ui.py for tasks to queue
[2025-03-19T13:11:15.125+0000] {logging_mixin.py:190} INFO - [2025-03-19T13:11:15.124+0000] {dagbag.py:588} INFO - Filling up the DagBag from /home/airflow/.local/lib/python3.12/site-packages/airflow/example_dags/example_params_trigger_ui.py
[2025-03-19T13:11:15.192+0000] {processor.py:925} INFO - DAG(s) 'example_params_trigger_ui' retrieved from /home/airflow/.local/lib/python3.12/site-packages/airflow/example_dags/example_params_trigger_ui.py
[2025-03-19T13:11:15.532+0000] {logging_mixin.py:190} INFO - [2025-03-19T13:11:15.531+0000] {dag.py:3239} INFO - Sync 1 DAGs
[2025-03-19T13:11:15.653+0000] {logging_mixin.py:190} INFO - [2025-03-19T13:11:15.652+0000] {dag.py:4180} INFO - Setting next_dagrun for example_params_trigger_ui to None, run_after=None
[2025-03-19T13:11:15.801+0000] {processor.py:208} INFO - Processing /home/airflow/.local/lib/python3.12/site-packages/airflow/example_dags/example_params_trigger_ui.py took 0.720 seconds
[2025-03-19T13:11:46.729+0000] {processor.py:186} INFO - Started process (PID=51503) to work on /home/airflow/.local/lib/python3.12/site-packages/airflow/example_dags/example_params_trigger_ui.py
[2025-03-19T13:11:46.732+0000] {processor.py:914} INFO - Processing file /home/airflow/.local/lib/python3.12/site-packages/airflow/example_dags/example_params_trigger_ui.py for tasks to queue
[2025-03-19T13:11:46.736+0000] {logging_mixin.py:190} INFO - [2025-03-19T13:11:46.736+0000] {dagbag.py:588} INFO - Filling up the DagBag from /home/airflow/.local/lib/python3.12/site-packages/airflow/example_dags/example_params_trigger_ui.py
[2025-03-19T13:11:46.770+0000] {processor.py:925} INFO - DAG(s) 'example_params_trigger_ui' retrieved from /home/airflow/.local/lib/python3.12/site-packages/airflow/example_dags/example_params_trigger_ui.py
[2025-03-19T13:11:46.904+0000] {logging_mixin.py:190} INFO - [2025-03-19T13:11:46.904+0000] {dag.py:3239} INFO - Sync 1 DAGs
[2025-03-19T13:11:46.962+0000] {logging_mixin.py:190} INFO - [2025-03-19T13:11:46.961+0000] {dag.py:4180} INFO - Setting next_dagrun for example_params_trigger_ui to None, run_after=None
[2025-03-19T13:11:47.047+0000] {processor.py:208} INFO - Processing /home/airflow/.local/lib/python3.12/site-packages/airflow/example_dags/example_params_trigger_ui.py took 0.331 seconds
[2025-03-19T13:12:17.584+0000] {processor.py:186} INFO - Started process (PID=51573) to work on /home/airflow/.local/lib/python3.12/site-packages/airflow/example_dags/example_params_trigger_ui.py
[2025-03-19T13:12:17.586+0000] {processor.py:914} INFO - Processing file /home/airflow/.local/lib/python3.12/site-packages/airflow/example_dags/example_params_trigger_ui.py for tasks to queue
[2025-03-19T13:12:17.589+0000] {logging_mixin.py:190} INFO - [2025-03-19T13:12:17.588+0000] {dagbag.py:588} INFO - Filling up the DagBag from /home/airflow/.local/lib/python3.12/site-packages/airflow/example_dags/example_params_trigger_ui.py
[2025-03-19T13:12:17.623+0000] {processor.py:925} INFO - DAG(s) 'example_params_trigger_ui' retrieved from /home/airflow/.local/lib/python3.12/site-packages/airflow/example_dags/example_params_trigger_ui.py
[2025-03-19T13:12:17.722+0000] {logging_mixin.py:190} INFO - [2025-03-19T13:12:17.722+0000] {dag.py:3239} INFO - Sync 1 DAGs
[2025-03-19T13:12:17.752+0000] {logging_mixin.py:190} INFO - [2025-03-19T13:12:17.751+0000] {dag.py:4180} INFO - Setting next_dagrun for example_params_trigger_ui to None, run_after=None
[2025-03-19T13:12:17.812+0000] {processor.py:208} INFO - Processing /home/airflow/.local/lib/python3.12/site-packages/airflow/example_dags/example_params_trigger_ui.py took 0.241 seconds
[2025-03-19T13:12:48.853+0000] {processor.py:186} INFO - Started process (PID=51638) to work on /home/airflow/.local/lib/python3.12/site-packages/airflow/example_dags/example_params_trigger_ui.py
[2025-03-19T13:12:48.856+0000] {processor.py:914} INFO - Processing file /home/airflow/.local/lib/python3.12/site-packages/airflow/example_dags/example_params_trigger_ui.py for tasks to queue
[2025-03-19T13:12:48.861+0000] {logging_mixin.py:190} INFO - [2025-03-19T13:12:48.860+0000] {dagbag.py:588} INFO - Filling up the DagBag from /home/airflow/.local/lib/python3.12/site-packages/airflow/example_dags/example_params_trigger_ui.py
[2025-03-19T13:12:48.904+0000] {processor.py:925} INFO - DAG(s) 'example_params_trigger_ui' retrieved from /home/airflow/.local/lib/python3.12/site-packages/airflow/example_dags/example_params_trigger_ui.py
[2025-03-19T13:12:49.033+0000] {logging_mixin.py:190} INFO - [2025-03-19T13:12:49.033+0000] {dag.py:3239} INFO - Sync 1 DAGs
[2025-03-19T13:12:49.068+0000] {logging_mixin.py:190} INFO - [2025-03-19T13:12:49.068+0000] {dag.py:4180} INFO - Setting next_dagrun for example_params_trigger_ui to None, run_after=None
[2025-03-19T13:12:49.117+0000] {processor.py:208} INFO - Processing /home/airflow/.local/lib/python3.12/site-packages/airflow/example_dags/example_params_trigger_ui.py took 0.288 seconds
[2025-03-19T13:13:19.439+0000] {processor.py:186} INFO - Started process (PID=51702) to work on /home/airflow/.local/lib/python3.12/site-packages/airflow/example_dags/example_params_trigger_ui.py
[2025-03-19T13:13:19.441+0000] {processor.py:914} INFO - Processing file /home/airflow/.local/lib/python3.12/site-packages/airflow/example_dags/example_params_trigger_ui.py for tasks to queue
[2025-03-19T13:13:19.444+0000] {logging_mixin.py:190} INFO - [2025-03-19T13:13:19.444+0000] {dagbag.py:588} INFO - Filling up the DagBag from /home/airflow/.local/lib/python3.12/site-packages/airflow/example_dags/example_params_trigger_ui.py
[2025-03-19T13:13:19.468+0000] {processor.py:925} INFO - DAG(s) 'example_params_trigger_ui' retrieved from /home/airflow/.local/lib/python3.12/site-packages/airflow/example_dags/example_params_trigger_ui.py
[2025-03-19T13:13:19.557+0000] {logging_mixin.py:190} INFO - [2025-03-19T13:13:19.556+0000] {dag.py:3239} INFO - Sync 1 DAGs
[2025-03-19T13:13:19.592+0000] {logging_mixin.py:190} INFO - [2025-03-19T13:13:19.591+0000] {dag.py:4180} INFO - Setting next_dagrun for example_params_trigger_ui to None, run_after=None
[2025-03-19T13:13:19.638+0000] {processor.py:208} INFO - Processing /home/airflow/.local/lib/python3.12/site-packages/airflow/example_dags/example_params_trigger_ui.py took 0.208 seconds
[2025-03-19T13:13:50.423+0000] {processor.py:186} INFO - Started process (PID=51767) to work on /home/airflow/.local/lib/python3.12/site-packages/airflow/example_dags/example_params_trigger_ui.py
[2025-03-19T13:13:50.425+0000] {processor.py:914} INFO - Processing file /home/airflow/.local/lib/python3.12/site-packages/airflow/example_dags/example_params_trigger_ui.py for tasks to queue
[2025-03-19T13:13:50.427+0000] {logging_mixin.py:190} INFO - [2025-03-19T13:13:50.427+0000] {dagbag.py:588} INFO - Filling up the DagBag from /home/airflow/.local/lib/python3.12/site-packages/airflow/example_dags/example_params_trigger_ui.py
[2025-03-19T13:13:50.446+0000] {processor.py:925} INFO - DAG(s) 'example_params_trigger_ui' retrieved from /home/airflow/.local/lib/python3.12/site-packages/airflow/example_dags/example_params_trigger_ui.py
[2025-03-19T13:13:50.516+0000] {logging_mixin.py:190} INFO - [2025-03-19T13:13:50.516+0000] {dag.py:3239} INFO - Sync 1 DAGs
[2025-03-19T13:13:50.539+0000] {logging_mixin.py:190} INFO - [2025-03-19T13:13:50.539+0000] {dag.py:4180} INFO - Setting next_dagrun for example_params_trigger_ui to None, run_after=None
[2025-03-19T13:13:50.580+0000] {processor.py:208} INFO - Processing /home/airflow/.local/lib/python3.12/site-packages/airflow/example_dags/example_params_trigger_ui.py took 0.165 seconds
[2025-03-19T13:14:21.364+0000] {processor.py:186} INFO - Started process (PID=51832) to work on /home/airflow/.local/lib/python3.12/site-packages/airflow/example_dags/example_params_trigger_ui.py
[2025-03-19T13:14:21.366+0000] {processor.py:914} INFO - Processing file /home/airflow/.local/lib/python3.12/site-packages/airflow/example_dags/example_params_trigger_ui.py for tasks to queue
[2025-03-19T13:14:21.369+0000] {logging_mixin.py:190} INFO - [2025-03-19T13:14:21.368+0000] {dagbag.py:588} INFO - Filling up the DagBag from /home/airflow/.local/lib/python3.12/site-packages/airflow/example_dags/example_params_trigger_ui.py
[2025-03-19T13:14:21.393+0000] {processor.py:925} INFO - DAG(s) 'example_params_trigger_ui' retrieved from /home/airflow/.local/lib/python3.12/site-packages/airflow/example_dags/example_params_trigger_ui.py
[2025-03-19T13:14:21.474+0000] {logging_mixin.py:190} INFO - [2025-03-19T13:14:21.474+0000] {dag.py:3239} INFO - Sync 1 DAGs
[2025-03-19T13:14:21.497+0000] {logging_mixin.py:190} INFO - [2025-03-19T13:14:21.497+0000] {dag.py:4180} INFO - Setting next_dagrun for example_params_trigger_ui to None, run_after=None
[2025-03-19T13:14:21.543+0000] {processor.py:208} INFO - Processing /home/airflow/.local/lib/python3.12/site-packages/airflow/example_dags/example_params_trigger_ui.py took 0.192 seconds
[2025-03-19T13:14:52.087+0000] {processor.py:186} INFO - Started process (PID=51897) to work on /home/airflow/.local/lib/python3.12/site-packages/airflow/example_dags/example_params_trigger_ui.py
[2025-03-19T13:14:52.090+0000] {processor.py:914} INFO - Processing file /home/airflow/.local/lib/python3.12/site-packages/airflow/example_dags/example_params_trigger_ui.py for tasks to queue
[2025-03-19T13:14:52.093+0000] {logging_mixin.py:190} INFO - [2025-03-19T13:14:52.092+0000] {dagbag.py:588} INFO - Filling up the DagBag from /home/airflow/.local/lib/python3.12/site-packages/airflow/example_dags/example_params_trigger_ui.py
[2025-03-19T13:14:52.118+0000] {processor.py:925} INFO - DAG(s) 'example_params_trigger_ui' retrieved from /home/airflow/.local/lib/python3.12/site-packages/airflow/example_dags/example_params_trigger_ui.py
[2025-03-19T13:14:52.242+0000] {logging_mixin.py:190} INFO - [2025-03-19T13:14:52.241+0000] {dag.py:3239} INFO - Sync 1 DAGs
[2025-03-19T13:14:52.298+0000] {logging_mixin.py:190} INFO - [2025-03-19T13:14:52.297+0000] {dag.py:4180} INFO - Setting next_dagrun for example_params_trigger_ui to None, run_after=None
[2025-03-19T13:14:52.359+0000] {processor.py:208} INFO - Processing /home/airflow/.local/lib/python3.12/site-packages/airflow/example_dags/example_params_trigger_ui.py took 0.283 seconds
[2025-03-19T13:15:23.218+0000] {processor.py:186} INFO - Started process (PID=51961) to work on /home/airflow/.local/lib/python3.12/site-packages/airflow/example_dags/example_params_trigger_ui.py
[2025-03-19T13:15:23.220+0000] {processor.py:914} INFO - Processing file /home/airflow/.local/lib/python3.12/site-packages/airflow/example_dags/example_params_trigger_ui.py for tasks to queue
[2025-03-19T13:15:23.222+0000] {logging_mixin.py:190} INFO - [2025-03-19T13:15:23.222+0000] {dagbag.py:588} INFO - Filling up the DagBag from /home/airflow/.local/lib/python3.12/site-packages/airflow/example_dags/example_params_trigger_ui.py
[2025-03-19T13:15:23.243+0000] {processor.py:925} INFO - DAG(s) 'example_params_trigger_ui' retrieved from /home/airflow/.local/lib/python3.12/site-packages/airflow/example_dags/example_params_trigger_ui.py
[2025-03-19T13:15:23.332+0000] {logging_mixin.py:190} INFO - [2025-03-19T13:15:23.331+0000] {dag.py:3239} INFO - Sync 1 DAGs
[2025-03-19T13:15:23.357+0000] {logging_mixin.py:190} INFO - [2025-03-19T13:15:23.357+0000] {dag.py:4180} INFO - Setting next_dagrun for example_params_trigger_ui to None, run_after=None
[2025-03-19T13:15:23.398+0000] {processor.py:208} INFO - Processing /home/airflow/.local/lib/python3.12/site-packages/airflow/example_dags/example_params_trigger_ui.py took 0.192 seconds
[2025-03-19T13:15:53.569+0000] {processor.py:186} INFO - Started process (PID=52027) to work on /home/airflow/.local/lib/python3.12/site-packages/airflow/example_dags/example_params_trigger_ui.py
[2025-03-19T13:15:53.571+0000] {processor.py:914} INFO - Processing file /home/airflow/.local/lib/python3.12/site-packages/airflow/example_dags/example_params_trigger_ui.py for tasks to queue
[2025-03-19T13:15:53.575+0000] {logging_mixin.py:190} INFO - [2025-03-19T13:15:53.574+0000] {dagbag.py:588} INFO - Filling up the DagBag from /home/airflow/.local/lib/python3.12/site-packages/airflow/example_dags/example_params_trigger_ui.py
[2025-03-19T13:15:53.602+0000] {processor.py:925} INFO - DAG(s) 'example_params_trigger_ui' retrieved from /home/airflow/.local/lib/python3.12/site-packages/airflow/example_dags/example_params_trigger_ui.py
[2025-03-19T13:15:53.679+0000] {logging_mixin.py:190} INFO - [2025-03-19T13:15:53.678+0000] {dag.py:3239} INFO - Sync 1 DAGs
[2025-03-19T13:15:53.704+0000] {logging_mixin.py:190} INFO - [2025-03-19T13:15:53.703+0000] {dag.py:4180} INFO - Setting next_dagrun for example_params_trigger_ui to None, run_after=None
[2025-03-19T13:15:53.739+0000] {processor.py:208} INFO - Processing /home/airflow/.local/lib/python3.12/site-packages/airflow/example_dags/example_params_trigger_ui.py took 0.182 seconds
[2025-03-19T13:16:23.898+0000] {processor.py:186} INFO - Started process (PID=52092) to work on /home/airflow/.local/lib/python3.12/site-packages/airflow/example_dags/example_params_trigger_ui.py
[2025-03-19T13:16:23.899+0000] {processor.py:914} INFO - Processing file /home/airflow/.local/lib/python3.12/site-packages/airflow/example_dags/example_params_trigger_ui.py for tasks to queue
[2025-03-19T13:16:23.901+0000] {logging_mixin.py:190} INFO - [2025-03-19T13:16:23.901+0000] {dagbag.py:588} INFO - Filling up the DagBag from /home/airflow/.local/lib/python3.12/site-packages/airflow/example_dags/example_params_trigger_ui.py
[2025-03-19T13:16:23.922+0000] {processor.py:925} INFO - DAG(s) 'example_params_trigger_ui' retrieved from /home/airflow/.local/lib/python3.12/site-packages/airflow/example_dags/example_params_trigger_ui.py
[2025-03-19T13:16:24.005+0000] {logging_mixin.py:190} INFO - [2025-03-19T13:16:24.004+0000] {dag.py:3239} INFO - Sync 1 DAGs
[2025-03-19T13:16:24.040+0000] {logging_mixin.py:190} INFO - [2025-03-19T13:16:24.039+0000] {dag.py:4180} INFO - Setting next_dagrun for example_params_trigger_ui to None, run_after=None
[2025-03-19T13:16:24.081+0000] {processor.py:208} INFO - Processing /home/airflow/.local/lib/python3.12/site-packages/airflow/example_dags/example_params_trigger_ui.py took 0.193 seconds
[2025-03-19T13:16:54.709+0000] {processor.py:186} INFO - Started process (PID=52157) to work on /home/airflow/.local/lib/python3.12/site-packages/airflow/example_dags/example_params_trigger_ui.py
[2025-03-19T13:16:54.711+0000] {processor.py:914} INFO - Processing file /home/airflow/.local/lib/python3.12/site-packages/airflow/example_dags/example_params_trigger_ui.py for tasks to queue
[2025-03-19T13:16:54.714+0000] {logging_mixin.py:190} INFO - [2025-03-19T13:16:54.713+0000] {dagbag.py:588} INFO - Filling up the DagBag from /home/airflow/.local/lib/python3.12/site-packages/airflow/example_dags/example_params_trigger_ui.py
[2025-03-19T13:16:54.741+0000] {processor.py:925} INFO - DAG(s) 'example_params_trigger_ui' retrieved from /home/airflow/.local/lib/python3.12/site-packages/airflow/example_dags/example_params_trigger_ui.py
[2025-03-19T13:16:54.818+0000] {logging_mixin.py:190} INFO - [2025-03-19T13:16:54.818+0000] {dag.py:3239} INFO - Sync 1 DAGs
[2025-03-19T13:16:54.847+0000] {logging_mixin.py:190} INFO - [2025-03-19T13:16:54.846+0000] {dag.py:4180} INFO - Setting next_dagrun for example_params_trigger_ui to None, run_after=None
[2025-03-19T13:16:54.885+0000] {processor.py:208} INFO - Processing /home/airflow/.local/lib/python3.12/site-packages/airflow/example_dags/example_params_trigger_ui.py took 0.186 seconds
