[2025-03-19T13:11:26.014+0000] {processor.py:186} INFO - Started process (PID=51454) to work on /home/airflow/.local/lib/python3.12/site-packages/airflow/example_dags/example_sensors.py
[2025-03-19T13:11:26.016+0000] {processor.py:914} INFO - Processing file /home/airflow/.local/lib/python3.12/site-packages/airflow/example_dags/example_sensors.py for tasks to queue
[2025-03-19T13:11:26.029+0000] {logging_mixin.py:190} INFO - [2025-03-19T13:11:26.019+0000] {dagbag.py:588} INFO - Filling up the DagBag from /home/airflow/.local/lib/python3.12/site-packages/airflow/example_dags/example_sensors.py
[2025-03-19T13:11:26.129+0000] {processor.py:925} INFO - DAG(s) 'example_sensors' retrieved from /home/airflow/.local/lib/python3.12/site-packages/airflow/example_dags/example_sensors.py
[2025-03-19T13:11:26.322+0000] {logging_mixin.py:190} INFO - [2025-03-19T13:11:26.321+0000] {dag.py:3239} INFO - Sync 1 DAGs
[2025-03-19T13:11:26.427+0000] {logging_mixin.py:190} INFO - [2025-03-19T13:11:26.426+0000] {dag.py:4180} INFO - Setting next_dagrun for example_sensors to None, run_after=None
[2025-03-19T13:11:26.577+0000] {processor.py:208} INFO - Processing /home/airflow/.local/lib/python3.12/site-packages/airflow/example_dags/example_sensors.py took 0.598 seconds
[2025-03-19T13:11:57.586+0000] {processor.py:186} INFO - Started process (PID=51519) to work on /home/airflow/.local/lib/python3.12/site-packages/airflow/example_dags/example_sensors.py
[2025-03-19T13:11:57.588+0000] {processor.py:914} INFO - Processing file /home/airflow/.local/lib/python3.12/site-packages/airflow/example_dags/example_sensors.py for tasks to queue
[2025-03-19T13:11:57.591+0000] {logging_mixin.py:190} INFO - [2025-03-19T13:11:57.590+0000] {dagbag.py:588} INFO - Filling up the DagBag from /home/airflow/.local/lib/python3.12/site-packages/airflow/example_dags/example_sensors.py
[2025-03-19T13:11:57.615+0000] {processor.py:925} INFO - DAG(s) 'example_sensors' retrieved from /home/airflow/.local/lib/python3.12/site-packages/airflow/example_dags/example_sensors.py
[2025-03-19T13:11:57.669+0000] {logging_mixin.py:190} INFO - [2025-03-19T13:11:57.668+0000] {dag.py:3239} INFO - Sync 1 DAGs
[2025-03-19T13:11:57.696+0000] {logging_mixin.py:190} INFO - [2025-03-19T13:11:57.696+0000] {dag.py:4180} INFO - Setting next_dagrun for example_sensors to None, run_after=None
[2025-03-19T13:11:57.737+0000] {processor.py:208} INFO - Processing /home/airflow/.local/lib/python3.12/site-packages/airflow/example_dags/example_sensors.py took 0.162 seconds
[2025-03-19T13:12:28.203+0000] {processor.py:186} INFO - Started process (PID=51590) to work on /home/airflow/.local/lib/python3.12/site-packages/airflow/example_dags/example_sensors.py
[2025-03-19T13:12:28.205+0000] {processor.py:914} INFO - Processing file /home/airflow/.local/lib/python3.12/site-packages/airflow/example_dags/example_sensors.py for tasks to queue
[2025-03-19T13:12:28.209+0000] {logging_mixin.py:190} INFO - [2025-03-19T13:12:28.208+0000] {dagbag.py:588} INFO - Filling up the DagBag from /home/airflow/.local/lib/python3.12/site-packages/airflow/example_dags/example_sensors.py
[2025-03-19T13:12:28.265+0000] {processor.py:925} INFO - DAG(s) 'example_sensors' retrieved from /home/airflow/.local/lib/python3.12/site-packages/airflow/example_dags/example_sensors.py
[2025-03-19T13:12:28.313+0000] {logging_mixin.py:190} INFO - [2025-03-19T13:12:28.312+0000] {dag.py:3239} INFO - Sync 1 DAGs
[2025-03-19T13:12:28.341+0000] {logging_mixin.py:190} INFO - [2025-03-19T13:12:28.340+0000] {dag.py:4180} INFO - Setting next_dagrun for example_sensors to None, run_after=None
[2025-03-19T13:12:28.377+0000] {processor.py:208} INFO - Processing /home/airflow/.local/lib/python3.12/site-packages/airflow/example_dags/example_sensors.py took 0.193 seconds
[2025-03-19T13:12:58.765+0000] {processor.py:186} INFO - Started process (PID=51655) to work on /home/airflow/.local/lib/python3.12/site-packages/airflow/example_dags/example_sensors.py
[2025-03-19T13:12:58.767+0000] {processor.py:914} INFO - Processing file /home/airflow/.local/lib/python3.12/site-packages/airflow/example_dags/example_sensors.py for tasks to queue
[2025-03-19T13:12:58.771+0000] {logging_mixin.py:190} INFO - [2025-03-19T13:12:58.770+0000] {dagbag.py:588} INFO - Filling up the DagBag from /home/airflow/.local/lib/python3.12/site-packages/airflow/example_dags/example_sensors.py
[2025-03-19T13:12:58.796+0000] {processor.py:925} INFO - DAG(s) 'example_sensors' retrieved from /home/airflow/.local/lib/python3.12/site-packages/airflow/example_dags/example_sensors.py
[2025-03-19T13:12:58.879+0000] {logging_mixin.py:190} INFO - [2025-03-19T13:12:58.878+0000] {dag.py:3239} INFO - Sync 1 DAGs
[2025-03-19T13:12:58.927+0000] {logging_mixin.py:190} INFO - [2025-03-19T13:12:58.927+0000] {dag.py:4180} INFO - Setting next_dagrun for example_sensors to None, run_after=None
[2025-03-19T13:12:58.977+0000] {processor.py:208} INFO - Processing /home/airflow/.local/lib/python3.12/site-packages/airflow/example_dags/example_sensors.py took 0.226 seconds
[2025-03-19T13:13:29.132+0000] {processor.py:186} INFO - Started process (PID=51719) to work on /home/airflow/.local/lib/python3.12/site-packages/airflow/example_dags/example_sensors.py
[2025-03-19T13:13:29.134+0000] {processor.py:914} INFO - Processing file /home/airflow/.local/lib/python3.12/site-packages/airflow/example_dags/example_sensors.py for tasks to queue
[2025-03-19T13:13:29.137+0000] {logging_mixin.py:190} INFO - [2025-03-19T13:13:29.136+0000] {dagbag.py:588} INFO - Filling up the DagBag from /home/airflow/.local/lib/python3.12/site-packages/airflow/example_dags/example_sensors.py
[2025-03-19T13:13:29.163+0000] {processor.py:925} INFO - DAG(s) 'example_sensors' retrieved from /home/airflow/.local/lib/python3.12/site-packages/airflow/example_dags/example_sensors.py
[2025-03-19T13:13:29.342+0000] {logging_mixin.py:190} INFO - [2025-03-19T13:13:29.332+0000] {dag.py:3239} INFO - Sync 1 DAGs
[2025-03-19T13:13:29.440+0000] {logging_mixin.py:190} INFO - [2025-03-19T13:13:29.440+0000] {dag.py:4180} INFO - Setting next_dagrun for example_sensors to None, run_after=None
[2025-03-19T13:13:29.586+0000] {processor.py:208} INFO - Processing /home/airflow/.local/lib/python3.12/site-packages/airflow/example_dags/example_sensors.py took 0.464 seconds
[2025-03-19T13:13:59.736+0000] {processor.py:186} INFO - Started process (PID=51783) to work on /home/airflow/.local/lib/python3.12/site-packages/airflow/example_dags/example_sensors.py
[2025-03-19T13:13:59.739+0000] {processor.py:914} INFO - Processing file /home/airflow/.local/lib/python3.12/site-packages/airflow/example_dags/example_sensors.py for tasks to queue
[2025-03-19T13:13:59.742+0000] {logging_mixin.py:190} INFO - [2025-03-19T13:13:59.741+0000] {dagbag.py:588} INFO - Filling up the DagBag from /home/airflow/.local/lib/python3.12/site-packages/airflow/example_dags/example_sensors.py
[2025-03-19T13:13:59.764+0000] {processor.py:925} INFO - DAG(s) 'example_sensors' retrieved from /home/airflow/.local/lib/python3.12/site-packages/airflow/example_dags/example_sensors.py
[2025-03-19T13:13:59.849+0000] {logging_mixin.py:190} INFO - [2025-03-19T13:13:59.848+0000] {dag.py:3239} INFO - Sync 1 DAGs
[2025-03-19T13:13:59.937+0000] {logging_mixin.py:190} INFO - [2025-03-19T13:13:59.936+0000] {dag.py:4180} INFO - Setting next_dagrun for example_sensors to None, run_after=None
[2025-03-19T13:14:00.033+0000] {processor.py:208} INFO - Processing /home/airflow/.local/lib/python3.12/site-packages/airflow/example_dags/example_sensors.py took 0.306 seconds
[2025-03-19T13:14:30.385+0000] {processor.py:186} INFO - Started process (PID=51848) to work on /home/airflow/.local/lib/python3.12/site-packages/airflow/example_dags/example_sensors.py
[2025-03-19T13:14:30.387+0000] {processor.py:914} INFO - Processing file /home/airflow/.local/lib/python3.12/site-packages/airflow/example_dags/example_sensors.py for tasks to queue
[2025-03-19T13:14:30.389+0000] {logging_mixin.py:190} INFO - [2025-03-19T13:14:30.389+0000] {dagbag.py:588} INFO - Filling up the DagBag from /home/airflow/.local/lib/python3.12/site-packages/airflow/example_dags/example_sensors.py
[2025-03-19T13:14:30.409+0000] {processor.py:925} INFO - DAG(s) 'example_sensors' retrieved from /home/airflow/.local/lib/python3.12/site-packages/airflow/example_dags/example_sensors.py
[2025-03-19T13:14:30.463+0000] {logging_mixin.py:190} INFO - [2025-03-19T13:14:30.463+0000] {dag.py:3239} INFO - Sync 1 DAGs
[2025-03-19T13:14:30.495+0000] {logging_mixin.py:190} INFO - [2025-03-19T13:14:30.494+0000] {dag.py:4180} INFO - Setting next_dagrun for example_sensors to None, run_after=None
[2025-03-19T13:14:30.537+0000] {processor.py:208} INFO - Processing /home/airflow/.local/lib/python3.12/site-packages/airflow/example_dags/example_sensors.py took 0.162 seconds
[2025-03-19T13:15:00.820+0000] {processor.py:186} INFO - Started process (PID=51913) to work on /home/airflow/.local/lib/python3.12/site-packages/airflow/example_dags/example_sensors.py
[2025-03-19T13:15:00.821+0000] {processor.py:914} INFO - Processing file /home/airflow/.local/lib/python3.12/site-packages/airflow/example_dags/example_sensors.py for tasks to queue
[2025-03-19T13:15:00.823+0000] {logging_mixin.py:190} INFO - [2025-03-19T13:15:00.822+0000] {dagbag.py:588} INFO - Filling up the DagBag from /home/airflow/.local/lib/python3.12/site-packages/airflow/example_dags/example_sensors.py
[2025-03-19T13:15:00.845+0000] {processor.py:925} INFO - DAG(s) 'example_sensors' retrieved from /home/airflow/.local/lib/python3.12/site-packages/airflow/example_dags/example_sensors.py
[2025-03-19T13:15:00.887+0000] {logging_mixin.py:190} INFO - [2025-03-19T13:15:00.887+0000] {dag.py:3239} INFO - Sync 1 DAGs
[2025-03-19T13:15:00.912+0000] {logging_mixin.py:190} INFO - [2025-03-19T13:15:00.911+0000] {dag.py:4180} INFO - Setting next_dagrun for example_sensors to None, run_after=None
[2025-03-19T13:15:00.959+0000] {processor.py:208} INFO - Processing /home/airflow/.local/lib/python3.12/site-packages/airflow/example_dags/example_sensors.py took 0.147 seconds
[2025-03-19T13:15:31.427+0000] {processor.py:186} INFO - Started process (PID=51978) to work on /home/airflow/.local/lib/python3.12/site-packages/airflow/example_dags/example_sensors.py
[2025-03-19T13:15:31.429+0000] {processor.py:914} INFO - Processing file /home/airflow/.local/lib/python3.12/site-packages/airflow/example_dags/example_sensors.py for tasks to queue
[2025-03-19T13:15:31.431+0000] {logging_mixin.py:190} INFO - [2025-03-19T13:15:31.430+0000] {dagbag.py:588} INFO - Filling up the DagBag from /home/airflow/.local/lib/python3.12/site-packages/airflow/example_dags/example_sensors.py
[2025-03-19T13:15:31.449+0000] {processor.py:925} INFO - DAG(s) 'example_sensors' retrieved from /home/airflow/.local/lib/python3.12/site-packages/airflow/example_dags/example_sensors.py
[2025-03-19T13:15:31.490+0000] {logging_mixin.py:190} INFO - [2025-03-19T13:15:31.489+0000] {dag.py:3239} INFO - Sync 1 DAGs
[2025-03-19T13:15:31.512+0000] {logging_mixin.py:190} INFO - [2025-03-19T13:15:31.512+0000] {dag.py:4180} INFO - Setting next_dagrun for example_sensors to None, run_after=None
[2025-03-19T13:15:31.558+0000] {processor.py:208} INFO - Processing /home/airflow/.local/lib/python3.12/site-packages/airflow/example_dags/example_sensors.py took 0.140 seconds
[2025-03-19T13:16:01.787+0000] {processor.py:186} INFO - Started process (PID=52044) to work on /home/airflow/.local/lib/python3.12/site-packages/airflow/example_dags/example_sensors.py
[2025-03-19T13:16:01.789+0000] {processor.py:914} INFO - Processing file /home/airflow/.local/lib/python3.12/site-packages/airflow/example_dags/example_sensors.py for tasks to queue
[2025-03-19T13:16:01.797+0000] {logging_mixin.py:190} INFO - [2025-03-19T13:16:01.795+0000] {dagbag.py:588} INFO - Filling up the DagBag from /home/airflow/.local/lib/python3.12/site-packages/airflow/example_dags/example_sensors.py
[2025-03-19T13:16:01.829+0000] {processor.py:925} INFO - DAG(s) 'example_sensors' retrieved from /home/airflow/.local/lib/python3.12/site-packages/airflow/example_dags/example_sensors.py
[2025-03-19T13:16:01.881+0000] {logging_mixin.py:190} INFO - [2025-03-19T13:16:01.881+0000] {dag.py:3239} INFO - Sync 1 DAGs
[2025-03-19T13:16:01.917+0000] {logging_mixin.py:190} INFO - [2025-03-19T13:16:01.917+0000] {dag.py:4180} INFO - Setting next_dagrun for example_sensors to None, run_after=None
[2025-03-19T13:16:01.962+0000] {processor.py:208} INFO - Processing /home/airflow/.local/lib/python3.12/site-packages/airflow/example_dags/example_sensors.py took 0.190 seconds
[2025-03-19T13:16:33.883+0000] {processor.py:186} INFO - Started process (PID=52109) to work on /home/airflow/.local/lib/python3.12/site-packages/airflow/example_dags/example_sensors.py
[2025-03-19T13:16:33.886+0000] {processor.py:914} INFO - Processing file /home/airflow/.local/lib/python3.12/site-packages/airflow/example_dags/example_sensors.py for tasks to queue
[2025-03-19T13:16:33.889+0000] {logging_mixin.py:190} INFO - [2025-03-19T13:16:33.888+0000] {dagbag.py:588} INFO - Filling up the DagBag from /home/airflow/.local/lib/python3.12/site-packages/airflow/example_dags/example_sensors.py
[2025-03-19T13:16:33.916+0000] {processor.py:925} INFO - DAG(s) 'example_sensors' retrieved from /home/airflow/.local/lib/python3.12/site-packages/airflow/example_dags/example_sensors.py
[2025-03-19T13:16:33.990+0000] {logging_mixin.py:190} INFO - [2025-03-19T13:16:33.989+0000] {dag.py:3239} INFO - Sync 1 DAGs
[2025-03-19T13:16:34.032+0000] {logging_mixin.py:190} INFO - [2025-03-19T13:16:34.031+0000] {dag.py:4180} INFO - Setting next_dagrun for example_sensors to None, run_after=None
[2025-03-19T13:16:34.098+0000] {processor.py:208} INFO - Processing /home/airflow/.local/lib/python3.12/site-packages/airflow/example_dags/example_sensors.py took 0.229 seconds
