[2025-03-19T13:11:16.002+0000] {processor.py:186} INFO - Started process (PID=51440) to work on /home/airflow/.local/lib/python3.12/site-packages/airflow/example_dags/example_display_name.py
[2025-03-19T13:11:16.007+0000] {processor.py:914} INFO - Processing file /home/airflow/.local/lib/python3.12/site-packages/airflow/example_dags/example_display_name.py for tasks to queue
[2025-03-19T13:11:16.017+0000] {logging_mixin.py:190} INFO - [2025-03-19T13:11:16.016+0000] {dagbag.py:588} INFO - Filling up the DagBag from /home/airflow/.local/lib/python3.12/site-packages/airflow/example_dags/example_display_name.py
[2025-03-19T13:11:16.066+0000] {processor.py:925} INFO - DAG(s) 'example_display_name' retrieved from /home/airflow/.local/lib/python3.12/site-packages/airflow/example_dags/example_display_name.py
[2025-03-19T13:11:16.176+0000] {logging_mixin.py:190} INFO - [2025-03-19T13:11:16.176+0000] {dag.py:3239} INFO - Sync 1 DAGs
[2025-03-19T13:11:16.294+0000] {logging_mixin.py:190} INFO - [2025-03-19T13:11:16.294+0000] {dag.py:4180} INFO - Setting next_dagrun for example_display_name to None, run_after=None
[2025-03-19T13:11:16.428+0000] {processor.py:208} INFO - Processing /home/airflow/.local/lib/python3.12/site-packages/airflow/example_dags/example_display_name.py took 0.459 seconds
[2025-03-19T13:11:47.426+0000] {processor.py:186} INFO - Started process (PID=51505) to work on /home/airflow/.local/lib/python3.12/site-packages/airflow/example_dags/example_display_name.py
[2025-03-19T13:11:47.428+0000] {processor.py:914} INFO - Processing file /home/airflow/.local/lib/python3.12/site-packages/airflow/example_dags/example_display_name.py for tasks to queue
[2025-03-19T13:11:47.432+0000] {logging_mixin.py:190} INFO - [2025-03-19T13:11:47.431+0000] {dagbag.py:588} INFO - Filling up the DagBag from /home/airflow/.local/lib/python3.12/site-packages/airflow/example_dags/example_display_name.py
[2025-03-19T13:11:47.458+0000] {processor.py:925} INFO - DAG(s) 'example_display_name' retrieved from /home/airflow/.local/lib/python3.12/site-packages/airflow/example_dags/example_display_name.py
[2025-03-19T13:11:47.524+0000] {logging_mixin.py:190} INFO - [2025-03-19T13:11:47.523+0000] {dag.py:3239} INFO - Sync 1 DAGs
[2025-03-19T13:11:47.570+0000] {logging_mixin.py:190} INFO - [2025-03-19T13:11:47.569+0000] {dag.py:4180} INFO - Setting next_dagrun for example_display_name to None, run_after=None
[2025-03-19T13:11:47.615+0000] {processor.py:208} INFO - Processing /home/airflow/.local/lib/python3.12/site-packages/airflow/example_dags/example_display_name.py took 0.208 seconds
[2025-03-19T13:12:18.178+0000] {processor.py:186} INFO - Started process (PID=51576) to work on /home/airflow/.local/lib/python3.12/site-packages/airflow/example_dags/example_display_name.py
[2025-03-19T13:12:18.181+0000] {processor.py:914} INFO - Processing file /home/airflow/.local/lib/python3.12/site-packages/airflow/example_dags/example_display_name.py for tasks to queue
[2025-03-19T13:12:18.186+0000] {logging_mixin.py:190} INFO - [2025-03-19T13:12:18.185+0000] {dagbag.py:588} INFO - Filling up the DagBag from /home/airflow/.local/lib/python3.12/site-packages/airflow/example_dags/example_display_name.py
[2025-03-19T13:12:18.211+0000] {processor.py:925} INFO - DAG(s) 'example_display_name' retrieved from /home/airflow/.local/lib/python3.12/site-packages/airflow/example_dags/example_display_name.py
[2025-03-19T13:12:18.256+0000] {logging_mixin.py:190} INFO - [2025-03-19T13:12:18.255+0000] {dag.py:3239} INFO - Sync 1 DAGs
[2025-03-19T13:12:18.299+0000] {logging_mixin.py:190} INFO - [2025-03-19T13:12:18.298+0000] {dag.py:4180} INFO - Setting next_dagrun for example_display_name to None, run_after=None
[2025-03-19T13:12:18.340+0000] {processor.py:208} INFO - Processing /home/airflow/.local/lib/python3.12/site-packages/airflow/example_dags/example_display_name.py took 0.186 seconds
[2025-03-19T13:12:49.453+0000] {processor.py:186} INFO - Started process (PID=51640) to work on /home/airflow/.local/lib/python3.12/site-packages/airflow/example_dags/example_display_name.py
[2025-03-19T13:12:49.455+0000] {processor.py:914} INFO - Processing file /home/airflow/.local/lib/python3.12/site-packages/airflow/example_dags/example_display_name.py for tasks to queue
[2025-03-19T13:12:49.457+0000] {logging_mixin.py:190} INFO - [2025-03-19T13:12:49.457+0000] {dagbag.py:588} INFO - Filling up the DagBag from /home/airflow/.local/lib/python3.12/site-packages/airflow/example_dags/example_display_name.py
[2025-03-19T13:12:49.471+0000] {processor.py:925} INFO - DAG(s) 'example_display_name' retrieved from /home/airflow/.local/lib/python3.12/site-packages/airflow/example_dags/example_display_name.py
[2025-03-19T13:12:49.508+0000] {logging_mixin.py:190} INFO - [2025-03-19T13:12:49.507+0000] {dag.py:3239} INFO - Sync 1 DAGs
[2025-03-19T13:12:49.539+0000] {logging_mixin.py:190} INFO - [2025-03-19T13:12:49.538+0000] {dag.py:4180} INFO - Setting next_dagrun for example_display_name to None, run_after=None
[2025-03-19T13:12:49.586+0000] {processor.py:208} INFO - Processing /home/airflow/.local/lib/python3.12/site-packages/airflow/example_dags/example_display_name.py took 0.144 seconds
[2025-03-19T13:13:19.709+0000] {processor.py:186} INFO - Started process (PID=51704) to work on /home/airflow/.local/lib/python3.12/site-packages/airflow/example_dags/example_display_name.py
[2025-03-19T13:13:19.710+0000] {processor.py:914} INFO - Processing file /home/airflow/.local/lib/python3.12/site-packages/airflow/example_dags/example_display_name.py for tasks to queue
[2025-03-19T13:13:19.712+0000] {logging_mixin.py:190} INFO - [2025-03-19T13:13:19.712+0000] {dagbag.py:588} INFO - Filling up the DagBag from /home/airflow/.local/lib/python3.12/site-packages/airflow/example_dags/example_display_name.py
[2025-03-19T13:13:19.725+0000] {processor.py:925} INFO - DAG(s) 'example_display_name' retrieved from /home/airflow/.local/lib/python3.12/site-packages/airflow/example_dags/example_display_name.py
[2025-03-19T13:13:19.756+0000] {logging_mixin.py:190} INFO - [2025-03-19T13:13:19.756+0000] {dag.py:3239} INFO - Sync 1 DAGs
[2025-03-19T13:13:19.784+0000] {logging_mixin.py:190} INFO - [2025-03-19T13:13:19.784+0000] {dag.py:4180} INFO - Setting next_dagrun for example_display_name to None, run_after=None
[2025-03-19T13:13:19.824+0000] {processor.py:208} INFO - Processing /home/airflow/.local/lib/python3.12/site-packages/airflow/example_dags/example_display_name.py took 0.127 seconds
[2025-03-19T13:13:50.650+0000] {processor.py:186} INFO - Started process (PID=51769) to work on /home/airflow/.local/lib/python3.12/site-packages/airflow/example_dags/example_display_name.py
[2025-03-19T13:13:50.652+0000] {processor.py:914} INFO - Processing file /home/airflow/.local/lib/python3.12/site-packages/airflow/example_dags/example_display_name.py for tasks to queue
[2025-03-19T13:13:50.655+0000] {logging_mixin.py:190} INFO - [2025-03-19T13:13:50.654+0000] {dagbag.py:588} INFO - Filling up the DagBag from /home/airflow/.local/lib/python3.12/site-packages/airflow/example_dags/example_display_name.py
[2025-03-19T13:13:50.667+0000] {processor.py:925} INFO - DAG(s) 'example_display_name' retrieved from /home/airflow/.local/lib/python3.12/site-packages/airflow/example_dags/example_display_name.py
[2025-03-19T13:13:50.710+0000] {logging_mixin.py:190} INFO - [2025-03-19T13:13:50.710+0000] {dag.py:3239} INFO - Sync 1 DAGs
[2025-03-19T13:13:50.736+0000] {logging_mixin.py:190} INFO - [2025-03-19T13:13:50.735+0000] {dag.py:4180} INFO - Setting next_dagrun for example_display_name to None, run_after=None
[2025-03-19T13:13:50.771+0000] {processor.py:208} INFO - Processing /home/airflow/.local/lib/python3.12/site-packages/airflow/example_dags/example_display_name.py took 0.130 seconds
[2025-03-19T13:14:21.621+0000] {processor.py:186} INFO - Started process (PID=51834) to work on /home/airflow/.local/lib/python3.12/site-packages/airflow/example_dags/example_display_name.py
[2025-03-19T13:14:21.623+0000] {processor.py:914} INFO - Processing file /home/airflow/.local/lib/python3.12/site-packages/airflow/example_dags/example_display_name.py for tasks to queue
[2025-03-19T13:14:21.625+0000] {logging_mixin.py:190} INFO - [2025-03-19T13:14:21.625+0000] {dagbag.py:588} INFO - Filling up the DagBag from /home/airflow/.local/lib/python3.12/site-packages/airflow/example_dags/example_display_name.py
[2025-03-19T13:14:21.640+0000] {processor.py:925} INFO - DAG(s) 'example_display_name' retrieved from /home/airflow/.local/lib/python3.12/site-packages/airflow/example_dags/example_display_name.py
[2025-03-19T13:14:21.674+0000] {logging_mixin.py:190} INFO - [2025-03-19T13:14:21.674+0000] {dag.py:3239} INFO - Sync 1 DAGs
[2025-03-19T13:14:21.705+0000] {logging_mixin.py:190} INFO - [2025-03-19T13:14:21.704+0000] {dag.py:4180} INFO - Setting next_dagrun for example_display_name to None, run_after=None
[2025-03-19T13:14:21.758+0000] {processor.py:208} INFO - Processing /home/airflow/.local/lib/python3.12/site-packages/airflow/example_dags/example_display_name.py took 0.149 seconds
[2025-03-19T13:14:52.770+0000] {processor.py:186} INFO - Started process (PID=51899) to work on /home/airflow/.local/lib/python3.12/site-packages/airflow/example_dags/example_display_name.py
[2025-03-19T13:14:52.772+0000] {processor.py:914} INFO - Processing file /home/airflow/.local/lib/python3.12/site-packages/airflow/example_dags/example_display_name.py for tasks to queue
[2025-03-19T13:14:52.776+0000] {logging_mixin.py:190} INFO - [2025-03-19T13:14:52.775+0000] {dagbag.py:588} INFO - Filling up the DagBag from /home/airflow/.local/lib/python3.12/site-packages/airflow/example_dags/example_display_name.py
[2025-03-19T13:14:52.793+0000] {processor.py:925} INFO - DAG(s) 'example_display_name' retrieved from /home/airflow/.local/lib/python3.12/site-packages/airflow/example_dags/example_display_name.py
[2025-03-19T13:14:52.860+0000] {logging_mixin.py:190} INFO - [2025-03-19T13:14:52.859+0000] {dag.py:3239} INFO - Sync 1 DAGs
[2025-03-19T13:14:52.897+0000] {logging_mixin.py:190} INFO - [2025-03-19T13:14:52.897+0000] {dag.py:4180} INFO - Setting next_dagrun for example_display_name to None, run_after=None
[2025-03-19T13:14:52.962+0000] {processor.py:208} INFO - Processing /home/airflow/.local/lib/python3.12/site-packages/airflow/example_dags/example_display_name.py took 0.202 seconds
[2025-03-19T13:15:23.453+0000] {processor.py:186} INFO - Started process (PID=51963) to work on /home/airflow/.local/lib/python3.12/site-packages/airflow/example_dags/example_display_name.py
[2025-03-19T13:15:23.455+0000] {processor.py:914} INFO - Processing file /home/airflow/.local/lib/python3.12/site-packages/airflow/example_dags/example_display_name.py for tasks to queue
[2025-03-19T13:15:23.459+0000] {logging_mixin.py:190} INFO - [2025-03-19T13:15:23.458+0000] {dagbag.py:588} INFO - Filling up the DagBag from /home/airflow/.local/lib/python3.12/site-packages/airflow/example_dags/example_display_name.py
[2025-03-19T13:15:23.475+0000] {processor.py:925} INFO - DAG(s) 'example_display_name' retrieved from /home/airflow/.local/lib/python3.12/site-packages/airflow/example_dags/example_display_name.py
[2025-03-19T13:15:23.511+0000] {logging_mixin.py:190} INFO - [2025-03-19T13:15:23.511+0000] {dag.py:3239} INFO - Sync 1 DAGs
[2025-03-19T13:15:23.542+0000] {logging_mixin.py:190} INFO - [2025-03-19T13:15:23.541+0000] {dag.py:4180} INFO - Setting next_dagrun for example_display_name to None, run_after=None
[2025-03-19T13:15:23.596+0000] {processor.py:208} INFO - Processing /home/airflow/.local/lib/python3.12/site-packages/airflow/example_dags/example_display_name.py took 0.152 seconds
[2025-03-19T13:15:53.798+0000] {processor.py:186} INFO - Started process (PID=52029) to work on /home/airflow/.local/lib/python3.12/site-packages/airflow/example_dags/example_display_name.py
[2025-03-19T13:15:53.800+0000] {processor.py:914} INFO - Processing file /home/airflow/.local/lib/python3.12/site-packages/airflow/example_dags/example_display_name.py for tasks to queue
[2025-03-19T13:15:53.803+0000] {logging_mixin.py:190} INFO - [2025-03-19T13:15:53.802+0000] {dagbag.py:588} INFO - Filling up the DagBag from /home/airflow/.local/lib/python3.12/site-packages/airflow/example_dags/example_display_name.py
[2025-03-19T13:15:53.816+0000] {processor.py:925} INFO - DAG(s) 'example_display_name' retrieved from /home/airflow/.local/lib/python3.12/site-packages/airflow/example_dags/example_display_name.py
[2025-03-19T13:15:53.852+0000] {logging_mixin.py:190} INFO - [2025-03-19T13:15:53.851+0000] {dag.py:3239} INFO - Sync 1 DAGs
[2025-03-19T13:15:53.880+0000] {logging_mixin.py:190} INFO - [2025-03-19T13:15:53.880+0000] {dag.py:4180} INFO - Setting next_dagrun for example_display_name to None, run_after=None
[2025-03-19T13:15:53.931+0000] {processor.py:208} INFO - Processing /home/airflow/.local/lib/python3.12/site-packages/airflow/example_dags/example_display_name.py took 0.144 seconds
[2025-03-19T13:16:24.121+0000] {processor.py:186} INFO - Started process (PID=52094) to work on /home/airflow/.local/lib/python3.12/site-packages/airflow/example_dags/example_display_name.py
[2025-03-19T13:16:24.122+0000] {processor.py:914} INFO - Processing file /home/airflow/.local/lib/python3.12/site-packages/airflow/example_dags/example_display_name.py for tasks to queue
[2025-03-19T13:16:24.125+0000] {logging_mixin.py:190} INFO - [2025-03-19T13:16:24.124+0000] {dagbag.py:588} INFO - Filling up the DagBag from /home/airflow/.local/lib/python3.12/site-packages/airflow/example_dags/example_display_name.py
[2025-03-19T13:16:24.142+0000] {processor.py:925} INFO - DAG(s) 'example_display_name' retrieved from /home/airflow/.local/lib/python3.12/site-packages/airflow/example_dags/example_display_name.py
[2025-03-19T13:16:24.178+0000] {logging_mixin.py:190} INFO - [2025-03-19T13:16:24.177+0000] {dag.py:3239} INFO - Sync 1 DAGs
[2025-03-19T13:16:24.210+0000] {logging_mixin.py:190} INFO - [2025-03-19T13:16:24.209+0000] {dag.py:4180} INFO - Setting next_dagrun for example_display_name to None, run_after=None
[2025-03-19T13:16:24.254+0000] {processor.py:208} INFO - Processing /home/airflow/.local/lib/python3.12/site-packages/airflow/example_dags/example_display_name.py took 0.145 seconds
[2025-03-19T13:16:54.914+0000] {processor.py:186} INFO - Started process (PID=52159) to work on /home/airflow/.local/lib/python3.12/site-packages/airflow/example_dags/example_display_name.py
[2025-03-19T13:16:54.916+0000] {processor.py:914} INFO - Processing file /home/airflow/.local/lib/python3.12/site-packages/airflow/example_dags/example_display_name.py for tasks to queue
[2025-03-19T13:16:54.919+0000] {logging_mixin.py:190} INFO - [2025-03-19T13:16:54.918+0000] {dagbag.py:588} INFO - Filling up the DagBag from /home/airflow/.local/lib/python3.12/site-packages/airflow/example_dags/example_display_name.py
[2025-03-19T13:16:54.933+0000] {processor.py:925} INFO - DAG(s) 'example_display_name' retrieved from /home/airflow/.local/lib/python3.12/site-packages/airflow/example_dags/example_display_name.py
[2025-03-19T13:16:54.985+0000] {logging_mixin.py:190} INFO - [2025-03-19T13:16:54.984+0000] {dag.py:3239} INFO - Sync 1 DAGs
[2025-03-19T13:16:55.021+0000] {logging_mixin.py:190} INFO - [2025-03-19T13:16:55.020+0000] {dag.py:4180} INFO - Setting next_dagrun for example_display_name to None, run_after=None
[2025-03-19T13:16:55.066+0000] {processor.py:208} INFO - Processing /home/airflow/.local/lib/python3.12/site-packages/airflow/example_dags/example_display_name.py took 0.162 seconds
