[2025-03-19T13:11:31.542+0000] {processor.py:186} INFO - Started process (PID=51468) to work on /home/airflow/.local/lib/python3.12/site-packages/airflow/example_dags/example_branch_datetime_operator.py
[2025-03-19T13:11:31.551+0000] {processor.py:914} INFO - Processing file /home/airflow/.local/lib/python3.12/site-packages/airflow/example_dags/example_branch_datetime_operator.py for tasks to queue
[2025-03-19T13:11:31.562+0000] {logging_mixin.py:190} INFO - [2025-03-19T13:11:31.561+0000] {dagbag.py:588} INFO - Filling up the DagBag from /home/airflow/.local/lib/python3.12/site-packages/airflow/example_dags/example_branch_datetime_operator.py
[2025-03-19T13:11:31.667+0000] {processor.py:925} INFO - DAG(s) 'example_branch_datetime_operator', 'example_branch_datetime_operator_2', 'example_branch_datetime_operator_3' retrieved from /home/airflow/.local/lib/python3.12/site-packages/airflow/example_dags/example_branch_datetime_operator.py
[2025-03-19T13:11:31.870+0000] {logging_mixin.py:190} INFO - [2025-03-19T13:11:31.859+0000] {dag.py:3239} INFO - Sync 3 DAGs
[2025-03-19T13:11:32.079+0000] {logging_mixin.py:190} INFO - [2025-03-19T13:11:32.079+0000] {dag.py:4180} INFO - Setting next_dagrun for example_branch_datetime_operator to 2025-03-18 00:00:00+00:00, run_after=2025-03-19 00:00:00+00:00
[2025-03-19T13:11:32.129+0000] {logging_mixin.py:190} INFO - [2025-03-19T13:11:32.128+0000] {dag.py:4180} INFO - Setting next_dagrun for example_branch_datetime_operator_2 to 2025-03-18 00:00:00+00:00, run_after=2025-03-19 00:00:00+00:00
[2025-03-19T13:11:32.159+0000] {logging_mixin.py:190} INFO - [2025-03-19T13:11:32.148+0000] {dag.py:4180} INFO - Setting next_dagrun for example_branch_datetime_operator_3 to 2025-03-18 00:00:00+00:00, run_after=2025-03-19 00:00:00+00:00
[2025-03-19T13:11:32.269+0000] {processor.py:208} INFO - Processing /home/airflow/.local/lib/python3.12/site-packages/airflow/example_dags/example_branch_datetime_operator.py took 0.765 seconds
[2025-03-19T13:12:03.201+0000] {processor.py:186} INFO - Started process (PID=51533) to work on /home/airflow/.local/lib/python3.12/site-packages/airflow/example_dags/example_branch_datetime_operator.py
[2025-03-19T13:12:03.203+0000] {processor.py:914} INFO - Processing file /home/airflow/.local/lib/python3.12/site-packages/airflow/example_dags/example_branch_datetime_operator.py for tasks to queue
[2025-03-19T13:12:03.206+0000] {logging_mixin.py:190} INFO - [2025-03-19T13:12:03.205+0000] {dagbag.py:588} INFO - Filling up the DagBag from /home/airflow/.local/lib/python3.12/site-packages/airflow/example_dags/example_branch_datetime_operator.py
[2025-03-19T13:12:03.227+0000] {processor.py:925} INFO - DAG(s) 'example_branch_datetime_operator', 'example_branch_datetime_operator_2', 'example_branch_datetime_operator_3' retrieved from /home/airflow/.local/lib/python3.12/site-packages/airflow/example_dags/example_branch_datetime_operator.py
[2025-03-19T13:12:03.280+0000] {logging_mixin.py:190} INFO - [2025-03-19T13:12:03.280+0000] {dag.py:3239} INFO - Sync 3 DAGs
[2025-03-19T13:12:03.322+0000] {logging_mixin.py:190} INFO - [2025-03-19T13:12:03.321+0000] {dag.py:4180} INFO - Setting next_dagrun for example_branch_datetime_operator to 2025-03-18 00:00:00+00:00, run_after=2025-03-19 00:00:00+00:00
[2025-03-19T13:12:03.331+0000] {logging_mixin.py:190} INFO - [2025-03-19T13:12:03.331+0000] {dag.py:4180} INFO - Setting next_dagrun for example_branch_datetime_operator_2 to 2025-03-18 00:00:00+00:00, run_after=2025-03-19 00:00:00+00:00
[2025-03-19T13:12:03.336+0000] {logging_mixin.py:190} INFO - [2025-03-19T13:12:03.335+0000] {dag.py:4180} INFO - Setting next_dagrun for example_branch_datetime_operator_3 to 2025-03-18 00:00:00+00:00, run_after=2025-03-19 00:00:00+00:00
[2025-03-19T13:12:03.384+0000] {processor.py:208} INFO - Processing /home/airflow/.local/lib/python3.12/site-packages/airflow/example_dags/example_branch_datetime_operator.py took 0.192 seconds
[2025-03-19T13:12:33.779+0000] {processor.py:186} INFO - Started process (PID=51604) to work on /home/airflow/.local/lib/python3.12/site-packages/airflow/example_dags/example_branch_datetime_operator.py
[2025-03-19T13:12:33.782+0000] {processor.py:914} INFO - Processing file /home/airflow/.local/lib/python3.12/site-packages/airflow/example_dags/example_branch_datetime_operator.py for tasks to queue
[2025-03-19T13:12:33.786+0000] {logging_mixin.py:190} INFO - [2025-03-19T13:12:33.785+0000] {dagbag.py:588} INFO - Filling up the DagBag from /home/airflow/.local/lib/python3.12/site-packages/airflow/example_dags/example_branch_datetime_operator.py
[2025-03-19T13:12:33.816+0000] {processor.py:925} INFO - DAG(s) 'example_branch_datetime_operator', 'example_branch_datetime_operator_3', 'example_branch_datetime_operator_2' retrieved from /home/airflow/.local/lib/python3.12/site-packages/airflow/example_dags/example_branch_datetime_operator.py
[2025-03-19T13:12:33.883+0000] {logging_mixin.py:190} INFO - [2025-03-19T13:12:33.882+0000] {dag.py:3239} INFO - Sync 3 DAGs
[2025-03-19T13:12:33.946+0000] {logging_mixin.py:190} INFO - [2025-03-19T13:12:33.946+0000] {dag.py:4180} INFO - Setting next_dagrun for example_branch_datetime_operator to 2025-03-18 00:00:00+00:00, run_after=2025-03-19 00:00:00+00:00
[2025-03-19T13:12:33.960+0000] {logging_mixin.py:190} INFO - [2025-03-19T13:12:33.959+0000] {dag.py:4180} INFO - Setting next_dagrun for example_branch_datetime_operator_2 to 2025-03-18 00:00:00+00:00, run_after=2025-03-19 00:00:00+00:00
[2025-03-19T13:12:33.965+0000] {logging_mixin.py:190} INFO - [2025-03-19T13:12:33.965+0000] {dag.py:4180} INFO - Setting next_dagrun for example_branch_datetime_operator_3 to 2025-03-18 00:00:00+00:00, run_after=2025-03-19 00:00:00+00:00
[2025-03-19T13:12:34.011+0000] {processor.py:208} INFO - Processing /home/airflow/.local/lib/python3.12/site-packages/airflow/example_dags/example_branch_datetime_operator.py took 0.245 seconds
[2025-03-19T13:13:04.695+0000] {processor.py:186} INFO - Started process (PID=51669) to work on /home/airflow/.local/lib/python3.12/site-packages/airflow/example_dags/example_branch_datetime_operator.py
[2025-03-19T13:13:04.698+0000] {processor.py:914} INFO - Processing file /home/airflow/.local/lib/python3.12/site-packages/airflow/example_dags/example_branch_datetime_operator.py for tasks to queue
[2025-03-19T13:13:04.700+0000] {logging_mixin.py:190} INFO - [2025-03-19T13:13:04.700+0000] {dagbag.py:588} INFO - Filling up the DagBag from /home/airflow/.local/lib/python3.12/site-packages/airflow/example_dags/example_branch_datetime_operator.py
[2025-03-19T13:13:04.735+0000] {processor.py:925} INFO - DAG(s) 'example_branch_datetime_operator', 'example_branch_datetime_operator_3', 'example_branch_datetime_operator_2' retrieved from /home/airflow/.local/lib/python3.12/site-packages/airflow/example_dags/example_branch_datetime_operator.py
[2025-03-19T13:13:04.804+0000] {logging_mixin.py:190} INFO - [2025-03-19T13:13:04.803+0000] {dag.py:3239} INFO - Sync 3 DAGs
[2025-03-19T13:13:04.867+0000] {logging_mixin.py:190} INFO - [2025-03-19T13:13:04.866+0000] {dag.py:4180} INFO - Setting next_dagrun for example_branch_datetime_operator to 2025-03-18 00:00:00+00:00, run_after=2025-03-19 00:00:00+00:00
[2025-03-19T13:13:04.879+0000] {logging_mixin.py:190} INFO - [2025-03-19T13:13:04.878+0000] {dag.py:4180} INFO - Setting next_dagrun for example_branch_datetime_operator_2 to 2025-03-18 00:00:00+00:00, run_after=2025-03-19 00:00:00+00:00
[2025-03-19T13:13:04.885+0000] {logging_mixin.py:190} INFO - [2025-03-19T13:13:04.885+0000] {dag.py:4180} INFO - Setting next_dagrun for example_branch_datetime_operator_3 to 2025-03-18 00:00:00+00:00, run_after=2025-03-19 00:00:00+00:00
[2025-03-19T13:13:04.925+0000] {processor.py:208} INFO - Processing /home/airflow/.local/lib/python3.12/site-packages/airflow/example_dags/example_branch_datetime_operator.py took 0.243 seconds
[2025-03-19T13:13:36.195+0000] {processor.py:186} INFO - Started process (PID=51734) to work on /home/airflow/.local/lib/python3.12/site-packages/airflow/example_dags/example_branch_datetime_operator.py
[2025-03-19T13:13:36.198+0000] {processor.py:914} INFO - Processing file /home/airflow/.local/lib/python3.12/site-packages/airflow/example_dags/example_branch_datetime_operator.py for tasks to queue
[2025-03-19T13:13:36.201+0000] {logging_mixin.py:190} INFO - [2025-03-19T13:13:36.200+0000] {dagbag.py:588} INFO - Filling up the DagBag from /home/airflow/.local/lib/python3.12/site-packages/airflow/example_dags/example_branch_datetime_operator.py
[2025-03-19T13:13:36.267+0000] {processor.py:925} INFO - DAG(s) 'example_branch_datetime_operator_2', 'example_branch_datetime_operator_3', 'example_branch_datetime_operator' retrieved from /home/airflow/.local/lib/python3.12/site-packages/airflow/example_dags/example_branch_datetime_operator.py
[2025-03-19T13:13:36.414+0000] {logging_mixin.py:190} INFO - [2025-03-19T13:13:36.413+0000] {dag.py:3239} INFO - Sync 3 DAGs
[2025-03-19T13:13:36.516+0000] {logging_mixin.py:190} INFO - [2025-03-19T13:13:36.515+0000] {dag.py:4180} INFO - Setting next_dagrun for example_branch_datetime_operator to 2025-03-18 00:00:00+00:00, run_after=2025-03-19 00:00:00+00:00
[2025-03-19T13:13:36.542+0000] {logging_mixin.py:190} INFO - [2025-03-19T13:13:36.541+0000] {dag.py:4180} INFO - Setting next_dagrun for example_branch_datetime_operator_2 to 2025-03-18 00:00:00+00:00, run_after=2025-03-19 00:00:00+00:00
[2025-03-19T13:13:36.560+0000] {logging_mixin.py:190} INFO - [2025-03-19T13:13:36.560+0000] {dag.py:4180} INFO - Setting next_dagrun for example_branch_datetime_operator_3 to 2025-03-18 00:00:00+00:00, run_after=2025-03-19 00:00:00+00:00
[2025-03-19T13:13:36.622+0000] {processor.py:208} INFO - Processing /home/airflow/.local/lib/python3.12/site-packages/airflow/example_dags/example_branch_datetime_operator.py took 0.460 seconds
[2025-03-19T13:14:07.475+0000] {processor.py:186} INFO - Started process (PID=51796) to work on /home/airflow/.local/lib/python3.12/site-packages/airflow/example_dags/example_branch_datetime_operator.py
[2025-03-19T13:14:07.477+0000] {processor.py:914} INFO - Processing file /home/airflow/.local/lib/python3.12/site-packages/airflow/example_dags/example_branch_datetime_operator.py for tasks to queue
[2025-03-19T13:14:07.480+0000] {logging_mixin.py:190} INFO - [2025-03-19T13:14:07.479+0000] {dagbag.py:588} INFO - Filling up the DagBag from /home/airflow/.local/lib/python3.12/site-packages/airflow/example_dags/example_branch_datetime_operator.py
[2025-03-19T13:14:07.500+0000] {processor.py:925} INFO - DAG(s) 'example_branch_datetime_operator_2', 'example_branch_datetime_operator', 'example_branch_datetime_operator_3' retrieved from /home/airflow/.local/lib/python3.12/site-packages/airflow/example_dags/example_branch_datetime_operator.py
[2025-03-19T13:14:07.550+0000] {logging_mixin.py:190} INFO - [2025-03-19T13:14:07.550+0000] {dag.py:3239} INFO - Sync 3 DAGs
[2025-03-19T13:14:07.596+0000] {logging_mixin.py:190} INFO - [2025-03-19T13:14:07.596+0000] {dag.py:4180} INFO - Setting next_dagrun for example_branch_datetime_operator to 2025-03-18 00:00:00+00:00, run_after=2025-03-19 00:00:00+00:00
[2025-03-19T13:14:07.605+0000] {logging_mixin.py:190} INFO - [2025-03-19T13:14:07.605+0000] {dag.py:4180} INFO - Setting next_dagrun for example_branch_datetime_operator_2 to 2025-03-18 00:00:00+00:00, run_after=2025-03-19 00:00:00+00:00
[2025-03-19T13:14:07.611+0000] {logging_mixin.py:190} INFO - [2025-03-19T13:14:07.610+0000] {dag.py:4180} INFO - Setting next_dagrun for example_branch_datetime_operator_3 to 2025-03-18 00:00:00+00:00, run_after=2025-03-19 00:00:00+00:00
[2025-03-19T13:14:07.654+0000] {processor.py:208} INFO - Processing /home/airflow/.local/lib/python3.12/site-packages/airflow/example_dags/example_branch_datetime_operator.py took 0.187 seconds
[2025-03-19T13:14:38.244+0000] {processor.py:186} INFO - Started process (PID=51861) to work on /home/airflow/.local/lib/python3.12/site-packages/airflow/example_dags/example_branch_datetime_operator.py
[2025-03-19T13:14:38.246+0000] {processor.py:914} INFO - Processing file /home/airflow/.local/lib/python3.12/site-packages/airflow/example_dags/example_branch_datetime_operator.py for tasks to queue
[2025-03-19T13:14:38.248+0000] {logging_mixin.py:190} INFO - [2025-03-19T13:14:38.248+0000] {dagbag.py:588} INFO - Filling up the DagBag from /home/airflow/.local/lib/python3.12/site-packages/airflow/example_dags/example_branch_datetime_operator.py
[2025-03-19T13:14:38.268+0000] {processor.py:925} INFO - DAG(s) 'example_branch_datetime_operator', 'example_branch_datetime_operator_3', 'example_branch_datetime_operator_2' retrieved from /home/airflow/.local/lib/python3.12/site-packages/airflow/example_dags/example_branch_datetime_operator.py
[2025-03-19T13:14:38.318+0000] {logging_mixin.py:190} INFO - [2025-03-19T13:14:38.317+0000] {dag.py:3239} INFO - Sync 3 DAGs
[2025-03-19T13:14:38.384+0000] {logging_mixin.py:190} INFO - [2025-03-19T13:14:38.383+0000] {dag.py:4180} INFO - Setting next_dagrun for example_branch_datetime_operator to 2025-03-18 00:00:00+00:00, run_after=2025-03-19 00:00:00+00:00
[2025-03-19T13:14:38.396+0000] {logging_mixin.py:190} INFO - [2025-03-19T13:14:38.395+0000] {dag.py:4180} INFO - Setting next_dagrun for example_branch_datetime_operator_2 to 2025-03-18 00:00:00+00:00, run_after=2025-03-19 00:00:00+00:00
[2025-03-19T13:14:38.402+0000] {logging_mixin.py:190} INFO - [2025-03-19T13:14:38.401+0000] {dag.py:4180} INFO - Setting next_dagrun for example_branch_datetime_operator_3 to 2025-03-18 00:00:00+00:00, run_after=2025-03-19 00:00:00+00:00
[2025-03-19T13:14:38.435+0000] {processor.py:208} INFO - Processing /home/airflow/.local/lib/python3.12/site-packages/airflow/example_dags/example_branch_datetime_operator.py took 0.200 seconds
[2025-03-19T13:15:08.705+0000] {processor.py:186} INFO - Started process (PID=51925) to work on /home/airflow/.local/lib/python3.12/site-packages/airflow/example_dags/example_branch_datetime_operator.py
[2025-03-19T13:15:08.707+0000] {processor.py:914} INFO - Processing file /home/airflow/.local/lib/python3.12/site-packages/airflow/example_dags/example_branch_datetime_operator.py for tasks to queue
[2025-03-19T13:15:08.712+0000] {logging_mixin.py:190} INFO - [2025-03-19T13:15:08.711+0000] {dagbag.py:588} INFO - Filling up the DagBag from /home/airflow/.local/lib/python3.12/site-packages/airflow/example_dags/example_branch_datetime_operator.py
[2025-03-19T13:15:08.741+0000] {processor.py:925} INFO - DAG(s) 'example_branch_datetime_operator', 'example_branch_datetime_operator_3', 'example_branch_datetime_operator_2' retrieved from /home/airflow/.local/lib/python3.12/site-packages/airflow/example_dags/example_branch_datetime_operator.py
[2025-03-19T13:15:08.798+0000] {logging_mixin.py:190} INFO - [2025-03-19T13:15:08.798+0000] {dag.py:3239} INFO - Sync 3 DAGs
[2025-03-19T13:15:08.848+0000] {logging_mixin.py:190} INFO - [2025-03-19T13:15:08.848+0000] {dag.py:4180} INFO - Setting next_dagrun for example_branch_datetime_operator to 2025-03-18 00:00:00+00:00, run_after=2025-03-19 00:00:00+00:00
[2025-03-19T13:15:08.857+0000] {logging_mixin.py:190} INFO - [2025-03-19T13:15:08.856+0000] {dag.py:4180} INFO - Setting next_dagrun for example_branch_datetime_operator_2 to 2025-03-18 00:00:00+00:00, run_after=2025-03-19 00:00:00+00:00
[2025-03-19T13:15:08.863+0000] {logging_mixin.py:190} INFO - [2025-03-19T13:15:08.862+0000] {dag.py:4180} INFO - Setting next_dagrun for example_branch_datetime_operator_3 to 2025-03-18 00:00:00+00:00, run_after=2025-03-19 00:00:00+00:00
[2025-03-19T13:15:08.909+0000] {processor.py:208} INFO - Processing /home/airflow/.local/lib/python3.12/site-packages/airflow/example_dags/example_branch_datetime_operator.py took 0.215 seconds
[2025-03-19T13:15:40.217+0000] {processor.py:186} INFO - Started process (PID=51991) to work on /home/airflow/.local/lib/python3.12/site-packages/airflow/example_dags/example_branch_datetime_operator.py
[2025-03-19T13:15:40.219+0000] {processor.py:914} INFO - Processing file /home/airflow/.local/lib/python3.12/site-packages/airflow/example_dags/example_branch_datetime_operator.py for tasks to queue
[2025-03-19T13:15:40.222+0000] {logging_mixin.py:190} INFO - [2025-03-19T13:15:40.221+0000] {dagbag.py:588} INFO - Filling up the DagBag from /home/airflow/.local/lib/python3.12/site-packages/airflow/example_dags/example_branch_datetime_operator.py
[2025-03-19T13:15:40.248+0000] {processor.py:925} INFO - DAG(s) 'example_branch_datetime_operator', 'example_branch_datetime_operator_3', 'example_branch_datetime_operator_2' retrieved from /home/airflow/.local/lib/python3.12/site-packages/airflow/example_dags/example_branch_datetime_operator.py
[2025-03-19T13:15:40.309+0000] {logging_mixin.py:190} INFO - [2025-03-19T13:15:40.308+0000] {dag.py:3239} INFO - Sync 3 DAGs
[2025-03-19T13:15:40.354+0000] {logging_mixin.py:190} INFO - [2025-03-19T13:15:40.353+0000] {dag.py:4180} INFO - Setting next_dagrun for example_branch_datetime_operator to 2025-03-18 00:00:00+00:00, run_after=2025-03-19 00:00:00+00:00
[2025-03-19T13:15:40.363+0000] {logging_mixin.py:190} INFO - [2025-03-19T13:15:40.363+0000] {dag.py:4180} INFO - Setting next_dagrun for example_branch_datetime_operator_2 to 2025-03-18 00:00:00+00:00, run_after=2025-03-19 00:00:00+00:00
[2025-03-19T13:15:40.368+0000] {logging_mixin.py:190} INFO - [2025-03-19T13:15:40.368+0000] {dag.py:4180} INFO - Setting next_dagrun for example_branch_datetime_operator_3 to 2025-03-18 00:00:00+00:00, run_after=2025-03-19 00:00:00+00:00
[2025-03-19T13:15:40.418+0000] {processor.py:208} INFO - Processing /home/airflow/.local/lib/python3.12/site-packages/airflow/example_dags/example_branch_datetime_operator.py took 0.213 seconds
[2025-03-19T13:16:11.645+0000] {processor.py:186} INFO - Started process (PID=52056) to work on /home/airflow/.local/lib/python3.12/site-packages/airflow/example_dags/example_branch_datetime_operator.py
[2025-03-19T13:16:11.647+0000] {processor.py:914} INFO - Processing file /home/airflow/.local/lib/python3.12/site-packages/airflow/example_dags/example_branch_datetime_operator.py for tasks to queue
[2025-03-19T13:16:11.651+0000] {logging_mixin.py:190} INFO - [2025-03-19T13:16:11.650+0000] {dagbag.py:588} INFO - Filling up the DagBag from /home/airflow/.local/lib/python3.12/site-packages/airflow/example_dags/example_branch_datetime_operator.py
[2025-03-19T13:16:11.708+0000] {processor.py:925} INFO - DAG(s) 'example_branch_datetime_operator_2', 'example_branch_datetime_operator', 'example_branch_datetime_operator_3' retrieved from /home/airflow/.local/lib/python3.12/site-packages/airflow/example_dags/example_branch_datetime_operator.py
[2025-03-19T13:16:11.834+0000] {logging_mixin.py:190} INFO - [2025-03-19T13:16:11.833+0000] {dag.py:3239} INFO - Sync 3 DAGs
[2025-03-19T13:16:11.945+0000] {logging_mixin.py:190} INFO - [2025-03-19T13:16:11.945+0000] {dag.py:4180} INFO - Setting next_dagrun for example_branch_datetime_operator to 2025-03-18 00:00:00+00:00, run_after=2025-03-19 00:00:00+00:00
[2025-03-19T13:16:11.979+0000] {logging_mixin.py:190} INFO - [2025-03-19T13:16:11.977+0000] {dag.py:4180} INFO - Setting next_dagrun for example_branch_datetime_operator_2 to 2025-03-18 00:00:00+00:00, run_after=2025-03-19 00:00:00+00:00
[2025-03-19T13:16:11.989+0000] {logging_mixin.py:190} INFO - [2025-03-19T13:16:11.988+0000] {dag.py:4180} INFO - Setting next_dagrun for example_branch_datetime_operator_3 to 2025-03-18 00:00:00+00:00, run_after=2025-03-19 00:00:00+00:00
[2025-03-19T13:16:12.054+0000] {processor.py:208} INFO - Processing /home/airflow/.local/lib/python3.12/site-packages/airflow/example_dags/example_branch_datetime_operator.py took 0.430 seconds
[2025-03-19T13:16:42.439+0000] {processor.py:186} INFO - Started process (PID=52120) to work on /home/airflow/.local/lib/python3.12/site-packages/airflow/example_dags/example_branch_datetime_operator.py
[2025-03-19T13:16:42.443+0000] {processor.py:914} INFO - Processing file /home/airflow/.local/lib/python3.12/site-packages/airflow/example_dags/example_branch_datetime_operator.py for tasks to queue
[2025-03-19T13:16:42.447+0000] {logging_mixin.py:190} INFO - [2025-03-19T13:16:42.446+0000] {dagbag.py:588} INFO - Filling up the DagBag from /home/airflow/.local/lib/python3.12/site-packages/airflow/example_dags/example_branch_datetime_operator.py
[2025-03-19T13:16:42.490+0000] {processor.py:925} INFO - DAG(s) 'example_branch_datetime_operator', 'example_branch_datetime_operator_2', 'example_branch_datetime_operator_3' retrieved from /home/airflow/.local/lib/python3.12/site-packages/airflow/example_dags/example_branch_datetime_operator.py
[2025-03-19T13:16:42.553+0000] {logging_mixin.py:190} INFO - [2025-03-19T13:16:42.552+0000] {dag.py:3239} INFO - Sync 3 DAGs
[2025-03-19T13:16:42.616+0000] {logging_mixin.py:190} INFO - [2025-03-19T13:16:42.615+0000] {dag.py:4180} INFO - Setting next_dagrun for example_branch_datetime_operator to 2025-03-18 00:00:00+00:00, run_after=2025-03-19 00:00:00+00:00
[2025-03-19T13:16:42.634+0000] {logging_mixin.py:190} INFO - [2025-03-19T13:16:42.633+0000] {dag.py:4180} INFO - Setting next_dagrun for example_branch_datetime_operator_2 to 2025-03-18 00:00:00+00:00, run_after=2025-03-19 00:00:00+00:00
[2025-03-19T13:16:42.641+0000] {logging_mixin.py:190} INFO - [2025-03-19T13:16:42.640+0000] {dag.py:4180} INFO - Setting next_dagrun for example_branch_datetime_operator_3 to 2025-03-18 00:00:00+00:00, run_after=2025-03-19 00:00:00+00:00
[2025-03-19T13:16:42.701+0000] {processor.py:208} INFO - Processing /home/airflow/.local/lib/python3.12/site-packages/airflow/example_dags/example_branch_datetime_operator.py took 0.277 seconds
[2025-03-19T18:29:04.641+0000] {processor.py:186} INFO - Started process (PID=52175) to work on /home/airflow/.local/lib/python3.12/site-packages/airflow/example_dags/example_branch_datetime_operator.py
[2025-03-19T18:29:04.644+0000] {processor.py:914} INFO - Processing file /home/airflow/.local/lib/python3.12/site-packages/airflow/example_dags/example_branch_datetime_operator.py for tasks to queue
[2025-03-19T18:29:04.648+0000] {logging_mixin.py:190} INFO - [2025-03-19T18:29:04.647+0000] {dagbag.py:588} INFO - Filling up the DagBag from /home/airflow/.local/lib/python3.12/site-packages/airflow/example_dags/example_branch_datetime_operator.py
[2025-03-19T18:29:04.719+0000] {processor.py:925} INFO - DAG(s) 'example_branch_datetime_operator_2', 'example_branch_datetime_operator_3', 'example_branch_datetime_operator' retrieved from /home/airflow/.local/lib/python3.12/site-packages/airflow/example_dags/example_branch_datetime_operator.py
[2025-03-19T18:29:04.892+0000] {logging_mixin.py:190} INFO - [2025-03-19T18:29:04.891+0000] {dag.py:3239} INFO - Sync 3 DAGs
[2025-03-19T18:29:05.080+0000] {logging_mixin.py:190} INFO - [2025-03-19T18:29:05.070+0000] {dag.py:4180} INFO - Setting next_dagrun for example_branch_datetime_operator to 2025-03-18 00:00:00+00:00, run_after=2025-03-19 00:00:00+00:00
[2025-03-19T18:29:05.117+0000] {logging_mixin.py:190} INFO - [2025-03-19T18:29:05.116+0000] {dag.py:4180} INFO - Setting next_dagrun for example_branch_datetime_operator_2 to 2025-03-18 00:00:00+00:00, run_after=2025-03-19 00:00:00+00:00
[2025-03-19T18:29:05.143+0000] {logging_mixin.py:190} INFO - [2025-03-19T18:29:05.134+0000] {dag.py:4180} INFO - Setting next_dagrun for example_branch_datetime_operator_3 to 2025-03-18 00:00:00+00:00, run_after=2025-03-19 00:00:00+00:00
[2025-03-19T18:29:05.244+0000] {processor.py:208} INFO - Processing /home/airflow/.local/lib/python3.12/site-packages/airflow/example_dags/example_branch_datetime_operator.py took 0.636 seconds
