[2025-03-19T13:11:13.812+0000] {processor.py:186} INFO - Started process (PID=51430) to work on /home/airflow/.local/lib/python3.12/site-packages/airflow/example_dags/example_sensor_decorator.py
[2025-03-19T13:11:13.829+0000] {processor.py:914} INFO - Processing file /home/airflow/.local/lib/python3.12/site-packages/airflow/example_dags/example_sensor_decorator.py for tasks to queue
[2025-03-19T13:11:13.927+0000] {logging_mixin.py:190} INFO - [2025-03-19T13:11:13.926+0000] {dagbag.py:588} INFO - Filling up the DagBag from /home/airflow/.local/lib/python3.12/site-packages/airflow/example_dags/example_sensor_decorator.py
[2025-03-19T13:11:14.022+0000] {processor.py:925} INFO - DAG(s) 'example_sensor_decorator' retrieved from /home/airflow/.local/lib/python3.12/site-packages/airflow/example_dags/example_sensor_decorator.py
[2025-03-19T13:11:14.145+0000] {logging_mixin.py:190} INFO - [2025-03-19T13:11:14.135+0000] {dag.py:3239} INFO - Sync 1 DAGs
[2025-03-19T13:11:14.280+0000] {logging_mixin.py:190} INFO - [2025-03-19T13:11:14.280+0000] {dag.py:4180} INFO - Setting next_dagrun for example_sensor_decorator to None, run_after=None
[2025-03-19T13:11:14.438+0000] {processor.py:208} INFO - Processing /home/airflow/.local/lib/python3.12/site-packages/airflow/example_dags/example_sensor_decorator.py took 0.653 seconds
[2025-03-19T13:11:46.188+0000] {processor.py:186} INFO - Started process (PID=51501) to work on /home/airflow/.local/lib/python3.12/site-packages/airflow/example_dags/example_sensor_decorator.py
[2025-03-19T13:11:46.190+0000] {processor.py:914} INFO - Processing file /home/airflow/.local/lib/python3.12/site-packages/airflow/example_dags/example_sensor_decorator.py for tasks to queue
[2025-03-19T13:11:46.192+0000] {logging_mixin.py:190} INFO - [2025-03-19T13:11:46.191+0000] {dagbag.py:588} INFO - Filling up the DagBag from /home/airflow/.local/lib/python3.12/site-packages/airflow/example_dags/example_sensor_decorator.py
[2025-03-19T13:11:46.209+0000] {processor.py:925} INFO - DAG(s) 'example_sensor_decorator' retrieved from /home/airflow/.local/lib/python3.12/site-packages/airflow/example_dags/example_sensor_decorator.py
[2025-03-19T13:11:46.243+0000] {logging_mixin.py:190} INFO - [2025-03-19T13:11:46.243+0000] {dag.py:3239} INFO - Sync 1 DAGs
[2025-03-19T13:11:46.303+0000] {logging_mixin.py:190} INFO - [2025-03-19T13:11:46.302+0000] {dag.py:4180} INFO - Setting next_dagrun for example_sensor_decorator to None, run_after=None
[2025-03-19T13:11:46.356+0000] {processor.py:208} INFO - Processing /home/airflow/.local/lib/python3.12/site-packages/airflow/example_dags/example_sensor_decorator.py took 0.179 seconds
[2025-03-19T13:12:17.106+0000] {processor.py:186} INFO - Started process (PID=51571) to work on /home/airflow/.local/lib/python3.12/site-packages/airflow/example_dags/example_sensor_decorator.py
[2025-03-19T13:12:17.108+0000] {processor.py:914} INFO - Processing file /home/airflow/.local/lib/python3.12/site-packages/airflow/example_dags/example_sensor_decorator.py for tasks to queue
[2025-03-19T13:12:17.112+0000] {logging_mixin.py:190} INFO - [2025-03-19T13:12:17.112+0000] {dagbag.py:588} INFO - Filling up the DagBag from /home/airflow/.local/lib/python3.12/site-packages/airflow/example_dags/example_sensor_decorator.py
[2025-03-19T13:12:17.141+0000] {processor.py:925} INFO - DAG(s) 'example_sensor_decorator' retrieved from /home/airflow/.local/lib/python3.12/site-packages/airflow/example_dags/example_sensor_decorator.py
[2025-03-19T13:12:17.194+0000] {logging_mixin.py:190} INFO - [2025-03-19T13:12:17.194+0000] {dag.py:3239} INFO - Sync 1 DAGs
[2025-03-19T13:12:17.245+0000] {logging_mixin.py:190} INFO - [2025-03-19T13:12:17.244+0000] {dag.py:4180} INFO - Setting next_dagrun for example_sensor_decorator to None, run_after=None
[2025-03-19T13:12:17.298+0000] {processor.py:208} INFO - Processing /home/airflow/.local/lib/python3.12/site-packages/airflow/example_dags/example_sensor_decorator.py took 0.206 seconds
[2025-03-19T13:12:48.080+0000] {processor.py:186} INFO - Started process (PID=51636) to work on /home/airflow/.local/lib/python3.12/site-packages/airflow/example_dags/example_sensor_decorator.py
[2025-03-19T13:12:48.082+0000] {processor.py:914} INFO - Processing file /home/airflow/.local/lib/python3.12/site-packages/airflow/example_dags/example_sensor_decorator.py for tasks to queue
[2025-03-19T13:12:48.085+0000] {logging_mixin.py:190} INFO - [2025-03-19T13:12:48.084+0000] {dagbag.py:588} INFO - Filling up the DagBag from /home/airflow/.local/lib/python3.12/site-packages/airflow/example_dags/example_sensor_decorator.py
[2025-03-19T13:12:48.099+0000] {processor.py:925} INFO - DAG(s) 'example_sensor_decorator' retrieved from /home/airflow/.local/lib/python3.12/site-packages/airflow/example_dags/example_sensor_decorator.py
[2025-03-19T13:12:48.137+0000] {logging_mixin.py:190} INFO - [2025-03-19T13:12:48.136+0000] {dag.py:3239} INFO - Sync 1 DAGs
[2025-03-19T13:12:48.171+0000] {logging_mixin.py:190} INFO - [2025-03-19T13:12:48.171+0000] {dag.py:4180} INFO - Setting next_dagrun for example_sensor_decorator to None, run_after=None
[2025-03-19T13:12:48.252+0000] {processor.py:208} INFO - Processing /home/airflow/.local/lib/python3.12/site-packages/airflow/example_dags/example_sensor_decorator.py took 0.181 seconds
[2025-03-19T13:13:18.412+0000] {processor.py:186} INFO - Started process (PID=51700) to work on /home/airflow/.local/lib/python3.12/site-packages/airflow/example_dags/example_sensor_decorator.py
[2025-03-19T13:13:18.414+0000] {processor.py:914} INFO - Processing file /home/airflow/.local/lib/python3.12/site-packages/airflow/example_dags/example_sensor_decorator.py for tasks to queue
[2025-03-19T13:13:18.417+0000] {logging_mixin.py:190} INFO - [2025-03-19T13:13:18.416+0000] {dagbag.py:588} INFO - Filling up the DagBag from /home/airflow/.local/lib/python3.12/site-packages/airflow/example_dags/example_sensor_decorator.py
[2025-03-19T13:13:18.433+0000] {processor.py:925} INFO - DAG(s) 'example_sensor_decorator' retrieved from /home/airflow/.local/lib/python3.12/site-packages/airflow/example_dags/example_sensor_decorator.py
[2025-03-19T13:13:18.469+0000] {logging_mixin.py:190} INFO - [2025-03-19T13:13:18.469+0000] {dag.py:3239} INFO - Sync 1 DAGs
[2025-03-19T13:13:18.495+0000] {logging_mixin.py:190} INFO - [2025-03-19T13:13:18.494+0000] {dag.py:4180} INFO - Setting next_dagrun for example_sensor_decorator to None, run_after=None
[2025-03-19T13:13:18.529+0000] {processor.py:208} INFO - Processing /home/airflow/.local/lib/python3.12/site-packages/airflow/example_dags/example_sensor_decorator.py took 0.126 seconds
[2025-03-19T13:13:49.208+0000] {processor.py:186} INFO - Started process (PID=51765) to work on /home/airflow/.local/lib/python3.12/site-packages/airflow/example_dags/example_sensor_decorator.py
[2025-03-19T13:13:49.210+0000] {processor.py:914} INFO - Processing file /home/airflow/.local/lib/python3.12/site-packages/airflow/example_dags/example_sensor_decorator.py for tasks to queue
[2025-03-19T13:13:49.212+0000] {logging_mixin.py:190} INFO - [2025-03-19T13:13:49.212+0000] {dagbag.py:588} INFO - Filling up the DagBag from /home/airflow/.local/lib/python3.12/site-packages/airflow/example_dags/example_sensor_decorator.py
[2025-03-19T13:13:49.226+0000] {processor.py:925} INFO - DAG(s) 'example_sensor_decorator' retrieved from /home/airflow/.local/lib/python3.12/site-packages/airflow/example_dags/example_sensor_decorator.py
[2025-03-19T13:13:49.261+0000] {logging_mixin.py:190} INFO - [2025-03-19T13:13:49.261+0000] {dag.py:3239} INFO - Sync 1 DAGs
[2025-03-19T13:13:49.289+0000] {logging_mixin.py:190} INFO - [2025-03-19T13:13:49.288+0000] {dag.py:4180} INFO - Setting next_dagrun for example_sensor_decorator to None, run_after=None
[2025-03-19T13:13:49.336+0000] {processor.py:208} INFO - Processing /home/airflow/.local/lib/python3.12/site-packages/airflow/example_dags/example_sensor_decorator.py took 0.138 seconds
[2025-03-19T13:14:20.217+0000] {processor.py:186} INFO - Started process (PID=51830) to work on /home/airflow/.local/lib/python3.12/site-packages/airflow/example_dags/example_sensor_decorator.py
[2025-03-19T13:14:20.219+0000] {processor.py:914} INFO - Processing file /home/airflow/.local/lib/python3.12/site-packages/airflow/example_dags/example_sensor_decorator.py for tasks to queue
[2025-03-19T13:14:20.223+0000] {logging_mixin.py:190} INFO - [2025-03-19T13:14:20.222+0000] {dagbag.py:588} INFO - Filling up the DagBag from /home/airflow/.local/lib/python3.12/site-packages/airflow/example_dags/example_sensor_decorator.py
[2025-03-19T13:14:20.236+0000] {processor.py:925} INFO - DAG(s) 'example_sensor_decorator' retrieved from /home/airflow/.local/lib/python3.12/site-packages/airflow/example_dags/example_sensor_decorator.py
[2025-03-19T13:14:20.275+0000] {logging_mixin.py:190} INFO - [2025-03-19T13:14:20.274+0000] {dag.py:3239} INFO - Sync 1 DAGs
[2025-03-19T13:14:20.311+0000] {logging_mixin.py:190} INFO - [2025-03-19T13:14:20.311+0000] {dag.py:4180} INFO - Setting next_dagrun for example_sensor_decorator to None, run_after=None
[2025-03-19T13:14:20.346+0000] {processor.py:208} INFO - Processing /home/airflow/.local/lib/python3.12/site-packages/airflow/example_dags/example_sensor_decorator.py took 0.140 seconds
[2025-03-19T13:14:50.474+0000] {processor.py:186} INFO - Started process (PID=51894) to work on /home/airflow/.local/lib/python3.12/site-packages/airflow/example_dags/example_sensor_decorator.py
[2025-03-19T13:14:50.476+0000] {processor.py:914} INFO - Processing file /home/airflow/.local/lib/python3.12/site-packages/airflow/example_dags/example_sensor_decorator.py for tasks to queue
[2025-03-19T13:14:50.479+0000] {logging_mixin.py:190} INFO - [2025-03-19T13:14:50.479+0000] {dagbag.py:588} INFO - Filling up the DagBag from /home/airflow/.local/lib/python3.12/site-packages/airflow/example_dags/example_sensor_decorator.py
[2025-03-19T13:14:50.498+0000] {processor.py:925} INFO - DAG(s) 'example_sensor_decorator' retrieved from /home/airflow/.local/lib/python3.12/site-packages/airflow/example_dags/example_sensor_decorator.py
[2025-03-19T13:14:50.543+0000] {logging_mixin.py:190} INFO - [2025-03-19T13:14:50.543+0000] {dag.py:3239} INFO - Sync 1 DAGs
[2025-03-19T13:14:50.577+0000] {logging_mixin.py:190} INFO - [2025-03-19T13:14:50.577+0000] {dag.py:4180} INFO - Setting next_dagrun for example_sensor_decorator to None, run_after=None
[2025-03-19T13:14:50.630+0000] {processor.py:208} INFO - Processing /home/airflow/.local/lib/python3.12/site-packages/airflow/example_dags/example_sensor_decorator.py took 0.168 seconds
[2025-03-19T13:15:20.912+0000] {processor.py:186} INFO - Started process (PID=51959) to work on /home/airflow/.local/lib/python3.12/site-packages/airflow/example_dags/example_sensor_decorator.py
[2025-03-19T13:15:20.913+0000] {processor.py:914} INFO - Processing file /home/airflow/.local/lib/python3.12/site-packages/airflow/example_dags/example_sensor_decorator.py for tasks to queue
[2025-03-19T13:15:20.916+0000] {logging_mixin.py:190} INFO - [2025-03-19T13:15:20.915+0000] {dagbag.py:588} INFO - Filling up the DagBag from /home/airflow/.local/lib/python3.12/site-packages/airflow/example_dags/example_sensor_decorator.py
[2025-03-19T13:15:20.934+0000] {processor.py:925} INFO - DAG(s) 'example_sensor_decorator' retrieved from /home/airflow/.local/lib/python3.12/site-packages/airflow/example_dags/example_sensor_decorator.py
[2025-03-19T13:15:20.970+0000] {logging_mixin.py:190} INFO - [2025-03-19T13:15:20.969+0000] {dag.py:3239} INFO - Sync 1 DAGs
[2025-03-19T13:15:21.000+0000] {logging_mixin.py:190} INFO - [2025-03-19T13:15:21.000+0000] {dag.py:4180} INFO - Setting next_dagrun for example_sensor_decorator to None, run_after=None
[2025-03-19T13:15:21.048+0000] {processor.py:208} INFO - Processing /home/airflow/.local/lib/python3.12/site-packages/airflow/example_dags/example_sensor_decorator.py took 0.149 seconds
[2025-03-19T13:15:51.254+0000] {processor.py:186} INFO - Started process (PID=52025) to work on /home/airflow/.local/lib/python3.12/site-packages/airflow/example_dags/example_sensor_decorator.py
[2025-03-19T13:15:51.257+0000] {processor.py:914} INFO - Processing file /home/airflow/.local/lib/python3.12/site-packages/airflow/example_dags/example_sensor_decorator.py for tasks to queue
[2025-03-19T13:15:51.260+0000] {logging_mixin.py:190} INFO - [2025-03-19T13:15:51.259+0000] {dagbag.py:588} INFO - Filling up the DagBag from /home/airflow/.local/lib/python3.12/site-packages/airflow/example_dags/example_sensor_decorator.py
[2025-03-19T13:15:51.282+0000] {processor.py:925} INFO - DAG(s) 'example_sensor_decorator' retrieved from /home/airflow/.local/lib/python3.12/site-packages/airflow/example_dags/example_sensor_decorator.py
[2025-03-19T13:15:51.323+0000] {logging_mixin.py:190} INFO - [2025-03-19T13:15:51.323+0000] {dag.py:3239} INFO - Sync 1 DAGs
[2025-03-19T13:15:51.353+0000] {logging_mixin.py:190} INFO - [2025-03-19T13:15:51.352+0000] {dag.py:4180} INFO - Setting next_dagrun for example_sensor_decorator to None, run_after=None
[2025-03-19T13:15:51.402+0000] {processor.py:208} INFO - Processing /home/airflow/.local/lib/python3.12/site-packages/airflow/example_dags/example_sensor_decorator.py took 0.162 seconds
[2025-03-19T13:16:21.607+0000] {processor.py:186} INFO - Started process (PID=52090) to work on /home/airflow/.local/lib/python3.12/site-packages/airflow/example_dags/example_sensor_decorator.py
[2025-03-19T13:16:21.608+0000] {processor.py:914} INFO - Processing file /home/airflow/.local/lib/python3.12/site-packages/airflow/example_dags/example_sensor_decorator.py for tasks to queue
[2025-03-19T13:16:21.611+0000] {logging_mixin.py:190} INFO - [2025-03-19T13:16:21.610+0000] {dagbag.py:588} INFO - Filling up the DagBag from /home/airflow/.local/lib/python3.12/site-packages/airflow/example_dags/example_sensor_decorator.py
[2025-03-19T13:16:21.628+0000] {processor.py:925} INFO - DAG(s) 'example_sensor_decorator' retrieved from /home/airflow/.local/lib/python3.12/site-packages/airflow/example_dags/example_sensor_decorator.py
[2025-03-19T13:16:21.663+0000] {logging_mixin.py:190} INFO - [2025-03-19T13:16:21.662+0000] {dag.py:3239} INFO - Sync 1 DAGs
[2025-03-19T13:16:21.690+0000] {logging_mixin.py:190} INFO - [2025-03-19T13:16:21.689+0000] {dag.py:4180} INFO - Setting next_dagrun for example_sensor_decorator to None, run_after=None
[2025-03-19T13:16:21.741+0000] {processor.py:208} INFO - Processing /home/airflow/.local/lib/python3.12/site-packages/airflow/example_dags/example_sensor_decorator.py took 0.143 seconds
[2025-03-19T13:16:52.416+0000] {processor.py:186} INFO - Started process (PID=52155) to work on /home/airflow/.local/lib/python3.12/site-packages/airflow/example_dags/example_sensor_decorator.py
[2025-03-19T13:16:52.418+0000] {processor.py:914} INFO - Processing file /home/airflow/.local/lib/python3.12/site-packages/airflow/example_dags/example_sensor_decorator.py for tasks to queue
[2025-03-19T13:16:52.420+0000] {logging_mixin.py:190} INFO - [2025-03-19T13:16:52.420+0000] {dagbag.py:588} INFO - Filling up the DagBag from /home/airflow/.local/lib/python3.12/site-packages/airflow/example_dags/example_sensor_decorator.py
[2025-03-19T13:16:52.440+0000] {processor.py:925} INFO - DAG(s) 'example_sensor_decorator' retrieved from /home/airflow/.local/lib/python3.12/site-packages/airflow/example_dags/example_sensor_decorator.py
[2025-03-19T13:16:52.472+0000] {logging_mixin.py:190} INFO - [2025-03-19T13:16:52.472+0000] {dag.py:3239} INFO - Sync 1 DAGs
[2025-03-19T13:16:52.498+0000] {logging_mixin.py:190} INFO - [2025-03-19T13:16:52.497+0000] {dag.py:4180} INFO - Setting next_dagrun for example_sensor_decorator to None, run_after=None
[2025-03-19T13:16:52.538+0000] {processor.py:208} INFO - Processing /home/airflow/.local/lib/python3.12/site-packages/airflow/example_dags/example_sensor_decorator.py took 0.134 seconds
