[2025-03-19T13:11:31.357+0000] {processor.py:186} INFO - Started process (PID=51467) to work on /home/airflow/.local/lib/python3.12/site-packages/airflow/example_dags/example_bash_decorator.py
[2025-03-19T13:11:31.360+0000] {processor.py:914} INFO - Processing file /home/airflow/.local/lib/python3.12/site-packages/airflow/example_dags/example_bash_decorator.py for tasks to queue
[2025-03-19T13:11:31.376+0000] {logging_mixin.py:190} INFO - [2025-03-19T13:11:31.375+0000] {dagbag.py:588} INFO - Filling up the DagBag from /home/airflow/.local/lib/python3.12/site-packages/airflow/example_dags/example_bash_decorator.py
[2025-03-19T13:11:31.514+0000] {processor.py:925} INFO - DAG(s) 'example_bash_decorator' retrieved from /home/airflow/.local/lib/python3.12/site-packages/airflow/example_dags/example_bash_decorator.py
[2025-03-19T13:11:31.659+0000] {logging_mixin.py:190} INFO - [2025-03-19T13:11:31.658+0000] {dag.py:3239} INFO - Sync 1 DAGs
[2025-03-19T13:11:31.801+0000] {logging_mixin.py:190} INFO - [2025-03-19T13:11:31.801+0000] {dag.py:4180} INFO - Setting next_dagrun for example_bash_decorator to None, run_after=None
[2025-03-19T13:11:31.916+0000] {processor.py:208} INFO - Processing /home/airflow/.local/lib/python3.12/site-packages/airflow/example_dags/example_bash_decorator.py took 0.593 seconds
[2025-03-19T13:12:02.173+0000] {processor.py:186} INFO - Started process (PID=51532) to work on /home/airflow/.local/lib/python3.12/site-packages/airflow/example_dags/example_bash_decorator.py
[2025-03-19T13:12:02.174+0000] {processor.py:914} INFO - Processing file /home/airflow/.local/lib/python3.12/site-packages/airflow/example_dags/example_bash_decorator.py for tasks to queue
[2025-03-19T13:12:02.177+0000] {logging_mixin.py:190} INFO - [2025-03-19T13:12:02.176+0000] {dagbag.py:588} INFO - Filling up the DagBag from /home/airflow/.local/lib/python3.12/site-packages/airflow/example_dags/example_bash_decorator.py
[2025-03-19T13:12:02.198+0000] {processor.py:925} INFO - DAG(s) 'example_bash_decorator' retrieved from /home/airflow/.local/lib/python3.12/site-packages/airflow/example_dags/example_bash_decorator.py
[2025-03-19T13:12:02.233+0000] {logging_mixin.py:190} INFO - [2025-03-19T13:12:02.232+0000] {dag.py:3239} INFO - Sync 1 DAGs
[2025-03-19T13:12:02.256+0000] {logging_mixin.py:190} INFO - [2025-03-19T13:12:02.256+0000] {dag.py:4180} INFO - Setting next_dagrun for example_bash_decorator to None, run_after=None
[2025-03-19T13:12:02.292+0000] {processor.py:208} INFO - Processing /home/airflow/.local/lib/python3.12/site-packages/airflow/example_dags/example_bash_decorator.py took 0.127 seconds
[2025-03-19T13:12:32.747+0000] {processor.py:186} INFO - Started process (PID=51603) to work on /home/airflow/.local/lib/python3.12/site-packages/airflow/example_dags/example_bash_decorator.py
[2025-03-19T13:12:32.749+0000] {processor.py:914} INFO - Processing file /home/airflow/.local/lib/python3.12/site-packages/airflow/example_dags/example_bash_decorator.py for tasks to queue
[2025-03-19T13:12:32.753+0000] {logging_mixin.py:190} INFO - [2025-03-19T13:12:32.752+0000] {dagbag.py:588} INFO - Filling up the DagBag from /home/airflow/.local/lib/python3.12/site-packages/airflow/example_dags/example_bash_decorator.py
[2025-03-19T13:12:32.778+0000] {processor.py:925} INFO - DAG(s) 'example_bash_decorator' retrieved from /home/airflow/.local/lib/python3.12/site-packages/airflow/example_dags/example_bash_decorator.py
[2025-03-19T13:12:32.819+0000] {logging_mixin.py:190} INFO - [2025-03-19T13:12:32.819+0000] {dag.py:3239} INFO - Sync 1 DAGs
[2025-03-19T13:12:32.843+0000] {logging_mixin.py:190} INFO - [2025-03-19T13:12:32.842+0000] {dag.py:4180} INFO - Setting next_dagrun for example_bash_decorator to None, run_after=None
[2025-03-19T13:12:32.890+0000] {processor.py:208} INFO - Processing /home/airflow/.local/lib/python3.12/site-packages/airflow/example_dags/example_bash_decorator.py took 0.155 seconds
[2025-03-19T13:13:03.410+0000] {processor.py:186} INFO - Started process (PID=51668) to work on /home/airflow/.local/lib/python3.12/site-packages/airflow/example_dags/example_bash_decorator.py
[2025-03-19T13:13:03.412+0000] {processor.py:914} INFO - Processing file /home/airflow/.local/lib/python3.12/site-packages/airflow/example_dags/example_bash_decorator.py for tasks to queue
[2025-03-19T13:13:03.416+0000] {logging_mixin.py:190} INFO - [2025-03-19T13:13:03.415+0000] {dagbag.py:588} INFO - Filling up the DagBag from /home/airflow/.local/lib/python3.12/site-packages/airflow/example_dags/example_bash_decorator.py
[2025-03-19T13:13:03.448+0000] {processor.py:925} INFO - DAG(s) 'example_bash_decorator' retrieved from /home/airflow/.local/lib/python3.12/site-packages/airflow/example_dags/example_bash_decorator.py
[2025-03-19T13:13:03.496+0000] {logging_mixin.py:190} INFO - [2025-03-19T13:13:03.495+0000] {dag.py:3239} INFO - Sync 1 DAGs
[2025-03-19T13:13:03.527+0000] {logging_mixin.py:190} INFO - [2025-03-19T13:13:03.527+0000] {dag.py:4180} INFO - Setting next_dagrun for example_bash_decorator to None, run_after=None
[2025-03-19T13:13:03.570+0000] {processor.py:208} INFO - Processing /home/airflow/.local/lib/python3.12/site-packages/airflow/example_dags/example_bash_decorator.py took 0.170 seconds
[2025-03-19T13:13:35.447+0000] {processor.py:186} INFO - Started process (PID=51730) to work on /home/airflow/.local/lib/python3.12/site-packages/airflow/example_dags/example_bash_decorator.py
[2025-03-19T13:13:35.450+0000] {processor.py:914} INFO - Processing file /home/airflow/.local/lib/python3.12/site-packages/airflow/example_dags/example_bash_decorator.py for tasks to queue
[2025-03-19T13:13:35.453+0000] {logging_mixin.py:190} INFO - [2025-03-19T13:13:35.452+0000] {dagbag.py:588} INFO - Filling up the DagBag from /home/airflow/.local/lib/python3.12/site-packages/airflow/example_dags/example_bash_decorator.py
[2025-03-19T13:13:35.500+0000] {processor.py:925} INFO - DAG(s) 'example_bash_decorator' retrieved from /home/airflow/.local/lib/python3.12/site-packages/airflow/example_dags/example_bash_decorator.py
[2025-03-19T13:13:35.576+0000] {logging_mixin.py:190} INFO - [2025-03-19T13:13:35.575+0000] {dag.py:3239} INFO - Sync 1 DAGs
[2025-03-19T13:13:35.652+0000] {logging_mixin.py:190} INFO - [2025-03-19T13:13:35.652+0000] {dag.py:4180} INFO - Setting next_dagrun for example_bash_decorator to None, run_after=None
[2025-03-19T13:13:35.785+0000] {processor.py:208} INFO - Processing /home/airflow/.local/lib/python3.12/site-packages/airflow/example_dags/example_bash_decorator.py took 0.356 seconds
[2025-03-19T13:14:07.157+0000] {processor.py:186} INFO - Started process (PID=51795) to work on /home/airflow/.local/lib/python3.12/site-packages/airflow/example_dags/example_bash_decorator.py
[2025-03-19T13:14:07.170+0000] {processor.py:914} INFO - Processing file /home/airflow/.local/lib/python3.12/site-packages/airflow/example_dags/example_bash_decorator.py for tasks to queue
[2025-03-19T13:14:07.177+0000] {logging_mixin.py:190} INFO - [2025-03-19T13:14:07.176+0000] {dagbag.py:588} INFO - Filling up the DagBag from /home/airflow/.local/lib/python3.12/site-packages/airflow/example_dags/example_bash_decorator.py
[2025-03-19T13:14:07.253+0000] {processor.py:925} INFO - DAG(s) 'example_bash_decorator' retrieved from /home/airflow/.local/lib/python3.12/site-packages/airflow/example_dags/example_bash_decorator.py
[2025-03-19T13:14:07.334+0000] {logging_mixin.py:190} INFO - [2025-03-19T13:14:07.334+0000] {dag.py:3239} INFO - Sync 1 DAGs
[2025-03-19T13:14:07.364+0000] {logging_mixin.py:190} INFO - [2025-03-19T13:14:07.363+0000] {dag.py:4180} INFO - Setting next_dagrun for example_bash_decorator to None, run_after=None
[2025-03-19T13:14:07.400+0000] {processor.py:208} INFO - Processing /home/airflow/.local/lib/python3.12/site-packages/airflow/example_dags/example_bash_decorator.py took 0.267 seconds
[2025-03-19T13:14:38.026+0000] {processor.py:186} INFO - Started process (PID=51860) to work on /home/airflow/.local/lib/python3.12/site-packages/airflow/example_dags/example_bash_decorator.py
[2025-03-19T13:14:38.028+0000] {processor.py:914} INFO - Processing file /home/airflow/.local/lib/python3.12/site-packages/airflow/example_dags/example_bash_decorator.py for tasks to queue
[2025-03-19T13:14:38.030+0000] {logging_mixin.py:190} INFO - [2025-03-19T13:14:38.030+0000] {dagbag.py:588} INFO - Filling up the DagBag from /home/airflow/.local/lib/python3.12/site-packages/airflow/example_dags/example_bash_decorator.py
[2025-03-19T13:14:38.055+0000] {processor.py:925} INFO - DAG(s) 'example_bash_decorator' retrieved from /home/airflow/.local/lib/python3.12/site-packages/airflow/example_dags/example_bash_decorator.py
[2025-03-19T13:14:38.105+0000] {logging_mixin.py:190} INFO - [2025-03-19T13:14:38.104+0000] {dag.py:3239} INFO - Sync 1 DAGs
[2025-03-19T13:14:38.136+0000] {logging_mixin.py:190} INFO - [2025-03-19T13:14:38.136+0000] {dag.py:4180} INFO - Setting next_dagrun for example_bash_decorator to None, run_after=None
[2025-03-19T13:14:38.175+0000] {processor.py:208} INFO - Processing /home/airflow/.local/lib/python3.12/site-packages/airflow/example_dags/example_bash_decorator.py took 0.160 seconds
[2025-03-19T13:15:08.455+0000] {processor.py:186} INFO - Started process (PID=51924) to work on /home/airflow/.local/lib/python3.12/site-packages/airflow/example_dags/example_bash_decorator.py
[2025-03-19T13:15:08.457+0000] {processor.py:914} INFO - Processing file /home/airflow/.local/lib/python3.12/site-packages/airflow/example_dags/example_bash_decorator.py for tasks to queue
[2025-03-19T13:15:08.460+0000] {logging_mixin.py:190} INFO - [2025-03-19T13:15:08.460+0000] {dagbag.py:588} INFO - Filling up the DagBag from /home/airflow/.local/lib/python3.12/site-packages/airflow/example_dags/example_bash_decorator.py
[2025-03-19T13:15:08.491+0000] {processor.py:925} INFO - DAG(s) 'example_bash_decorator' retrieved from /home/airflow/.local/lib/python3.12/site-packages/airflow/example_dags/example_bash_decorator.py
[2025-03-19T13:15:08.534+0000] {logging_mixin.py:190} INFO - [2025-03-19T13:15:08.533+0000] {dag.py:3239} INFO - Sync 1 DAGs
[2025-03-19T13:15:08.562+0000] {logging_mixin.py:190} INFO - [2025-03-19T13:15:08.562+0000] {dag.py:4180} INFO - Setting next_dagrun for example_bash_decorator to None, run_after=None
[2025-03-19T13:15:08.604+0000] {processor.py:208} INFO - Processing /home/airflow/.local/lib/python3.12/site-packages/airflow/example_dags/example_bash_decorator.py took 0.159 seconds
[2025-03-19T13:15:39.658+0000] {processor.py:186} INFO - Started process (PID=51989) to work on /home/airflow/.local/lib/python3.12/site-packages/airflow/example_dags/example_bash_decorator.py
[2025-03-19T13:15:39.661+0000] {processor.py:914} INFO - Processing file /home/airflow/.local/lib/python3.12/site-packages/airflow/example_dags/example_bash_decorator.py for tasks to queue
[2025-03-19T13:15:39.663+0000] {logging_mixin.py:190} INFO - [2025-03-19T13:15:39.663+0000] {dagbag.py:588} INFO - Filling up the DagBag from /home/airflow/.local/lib/python3.12/site-packages/airflow/example_dags/example_bash_decorator.py
[2025-03-19T13:15:39.701+0000] {processor.py:925} INFO - DAG(s) 'example_bash_decorator' retrieved from /home/airflow/.local/lib/python3.12/site-packages/airflow/example_dags/example_bash_decorator.py
[2025-03-19T13:15:39.748+0000] {logging_mixin.py:190} INFO - [2025-03-19T13:15:39.748+0000] {dag.py:3239} INFO - Sync 1 DAGs
[2025-03-19T13:15:39.783+0000] {logging_mixin.py:190} INFO - [2025-03-19T13:15:39.782+0000] {dag.py:4180} INFO - Setting next_dagrun for example_bash_decorator to None, run_after=None
[2025-03-19T13:15:39.822+0000] {processor.py:208} INFO - Processing /home/airflow/.local/lib/python3.12/site-packages/airflow/example_dags/example_bash_decorator.py took 0.177 seconds
[2025-03-19T13:16:11.194+0000] {processor.py:186} INFO - Started process (PID=52055) to work on /home/airflow/.local/lib/python3.12/site-packages/airflow/example_dags/example_bash_decorator.py
[2025-03-19T13:16:11.197+0000] {processor.py:914} INFO - Processing file /home/airflow/.local/lib/python3.12/site-packages/airflow/example_dags/example_bash_decorator.py for tasks to queue
[2025-03-19T13:16:11.202+0000] {logging_mixin.py:190} INFO - [2025-03-19T13:16:11.200+0000] {dagbag.py:588} INFO - Filling up the DagBag from /home/airflow/.local/lib/python3.12/site-packages/airflow/example_dags/example_bash_decorator.py
[2025-03-19T13:16:11.269+0000] {processor.py:925} INFO - DAG(s) 'example_bash_decorator' retrieved from /home/airflow/.local/lib/python3.12/site-packages/airflow/example_dags/example_bash_decorator.py
[2025-03-19T13:16:11.357+0000] {logging_mixin.py:190} INFO - [2025-03-19T13:16:11.356+0000] {dag.py:3239} INFO - Sync 1 DAGs
[2025-03-19T13:16:11.421+0000] {logging_mixin.py:190} INFO - [2025-03-19T13:16:11.420+0000] {dag.py:4180} INFO - Setting next_dagrun for example_bash_decorator to None, run_after=None
[2025-03-19T13:16:11.522+0000] {processor.py:208} INFO - Processing /home/airflow/.local/lib/python3.12/site-packages/airflow/example_dags/example_bash_decorator.py took 0.347 seconds
[2025-03-19T13:16:41.971+0000] {processor.py:186} INFO - Started process (PID=52119) to work on /home/airflow/.local/lib/python3.12/site-packages/airflow/example_dags/example_bash_decorator.py
[2025-03-19T13:16:41.974+0000] {processor.py:914} INFO - Processing file /home/airflow/.local/lib/python3.12/site-packages/airflow/example_dags/example_bash_decorator.py for tasks to queue
[2025-03-19T13:16:41.979+0000] {logging_mixin.py:190} INFO - [2025-03-19T13:16:41.978+0000] {dagbag.py:588} INFO - Filling up the DagBag from /home/airflow/.local/lib/python3.12/site-packages/airflow/example_dags/example_bash_decorator.py
[2025-03-19T13:16:42.063+0000] {processor.py:925} INFO - DAG(s) 'example_bash_decorator' retrieved from /home/airflow/.local/lib/python3.12/site-packages/airflow/example_dags/example_bash_decorator.py
[2025-03-19T13:16:42.208+0000] {logging_mixin.py:190} INFO - [2025-03-19T13:16:42.207+0000] {dag.py:3239} INFO - Sync 1 DAGs
[2025-03-19T13:16:42.312+0000] {logging_mixin.py:190} INFO - [2025-03-19T13:16:42.312+0000] {dag.py:4180} INFO - Setting next_dagrun for example_bash_decorator to None, run_after=None
[2025-03-19T13:16:42.420+0000] {processor.py:208} INFO - Processing /home/airflow/.local/lib/python3.12/site-packages/airflow/example_dags/example_bash_decorator.py took 0.466 seconds
[2025-03-19T18:29:04.376+0000] {processor.py:186} INFO - Started process (PID=52174) to work on /home/airflow/.local/lib/python3.12/site-packages/airflow/example_dags/example_bash_decorator.py
[2025-03-19T18:29:04.378+0000] {processor.py:914} INFO - Processing file /home/airflow/.local/lib/python3.12/site-packages/airflow/example_dags/example_bash_decorator.py for tasks to queue
[2025-03-19T18:29:04.382+0000] {logging_mixin.py:190} INFO - [2025-03-19T18:29:04.381+0000] {dagbag.py:588} INFO - Filling up the DagBag from /home/airflow/.local/lib/python3.12/site-packages/airflow/example_dags/example_bash_decorator.py
[2025-03-19T18:29:04.455+0000] {processor.py:925} INFO - DAG(s) 'example_bash_decorator' retrieved from /home/airflow/.local/lib/python3.12/site-packages/airflow/example_dags/example_bash_decorator.py
[2025-03-19T18:29:04.605+0000] {logging_mixin.py:190} INFO - [2025-03-19T18:29:04.605+0000] {dag.py:3239} INFO - Sync 1 DAGs
[2025-03-19T18:29:04.714+0000] {logging_mixin.py:190} INFO - [2025-03-19T18:29:04.714+0000] {dag.py:4180} INFO - Setting next_dagrun for example_bash_decorator to None, run_after=None
[2025-03-19T18:29:04.830+0000] {processor.py:208} INFO - Processing /home/airflow/.local/lib/python3.12/site-packages/airflow/example_dags/example_bash_decorator.py took 0.476 seconds
