[2025-03-19T13:11:17.291+0000] {processor.py:186} INFO - Started process (PID=51443) to work on /home/airflow/.local/lib/python3.12/site-packages/airflow/example_dags/example_inlet_event_extra.py
[2025-03-19T13:11:17.346+0000] {processor.py:914} INFO - Processing file /home/airflow/.local/lib/python3.12/site-packages/airflow/example_dags/example_inlet_event_extra.py for tasks to queue
[2025-03-19T13:11:17.369+0000] {logging_mixin.py:190} INFO - [2025-03-19T13:11:17.368+0000] {dagbag.py:588} INFO - Filling up the DagBag from /home/airflow/.local/lib/python3.12/site-packages/airflow/example_dags/example_inlet_event_extra.py
[2025-03-19T13:11:21.531+0000] {processor.py:925} INFO - DAG(s) 'read_dataset_event_from_classic', 'read_dataset_event' retrieved from /home/airflow/.local/lib/python3.12/site-packages/airflow/example_dags/example_inlet_event_extra.py
[2025-03-19T13:11:21.713+0000] {logging_mixin.py:190} INFO - [2025-03-19T13:11:21.702+0000] {dag.py:3239} INFO - Sync 2 DAGs
[2025-03-19T13:11:21.903+0000] {logging_mixin.py:190} INFO - [2025-03-19T13:11:21.894+0000] {dag.py:4180} INFO - Setting next_dagrun for read_dataset_event to 2025-03-18 00:00:00+00:00, run_after=2025-03-19 00:00:00+00:00
[2025-03-19T13:11:21.940+0000] {logging_mixin.py:190} INFO - [2025-03-19T13:11:21.939+0000] {dag.py:4180} INFO - Setting next_dagrun for read_dataset_event_from_classic to 2025-03-18 00:00:00+00:00, run_after=2025-03-19 00:00:00+00:00
[2025-03-19T13:11:22.068+0000] {processor.py:208} INFO - Processing /home/airflow/.local/lib/python3.12/site-packages/airflow/example_dags/example_inlet_event_extra.py took 4.808 seconds
[2025-03-19T13:11:52.394+0000] {processor.py:186} INFO - Started process (PID=51511) to work on /home/airflow/.local/lib/python3.12/site-packages/airflow/example_dags/example_inlet_event_extra.py
[2025-03-19T13:11:52.402+0000] {processor.py:914} INFO - Processing file /home/airflow/.local/lib/python3.12/site-packages/airflow/example_dags/example_inlet_event_extra.py for tasks to queue
[2025-03-19T13:11:52.411+0000] {logging_mixin.py:190} INFO - [2025-03-19T13:11:52.410+0000] {dagbag.py:588} INFO - Filling up the DagBag from /home/airflow/.local/lib/python3.12/site-packages/airflow/example_dags/example_inlet_event_extra.py
[2025-03-19T13:11:54.628+0000] {processor.py:925} INFO - DAG(s) 'read_dataset_event_from_classic', 'read_dataset_event' retrieved from /home/airflow/.local/lib/python3.12/site-packages/airflow/example_dags/example_inlet_event_extra.py
[2025-03-19T13:11:54.698+0000] {logging_mixin.py:190} INFO - [2025-03-19T13:11:54.697+0000] {dag.py:3239} INFO - Sync 2 DAGs
[2025-03-19T13:11:54.790+0000] {logging_mixin.py:190} INFO - [2025-03-19T13:11:54.789+0000] {dag.py:4180} INFO - Setting next_dagrun for read_dataset_event to 2025-03-18 00:00:00+00:00, run_after=2025-03-19 00:00:00+00:00
[2025-03-19T13:11:54.807+0000] {logging_mixin.py:190} INFO - [2025-03-19T13:11:54.806+0000] {dag.py:4180} INFO - Setting next_dagrun for read_dataset_event_from_classic to 2025-03-18 00:00:00+00:00, run_after=2025-03-19 00:00:00+00:00
[2025-03-19T13:11:54.854+0000] {processor.py:208} INFO - Processing /home/airflow/.local/lib/python3.12/site-packages/airflow/example_dags/example_inlet_event_extra.py took 2.481 seconds
[2025-03-19T13:12:25.120+0000] {processor.py:186} INFO - Started process (PID=51583) to work on /home/airflow/.local/lib/python3.12/site-packages/airflow/example_dags/example_inlet_event_extra.py
[2025-03-19T13:12:25.122+0000] {processor.py:914} INFO - Processing file /home/airflow/.local/lib/python3.12/site-packages/airflow/example_dags/example_inlet_event_extra.py for tasks to queue
[2025-03-19T13:12:25.125+0000] {logging_mixin.py:190} INFO - [2025-03-19T13:12:25.124+0000] {dagbag.py:588} INFO - Filling up the DagBag from /home/airflow/.local/lib/python3.12/site-packages/airflow/example_dags/example_inlet_event_extra.py
[2025-03-19T13:12:26.174+0000] {processor.py:925} INFO - DAG(s) 'read_dataset_event', 'read_dataset_event_from_classic' retrieved from /home/airflow/.local/lib/python3.12/site-packages/airflow/example_dags/example_inlet_event_extra.py
[2025-03-19T13:12:26.214+0000] {logging_mixin.py:190} INFO - [2025-03-19T13:12:26.214+0000] {dag.py:3239} INFO - Sync 2 DAGs
[2025-03-19T13:12:26.258+0000] {logging_mixin.py:190} INFO - [2025-03-19T13:12:26.258+0000] {dag.py:4180} INFO - Setting next_dagrun for read_dataset_event to 2025-03-18 00:00:00+00:00, run_after=2025-03-19 00:00:00+00:00
[2025-03-19T13:12:26.267+0000] {logging_mixin.py:190} INFO - [2025-03-19T13:12:26.267+0000] {dag.py:4180} INFO - Setting next_dagrun for read_dataset_event_from_classic to 2025-03-18 00:00:00+00:00, run_after=2025-03-19 00:00:00+00:00
[2025-03-19T13:12:26.298+0000] {processor.py:208} INFO - Processing /home/airflow/.local/lib/python3.12/site-packages/airflow/example_dags/example_inlet_event_extra.py took 1.187 seconds
[2025-03-19T13:12:56.949+0000] {processor.py:186} INFO - Started process (PID=51650) to work on /home/airflow/.local/lib/python3.12/site-packages/airflow/example_dags/example_inlet_event_extra.py
[2025-03-19T13:12:56.951+0000] {processor.py:914} INFO - Processing file /home/airflow/.local/lib/python3.12/site-packages/airflow/example_dags/example_inlet_event_extra.py for tasks to queue
[2025-03-19T13:12:56.958+0000] {logging_mixin.py:190} INFO - [2025-03-19T13:12:56.957+0000] {dagbag.py:588} INFO - Filling up the DagBag from /home/airflow/.local/lib/python3.12/site-packages/airflow/example_dags/example_inlet_event_extra.py
[2025-03-19T13:12:58.398+0000] {processor.py:925} INFO - DAG(s) 'read_dataset_event_from_classic', 'read_dataset_event' retrieved from /home/airflow/.local/lib/python3.12/site-packages/airflow/example_dags/example_inlet_event_extra.py
[2025-03-19T13:12:58.445+0000] {logging_mixin.py:190} INFO - [2025-03-19T13:12:58.445+0000] {dag.py:3239} INFO - Sync 2 DAGs
[2025-03-19T13:12:58.558+0000] {logging_mixin.py:190} INFO - [2025-03-19T13:12:58.557+0000] {dag.py:4180} INFO - Setting next_dagrun for read_dataset_event to 2025-03-18 00:00:00+00:00, run_after=2025-03-19 00:00:00+00:00
[2025-03-19T13:12:58.596+0000] {logging_mixin.py:190} INFO - [2025-03-19T13:12:58.595+0000] {dag.py:4180} INFO - Setting next_dagrun for read_dataset_event_from_classic to 2025-03-18 00:00:00+00:00, run_after=2025-03-19 00:00:00+00:00
[2025-03-19T13:12:58.651+0000] {processor.py:208} INFO - Processing /home/airflow/.local/lib/python3.12/site-packages/airflow/example_dags/example_inlet_event_extra.py took 1.714 seconds
[2025-03-19T13:13:29.132+0000] {processor.py:186} INFO - Started process (PID=51718) to work on /home/airflow/.local/lib/python3.12/site-packages/airflow/example_dags/example_inlet_event_extra.py
[2025-03-19T13:13:29.134+0000] {processor.py:914} INFO - Processing file /home/airflow/.local/lib/python3.12/site-packages/airflow/example_dags/example_inlet_event_extra.py for tasks to queue
[2025-03-19T13:13:29.137+0000] {logging_mixin.py:190} INFO - [2025-03-19T13:13:29.136+0000] {dagbag.py:588} INFO - Filling up the DagBag from /home/airflow/.local/lib/python3.12/site-packages/airflow/example_dags/example_inlet_event_extra.py
[2025-03-19T13:13:32.170+0000] {processor.py:925} INFO - DAG(s) 'read_dataset_event_from_classic', 'read_dataset_event' retrieved from /home/airflow/.local/lib/python3.12/site-packages/airflow/example_dags/example_inlet_event_extra.py
[2025-03-19T13:13:32.285+0000] {logging_mixin.py:190} INFO - [2025-03-19T13:13:32.284+0000] {dag.py:3239} INFO - Sync 2 DAGs
[2025-03-19T13:13:32.439+0000] {logging_mixin.py:190} INFO - [2025-03-19T13:13:32.437+0000] {dag.py:4180} INFO - Setting next_dagrun for read_dataset_event to 2025-03-18 00:00:00+00:00, run_after=2025-03-19 00:00:00+00:00
[2025-03-19T13:13:32.470+0000] {logging_mixin.py:190} INFO - [2025-03-19T13:13:32.469+0000] {dag.py:4180} INFO - Setting next_dagrun for read_dataset_event_from_classic to 2025-03-18 00:00:00+00:00, run_after=2025-03-19 00:00:00+00:00
[2025-03-19T13:13:32.567+0000] {processor.py:208} INFO - Processing /home/airflow/.local/lib/python3.12/site-packages/airflow/example_dags/example_inlet_event_extra.py took 3.448 seconds
[2025-03-19T13:14:02.810+0000] {processor.py:186} INFO - Started process (PID=51785) to work on /home/airflow/.local/lib/python3.12/site-packages/airflow/example_dags/example_inlet_event_extra.py
[2025-03-19T13:14:02.812+0000] {processor.py:914} INFO - Processing file /home/airflow/.local/lib/python3.12/site-packages/airflow/example_dags/example_inlet_event_extra.py for tasks to queue
[2025-03-19T13:14:02.816+0000] {logging_mixin.py:190} INFO - [2025-03-19T13:14:02.815+0000] {dagbag.py:588} INFO - Filling up the DagBag from /home/airflow/.local/lib/python3.12/site-packages/airflow/example_dags/example_inlet_event_extra.py
[2025-03-19T13:14:04.281+0000] {processor.py:925} INFO - DAG(s) 'read_dataset_event_from_classic', 'read_dataset_event' retrieved from /home/airflow/.local/lib/python3.12/site-packages/airflow/example_dags/example_inlet_event_extra.py
[2025-03-19T13:14:04.345+0000] {logging_mixin.py:190} INFO - [2025-03-19T13:14:04.344+0000] {dag.py:3239} INFO - Sync 2 DAGs
[2025-03-19T13:14:04.411+0000] {logging_mixin.py:190} INFO - [2025-03-19T13:14:04.411+0000] {dag.py:4180} INFO - Setting next_dagrun for read_dataset_event to 2025-03-18 00:00:00+00:00, run_after=2025-03-19 00:00:00+00:00
[2025-03-19T13:14:04.423+0000] {logging_mixin.py:190} INFO - [2025-03-19T13:14:04.423+0000] {dag.py:4180} INFO - Setting next_dagrun for read_dataset_event_from_classic to 2025-03-18 00:00:00+00:00, run_after=2025-03-19 00:00:00+00:00
[2025-03-19T13:14:04.468+0000] {processor.py:208} INFO - Processing /home/airflow/.local/lib/python3.12/site-packages/airflow/example_dags/example_inlet_event_extra.py took 1.669 seconds
[2025-03-19T13:14:34.909+0000] {processor.py:186} INFO - Started process (PID=51853) to work on /home/airflow/.local/lib/python3.12/site-packages/airflow/example_dags/example_inlet_event_extra.py
[2025-03-19T13:14:34.911+0000] {processor.py:914} INFO - Processing file /home/airflow/.local/lib/python3.12/site-packages/airflow/example_dags/example_inlet_event_extra.py for tasks to queue
[2025-03-19T13:14:34.913+0000] {logging_mixin.py:190} INFO - [2025-03-19T13:14:34.913+0000] {dagbag.py:588} INFO - Filling up the DagBag from /home/airflow/.local/lib/python3.12/site-packages/airflow/example_dags/example_inlet_event_extra.py
[2025-03-19T13:14:35.840+0000] {processor.py:925} INFO - DAG(s) 'read_dataset_event', 'read_dataset_event_from_classic' retrieved from /home/airflow/.local/lib/python3.12/site-packages/airflow/example_dags/example_inlet_event_extra.py
[2025-03-19T13:14:35.875+0000] {logging_mixin.py:190} INFO - [2025-03-19T13:14:35.874+0000] {dag.py:3239} INFO - Sync 2 DAGs
[2025-03-19T13:14:35.915+0000] {logging_mixin.py:190} INFO - [2025-03-19T13:14:35.915+0000] {dag.py:4180} INFO - Setting next_dagrun for read_dataset_event to 2025-03-18 00:00:00+00:00, run_after=2025-03-19 00:00:00+00:00
[2025-03-19T13:14:35.927+0000] {logging_mixin.py:190} INFO - [2025-03-19T13:14:35.926+0000] {dag.py:4180} INFO - Setting next_dagrun for read_dataset_event_from_classic to 2025-03-18 00:00:00+00:00, run_after=2025-03-19 00:00:00+00:00
[2025-03-19T13:14:35.969+0000] {processor.py:208} INFO - Processing /home/airflow/.local/lib/python3.12/site-packages/airflow/example_dags/example_inlet_event_extra.py took 1.072 seconds
[2025-03-19T13:15:06.457+0000] {processor.py:186} INFO - Started process (PID=51920) to work on /home/airflow/.local/lib/python3.12/site-packages/airflow/example_dags/example_inlet_event_extra.py
[2025-03-19T13:15:06.477+0000] {processor.py:914} INFO - Processing file /home/airflow/.local/lib/python3.12/site-packages/airflow/example_dags/example_inlet_event_extra.py for tasks to queue
[2025-03-19T13:15:06.484+0000] {logging_mixin.py:190} INFO - [2025-03-19T13:15:06.483+0000] {dagbag.py:588} INFO - Filling up the DagBag from /home/airflow/.local/lib/python3.12/site-packages/airflow/example_dags/example_inlet_event_extra.py
[2025-03-19T13:15:07.529+0000] {processor.py:925} INFO - DAG(s) 'read_dataset_event_from_classic', 'read_dataset_event' retrieved from /home/airflow/.local/lib/python3.12/site-packages/airflow/example_dags/example_inlet_event_extra.py
[2025-03-19T13:15:07.573+0000] {logging_mixin.py:190} INFO - [2025-03-19T13:15:07.573+0000] {dag.py:3239} INFO - Sync 2 DAGs
[2025-03-19T13:15:07.661+0000] {logging_mixin.py:190} INFO - [2025-03-19T13:15:07.660+0000] {dag.py:4180} INFO - Setting next_dagrun for read_dataset_event to 2025-03-18 00:00:00+00:00, run_after=2025-03-19 00:00:00+00:00
[2025-03-19T13:15:07.676+0000] {logging_mixin.py:190} INFO - [2025-03-19T13:15:07.675+0000] {dag.py:4180} INFO - Setting next_dagrun for read_dataset_event_from_classic to 2025-03-18 00:00:00+00:00, run_after=2025-03-19 00:00:00+00:00
[2025-03-19T13:15:07.732+0000] {processor.py:208} INFO - Processing /home/airflow/.local/lib/python3.12/site-packages/airflow/example_dags/example_inlet_event_extra.py took 1.309 seconds
[2025-03-19T13:15:37.935+0000] {processor.py:186} INFO - Started process (PID=51985) to work on /home/airflow/.local/lib/python3.12/site-packages/airflow/example_dags/example_inlet_event_extra.py
[2025-03-19T13:15:37.937+0000] {processor.py:914} INFO - Processing file /home/airflow/.local/lib/python3.12/site-packages/airflow/example_dags/example_inlet_event_extra.py for tasks to queue
[2025-03-19T13:15:37.939+0000] {logging_mixin.py:190} INFO - [2025-03-19T13:15:37.939+0000] {dagbag.py:588} INFO - Filling up the DagBag from /home/airflow/.local/lib/python3.12/site-packages/airflow/example_dags/example_inlet_event_extra.py
[2025-03-19T13:15:39.072+0000] {processor.py:925} INFO - DAG(s) 'read_dataset_event', 'read_dataset_event_from_classic' retrieved from /home/airflow/.local/lib/python3.12/site-packages/airflow/example_dags/example_inlet_event_extra.py
[2025-03-19T13:15:39.126+0000] {logging_mixin.py:190} INFO - [2025-03-19T13:15:39.125+0000] {dag.py:3239} INFO - Sync 2 DAGs
[2025-03-19T13:15:39.200+0000] {logging_mixin.py:190} INFO - [2025-03-19T13:15:39.199+0000] {dag.py:4180} INFO - Setting next_dagrun for read_dataset_event to 2025-03-18 00:00:00+00:00, run_after=2025-03-19 00:00:00+00:00
[2025-03-19T13:15:39.216+0000] {logging_mixin.py:190} INFO - [2025-03-19T13:15:39.216+0000] {dag.py:4180} INFO - Setting next_dagrun for read_dataset_event_from_classic to 2025-03-18 00:00:00+00:00, run_after=2025-03-19 00:00:00+00:00
[2025-03-19T13:15:39.261+0000] {processor.py:208} INFO - Processing /home/airflow/.local/lib/python3.12/site-packages/airflow/example_dags/example_inlet_event_extra.py took 1.334 seconds
[2025-03-19T13:16:10.202+0000] {processor.py:186} INFO - Started process (PID=52053) to work on /home/airflow/.local/lib/python3.12/site-packages/airflow/example_dags/example_inlet_event_extra.py
[2025-03-19T13:16:10.214+0000] {processor.py:914} INFO - Processing file /home/airflow/.local/lib/python3.12/site-packages/airflow/example_dags/example_inlet_event_extra.py for tasks to queue
[2025-03-19T13:16:10.218+0000] {logging_mixin.py:190} INFO - [2025-03-19T13:16:10.216+0000] {dagbag.py:588} INFO - Filling up the DagBag from /home/airflow/.local/lib/python3.12/site-packages/airflow/example_dags/example_inlet_event_extra.py
[2025-03-19T13:16:12.429+0000] {processor.py:925} INFO - DAG(s) 'read_dataset_event', 'read_dataset_event_from_classic' retrieved from /home/airflow/.local/lib/python3.12/site-packages/airflow/example_dags/example_inlet_event_extra.py
[2025-03-19T13:16:12.500+0000] {logging_mixin.py:190} INFO - [2025-03-19T13:16:12.499+0000] {dag.py:3239} INFO - Sync 2 DAGs
[2025-03-19T13:16:12.594+0000] {logging_mixin.py:190} INFO - [2025-03-19T13:16:12.592+0000] {dag.py:4180} INFO - Setting next_dagrun for read_dataset_event to 2025-03-18 00:00:00+00:00, run_after=2025-03-19 00:00:00+00:00
[2025-03-19T13:16:12.612+0000] {logging_mixin.py:190} INFO - [2025-03-19T13:16:12.611+0000] {dag.py:4180} INFO - Setting next_dagrun for read_dataset_event_from_classic to 2025-03-18 00:00:00+00:00, run_after=2025-03-19 00:00:00+00:00
[2025-03-19T13:16:12.673+0000] {processor.py:208} INFO - Processing /home/airflow/.local/lib/python3.12/site-packages/airflow/example_dags/example_inlet_event_extra.py took 2.490 seconds
[2025-03-19T13:16:42.839+0000] {processor.py:186} INFO - Started process (PID=52122) to work on /home/airflow/.local/lib/python3.12/site-packages/airflow/example_dags/example_inlet_event_extra.py
[2025-03-19T13:16:42.842+0000] {processor.py:914} INFO - Processing file /home/airflow/.local/lib/python3.12/site-packages/airflow/example_dags/example_inlet_event_extra.py for tasks to queue
[2025-03-19T13:16:42.846+0000] {logging_mixin.py:190} INFO - [2025-03-19T13:16:42.845+0000] {dagbag.py:588} INFO - Filling up the DagBag from /home/airflow/.local/lib/python3.12/site-packages/airflow/example_dags/example_inlet_event_extra.py
[2025-03-19T13:16:44.255+0000] {processor.py:925} INFO - DAG(s) 'read_dataset_event', 'read_dataset_event_from_classic' retrieved from /home/airflow/.local/lib/python3.12/site-packages/airflow/example_dags/example_inlet_event_extra.py
[2025-03-19T13:16:44.311+0000] {logging_mixin.py:190} INFO - [2025-03-19T13:16:44.310+0000] {dag.py:3239} INFO - Sync 2 DAGs
[2025-03-19T13:16:44.393+0000] {logging_mixin.py:190} INFO - [2025-03-19T13:16:44.393+0000] {dag.py:4180} INFO - Setting next_dagrun for read_dataset_event to 2025-03-18 00:00:00+00:00, run_after=2025-03-19 00:00:00+00:00
[2025-03-19T13:16:44.408+0000] {logging_mixin.py:190} INFO - [2025-03-19T13:16:44.407+0000] {dag.py:4180} INFO - Setting next_dagrun for read_dataset_event_from_classic to 2025-03-18 00:00:00+00:00, run_after=2025-03-19 00:00:00+00:00
[2025-03-19T13:16:44.469+0000] {processor.py:208} INFO - Processing /home/airflow/.local/lib/python3.12/site-packages/airflow/example_dags/example_inlet_event_extra.py took 1.643 seconds
