[2025-03-19T13:11:32.166+0000] {processor.py:186} INFO - Started process (PID=51469) to work on /home/airflow/.local/lib/python3.12/site-packages/airflow/example_dags/example_external_task_marker_dag.py
[2025-03-19T13:11:32.174+0000] {processor.py:914} INFO - Processing file /home/airflow/.local/lib/python3.12/site-packages/airflow/example_dags/example_external_task_marker_dag.py for tasks to queue
[2025-03-19T13:11:32.182+0000] {logging_mixin.py:190} INFO - [2025-03-19T13:11:32.181+0000] {dagbag.py:588} INFO - Filling up the DagBag from /home/airflow/.local/lib/python3.12/site-packages/airflow/example_dags/example_external_task_marker_dag.py
[2025-03-19T13:11:32.259+0000] {processor.py:925} INFO - DAG(s) 'example_external_task_marker_parent', 'example_external_task_marker_child' retrieved from /home/airflow/.local/lib/python3.12/site-packages/airflow/example_dags/example_external_task_marker_dag.py
[2025-03-19T13:11:32.413+0000] {logging_mixin.py:190} INFO - [2025-03-19T13:11:32.412+0000] {dag.py:3239} INFO - Sync 2 DAGs
[2025-03-19T13:11:32.536+0000] {logging_mixin.py:190} INFO - [2025-03-19T13:11:32.535+0000] {dag.py:4180} INFO - Setting next_dagrun for example_external_task_marker_child to None, run_after=None
[2025-03-19T13:11:32.567+0000] {logging_mixin.py:190} INFO - [2025-03-19T13:11:32.567+0000] {dag.py:4180} INFO - Setting next_dagrun for example_external_task_marker_parent to None, run_after=None
[2025-03-19T13:11:32.663+0000] {processor.py:208} INFO - Processing /home/airflow/.local/lib/python3.12/site-packages/airflow/example_dags/example_external_task_marker_dag.py took 0.534 seconds
[2025-03-19T13:12:03.206+0000] {processor.py:186} INFO - Started process (PID=51534) to work on /home/airflow/.local/lib/python3.12/site-packages/airflow/example_dags/example_external_task_marker_dag.py
[2025-03-19T13:12:03.208+0000] {processor.py:914} INFO - Processing file /home/airflow/.local/lib/python3.12/site-packages/airflow/example_dags/example_external_task_marker_dag.py for tasks to queue
[2025-03-19T13:12:03.211+0000] {logging_mixin.py:190} INFO - [2025-03-19T13:12:03.210+0000] {dagbag.py:588} INFO - Filling up the DagBag from /home/airflow/.local/lib/python3.12/site-packages/airflow/example_dags/example_external_task_marker_dag.py
[2025-03-19T13:12:03.231+0000] {processor.py:925} INFO - DAG(s) 'example_external_task_marker_parent', 'example_external_task_marker_child' retrieved from /home/airflow/.local/lib/python3.12/site-packages/airflow/example_dags/example_external_task_marker_dag.py
[2025-03-19T13:12:03.277+0000] {logging_mixin.py:190} INFO - [2025-03-19T13:12:03.277+0000] {dag.py:3239} INFO - Sync 2 DAGs
[2025-03-19T13:12:03.303+0000] {logging_mixin.py:190} INFO - [2025-03-19T13:12:03.302+0000] {dag.py:4180} INFO - Setting next_dagrun for example_external_task_marker_child to None, run_after=None
[2025-03-19T13:12:03.310+0000] {logging_mixin.py:190} INFO - [2025-03-19T13:12:03.310+0000] {dag.py:4180} INFO - Setting next_dagrun for example_external_task_marker_parent to None, run_after=None
[2025-03-19T13:12:03.342+0000] {processor.py:208} INFO - Processing /home/airflow/.local/lib/python3.12/site-packages/airflow/example_dags/example_external_task_marker_dag.py took 0.150 seconds
[2025-03-19T13:12:33.787+0000] {processor.py:186} INFO - Started process (PID=51605) to work on /home/airflow/.local/lib/python3.12/site-packages/airflow/example_dags/example_external_task_marker_dag.py
[2025-03-19T13:12:33.790+0000] {processor.py:914} INFO - Processing file /home/airflow/.local/lib/python3.12/site-packages/airflow/example_dags/example_external_task_marker_dag.py for tasks to queue
[2025-03-19T13:12:33.793+0000] {logging_mixin.py:190} INFO - [2025-03-19T13:12:33.793+0000] {dagbag.py:588} INFO - Filling up the DagBag from /home/airflow/.local/lib/python3.12/site-packages/airflow/example_dags/example_external_task_marker_dag.py
[2025-03-19T13:12:33.813+0000] {processor.py:925} INFO - DAG(s) 'example_external_task_marker_parent', 'example_external_task_marker_child' retrieved from /home/airflow/.local/lib/python3.12/site-packages/airflow/example_dags/example_external_task_marker_dag.py
[2025-03-19T13:12:33.873+0000] {logging_mixin.py:190} INFO - [2025-03-19T13:12:33.872+0000] {dag.py:3239} INFO - Sync 2 DAGs
[2025-03-19T13:12:33.911+0000] {logging_mixin.py:190} INFO - [2025-03-19T13:12:33.910+0000] {dag.py:4180} INFO - Setting next_dagrun for example_external_task_marker_child to None, run_after=None
[2025-03-19T13:12:33.920+0000] {logging_mixin.py:190} INFO - [2025-03-19T13:12:33.919+0000] {dag.py:4180} INFO - Setting next_dagrun for example_external_task_marker_parent to None, run_after=None
[2025-03-19T13:12:33.980+0000] {processor.py:208} INFO - Processing /home/airflow/.local/lib/python3.12/site-packages/airflow/example_dags/example_external_task_marker_dag.py took 0.209 seconds
[2025-03-19T13:13:04.695+0000] {processor.py:186} INFO - Started process (PID=51670) to work on /home/airflow/.local/lib/python3.12/site-packages/airflow/example_dags/example_external_task_marker_dag.py
[2025-03-19T13:13:04.698+0000] {processor.py:914} INFO - Processing file /home/airflow/.local/lib/python3.12/site-packages/airflow/example_dags/example_external_task_marker_dag.py for tasks to queue
[2025-03-19T13:13:04.700+0000] {logging_mixin.py:190} INFO - [2025-03-19T13:13:04.700+0000] {dagbag.py:588} INFO - Filling up the DagBag from /home/airflow/.local/lib/python3.12/site-packages/airflow/example_dags/example_external_task_marker_dag.py
[2025-03-19T13:13:04.718+0000] {processor.py:925} INFO - DAG(s) 'example_external_task_marker_parent', 'example_external_task_marker_child' retrieved from /home/airflow/.local/lib/python3.12/site-packages/airflow/example_dags/example_external_task_marker_dag.py
[2025-03-19T13:13:04.780+0000] {logging_mixin.py:190} INFO - [2025-03-19T13:13:04.779+0000] {dag.py:3239} INFO - Sync 2 DAGs
[2025-03-19T13:13:04.814+0000] {logging_mixin.py:190} INFO - [2025-03-19T13:13:04.814+0000] {dag.py:4180} INFO - Setting next_dagrun for example_external_task_marker_child to None, run_after=None
[2025-03-19T13:13:04.823+0000] {logging_mixin.py:190} INFO - [2025-03-19T13:13:04.823+0000] {dag.py:4180} INFO - Setting next_dagrun for example_external_task_marker_parent to None, run_after=None
[2025-03-19T13:13:04.863+0000] {processor.py:208} INFO - Processing /home/airflow/.local/lib/python3.12/site-packages/airflow/example_dags/example_external_task_marker_dag.py took 0.181 seconds
[2025-03-19T13:13:36.766+0000] {processor.py:186} INFO - Started process (PID=51735) to work on /home/airflow/.local/lib/python3.12/site-packages/airflow/example_dags/example_external_task_marker_dag.py
[2025-03-19T13:13:36.770+0000] {processor.py:914} INFO - Processing file /home/airflow/.local/lib/python3.12/site-packages/airflow/example_dags/example_external_task_marker_dag.py for tasks to queue
[2025-03-19T13:13:36.785+0000] {logging_mixin.py:190} INFO - [2025-03-19T13:13:36.784+0000] {dagbag.py:588} INFO - Filling up the DagBag from /home/airflow/.local/lib/python3.12/site-packages/airflow/example_dags/example_external_task_marker_dag.py
[2025-03-19T13:13:36.861+0000] {processor.py:925} INFO - DAG(s) 'example_external_task_marker_child', 'example_external_task_marker_parent' retrieved from /home/airflow/.local/lib/python3.12/site-packages/airflow/example_dags/example_external_task_marker_dag.py
[2025-03-19T13:13:36.989+0000] {logging_mixin.py:190} INFO - [2025-03-19T13:13:36.987+0000] {dag.py:3239} INFO - Sync 2 DAGs
[2025-03-19T13:13:37.073+0000] {logging_mixin.py:190} INFO - [2025-03-19T13:13:37.072+0000] {dag.py:4180} INFO - Setting next_dagrun for example_external_task_marker_child to None, run_after=None
[2025-03-19T13:13:37.105+0000] {logging_mixin.py:190} INFO - [2025-03-19T13:13:37.104+0000] {dag.py:4180} INFO - Setting next_dagrun for example_external_task_marker_parent to None, run_after=None
[2025-03-19T13:13:37.206+0000] {processor.py:208} INFO - Processing /home/airflow/.local/lib/python3.12/site-packages/airflow/example_dags/example_external_task_marker_dag.py took 0.465 seconds
[2025-03-19T13:14:07.864+0000] {processor.py:186} INFO - Started process (PID=51798) to work on /home/airflow/.local/lib/python3.12/site-packages/airflow/example_dags/example_external_task_marker_dag.py
[2025-03-19T13:14:07.866+0000] {processor.py:914} INFO - Processing file /home/airflow/.local/lib/python3.12/site-packages/airflow/example_dags/example_external_task_marker_dag.py for tasks to queue
[2025-03-19T13:14:07.869+0000] {logging_mixin.py:190} INFO - [2025-03-19T13:14:07.868+0000] {dagbag.py:588} INFO - Filling up the DagBag from /home/airflow/.local/lib/python3.12/site-packages/airflow/example_dags/example_external_task_marker_dag.py
[2025-03-19T13:14:07.885+0000] {processor.py:925} INFO - DAG(s) 'example_external_task_marker_child', 'example_external_task_marker_parent' retrieved from /home/airflow/.local/lib/python3.12/site-packages/airflow/example_dags/example_external_task_marker_dag.py
[2025-03-19T13:14:07.924+0000] {logging_mixin.py:190} INFO - [2025-03-19T13:14:07.923+0000] {dag.py:3239} INFO - Sync 2 DAGs
[2025-03-19T13:14:07.948+0000] {logging_mixin.py:190} INFO - [2025-03-19T13:14:07.947+0000] {dag.py:4180} INFO - Setting next_dagrun for example_external_task_marker_child to None, run_after=None
[2025-03-19T13:14:07.956+0000] {logging_mixin.py:190} INFO - [2025-03-19T13:14:07.956+0000] {dag.py:4180} INFO - Setting next_dagrun for example_external_task_marker_parent to None, run_after=None
[2025-03-19T13:14:07.996+0000] {processor.py:208} INFO - Processing /home/airflow/.local/lib/python3.12/site-packages/airflow/example_dags/example_external_task_marker_dag.py took 0.141 seconds
[2025-03-19T13:14:38.438+0000] {processor.py:186} INFO - Started process (PID=51862) to work on /home/airflow/.local/lib/python3.12/site-packages/airflow/example_dags/example_external_task_marker_dag.py
[2025-03-19T13:14:38.440+0000] {processor.py:914} INFO - Processing file /home/airflow/.local/lib/python3.12/site-packages/airflow/example_dags/example_external_task_marker_dag.py for tasks to queue
[2025-03-19T13:14:38.443+0000] {logging_mixin.py:190} INFO - [2025-03-19T13:14:38.442+0000] {dagbag.py:588} INFO - Filling up the DagBag from /home/airflow/.local/lib/python3.12/site-packages/airflow/example_dags/example_external_task_marker_dag.py
[2025-03-19T13:14:38.457+0000] {processor.py:925} INFO - DAG(s) 'example_external_task_marker_parent', 'example_external_task_marker_child' retrieved from /home/airflow/.local/lib/python3.12/site-packages/airflow/example_dags/example_external_task_marker_dag.py
[2025-03-19T13:14:38.496+0000] {logging_mixin.py:190} INFO - [2025-03-19T13:14:38.496+0000] {dag.py:3239} INFO - Sync 2 DAGs
[2025-03-19T13:14:38.526+0000] {logging_mixin.py:190} INFO - [2025-03-19T13:14:38.526+0000] {dag.py:4180} INFO - Setting next_dagrun for example_external_task_marker_child to None, run_after=None
[2025-03-19T13:14:38.533+0000] {logging_mixin.py:190} INFO - [2025-03-19T13:14:38.533+0000] {dag.py:4180} INFO - Setting next_dagrun for example_external_task_marker_parent to None, run_after=None
[2025-03-19T13:14:38.566+0000] {processor.py:208} INFO - Processing /home/airflow/.local/lib/python3.12/site-packages/airflow/example_dags/example_external_task_marker_dag.py took 0.137 seconds
[2025-03-19T13:15:08.711+0000] {processor.py:186} INFO - Started process (PID=51926) to work on /home/airflow/.local/lib/python3.12/site-packages/airflow/example_dags/example_external_task_marker_dag.py
[2025-03-19T13:15:08.714+0000] {processor.py:914} INFO - Processing file /home/airflow/.local/lib/python3.12/site-packages/airflow/example_dags/example_external_task_marker_dag.py for tasks to queue
[2025-03-19T13:15:08.719+0000] {logging_mixin.py:190} INFO - [2025-03-19T13:15:08.717+0000] {dagbag.py:588} INFO - Filling up the DagBag from /home/airflow/.local/lib/python3.12/site-packages/airflow/example_dags/example_external_task_marker_dag.py
[2025-03-19T13:15:08.738+0000] {processor.py:925} INFO - DAG(s) 'example_external_task_marker_parent', 'example_external_task_marker_child' retrieved from /home/airflow/.local/lib/python3.12/site-packages/airflow/example_dags/example_external_task_marker_dag.py
[2025-03-19T13:15:08.788+0000] {logging_mixin.py:190} INFO - [2025-03-19T13:15:08.787+0000] {dag.py:3239} INFO - Sync 2 DAGs
[2025-03-19T13:15:08.820+0000] {logging_mixin.py:190} INFO - [2025-03-19T13:15:08.820+0000] {dag.py:4180} INFO - Setting next_dagrun for example_external_task_marker_child to None, run_after=None
[2025-03-19T13:15:08.830+0000] {logging_mixin.py:190} INFO - [2025-03-19T13:15:08.829+0000] {dag.py:4180} INFO - Setting next_dagrun for example_external_task_marker_parent to None, run_after=None
[2025-03-19T13:15:08.862+0000] {processor.py:208} INFO - Processing /home/airflow/.local/lib/python3.12/site-packages/airflow/example_dags/example_external_task_marker_dag.py took 0.163 seconds
[2025-03-19T13:15:39.926+0000] {processor.py:186} INFO - Started process (PID=51990) to work on /home/airflow/.local/lib/python3.12/site-packages/airflow/example_dags/example_external_task_marker_dag.py
[2025-03-19T13:15:39.929+0000] {processor.py:914} INFO - Processing file /home/airflow/.local/lib/python3.12/site-packages/airflow/example_dags/example_external_task_marker_dag.py for tasks to queue
[2025-03-19T13:15:39.932+0000] {logging_mixin.py:190} INFO - [2025-03-19T13:15:39.931+0000] {dagbag.py:588} INFO - Filling up the DagBag from /home/airflow/.local/lib/python3.12/site-packages/airflow/example_dags/example_external_task_marker_dag.py
[2025-03-19T13:15:39.958+0000] {processor.py:925} INFO - DAG(s) 'example_external_task_marker_child', 'example_external_task_marker_parent' retrieved from /home/airflow/.local/lib/python3.12/site-packages/airflow/example_dags/example_external_task_marker_dag.py
[2025-03-19T13:15:40.019+0000] {logging_mixin.py:190} INFO - [2025-03-19T13:15:40.019+0000] {dag.py:3239} INFO - Sync 2 DAGs
[2025-03-19T13:15:40.064+0000] {logging_mixin.py:190} INFO - [2025-03-19T13:15:40.064+0000] {dag.py:4180} INFO - Setting next_dagrun for example_external_task_marker_child to None, run_after=None
[2025-03-19T13:15:40.077+0000] {logging_mixin.py:190} INFO - [2025-03-19T13:15:40.076+0000] {dag.py:4180} INFO - Setting next_dagrun for example_external_task_marker_parent to None, run_after=None
[2025-03-19T13:15:40.123+0000] {processor.py:208} INFO - Processing /home/airflow/.local/lib/python3.12/site-packages/airflow/example_dags/example_external_task_marker_dag.py took 0.213 seconds
[2025-03-19T13:16:12.165+0000] {processor.py:186} INFO - Started process (PID=52057) to work on /home/airflow/.local/lib/python3.12/site-packages/airflow/example_dags/example_external_task_marker_dag.py
[2025-03-19T13:16:12.167+0000] {processor.py:914} INFO - Processing file /home/airflow/.local/lib/python3.12/site-packages/airflow/example_dags/example_external_task_marker_dag.py for tasks to queue
[2025-03-19T13:16:12.172+0000] {logging_mixin.py:190} INFO - [2025-03-19T13:16:12.171+0000] {dagbag.py:588} INFO - Filling up the DagBag from /home/airflow/.local/lib/python3.12/site-packages/airflow/example_dags/example_external_task_marker_dag.py
[2025-03-19T13:16:12.201+0000] {processor.py:925} INFO - DAG(s) 'example_external_task_marker_parent', 'example_external_task_marker_child' retrieved from /home/airflow/.local/lib/python3.12/site-packages/airflow/example_dags/example_external_task_marker_dag.py
[2025-03-19T13:16:12.281+0000] {logging_mixin.py:190} INFO - [2025-03-19T13:16:12.280+0000] {dag.py:3239} INFO - Sync 2 DAGs
[2025-03-19T13:16:12.337+0000] {logging_mixin.py:190} INFO - [2025-03-19T13:16:12.337+0000] {dag.py:4180} INFO - Setting next_dagrun for example_external_task_marker_child to None, run_after=None
[2025-03-19T13:16:12.354+0000] {logging_mixin.py:190} INFO - [2025-03-19T13:16:12.353+0000] {dag.py:4180} INFO - Setting next_dagrun for example_external_task_marker_parent to None, run_after=None
[2025-03-19T13:16:12.418+0000] {processor.py:208} INFO - Processing /home/airflow/.local/lib/python3.12/site-packages/airflow/example_dags/example_external_task_marker_dag.py took 0.269 seconds
[2025-03-19T13:16:42.543+0000] {processor.py:186} INFO - Started process (PID=52121) to work on /home/airflow/.local/lib/python3.12/site-packages/airflow/example_dags/example_external_task_marker_dag.py
[2025-03-19T13:16:42.546+0000] {processor.py:914} INFO - Processing file /home/airflow/.local/lib/python3.12/site-packages/airflow/example_dags/example_external_task_marker_dag.py for tasks to queue
[2025-03-19T13:16:42.549+0000] {logging_mixin.py:190} INFO - [2025-03-19T13:16:42.548+0000] {dagbag.py:588} INFO - Filling up the DagBag from /home/airflow/.local/lib/python3.12/site-packages/airflow/example_dags/example_external_task_marker_dag.py
[2025-03-19T13:16:42.571+0000] {processor.py:925} INFO - DAG(s) 'example_external_task_marker_parent', 'example_external_task_marker_child' retrieved from /home/airflow/.local/lib/python3.12/site-packages/airflow/example_dags/example_external_task_marker_dag.py
[2025-03-19T13:16:42.632+0000] {logging_mixin.py:190} INFO - [2025-03-19T13:16:42.631+0000] {dag.py:3239} INFO - Sync 2 DAGs
[2025-03-19T13:16:42.671+0000] {logging_mixin.py:190} INFO - [2025-03-19T13:16:42.671+0000] {dag.py:4180} INFO - Setting next_dagrun for example_external_task_marker_child to None, run_after=None
[2025-03-19T13:16:42.682+0000] {logging_mixin.py:190} INFO - [2025-03-19T13:16:42.682+0000] {dag.py:4180} INFO - Setting next_dagrun for example_external_task_marker_parent to None, run_after=None
[2025-03-19T13:16:42.732+0000] {processor.py:208} INFO - Processing /home/airflow/.local/lib/python3.12/site-packages/airflow/example_dags/example_external_task_marker_dag.py took 0.201 seconds
[2025-03-19T18:29:04.994+0000] {processor.py:186} INFO - Started process (PID=52176) to work on /home/airflow/.local/lib/python3.12/site-packages/airflow/example_dags/example_external_task_marker_dag.py
[2025-03-19T18:29:04.996+0000] {processor.py:914} INFO - Processing file /home/airflow/.local/lib/python3.12/site-packages/airflow/example_dags/example_external_task_marker_dag.py for tasks to queue
[2025-03-19T18:29:05.005+0000] {logging_mixin.py:190} INFO - [2025-03-19T18:29:05.000+0000] {dagbag.py:588} INFO - Filling up the DagBag from /home/airflow/.local/lib/python3.12/site-packages/airflow/example_dags/example_external_task_marker_dag.py
[2025-03-19T18:29:05.038+0000] {processor.py:925} INFO - DAG(s) 'example_external_task_marker_child', 'example_external_task_marker_parent' retrieved from /home/airflow/.local/lib/python3.12/site-packages/airflow/example_dags/example_external_task_marker_dag.py
[2025-03-19T18:29:05.170+0000] {logging_mixin.py:190} INFO - [2025-03-19T18:29:05.169+0000] {dag.py:3239} INFO - Sync 2 DAGs
[2025-03-19T18:29:05.242+0000] {logging_mixin.py:190} INFO - [2025-03-19T18:29:05.242+0000] {dag.py:4180} INFO - Setting next_dagrun for example_external_task_marker_child to None, run_after=None
[2025-03-19T18:29:05.262+0000] {logging_mixin.py:190} INFO - [2025-03-19T18:29:05.262+0000] {dag.py:4180} INFO - Setting next_dagrun for example_external_task_marker_parent to None, run_after=None
[2025-03-19T18:29:05.362+0000] {processor.py:208} INFO - Processing /home/airflow/.local/lib/python3.12/site-packages/airflow/example_dags/example_external_task_marker_dag.py took 0.383 seconds
