[2025-03-19T13:11:32.509+0000] {processor.py:186} INFO - Started process (PID=51470) to work on /home/airflow/.local/lib/python3.12/site-packages/airflow/example_dags/example_branch_day_of_week_operator.py
[2025-03-19T13:11:32.511+0000] {processor.py:914} INFO - Processing file /home/airflow/.local/lib/python3.12/site-packages/airflow/example_dags/example_branch_day_of_week_operator.py for tasks to queue
[2025-03-19T13:11:32.526+0000] {logging_mixin.py:190} INFO - [2025-03-19T13:11:32.525+0000] {dagbag.py:588} INFO - Filling up the DagBag from /home/airflow/.local/lib/python3.12/site-packages/airflow/example_dags/example_branch_day_of_week_operator.py
[2025-03-19T13:11:32.602+0000] {processor.py:925} INFO - DAG(s) 'example_weekday_branch_operator' retrieved from /home/airflow/.local/lib/python3.12/site-packages/airflow/example_dags/example_branch_day_of_week_operator.py
[2025-03-19T13:11:32.735+0000] {logging_mixin.py:190} INFO - [2025-03-19T13:11:32.734+0000] {dag.py:3239} INFO - Sync 1 DAGs
[2025-03-19T13:11:32.961+0000] {logging_mixin.py:190} INFO - [2025-03-19T13:11:32.961+0000] {dag.py:4180} INFO - Setting next_dagrun for example_weekday_branch_operator to 2025-03-18 00:00:00+00:00, run_after=2025-03-19 00:00:00+00:00
[2025-03-19T13:11:33.110+0000] {processor.py:208} INFO - Processing /home/airflow/.local/lib/python3.12/site-packages/airflow/example_dags/example_branch_day_of_week_operator.py took 0.639 seconds
[2025-03-19T13:12:03.442+0000] {processor.py:186} INFO - Started process (PID=51535) to work on /home/airflow/.local/lib/python3.12/site-packages/airflow/example_dags/example_branch_day_of_week_operator.py
[2025-03-19T13:12:03.444+0000] {processor.py:914} INFO - Processing file /home/airflow/.local/lib/python3.12/site-packages/airflow/example_dags/example_branch_day_of_week_operator.py for tasks to queue
[2025-03-19T13:12:03.447+0000] {logging_mixin.py:190} INFO - [2025-03-19T13:12:03.446+0000] {dagbag.py:588} INFO - Filling up the DagBag from /home/airflow/.local/lib/python3.12/site-packages/airflow/example_dags/example_branch_day_of_week_operator.py
[2025-03-19T13:12:03.463+0000] {processor.py:925} INFO - DAG(s) 'example_weekday_branch_operator' retrieved from /home/airflow/.local/lib/python3.12/site-packages/airflow/example_dags/example_branch_day_of_week_operator.py
[2025-03-19T13:12:03.504+0000] {logging_mixin.py:190} INFO - [2025-03-19T13:12:03.504+0000] {dag.py:3239} INFO - Sync 1 DAGs
[2025-03-19T13:12:03.546+0000] {logging_mixin.py:190} INFO - [2025-03-19T13:12:03.545+0000] {dag.py:4180} INFO - Setting next_dagrun for example_weekday_branch_operator to 2025-03-18 00:00:00+00:00, run_after=2025-03-19 00:00:00+00:00
[2025-03-19T13:12:03.590+0000] {processor.py:208} INFO - Processing /home/airflow/.local/lib/python3.12/site-packages/airflow/example_dags/example_branch_day_of_week_operator.py took 0.163 seconds
[2025-03-19T13:12:34.059+0000] {processor.py:186} INFO - Started process (PID=51606) to work on /home/airflow/.local/lib/python3.12/site-packages/airflow/example_dags/example_branch_day_of_week_operator.py
[2025-03-19T13:12:34.061+0000] {processor.py:914} INFO - Processing file /home/airflow/.local/lib/python3.12/site-packages/airflow/example_dags/example_branch_day_of_week_operator.py for tasks to queue
[2025-03-19T13:12:34.064+0000] {logging_mixin.py:190} INFO - [2025-03-19T13:12:34.063+0000] {dagbag.py:588} INFO - Filling up the DagBag from /home/airflow/.local/lib/python3.12/site-packages/airflow/example_dags/example_branch_day_of_week_operator.py
[2025-03-19T13:12:34.090+0000] {processor.py:925} INFO - DAG(s) 'example_weekday_branch_operator' retrieved from /home/airflow/.local/lib/python3.12/site-packages/airflow/example_dags/example_branch_day_of_week_operator.py
[2025-03-19T13:12:34.133+0000] {logging_mixin.py:190} INFO - [2025-03-19T13:12:34.133+0000] {dag.py:3239} INFO - Sync 1 DAGs
[2025-03-19T13:12:34.196+0000] {logging_mixin.py:190} INFO - [2025-03-19T13:12:34.195+0000] {dag.py:4180} INFO - Setting next_dagrun for example_weekday_branch_operator to 2025-03-18 00:00:00+00:00, run_after=2025-03-19 00:00:00+00:00
[2025-03-19T13:12:34.244+0000] {processor.py:208} INFO - Processing /home/airflow/.local/lib/python3.12/site-packages/airflow/example_dags/example_branch_day_of_week_operator.py took 0.197 seconds
[2025-03-19T13:13:04.944+0000] {processor.py:186} INFO - Started process (PID=51671) to work on /home/airflow/.local/lib/python3.12/site-packages/airflow/example_dags/example_branch_day_of_week_operator.py
[2025-03-19T13:13:04.946+0000] {processor.py:914} INFO - Processing file /home/airflow/.local/lib/python3.12/site-packages/airflow/example_dags/example_branch_day_of_week_operator.py for tasks to queue
[2025-03-19T13:13:04.949+0000] {logging_mixin.py:190} INFO - [2025-03-19T13:13:04.948+0000] {dagbag.py:588} INFO - Filling up the DagBag from /home/airflow/.local/lib/python3.12/site-packages/airflow/example_dags/example_branch_day_of_week_operator.py
[2025-03-19T13:13:04.970+0000] {processor.py:925} INFO - DAG(s) 'example_weekday_branch_operator' retrieved from /home/airflow/.local/lib/python3.12/site-packages/airflow/example_dags/example_branch_day_of_week_operator.py
[2025-03-19T13:13:05.011+0000] {logging_mixin.py:190} INFO - [2025-03-19T13:13:05.011+0000] {dag.py:3239} INFO - Sync 1 DAGs
[2025-03-19T13:13:05.067+0000] {logging_mixin.py:190} INFO - [2025-03-19T13:13:05.066+0000] {dag.py:4180} INFO - Setting next_dagrun for example_weekday_branch_operator to 2025-03-18 00:00:00+00:00, run_after=2025-03-19 00:00:00+00:00
[2025-03-19T13:13:05.112+0000] {processor.py:208} INFO - Processing /home/airflow/.local/lib/python3.12/site-packages/airflow/example_dags/example_branch_day_of_week_operator.py took 0.179 seconds
[2025-03-19T13:13:37.364+0000] {processor.py:186} INFO - Started process (PID=51736) to work on /home/airflow/.local/lib/python3.12/site-packages/airflow/example_dags/example_branch_day_of_week_operator.py
[2025-03-19T13:13:37.366+0000] {processor.py:914} INFO - Processing file /home/airflow/.local/lib/python3.12/site-packages/airflow/example_dags/example_branch_day_of_week_operator.py for tasks to queue
[2025-03-19T13:13:37.379+0000] {logging_mixin.py:190} INFO - [2025-03-19T13:13:37.378+0000] {dagbag.py:588} INFO - Filling up the DagBag from /home/airflow/.local/lib/python3.12/site-packages/airflow/example_dags/example_branch_day_of_week_operator.py
[2025-03-19T13:13:37.458+0000] {processor.py:925} INFO - DAG(s) 'example_weekday_branch_operator' retrieved from /home/airflow/.local/lib/python3.12/site-packages/airflow/example_dags/example_branch_day_of_week_operator.py
[2025-03-19T13:13:37.596+0000] {logging_mixin.py:190} INFO - [2025-03-19T13:13:37.595+0000] {dag.py:3239} INFO - Sync 1 DAGs
[2025-03-19T13:13:37.818+0000] {logging_mixin.py:190} INFO - [2025-03-19T13:13:37.817+0000] {dag.py:4180} INFO - Setting next_dagrun for example_weekday_branch_operator to 2025-03-18 00:00:00+00:00, run_after=2025-03-19 00:00:00+00:00
[2025-03-19T13:13:37.959+0000] {processor.py:208} INFO - Processing /home/airflow/.local/lib/python3.12/site-packages/airflow/example_dags/example_branch_day_of_week_operator.py took 0.633 seconds
[2025-03-19T13:14:08.906+0000] {processor.py:186} INFO - Started process (PID=51799) to work on /home/airflow/.local/lib/python3.12/site-packages/airflow/example_dags/example_branch_day_of_week_operator.py
[2025-03-19T13:14:08.908+0000] {processor.py:914} INFO - Processing file /home/airflow/.local/lib/python3.12/site-packages/airflow/example_dags/example_branch_day_of_week_operator.py for tasks to queue
[2025-03-19T13:14:08.911+0000] {logging_mixin.py:190} INFO - [2025-03-19T13:14:08.911+0000] {dagbag.py:588} INFO - Filling up the DagBag from /home/airflow/.local/lib/python3.12/site-packages/airflow/example_dags/example_branch_day_of_week_operator.py
[2025-03-19T13:14:08.935+0000] {processor.py:925} INFO - DAG(s) 'example_weekday_branch_operator' retrieved from /home/airflow/.local/lib/python3.12/site-packages/airflow/example_dags/example_branch_day_of_week_operator.py
[2025-03-19T13:14:08.988+0000] {logging_mixin.py:190} INFO - [2025-03-19T13:14:08.988+0000] {dag.py:3239} INFO - Sync 1 DAGs
[2025-03-19T13:14:09.043+0000] {logging_mixin.py:190} INFO - [2025-03-19T13:14:09.042+0000] {dag.py:4180} INFO - Setting next_dagrun for example_weekday_branch_operator to 2025-03-18 00:00:00+00:00, run_after=2025-03-19 00:00:00+00:00
[2025-03-19T13:14:09.082+0000] {processor.py:208} INFO - Processing /home/airflow/.local/lib/python3.12/site-packages/airflow/example_dags/example_branch_day_of_week_operator.py took 0.185 seconds
[2025-03-19T13:14:39.624+0000] {processor.py:186} INFO - Started process (PID=51864) to work on /home/airflow/.local/lib/python3.12/site-packages/airflow/example_dags/example_branch_day_of_week_operator.py
[2025-03-19T13:14:39.625+0000] {processor.py:914} INFO - Processing file /home/airflow/.local/lib/python3.12/site-packages/airflow/example_dags/example_branch_day_of_week_operator.py for tasks to queue
[2025-03-19T13:14:39.628+0000] {logging_mixin.py:190} INFO - [2025-03-19T13:14:39.627+0000] {dagbag.py:588} INFO - Filling up the DagBag from /home/airflow/.local/lib/python3.12/site-packages/airflow/example_dags/example_branch_day_of_week_operator.py
[2025-03-19T13:14:39.643+0000] {processor.py:925} INFO - DAG(s) 'example_weekday_branch_operator' retrieved from /home/airflow/.local/lib/python3.12/site-packages/airflow/example_dags/example_branch_day_of_week_operator.py
[2025-03-19T13:14:39.678+0000] {logging_mixin.py:190} INFO - [2025-03-19T13:14:39.677+0000] {dag.py:3239} INFO - Sync 1 DAGs
[2025-03-19T13:14:39.720+0000] {logging_mixin.py:190} INFO - [2025-03-19T13:14:39.720+0000] {dag.py:4180} INFO - Setting next_dagrun for example_weekday_branch_operator to 2025-03-18 00:00:00+00:00, run_after=2025-03-19 00:00:00+00:00
[2025-03-19T13:14:39.755+0000] {processor.py:208} INFO - Processing /home/airflow/.local/lib/python3.12/site-packages/airflow/example_dags/example_branch_day_of_week_operator.py took 0.140 seconds
[2025-03-19T13:15:10.055+0000] {processor.py:186} INFO - Started process (PID=51929) to work on /home/airflow/.local/lib/python3.12/site-packages/airflow/example_dags/example_branch_day_of_week_operator.py
[2025-03-19T13:15:10.057+0000] {processor.py:914} INFO - Processing file /home/airflow/.local/lib/python3.12/site-packages/airflow/example_dags/example_branch_day_of_week_operator.py for tasks to queue
[2025-03-19T13:15:10.061+0000] {logging_mixin.py:190} INFO - [2025-03-19T13:15:10.061+0000] {dagbag.py:588} INFO - Filling up the DagBag from /home/airflow/.local/lib/python3.12/site-packages/airflow/example_dags/example_branch_day_of_week_operator.py
[2025-03-19T13:15:10.084+0000] {processor.py:925} INFO - DAG(s) 'example_weekday_branch_operator' retrieved from /home/airflow/.local/lib/python3.12/site-packages/airflow/example_dags/example_branch_day_of_week_operator.py
[2025-03-19T13:15:10.124+0000] {logging_mixin.py:190} INFO - [2025-03-19T13:15:10.123+0000] {dag.py:3239} INFO - Sync 1 DAGs
[2025-03-19T13:15:10.168+0000] {logging_mixin.py:190} INFO - [2025-03-19T13:15:10.167+0000] {dag.py:4180} INFO - Setting next_dagrun for example_weekday_branch_operator to 2025-03-18 00:00:00+00:00, run_after=2025-03-19 00:00:00+00:00
[2025-03-19T13:15:10.223+0000] {processor.py:208} INFO - Processing /home/airflow/.local/lib/python3.12/site-packages/airflow/example_dags/example_branch_day_of_week_operator.py took 0.193 seconds
[2025-03-19T13:15:40.327+0000] {processor.py:186} INFO - Started process (PID=51993) to work on /home/airflow/.local/lib/python3.12/site-packages/airflow/example_dags/example_branch_day_of_week_operator.py
[2025-03-19T13:15:40.329+0000] {processor.py:914} INFO - Processing file /home/airflow/.local/lib/python3.12/site-packages/airflow/example_dags/example_branch_day_of_week_operator.py for tasks to queue
[2025-03-19T13:15:40.332+0000] {logging_mixin.py:190} INFO - [2025-03-19T13:15:40.331+0000] {dagbag.py:588} INFO - Filling up the DagBag from /home/airflow/.local/lib/python3.12/site-packages/airflow/example_dags/example_branch_day_of_week_operator.py
[2025-03-19T13:15:40.348+0000] {processor.py:925} INFO - DAG(s) 'example_weekday_branch_operator' retrieved from /home/airflow/.local/lib/python3.12/site-packages/airflow/example_dags/example_branch_day_of_week_operator.py
[2025-03-19T13:15:40.386+0000] {logging_mixin.py:190} INFO - [2025-03-19T13:15:40.386+0000] {dag.py:3239} INFO - Sync 1 DAGs
[2025-03-19T13:15:40.439+0000] {logging_mixin.py:190} INFO - [2025-03-19T13:15:40.439+0000] {dag.py:4180} INFO - Setting next_dagrun for example_weekday_branch_operator to 2025-03-18 00:00:00+00:00, run_after=2025-03-19 00:00:00+00:00
[2025-03-19T13:15:40.489+0000] {processor.py:208} INFO - Processing /home/airflow/.local/lib/python3.12/site-packages/airflow/example_dags/example_branch_day_of_week_operator.py took 0.172 seconds
[2025-03-19T13:16:12.513+0000] {processor.py:186} INFO - Started process (PID=52058) to work on /home/airflow/.local/lib/python3.12/site-packages/airflow/example_dags/example_branch_day_of_week_operator.py
[2025-03-19T13:16:12.516+0000] {processor.py:914} INFO - Processing file /home/airflow/.local/lib/python3.12/site-packages/airflow/example_dags/example_branch_day_of_week_operator.py for tasks to queue
[2025-03-19T13:16:12.520+0000] {logging_mixin.py:190} INFO - [2025-03-19T13:16:12.519+0000] {dagbag.py:588} INFO - Filling up the DagBag from /home/airflow/.local/lib/python3.12/site-packages/airflow/example_dags/example_branch_day_of_week_operator.py
[2025-03-19T13:16:12.556+0000] {processor.py:925} INFO - DAG(s) 'example_weekday_branch_operator' retrieved from /home/airflow/.local/lib/python3.12/site-packages/airflow/example_dags/example_branch_day_of_week_operator.py
[2025-03-19T13:16:12.615+0000] {logging_mixin.py:190} INFO - [2025-03-19T13:16:12.615+0000] {dag.py:3239} INFO - Sync 1 DAGs
[2025-03-19T13:16:12.708+0000] {logging_mixin.py:190} INFO - [2025-03-19T13:16:12.707+0000] {dag.py:4180} INFO - Setting next_dagrun for example_weekday_branch_operator to 2025-03-18 00:00:00+00:00, run_after=2025-03-19 00:00:00+00:00
[2025-03-19T13:16:12.774+0000] {processor.py:208} INFO - Processing /home/airflow/.local/lib/python3.12/site-packages/airflow/example_dags/example_branch_day_of_week_operator.py took 0.277 seconds
[2025-03-19T13:16:43.819+0000] {processor.py:186} INFO - Started process (PID=52123) to work on /home/airflow/.local/lib/python3.12/site-packages/airflow/example_dags/example_branch_day_of_week_operator.py
[2025-03-19T13:16:43.821+0000] {processor.py:914} INFO - Processing file /home/airflow/.local/lib/python3.12/site-packages/airflow/example_dags/example_branch_day_of_week_operator.py for tasks to queue
[2025-03-19T13:16:43.825+0000] {logging_mixin.py:190} INFO - [2025-03-19T13:16:43.824+0000] {dagbag.py:588} INFO - Filling up the DagBag from /home/airflow/.local/lib/python3.12/site-packages/airflow/example_dags/example_branch_day_of_week_operator.py
[2025-03-19T13:16:43.856+0000] {processor.py:925} INFO - DAG(s) 'example_weekday_branch_operator' retrieved from /home/airflow/.local/lib/python3.12/site-packages/airflow/example_dags/example_branch_day_of_week_operator.py
[2025-03-19T13:16:43.902+0000] {logging_mixin.py:190} INFO - [2025-03-19T13:16:43.901+0000] {dag.py:3239} INFO - Sync 1 DAGs
[2025-03-19T13:16:43.978+0000] {logging_mixin.py:190} INFO - [2025-03-19T13:16:43.977+0000] {dag.py:4180} INFO - Setting next_dagrun for example_weekday_branch_operator to 2025-03-18 00:00:00+00:00, run_after=2025-03-19 00:00:00+00:00
[2025-03-19T13:16:44.047+0000] {processor.py:208} INFO - Processing /home/airflow/.local/lib/python3.12/site-packages/airflow/example_dags/example_branch_day_of_week_operator.py took 0.239 seconds
[2025-03-19T18:29:05.431+0000] {processor.py:186} INFO - Started process (PID=52177) to work on /home/airflow/.local/lib/python3.12/site-packages/airflow/example_dags/example_branch_day_of_week_operator.py
[2025-03-19T18:29:05.450+0000] {processor.py:914} INFO - Processing file /home/airflow/.local/lib/python3.12/site-packages/airflow/example_dags/example_branch_day_of_week_operator.py for tasks to queue
[2025-03-19T18:29:05.459+0000] {logging_mixin.py:190} INFO - [2025-03-19T18:29:05.458+0000] {dagbag.py:588} INFO - Filling up the DagBag from /home/airflow/.local/lib/python3.12/site-packages/airflow/example_dags/example_branch_day_of_week_operator.py
[2025-03-19T18:29:05.513+0000] {processor.py:925} INFO - DAG(s) 'example_weekday_branch_operator' retrieved from /home/airflow/.local/lib/python3.12/site-packages/airflow/example_dags/example_branch_day_of_week_operator.py
[2025-03-19T18:29:05.626+0000] {logging_mixin.py:190} INFO - [2025-03-19T18:29:05.625+0000] {dag.py:3239} INFO - Sync 1 DAGs
[2025-03-19T18:29:05.816+0000] {logging_mixin.py:190} INFO - [2025-03-19T18:29:05.816+0000] {dag.py:4180} INFO - Setting next_dagrun for example_weekday_branch_operator to 2025-03-18 00:00:00+00:00, run_after=2025-03-19 00:00:00+00:00
[2025-03-19T18:29:05.956+0000] {processor.py:208} INFO - Processing /home/airflow/.local/lib/python3.12/site-packages/airflow/example_dags/example_branch_day_of_week_operator.py took 0.547 seconds
