[2025-03-19T13:11:25.354+0000] {processor.py:186} INFO - Started process (PID=51453) to work on /home/airflow/.local/lib/python3.12/site-packages/airflow/example_dags/example_branch_labels.py
[2025-03-19T13:11:25.368+0000] {processor.py:914} INFO - Processing file /home/airflow/.local/lib/python3.12/site-packages/airflow/example_dags/example_branch_labels.py for tasks to queue
[2025-03-19T13:11:25.372+0000] {logging_mixin.py:190} INFO - [2025-03-19T13:11:25.371+0000] {dagbag.py:588} INFO - Filling up the DagBag from /home/airflow/.local/lib/python3.12/site-packages/airflow/example_dags/example_branch_labels.py
[2025-03-19T13:11:25.432+0000] {processor.py:925} INFO - DAG(s) 'example_branch_labels' retrieved from /home/airflow/.local/lib/python3.12/site-packages/airflow/example_dags/example_branch_labels.py
[2025-03-19T13:11:25.553+0000] {logging_mixin.py:190} INFO - [2025-03-19T13:11:25.552+0000] {dag.py:3239} INFO - Sync 1 DAGs
[2025-03-19T13:11:25.742+0000] {logging_mixin.py:190} INFO - [2025-03-19T13:11:25.741+0000] {dag.py:4180} INFO - Setting next_dagrun for example_branch_labels to 2025-03-18 00:00:00+00:00, run_after=2025-03-19 00:00:00+00:00
[2025-03-19T13:11:25.897+0000] {processor.py:208} INFO - Processing /home/airflow/.local/lib/python3.12/site-packages/airflow/example_dags/example_branch_labels.py took 0.581 seconds
[2025-03-19T13:11:56.395+0000] {processor.py:186} INFO - Started process (PID=51518) to work on /home/airflow/.local/lib/python3.12/site-packages/airflow/example_dags/example_branch_labels.py
[2025-03-19T13:11:56.397+0000] {processor.py:914} INFO - Processing file /home/airflow/.local/lib/python3.12/site-packages/airflow/example_dags/example_branch_labels.py for tasks to queue
[2025-03-19T13:11:56.401+0000] {logging_mixin.py:190} INFO - [2025-03-19T13:11:56.400+0000] {dagbag.py:588} INFO - Filling up the DagBag from /home/airflow/.local/lib/python3.12/site-packages/airflow/example_dags/example_branch_labels.py
[2025-03-19T13:11:56.425+0000] {processor.py:925} INFO - DAG(s) 'example_branch_labels' retrieved from /home/airflow/.local/lib/python3.12/site-packages/airflow/example_dags/example_branch_labels.py
[2025-03-19T13:11:56.473+0000] {logging_mixin.py:190} INFO - [2025-03-19T13:11:56.473+0000] {dag.py:3239} INFO - Sync 1 DAGs
[2025-03-19T13:11:56.524+0000] {logging_mixin.py:190} INFO - [2025-03-19T13:11:56.524+0000] {dag.py:4180} INFO - Setting next_dagrun for example_branch_labels to 2025-03-18 00:00:00+00:00, run_after=2025-03-19 00:00:00+00:00
[2025-03-19T13:11:56.557+0000] {processor.py:208} INFO - Processing /home/airflow/.local/lib/python3.12/site-packages/airflow/example_dags/example_branch_labels.py took 0.176 seconds
[2025-03-19T13:12:26.884+0000] {processor.py:186} INFO - Started process (PID=51589) to work on /home/airflow/.local/lib/python3.12/site-packages/airflow/example_dags/example_branch_labels.py
[2025-03-19T13:12:26.886+0000] {processor.py:914} INFO - Processing file /home/airflow/.local/lib/python3.12/site-packages/airflow/example_dags/example_branch_labels.py for tasks to queue
[2025-03-19T13:12:26.889+0000] {logging_mixin.py:190} INFO - [2025-03-19T13:12:26.888+0000] {dagbag.py:588} INFO - Filling up the DagBag from /home/airflow/.local/lib/python3.12/site-packages/airflow/example_dags/example_branch_labels.py
[2025-03-19T13:12:26.906+0000] {processor.py:925} INFO - DAG(s) 'example_branch_labels' retrieved from /home/airflow/.local/lib/python3.12/site-packages/airflow/example_dags/example_branch_labels.py
[2025-03-19T13:12:26.942+0000] {logging_mixin.py:190} INFO - [2025-03-19T13:12:26.941+0000] {dag.py:3239} INFO - Sync 1 DAGs
[2025-03-19T13:12:26.992+0000] {logging_mixin.py:190} INFO - [2025-03-19T13:12:26.992+0000] {dag.py:4180} INFO - Setting next_dagrun for example_branch_labels to 2025-03-18 00:00:00+00:00, run_after=2025-03-19 00:00:00+00:00
[2025-03-19T13:12:27.040+0000] {processor.py:208} INFO - Processing /home/airflow/.local/lib/python3.12/site-packages/airflow/example_dags/example_branch_labels.py took 0.169 seconds
[2025-03-19T13:12:57.554+0000] {processor.py:186} INFO - Started process (PID=51653) to work on /home/airflow/.local/lib/python3.12/site-packages/airflow/example_dags/example_branch_labels.py
[2025-03-19T13:12:57.557+0000] {processor.py:914} INFO - Processing file /home/airflow/.local/lib/python3.12/site-packages/airflow/example_dags/example_branch_labels.py for tasks to queue
[2025-03-19T13:12:57.562+0000] {logging_mixin.py:190} INFO - [2025-03-19T13:12:57.561+0000] {dagbag.py:588} INFO - Filling up the DagBag from /home/airflow/.local/lib/python3.12/site-packages/airflow/example_dags/example_branch_labels.py
[2025-03-19T13:12:57.600+0000] {processor.py:925} INFO - DAG(s) 'example_branch_labels' retrieved from /home/airflow/.local/lib/python3.12/site-packages/airflow/example_dags/example_branch_labels.py
[2025-03-19T13:12:57.661+0000] {logging_mixin.py:190} INFO - [2025-03-19T13:12:57.660+0000] {dag.py:3239} INFO - Sync 1 DAGs
[2025-03-19T13:12:57.746+0000] {logging_mixin.py:190} INFO - [2025-03-19T13:12:57.746+0000] {dag.py:4180} INFO - Setting next_dagrun for example_branch_labels to 2025-03-18 00:00:00+00:00, run_after=2025-03-19 00:00:00+00:00
[2025-03-19T13:12:57.806+0000] {processor.py:208} INFO - Processing /home/airflow/.local/lib/python3.12/site-packages/airflow/example_dags/example_branch_labels.py took 0.273 seconds
[2025-03-19T13:13:28.094+0000] {processor.py:186} INFO - Started process (PID=51717) to work on /home/airflow/.local/lib/python3.12/site-packages/airflow/example_dags/example_branch_labels.py
[2025-03-19T13:13:28.102+0000] {processor.py:914} INFO - Processing file /home/airflow/.local/lib/python3.12/site-packages/airflow/example_dags/example_branch_labels.py for tasks to queue
[2025-03-19T13:13:28.107+0000] {logging_mixin.py:190} INFO - [2025-03-19T13:13:28.106+0000] {dagbag.py:588} INFO - Filling up the DagBag from /home/airflow/.local/lib/python3.12/site-packages/airflow/example_dags/example_branch_labels.py
[2025-03-19T13:13:28.138+0000] {processor.py:925} INFO - DAG(s) 'example_branch_labels' retrieved from /home/airflow/.local/lib/python3.12/site-packages/airflow/example_dags/example_branch_labels.py
[2025-03-19T13:13:28.218+0000] {logging_mixin.py:190} INFO - [2025-03-19T13:13:28.217+0000] {dag.py:3239} INFO - Sync 1 DAGs
[2025-03-19T13:13:28.316+0000] {logging_mixin.py:190} INFO - [2025-03-19T13:13:28.315+0000] {dag.py:4180} INFO - Setting next_dagrun for example_branch_labels to 2025-03-18 00:00:00+00:00, run_after=2025-03-19 00:00:00+00:00
[2025-03-19T13:13:28.360+0000] {processor.py:208} INFO - Processing /home/airflow/.local/lib/python3.12/site-packages/airflow/example_dags/example_branch_labels.py took 0.290 seconds
[2025-03-19T13:13:58.511+0000] {processor.py:186} INFO - Started process (PID=51782) to work on /home/airflow/.local/lib/python3.12/site-packages/airflow/example_dags/example_branch_labels.py
[2025-03-19T13:13:58.513+0000] {processor.py:914} INFO - Processing file /home/airflow/.local/lib/python3.12/site-packages/airflow/example_dags/example_branch_labels.py for tasks to queue
[2025-03-19T13:13:58.515+0000] {logging_mixin.py:190} INFO - [2025-03-19T13:13:58.515+0000] {dagbag.py:588} INFO - Filling up the DagBag from /home/airflow/.local/lib/python3.12/site-packages/airflow/example_dags/example_branch_labels.py
[2025-03-19T13:13:58.533+0000] {processor.py:925} INFO - DAG(s) 'example_branch_labels' retrieved from /home/airflow/.local/lib/python3.12/site-packages/airflow/example_dags/example_branch_labels.py
[2025-03-19T13:13:58.572+0000] {logging_mixin.py:190} INFO - [2025-03-19T13:13:58.572+0000] {dag.py:3239} INFO - Sync 1 DAGs
[2025-03-19T13:13:58.616+0000] {logging_mixin.py:190} INFO - [2025-03-19T13:13:58.615+0000] {dag.py:4180} INFO - Setting next_dagrun for example_branch_labels to 2025-03-18 00:00:00+00:00, run_after=2025-03-19 00:00:00+00:00
[2025-03-19T13:13:58.651+0000] {processor.py:208} INFO - Processing /home/airflow/.local/lib/python3.12/site-packages/airflow/example_dags/example_branch_labels.py took 0.148 seconds
[2025-03-19T13:14:29.313+0000] {processor.py:186} INFO - Started process (PID=51847) to work on /home/airflow/.local/lib/python3.12/site-packages/airflow/example_dags/example_branch_labels.py
[2025-03-19T13:14:29.315+0000] {processor.py:914} INFO - Processing file /home/airflow/.local/lib/python3.12/site-packages/airflow/example_dags/example_branch_labels.py for tasks to queue
[2025-03-19T13:14:29.318+0000] {logging_mixin.py:190} INFO - [2025-03-19T13:14:29.317+0000] {dagbag.py:588} INFO - Filling up the DagBag from /home/airflow/.local/lib/python3.12/site-packages/airflow/example_dags/example_branch_labels.py
[2025-03-19T13:14:29.332+0000] {processor.py:925} INFO - DAG(s) 'example_branch_labels' retrieved from /home/airflow/.local/lib/python3.12/site-packages/airflow/example_dags/example_branch_labels.py
[2025-03-19T13:14:29.364+0000] {logging_mixin.py:190} INFO - [2025-03-19T13:14:29.363+0000] {dag.py:3239} INFO - Sync 1 DAGs
[2025-03-19T13:14:29.406+0000] {logging_mixin.py:190} INFO - [2025-03-19T13:14:29.406+0000] {dag.py:4180} INFO - Setting next_dagrun for example_branch_labels to 2025-03-18 00:00:00+00:00, run_after=2025-03-19 00:00:00+00:00
[2025-03-19T13:14:29.444+0000] {processor.py:208} INFO - Processing /home/airflow/.local/lib/python3.12/site-packages/airflow/example_dags/example_branch_labels.py took 0.140 seconds
[2025-03-19T13:14:59.793+0000] {processor.py:186} INFO - Started process (PID=51912) to work on /home/airflow/.local/lib/python3.12/site-packages/airflow/example_dags/example_branch_labels.py
[2025-03-19T13:14:59.794+0000] {processor.py:914} INFO - Processing file /home/airflow/.local/lib/python3.12/site-packages/airflow/example_dags/example_branch_labels.py for tasks to queue
[2025-03-19T13:14:59.796+0000] {logging_mixin.py:190} INFO - [2025-03-19T13:14:59.796+0000] {dagbag.py:588} INFO - Filling up the DagBag from /home/airflow/.local/lib/python3.12/site-packages/airflow/example_dags/example_branch_labels.py
[2025-03-19T13:14:59.812+0000] {processor.py:925} INFO - DAG(s) 'example_branch_labels' retrieved from /home/airflow/.local/lib/python3.12/site-packages/airflow/example_dags/example_branch_labels.py
[2025-03-19T13:14:59.847+0000] {logging_mixin.py:190} INFO - [2025-03-19T13:14:59.847+0000] {dag.py:3239} INFO - Sync 1 DAGs
[2025-03-19T13:14:59.889+0000] {logging_mixin.py:190} INFO - [2025-03-19T13:14:59.889+0000] {dag.py:4180} INFO - Setting next_dagrun for example_branch_labels to 2025-03-18 00:00:00+00:00, run_after=2025-03-19 00:00:00+00:00
[2025-03-19T13:14:59.934+0000] {processor.py:208} INFO - Processing /home/airflow/.local/lib/python3.12/site-packages/airflow/example_dags/example_branch_labels.py took 0.151 seconds
[2025-03-19T13:15:30.299+0000] {processor.py:186} INFO - Started process (PID=51977) to work on /home/airflow/.local/lib/python3.12/site-packages/airflow/example_dags/example_branch_labels.py
[2025-03-19T13:15:30.301+0000] {processor.py:914} INFO - Processing file /home/airflow/.local/lib/python3.12/site-packages/airflow/example_dags/example_branch_labels.py for tasks to queue
[2025-03-19T13:15:30.304+0000] {logging_mixin.py:190} INFO - [2025-03-19T13:15:30.303+0000] {dagbag.py:588} INFO - Filling up the DagBag from /home/airflow/.local/lib/python3.12/site-packages/airflow/example_dags/example_branch_labels.py
[2025-03-19T13:15:30.333+0000] {processor.py:925} INFO - DAG(s) 'example_branch_labels' retrieved from /home/airflow/.local/lib/python3.12/site-packages/airflow/example_dags/example_branch_labels.py
[2025-03-19T13:15:30.368+0000] {logging_mixin.py:190} INFO - [2025-03-19T13:15:30.368+0000] {dag.py:3239} INFO - Sync 1 DAGs
[2025-03-19T13:15:30.407+0000] {logging_mixin.py:190} INFO - [2025-03-19T13:15:30.407+0000] {dag.py:4180} INFO - Setting next_dagrun for example_branch_labels to 2025-03-18 00:00:00+00:00, run_after=2025-03-19 00:00:00+00:00
[2025-03-19T13:15:30.452+0000] {processor.py:208} INFO - Processing /home/airflow/.local/lib/python3.12/site-packages/airflow/example_dags/example_branch_labels.py took 0.166 seconds
[2025-03-19T13:16:01.699+0000] {processor.py:186} INFO - Started process (PID=52043) to work on /home/airflow/.local/lib/python3.12/site-packages/airflow/example_dags/example_branch_labels.py
[2025-03-19T13:16:01.701+0000] {processor.py:914} INFO - Processing file /home/airflow/.local/lib/python3.12/site-packages/airflow/example_dags/example_branch_labels.py for tasks to queue
[2025-03-19T13:16:01.706+0000] {logging_mixin.py:190} INFO - [2025-03-19T13:16:01.705+0000] {dagbag.py:588} INFO - Filling up the DagBag from /home/airflow/.local/lib/python3.12/site-packages/airflow/example_dags/example_branch_labels.py
[2025-03-19T13:16:01.733+0000] {processor.py:925} INFO - DAG(s) 'example_branch_labels' retrieved from /home/airflow/.local/lib/python3.12/site-packages/airflow/example_dags/example_branch_labels.py
[2025-03-19T13:16:01.793+0000] {logging_mixin.py:190} INFO - [2025-03-19T13:16:01.792+0000] {dag.py:3239} INFO - Sync 1 DAGs
[2025-03-19T13:16:01.854+0000] {logging_mixin.py:190} INFO - [2025-03-19T13:16:01.854+0000] {dag.py:4180} INFO - Setting next_dagrun for example_branch_labels to 2025-03-18 00:00:00+00:00, run_after=2025-03-19 00:00:00+00:00
[2025-03-19T13:16:01.899+0000] {processor.py:208} INFO - Processing /home/airflow/.local/lib/python3.12/site-packages/airflow/example_dags/example_branch_labels.py took 0.218 seconds
[2025-03-19T13:16:33.500+0000] {processor.py:186} INFO - Started process (PID=52108) to work on /home/airflow/.local/lib/python3.12/site-packages/airflow/example_dags/example_branch_labels.py
[2025-03-19T13:16:33.503+0000] {processor.py:914} INFO - Processing file /home/airflow/.local/lib/python3.12/site-packages/airflow/example_dags/example_branch_labels.py for tasks to queue
[2025-03-19T13:16:33.506+0000] {logging_mixin.py:190} INFO - [2025-03-19T13:16:33.505+0000] {dagbag.py:588} INFO - Filling up the DagBag from /home/airflow/.local/lib/python3.12/site-packages/airflow/example_dags/example_branch_labels.py
[2025-03-19T13:16:33.536+0000] {processor.py:925} INFO - DAG(s) 'example_branch_labels' retrieved from /home/airflow/.local/lib/python3.12/site-packages/airflow/example_dags/example_branch_labels.py
[2025-03-19T13:16:33.604+0000] {logging_mixin.py:190} INFO - [2025-03-19T13:16:33.603+0000] {dag.py:3239} INFO - Sync 1 DAGs
[2025-03-19T13:16:33.703+0000] {logging_mixin.py:190} INFO - [2025-03-19T13:16:33.703+0000] {dag.py:4180} INFO - Setting next_dagrun for example_branch_labels to 2025-03-18 00:00:00+00:00, run_after=2025-03-19 00:00:00+00:00
[2025-03-19T13:16:33.772+0000] {processor.py:208} INFO - Processing /home/airflow/.local/lib/python3.12/site-packages/airflow/example_dags/example_branch_labels.py took 0.286 seconds
