[2025-03-19T13:11:36.466+0000] {processor.py:186} INFO - Started process (PID=51476) to work on /home/airflow/.local/lib/python3.12/site-packages/airflow/example_dags/example_kubernetes_executor.py
[2025-03-19T13:11:36.468+0000] {processor.py:914} INFO - Processing file /home/airflow/.local/lib/python3.12/site-packages/airflow/example_dags/example_kubernetes_executor.py for tasks to queue
[2025-03-19T13:11:36.486+0000] {logging_mixin.py:190} INFO - [2025-03-19T13:11:36.485+0000] {dagbag.py:588} INFO - Filling up the DagBag from /home/airflow/.local/lib/python3.12/site-packages/airflow/example_dags/example_kubernetes_executor.py
[2025-03-19T13:11:36.632+0000] {processor.py:925} INFO - DAG(s) 'example_kubernetes_executor' retrieved from /home/airflow/.local/lib/python3.12/site-packages/airflow/example_dags/example_kubernetes_executor.py
[2025-03-19T13:11:36.825+0000] {logging_mixin.py:190} INFO - [2025-03-19T13:11:36.824+0000] {dag.py:3239} INFO - Sync 1 DAGs
[2025-03-19T13:11:36.921+0000] {logging_mixin.py:190} INFO - [2025-03-19T13:11:36.921+0000] {dag.py:4180} INFO - Setting next_dagrun for example_kubernetes_executor to None, run_after=None
[2025-03-19T13:11:37.040+0000] {processor.py:208} INFO - Processing /home/airflow/.local/lib/python3.12/site-packages/airflow/example_dags/example_kubernetes_executor.py took 0.609 seconds
[2025-03-19T13:12:07.945+0000] {processor.py:186} INFO - Started process (PID=51546) to work on /home/airflow/.local/lib/python3.12/site-packages/airflow/example_dags/example_kubernetes_executor.py
[2025-03-19T13:12:07.947+0000] {processor.py:914} INFO - Processing file /home/airflow/.local/lib/python3.12/site-packages/airflow/example_dags/example_kubernetes_executor.py for tasks to queue
[2025-03-19T13:12:07.950+0000] {logging_mixin.py:190} INFO - [2025-03-19T13:12:07.949+0000] {dagbag.py:588} INFO - Filling up the DagBag from /home/airflow/.local/lib/python3.12/site-packages/airflow/example_dags/example_kubernetes_executor.py
[2025-03-19T13:12:07.976+0000] {processor.py:925} INFO - DAG(s) 'example_kubernetes_executor' retrieved from /home/airflow/.local/lib/python3.12/site-packages/airflow/example_dags/example_kubernetes_executor.py
[2025-03-19T13:12:08.015+0000] {logging_mixin.py:190} INFO - [2025-03-19T13:12:08.015+0000] {dag.py:3239} INFO - Sync 1 DAGs
[2025-03-19T13:12:08.049+0000] {logging_mixin.py:190} INFO - [2025-03-19T13:12:08.048+0000] {dag.py:4180} INFO - Setting next_dagrun for example_kubernetes_executor to None, run_after=None
[2025-03-19T13:12:08.083+0000] {processor.py:208} INFO - Processing /home/airflow/.local/lib/python3.12/site-packages/airflow/example_dags/example_kubernetes_executor.py took 0.147 seconds
[2025-03-19T13:12:38.673+0000] {processor.py:186} INFO - Started process (PID=51611) to work on /home/airflow/.local/lib/python3.12/site-packages/airflow/example_dags/example_kubernetes_executor.py
[2025-03-19T13:12:38.675+0000] {processor.py:914} INFO - Processing file /home/airflow/.local/lib/python3.12/site-packages/airflow/example_dags/example_kubernetes_executor.py for tasks to queue
[2025-03-19T13:12:38.678+0000] {logging_mixin.py:190} INFO - [2025-03-19T13:12:38.678+0000] {dagbag.py:588} INFO - Filling up the DagBag from /home/airflow/.local/lib/python3.12/site-packages/airflow/example_dags/example_kubernetes_executor.py
[2025-03-19T13:12:38.713+0000] {processor.py:925} INFO - DAG(s) 'example_kubernetes_executor' retrieved from /home/airflow/.local/lib/python3.12/site-packages/airflow/example_dags/example_kubernetes_executor.py
[2025-03-19T13:12:38.763+0000] {logging_mixin.py:190} INFO - [2025-03-19T13:12:38.762+0000] {dag.py:3239} INFO - Sync 1 DAGs
[2025-03-19T13:12:38.792+0000] {logging_mixin.py:190} INFO - [2025-03-19T13:12:38.792+0000] {dag.py:4180} INFO - Setting next_dagrun for example_kubernetes_executor to None, run_after=None
[2025-03-19T13:12:38.837+0000] {processor.py:208} INFO - Processing /home/airflow/.local/lib/python3.12/site-packages/airflow/example_dags/example_kubernetes_executor.py took 0.173 seconds
[2025-03-19T13:13:09.590+0000] {processor.py:186} INFO - Started process (PID=51676) to work on /home/airflow/.local/lib/python3.12/site-packages/airflow/example_dags/example_kubernetes_executor.py
[2025-03-19T13:13:09.593+0000] {processor.py:914} INFO - Processing file /home/airflow/.local/lib/python3.12/site-packages/airflow/example_dags/example_kubernetes_executor.py for tasks to queue
[2025-03-19T13:13:09.596+0000] {logging_mixin.py:190} INFO - [2025-03-19T13:13:09.595+0000] {dagbag.py:588} INFO - Filling up the DagBag from /home/airflow/.local/lib/python3.12/site-packages/airflow/example_dags/example_kubernetes_executor.py
[2025-03-19T13:13:09.619+0000] {processor.py:925} INFO - DAG(s) 'example_kubernetes_executor' retrieved from /home/airflow/.local/lib/python3.12/site-packages/airflow/example_dags/example_kubernetes_executor.py
[2025-03-19T13:13:09.676+0000] {logging_mixin.py:190} INFO - [2025-03-19T13:13:09.675+0000] {dag.py:3239} INFO - Sync 1 DAGs
[2025-03-19T13:13:09.729+0000] {logging_mixin.py:190} INFO - [2025-03-19T13:13:09.728+0000] {dag.py:4180} INFO - Setting next_dagrun for example_kubernetes_executor to None, run_after=None
[2025-03-19T13:13:09.778+0000] {processor.py:208} INFO - Processing /home/airflow/.local/lib/python3.12/site-packages/airflow/example_dags/example_kubernetes_executor.py took 0.199 seconds
[2025-03-19T13:13:40.134+0000] {processor.py:186} INFO - Started process (PID=51741) to work on /home/airflow/.local/lib/python3.12/site-packages/airflow/example_dags/example_kubernetes_executor.py
[2025-03-19T13:13:40.137+0000] {processor.py:914} INFO - Processing file /home/airflow/.local/lib/python3.12/site-packages/airflow/example_dags/example_kubernetes_executor.py for tasks to queue
[2025-03-19T13:13:40.140+0000] {logging_mixin.py:190} INFO - [2025-03-19T13:13:40.139+0000] {dagbag.py:588} INFO - Filling up the DagBag from /home/airflow/.local/lib/python3.12/site-packages/airflow/example_dags/example_kubernetes_executor.py
[2025-03-19T13:13:40.186+0000] {processor.py:925} INFO - DAG(s) 'example_kubernetes_executor' retrieved from /home/airflow/.local/lib/python3.12/site-packages/airflow/example_dags/example_kubernetes_executor.py
[2025-03-19T13:13:40.290+0000] {logging_mixin.py:190} INFO - [2025-03-19T13:13:40.290+0000] {dag.py:3239} INFO - Sync 1 DAGs
[2025-03-19T13:13:40.340+0000] {logging_mixin.py:190} INFO - [2025-03-19T13:13:40.339+0000] {dag.py:4180} INFO - Setting next_dagrun for example_kubernetes_executor to None, run_after=None
[2025-03-19T13:13:40.395+0000] {processor.py:208} INFO - Processing /home/airflow/.local/lib/python3.12/site-packages/airflow/example_dags/example_kubernetes_executor.py took 0.278 seconds
[2025-03-19T13:14:10.530+0000] {processor.py:186} INFO - Started process (PID=51806) to work on /home/airflow/.local/lib/python3.12/site-packages/airflow/example_dags/example_kubernetes_executor.py
[2025-03-19T13:14:10.531+0000] {processor.py:914} INFO - Processing file /home/airflow/.local/lib/python3.12/site-packages/airflow/example_dags/example_kubernetes_executor.py for tasks to queue
[2025-03-19T13:14:10.534+0000] {logging_mixin.py:190} INFO - [2025-03-19T13:14:10.533+0000] {dagbag.py:588} INFO - Filling up the DagBag from /home/airflow/.local/lib/python3.12/site-packages/airflow/example_dags/example_kubernetes_executor.py
[2025-03-19T13:14:10.567+0000] {processor.py:925} INFO - DAG(s) 'example_kubernetes_executor' retrieved from /home/airflow/.local/lib/python3.12/site-packages/airflow/example_dags/example_kubernetes_executor.py
[2025-03-19T13:14:10.613+0000] {logging_mixin.py:190} INFO - [2025-03-19T13:14:10.613+0000] {dag.py:3239} INFO - Sync 1 DAGs
[2025-03-19T13:14:10.646+0000] {logging_mixin.py:190} INFO - [2025-03-19T13:14:10.646+0000] {dag.py:4180} INFO - Setting next_dagrun for example_kubernetes_executor to None, run_after=None
[2025-03-19T13:14:10.697+0000] {processor.py:208} INFO - Processing /home/airflow/.local/lib/python3.12/site-packages/airflow/example_dags/example_kubernetes_executor.py took 0.178 seconds
[2025-03-19T13:14:41.126+0000] {processor.py:186} INFO - Started process (PID=51869) to work on /home/airflow/.local/lib/python3.12/site-packages/airflow/example_dags/example_kubernetes_executor.py
[2025-03-19T13:14:41.128+0000] {processor.py:914} INFO - Processing file /home/airflow/.local/lib/python3.12/site-packages/airflow/example_dags/example_kubernetes_executor.py for tasks to queue
[2025-03-19T13:14:41.131+0000] {logging_mixin.py:190} INFO - [2025-03-19T13:14:41.130+0000] {dagbag.py:588} INFO - Filling up the DagBag from /home/airflow/.local/lib/python3.12/site-packages/airflow/example_dags/example_kubernetes_executor.py
[2025-03-19T13:14:41.164+0000] {processor.py:925} INFO - DAG(s) 'example_kubernetes_executor' retrieved from /home/airflow/.local/lib/python3.12/site-packages/airflow/example_dags/example_kubernetes_executor.py
[2025-03-19T13:14:41.203+0000] {logging_mixin.py:190} INFO - [2025-03-19T13:14:41.202+0000] {dag.py:3239} INFO - Sync 1 DAGs
[2025-03-19T13:14:41.230+0000] {logging_mixin.py:190} INFO - [2025-03-19T13:14:41.230+0000] {dag.py:4180} INFO - Setting next_dagrun for example_kubernetes_executor to None, run_after=None
[2025-03-19T13:14:41.262+0000] {processor.py:208} INFO - Processing /home/airflow/.local/lib/python3.12/site-packages/airflow/example_dags/example_kubernetes_executor.py took 0.147 seconds
[2025-03-19T13:15:11.989+0000] {processor.py:186} INFO - Started process (PID=51934) to work on /home/airflow/.local/lib/python3.12/site-packages/airflow/example_dags/example_kubernetes_executor.py
[2025-03-19T13:15:11.991+0000] {processor.py:914} INFO - Processing file /home/airflow/.local/lib/python3.12/site-packages/airflow/example_dags/example_kubernetes_executor.py for tasks to queue
[2025-03-19T13:15:11.994+0000] {logging_mixin.py:190} INFO - [2025-03-19T13:15:11.993+0000] {dagbag.py:588} INFO - Filling up the DagBag from /home/airflow/.local/lib/python3.12/site-packages/airflow/example_dags/example_kubernetes_executor.py
[2025-03-19T13:15:12.019+0000] {processor.py:925} INFO - DAG(s) 'example_kubernetes_executor' retrieved from /home/airflow/.local/lib/python3.12/site-packages/airflow/example_dags/example_kubernetes_executor.py
[2025-03-19T13:15:12.059+0000] {logging_mixin.py:190} INFO - [2025-03-19T13:15:12.059+0000] {dag.py:3239} INFO - Sync 1 DAGs
[2025-03-19T13:15:12.083+0000] {logging_mixin.py:190} INFO - [2025-03-19T13:15:12.082+0000] {dag.py:4180} INFO - Setting next_dagrun for example_kubernetes_executor to None, run_after=None
[2025-03-19T13:15:12.131+0000] {processor.py:208} INFO - Processing /home/airflow/.local/lib/python3.12/site-packages/airflow/example_dags/example_kubernetes_executor.py took 0.151 seconds
[2025-03-19T13:15:42.266+0000] {processor.py:186} INFO - Started process (PID=51999) to work on /home/airflow/.local/lib/python3.12/site-packages/airflow/example_dags/example_kubernetes_executor.py
[2025-03-19T13:15:42.268+0000] {processor.py:914} INFO - Processing file /home/airflow/.local/lib/python3.12/site-packages/airflow/example_dags/example_kubernetes_executor.py for tasks to queue
[2025-03-19T13:15:42.270+0000] {logging_mixin.py:190} INFO - [2025-03-19T13:15:42.270+0000] {dagbag.py:588} INFO - Filling up the DagBag from /home/airflow/.local/lib/python3.12/site-packages/airflow/example_dags/example_kubernetes_executor.py
[2025-03-19T13:15:42.301+0000] {processor.py:925} INFO - DAG(s) 'example_kubernetes_executor' retrieved from /home/airflow/.local/lib/python3.12/site-packages/airflow/example_dags/example_kubernetes_executor.py
[2025-03-19T13:15:42.356+0000] {logging_mixin.py:190} INFO - [2025-03-19T13:15:42.356+0000] {dag.py:3239} INFO - Sync 1 DAGs
[2025-03-19T13:15:42.380+0000] {logging_mixin.py:190} INFO - [2025-03-19T13:15:42.379+0000] {dag.py:4180} INFO - Setting next_dagrun for example_kubernetes_executor to None, run_after=None
[2025-03-19T13:15:42.416+0000] {processor.py:208} INFO - Processing /home/airflow/.local/lib/python3.12/site-packages/airflow/example_dags/example_kubernetes_executor.py took 0.159 seconds
[2025-03-19T13:16:13.554+0000] {processor.py:186} INFO - Started process (PID=52064) to work on /home/airflow/.local/lib/python3.12/site-packages/airflow/example_dags/example_kubernetes_executor.py
[2025-03-19T13:16:13.557+0000] {processor.py:914} INFO - Processing file /home/airflow/.local/lib/python3.12/site-packages/airflow/example_dags/example_kubernetes_executor.py for tasks to queue
[2025-03-19T13:16:13.560+0000] {logging_mixin.py:190} INFO - [2025-03-19T13:16:13.559+0000] {dagbag.py:588} INFO - Filling up the DagBag from /home/airflow/.local/lib/python3.12/site-packages/airflow/example_dags/example_kubernetes_executor.py
[2025-03-19T13:16:13.590+0000] {processor.py:925} INFO - DAG(s) 'example_kubernetes_executor' retrieved from /home/airflow/.local/lib/python3.12/site-packages/airflow/example_dags/example_kubernetes_executor.py
[2025-03-19T13:16:13.645+0000] {logging_mixin.py:190} INFO - [2025-03-19T13:16:13.645+0000] {dag.py:3239} INFO - Sync 1 DAGs
[2025-03-19T13:16:13.678+0000] {logging_mixin.py:190} INFO - [2025-03-19T13:16:13.677+0000] {dag.py:4180} INFO - Setting next_dagrun for example_kubernetes_executor to None, run_after=None
[2025-03-19T13:16:13.731+0000] {processor.py:208} INFO - Processing /home/airflow/.local/lib/python3.12/site-packages/airflow/example_dags/example_kubernetes_executor.py took 0.188 seconds
[2025-03-19T13:16:45.133+0000] {processor.py:186} INFO - Started process (PID=52129) to work on /home/airflow/.local/lib/python3.12/site-packages/airflow/example_dags/example_kubernetes_executor.py
[2025-03-19T13:16:45.135+0000] {processor.py:914} INFO - Processing file /home/airflow/.local/lib/python3.12/site-packages/airflow/example_dags/example_kubernetes_executor.py for tasks to queue
[2025-03-19T13:16:45.137+0000] {logging_mixin.py:190} INFO - [2025-03-19T13:16:45.137+0000] {dagbag.py:588} INFO - Filling up the DagBag from /home/airflow/.local/lib/python3.12/site-packages/airflow/example_dags/example_kubernetes_executor.py
[2025-03-19T13:16:45.172+0000] {processor.py:925} INFO - DAG(s) 'example_kubernetes_executor' retrieved from /home/airflow/.local/lib/python3.12/site-packages/airflow/example_dags/example_kubernetes_executor.py
[2025-03-19T13:16:45.218+0000] {logging_mixin.py:190} INFO - [2025-03-19T13:16:45.218+0000] {dag.py:3239} INFO - Sync 1 DAGs
[2025-03-19T13:16:45.250+0000] {logging_mixin.py:190} INFO - [2025-03-19T13:16:45.250+0000] {dag.py:4180} INFO - Setting next_dagrun for example_kubernetes_executor to None, run_after=None
[2025-03-19T13:16:45.305+0000] {processor.py:208} INFO - Processing /home/airflow/.local/lib/python3.12/site-packages/airflow/example_dags/example_kubernetes_executor.py took 0.184 seconds
[2025-03-19T18:29:07.209+0000] {processor.py:186} INFO - Started process (PID=52182) to work on /home/airflow/.local/lib/python3.12/site-packages/airflow/example_dags/example_kubernetes_executor.py
[2025-03-19T18:29:07.217+0000] {processor.py:914} INFO - Processing file /home/airflow/.local/lib/python3.12/site-packages/airflow/example_dags/example_kubernetes_executor.py for tasks to queue
[2025-03-19T18:29:07.223+0000] {logging_mixin.py:190} INFO - [2025-03-19T18:29:07.222+0000] {dagbag.py:588} INFO - Filling up the DagBag from /home/airflow/.local/lib/python3.12/site-packages/airflow/example_dags/example_kubernetes_executor.py
[2025-03-19T18:29:07.319+0000] {processor.py:925} INFO - DAG(s) 'example_kubernetes_executor' retrieved from /home/airflow/.local/lib/python3.12/site-packages/airflow/example_dags/example_kubernetes_executor.py
[2025-03-19T18:29:07.436+0000] {logging_mixin.py:190} INFO - [2025-03-19T18:29:07.435+0000] {dag.py:3239} INFO - Sync 1 DAGs
[2025-03-19T18:29:07.497+0000] {logging_mixin.py:190} INFO - [2025-03-19T18:29:07.497+0000] {dag.py:4180} INFO - Setting next_dagrun for example_kubernetes_executor to None, run_after=None
[2025-03-19T18:29:07.584+0000] {processor.py:208} INFO - Processing /home/airflow/.local/lib/python3.12/site-packages/airflow/example_dags/example_kubernetes_executor.py took 0.400 seconds
