[2025-03-19T13:11:17.566+0000] {processor.py:186} INFO - Started process (PID=51444) to work on /home/airflow/.local/lib/python3.12/site-packages/airflow/example_dags/example_latest_only_with_trigger.py
[2025-03-19T13:11:17.579+0000] {processor.py:914} INFO - Processing file /home/airflow/.local/lib/python3.12/site-packages/airflow/example_dags/example_latest_only_with_trigger.py for tasks to queue
[2025-03-19T13:11:17.596+0000] {logging_mixin.py:190} INFO - [2025-03-19T13:11:17.595+0000] {dagbag.py:588} INFO - Filling up the DagBag from /home/airflow/.local/lib/python3.12/site-packages/airflow/example_dags/example_latest_only_with_trigger.py
[2025-03-19T13:11:17.667+0000] {processor.py:925} INFO - DAG(s) 'latest_only_with_trigger' retrieved from /home/airflow/.local/lib/python3.12/site-packages/airflow/example_dags/example_latest_only_with_trigger.py
[2025-03-19T13:11:17.795+0000] {logging_mixin.py:190} INFO - [2025-03-19T13:11:17.795+0000] {dag.py:3239} INFO - Sync 1 DAGs
[2025-03-19T13:11:17.975+0000] {logging_mixin.py:190} INFO - [2025-03-19T13:11:17.975+0000] {dag.py:4180} INFO - Setting next_dagrun for latest_only_with_trigger to 2025-03-19 08:00:00+00:00, run_after=2025-03-19 12:00:00+00:00
[2025-03-19T13:11:18.110+0000] {processor.py:208} INFO - Processing /home/airflow/.local/lib/python3.12/site-packages/airflow/example_dags/example_latest_only_with_trigger.py took 0.565 seconds
[2025-03-19T13:11:48.885+0000] {processor.py:186} INFO - Started process (PID=51508) to work on /home/airflow/.local/lib/python3.12/site-packages/airflow/example_dags/example_latest_only_with_trigger.py
[2025-03-19T13:11:48.887+0000] {processor.py:914} INFO - Processing file /home/airflow/.local/lib/python3.12/site-packages/airflow/example_dags/example_latest_only_with_trigger.py for tasks to queue
[2025-03-19T13:11:48.896+0000] {logging_mixin.py:190} INFO - [2025-03-19T13:11:48.890+0000] {dagbag.py:588} INFO - Filling up the DagBag from /home/airflow/.local/lib/python3.12/site-packages/airflow/example_dags/example_latest_only_with_trigger.py
[2025-03-19T13:11:48.923+0000] {processor.py:925} INFO - DAG(s) 'latest_only_with_trigger' retrieved from /home/airflow/.local/lib/python3.12/site-packages/airflow/example_dags/example_latest_only_with_trigger.py
[2025-03-19T13:11:48.983+0000] {logging_mixin.py:190} INFO - [2025-03-19T13:11:48.982+0000] {dag.py:3239} INFO - Sync 1 DAGs
[2025-03-19T13:11:49.045+0000] {logging_mixin.py:190} INFO - [2025-03-19T13:11:49.044+0000] {dag.py:4180} INFO - Setting next_dagrun for latest_only_with_trigger to 2025-03-19 08:00:00+00:00, run_after=2025-03-19 12:00:00+00:00
[2025-03-19T13:11:49.091+0000] {processor.py:208} INFO - Processing /home/airflow/.local/lib/python3.12/site-packages/airflow/example_dags/example_latest_only_with_trigger.py took 0.229 seconds
[2025-03-19T13:12:19.341+0000] {processor.py:186} INFO - Started process (PID=51579) to work on /home/airflow/.local/lib/python3.12/site-packages/airflow/example_dags/example_latest_only_with_trigger.py
[2025-03-19T13:12:19.344+0000] {processor.py:914} INFO - Processing file /home/airflow/.local/lib/python3.12/site-packages/airflow/example_dags/example_latest_only_with_trigger.py for tasks to queue
[2025-03-19T13:12:19.347+0000] {logging_mixin.py:190} INFO - [2025-03-19T13:12:19.346+0000] {dagbag.py:588} INFO - Filling up the DagBag from /home/airflow/.local/lib/python3.12/site-packages/airflow/example_dags/example_latest_only_with_trigger.py
[2025-03-19T13:12:19.367+0000] {processor.py:925} INFO - DAG(s) 'latest_only_with_trigger' retrieved from /home/airflow/.local/lib/python3.12/site-packages/airflow/example_dags/example_latest_only_with_trigger.py
[2025-03-19T13:12:19.410+0000] {logging_mixin.py:190} INFO - [2025-03-19T13:12:19.410+0000] {dag.py:3239} INFO - Sync 1 DAGs
[2025-03-19T13:12:19.457+0000] {logging_mixin.py:190} INFO - [2025-03-19T13:12:19.457+0000] {dag.py:4180} INFO - Setting next_dagrun for latest_only_with_trigger to 2025-03-19 08:00:00+00:00, run_after=2025-03-19 12:00:00+00:00
[2025-03-19T13:12:19.505+0000] {processor.py:208} INFO - Processing /home/airflow/.local/lib/python3.12/site-packages/airflow/example_dags/example_latest_only_with_trigger.py took 0.174 seconds
[2025-03-19T13:12:50.249+0000] {processor.py:186} INFO - Started process (PID=51644) to work on /home/airflow/.local/lib/python3.12/site-packages/airflow/example_dags/example_latest_only_with_trigger.py
[2025-03-19T13:12:50.252+0000] {processor.py:914} INFO - Processing file /home/airflow/.local/lib/python3.12/site-packages/airflow/example_dags/example_latest_only_with_trigger.py for tasks to queue
[2025-03-19T13:12:50.255+0000] {logging_mixin.py:190} INFO - [2025-03-19T13:12:50.255+0000] {dagbag.py:588} INFO - Filling up the DagBag from /home/airflow/.local/lib/python3.12/site-packages/airflow/example_dags/example_latest_only_with_trigger.py
[2025-03-19T13:12:50.281+0000] {processor.py:925} INFO - DAG(s) 'latest_only_with_trigger' retrieved from /home/airflow/.local/lib/python3.12/site-packages/airflow/example_dags/example_latest_only_with_trigger.py
[2025-03-19T13:12:50.347+0000] {logging_mixin.py:190} INFO - [2025-03-19T13:12:50.346+0000] {dag.py:3239} INFO - Sync 1 DAGs
[2025-03-19T13:12:50.415+0000] {logging_mixin.py:190} INFO - [2025-03-19T13:12:50.414+0000] {dag.py:4180} INFO - Setting next_dagrun for latest_only_with_trigger to 2025-03-19 08:00:00+00:00, run_after=2025-03-19 12:00:00+00:00
[2025-03-19T13:12:50.463+0000] {processor.py:208} INFO - Processing /home/airflow/.local/lib/python3.12/site-packages/airflow/example_dags/example_latest_only_with_trigger.py took 0.227 seconds
[2025-03-19T13:13:21.140+0000] {processor.py:186} INFO - Started process (PID=51708) to work on /home/airflow/.local/lib/python3.12/site-packages/airflow/example_dags/example_latest_only_with_trigger.py
[2025-03-19T13:13:21.142+0000] {processor.py:914} INFO - Processing file /home/airflow/.local/lib/python3.12/site-packages/airflow/example_dags/example_latest_only_with_trigger.py for tasks to queue
[2025-03-19T13:13:21.144+0000] {logging_mixin.py:190} INFO - [2025-03-19T13:13:21.144+0000] {dagbag.py:588} INFO - Filling up the DagBag from /home/airflow/.local/lib/python3.12/site-packages/airflow/example_dags/example_latest_only_with_trigger.py
[2025-03-19T13:13:21.158+0000] {processor.py:925} INFO - DAG(s) 'latest_only_with_trigger' retrieved from /home/airflow/.local/lib/python3.12/site-packages/airflow/example_dags/example_latest_only_with_trigger.py
[2025-03-19T13:13:21.194+0000] {logging_mixin.py:190} INFO - [2025-03-19T13:13:21.193+0000] {dag.py:3239} INFO - Sync 1 DAGs
[2025-03-19T13:13:21.234+0000] {logging_mixin.py:190} INFO - [2025-03-19T13:13:21.234+0000] {dag.py:4180} INFO - Setting next_dagrun for latest_only_with_trigger to 2025-03-19 08:00:00+00:00, run_after=2025-03-19 12:00:00+00:00
[2025-03-19T13:13:21.270+0000] {processor.py:208} INFO - Processing /home/airflow/.local/lib/python3.12/site-packages/airflow/example_dags/example_latest_only_with_trigger.py took 0.138 seconds
[2025-03-19T13:13:52.306+0000] {processor.py:186} INFO - Started process (PID=51773) to work on /home/airflow/.local/lib/python3.12/site-packages/airflow/example_dags/example_latest_only_with_trigger.py
[2025-03-19T13:13:52.309+0000] {processor.py:914} INFO - Processing file /home/airflow/.local/lib/python3.12/site-packages/airflow/example_dags/example_latest_only_with_trigger.py for tasks to queue
[2025-03-19T13:13:52.313+0000] {logging_mixin.py:190} INFO - [2025-03-19T13:13:52.312+0000] {dagbag.py:588} INFO - Filling up the DagBag from /home/airflow/.local/lib/python3.12/site-packages/airflow/example_dags/example_latest_only_with_trigger.py
[2025-03-19T13:13:52.335+0000] {processor.py:925} INFO - DAG(s) 'latest_only_with_trigger' retrieved from /home/airflow/.local/lib/python3.12/site-packages/airflow/example_dags/example_latest_only_with_trigger.py
[2025-03-19T13:13:52.386+0000] {logging_mixin.py:190} INFO - [2025-03-19T13:13:52.386+0000] {dag.py:3239} INFO - Sync 1 DAGs
[2025-03-19T13:13:52.447+0000] {logging_mixin.py:190} INFO - [2025-03-19T13:13:52.447+0000] {dag.py:4180} INFO - Setting next_dagrun for latest_only_with_trigger to 2025-03-19 08:00:00+00:00, run_after=2025-03-19 12:00:00+00:00
[2025-03-19T13:13:52.510+0000] {processor.py:208} INFO - Processing /home/airflow/.local/lib/python3.12/site-packages/airflow/example_dags/example_latest_only_with_trigger.py took 0.219 seconds
[2025-03-19T13:14:22.909+0000] {processor.py:186} INFO - Started process (PID=51837) to work on /home/airflow/.local/lib/python3.12/site-packages/airflow/example_dags/example_latest_only_with_trigger.py
[2025-03-19T13:14:22.911+0000] {processor.py:914} INFO - Processing file /home/airflow/.local/lib/python3.12/site-packages/airflow/example_dags/example_latest_only_with_trigger.py for tasks to queue
[2025-03-19T13:14:22.914+0000] {logging_mixin.py:190} INFO - [2025-03-19T13:14:22.913+0000] {dagbag.py:588} INFO - Filling up the DagBag from /home/airflow/.local/lib/python3.12/site-packages/airflow/example_dags/example_latest_only_with_trigger.py
[2025-03-19T13:14:22.931+0000] {processor.py:925} INFO - DAG(s) 'latest_only_with_trigger' retrieved from /home/airflow/.local/lib/python3.12/site-packages/airflow/example_dags/example_latest_only_with_trigger.py
[2025-03-19T13:14:22.977+0000] {logging_mixin.py:190} INFO - [2025-03-19T13:14:22.976+0000] {dag.py:3239} INFO - Sync 1 DAGs
[2025-03-19T13:14:23.024+0000] {logging_mixin.py:190} INFO - [2025-03-19T13:14:23.023+0000] {dag.py:4180} INFO - Setting next_dagrun for latest_only_with_trigger to 2025-03-19 08:00:00+00:00, run_after=2025-03-19 12:00:00+00:00
[2025-03-19T13:14:23.079+0000] {processor.py:208} INFO - Processing /home/airflow/.local/lib/python3.12/site-packages/airflow/example_dags/example_latest_only_with_trigger.py took 0.181 seconds
[2025-03-19T13:14:53.673+0000] {processor.py:186} INFO - Started process (PID=51902) to work on /home/airflow/.local/lib/python3.12/site-packages/airflow/example_dags/example_latest_only_with_trigger.py
[2025-03-19T13:14:53.676+0000] {processor.py:914} INFO - Processing file /home/airflow/.local/lib/python3.12/site-packages/airflow/example_dags/example_latest_only_with_trigger.py for tasks to queue
[2025-03-19T13:14:53.679+0000] {logging_mixin.py:190} INFO - [2025-03-19T13:14:53.678+0000] {dagbag.py:588} INFO - Filling up the DagBag from /home/airflow/.local/lib/python3.12/site-packages/airflow/example_dags/example_latest_only_with_trigger.py
[2025-03-19T13:14:53.697+0000] {processor.py:925} INFO - DAG(s) 'latest_only_with_trigger' retrieved from /home/airflow/.local/lib/python3.12/site-packages/airflow/example_dags/example_latest_only_with_trigger.py
[2025-03-19T13:14:53.743+0000] {logging_mixin.py:190} INFO - [2025-03-19T13:14:53.742+0000] {dag.py:3239} INFO - Sync 1 DAGs
[2025-03-19T13:14:53.800+0000] {logging_mixin.py:190} INFO - [2025-03-19T13:14:53.799+0000] {dag.py:4180} INFO - Setting next_dagrun for latest_only_with_trigger to 2025-03-19 08:00:00+00:00, run_after=2025-03-19 12:00:00+00:00
[2025-03-19T13:14:53.866+0000] {processor.py:208} INFO - Processing /home/airflow/.local/lib/python3.12/site-packages/airflow/example_dags/example_latest_only_with_trigger.py took 0.203 seconds
[2025-03-19T13:15:24.750+0000] {processor.py:186} INFO - Started process (PID=51967) to work on /home/airflow/.local/lib/python3.12/site-packages/airflow/example_dags/example_latest_only_with_trigger.py
[2025-03-19T13:15:24.752+0000] {processor.py:914} INFO - Processing file /home/airflow/.local/lib/python3.12/site-packages/airflow/example_dags/example_latest_only_with_trigger.py for tasks to queue
[2025-03-19T13:15:24.755+0000] {logging_mixin.py:190} INFO - [2025-03-19T13:15:24.754+0000] {dagbag.py:588} INFO - Filling up the DagBag from /home/airflow/.local/lib/python3.12/site-packages/airflow/example_dags/example_latest_only_with_trigger.py
[2025-03-19T13:15:24.781+0000] {processor.py:925} INFO - DAG(s) 'latest_only_with_trigger' retrieved from /home/airflow/.local/lib/python3.12/site-packages/airflow/example_dags/example_latest_only_with_trigger.py
[2025-03-19T13:15:24.835+0000] {logging_mixin.py:190} INFO - [2025-03-19T13:15:24.834+0000] {dag.py:3239} INFO - Sync 1 DAGs
[2025-03-19T13:15:24.888+0000] {logging_mixin.py:190} INFO - [2025-03-19T13:15:24.887+0000] {dag.py:4180} INFO - Setting next_dagrun for latest_only_with_trigger to 2025-03-19 08:00:00+00:00, run_after=2025-03-19 12:00:00+00:00
[2025-03-19T13:15:24.933+0000] {processor.py:208} INFO - Processing /home/airflow/.local/lib/python3.12/site-packages/airflow/example_dags/example_latest_only_with_trigger.py took 0.197 seconds
[2025-03-19T13:15:55.075+0000] {processor.py:186} INFO - Started process (PID=52032) to work on /home/airflow/.local/lib/python3.12/site-packages/airflow/example_dags/example_latest_only_with_trigger.py
[2025-03-19T13:15:55.077+0000] {processor.py:914} INFO - Processing file /home/airflow/.local/lib/python3.12/site-packages/airflow/example_dags/example_latest_only_with_trigger.py for tasks to queue
[2025-03-19T13:15:55.079+0000] {logging_mixin.py:190} INFO - [2025-03-19T13:15:55.078+0000] {dagbag.py:588} INFO - Filling up the DagBag from /home/airflow/.local/lib/python3.12/site-packages/airflow/example_dags/example_latest_only_with_trigger.py
[2025-03-19T13:15:55.093+0000] {processor.py:925} INFO - DAG(s) 'latest_only_with_trigger' retrieved from /home/airflow/.local/lib/python3.12/site-packages/airflow/example_dags/example_latest_only_with_trigger.py
[2025-03-19T13:15:55.124+0000] {logging_mixin.py:190} INFO - [2025-03-19T13:15:55.124+0000] {dag.py:3239} INFO - Sync 1 DAGs
[2025-03-19T13:15:55.163+0000] {logging_mixin.py:190} INFO - [2025-03-19T13:15:55.163+0000] {dag.py:4180} INFO - Setting next_dagrun for latest_only_with_trigger to 2025-03-19 08:00:00+00:00, run_after=2025-03-19 12:00:00+00:00
[2025-03-19T13:15:55.208+0000] {processor.py:208} INFO - Processing /home/airflow/.local/lib/python3.12/site-packages/airflow/example_dags/example_latest_only_with_trigger.py took 0.144 seconds
[2025-03-19T13:16:25.496+0000] {processor.py:186} INFO - Started process (PID=52097) to work on /home/airflow/.local/lib/python3.12/site-packages/airflow/example_dags/example_latest_only_with_trigger.py
[2025-03-19T13:16:25.498+0000] {processor.py:914} INFO - Processing file /home/airflow/.local/lib/python3.12/site-packages/airflow/example_dags/example_latest_only_with_trigger.py for tasks to queue
[2025-03-19T13:16:25.501+0000] {logging_mixin.py:190} INFO - [2025-03-19T13:16:25.501+0000] {dagbag.py:588} INFO - Filling up the DagBag from /home/airflow/.local/lib/python3.12/site-packages/airflow/example_dags/example_latest_only_with_trigger.py
[2025-03-19T13:16:25.520+0000] {processor.py:925} INFO - DAG(s) 'latest_only_with_trigger' retrieved from /home/airflow/.local/lib/python3.12/site-packages/airflow/example_dags/example_latest_only_with_trigger.py
[2025-03-19T13:16:25.564+0000] {logging_mixin.py:190} INFO - [2025-03-19T13:16:25.563+0000] {dag.py:3239} INFO - Sync 1 DAGs
[2025-03-19T13:16:25.620+0000] {logging_mixin.py:190} INFO - [2025-03-19T13:16:25.619+0000] {dag.py:4180} INFO - Setting next_dagrun for latest_only_with_trigger to 2025-03-19 08:00:00+00:00, run_after=2025-03-19 12:00:00+00:00
[2025-03-19T13:16:25.662+0000] {processor.py:208} INFO - Processing /home/airflow/.local/lib/python3.12/site-packages/airflow/example_dags/example_latest_only_with_trigger.py took 0.196 seconds
[2025-03-19T13:16:56.202+0000] {processor.py:186} INFO - Started process (PID=52162) to work on /home/airflow/.local/lib/python3.12/site-packages/airflow/example_dags/example_latest_only_with_trigger.py
[2025-03-19T13:16:56.204+0000] {processor.py:914} INFO - Processing file /home/airflow/.local/lib/python3.12/site-packages/airflow/example_dags/example_latest_only_with_trigger.py for tasks to queue
[2025-03-19T13:16:56.207+0000] {logging_mixin.py:190} INFO - [2025-03-19T13:16:56.206+0000] {dagbag.py:588} INFO - Filling up the DagBag from /home/airflow/.local/lib/python3.12/site-packages/airflow/example_dags/example_latest_only_with_trigger.py
[2025-03-19T13:16:56.221+0000] {processor.py:925} INFO - DAG(s) 'latest_only_with_trigger' retrieved from /home/airflow/.local/lib/python3.12/site-packages/airflow/example_dags/example_latest_only_with_trigger.py
[2025-03-19T13:16:56.254+0000] {logging_mixin.py:190} INFO - [2025-03-19T13:16:56.254+0000] {dag.py:3239} INFO - Sync 1 DAGs
[2025-03-19T13:16:56.292+0000] {logging_mixin.py:190} INFO - [2025-03-19T13:16:56.291+0000] {dag.py:4180} INFO - Setting next_dagrun for latest_only_with_trigger to 2025-03-19 08:00:00+00:00, run_after=2025-03-19 12:00:00+00:00
[2025-03-19T13:16:56.339+0000] {processor.py:208} INFO - Processing /home/airflow/.local/lib/python3.12/site-packages/airflow/example_dags/example_latest_only_with_trigger.py took 0.146 seconds
