[2025-03-19T13:11:24.550+0000] {processor.py:186} INFO - Started process (PID=51451) to work on /home/airflow/.local/lib/python3.12/site-packages/airflow/example_dags/example_python_operator.py
[2025-03-19T13:11:24.562+0000] {processor.py:914} INFO - Processing file /home/airflow/.local/lib/python3.12/site-packages/airflow/example_dags/example_python_operator.py for tasks to queue
[2025-03-19T13:11:24.566+0000] {logging_mixin.py:190} INFO - [2025-03-19T13:11:24.565+0000] {dagbag.py:588} INFO - Filling up the DagBag from /home/airflow/.local/lib/python3.12/site-packages/airflow/example_dags/example_python_operator.py
[2025-03-19T13:11:24.639+0000] {processor.py:925} INFO - DAG(s) 'example_python_operator' retrieved from /home/airflow/.local/lib/python3.12/site-packages/airflow/example_dags/example_python_operator.py
[2025-03-19T13:11:24.842+0000] {logging_mixin.py:190} INFO - [2025-03-19T13:11:24.841+0000] {dag.py:3239} INFO - Sync 1 DAGs
[2025-03-19T13:11:24.968+0000] {logging_mixin.py:190} INFO - [2025-03-19T13:11:24.967+0000] {dag.py:4180} INFO - Setting next_dagrun for example_python_operator to None, run_after=None
[2025-03-19T13:11:25.136+0000] {processor.py:208} INFO - Processing /home/airflow/.local/lib/python3.12/site-packages/airflow/example_dags/example_python_operator.py took 0.610 seconds
[2025-03-19T13:11:56.048+0000] {processor.py:186} INFO - Started process (PID=51516) to work on /home/airflow/.local/lib/python3.12/site-packages/airflow/example_dags/example_python_operator.py
[2025-03-19T13:11:56.050+0000] {processor.py:914} INFO - Processing file /home/airflow/.local/lib/python3.12/site-packages/airflow/example_dags/example_python_operator.py for tasks to queue
[2025-03-19T13:11:56.052+0000] {logging_mixin.py:190} INFO - [2025-03-19T13:11:56.052+0000] {dagbag.py:588} INFO - Filling up the DagBag from /home/airflow/.local/lib/python3.12/site-packages/airflow/example_dags/example_python_operator.py
[2025-03-19T13:11:56.071+0000] {processor.py:925} INFO - DAG(s) 'example_python_operator' retrieved from /home/airflow/.local/lib/python3.12/site-packages/airflow/example_dags/example_python_operator.py
[2025-03-19T13:11:56.108+0000] {logging_mixin.py:190} INFO - [2025-03-19T13:11:56.107+0000] {dag.py:3239} INFO - Sync 1 DAGs
[2025-03-19T13:11:56.137+0000] {logging_mixin.py:190} INFO - [2025-03-19T13:11:56.136+0000] {dag.py:4180} INFO - Setting next_dagrun for example_python_operator to None, run_after=None
[2025-03-19T13:11:56.175+0000] {processor.py:208} INFO - Processing /home/airflow/.local/lib/python3.12/site-packages/airflow/example_dags/example_python_operator.py took 0.135 seconds
[2025-03-19T13:12:26.411+0000] {processor.py:186} INFO - Started process (PID=51587) to work on /home/airflow/.local/lib/python3.12/site-packages/airflow/example_dags/example_python_operator.py
[2025-03-19T13:12:26.414+0000] {processor.py:914} INFO - Processing file /home/airflow/.local/lib/python3.12/site-packages/airflow/example_dags/example_python_operator.py for tasks to queue
[2025-03-19T13:12:26.416+0000] {logging_mixin.py:190} INFO - [2025-03-19T13:12:26.415+0000] {dagbag.py:588} INFO - Filling up the DagBag from /home/airflow/.local/lib/python3.12/site-packages/airflow/example_dags/example_python_operator.py
[2025-03-19T13:12:26.436+0000] {processor.py:925} INFO - DAG(s) 'example_python_operator' retrieved from /home/airflow/.local/lib/python3.12/site-packages/airflow/example_dags/example_python_operator.py
[2025-03-19T13:12:26.475+0000] {logging_mixin.py:190} INFO - [2025-03-19T13:12:26.474+0000] {dag.py:3239} INFO - Sync 1 DAGs
[2025-03-19T13:12:26.499+0000] {logging_mixin.py:190} INFO - [2025-03-19T13:12:26.499+0000] {dag.py:4180} INFO - Setting next_dagrun for example_python_operator to None, run_after=None
[2025-03-19T13:12:26.547+0000] {processor.py:208} INFO - Processing /home/airflow/.local/lib/python3.12/site-packages/airflow/example_dags/example_python_operator.py took 0.145 seconds
[2025-03-19T13:12:56.956+0000] {processor.py:186} INFO - Started process (PID=51651) to work on /home/airflow/.local/lib/python3.12/site-packages/airflow/example_dags/example_python_operator.py
[2025-03-19T13:12:56.959+0000] {processor.py:914} INFO - Processing file /home/airflow/.local/lib/python3.12/site-packages/airflow/example_dags/example_python_operator.py for tasks to queue
[2025-03-19T13:12:56.962+0000] {logging_mixin.py:190} INFO - [2025-03-19T13:12:56.961+0000] {dagbag.py:588} INFO - Filling up the DagBag from /home/airflow/.local/lib/python3.12/site-packages/airflow/example_dags/example_python_operator.py
[2025-03-19T13:12:57.005+0000] {processor.py:925} INFO - DAG(s) 'example_python_operator' retrieved from /home/airflow/.local/lib/python3.12/site-packages/airflow/example_dags/example_python_operator.py
[2025-03-19T13:12:57.072+0000] {logging_mixin.py:190} INFO - [2025-03-19T13:12:57.071+0000] {dag.py:3239} INFO - Sync 1 DAGs
[2025-03-19T13:12:57.123+0000] {logging_mixin.py:190} INFO - [2025-03-19T13:12:57.122+0000] {dag.py:4180} INFO - Setting next_dagrun for example_python_operator to None, run_after=None
[2025-03-19T13:12:57.181+0000] {processor.py:208} INFO - Processing /home/airflow/.local/lib/python3.12/site-packages/airflow/example_dags/example_python_operator.py took 0.242 seconds
[2025-03-19T13:13:27.804+0000] {processor.py:186} INFO - Started process (PID=51715) to work on /home/airflow/.local/lib/python3.12/site-packages/airflow/example_dags/example_python_operator.py
[2025-03-19T13:13:27.806+0000] {processor.py:914} INFO - Processing file /home/airflow/.local/lib/python3.12/site-packages/airflow/example_dags/example_python_operator.py for tasks to queue
[2025-03-19T13:13:27.817+0000] {logging_mixin.py:190} INFO - [2025-03-19T13:13:27.810+0000] {dagbag.py:588} INFO - Filling up the DagBag from /home/airflow/.local/lib/python3.12/site-packages/airflow/example_dags/example_python_operator.py
[2025-03-19T13:13:27.850+0000] {processor.py:925} INFO - DAG(s) 'example_python_operator' retrieved from /home/airflow/.local/lib/python3.12/site-packages/airflow/example_dags/example_python_operator.py
[2025-03-19T13:13:27.900+0000] {logging_mixin.py:190} INFO - [2025-03-19T13:13:27.900+0000] {dag.py:3239} INFO - Sync 1 DAGs
[2025-03-19T13:13:27.934+0000] {logging_mixin.py:190} INFO - [2025-03-19T13:13:27.933+0000] {dag.py:4180} INFO - Setting next_dagrun for example_python_operator to None, run_after=None
[2025-03-19T13:13:27.989+0000] {processor.py:208} INFO - Processing /home/airflow/.local/lib/python3.12/site-packages/airflow/example_dags/example_python_operator.py took 0.202 seconds
[2025-03-19T13:13:58.305+0000] {processor.py:186} INFO - Started process (PID=51780) to work on /home/airflow/.local/lib/python3.12/site-packages/airflow/example_dags/example_python_operator.py
[2025-03-19T13:13:58.306+0000] {processor.py:914} INFO - Processing file /home/airflow/.local/lib/python3.12/site-packages/airflow/example_dags/example_python_operator.py for tasks to queue
[2025-03-19T13:13:58.309+0000] {logging_mixin.py:190} INFO - [2025-03-19T13:13:58.308+0000] {dagbag.py:588} INFO - Filling up the DagBag from /home/airflow/.local/lib/python3.12/site-packages/airflow/example_dags/example_python_operator.py
[2025-03-19T13:13:58.330+0000] {processor.py:925} INFO - DAG(s) 'example_python_operator' retrieved from /home/airflow/.local/lib/python3.12/site-packages/airflow/example_dags/example_python_operator.py
[2025-03-19T13:13:58.366+0000] {logging_mixin.py:190} INFO - [2025-03-19T13:13:58.366+0000] {dag.py:3239} INFO - Sync 1 DAGs
[2025-03-19T13:13:58.394+0000] {logging_mixin.py:190} INFO - [2025-03-19T13:13:58.394+0000] {dag.py:4180} INFO - Setting next_dagrun for example_python_operator to None, run_after=None
[2025-03-19T13:13:58.430+0000] {processor.py:208} INFO - Processing /home/airflow/.local/lib/python3.12/site-packages/airflow/example_dags/example_python_operator.py took 0.136 seconds
[2025-03-19T13:14:29.104+0000] {processor.py:186} INFO - Started process (PID=51845) to work on /home/airflow/.local/lib/python3.12/site-packages/airflow/example_dags/example_python_operator.py
[2025-03-19T13:14:29.106+0000] {processor.py:914} INFO - Processing file /home/airflow/.local/lib/python3.12/site-packages/airflow/example_dags/example_python_operator.py for tasks to queue
[2025-03-19T13:14:29.108+0000] {logging_mixin.py:190} INFO - [2025-03-19T13:14:29.108+0000] {dagbag.py:588} INFO - Filling up the DagBag from /home/airflow/.local/lib/python3.12/site-packages/airflow/example_dags/example_python_operator.py
[2025-03-19T13:14:29.130+0000] {processor.py:925} INFO - DAG(s) 'example_python_operator' retrieved from /home/airflow/.local/lib/python3.12/site-packages/airflow/example_dags/example_python_operator.py
[2025-03-19T13:14:29.171+0000] {logging_mixin.py:190} INFO - [2025-03-19T13:14:29.170+0000] {dag.py:3239} INFO - Sync 1 DAGs
[2025-03-19T13:14:29.209+0000] {logging_mixin.py:190} INFO - [2025-03-19T13:14:29.208+0000] {dag.py:4180} INFO - Setting next_dagrun for example_python_operator to None, run_after=None
[2025-03-19T13:14:29.247+0000] {processor.py:208} INFO - Processing /home/airflow/.local/lib/python3.12/site-packages/airflow/example_dags/example_python_operator.py took 0.154 seconds
[2025-03-19T13:14:59.582+0000] {processor.py:186} INFO - Started process (PID=51910) to work on /home/airflow/.local/lib/python3.12/site-packages/airflow/example_dags/example_python_operator.py
[2025-03-19T13:14:59.584+0000] {processor.py:914} INFO - Processing file /home/airflow/.local/lib/python3.12/site-packages/airflow/example_dags/example_python_operator.py for tasks to queue
[2025-03-19T13:14:59.587+0000] {logging_mixin.py:190} INFO - [2025-03-19T13:14:59.586+0000] {dagbag.py:588} INFO - Filling up the DagBag from /home/airflow/.local/lib/python3.12/site-packages/airflow/example_dags/example_python_operator.py
[2025-03-19T13:14:59.607+0000] {processor.py:925} INFO - DAG(s) 'example_python_operator' retrieved from /home/airflow/.local/lib/python3.12/site-packages/airflow/example_dags/example_python_operator.py
[2025-03-19T13:14:59.645+0000] {logging_mixin.py:190} INFO - [2025-03-19T13:14:59.644+0000] {dag.py:3239} INFO - Sync 1 DAGs
[2025-03-19T13:14:59.669+0000] {logging_mixin.py:190} INFO - [2025-03-19T13:14:59.669+0000] {dag.py:4180} INFO - Setting next_dagrun for example_python_operator to None, run_after=None
[2025-03-19T13:14:59.720+0000] {processor.py:208} INFO - Processing /home/airflow/.local/lib/python3.12/site-packages/airflow/example_dags/example_python_operator.py took 0.147 seconds
[2025-03-19T13:15:30.063+0000] {processor.py:186} INFO - Started process (PID=51975) to work on /home/airflow/.local/lib/python3.12/site-packages/airflow/example_dags/example_python_operator.py
[2025-03-19T13:15:30.065+0000] {processor.py:914} INFO - Processing file /home/airflow/.local/lib/python3.12/site-packages/airflow/example_dags/example_python_operator.py for tasks to queue
[2025-03-19T13:15:30.069+0000] {logging_mixin.py:190} INFO - [2025-03-19T13:15:30.068+0000] {dagbag.py:588} INFO - Filling up the DagBag from /home/airflow/.local/lib/python3.12/site-packages/airflow/example_dags/example_python_operator.py
[2025-03-19T13:15:30.092+0000] {processor.py:925} INFO - DAG(s) 'example_python_operator' retrieved from /home/airflow/.local/lib/python3.12/site-packages/airflow/example_dags/example_python_operator.py
[2025-03-19T13:15:30.137+0000] {logging_mixin.py:190} INFO - [2025-03-19T13:15:30.137+0000] {dag.py:3239} INFO - Sync 1 DAGs
[2025-03-19T13:15:30.169+0000] {logging_mixin.py:190} INFO - [2025-03-19T13:15:30.168+0000] {dag.py:4180} INFO - Setting next_dagrun for example_python_operator to None, run_after=None
[2025-03-19T13:15:30.222+0000] {processor.py:208} INFO - Processing /home/airflow/.local/lib/python3.12/site-packages/airflow/example_dags/example_python_operator.py took 0.171 seconds
[2025-03-19T13:16:01.219+0000] {processor.py:186} INFO - Started process (PID=52041) to work on /home/airflow/.local/lib/python3.12/site-packages/airflow/example_dags/example_python_operator.py
[2025-03-19T13:16:01.222+0000] {processor.py:914} INFO - Processing file /home/airflow/.local/lib/python3.12/site-packages/airflow/example_dags/example_python_operator.py for tasks to queue
[2025-03-19T13:16:01.227+0000] {logging_mixin.py:190} INFO - [2025-03-19T13:16:01.226+0000] {dagbag.py:588} INFO - Filling up the DagBag from /home/airflow/.local/lib/python3.12/site-packages/airflow/example_dags/example_python_operator.py
[2025-03-19T13:16:01.254+0000] {processor.py:925} INFO - DAG(s) 'example_python_operator' retrieved from /home/airflow/.local/lib/python3.12/site-packages/airflow/example_dags/example_python_operator.py
[2025-03-19T13:16:01.291+0000] {logging_mixin.py:190} INFO - [2025-03-19T13:16:01.291+0000] {dag.py:3239} INFO - Sync 1 DAGs
[2025-03-19T13:16:01.317+0000] {logging_mixin.py:190} INFO - [2025-03-19T13:16:01.316+0000] {dag.py:4180} INFO - Setting next_dagrun for example_python_operator to None, run_after=None
[2025-03-19T13:16:01.367+0000] {processor.py:208} INFO - Processing /home/airflow/.local/lib/python3.12/site-packages/airflow/example_dags/example_python_operator.py took 0.157 seconds
[2025-03-19T13:16:31.622+0000] {processor.py:186} INFO - Started process (PID=52105) to work on /home/airflow/.local/lib/python3.12/site-packages/airflow/example_dags/example_python_operator.py
[2025-03-19T13:16:31.624+0000] {processor.py:914} INFO - Processing file /home/airflow/.local/lib/python3.12/site-packages/airflow/example_dags/example_python_operator.py for tasks to queue
[2025-03-19T13:16:31.629+0000] {logging_mixin.py:190} INFO - [2025-03-19T13:16:31.628+0000] {dagbag.py:588} INFO - Filling up the DagBag from /home/airflow/.local/lib/python3.12/site-packages/airflow/example_dags/example_python_operator.py
[2025-03-19T13:16:31.665+0000] {processor.py:925} INFO - DAG(s) 'example_python_operator' retrieved from /home/airflow/.local/lib/python3.12/site-packages/airflow/example_dags/example_python_operator.py
[2025-03-19T13:16:31.747+0000] {logging_mixin.py:190} INFO - [2025-03-19T13:16:31.746+0000] {dag.py:3239} INFO - Sync 1 DAGs
[2025-03-19T13:16:31.834+0000] {logging_mixin.py:190} INFO - [2025-03-19T13:16:31.833+0000] {dag.py:4180} INFO - Setting next_dagrun for example_python_operator to None, run_after=None
[2025-03-19T13:16:31.922+0000] {processor.py:208} INFO - Processing /home/airflow/.local/lib/python3.12/site-packages/airflow/example_dags/example_python_operator.py took 0.321 seconds
[2025-03-19T18:29:01.715+0000] {processor.py:186} INFO - Started process (PID=52170) to work on /home/airflow/.local/lib/python3.12/site-packages/airflow/example_dags/example_python_operator.py
[2025-03-19T18:29:01.754+0000] {processor.py:914} INFO - Processing file /home/airflow/.local/lib/python3.12/site-packages/airflow/example_dags/example_python_operator.py for tasks to queue
[2025-03-19T18:29:01.790+0000] {logging_mixin.py:190} INFO - [2025-03-19T18:29:01.789+0000] {dagbag.py:588} INFO - Filling up the DagBag from /home/airflow/.local/lib/python3.12/site-packages/airflow/example_dags/example_python_operator.py
[2025-03-19T18:29:01.832+0000] {processor.py:925} INFO - DAG(s) 'example_python_operator' retrieved from /home/airflow/.local/lib/python3.12/site-packages/airflow/example_dags/example_python_operator.py
[2025-03-19T18:29:01.935+0000] {logging_mixin.py:190} INFO - [2025-03-19T18:29:01.935+0000] {dag.py:3239} INFO - Sync 1 DAGs
[2025-03-19T18:29:02.000+0000] {logging_mixin.py:190} INFO - [2025-03-19T18:29:01.999+0000] {dag.py:4180} INFO - Setting next_dagrun for example_python_operator to None, run_after=None
[2025-03-19T18:29:02.120+0000] {processor.py:208} INFO - Processing /home/airflow/.local/lib/python3.12/site-packages/airflow/example_dags/example_python_operator.py took 0.425 seconds
