[2025-03-19T13:11:42.362+0000] {processor.py:186} INFO - Started process (PID=51486) to work on /home/airflow/.local/lib/python3.12/site-packages/airflow/example_dags/example_dataset_alias.py
[2025-03-19T13:11:42.369+0000] {processor.py:914} INFO - Processing file /home/airflow/.local/lib/python3.12/site-packages/airflow/example_dags/example_dataset_alias.py for tasks to queue
[2025-03-19T13:11:42.375+0000] {logging_mixin.py:190} INFO - [2025-03-19T13:11:42.374+0000] {dagbag.py:588} INFO - Filling up the DagBag from /home/airflow/.local/lib/python3.12/site-packages/airflow/example_dags/example_dataset_alias.py
[2025-03-19T13:11:45.107+0000] {processor.py:925} INFO - DAG(s) 'dataset_s3_bucket_consumer', 'dataset_s3_bucket_producer', 'dataset_alias_example_alias_consumer', 'dataset_alias_example_alias_producer' retrieved from /home/airflow/.local/lib/python3.12/site-packages/airflow/example_dags/example_dataset_alias.py
[2025-03-19T13:11:45.190+0000] {logging_mixin.py:190} INFO - [2025-03-19T13:11:45.189+0000] {dag.py:3239} INFO - Sync 4 DAGs
[2025-03-19T13:11:45.284+0000] {logging_mixin.py:190} INFO - [2025-03-19T13:11:45.283+0000] {dag.py:4180} INFO - Setting next_dagrun for dataset_alias_example_alias_consumer to None, run_after=None
[2025-03-19T13:11:45.293+0000] {logging_mixin.py:190} INFO - [2025-03-19T13:11:45.292+0000] {dag.py:4180} INFO - Setting next_dagrun for dataset_alias_example_alias_producer to None, run_after=None
[2025-03-19T13:11:45.299+0000] {logging_mixin.py:190} INFO - [2025-03-19T13:11:45.298+0000] {dag.py:4180} INFO - Setting next_dagrun for dataset_s3_bucket_consumer to None, run_after=None
[2025-03-19T13:11:45.304+0000] {logging_mixin.py:190} INFO - [2025-03-19T13:11:45.303+0000] {dag.py:4180} INFO - Setting next_dagrun for dataset_s3_bucket_producer to None, run_after=None
[2025-03-19T13:11:45.380+0000] {processor.py:208} INFO - Processing /home/airflow/.local/lib/python3.12/site-packages/airflow/example_dags/example_dataset_alias.py took 3.038 seconds
[2025-03-19T13:12:15.540+0000] {processor.py:186} INFO - Started process (PID=51560) to work on /home/airflow/.local/lib/python3.12/site-packages/airflow/example_dags/example_dataset_alias.py
[2025-03-19T13:12:15.542+0000] {processor.py:914} INFO - Processing file /home/airflow/.local/lib/python3.12/site-packages/airflow/example_dags/example_dataset_alias.py for tasks to queue
[2025-03-19T13:12:15.546+0000] {logging_mixin.py:190} INFO - [2025-03-19T13:12:15.545+0000] {dagbag.py:588} INFO - Filling up the DagBag from /home/airflow/.local/lib/python3.12/site-packages/airflow/example_dags/example_dataset_alias.py
[2025-03-19T13:12:17.251+0000] {processor.py:925} INFO - DAG(s) 'dataset_s3_bucket_producer', 'dataset_alias_example_alias_consumer', 'dataset_s3_bucket_consumer', 'dataset_alias_example_alias_producer' retrieved from /home/airflow/.local/lib/python3.12/site-packages/airflow/example_dags/example_dataset_alias.py
[2025-03-19T13:12:17.317+0000] {logging_mixin.py:190} INFO - [2025-03-19T13:12:17.316+0000] {dag.py:3239} INFO - Sync 4 DAGs
[2025-03-19T13:12:17.383+0000] {logging_mixin.py:190} INFO - [2025-03-19T13:12:17.382+0000] {dag.py:4180} INFO - Setting next_dagrun for dataset_alias_example_alias_consumer to None, run_after=None
[2025-03-19T13:12:17.392+0000] {logging_mixin.py:190} INFO - [2025-03-19T13:12:17.391+0000] {dag.py:4180} INFO - Setting next_dagrun for dataset_alias_example_alias_producer to None, run_after=None
[2025-03-19T13:12:17.397+0000] {logging_mixin.py:190} INFO - [2025-03-19T13:12:17.397+0000] {dag.py:4180} INFO - Setting next_dagrun for dataset_s3_bucket_consumer to None, run_after=None
[2025-03-19T13:12:17.402+0000] {logging_mixin.py:190} INFO - [2025-03-19T13:12:17.401+0000] {dag.py:4180} INFO - Setting next_dagrun for dataset_s3_bucket_producer to None, run_after=None
[2025-03-19T13:12:17.478+0000] {processor.py:208} INFO - Processing /home/airflow/.local/lib/python3.12/site-packages/airflow/example_dags/example_dataset_alias.py took 1.950 seconds
[2025-03-19T13:12:47.781+0000] {processor.py:186} INFO - Started process (PID=51634) to work on /home/airflow/.local/lib/python3.12/site-packages/airflow/example_dags/example_dataset_alias.py
[2025-03-19T13:12:47.783+0000] {processor.py:914} INFO - Processing file /home/airflow/.local/lib/python3.12/site-packages/airflow/example_dags/example_dataset_alias.py for tasks to queue
[2025-03-19T13:12:47.786+0000] {logging_mixin.py:190} INFO - [2025-03-19T13:12:47.785+0000] {dagbag.py:588} INFO - Filling up the DagBag from /home/airflow/.local/lib/python3.12/site-packages/airflow/example_dags/example_dataset_alias.py
[2025-03-19T13:12:49.451+0000] {processor.py:925} INFO - DAG(s) 'dataset_s3_bucket_producer', 'dataset_alias_example_alias_producer', 'dataset_s3_bucket_consumer', 'dataset_alias_example_alias_consumer' retrieved from /home/airflow/.local/lib/python3.12/site-packages/airflow/example_dags/example_dataset_alias.py
[2025-03-19T13:12:49.498+0000] {logging_mixin.py:190} INFO - [2025-03-19T13:12:49.497+0000] {dag.py:3239} INFO - Sync 4 DAGs
[2025-03-19T13:12:49.543+0000] {logging_mixin.py:190} INFO - [2025-03-19T13:12:49.543+0000] {dag.py:4180} INFO - Setting next_dagrun for dataset_alias_example_alias_consumer to None, run_after=None
[2025-03-19T13:12:49.550+0000] {logging_mixin.py:190} INFO - [2025-03-19T13:12:49.549+0000] {dag.py:4180} INFO - Setting next_dagrun for dataset_alias_example_alias_producer to None, run_after=None
[2025-03-19T13:12:49.555+0000] {logging_mixin.py:190} INFO - [2025-03-19T13:12:49.554+0000] {dag.py:4180} INFO - Setting next_dagrun for dataset_s3_bucket_consumer to None, run_after=None
[2025-03-19T13:12:49.558+0000] {logging_mixin.py:190} INFO - [2025-03-19T13:12:49.558+0000] {dag.py:4180} INFO - Setting next_dagrun for dataset_s3_bucket_producer to None, run_after=None
[2025-03-19T13:12:49.627+0000] {processor.py:208} INFO - Processing /home/airflow/.local/lib/python3.12/site-packages/airflow/example_dags/example_dataset_alias.py took 1.855 seconds
[2025-03-19T13:13:19.884+0000] {processor.py:186} INFO - Started process (PID=51705) to work on /home/airflow/.local/lib/python3.12/site-packages/airflow/example_dags/example_dataset_alias.py
[2025-03-19T13:13:19.885+0000] {processor.py:914} INFO - Processing file /home/airflow/.local/lib/python3.12/site-packages/airflow/example_dags/example_dataset_alias.py for tasks to queue
[2025-03-19T13:13:19.888+0000] {logging_mixin.py:190} INFO - [2025-03-19T13:13:19.887+0000] {dagbag.py:588} INFO - Filling up the DagBag from /home/airflow/.local/lib/python3.12/site-packages/airflow/example_dags/example_dataset_alias.py
[2025-03-19T13:13:20.880+0000] {processor.py:925} INFO - DAG(s) 'dataset_s3_bucket_consumer', 'dataset_alias_example_alias_consumer', 'dataset_alias_example_alias_producer', 'dataset_s3_bucket_producer' retrieved from /home/airflow/.local/lib/python3.12/site-packages/airflow/example_dags/example_dataset_alias.py
[2025-03-19T13:13:20.931+0000] {logging_mixin.py:190} INFO - [2025-03-19T13:13:20.929+0000] {dag.py:3239} INFO - Sync 4 DAGs
[2025-03-19T13:13:20.980+0000] {logging_mixin.py:190} INFO - [2025-03-19T13:13:20.980+0000] {dag.py:4180} INFO - Setting next_dagrun for dataset_alias_example_alias_consumer to None, run_after=None
[2025-03-19T13:13:20.986+0000] {logging_mixin.py:190} INFO - [2025-03-19T13:13:20.985+0000] {dag.py:4180} INFO - Setting next_dagrun for dataset_alias_example_alias_producer to None, run_after=None
[2025-03-19T13:13:20.989+0000] {logging_mixin.py:190} INFO - [2025-03-19T13:13:20.989+0000] {dag.py:4180} INFO - Setting next_dagrun for dataset_s3_bucket_consumer to None, run_after=None
[2025-03-19T13:13:20.993+0000] {logging_mixin.py:190} INFO - [2025-03-19T13:13:20.992+0000] {dag.py:4180} INFO - Setting next_dagrun for dataset_s3_bucket_producer to None, run_after=None
[2025-03-19T13:13:21.049+0000] {processor.py:208} INFO - Processing /home/airflow/.local/lib/python3.12/site-packages/airflow/example_dags/example_dataset_alias.py took 1.176 seconds
[2025-03-19T13:13:51.855+0000] {processor.py:186} INFO - Started process (PID=51770) to work on /home/airflow/.local/lib/python3.12/site-packages/airflow/example_dags/example_dataset_alias.py
[2025-03-19T13:13:51.857+0000] {processor.py:914} INFO - Processing file /home/airflow/.local/lib/python3.12/site-packages/airflow/example_dags/example_dataset_alias.py for tasks to queue
[2025-03-19T13:13:51.860+0000] {logging_mixin.py:190} INFO - [2025-03-19T13:13:51.859+0000] {dagbag.py:588} INFO - Filling up the DagBag from /home/airflow/.local/lib/python3.12/site-packages/airflow/example_dags/example_dataset_alias.py
[2025-03-19T13:13:53.048+0000] {processor.py:925} INFO - DAG(s) 'dataset_s3_bucket_producer', 'dataset_alias_example_alias_consumer', 'dataset_s3_bucket_consumer', 'dataset_alias_example_alias_producer' retrieved from /home/airflow/.local/lib/python3.12/site-packages/airflow/example_dags/example_dataset_alias.py
[2025-03-19T13:13:53.099+0000] {logging_mixin.py:190} INFO - [2025-03-19T13:13:53.097+0000] {dag.py:3239} INFO - Sync 4 DAGs
[2025-03-19T13:13:53.165+0000] {logging_mixin.py:190} INFO - [2025-03-19T13:13:53.164+0000] {dag.py:4180} INFO - Setting next_dagrun for dataset_alias_example_alias_consumer to None, run_after=None
[2025-03-19T13:13:53.178+0000] {logging_mixin.py:190} INFO - [2025-03-19T13:13:53.177+0000] {dag.py:4180} INFO - Setting next_dagrun for dataset_alias_example_alias_producer to None, run_after=None
[2025-03-19T13:13:53.183+0000] {logging_mixin.py:190} INFO - [2025-03-19T13:13:53.182+0000] {dag.py:4180} INFO - Setting next_dagrun for dataset_s3_bucket_consumer to None, run_after=None
[2025-03-19T13:13:53.188+0000] {logging_mixin.py:190} INFO - [2025-03-19T13:13:53.187+0000] {dag.py:4180} INFO - Setting next_dagrun for dataset_s3_bucket_producer to None, run_after=None
[2025-03-19T13:13:53.256+0000] {processor.py:208} INFO - Processing /home/airflow/.local/lib/python3.12/site-packages/airflow/example_dags/example_dataset_alias.py took 1.413 seconds
[2025-03-19T13:14:23.406+0000] {processor.py:186} INFO - Started process (PID=51839) to work on /home/airflow/.local/lib/python3.12/site-packages/airflow/example_dags/example_dataset_alias.py
[2025-03-19T13:14:23.408+0000] {processor.py:914} INFO - Processing file /home/airflow/.local/lib/python3.12/site-packages/airflow/example_dags/example_dataset_alias.py for tasks to queue
[2025-03-19T13:14:23.411+0000] {logging_mixin.py:190} INFO - [2025-03-19T13:14:23.410+0000] {dagbag.py:588} INFO - Filling up the DagBag from /home/airflow/.local/lib/python3.12/site-packages/airflow/example_dags/example_dataset_alias.py
[2025-03-19T13:14:24.480+0000] {processor.py:925} INFO - DAG(s) 'dataset_s3_bucket_consumer', 'dataset_alias_example_alias_consumer', 'dataset_alias_example_alias_producer', 'dataset_s3_bucket_producer' retrieved from /home/airflow/.local/lib/python3.12/site-packages/airflow/example_dags/example_dataset_alias.py
[2025-03-19T13:14:24.523+0000] {logging_mixin.py:190} INFO - [2025-03-19T13:14:24.522+0000] {dag.py:3239} INFO - Sync 4 DAGs
[2025-03-19T13:14:24.561+0000] {logging_mixin.py:190} INFO - [2025-03-19T13:14:24.560+0000] {dag.py:4180} INFO - Setting next_dagrun for dataset_alias_example_alias_consumer to None, run_after=None
[2025-03-19T13:14:24.566+0000] {logging_mixin.py:190} INFO - [2025-03-19T13:14:24.566+0000] {dag.py:4180} INFO - Setting next_dagrun for dataset_alias_example_alias_producer to None, run_after=None
[2025-03-19T13:14:24.570+0000] {logging_mixin.py:190} INFO - [2025-03-19T13:14:24.570+0000] {dag.py:4180} INFO - Setting next_dagrun for dataset_s3_bucket_consumer to None, run_after=None
[2025-03-19T13:14:24.574+0000] {logging_mixin.py:190} INFO - [2025-03-19T13:14:24.574+0000] {dag.py:4180} INFO - Setting next_dagrun for dataset_s3_bucket_producer to None, run_after=None
[2025-03-19T13:14:24.614+0000] {processor.py:208} INFO - Processing /home/airflow/.local/lib/python3.12/site-packages/airflow/example_dags/example_dataset_alias.py took 1.216 seconds
[2025-03-19T13:14:54.977+0000] {processor.py:186} INFO - Started process (PID=51904) to work on /home/airflow/.local/lib/python3.12/site-packages/airflow/example_dags/example_dataset_alias.py
[2025-03-19T13:14:54.978+0000] {processor.py:914} INFO - Processing file /home/airflow/.local/lib/python3.12/site-packages/airflow/example_dags/example_dataset_alias.py for tasks to queue
[2025-03-19T13:14:54.980+0000] {logging_mixin.py:190} INFO - [2025-03-19T13:14:54.980+0000] {dagbag.py:588} INFO - Filling up the DagBag from /home/airflow/.local/lib/python3.12/site-packages/airflow/example_dags/example_dataset_alias.py
[2025-03-19T13:14:56.051+0000] {processor.py:925} INFO - DAG(s) 'dataset_s3_bucket_producer', 'dataset_alias_example_alias_consumer', 'dataset_s3_bucket_consumer', 'dataset_alias_example_alias_producer' retrieved from /home/airflow/.local/lib/python3.12/site-packages/airflow/example_dags/example_dataset_alias.py
[2025-03-19T13:14:56.101+0000] {logging_mixin.py:190} INFO - [2025-03-19T13:14:56.097+0000] {dag.py:3239} INFO - Sync 4 DAGs
[2025-03-19T13:14:56.151+0000] {logging_mixin.py:190} INFO - [2025-03-19T13:14:56.150+0000] {dag.py:4180} INFO - Setting next_dagrun for dataset_alias_example_alias_consumer to None, run_after=None
[2025-03-19T13:14:56.163+0000] {logging_mixin.py:190} INFO - [2025-03-19T13:14:56.162+0000] {dag.py:4180} INFO - Setting next_dagrun for dataset_alias_example_alias_producer to None, run_after=None
[2025-03-19T13:14:56.168+0000] {logging_mixin.py:190} INFO - [2025-03-19T13:14:56.168+0000] {dag.py:4180} INFO - Setting next_dagrun for dataset_s3_bucket_consumer to None, run_after=None
[2025-03-19T13:14:56.173+0000] {logging_mixin.py:190} INFO - [2025-03-19T13:14:56.172+0000] {dag.py:4180} INFO - Setting next_dagrun for dataset_s3_bucket_producer to None, run_after=None
[2025-03-19T13:14:56.221+0000] {processor.py:208} INFO - Processing /home/airflow/.local/lib/python3.12/site-packages/airflow/example_dags/example_dataset_alias.py took 1.254 seconds
[2025-03-19T13:15:26.561+0000] {processor.py:186} INFO - Started process (PID=51970) to work on /home/airflow/.local/lib/python3.12/site-packages/airflow/example_dags/example_dataset_alias.py
[2025-03-19T13:15:26.563+0000] {processor.py:914} INFO - Processing file /home/airflow/.local/lib/python3.12/site-packages/airflow/example_dags/example_dataset_alias.py for tasks to queue
[2025-03-19T13:15:26.566+0000] {logging_mixin.py:190} INFO - [2025-03-19T13:15:26.565+0000] {dagbag.py:588} INFO - Filling up the DagBag from /home/airflow/.local/lib/python3.12/site-packages/airflow/example_dags/example_dataset_alias.py
[2025-03-19T13:15:27.693+0000] {processor.py:925} INFO - DAG(s) 'dataset_s3_bucket_producer', 'dataset_alias_example_alias_producer', 'dataset_alias_example_alias_consumer', 'dataset_s3_bucket_consumer' retrieved from /home/airflow/.local/lib/python3.12/site-packages/airflow/example_dags/example_dataset_alias.py
[2025-03-19T13:15:27.739+0000] {logging_mixin.py:190} INFO - [2025-03-19T13:15:27.738+0000] {dag.py:3239} INFO - Sync 4 DAGs
[2025-03-19T13:15:27.784+0000] {logging_mixin.py:190} INFO - [2025-03-19T13:15:27.784+0000] {dag.py:4180} INFO - Setting next_dagrun for dataset_alias_example_alias_consumer to None, run_after=None
[2025-03-19T13:15:27.790+0000] {logging_mixin.py:190} INFO - [2025-03-19T13:15:27.789+0000] {dag.py:4180} INFO - Setting next_dagrun for dataset_alias_example_alias_producer to None, run_after=None
[2025-03-19T13:15:27.794+0000] {logging_mixin.py:190} INFO - [2025-03-19T13:15:27.793+0000] {dag.py:4180} INFO - Setting next_dagrun for dataset_s3_bucket_consumer to None, run_after=None
[2025-03-19T13:15:27.797+0000] {logging_mixin.py:190} INFO - [2025-03-19T13:15:27.797+0000] {dag.py:4180} INFO - Setting next_dagrun for dataset_s3_bucket_producer to None, run_after=None
[2025-03-19T13:15:27.853+0000] {processor.py:208} INFO - Processing /home/airflow/.local/lib/python3.12/site-packages/airflow/example_dags/example_dataset_alias.py took 1.304 seconds
[2025-03-19T13:15:58.568+0000] {processor.py:186} INFO - Started process (PID=52036) to work on /home/airflow/.local/lib/python3.12/site-packages/airflow/example_dags/example_dataset_alias.py
[2025-03-19T13:15:58.570+0000] {processor.py:914} INFO - Processing file /home/airflow/.local/lib/python3.12/site-packages/airflow/example_dags/example_dataset_alias.py for tasks to queue
[2025-03-19T13:15:58.573+0000] {logging_mixin.py:190} INFO - [2025-03-19T13:15:58.573+0000] {dagbag.py:588} INFO - Filling up the DagBag from /home/airflow/.local/lib/python3.12/site-packages/airflow/example_dags/example_dataset_alias.py
[2025-03-19T13:15:59.838+0000] {processor.py:925} INFO - DAG(s) 'dataset_s3_bucket_producer', 'dataset_alias_example_alias_producer', 'dataset_s3_bucket_consumer', 'dataset_alias_example_alias_consumer' retrieved from /home/airflow/.local/lib/python3.12/site-packages/airflow/example_dags/example_dataset_alias.py
[2025-03-19T13:15:59.932+0000] {logging_mixin.py:190} INFO - [2025-03-19T13:15:59.929+0000] {dag.py:3239} INFO - Sync 4 DAGs
[2025-03-19T13:16:00.028+0000] {logging_mixin.py:190} INFO - [2025-03-19T13:16:00.026+0000] {dag.py:4180} INFO - Setting next_dagrun for dataset_alias_example_alias_consumer to None, run_after=None
[2025-03-19T13:16:00.038+0000] {logging_mixin.py:190} INFO - [2025-03-19T13:16:00.037+0000] {dag.py:4180} INFO - Setting next_dagrun for dataset_alias_example_alias_producer to None, run_after=None
[2025-03-19T13:16:00.042+0000] {logging_mixin.py:190} INFO - [2025-03-19T13:16:00.042+0000] {dag.py:4180} INFO - Setting next_dagrun for dataset_s3_bucket_consumer to None, run_after=None
[2025-03-19T13:16:00.046+0000] {logging_mixin.py:190} INFO - [2025-03-19T13:16:00.046+0000] {dag.py:4180} INFO - Setting next_dagrun for dataset_s3_bucket_producer to None, run_after=None
[2025-03-19T13:16:00.091+0000] {processor.py:208} INFO - Processing /home/airflow/.local/lib/python3.12/site-packages/airflow/example_dags/example_dataset_alias.py took 1.534 seconds
[2025-03-19T13:16:30.401+0000] {processor.py:186} INFO - Started process (PID=52102) to work on /home/airflow/.local/lib/python3.12/site-packages/airflow/example_dags/example_dataset_alias.py
[2025-03-19T13:16:30.404+0000] {processor.py:914} INFO - Processing file /home/airflow/.local/lib/python3.12/site-packages/airflow/example_dags/example_dataset_alias.py for tasks to queue
[2025-03-19T13:16:30.406+0000] {logging_mixin.py:190} INFO - [2025-03-19T13:16:30.406+0000] {dagbag.py:588} INFO - Filling up the DagBag from /home/airflow/.local/lib/python3.12/site-packages/airflow/example_dags/example_dataset_alias.py
[2025-03-19T13:16:32.649+0000] {processor.py:925} INFO - DAG(s) 'dataset_alias_example_alias_consumer', 'dataset_s3_bucket_consumer', 'dataset_alias_example_alias_producer', 'dataset_s3_bucket_producer' retrieved from /home/airflow/.local/lib/python3.12/site-packages/airflow/example_dags/example_dataset_alias.py
[2025-03-19T13:16:32.769+0000] {logging_mixin.py:190} INFO - [2025-03-19T13:16:32.767+0000] {dag.py:3239} INFO - Sync 4 DAGs
[2025-03-19T13:16:32.877+0000] {logging_mixin.py:190} INFO - [2025-03-19T13:16:32.876+0000] {dag.py:4180} INFO - Setting next_dagrun for dataset_alias_example_alias_consumer to None, run_after=None
[2025-03-19T13:16:32.887+0000] {logging_mixin.py:190} INFO - [2025-03-19T13:16:32.886+0000] {dag.py:4180} INFO - Setting next_dagrun for dataset_alias_example_alias_producer to None, run_after=None
[2025-03-19T13:16:32.902+0000] {logging_mixin.py:190} INFO - [2025-03-19T13:16:32.901+0000] {dag.py:4180} INFO - Setting next_dagrun for dataset_s3_bucket_consumer to None, run_after=None
[2025-03-19T13:16:32.912+0000] {logging_mixin.py:190} INFO - [2025-03-19T13:16:32.910+0000] {dag.py:4180} INFO - Setting next_dagrun for dataset_s3_bucket_producer to None, run_after=None
[2025-03-19T13:16:32.996+0000] {processor.py:208} INFO - Processing /home/airflow/.local/lib/python3.12/site-packages/airflow/example_dags/example_dataset_alias.py took 2.610 seconds
[2025-03-19T13:17:03.252+0000] {processor.py:186} INFO - Started process (PID=52168) to work on /home/airflow/.local/lib/python3.12/site-packages/airflow/example_dags/example_dataset_alias.py
[2025-03-19T13:17:03.256+0000] {processor.py:914} INFO - Processing file /home/airflow/.local/lib/python3.12/site-packages/airflow/example_dags/example_dataset_alias.py for tasks to queue
[2025-03-19T13:17:03.269+0000] {logging_mixin.py:190} INFO - [2025-03-19T13:17:03.268+0000] {dagbag.py:588} INFO - Filling up the DagBag from /home/airflow/.local/lib/python3.12/site-packages/airflow/example_dags/example_dataset_alias.py
