[2025-03-19T13:11:41.218+0000] {processor.py:186} INFO - Started process (PID=51483) to work on /home/airflow/.local/lib/python3.12/site-packages/airflow/example_dags/example_skip_dag.py
[2025-03-19T13:11:41.233+0000] {processor.py:914} INFO - Processing file /home/airflow/.local/lib/python3.12/site-packages/airflow/example_dags/example_skip_dag.py for tasks to queue
[2025-03-19T13:11:41.245+0000] {logging_mixin.py:190} INFO - [2025-03-19T13:11:41.236+0000] {dagbag.py:588} INFO - Filling up the DagBag from /home/airflow/.local/lib/python3.12/site-packages/airflow/example_dags/example_skip_dag.py
[2025-03-19T13:11:41.312+0000] {processor.py:925} INFO - DAG(s) 'example_skip_dag' retrieved from /home/airflow/.local/lib/python3.12/site-packages/airflow/example_dags/example_skip_dag.py
[2025-03-19T13:11:41.404+0000] {logging_mixin.py:190} INFO - [2025-03-19T13:11:41.403+0000] {dag.py:3239} INFO - Sync 1 DAGs
[2025-03-19T13:11:41.521+0000] {logging_mixin.py:190} INFO - [2025-03-19T13:11:41.520+0000] {dag.py:4180} INFO - Setting next_dagrun for example_skip_dag to 2025-03-18 00:00:00+00:00, run_after=2025-03-19 00:00:00+00:00
[2025-03-19T13:11:41.614+0000] {processor.py:208} INFO - Processing /home/airflow/.local/lib/python3.12/site-packages/airflow/example_dags/example_skip_dag.py took 0.424 seconds
[2025-03-19T13:12:12.789+0000] {processor.py:186} INFO - Started process (PID=51554) to work on /home/airflow/.local/lib/python3.12/site-packages/airflow/example_dags/example_skip_dag.py
[2025-03-19T13:12:12.795+0000] {processor.py:914} INFO - Processing file /home/airflow/.local/lib/python3.12/site-packages/airflow/example_dags/example_skip_dag.py for tasks to queue
[2025-03-19T13:12:12.804+0000] {logging_mixin.py:190} INFO - [2025-03-19T13:12:12.803+0000] {dagbag.py:588} INFO - Filling up the DagBag from /home/airflow/.local/lib/python3.12/site-packages/airflow/example_dags/example_skip_dag.py
[2025-03-19T13:12:12.861+0000] {processor.py:925} INFO - DAG(s) 'example_skip_dag' retrieved from /home/airflow/.local/lib/python3.12/site-packages/airflow/example_dags/example_skip_dag.py
[2025-03-19T13:12:12.951+0000] {logging_mixin.py:190} INFO - [2025-03-19T13:12:12.950+0000] {dag.py:3239} INFO - Sync 1 DAGs
[2025-03-19T13:12:13.072+0000] {logging_mixin.py:190} INFO - [2025-03-19T13:12:13.072+0000] {dag.py:4180} INFO - Setting next_dagrun for example_skip_dag to 2025-03-18 00:00:00+00:00, run_after=2025-03-19 00:00:00+00:00
[2025-03-19T13:12:13.164+0000] {processor.py:208} INFO - Processing /home/airflow/.local/lib/python3.12/site-packages/airflow/example_dags/example_skip_dag.py took 0.410 seconds
[2025-03-19T13:12:43.649+0000] {processor.py:186} INFO - Started process (PID=51618) to work on /home/airflow/.local/lib/python3.12/site-packages/airflow/example_dags/example_skip_dag.py
[2025-03-19T13:12:43.656+0000] {processor.py:914} INFO - Processing file /home/airflow/.local/lib/python3.12/site-packages/airflow/example_dags/example_skip_dag.py for tasks to queue
[2025-03-19T13:12:43.660+0000] {logging_mixin.py:190} INFO - [2025-03-19T13:12:43.659+0000] {dagbag.py:588} INFO - Filling up the DagBag from /home/airflow/.local/lib/python3.12/site-packages/airflow/example_dags/example_skip_dag.py
[2025-03-19T13:12:43.704+0000] {processor.py:925} INFO - DAG(s) 'example_skip_dag' retrieved from /home/airflow/.local/lib/python3.12/site-packages/airflow/example_dags/example_skip_dag.py
[2025-03-19T13:12:43.790+0000] {logging_mixin.py:190} INFO - [2025-03-19T13:12:43.782+0000] {dag.py:3239} INFO - Sync 1 DAGs
[2025-03-19T13:12:43.895+0000] {logging_mixin.py:190} INFO - [2025-03-19T13:12:43.894+0000] {dag.py:4180} INFO - Setting next_dagrun for example_skip_dag to 2025-03-18 00:00:00+00:00, run_after=2025-03-19 00:00:00+00:00
[2025-03-19T13:12:43.981+0000] {processor.py:208} INFO - Processing /home/airflow/.local/lib/python3.12/site-packages/airflow/example_dags/example_skip_dag.py took 0.354 seconds
[2025-03-19T13:13:14.431+0000] {processor.py:186} INFO - Started process (PID=51683) to work on /home/airflow/.local/lib/python3.12/site-packages/airflow/example_dags/example_skip_dag.py
[2025-03-19T13:13:14.437+0000] {processor.py:914} INFO - Processing file /home/airflow/.local/lib/python3.12/site-packages/airflow/example_dags/example_skip_dag.py for tasks to queue
[2025-03-19T13:13:14.446+0000] {logging_mixin.py:190} INFO - [2025-03-19T13:13:14.444+0000] {dagbag.py:588} INFO - Filling up the DagBag from /home/airflow/.local/lib/python3.12/site-packages/airflow/example_dags/example_skip_dag.py
[2025-03-19T13:13:14.492+0000] {processor.py:925} INFO - DAG(s) 'example_skip_dag' retrieved from /home/airflow/.local/lib/python3.12/site-packages/airflow/example_dags/example_skip_dag.py
[2025-03-19T13:13:14.563+0000] {logging_mixin.py:190} INFO - [2025-03-19T13:13:14.563+0000] {dag.py:3239} INFO - Sync 1 DAGs
[2025-03-19T13:13:14.625+0000] {logging_mixin.py:190} INFO - [2025-03-19T13:13:14.625+0000] {dag.py:4180} INFO - Setting next_dagrun for example_skip_dag to 2025-03-18 00:00:00+00:00, run_after=2025-03-19 00:00:00+00:00
[2025-03-19T13:13:14.666+0000] {processor.py:208} INFO - Processing /home/airflow/.local/lib/python3.12/site-packages/airflow/example_dags/example_skip_dag.py took 0.249 seconds
[2025-03-19T13:13:44.845+0000] {processor.py:186} INFO - Started process (PID=51748) to work on /home/airflow/.local/lib/python3.12/site-packages/airflow/example_dags/example_skip_dag.py
[2025-03-19T13:13:44.847+0000] {processor.py:914} INFO - Processing file /home/airflow/.local/lib/python3.12/site-packages/airflow/example_dags/example_skip_dag.py for tasks to queue
[2025-03-19T13:13:44.849+0000] {logging_mixin.py:190} INFO - [2025-03-19T13:13:44.849+0000] {dagbag.py:588} INFO - Filling up the DagBag from /home/airflow/.local/lib/python3.12/site-packages/airflow/example_dags/example_skip_dag.py
[2025-03-19T13:13:44.866+0000] {processor.py:925} INFO - DAG(s) 'example_skip_dag' retrieved from /home/airflow/.local/lib/python3.12/site-packages/airflow/example_dags/example_skip_dag.py
[2025-03-19T13:13:44.902+0000] {logging_mixin.py:190} INFO - [2025-03-19T13:13:44.901+0000] {dag.py:3239} INFO - Sync 1 DAGs
[2025-03-19T13:13:44.941+0000] {logging_mixin.py:190} INFO - [2025-03-19T13:13:44.941+0000] {dag.py:4180} INFO - Setting next_dagrun for example_skip_dag to 2025-03-18 00:00:00+00:00, run_after=2025-03-19 00:00:00+00:00
[2025-03-19T13:13:44.975+0000] {processor.py:208} INFO - Processing /home/airflow/.local/lib/python3.12/site-packages/airflow/example_dags/example_skip_dag.py took 0.140 seconds
[2025-03-19T13:14:15.373+0000] {processor.py:186} INFO - Started process (PID=51813) to work on /home/airflow/.local/lib/python3.12/site-packages/airflow/example_dags/example_skip_dag.py
[2025-03-19T13:14:15.376+0000] {processor.py:914} INFO - Processing file /home/airflow/.local/lib/python3.12/site-packages/airflow/example_dags/example_skip_dag.py for tasks to queue
[2025-03-19T13:14:15.380+0000] {logging_mixin.py:190} INFO - [2025-03-19T13:14:15.379+0000] {dagbag.py:588} INFO - Filling up the DagBag from /home/airflow/.local/lib/python3.12/site-packages/airflow/example_dags/example_skip_dag.py
[2025-03-19T13:14:15.399+0000] {processor.py:925} INFO - DAG(s) 'example_skip_dag' retrieved from /home/airflow/.local/lib/python3.12/site-packages/airflow/example_dags/example_skip_dag.py
[2025-03-19T13:14:15.437+0000] {logging_mixin.py:190} INFO - [2025-03-19T13:14:15.437+0000] {dag.py:3239} INFO - Sync 1 DAGs
[2025-03-19T13:14:15.479+0000] {logging_mixin.py:190} INFO - [2025-03-19T13:14:15.479+0000] {dag.py:4180} INFO - Setting next_dagrun for example_skip_dag to 2025-03-18 00:00:00+00:00, run_after=2025-03-19 00:00:00+00:00
[2025-03-19T13:14:15.519+0000] {processor.py:208} INFO - Processing /home/airflow/.local/lib/python3.12/site-packages/airflow/example_dags/example_skip_dag.py took 0.164 seconds
[2025-03-19T13:14:46.031+0000] {processor.py:186} INFO - Started process (PID=51878) to work on /home/airflow/.local/lib/python3.12/site-packages/airflow/example_dags/example_skip_dag.py
[2025-03-19T13:14:46.033+0000] {processor.py:914} INFO - Processing file /home/airflow/.local/lib/python3.12/site-packages/airflow/example_dags/example_skip_dag.py for tasks to queue
[2025-03-19T13:14:46.036+0000] {logging_mixin.py:190} INFO - [2025-03-19T13:14:46.035+0000] {dagbag.py:588} INFO - Filling up the DagBag from /home/airflow/.local/lib/python3.12/site-packages/airflow/example_dags/example_skip_dag.py
[2025-03-19T13:14:46.051+0000] {processor.py:925} INFO - DAG(s) 'example_skip_dag' retrieved from /home/airflow/.local/lib/python3.12/site-packages/airflow/example_dags/example_skip_dag.py
[2025-03-19T13:14:46.123+0000] {logging_mixin.py:190} INFO - [2025-03-19T13:14:46.123+0000] {dag.py:3239} INFO - Sync 1 DAGs
[2025-03-19T13:14:46.180+0000] {logging_mixin.py:190} INFO - [2025-03-19T13:14:46.180+0000] {dag.py:4180} INFO - Setting next_dagrun for example_skip_dag to 2025-03-18 00:00:00+00:00, run_after=2025-03-19 00:00:00+00:00
[2025-03-19T13:14:46.232+0000] {processor.py:208} INFO - Processing /home/airflow/.local/lib/python3.12/site-packages/airflow/example_dags/example_skip_dag.py took 0.211 seconds
[2025-03-19T13:15:16.670+0000] {processor.py:186} INFO - Started process (PID=51943) to work on /home/airflow/.local/lib/python3.12/site-packages/airflow/example_dags/example_skip_dag.py
[2025-03-19T13:15:16.671+0000] {processor.py:914} INFO - Processing file /home/airflow/.local/lib/python3.12/site-packages/airflow/example_dags/example_skip_dag.py for tasks to queue
[2025-03-19T13:15:16.674+0000] {logging_mixin.py:190} INFO - [2025-03-19T13:15:16.673+0000] {dagbag.py:588} INFO - Filling up the DagBag from /home/airflow/.local/lib/python3.12/site-packages/airflow/example_dags/example_skip_dag.py
[2025-03-19T13:15:16.688+0000] {processor.py:925} INFO - DAG(s) 'example_skip_dag' retrieved from /home/airflow/.local/lib/python3.12/site-packages/airflow/example_dags/example_skip_dag.py
[2025-03-19T13:15:16.732+0000] {logging_mixin.py:190} INFO - [2025-03-19T13:15:16.731+0000] {dag.py:3239} INFO - Sync 1 DAGs
[2025-03-19T13:15:16.775+0000] {logging_mixin.py:190} INFO - [2025-03-19T13:15:16.774+0000] {dag.py:4180} INFO - Setting next_dagrun for example_skip_dag to 2025-03-18 00:00:00+00:00, run_after=2025-03-19 00:00:00+00:00
[2025-03-19T13:15:16.827+0000] {processor.py:208} INFO - Processing /home/airflow/.local/lib/python3.12/site-packages/airflow/example_dags/example_skip_dag.py took 0.167 seconds
[2025-03-19T13:15:47.000+0000] {processor.py:186} INFO - Started process (PID=52008) to work on /home/airflow/.local/lib/python3.12/site-packages/airflow/example_dags/example_skip_dag.py
[2025-03-19T13:15:47.002+0000] {processor.py:914} INFO - Processing file /home/airflow/.local/lib/python3.12/site-packages/airflow/example_dags/example_skip_dag.py for tasks to queue
[2025-03-19T13:15:47.004+0000] {logging_mixin.py:190} INFO - [2025-03-19T13:15:47.003+0000] {dagbag.py:588} INFO - Filling up the DagBag from /home/airflow/.local/lib/python3.12/site-packages/airflow/example_dags/example_skip_dag.py
[2025-03-19T13:15:47.017+0000] {processor.py:925} INFO - DAG(s) 'example_skip_dag' retrieved from /home/airflow/.local/lib/python3.12/site-packages/airflow/example_dags/example_skip_dag.py
[2025-03-19T13:15:47.053+0000] {logging_mixin.py:190} INFO - [2025-03-19T13:15:47.052+0000] {dag.py:3239} INFO - Sync 1 DAGs
[2025-03-19T13:15:47.142+0000] {logging_mixin.py:190} INFO - [2025-03-19T13:15:47.141+0000] {dag.py:4180} INFO - Setting next_dagrun for example_skip_dag to 2025-03-18 00:00:00+00:00, run_after=2025-03-19 00:00:00+00:00
[2025-03-19T13:15:47.207+0000] {processor.py:208} INFO - Processing /home/airflow/.local/lib/python3.12/site-packages/airflow/example_dags/example_skip_dag.py took 0.219 seconds
[2025-03-19T13:16:17.577+0000] {processor.py:186} INFO - Started process (PID=52080) to work on /home/airflow/.local/lib/python3.12/site-packages/airflow/example_dags/example_skip_dag.py
[2025-03-19T13:16:17.579+0000] {processor.py:914} INFO - Processing file /home/airflow/.local/lib/python3.12/site-packages/airflow/example_dags/example_skip_dag.py for tasks to queue
[2025-03-19T13:16:17.581+0000] {logging_mixin.py:190} INFO - [2025-03-19T13:16:17.580+0000] {dagbag.py:588} INFO - Filling up the DagBag from /home/airflow/.local/lib/python3.12/site-packages/airflow/example_dags/example_skip_dag.py
[2025-03-19T13:16:17.595+0000] {processor.py:925} INFO - DAG(s) 'example_skip_dag' retrieved from /home/airflow/.local/lib/python3.12/site-packages/airflow/example_dags/example_skip_dag.py
[2025-03-19T13:16:17.633+0000] {logging_mixin.py:190} INFO - [2025-03-19T13:16:17.633+0000] {dag.py:3239} INFO - Sync 1 DAGs
[2025-03-19T13:16:17.678+0000] {logging_mixin.py:190} INFO - [2025-03-19T13:16:17.677+0000] {dag.py:4180} INFO - Setting next_dagrun for example_skip_dag to 2025-03-18 00:00:00+00:00, run_after=2025-03-19 00:00:00+00:00
[2025-03-19T13:16:17.717+0000] {processor.py:208} INFO - Processing /home/airflow/.local/lib/python3.12/site-packages/airflow/example_dags/example_skip_dag.py took 0.149 seconds
[2025-03-19T13:16:48.642+0000] {processor.py:186} INFO - Started process (PID=52145) to work on /home/airflow/.local/lib/python3.12/site-packages/airflow/example_dags/example_skip_dag.py
[2025-03-19T13:16:48.645+0000] {processor.py:914} INFO - Processing file /home/airflow/.local/lib/python3.12/site-packages/airflow/example_dags/example_skip_dag.py for tasks to queue
[2025-03-19T13:16:48.648+0000] {logging_mixin.py:190} INFO - [2025-03-19T13:16:48.647+0000] {dagbag.py:588} INFO - Filling up the DagBag from /home/airflow/.local/lib/python3.12/site-packages/airflow/example_dags/example_skip_dag.py
[2025-03-19T13:16:48.672+0000] {processor.py:925} INFO - DAG(s) 'example_skip_dag' retrieved from /home/airflow/.local/lib/python3.12/site-packages/airflow/example_dags/example_skip_dag.py
[2025-03-19T13:16:48.720+0000] {logging_mixin.py:190} INFO - [2025-03-19T13:16:48.719+0000] {dag.py:3239} INFO - Sync 1 DAGs
[2025-03-19T13:16:48.768+0000] {logging_mixin.py:190} INFO - [2025-03-19T13:16:48.768+0000] {dag.py:4180} INFO - Setting next_dagrun for example_skip_dag to 2025-03-18 00:00:00+00:00, run_after=2025-03-19 00:00:00+00:00
[2025-03-19T13:16:48.824+0000] {processor.py:208} INFO - Processing /home/airflow/.local/lib/python3.12/site-packages/airflow/example_dags/example_skip_dag.py took 0.196 seconds
[2025-03-19T18:29:09.708+0000] {processor.py:186} INFO - Started process (PID=52189) to work on /home/airflow/.local/lib/python3.12/site-packages/airflow/example_dags/example_skip_dag.py
[2025-03-19T18:29:09.722+0000] {processor.py:914} INFO - Processing file /home/airflow/.local/lib/python3.12/site-packages/airflow/example_dags/example_skip_dag.py for tasks to queue
[2025-03-19T18:29:09.726+0000] {logging_mixin.py:190} INFO - [2025-03-19T18:29:09.725+0000] {dagbag.py:588} INFO - Filling up the DagBag from /home/airflow/.local/lib/python3.12/site-packages/airflow/example_dags/example_skip_dag.py
[2025-03-19T18:29:09.787+0000] {processor.py:925} INFO - DAG(s) 'example_skip_dag' retrieved from /home/airflow/.local/lib/python3.12/site-packages/airflow/example_dags/example_skip_dag.py
[2025-03-19T18:29:09.905+0000] {logging_mixin.py:190} INFO - [2025-03-19T18:29:09.904+0000] {dag.py:3239} INFO - Sync 1 DAGs
[2025-03-19T18:29:10.091+0000] {logging_mixin.py:190} INFO - [2025-03-19T18:29:10.090+0000] {dag.py:4180} INFO - Setting next_dagrun for example_skip_dag to 2025-03-18 00:00:00+00:00, run_after=2025-03-19 00:00:00+00:00
[2025-03-19T18:29:10.264+0000] {processor.py:208} INFO - Processing /home/airflow/.local/lib/python3.12/site-packages/airflow/example_dags/example_skip_dag.py took 0.600 seconds
