[2025-03-19T13:11:24.005+0000] {processor.py:186} INFO - Started process (PID=51450) to work on /home/airflow/.local/lib/python3.12/site-packages/airflow/example_dags/tutorial_taskflow_api.py
[2025-03-19T13:11:24.018+0000] {processor.py:914} INFO - Processing file /home/airflow/.local/lib/python3.12/site-packages/airflow/example_dags/tutorial_taskflow_api.py for tasks to queue
[2025-03-19T13:11:24.022+0000] {logging_mixin.py:190} INFO - [2025-03-19T13:11:24.022+0000] {dagbag.py:588} INFO - Filling up the DagBag from /home/airflow/.local/lib/python3.12/site-packages/airflow/example_dags/tutorial_taskflow_api.py
[2025-03-19T13:11:24.061+0000] {processor.py:925} INFO - DAG(s) 'tutorial_taskflow_api' retrieved from /home/airflow/.local/lib/python3.12/site-packages/airflow/example_dags/tutorial_taskflow_api.py
[2025-03-19T13:11:24.169+0000] {logging_mixin.py:190} INFO - [2025-03-19T13:11:24.169+0000] {dag.py:3239} INFO - Sync 1 DAGs
[2025-03-19T13:11:24.242+0000] {logging_mixin.py:190} INFO - [2025-03-19T13:11:24.241+0000] {dag.py:4180} INFO - Setting next_dagrun for tutorial_taskflow_api to None, run_after=None
[2025-03-19T13:11:24.364+0000] {processor.py:208} INFO - Processing /home/airflow/.local/lib/python3.12/site-packages/airflow/example_dags/tutorial_taskflow_api.py took 0.391 seconds
[2025-03-19T13:11:54.970+0000] {processor.py:186} INFO - Started process (PID=51514) to work on /home/airflow/.local/lib/python3.12/site-packages/airflow/example_dags/tutorial_taskflow_api.py
[2025-03-19T13:11:54.972+0000] {processor.py:914} INFO - Processing file /home/airflow/.local/lib/python3.12/site-packages/airflow/example_dags/tutorial_taskflow_api.py for tasks to queue
[2025-03-19T13:11:54.975+0000] {logging_mixin.py:190} INFO - [2025-03-19T13:11:54.974+0000] {dagbag.py:588} INFO - Filling up the DagBag from /home/airflow/.local/lib/python3.12/site-packages/airflow/example_dags/tutorial_taskflow_api.py
[2025-03-19T13:11:54.994+0000] {processor.py:925} INFO - DAG(s) 'tutorial_taskflow_api' retrieved from /home/airflow/.local/lib/python3.12/site-packages/airflow/example_dags/tutorial_taskflow_api.py
[2025-03-19T13:11:55.039+0000] {logging_mixin.py:190} INFO - [2025-03-19T13:11:55.038+0000] {dag.py:3239} INFO - Sync 1 DAGs
[2025-03-19T13:11:55.066+0000] {logging_mixin.py:190} INFO - [2025-03-19T13:11:55.065+0000] {dag.py:4180} INFO - Setting next_dagrun for tutorial_taskflow_api to None, run_after=None
[2025-03-19T13:11:55.122+0000] {processor.py:208} INFO - Processing /home/airflow/.local/lib/python3.12/site-packages/airflow/example_dags/tutorial_taskflow_api.py took 0.164 seconds
[2025-03-19T13:12:25.383+0000] {processor.py:186} INFO - Started process (PID=51585) to work on /home/airflow/.local/lib/python3.12/site-packages/airflow/example_dags/tutorial_taskflow_api.py
[2025-03-19T13:12:25.385+0000] {processor.py:914} INFO - Processing file /home/airflow/.local/lib/python3.12/site-packages/airflow/example_dags/tutorial_taskflow_api.py for tasks to queue
[2025-03-19T13:12:25.389+0000] {logging_mixin.py:190} INFO - [2025-03-19T13:12:25.388+0000] {dagbag.py:588} INFO - Filling up the DagBag from /home/airflow/.local/lib/python3.12/site-packages/airflow/example_dags/tutorial_taskflow_api.py
[2025-03-19T13:12:25.408+0000] {processor.py:925} INFO - DAG(s) 'tutorial_taskflow_api' retrieved from /home/airflow/.local/lib/python3.12/site-packages/airflow/example_dags/tutorial_taskflow_api.py
[2025-03-19T13:12:25.449+0000] {logging_mixin.py:190} INFO - [2025-03-19T13:12:25.449+0000] {dag.py:3239} INFO - Sync 1 DAGs
[2025-03-19T13:12:25.477+0000] {logging_mixin.py:190} INFO - [2025-03-19T13:12:25.476+0000] {dag.py:4180} INFO - Setting next_dagrun for tutorial_taskflow_api to None, run_after=None
[2025-03-19T13:12:25.535+0000] {processor.py:208} INFO - Processing /home/airflow/.local/lib/python3.12/site-packages/airflow/example_dags/tutorial_taskflow_api.py took 0.162 seconds
[2025-03-19T13:12:55.807+0000] {processor.py:186} INFO - Started process (PID=51649) to work on /home/airflow/.local/lib/python3.12/site-packages/airflow/example_dags/tutorial_taskflow_api.py
[2025-03-19T13:12:55.810+0000] {processor.py:914} INFO - Processing file /home/airflow/.local/lib/python3.12/site-packages/airflow/example_dags/tutorial_taskflow_api.py for tasks to queue
[2025-03-19T13:12:55.824+0000] {logging_mixin.py:190} INFO - [2025-03-19T13:12:55.823+0000] {dagbag.py:588} INFO - Filling up the DagBag from /home/airflow/.local/lib/python3.12/site-packages/airflow/example_dags/tutorial_taskflow_api.py
[2025-03-19T13:12:55.871+0000] {processor.py:925} INFO - DAG(s) 'tutorial_taskflow_api' retrieved from /home/airflow/.local/lib/python3.12/site-packages/airflow/example_dags/tutorial_taskflow_api.py
[2025-03-19T13:12:55.939+0000] {logging_mixin.py:190} INFO - [2025-03-19T13:12:55.938+0000] {dag.py:3239} INFO - Sync 1 DAGs
[2025-03-19T13:12:55.984+0000] {logging_mixin.py:190} INFO - [2025-03-19T13:12:55.983+0000] {dag.py:4180} INFO - Setting next_dagrun for tutorial_taskflow_api to None, run_after=None
[2025-03-19T13:12:56.050+0000] {processor.py:208} INFO - Processing /home/airflow/.local/lib/python3.12/site-packages/airflow/example_dags/tutorial_taskflow_api.py took 0.264 seconds
[2025-03-19T13:13:26.739+0000] {processor.py:186} INFO - Started process (PID=51714) to work on /home/airflow/.local/lib/python3.12/site-packages/airflow/example_dags/tutorial_taskflow_api.py
[2025-03-19T13:13:26.741+0000] {processor.py:914} INFO - Processing file /home/airflow/.local/lib/python3.12/site-packages/airflow/example_dags/tutorial_taskflow_api.py for tasks to queue
[2025-03-19T13:13:26.744+0000] {logging_mixin.py:190} INFO - [2025-03-19T13:13:26.744+0000] {dagbag.py:588} INFO - Filling up the DagBag from /home/airflow/.local/lib/python3.12/site-packages/airflow/example_dags/tutorial_taskflow_api.py
[2025-03-19T13:13:26.761+0000] {processor.py:925} INFO - DAG(s) 'tutorial_taskflow_api' retrieved from /home/airflow/.local/lib/python3.12/site-packages/airflow/example_dags/tutorial_taskflow_api.py
[2025-03-19T13:13:26.815+0000] {logging_mixin.py:190} INFO - [2025-03-19T13:13:26.814+0000] {dag.py:3239} INFO - Sync 1 DAGs
[2025-03-19T13:13:26.854+0000] {logging_mixin.py:190} INFO - [2025-03-19T13:13:26.853+0000] {dag.py:4180} INFO - Setting next_dagrun for tutorial_taskflow_api to None, run_after=None
[2025-03-19T13:13:26.896+0000] {processor.py:208} INFO - Processing /home/airflow/.local/lib/python3.12/site-packages/airflow/example_dags/tutorial_taskflow_api.py took 0.170 seconds
[2025-03-19T13:13:57.265+0000] {processor.py:186} INFO - Started process (PID=51779) to work on /home/airflow/.local/lib/python3.12/site-packages/airflow/example_dags/tutorial_taskflow_api.py
[2025-03-19T13:13:57.266+0000] {processor.py:914} INFO - Processing file /home/airflow/.local/lib/python3.12/site-packages/airflow/example_dags/tutorial_taskflow_api.py for tasks to queue
[2025-03-19T13:13:57.268+0000] {logging_mixin.py:190} INFO - [2025-03-19T13:13:57.268+0000] {dagbag.py:588} INFO - Filling up the DagBag from /home/airflow/.local/lib/python3.12/site-packages/airflow/example_dags/tutorial_taskflow_api.py
[2025-03-19T13:13:57.283+0000] {processor.py:925} INFO - DAG(s) 'tutorial_taskflow_api' retrieved from /home/airflow/.local/lib/python3.12/site-packages/airflow/example_dags/tutorial_taskflow_api.py
[2025-03-19T13:13:57.321+0000] {logging_mixin.py:190} INFO - [2025-03-19T13:13:57.320+0000] {dag.py:3239} INFO - Sync 1 DAGs
[2025-03-19T13:13:57.352+0000] {logging_mixin.py:190} INFO - [2025-03-19T13:13:57.351+0000] {dag.py:4180} INFO - Setting next_dagrun for tutorial_taskflow_api to None, run_after=None
[2025-03-19T13:13:57.401+0000] {processor.py:208} INFO - Processing /home/airflow/.local/lib/python3.12/site-packages/airflow/example_dags/tutorial_taskflow_api.py took 0.145 seconds
[2025-03-19T13:14:27.874+0000] {processor.py:186} INFO - Started process (PID=51844) to work on /home/airflow/.local/lib/python3.12/site-packages/airflow/example_dags/tutorial_taskflow_api.py
[2025-03-19T13:14:27.876+0000] {processor.py:914} INFO - Processing file /home/airflow/.local/lib/python3.12/site-packages/airflow/example_dags/tutorial_taskflow_api.py for tasks to queue
[2025-03-19T13:14:27.879+0000] {logging_mixin.py:190} INFO - [2025-03-19T13:14:27.878+0000] {dagbag.py:588} INFO - Filling up the DagBag from /home/airflow/.local/lib/python3.12/site-packages/airflow/example_dags/tutorial_taskflow_api.py
[2025-03-19T13:14:27.895+0000] {processor.py:925} INFO - DAG(s) 'tutorial_taskflow_api' retrieved from /home/airflow/.local/lib/python3.12/site-packages/airflow/example_dags/tutorial_taskflow_api.py
[2025-03-19T13:14:27.930+0000] {logging_mixin.py:190} INFO - [2025-03-19T13:14:27.930+0000] {dag.py:3239} INFO - Sync 1 DAGs
[2025-03-19T13:14:27.964+0000] {logging_mixin.py:190} INFO - [2025-03-19T13:14:27.964+0000] {dag.py:4180} INFO - Setting next_dagrun for tutorial_taskflow_api to None, run_after=None
[2025-03-19T13:14:28.008+0000] {processor.py:208} INFO - Processing /home/airflow/.local/lib/python3.12/site-packages/airflow/example_dags/tutorial_taskflow_api.py took 0.150 seconds
[2025-03-19T13:14:58.422+0000] {processor.py:186} INFO - Started process (PID=51909) to work on /home/airflow/.local/lib/python3.12/site-packages/airflow/example_dags/tutorial_taskflow_api.py
[2025-03-19T13:14:58.424+0000] {processor.py:914} INFO - Processing file /home/airflow/.local/lib/python3.12/site-packages/airflow/example_dags/tutorial_taskflow_api.py for tasks to queue
[2025-03-19T13:14:58.427+0000] {logging_mixin.py:190} INFO - [2025-03-19T13:14:58.426+0000] {dagbag.py:588} INFO - Filling up the DagBag from /home/airflow/.local/lib/python3.12/site-packages/airflow/example_dags/tutorial_taskflow_api.py
[2025-03-19T13:14:58.442+0000] {processor.py:925} INFO - DAG(s) 'tutorial_taskflow_api' retrieved from /home/airflow/.local/lib/python3.12/site-packages/airflow/example_dags/tutorial_taskflow_api.py
[2025-03-19T13:14:58.482+0000] {logging_mixin.py:190} INFO - [2025-03-19T13:14:58.482+0000] {dag.py:3239} INFO - Sync 1 DAGs
[2025-03-19T13:14:58.512+0000] {logging_mixin.py:190} INFO - [2025-03-19T13:14:58.512+0000] {dag.py:4180} INFO - Setting next_dagrun for tutorial_taskflow_api to None, run_after=None
[2025-03-19T13:14:58.549+0000] {processor.py:208} INFO - Processing /home/airflow/.local/lib/python3.12/site-packages/airflow/example_dags/tutorial_taskflow_api.py took 0.136 seconds
[2025-03-19T13:15:29.024+0000] {processor.py:186} INFO - Started process (PID=51974) to work on /home/airflow/.local/lib/python3.12/site-packages/airflow/example_dags/tutorial_taskflow_api.py
[2025-03-19T13:15:29.026+0000] {processor.py:914} INFO - Processing file /home/airflow/.local/lib/python3.12/site-packages/airflow/example_dags/tutorial_taskflow_api.py for tasks to queue
[2025-03-19T13:15:29.028+0000] {logging_mixin.py:190} INFO - [2025-03-19T13:15:29.028+0000] {dagbag.py:588} INFO - Filling up the DagBag from /home/airflow/.local/lib/python3.12/site-packages/airflow/example_dags/tutorial_taskflow_api.py
[2025-03-19T13:15:29.043+0000] {processor.py:925} INFO - DAG(s) 'tutorial_taskflow_api' retrieved from /home/airflow/.local/lib/python3.12/site-packages/airflow/example_dags/tutorial_taskflow_api.py
[2025-03-19T13:15:29.077+0000] {logging_mixin.py:190} INFO - [2025-03-19T13:15:29.077+0000] {dag.py:3239} INFO - Sync 1 DAGs
[2025-03-19T13:15:29.111+0000] {logging_mixin.py:190} INFO - [2025-03-19T13:15:29.110+0000] {dag.py:4180} INFO - Setting next_dagrun for tutorial_taskflow_api to None, run_after=None
[2025-03-19T13:15:29.167+0000] {processor.py:208} INFO - Processing /home/airflow/.local/lib/python3.12/site-packages/airflow/example_dags/tutorial_taskflow_api.py took 0.153 seconds
[2025-03-19T13:16:00.055+0000] {processor.py:186} INFO - Started process (PID=52039) to work on /home/airflow/.local/lib/python3.12/site-packages/airflow/example_dags/tutorial_taskflow_api.py
[2025-03-19T13:16:00.057+0000] {processor.py:914} INFO - Processing file /home/airflow/.local/lib/python3.12/site-packages/airflow/example_dags/tutorial_taskflow_api.py for tasks to queue
[2025-03-19T13:16:00.059+0000] {logging_mixin.py:190} INFO - [2025-03-19T13:16:00.059+0000] {dagbag.py:588} INFO - Filling up the DagBag from /home/airflow/.local/lib/python3.12/site-packages/airflow/example_dags/tutorial_taskflow_api.py
[2025-03-19T13:16:00.074+0000] {processor.py:925} INFO - DAG(s) 'tutorial_taskflow_api' retrieved from /home/airflow/.local/lib/python3.12/site-packages/airflow/example_dags/tutorial_taskflow_api.py
[2025-03-19T13:16:00.113+0000] {logging_mixin.py:190} INFO - [2025-03-19T13:16:00.112+0000] {dag.py:3239} INFO - Sync 1 DAGs
[2025-03-19T13:16:00.148+0000] {logging_mixin.py:190} INFO - [2025-03-19T13:16:00.147+0000] {dag.py:4180} INFO - Setting next_dagrun for tutorial_taskflow_api to None, run_after=None
[2025-03-19T13:16:00.192+0000] {processor.py:208} INFO - Processing /home/airflow/.local/lib/python3.12/site-packages/airflow/example_dags/tutorial_taskflow_api.py took 0.148 seconds
[2025-03-19T13:16:31.156+0000] {processor.py:186} INFO - Started process (PID=52104) to work on /home/airflow/.local/lib/python3.12/site-packages/airflow/example_dags/tutorial_taskflow_api.py
[2025-03-19T13:16:31.158+0000] {processor.py:914} INFO - Processing file /home/airflow/.local/lib/python3.12/site-packages/airflow/example_dags/tutorial_taskflow_api.py for tasks to queue
[2025-03-19T13:16:31.168+0000] {logging_mixin.py:190} INFO - [2025-03-19T13:16:31.163+0000] {dagbag.py:588} INFO - Filling up the DagBag from /home/airflow/.local/lib/python3.12/site-packages/airflow/example_dags/tutorial_taskflow_api.py
[2025-03-19T13:16:31.214+0000] {processor.py:925} INFO - DAG(s) 'tutorial_taskflow_api' retrieved from /home/airflow/.local/lib/python3.12/site-packages/airflow/example_dags/tutorial_taskflow_api.py
[2025-03-19T13:16:31.301+0000] {logging_mixin.py:190} INFO - [2025-03-19T13:16:31.300+0000] {dag.py:3239} INFO - Sync 1 DAGs
[2025-03-19T13:16:31.413+0000] {logging_mixin.py:190} INFO - [2025-03-19T13:16:31.412+0000] {dag.py:4180} INFO - Setting next_dagrun for tutorial_taskflow_api to None, run_after=None
[2025-03-19T13:16:31.494+0000] {processor.py:208} INFO - Processing /home/airflow/.local/lib/python3.12/site-packages/airflow/example_dags/tutorial_taskflow_api.py took 0.362 seconds
[2025-03-19T18:29:01.704+0000] {processor.py:186} INFO - Started process (PID=52169) to work on /home/airflow/.local/lib/python3.12/site-packages/airflow/example_dags/tutorial_taskflow_api.py
[2025-03-19T18:29:01.754+0000] {processor.py:914} INFO - Processing file /home/airflow/.local/lib/python3.12/site-packages/airflow/example_dags/tutorial_taskflow_api.py for tasks to queue
[2025-03-19T18:29:01.790+0000] {logging_mixin.py:190} INFO - [2025-03-19T18:29:01.789+0000] {dagbag.py:588} INFO - Filling up the DagBag from /home/airflow/.local/lib/python3.12/site-packages/airflow/example_dags/tutorial_taskflow_api.py
[2025-03-19T18:29:01.827+0000] {processor.py:925} INFO - DAG(s) 'tutorial_taskflow_api' retrieved from /home/airflow/.local/lib/python3.12/site-packages/airflow/example_dags/tutorial_taskflow_api.py
[2025-03-19T18:29:01.915+0000] {logging_mixin.py:190} INFO - [2025-03-19T18:29:01.915+0000] {dag.py:3239} INFO - Sync 1 DAGs
[2025-03-19T18:29:02.020+0000] {logging_mixin.py:190} INFO - [2025-03-19T18:29:02.009+0000] {dag.py:4180} INFO - Setting next_dagrun for tutorial_taskflow_api to None, run_after=None
[2025-03-19T18:29:02.150+0000] {processor.py:208} INFO - Processing /home/airflow/.local/lib/python3.12/site-packages/airflow/example_dags/tutorial_taskflow_api.py took 0.461 seconds
