[2025-03-19T13:11:29.930+0000] {processor.py:186} INFO - Started process (PID=51465) to work on /home/airflow/.local/lib/python3.12/site-packages/airflow/example_dags/tutorial_dag.py
[2025-03-19T13:11:29.934+0000] {processor.py:914} INFO - Processing file /home/airflow/.local/lib/python3.12/site-packages/airflow/example_dags/tutorial_dag.py for tasks to queue
[2025-03-19T13:11:29.938+0000] {logging_mixin.py:190} INFO - [2025-03-19T13:11:29.937+0000] {dagbag.py:588} INFO - Filling up the DagBag from /home/airflow/.local/lib/python3.12/site-packages/airflow/example_dags/tutorial_dag.py
[2025-03-19T13:11:29.970+0000] {processor.py:925} INFO - DAG(s) 'tutorial_dag' retrieved from /home/airflow/.local/lib/python3.12/site-packages/airflow/example_dags/tutorial_dag.py
[2025-03-19T13:11:30.087+0000] {logging_mixin.py:190} INFO - [2025-03-19T13:11:30.076+0000] {dag.py:3239} INFO - Sync 1 DAGs
[2025-03-19T13:11:30.199+0000] {logging_mixin.py:190} INFO - [2025-03-19T13:11:30.194+0000] {dag.py:4180} INFO - Setting next_dagrun for tutorial_dag to None, run_after=None
[2025-03-19T13:11:30.345+0000] {processor.py:208} INFO - Processing /home/airflow/.local/lib/python3.12/site-packages/airflow/example_dags/tutorial_dag.py took 0.449 seconds
[2025-03-19T13:12:00.633+0000] {processor.py:186} INFO - Started process (PID=51528) to work on /home/airflow/.local/lib/python3.12/site-packages/airflow/example_dags/tutorial_dag.py
[2025-03-19T13:12:00.636+0000] {processor.py:914} INFO - Processing file /home/airflow/.local/lib/python3.12/site-packages/airflow/example_dags/tutorial_dag.py for tasks to queue
[2025-03-19T13:12:00.638+0000] {logging_mixin.py:190} INFO - [2025-03-19T13:12:00.637+0000] {dagbag.py:588} INFO - Filling up the DagBag from /home/airflow/.local/lib/python3.12/site-packages/airflow/example_dags/tutorial_dag.py
[2025-03-19T13:12:00.650+0000] {processor.py:925} INFO - DAG(s) 'tutorial_dag' retrieved from /home/airflow/.local/lib/python3.12/site-packages/airflow/example_dags/tutorial_dag.py
[2025-03-19T13:12:00.680+0000] {logging_mixin.py:190} INFO - [2025-03-19T13:12:00.680+0000] {dag.py:3239} INFO - Sync 1 DAGs
[2025-03-19T13:12:00.709+0000] {logging_mixin.py:190} INFO - [2025-03-19T13:12:00.709+0000] {dag.py:4180} INFO - Setting next_dagrun for tutorial_dag to None, run_after=None
[2025-03-19T13:12:00.752+0000] {processor.py:208} INFO - Processing /home/airflow/.local/lib/python3.12/site-packages/airflow/example_dags/tutorial_dag.py took 0.129 seconds
[2025-03-19T13:12:30.834+0000] {processor.py:186} INFO - Started process (PID=51599) to work on /home/airflow/.local/lib/python3.12/site-packages/airflow/example_dags/tutorial_dag.py
[2025-03-19T13:12:30.836+0000] {processor.py:914} INFO - Processing file /home/airflow/.local/lib/python3.12/site-packages/airflow/example_dags/tutorial_dag.py for tasks to queue
[2025-03-19T13:12:30.840+0000] {logging_mixin.py:190} INFO - [2025-03-19T13:12:30.839+0000] {dagbag.py:588} INFO - Filling up the DagBag from /home/airflow/.local/lib/python3.12/site-packages/airflow/example_dags/tutorial_dag.py
[2025-03-19T13:12:30.855+0000] {processor.py:925} INFO - DAG(s) 'tutorial_dag' retrieved from /home/airflow/.local/lib/python3.12/site-packages/airflow/example_dags/tutorial_dag.py
[2025-03-19T13:12:30.891+0000] {logging_mixin.py:190} INFO - [2025-03-19T13:12:30.890+0000] {dag.py:3239} INFO - Sync 1 DAGs
[2025-03-19T13:12:30.945+0000] {logging_mixin.py:190} INFO - [2025-03-19T13:12:30.944+0000] {dag.py:4180} INFO - Setting next_dagrun for tutorial_dag to None, run_after=None
[2025-03-19T13:12:30.992+0000] {processor.py:208} INFO - Processing /home/airflow/.local/lib/python3.12/site-packages/airflow/example_dags/tutorial_dag.py took 0.167 seconds
[2025-03-19T13:13:01.271+0000] {processor.py:186} INFO - Started process (PID=51662) to work on /home/airflow/.local/lib/python3.12/site-packages/airflow/example_dags/tutorial_dag.py
[2025-03-19T13:13:01.273+0000] {processor.py:914} INFO - Processing file /home/airflow/.local/lib/python3.12/site-packages/airflow/example_dags/tutorial_dag.py for tasks to queue
[2025-03-19T13:13:01.276+0000] {logging_mixin.py:190} INFO - [2025-03-19T13:13:01.275+0000] {dagbag.py:588} INFO - Filling up the DagBag from /home/airflow/.local/lib/python3.12/site-packages/airflow/example_dags/tutorial_dag.py
[2025-03-19T13:13:01.297+0000] {processor.py:925} INFO - DAG(s) 'tutorial_dag' retrieved from /home/airflow/.local/lib/python3.12/site-packages/airflow/example_dags/tutorial_dag.py
[2025-03-19T13:13:01.343+0000] {logging_mixin.py:190} INFO - [2025-03-19T13:13:01.342+0000] {dag.py:3239} INFO - Sync 1 DAGs
[2025-03-19T13:13:01.379+0000] {logging_mixin.py:190} INFO - [2025-03-19T13:13:01.378+0000] {dag.py:4180} INFO - Setting next_dagrun for tutorial_dag to None, run_after=None
[2025-03-19T13:13:01.426+0000] {processor.py:208} INFO - Processing /home/airflow/.local/lib/python3.12/site-packages/airflow/example_dags/tutorial_dag.py took 0.173 seconds
[2025-03-19T13:13:34.447+0000] {processor.py:186} INFO - Started process (PID=51728) to work on /home/airflow/.local/lib/python3.12/site-packages/airflow/example_dags/tutorial_dag.py
[2025-03-19T13:13:34.458+0000] {processor.py:914} INFO - Processing file /home/airflow/.local/lib/python3.12/site-packages/airflow/example_dags/tutorial_dag.py for tasks to queue
[2025-03-19T13:13:34.466+0000] {logging_mixin.py:190} INFO - [2025-03-19T13:13:34.465+0000] {dagbag.py:588} INFO - Filling up the DagBag from /home/airflow/.local/lib/python3.12/site-packages/airflow/example_dags/tutorial_dag.py
[2025-03-19T13:13:34.524+0000] {processor.py:925} INFO - DAG(s) 'tutorial_dag' retrieved from /home/airflow/.local/lib/python3.12/site-packages/airflow/example_dags/tutorial_dag.py
[2025-03-19T13:13:34.668+0000] {logging_mixin.py:190} INFO - [2025-03-19T13:13:34.668+0000] {dag.py:3239} INFO - Sync 1 DAGs
[2025-03-19T13:13:34.783+0000] {logging_mixin.py:190} INFO - [2025-03-19T13:13:34.782+0000] {dag.py:4180} INFO - Setting next_dagrun for tutorial_dag to None, run_after=None
[2025-03-19T13:13:34.922+0000] {processor.py:208} INFO - Processing /home/airflow/.local/lib/python3.12/site-packages/airflow/example_dags/tutorial_dag.py took 0.503 seconds
[2025-03-19T13:14:06.666+0000] {processor.py:186} INFO - Started process (PID=51793) to work on /home/airflow/.local/lib/python3.12/site-packages/airflow/example_dags/tutorial_dag.py
[2025-03-19T13:14:06.668+0000] {processor.py:914} INFO - Processing file /home/airflow/.local/lib/python3.12/site-packages/airflow/example_dags/tutorial_dag.py for tasks to queue
[2025-03-19T13:14:06.673+0000] {logging_mixin.py:190} INFO - [2025-03-19T13:14:06.672+0000] {dagbag.py:588} INFO - Filling up the DagBag from /home/airflow/.local/lib/python3.12/site-packages/airflow/example_dags/tutorial_dag.py
[2025-03-19T13:14:06.709+0000] {processor.py:925} INFO - DAG(s) 'tutorial_dag' retrieved from /home/airflow/.local/lib/python3.12/site-packages/airflow/example_dags/tutorial_dag.py
[2025-03-19T13:14:06.791+0000] {logging_mixin.py:190} INFO - [2025-03-19T13:14:06.790+0000] {dag.py:3239} INFO - Sync 1 DAGs
[2025-03-19T13:14:06.868+0000] {logging_mixin.py:190} INFO - [2025-03-19T13:14:06.868+0000] {dag.py:4180} INFO - Setting next_dagrun for tutorial_dag to None, run_after=None
[2025-03-19T13:14:06.960+0000] {processor.py:208} INFO - Processing /home/airflow/.local/lib/python3.12/site-packages/airflow/example_dags/tutorial_dag.py took 0.312 seconds
[2025-03-19T13:14:37.573+0000] {processor.py:186} INFO - Started process (PID=51858) to work on /home/airflow/.local/lib/python3.12/site-packages/airflow/example_dags/tutorial_dag.py
[2025-03-19T13:14:37.575+0000] {processor.py:914} INFO - Processing file /home/airflow/.local/lib/python3.12/site-packages/airflow/example_dags/tutorial_dag.py for tasks to queue
[2025-03-19T13:14:37.578+0000] {logging_mixin.py:190} INFO - [2025-03-19T13:14:37.577+0000] {dagbag.py:588} INFO - Filling up the DagBag from /home/airflow/.local/lib/python3.12/site-packages/airflow/example_dags/tutorial_dag.py
[2025-03-19T13:14:37.592+0000] {processor.py:925} INFO - DAG(s) 'tutorial_dag' retrieved from /home/airflow/.local/lib/python3.12/site-packages/airflow/example_dags/tutorial_dag.py
[2025-03-19T13:14:37.628+0000] {logging_mixin.py:190} INFO - [2025-03-19T13:14:37.628+0000] {dag.py:3239} INFO - Sync 1 DAGs
[2025-03-19T13:14:37.655+0000] {logging_mixin.py:190} INFO - [2025-03-19T13:14:37.655+0000] {dag.py:4180} INFO - Setting next_dagrun for tutorial_dag to None, run_after=None
[2025-03-19T13:14:37.705+0000] {processor.py:208} INFO - Processing /home/airflow/.local/lib/python3.12/site-packages/airflow/example_dags/tutorial_dag.py took 0.142 seconds
[2025-03-19T13:15:07.881+0000] {processor.py:186} INFO - Started process (PID=51922) to work on /home/airflow/.local/lib/python3.12/site-packages/airflow/example_dags/tutorial_dag.py
[2025-03-19T13:15:07.883+0000] {processor.py:914} INFO - Processing file /home/airflow/.local/lib/python3.12/site-packages/airflow/example_dags/tutorial_dag.py for tasks to queue
[2025-03-19T13:15:07.885+0000] {logging_mixin.py:190} INFO - [2025-03-19T13:15:07.885+0000] {dagbag.py:588} INFO - Filling up the DagBag from /home/airflow/.local/lib/python3.12/site-packages/airflow/example_dags/tutorial_dag.py
[2025-03-19T13:15:07.901+0000] {processor.py:925} INFO - DAG(s) 'tutorial_dag' retrieved from /home/airflow/.local/lib/python3.12/site-packages/airflow/example_dags/tutorial_dag.py
[2025-03-19T13:15:07.936+0000] {logging_mixin.py:190} INFO - [2025-03-19T13:15:07.935+0000] {dag.py:3239} INFO - Sync 1 DAGs
[2025-03-19T13:15:07.961+0000] {logging_mixin.py:190} INFO - [2025-03-19T13:15:07.961+0000] {dag.py:4180} INFO - Setting next_dagrun for tutorial_dag to None, run_after=None
[2025-03-19T13:15:08.012+0000] {processor.py:208} INFO - Processing /home/airflow/.local/lib/python3.12/site-packages/airflow/example_dags/tutorial_dag.py took 0.145 seconds
[2025-03-19T13:15:39.379+0000] {processor.py:186} INFO - Started process (PID=51987) to work on /home/airflow/.local/lib/python3.12/site-packages/airflow/example_dags/tutorial_dag.py
[2025-03-19T13:15:39.381+0000] {processor.py:914} INFO - Processing file /home/airflow/.local/lib/python3.12/site-packages/airflow/example_dags/tutorial_dag.py for tasks to queue
[2025-03-19T13:15:39.384+0000] {logging_mixin.py:190} INFO - [2025-03-19T13:15:39.383+0000] {dagbag.py:588} INFO - Filling up the DagBag from /home/airflow/.local/lib/python3.12/site-packages/airflow/example_dags/tutorial_dag.py
[2025-03-19T13:15:39.407+0000] {processor.py:925} INFO - DAG(s) 'tutorial_dag' retrieved from /home/airflow/.local/lib/python3.12/site-packages/airflow/example_dags/tutorial_dag.py
[2025-03-19T13:15:39.483+0000] {logging_mixin.py:190} INFO - [2025-03-19T13:15:39.482+0000] {dag.py:3239} INFO - Sync 1 DAGs
[2025-03-19T13:15:39.521+0000] {logging_mixin.py:190} INFO - [2025-03-19T13:15:39.521+0000] {dag.py:4180} INFO - Setting next_dagrun for tutorial_dag to None, run_after=None
[2025-03-19T13:15:39.571+0000] {processor.py:208} INFO - Processing /home/airflow/.local/lib/python3.12/site-packages/airflow/example_dags/tutorial_dag.py took 0.203 seconds
[2025-03-19T13:16:09.773+0000] {processor.py:186} INFO - Started process (PID=52052) to work on /home/airflow/.local/lib/python3.12/site-packages/airflow/example_dags/tutorial_dag.py
[2025-03-19T13:16:09.776+0000] {processor.py:914} INFO - Processing file /home/airflow/.local/lib/python3.12/site-packages/airflow/example_dags/tutorial_dag.py for tasks to queue
[2025-03-19T13:16:09.781+0000] {logging_mixin.py:190} INFO - [2025-03-19T13:16:09.779+0000] {dagbag.py:588} INFO - Filling up the DagBag from /home/airflow/.local/lib/python3.12/site-packages/airflow/example_dags/tutorial_dag.py
[2025-03-19T13:16:09.805+0000] {processor.py:925} INFO - DAG(s) 'tutorial_dag' retrieved from /home/airflow/.local/lib/python3.12/site-packages/airflow/example_dags/tutorial_dag.py
[2025-03-19T13:16:09.862+0000] {logging_mixin.py:190} INFO - [2025-03-19T13:16:09.862+0000] {dag.py:3239} INFO - Sync 1 DAGs
[2025-03-19T13:16:09.933+0000] {logging_mixin.py:190} INFO - [2025-03-19T13:16:09.932+0000] {dag.py:4180} INFO - Setting next_dagrun for tutorial_dag to None, run_after=None
[2025-03-19T13:16:10.058+0000] {processor.py:208} INFO - Processing /home/airflow/.local/lib/python3.12/site-packages/airflow/example_dags/tutorial_dag.py took 0.303 seconds
[2025-03-19T13:16:40.294+0000] {processor.py:186} INFO - Started process (PID=52116) to work on /home/airflow/.local/lib/python3.12/site-packages/airflow/example_dags/tutorial_dag.py
[2025-03-19T13:16:40.296+0000] {processor.py:914} INFO - Processing file /home/airflow/.local/lib/python3.12/site-packages/airflow/example_dags/tutorial_dag.py for tasks to queue
[2025-03-19T13:16:40.299+0000] {logging_mixin.py:190} INFO - [2025-03-19T13:16:40.298+0000] {dagbag.py:588} INFO - Filling up the DagBag from /home/airflow/.local/lib/python3.12/site-packages/airflow/example_dags/tutorial_dag.py
[2025-03-19T13:16:40.312+0000] {processor.py:925} INFO - DAG(s) 'tutorial_dag' retrieved from /home/airflow/.local/lib/python3.12/site-packages/airflow/example_dags/tutorial_dag.py
[2025-03-19T13:16:40.375+0000] {logging_mixin.py:190} INFO - [2025-03-19T13:16:40.375+0000] {dag.py:3239} INFO - Sync 1 DAGs
[2025-03-19T13:16:40.418+0000] {logging_mixin.py:190} INFO - [2025-03-19T13:16:40.418+0000] {dag.py:4180} INFO - Setting next_dagrun for tutorial_dag to None, run_after=None
[2025-03-19T13:16:40.464+0000] {processor.py:208} INFO - Processing /home/airflow/.local/lib/python3.12/site-packages/airflow/example_dags/tutorial_dag.py took 0.182 seconds
[2025-03-19T18:29:02.947+0000] {processor.py:186} INFO - Started process (PID=52172) to work on /home/airflow/.local/lib/python3.12/site-packages/airflow/example_dags/tutorial_dag.py
[2025-03-19T18:29:02.966+0000] {processor.py:914} INFO - Processing file /home/airflow/.local/lib/python3.12/site-packages/airflow/example_dags/tutorial_dag.py for tasks to queue
[2025-03-19T18:29:02.978+0000] {logging_mixin.py:190} INFO - [2025-03-19T18:29:02.976+0000] {dagbag.py:588} INFO - Filling up the DagBag from /home/airflow/.local/lib/python3.12/site-packages/airflow/example_dags/tutorial_dag.py
[2025-03-19T18:29:03.029+0000] {processor.py:925} INFO - DAG(s) 'tutorial_dag' retrieved from /home/airflow/.local/lib/python3.12/site-packages/airflow/example_dags/tutorial_dag.py
[2025-03-19T18:29:03.127+0000] {logging_mixin.py:190} INFO - [2025-03-19T18:29:03.126+0000] {dag.py:3239} INFO - Sync 1 DAGs
[2025-03-19T18:29:03.238+0000] {logging_mixin.py:190} INFO - [2025-03-19T18:29:03.238+0000] {dag.py:4180} INFO - Setting next_dagrun for tutorial_dag to None, run_after=None
[2025-03-19T18:29:03.374+0000] {processor.py:208} INFO - Processing /home/airflow/.local/lib/python3.12/site-packages/airflow/example_dags/tutorial_dag.py took 0.453 seconds
