[2025-03-19T13:11:32.924+0000] {processor.py:186} INFO - Started process (PID=51471) to work on /home/airflow/.local/lib/python3.12/site-packages/airflow/example_dags/tutorial_objectstorage.py
[2025-03-19T13:11:32.938+0000] {processor.py:914} INFO - Processing file /home/airflow/.local/lib/python3.12/site-packages/airflow/example_dags/tutorial_objectstorage.py for tasks to queue
[2025-03-19T13:11:32.942+0000] {logging_mixin.py:190} INFO - [2025-03-19T13:11:32.942+0000] {dagbag.py:588} INFO - Filling up the DagBag from /home/airflow/.local/lib/python3.12/site-packages/airflow/example_dags/tutorial_objectstorage.py
[2025-03-19T13:11:33.039+0000] {processor.py:925} INFO - DAG(s) 'tutorial_objectstorage' retrieved from /home/airflow/.local/lib/python3.12/site-packages/airflow/example_dags/tutorial_objectstorage.py
[2025-03-19T13:11:33.188+0000] {logging_mixin.py:190} INFO - [2025-03-19T13:11:33.188+0000] {dag.py:3239} INFO - Sync 1 DAGs
[2025-03-19T13:11:33.310+0000] {logging_mixin.py:190} INFO - [2025-03-19T13:11:33.310+0000] {dag.py:4180} INFO - Setting next_dagrun for tutorial_objectstorage to None, run_after=None
[2025-03-19T13:11:33.438+0000] {processor.py:208} INFO - Processing /home/airflow/.local/lib/python3.12/site-packages/airflow/example_dags/tutorial_objectstorage.py took 0.561 seconds
[2025-03-19T13:12:03.683+0000] {processor.py:186} INFO - Started process (PID=51536) to work on /home/airflow/.local/lib/python3.12/site-packages/airflow/example_dags/tutorial_objectstorage.py
[2025-03-19T13:12:03.684+0000] {processor.py:914} INFO - Processing file /home/airflow/.local/lib/python3.12/site-packages/airflow/example_dags/tutorial_objectstorage.py for tasks to queue
[2025-03-19T13:12:03.687+0000] {logging_mixin.py:190} INFO - [2025-03-19T13:12:03.686+0000] {dagbag.py:588} INFO - Filling up the DagBag from /home/airflow/.local/lib/python3.12/site-packages/airflow/example_dags/tutorial_objectstorage.py
[2025-03-19T13:12:03.704+0000] {processor.py:925} INFO - DAG(s) 'tutorial_objectstorage' retrieved from /home/airflow/.local/lib/python3.12/site-packages/airflow/example_dags/tutorial_objectstorage.py
[2025-03-19T13:12:03.735+0000] {logging_mixin.py:190} INFO - [2025-03-19T13:12:03.734+0000] {dag.py:3239} INFO - Sync 1 DAGs
[2025-03-19T13:12:03.759+0000] {logging_mixin.py:190} INFO - [2025-03-19T13:12:03.758+0000] {dag.py:4180} INFO - Setting next_dagrun for tutorial_objectstorage to None, run_after=None
[2025-03-19T13:12:03.801+0000] {processor.py:208} INFO - Processing /home/airflow/.local/lib/python3.12/site-packages/airflow/example_dags/tutorial_objectstorage.py took 0.127 seconds
[2025-03-19T13:12:34.102+0000] {processor.py:186} INFO - Started process (PID=51607) to work on /home/airflow/.local/lib/python3.12/site-packages/airflow/example_dags/tutorial_objectstorage.py
[2025-03-19T13:12:34.105+0000] {processor.py:914} INFO - Processing file /home/airflow/.local/lib/python3.12/site-packages/airflow/example_dags/tutorial_objectstorage.py for tasks to queue
[2025-03-19T13:12:34.108+0000] {logging_mixin.py:190} INFO - [2025-03-19T13:12:34.108+0000] {dagbag.py:588} INFO - Filling up the DagBag from /home/airflow/.local/lib/python3.12/site-packages/airflow/example_dags/tutorial_objectstorage.py
[2025-03-19T13:12:34.127+0000] {processor.py:925} INFO - DAG(s) 'tutorial_objectstorage' retrieved from /home/airflow/.local/lib/python3.12/site-packages/airflow/example_dags/tutorial_objectstorage.py
[2025-03-19T13:12:34.174+0000] {logging_mixin.py:190} INFO - [2025-03-19T13:12:34.174+0000] {dag.py:3239} INFO - Sync 1 DAGs
[2025-03-19T13:12:34.208+0000] {logging_mixin.py:190} INFO - [2025-03-19T13:12:34.207+0000] {dag.py:4180} INFO - Setting next_dagrun for tutorial_objectstorage to None, run_after=None
[2025-03-19T13:12:34.259+0000] {processor.py:208} INFO - Processing /home/airflow/.local/lib/python3.12/site-packages/airflow/example_dags/tutorial_objectstorage.py took 0.169 seconds
[2025-03-19T13:13:05.001+0000] {processor.py:186} INFO - Started process (PID=51672) to work on /home/airflow/.local/lib/python3.12/site-packages/airflow/example_dags/tutorial_objectstorage.py
[2025-03-19T13:13:05.003+0000] {processor.py:914} INFO - Processing file /home/airflow/.local/lib/python3.12/site-packages/airflow/example_dags/tutorial_objectstorage.py for tasks to queue
[2025-03-19T13:13:05.007+0000] {logging_mixin.py:190} INFO - [2025-03-19T13:13:05.006+0000] {dagbag.py:588} INFO - Filling up the DagBag from /home/airflow/.local/lib/python3.12/site-packages/airflow/example_dags/tutorial_objectstorage.py
[2025-03-19T13:13:05.029+0000] {processor.py:925} INFO - DAG(s) 'tutorial_objectstorage' retrieved from /home/airflow/.local/lib/python3.12/site-packages/airflow/example_dags/tutorial_objectstorage.py
[2025-03-19T13:13:05.070+0000] {logging_mixin.py:190} INFO - [2025-03-19T13:13:05.069+0000] {dag.py:3239} INFO - Sync 1 DAGs
[2025-03-19T13:13:05.103+0000] {logging_mixin.py:190} INFO - [2025-03-19T13:13:05.102+0000] {dag.py:4180} INFO - Setting next_dagrun for tutorial_objectstorage to None, run_after=None
[2025-03-19T13:13:05.158+0000] {processor.py:208} INFO - Processing /home/airflow/.local/lib/python3.12/site-packages/airflow/example_dags/tutorial_objectstorage.py took 0.166 seconds
[2025-03-19T13:13:38.187+0000] {processor.py:186} INFO - Started process (PID=51737) to work on /home/airflow/.local/lib/python3.12/site-packages/airflow/example_dags/tutorial_objectstorage.py
[2025-03-19T13:13:38.190+0000] {processor.py:914} INFO - Processing file /home/airflow/.local/lib/python3.12/site-packages/airflow/example_dags/tutorial_objectstorage.py for tasks to queue
[2025-03-19T13:13:38.194+0000] {logging_mixin.py:190} INFO - [2025-03-19T13:13:38.192+0000] {dagbag.py:588} INFO - Filling up the DagBag from /home/airflow/.local/lib/python3.12/site-packages/airflow/example_dags/tutorial_objectstorage.py
[2025-03-19T13:13:38.221+0000] {processor.py:925} INFO - DAG(s) 'tutorial_objectstorage' retrieved from /home/airflow/.local/lib/python3.12/site-packages/airflow/example_dags/tutorial_objectstorage.py
[2025-03-19T13:13:38.294+0000] {logging_mixin.py:190} INFO - [2025-03-19T13:13:38.293+0000] {dag.py:3239} INFO - Sync 1 DAGs
[2025-03-19T13:13:38.352+0000] {logging_mixin.py:190} INFO - [2025-03-19T13:13:38.348+0000] {dag.py:4180} INFO - Setting next_dagrun for tutorial_objectstorage to None, run_after=None
[2025-03-19T13:13:38.435+0000] {processor.py:208} INFO - Processing /home/airflow/.local/lib/python3.12/site-packages/airflow/example_dags/tutorial_objectstorage.py took 0.281 seconds
[2025-03-19T13:14:08.906+0000] {processor.py:186} INFO - Started process (PID=51800) to work on /home/airflow/.local/lib/python3.12/site-packages/airflow/example_dags/tutorial_objectstorage.py
[2025-03-19T13:14:08.908+0000] {processor.py:914} INFO - Processing file /home/airflow/.local/lib/python3.12/site-packages/airflow/example_dags/tutorial_objectstorage.py for tasks to queue
[2025-03-19T13:14:08.911+0000] {logging_mixin.py:190} INFO - [2025-03-19T13:14:08.910+0000] {dagbag.py:588} INFO - Filling up the DagBag from /home/airflow/.local/lib/python3.12/site-packages/airflow/example_dags/tutorial_objectstorage.py
[2025-03-19T13:14:08.933+0000] {processor.py:925} INFO - DAG(s) 'tutorial_objectstorage' retrieved from /home/airflow/.local/lib/python3.12/site-packages/airflow/example_dags/tutorial_objectstorage.py
[2025-03-19T13:14:08.985+0000] {logging_mixin.py:190} INFO - [2025-03-19T13:14:08.984+0000] {dag.py:3239} INFO - Sync 1 DAGs
[2025-03-19T13:14:09.018+0000] {logging_mixin.py:190} INFO - [2025-03-19T13:14:09.018+0000] {dag.py:4180} INFO - Setting next_dagrun for tutorial_objectstorage to None, run_after=None
[2025-03-19T13:14:09.076+0000] {processor.py:208} INFO - Processing /home/airflow/.local/lib/python3.12/site-packages/airflow/example_dags/tutorial_objectstorage.py took 0.179 seconds
[2025-03-19T13:14:39.624+0000] {processor.py:186} INFO - Started process (PID=51865) to work on /home/airflow/.local/lib/python3.12/site-packages/airflow/example_dags/tutorial_objectstorage.py
[2025-03-19T13:14:39.625+0000] {processor.py:914} INFO - Processing file /home/airflow/.local/lib/python3.12/site-packages/airflow/example_dags/tutorial_objectstorage.py for tasks to queue
[2025-03-19T13:14:39.628+0000] {logging_mixin.py:190} INFO - [2025-03-19T13:14:39.627+0000] {dagbag.py:588} INFO - Filling up the DagBag from /home/airflow/.local/lib/python3.12/site-packages/airflow/example_dags/tutorial_objectstorage.py
[2025-03-19T13:14:39.645+0000] {processor.py:925} INFO - DAG(s) 'tutorial_objectstorage' retrieved from /home/airflow/.local/lib/python3.12/site-packages/airflow/example_dags/tutorial_objectstorage.py
[2025-03-19T13:14:39.675+0000] {logging_mixin.py:190} INFO - [2025-03-19T13:14:39.675+0000] {dag.py:3239} INFO - Sync 1 DAGs
[2025-03-19T13:14:39.699+0000] {logging_mixin.py:190} INFO - [2025-03-19T13:14:39.699+0000] {dag.py:4180} INFO - Setting next_dagrun for tutorial_objectstorage to None, run_after=None
[2025-03-19T13:14:39.747+0000] {processor.py:208} INFO - Processing /home/airflow/.local/lib/python3.12/site-packages/airflow/example_dags/tutorial_objectstorage.py took 0.132 seconds
[2025-03-19T13:15:10.301+0000] {processor.py:186} INFO - Started process (PID=51930) to work on /home/airflow/.local/lib/python3.12/site-packages/airflow/example_dags/tutorial_objectstorage.py
[2025-03-19T13:15:10.303+0000] {processor.py:914} INFO - Processing file /home/airflow/.local/lib/python3.12/site-packages/airflow/example_dags/tutorial_objectstorage.py for tasks to queue
[2025-03-19T13:15:10.306+0000] {logging_mixin.py:190} INFO - [2025-03-19T13:15:10.305+0000] {dagbag.py:588} INFO - Filling up the DagBag from /home/airflow/.local/lib/python3.12/site-packages/airflow/example_dags/tutorial_objectstorage.py
[2025-03-19T13:15:10.327+0000] {processor.py:925} INFO - DAG(s) 'tutorial_objectstorage' retrieved from /home/airflow/.local/lib/python3.12/site-packages/airflow/example_dags/tutorial_objectstorage.py
[2025-03-19T13:15:10.360+0000] {logging_mixin.py:190} INFO - [2025-03-19T13:15:10.359+0000] {dag.py:3239} INFO - Sync 1 DAGs
[2025-03-19T13:15:10.386+0000] {logging_mixin.py:190} INFO - [2025-03-19T13:15:10.385+0000] {dag.py:4180} INFO - Setting next_dagrun for tutorial_objectstorage to None, run_after=None
[2025-03-19T13:15:10.439+0000] {processor.py:208} INFO - Processing /home/airflow/.local/lib/python3.12/site-packages/airflow/example_dags/tutorial_objectstorage.py took 0.149 seconds
[2025-03-19T13:15:40.640+0000] {processor.py:186} INFO - Started process (PID=51994) to work on /home/airflow/.local/lib/python3.12/site-packages/airflow/example_dags/tutorial_objectstorage.py
[2025-03-19T13:15:40.642+0000] {processor.py:914} INFO - Processing file /home/airflow/.local/lib/python3.12/site-packages/airflow/example_dags/tutorial_objectstorage.py for tasks to queue
[2025-03-19T13:15:40.645+0000] {logging_mixin.py:190} INFO - [2025-03-19T13:15:40.644+0000] {dagbag.py:588} INFO - Filling up the DagBag from /home/airflow/.local/lib/python3.12/site-packages/airflow/example_dags/tutorial_objectstorage.py
[2025-03-19T13:15:40.665+0000] {processor.py:925} INFO - DAG(s) 'tutorial_objectstorage' retrieved from /home/airflow/.local/lib/python3.12/site-packages/airflow/example_dags/tutorial_objectstorage.py
[2025-03-19T13:15:40.706+0000] {logging_mixin.py:190} INFO - [2025-03-19T13:15:40.706+0000] {dag.py:3239} INFO - Sync 1 DAGs
[2025-03-19T13:15:40.738+0000] {logging_mixin.py:190} INFO - [2025-03-19T13:15:40.737+0000] {dag.py:4180} INFO - Setting next_dagrun for tutorial_objectstorage to None, run_after=None
[2025-03-19T13:15:40.790+0000] {processor.py:208} INFO - Processing /home/airflow/.local/lib/python3.12/site-packages/airflow/example_dags/tutorial_objectstorage.py took 0.161 seconds
[2025-03-19T13:16:12.901+0000] {processor.py:186} INFO - Started process (PID=52060) to work on /home/airflow/.local/lib/python3.12/site-packages/airflow/example_dags/tutorial_objectstorage.py
[2025-03-19T13:16:12.903+0000] {processor.py:914} INFO - Processing file /home/airflow/.local/lib/python3.12/site-packages/airflow/example_dags/tutorial_objectstorage.py for tasks to queue
[2025-03-19T13:16:12.910+0000] {logging_mixin.py:190} INFO - [2025-03-19T13:16:12.909+0000] {dagbag.py:588} INFO - Filling up the DagBag from /home/airflow/.local/lib/python3.12/site-packages/airflow/example_dags/tutorial_objectstorage.py
[2025-03-19T13:16:12.946+0000] {processor.py:925} INFO - DAG(s) 'tutorial_objectstorage' retrieved from /home/airflow/.local/lib/python3.12/site-packages/airflow/example_dags/tutorial_objectstorage.py
[2025-03-19T13:16:13.013+0000] {logging_mixin.py:190} INFO - [2025-03-19T13:16:13.012+0000] {dag.py:3239} INFO - Sync 1 DAGs
[2025-03-19T13:16:13.088+0000] {logging_mixin.py:190} INFO - [2025-03-19T13:16:13.087+0000] {dag.py:4180} INFO - Setting next_dagrun for tutorial_objectstorage to None, run_after=None
[2025-03-19T13:16:13.163+0000] {processor.py:208} INFO - Processing /home/airflow/.local/lib/python3.12/site-packages/airflow/example_dags/tutorial_objectstorage.py took 0.281 seconds
[2025-03-19T13:16:44.163+0000] {processor.py:186} INFO - Started process (PID=52124) to work on /home/airflow/.local/lib/python3.12/site-packages/airflow/example_dags/tutorial_objectstorage.py
[2025-03-19T13:16:44.166+0000] {processor.py:914} INFO - Processing file /home/airflow/.local/lib/python3.12/site-packages/airflow/example_dags/tutorial_objectstorage.py for tasks to queue
[2025-03-19T13:16:44.170+0000] {logging_mixin.py:190} INFO - [2025-03-19T13:16:44.169+0000] {dagbag.py:588} INFO - Filling up the DagBag from /home/airflow/.local/lib/python3.12/site-packages/airflow/example_dags/tutorial_objectstorage.py
[2025-03-19T13:16:44.190+0000] {processor.py:925} INFO - DAG(s) 'tutorial_objectstorage' retrieved from /home/airflow/.local/lib/python3.12/site-packages/airflow/example_dags/tutorial_objectstorage.py
[2025-03-19T13:16:44.241+0000] {logging_mixin.py:190} INFO - [2025-03-19T13:16:44.240+0000] {dag.py:3239} INFO - Sync 1 DAGs
[2025-03-19T13:16:44.282+0000] {logging_mixin.py:190} INFO - [2025-03-19T13:16:44.282+0000] {dag.py:4180} INFO - Setting next_dagrun for tutorial_objectstorage to None, run_after=None
[2025-03-19T13:16:44.355+0000] {processor.py:208} INFO - Processing /home/airflow/.local/lib/python3.12/site-packages/airflow/example_dags/tutorial_objectstorage.py took 0.208 seconds
[2025-03-19T18:29:05.557+0000] {processor.py:186} INFO - Started process (PID=52178) to work on /home/airflow/.local/lib/python3.12/site-packages/airflow/example_dags/tutorial_objectstorage.py
[2025-03-19T18:29:05.563+0000] {processor.py:914} INFO - Processing file /home/airflow/.local/lib/python3.12/site-packages/airflow/example_dags/tutorial_objectstorage.py for tasks to queue
[2025-03-19T18:29:05.568+0000] {logging_mixin.py:190} INFO - [2025-03-19T18:29:05.567+0000] {dagbag.py:588} INFO - Filling up the DagBag from /home/airflow/.local/lib/python3.12/site-packages/airflow/example_dags/tutorial_objectstorage.py
[2025-03-19T18:29:05.622+0000] {processor.py:925} INFO - DAG(s) 'tutorial_objectstorage' retrieved from /home/airflow/.local/lib/python3.12/site-packages/airflow/example_dags/tutorial_objectstorage.py
[2025-03-19T18:29:05.729+0000] {logging_mixin.py:190} INFO - [2025-03-19T18:29:05.728+0000] {dag.py:3239} INFO - Sync 1 DAGs
[2025-03-19T18:29:05.811+0000] {logging_mixin.py:190} INFO - [2025-03-19T18:29:05.810+0000] {dag.py:4180} INFO - Setting next_dagrun for tutorial_objectstorage to None, run_after=None
[2025-03-19T18:29:05.932+0000] {processor.py:208} INFO - Processing /home/airflow/.local/lib/python3.12/site-packages/airflow/example_dags/tutorial_objectstorage.py took 0.392 seconds
