[2025-03-19T13:11:26.820+0000] {processor.py:186} INFO - Started process (PID=51457) to work on /home/airflow/.local/lib/python3.12/site-packages/airflow/example_dags/tutorial_taskflow_templates.py
[2025-03-19T13:11:26.837+0000] {processor.py:914} INFO - Processing file /home/airflow/.local/lib/python3.12/site-packages/airflow/example_dags/tutorial_taskflow_templates.py for tasks to queue
[2025-03-19T13:11:26.853+0000] {logging_mixin.py:190} INFO - [2025-03-19T13:11:26.850+0000] {dagbag.py:588} INFO - Filling up the DagBag from /home/airflow/.local/lib/python3.12/site-packages/airflow/example_dags/tutorial_taskflow_templates.py
[2025-03-19T13:11:26.975+0000] {processor.py:925} INFO - DAG(s) 'tutorial_taskflow_templates' retrieved from /home/airflow/.local/lib/python3.12/site-packages/airflow/example_dags/tutorial_taskflow_templates.py
[2025-03-19T13:11:27.128+0000] {logging_mixin.py:190} INFO - [2025-03-19T13:11:27.117+0000] {dag.py:3239} INFO - Sync 1 DAGs
[2025-03-19T13:11:27.356+0000] {logging_mixin.py:190} INFO - [2025-03-19T13:11:27.355+0000] {dag.py:4180} INFO - Setting next_dagrun for tutorial_taskflow_templates to 2025-03-18 00:00:00+00:00, run_after=2025-03-19 00:00:00+00:00
[2025-03-19T13:11:27.517+0000] {processor.py:208} INFO - Processing /home/airflow/.local/lib/python3.12/site-packages/airflow/example_dags/tutorial_taskflow_templates.py took 0.723 seconds
[2025-03-19T13:11:57.643+0000] {processor.py:186} INFO - Started process (PID=51520) to work on /home/airflow/.local/lib/python3.12/site-packages/airflow/example_dags/tutorial_taskflow_templates.py
[2025-03-19T13:11:57.645+0000] {processor.py:914} INFO - Processing file /home/airflow/.local/lib/python3.12/site-packages/airflow/example_dags/tutorial_taskflow_templates.py for tasks to queue
[2025-03-19T13:11:57.648+0000] {logging_mixin.py:190} INFO - [2025-03-19T13:11:57.647+0000] {dagbag.py:588} INFO - Filling up the DagBag from /home/airflow/.local/lib/python3.12/site-packages/airflow/example_dags/tutorial_taskflow_templates.py
[2025-03-19T13:11:57.677+0000] {processor.py:925} INFO - DAG(s) 'tutorial_taskflow_templates' retrieved from /home/airflow/.local/lib/python3.12/site-packages/airflow/example_dags/tutorial_taskflow_templates.py
[2025-03-19T13:11:57.715+0000] {logging_mixin.py:190} INFO - [2025-03-19T13:11:57.715+0000] {dag.py:3239} INFO - Sync 1 DAGs
[2025-03-19T13:11:57.768+0000] {logging_mixin.py:190} INFO - [2025-03-19T13:11:57.767+0000] {dag.py:4180} INFO - Setting next_dagrun for tutorial_taskflow_templates to 2025-03-18 00:00:00+00:00, run_after=2025-03-19 00:00:00+00:00
[2025-03-19T13:11:57.807+0000] {processor.py:208} INFO - Processing /home/airflow/.local/lib/python3.12/site-packages/airflow/example_dags/tutorial_taskflow_templates.py took 0.175 seconds
[2025-03-19T13:12:28.198+0000] {processor.py:186} INFO - Started process (PID=51591) to work on /home/airflow/.local/lib/python3.12/site-packages/airflow/example_dags/tutorial_taskflow_templates.py
[2025-03-19T13:12:28.200+0000] {processor.py:914} INFO - Processing file /home/airflow/.local/lib/python3.12/site-packages/airflow/example_dags/tutorial_taskflow_templates.py for tasks to queue
[2025-03-19T13:12:28.203+0000] {logging_mixin.py:190} INFO - [2025-03-19T13:12:28.202+0000] {dagbag.py:588} INFO - Filling up the DagBag from /home/airflow/.local/lib/python3.12/site-packages/airflow/example_dags/tutorial_taskflow_templates.py
[2025-03-19T13:12:28.263+0000] {processor.py:925} INFO - DAG(s) 'tutorial_taskflow_templates' retrieved from /home/airflow/.local/lib/python3.12/site-packages/airflow/example_dags/tutorial_taskflow_templates.py
[2025-03-19T13:12:28.297+0000] {logging_mixin.py:190} INFO - [2025-03-19T13:12:28.297+0000] {dag.py:3239} INFO - Sync 1 DAGs
[2025-03-19T13:12:28.348+0000] {logging_mixin.py:190} INFO - [2025-03-19T13:12:28.348+0000] {dag.py:4180} INFO - Setting next_dagrun for tutorial_taskflow_templates to 2025-03-18 00:00:00+00:00, run_after=2025-03-19 00:00:00+00:00
[2025-03-19T13:12:28.388+0000] {processor.py:208} INFO - Processing /home/airflow/.local/lib/python3.12/site-packages/airflow/example_dags/tutorial_taskflow_templates.py took 0.209 seconds
[2025-03-19T13:12:59.080+0000] {processor.py:186} INFO - Started process (PID=51656) to work on /home/airflow/.local/lib/python3.12/site-packages/airflow/example_dags/tutorial_taskflow_templates.py
[2025-03-19T13:12:59.085+0000] {processor.py:914} INFO - Processing file /home/airflow/.local/lib/python3.12/site-packages/airflow/example_dags/tutorial_taskflow_templates.py for tasks to queue
[2025-03-19T13:12:59.088+0000] {logging_mixin.py:190} INFO - [2025-03-19T13:12:59.087+0000] {dagbag.py:588} INFO - Filling up the DagBag from /home/airflow/.local/lib/python3.12/site-packages/airflow/example_dags/tutorial_taskflow_templates.py
[2025-03-19T13:12:59.118+0000] {processor.py:925} INFO - DAG(s) 'tutorial_taskflow_templates' retrieved from /home/airflow/.local/lib/python3.12/site-packages/airflow/example_dags/tutorial_taskflow_templates.py
[2025-03-19T13:12:59.171+0000] {logging_mixin.py:190} INFO - [2025-03-19T13:12:59.170+0000] {dag.py:3239} INFO - Sync 1 DAGs
[2025-03-19T13:12:59.233+0000] {logging_mixin.py:190} INFO - [2025-03-19T13:12:59.233+0000] {dag.py:4180} INFO - Setting next_dagrun for tutorial_taskflow_templates to 2025-03-18 00:00:00+00:00, run_after=2025-03-19 00:00:00+00:00
[2025-03-19T13:12:59.292+0000] {processor.py:208} INFO - Processing /home/airflow/.local/lib/python3.12/site-packages/airflow/example_dags/tutorial_taskflow_templates.py took 0.225 seconds
[2025-03-19T13:13:29.908+0000] {processor.py:186} INFO - Started process (PID=51720) to work on /home/airflow/.local/lib/python3.12/site-packages/airflow/example_dags/tutorial_taskflow_templates.py
[2025-03-19T13:13:29.939+0000] {processor.py:914} INFO - Processing file /home/airflow/.local/lib/python3.12/site-packages/airflow/example_dags/tutorial_taskflow_templates.py for tasks to queue
[2025-03-19T13:13:29.955+0000] {logging_mixin.py:190} INFO - [2025-03-19T13:13:29.954+0000] {dagbag.py:588} INFO - Filling up the DagBag from /home/airflow/.local/lib/python3.12/site-packages/airflow/example_dags/tutorial_taskflow_templates.py
[2025-03-19T13:13:30.059+0000] {processor.py:925} INFO - DAG(s) 'tutorial_taskflow_templates' retrieved from /home/airflow/.local/lib/python3.12/site-packages/airflow/example_dags/tutorial_taskflow_templates.py
[2025-03-19T13:13:30.183+0000] {logging_mixin.py:190} INFO - [2025-03-19T13:13:30.182+0000] {dag.py:3239} INFO - Sync 1 DAGs
[2025-03-19T13:13:30.480+0000] {logging_mixin.py:190} INFO - [2025-03-19T13:13:30.479+0000] {dag.py:4180} INFO - Setting next_dagrun for tutorial_taskflow_templates to 2025-03-18 00:00:00+00:00, run_after=2025-03-19 00:00:00+00:00
[2025-03-19T13:13:30.620+0000] {processor.py:208} INFO - Processing /home/airflow/.local/lib/python3.12/site-packages/airflow/example_dags/tutorial_taskflow_templates.py took 0.744 seconds
[2025-03-19T13:14:00.767+0000] {processor.py:186} INFO - Started process (PID=51784) to work on /home/airflow/.local/lib/python3.12/site-packages/airflow/example_dags/tutorial_taskflow_templates.py
[2025-03-19T13:14:00.770+0000] {processor.py:914} INFO - Processing file /home/airflow/.local/lib/python3.12/site-packages/airflow/example_dags/tutorial_taskflow_templates.py for tasks to queue
[2025-03-19T13:14:00.773+0000] {logging_mixin.py:190} INFO - [2025-03-19T13:14:00.772+0000] {dagbag.py:588} INFO - Filling up the DagBag from /home/airflow/.local/lib/python3.12/site-packages/airflow/example_dags/tutorial_taskflow_templates.py
[2025-03-19T13:14:00.800+0000] {processor.py:925} INFO - DAG(s) 'tutorial_taskflow_templates' retrieved from /home/airflow/.local/lib/python3.12/site-packages/airflow/example_dags/tutorial_taskflow_templates.py
[2025-03-19T13:14:00.841+0000] {logging_mixin.py:190} INFO - [2025-03-19T13:14:00.840+0000] {dag.py:3239} INFO - Sync 1 DAGs
[2025-03-19T13:14:00.896+0000] {logging_mixin.py:190} INFO - [2025-03-19T13:14:00.895+0000] {dag.py:4180} INFO - Setting next_dagrun for tutorial_taskflow_templates to 2025-03-18 00:00:00+00:00, run_after=2025-03-19 00:00:00+00:00
[2025-03-19T13:14:00.939+0000] {processor.py:208} INFO - Processing /home/airflow/.local/lib/python3.12/site-packages/airflow/example_dags/tutorial_taskflow_templates.py took 0.182 seconds
[2025-03-19T13:14:31.569+0000] {processor.py:186} INFO - Started process (PID=51849) to work on /home/airflow/.local/lib/python3.12/site-packages/airflow/example_dags/tutorial_taskflow_templates.py
[2025-03-19T13:14:31.570+0000] {processor.py:914} INFO - Processing file /home/airflow/.local/lib/python3.12/site-packages/airflow/example_dags/tutorial_taskflow_templates.py for tasks to queue
[2025-03-19T13:14:31.575+0000] {logging_mixin.py:190} INFO - [2025-03-19T13:14:31.574+0000] {dagbag.py:588} INFO - Filling up the DagBag from /home/airflow/.local/lib/python3.12/site-packages/airflow/example_dags/tutorial_taskflow_templates.py
[2025-03-19T13:14:31.606+0000] {processor.py:925} INFO - DAG(s) 'tutorial_taskflow_templates' retrieved from /home/airflow/.local/lib/python3.12/site-packages/airflow/example_dags/tutorial_taskflow_templates.py
[2025-03-19T13:14:31.655+0000] {logging_mixin.py:190} INFO - [2025-03-19T13:14:31.654+0000] {dag.py:3239} INFO - Sync 1 DAGs
[2025-03-19T13:14:31.734+0000] {logging_mixin.py:190} INFO - [2025-03-19T13:14:31.734+0000] {dag.py:4180} INFO - Setting next_dagrun for tutorial_taskflow_templates to 2025-03-18 00:00:00+00:00, run_after=2025-03-19 00:00:00+00:00
[2025-03-19T13:14:31.775+0000] {processor.py:208} INFO - Processing /home/airflow/.local/lib/python3.12/site-packages/airflow/example_dags/tutorial_taskflow_templates.py took 0.221 seconds
[2025-03-19T13:15:01.878+0000] {processor.py:186} INFO - Started process (PID=51914) to work on /home/airflow/.local/lib/python3.12/site-packages/airflow/example_dags/tutorial_taskflow_templates.py
[2025-03-19T13:15:01.880+0000] {processor.py:914} INFO - Processing file /home/airflow/.local/lib/python3.12/site-packages/airflow/example_dags/tutorial_taskflow_templates.py for tasks to queue
[2025-03-19T13:15:01.883+0000] {logging_mixin.py:190} INFO - [2025-03-19T13:15:01.882+0000] {dagbag.py:588} INFO - Filling up the DagBag from /home/airflow/.local/lib/python3.12/site-packages/airflow/example_dags/tutorial_taskflow_templates.py
[2025-03-19T13:15:01.904+0000] {processor.py:925} INFO - DAG(s) 'tutorial_taskflow_templates' retrieved from /home/airflow/.local/lib/python3.12/site-packages/airflow/example_dags/tutorial_taskflow_templates.py
[2025-03-19T13:15:01.938+0000] {logging_mixin.py:190} INFO - [2025-03-19T13:15:01.937+0000] {dag.py:3239} INFO - Sync 1 DAGs
[2025-03-19T13:15:01.979+0000] {logging_mixin.py:190} INFO - [2025-03-19T13:15:01.978+0000] {dag.py:4180} INFO - Setting next_dagrun for tutorial_taskflow_templates to 2025-03-18 00:00:00+00:00, run_after=2025-03-19 00:00:00+00:00
[2025-03-19T13:15:02.029+0000] {processor.py:208} INFO - Processing /home/airflow/.local/lib/python3.12/site-packages/airflow/example_dags/tutorial_taskflow_templates.py took 0.162 seconds
[2025-03-19T13:15:32.550+0000] {processor.py:186} INFO - Started process (PID=51979) to work on /home/airflow/.local/lib/python3.12/site-packages/airflow/example_dags/tutorial_taskflow_templates.py
[2025-03-19T13:15:32.552+0000] {processor.py:914} INFO - Processing file /home/airflow/.local/lib/python3.12/site-packages/airflow/example_dags/tutorial_taskflow_templates.py for tasks to queue
[2025-03-19T13:15:32.555+0000] {logging_mixin.py:190} INFO - [2025-03-19T13:15:32.554+0000] {dagbag.py:588} INFO - Filling up the DagBag from /home/airflow/.local/lib/python3.12/site-packages/airflow/example_dags/tutorial_taskflow_templates.py
[2025-03-19T13:15:32.574+0000] {processor.py:925} INFO - DAG(s) 'tutorial_taskflow_templates' retrieved from /home/airflow/.local/lib/python3.12/site-packages/airflow/example_dags/tutorial_taskflow_templates.py
[2025-03-19T13:15:32.609+0000] {logging_mixin.py:190} INFO - [2025-03-19T13:15:32.609+0000] {dag.py:3239} INFO - Sync 1 DAGs
[2025-03-19T13:15:32.648+0000] {logging_mixin.py:190} INFO - [2025-03-19T13:15:32.648+0000] {dag.py:4180} INFO - Setting next_dagrun for tutorial_taskflow_templates to 2025-03-18 00:00:00+00:00, run_after=2025-03-19 00:00:00+00:00
[2025-03-19T13:15:32.695+0000] {processor.py:208} INFO - Processing /home/airflow/.local/lib/python3.12/site-packages/airflow/example_dags/tutorial_taskflow_templates.py took 0.153 seconds
[2025-03-19T13:16:03.003+0000] {processor.py:186} INFO - Started process (PID=52045) to work on /home/airflow/.local/lib/python3.12/site-packages/airflow/example_dags/tutorial_taskflow_templates.py
[2025-03-19T13:16:03.005+0000] {processor.py:914} INFO - Processing file /home/airflow/.local/lib/python3.12/site-packages/airflow/example_dags/tutorial_taskflow_templates.py for tasks to queue
[2025-03-19T13:16:03.008+0000] {logging_mixin.py:190} INFO - [2025-03-19T13:16:03.007+0000] {dagbag.py:588} INFO - Filling up the DagBag from /home/airflow/.local/lib/python3.12/site-packages/airflow/example_dags/tutorial_taskflow_templates.py
[2025-03-19T13:16:03.036+0000] {processor.py:925} INFO - DAG(s) 'tutorial_taskflow_templates' retrieved from /home/airflow/.local/lib/python3.12/site-packages/airflow/example_dags/tutorial_taskflow_templates.py
[2025-03-19T13:16:03.071+0000] {logging_mixin.py:190} INFO - [2025-03-19T13:16:03.070+0000] {dag.py:3239} INFO - Sync 1 DAGs
[2025-03-19T13:16:03.116+0000] {logging_mixin.py:190} INFO - [2025-03-19T13:16:03.116+0000] {dag.py:4180} INFO - Setting next_dagrun for tutorial_taskflow_templates to 2025-03-18 00:00:00+00:00, run_after=2025-03-19 00:00:00+00:00
[2025-03-19T13:16:03.165+0000] {processor.py:208} INFO - Processing /home/airflow/.local/lib/python3.12/site-packages/airflow/example_dags/tutorial_taskflow_templates.py took 0.174 seconds
[2025-03-19T13:16:34.215+0000] {processor.py:186} INFO - Started process (PID=52110) to work on /home/airflow/.local/lib/python3.12/site-packages/airflow/example_dags/tutorial_taskflow_templates.py
[2025-03-19T13:16:34.217+0000] {processor.py:914} INFO - Processing file /home/airflow/.local/lib/python3.12/site-packages/airflow/example_dags/tutorial_taskflow_templates.py for tasks to queue
[2025-03-19T13:16:34.221+0000] {logging_mixin.py:190} INFO - [2025-03-19T13:16:34.220+0000] {dagbag.py:588} INFO - Filling up the DagBag from /home/airflow/.local/lib/python3.12/site-packages/airflow/example_dags/tutorial_taskflow_templates.py
[2025-03-19T13:16:34.256+0000] {processor.py:925} INFO - DAG(s) 'tutorial_taskflow_templates' retrieved from /home/airflow/.local/lib/python3.12/site-packages/airflow/example_dags/tutorial_taskflow_templates.py
[2025-03-19T13:16:34.324+0000] {logging_mixin.py:190} INFO - [2025-03-19T13:16:34.323+0000] {dag.py:3239} INFO - Sync 1 DAGs
[2025-03-19T13:16:34.417+0000] {logging_mixin.py:190} INFO - [2025-03-19T13:16:34.417+0000] {dag.py:4180} INFO - Setting next_dagrun for tutorial_taskflow_templates to 2025-03-18 00:00:00+00:00, run_after=2025-03-19 00:00:00+00:00
[2025-03-19T13:16:34.506+0000] {processor.py:208} INFO - Processing /home/airflow/.local/lib/python3.12/site-packages/airflow/example_dags/tutorial_taskflow_templates.py took 0.305 seconds
