[2025-03-19T13:11:16.132+0000] {processor.py:186} INFO - Started process (PID=51441) to work on /home/airflow/.local/lib/python3.12/site-packages/airflow/example_dags/tutorial.py
[2025-03-19T13:11:16.134+0000] {processor.py:914} INFO - Processing file /home/airflow/.local/lib/python3.12/site-packages/airflow/example_dags/tutorial.py for tasks to queue
[2025-03-19T13:11:16.148+0000] {logging_mixin.py:190} INFO - [2025-03-19T13:11:16.138+0000] {dagbag.py:588} INFO - Filling up the DagBag from /home/airflow/.local/lib/python3.12/site-packages/airflow/example_dags/tutorial.py
[2025-03-19T13:11:16.214+0000] {processor.py:925} INFO - DAG(s) 'tutorial' retrieved from /home/airflow/.local/lib/python3.12/site-packages/airflow/example_dags/tutorial.py
[2025-03-19T13:11:16.321+0000] {logging_mixin.py:190} INFO - [2025-03-19T13:11:16.320+0000] {dag.py:3239} INFO - Sync 1 DAGs
[2025-03-19T13:11:16.460+0000] {logging_mixin.py:190} INFO - [2025-03-19T13:11:16.460+0000] {dag.py:4180} INFO - Setting next_dagrun for tutorial to 2025-03-18 00:00:00+00:00, run_after=2025-03-19 00:00:00+00:00
[2025-03-19T13:11:16.608+0000] {processor.py:208} INFO - Processing /home/airflow/.local/lib/python3.12/site-packages/airflow/example_dags/tutorial.py took 0.510 seconds
[2025-03-19T13:11:47.547+0000] {processor.py:186} INFO - Started process (PID=51506) to work on /home/airflow/.local/lib/python3.12/site-packages/airflow/example_dags/tutorial.py
[2025-03-19T13:11:47.550+0000] {processor.py:914} INFO - Processing file /home/airflow/.local/lib/python3.12/site-packages/airflow/example_dags/tutorial.py for tasks to queue
[2025-03-19T13:11:47.554+0000] {logging_mixin.py:190} INFO - [2025-03-19T13:11:47.553+0000] {dagbag.py:588} INFO - Filling up the DagBag from /home/airflow/.local/lib/python3.12/site-packages/airflow/example_dags/tutorial.py
[2025-03-19T13:11:47.574+0000] {processor.py:925} INFO - DAG(s) 'tutorial' retrieved from /home/airflow/.local/lib/python3.12/site-packages/airflow/example_dags/tutorial.py
[2025-03-19T13:11:47.615+0000] {logging_mixin.py:190} INFO - [2025-03-19T13:11:47.614+0000] {dag.py:3239} INFO - Sync 1 DAGs
[2025-03-19T13:11:47.672+0000] {logging_mixin.py:190} INFO - [2025-03-19T13:11:47.671+0000] {dag.py:4180} INFO - Setting next_dagrun for tutorial to 2025-03-18 00:00:00+00:00, run_after=2025-03-19 00:00:00+00:00
[2025-03-19T13:11:47.719+0000] {processor.py:208} INFO - Processing /home/airflow/.local/lib/python3.12/site-packages/airflow/example_dags/tutorial.py took 0.188 seconds
[2025-03-19T13:12:18.421+0000] {processor.py:186} INFO - Started process (PID=51577) to work on /home/airflow/.local/lib/python3.12/site-packages/airflow/example_dags/tutorial.py
[2025-03-19T13:12:18.423+0000] {processor.py:914} INFO - Processing file /home/airflow/.local/lib/python3.12/site-packages/airflow/example_dags/tutorial.py for tasks to queue
[2025-03-19T13:12:18.427+0000] {logging_mixin.py:190} INFO - [2025-03-19T13:12:18.426+0000] {dagbag.py:588} INFO - Filling up the DagBag from /home/airflow/.local/lib/python3.12/site-packages/airflow/example_dags/tutorial.py
[2025-03-19T13:12:18.445+0000] {processor.py:925} INFO - DAG(s) 'tutorial' retrieved from /home/airflow/.local/lib/python3.12/site-packages/airflow/example_dags/tutorial.py
[2025-03-19T13:12:18.488+0000] {logging_mixin.py:190} INFO - [2025-03-19T13:12:18.488+0000] {dag.py:3239} INFO - Sync 1 DAGs
[2025-03-19T13:12:18.541+0000] {logging_mixin.py:190} INFO - [2025-03-19T13:12:18.540+0000] {dag.py:4180} INFO - Setting next_dagrun for tutorial to 2025-03-18 00:00:00+00:00, run_after=2025-03-19 00:00:00+00:00
[2025-03-19T13:12:18.588+0000] {processor.py:208} INFO - Processing /home/airflow/.local/lib/python3.12/site-packages/airflow/example_dags/tutorial.py took 0.181 seconds
[2025-03-19T13:12:49.688+0000] {processor.py:186} INFO - Started process (PID=51641) to work on /home/airflow/.local/lib/python3.12/site-packages/airflow/example_dags/tutorial.py
[2025-03-19T13:12:49.690+0000] {processor.py:914} INFO - Processing file /home/airflow/.local/lib/python3.12/site-packages/airflow/example_dags/tutorial.py for tasks to queue
[2025-03-19T13:12:49.694+0000] {logging_mixin.py:190} INFO - [2025-03-19T13:12:49.693+0000] {dagbag.py:588} INFO - Filling up the DagBag from /home/airflow/.local/lib/python3.12/site-packages/airflow/example_dags/tutorial.py
[2025-03-19T13:12:49.714+0000] {processor.py:925} INFO - DAG(s) 'tutorial' retrieved from /home/airflow/.local/lib/python3.12/site-packages/airflow/example_dags/tutorial.py
[2025-03-19T13:12:49.762+0000] {logging_mixin.py:190} INFO - [2025-03-19T13:12:49.761+0000] {dag.py:3239} INFO - Sync 1 DAGs
[2025-03-19T13:12:49.831+0000] {logging_mixin.py:190} INFO - [2025-03-19T13:12:49.830+0000] {dag.py:4180} INFO - Setting next_dagrun for tutorial to 2025-03-18 00:00:00+00:00, run_after=2025-03-19 00:00:00+00:00
[2025-03-19T13:12:49.880+0000] {processor.py:208} INFO - Processing /home/airflow/.local/lib/python3.12/site-packages/airflow/example_dags/tutorial.py took 0.205 seconds
[2025-03-19T13:13:20.742+0000] {processor.py:186} INFO - Started process (PID=51706) to work on /home/airflow/.local/lib/python3.12/site-packages/airflow/example_dags/tutorial.py
[2025-03-19T13:13:20.744+0000] {processor.py:914} INFO - Processing file /home/airflow/.local/lib/python3.12/site-packages/airflow/example_dags/tutorial.py for tasks to queue
[2025-03-19T13:13:20.746+0000] {logging_mixin.py:190} INFO - [2025-03-19T13:13:20.746+0000] {dagbag.py:588} INFO - Filling up the DagBag from /home/airflow/.local/lib/python3.12/site-packages/airflow/example_dags/tutorial.py
[2025-03-19T13:13:20.761+0000] {processor.py:925} INFO - DAG(s) 'tutorial' retrieved from /home/airflow/.local/lib/python3.12/site-packages/airflow/example_dags/tutorial.py
[2025-03-19T13:13:20.793+0000] {logging_mixin.py:190} INFO - [2025-03-19T13:13:20.792+0000] {dag.py:3239} INFO - Sync 1 DAGs
[2025-03-19T13:13:20.833+0000] {logging_mixin.py:190} INFO - [2025-03-19T13:13:20.833+0000] {dag.py:4180} INFO - Setting next_dagrun for tutorial to 2025-03-18 00:00:00+00:00, run_after=2025-03-19 00:00:00+00:00
[2025-03-19T13:13:20.879+0000] {processor.py:208} INFO - Processing /home/airflow/.local/lib/python3.12/site-packages/airflow/example_dags/tutorial.py took 0.146 seconds
[2025-03-19T13:13:51.856+0000] {processor.py:186} INFO - Started process (PID=51771) to work on /home/airflow/.local/lib/python3.12/site-packages/airflow/example_dags/tutorial.py
[2025-03-19T13:13:51.857+0000] {processor.py:914} INFO - Processing file /home/airflow/.local/lib/python3.12/site-packages/airflow/example_dags/tutorial.py for tasks to queue
[2025-03-19T13:13:51.860+0000] {logging_mixin.py:190} INFO - [2025-03-19T13:13:51.859+0000] {dagbag.py:588} INFO - Filling up the DagBag from /home/airflow/.local/lib/python3.12/site-packages/airflow/example_dags/tutorial.py
[2025-03-19T13:13:51.876+0000] {processor.py:925} INFO - DAG(s) 'tutorial' retrieved from /home/airflow/.local/lib/python3.12/site-packages/airflow/example_dags/tutorial.py
[2025-03-19T13:13:51.910+0000] {logging_mixin.py:190} INFO - [2025-03-19T13:13:51.909+0000] {dag.py:3239} INFO - Sync 1 DAGs
[2025-03-19T13:13:51.952+0000] {logging_mixin.py:190} INFO - [2025-03-19T13:13:51.952+0000] {dag.py:4180} INFO - Setting next_dagrun for tutorial to 2025-03-18 00:00:00+00:00, run_after=2025-03-19 00:00:00+00:00
[2025-03-19T13:13:51.996+0000] {processor.py:208} INFO - Processing /home/airflow/.local/lib/python3.12/site-packages/airflow/example_dags/tutorial.py took 0.150 seconds
[2025-03-19T13:14:22.676+0000] {processor.py:186} INFO - Started process (PID=51835) to work on /home/airflow/.local/lib/python3.12/site-packages/airflow/example_dags/tutorial.py
[2025-03-19T13:14:22.678+0000] {processor.py:914} INFO - Processing file /home/airflow/.local/lib/python3.12/site-packages/airflow/example_dags/tutorial.py for tasks to queue
[2025-03-19T13:14:22.681+0000] {logging_mixin.py:190} INFO - [2025-03-19T13:14:22.681+0000] {dagbag.py:588} INFO - Filling up the DagBag from /home/airflow/.local/lib/python3.12/site-packages/airflow/example_dags/tutorial.py
[2025-03-19T13:14:22.700+0000] {processor.py:925} INFO - DAG(s) 'tutorial' retrieved from /home/airflow/.local/lib/python3.12/site-packages/airflow/example_dags/tutorial.py
[2025-03-19T13:14:22.735+0000] {logging_mixin.py:190} INFO - [2025-03-19T13:14:22.735+0000] {dag.py:3239} INFO - Sync 1 DAGs
[2025-03-19T13:14:22.776+0000] {logging_mixin.py:190} INFO - [2025-03-19T13:14:22.776+0000] {dag.py:4180} INFO - Setting next_dagrun for tutorial to 2025-03-18 00:00:00+00:00, run_after=2025-03-19 00:00:00+00:00
[2025-03-19T13:14:22.827+0000] {processor.py:208} INFO - Processing /home/airflow/.local/lib/python3.12/site-packages/airflow/example_dags/tutorial.py took 0.160 seconds
[2025-03-19T13:14:53.058+0000] {processor.py:186} INFO - Started process (PID=51900) to work on /home/airflow/.local/lib/python3.12/site-packages/airflow/example_dags/tutorial.py
[2025-03-19T13:14:53.060+0000] {processor.py:914} INFO - Processing file /home/airflow/.local/lib/python3.12/site-packages/airflow/example_dags/tutorial.py for tasks to queue
[2025-03-19T13:14:53.063+0000] {logging_mixin.py:190} INFO - [2025-03-19T13:14:53.063+0000] {dagbag.py:588} INFO - Filling up the DagBag from /home/airflow/.local/lib/python3.12/site-packages/airflow/example_dags/tutorial.py
[2025-03-19T13:14:53.080+0000] {processor.py:925} INFO - DAG(s) 'tutorial' retrieved from /home/airflow/.local/lib/python3.12/site-packages/airflow/example_dags/tutorial.py
[2025-03-19T13:14:53.131+0000] {logging_mixin.py:190} INFO - [2025-03-19T13:14:53.130+0000] {dag.py:3239} INFO - Sync 1 DAGs
[2025-03-19T13:14:53.216+0000] {logging_mixin.py:190} INFO - [2025-03-19T13:14:53.216+0000] {dag.py:4180} INFO - Setting next_dagrun for tutorial to 2025-03-18 00:00:00+00:00, run_after=2025-03-19 00:00:00+00:00
[2025-03-19T13:14:53.278+0000] {processor.py:208} INFO - Processing /home/airflow/.local/lib/python3.12/site-packages/airflow/example_dags/tutorial.py took 0.232 seconds
[2025-03-19T13:15:23.485+0000] {processor.py:186} INFO - Started process (PID=51964) to work on /home/airflow/.local/lib/python3.12/site-packages/airflow/example_dags/tutorial.py
[2025-03-19T13:15:23.487+0000] {processor.py:914} INFO - Processing file /home/airflow/.local/lib/python3.12/site-packages/airflow/example_dags/tutorial.py for tasks to queue
[2025-03-19T13:15:23.489+0000] {logging_mixin.py:190} INFO - [2025-03-19T13:15:23.488+0000] {dagbag.py:588} INFO - Filling up the DagBag from /home/airflow/.local/lib/python3.12/site-packages/airflow/example_dags/tutorial.py
[2025-03-19T13:15:23.508+0000] {processor.py:925} INFO - DAG(s) 'tutorial' retrieved from /home/airflow/.local/lib/python3.12/site-packages/airflow/example_dags/tutorial.py
[2025-03-19T13:15:23.545+0000] {logging_mixin.py:190} INFO - [2025-03-19T13:15:23.544+0000] {dag.py:3239} INFO - Sync 1 DAGs
[2025-03-19T13:15:23.595+0000] {logging_mixin.py:190} INFO - [2025-03-19T13:15:23.595+0000] {dag.py:4180} INFO - Setting next_dagrun for tutorial to 2025-03-18 00:00:00+00:00, run_after=2025-03-19 00:00:00+00:00
[2025-03-19T13:15:23.640+0000] {processor.py:208} INFO - Processing /home/airflow/.local/lib/python3.12/site-packages/airflow/example_dags/tutorial.py took 0.164 seconds
[2025-03-19T13:15:53.815+0000] {processor.py:186} INFO - Started process (PID=52030) to work on /home/airflow/.local/lib/python3.12/site-packages/airflow/example_dags/tutorial.py
[2025-03-19T13:15:53.816+0000] {processor.py:914} INFO - Processing file /home/airflow/.local/lib/python3.12/site-packages/airflow/example_dags/tutorial.py for tasks to queue
[2025-03-19T13:15:53.819+0000] {logging_mixin.py:190} INFO - [2025-03-19T13:15:53.818+0000] {dagbag.py:588} INFO - Filling up the DagBag from /home/airflow/.local/lib/python3.12/site-packages/airflow/example_dags/tutorial.py
[2025-03-19T13:15:53.835+0000] {processor.py:925} INFO - DAG(s) 'tutorial' retrieved from /home/airflow/.local/lib/python3.12/site-packages/airflow/example_dags/tutorial.py
[2025-03-19T13:15:53.872+0000] {logging_mixin.py:190} INFO - [2025-03-19T13:15:53.871+0000] {dag.py:3239} INFO - Sync 1 DAGs
[2025-03-19T13:15:53.919+0000] {logging_mixin.py:190} INFO - [2025-03-19T13:15:53.918+0000] {dag.py:4180} INFO - Setting next_dagrun for tutorial to 2025-03-18 00:00:00+00:00, run_after=2025-03-19 00:00:00+00:00
[2025-03-19T13:15:53.961+0000] {processor.py:208} INFO - Processing /home/airflow/.local/lib/python3.12/site-packages/airflow/example_dags/tutorial.py took 0.156 seconds
[2025-03-19T13:16:24.164+0000] {processor.py:186} INFO - Started process (PID=52095) to work on /home/airflow/.local/lib/python3.12/site-packages/airflow/example_dags/tutorial.py
[2025-03-19T13:16:24.166+0000] {processor.py:914} INFO - Processing file /home/airflow/.local/lib/python3.12/site-packages/airflow/example_dags/tutorial.py for tasks to queue
[2025-03-19T13:16:24.169+0000] {logging_mixin.py:190} INFO - [2025-03-19T13:16:24.168+0000] {dagbag.py:588} INFO - Filling up the DagBag from /home/airflow/.local/lib/python3.12/site-packages/airflow/example_dags/tutorial.py
[2025-03-19T13:16:24.186+0000] {processor.py:925} INFO - DAG(s) 'tutorial' retrieved from /home/airflow/.local/lib/python3.12/site-packages/airflow/example_dags/tutorial.py
[2025-03-19T13:16:24.229+0000] {logging_mixin.py:190} INFO - [2025-03-19T13:16:24.228+0000] {dag.py:3239} INFO - Sync 1 DAGs
[2025-03-19T13:16:24.284+0000] {logging_mixin.py:190} INFO - [2025-03-19T13:16:24.284+0000] {dag.py:4180} INFO - Setting next_dagrun for tutorial to 2025-03-18 00:00:00+00:00, run_after=2025-03-19 00:00:00+00:00
[2025-03-19T13:16:24.333+0000] {processor.py:208} INFO - Processing /home/airflow/.local/lib/python3.12/site-packages/airflow/example_dags/tutorial.py took 0.179 seconds
[2025-03-19T13:16:54.977+0000] {processor.py:186} INFO - Started process (PID=52160) to work on /home/airflow/.local/lib/python3.12/site-packages/airflow/example_dags/tutorial.py
[2025-03-19T13:16:54.979+0000] {processor.py:914} INFO - Processing file /home/airflow/.local/lib/python3.12/site-packages/airflow/example_dags/tutorial.py for tasks to queue
[2025-03-19T13:16:54.982+0000] {logging_mixin.py:190} INFO - [2025-03-19T13:16:54.981+0000] {dagbag.py:588} INFO - Filling up the DagBag from /home/airflow/.local/lib/python3.12/site-packages/airflow/example_dags/tutorial.py
[2025-03-19T13:16:55.003+0000] {processor.py:925} INFO - DAG(s) 'tutorial' retrieved from /home/airflow/.local/lib/python3.12/site-packages/airflow/example_dags/tutorial.py
[2025-03-19T13:16:55.040+0000] {logging_mixin.py:190} INFO - [2025-03-19T13:16:55.040+0000] {dag.py:3239} INFO - Sync 1 DAGs
[2025-03-19T13:16:55.079+0000] {logging_mixin.py:190} INFO - [2025-03-19T13:16:55.078+0000] {dag.py:4180} INFO - Setting next_dagrun for tutorial to 2025-03-18 00:00:00+00:00, run_after=2025-03-19 00:00:00+00:00
[2025-03-19T13:16:55.118+0000] {processor.py:208} INFO - Processing /home/airflow/.local/lib/python3.12/site-packages/airflow/example_dags/tutorial.py took 0.155 seconds
