[2025-05-25T14:02:10.735+0000] {local_task_job_runner.py:123} INFO - ::group::Pre task execution logs
[2025-05-25T14:02:10.774+0000] {taskinstance.py:2614} INFO - Dependencies all met for dep_context=non-requeueable deps ti=<TaskInstance: main_dag.run_activesg_scrape manual__2025-05-25T14:02:03.128926+00:00 [queued]>
[2025-05-25T14:02:10.799+0000] {taskinstance.py:2614} INFO - Dependencies all met for dep_context=requeueable deps ti=<TaskInstance: main_dag.run_activesg_scrape manual__2025-05-25T14:02:03.128926+00:00 [queued]>
[2025-05-25T14:02:10.804+0000] {taskinstance.py:2867} INFO - Starting attempt 1 of 2
[2025-05-25T14:02:10.844+0000] {taskinstance.py:2890} INFO - Executing <Task(DockerOperator): run_activesg_scrape> on 2025-05-25 14:02:03.128926+00:00
[2025-05-25T14:02:10.862+0000] {warnings.py:112} WARNING - /home/***/.local/lib/python3.12/site-packages/***/task/task_runner/standard_task_runner.py:70: DeprecationWarning: This process (pid=108) is multi-threaded, use of fork() may lead to deadlocks in the child.
  pid = os.fork()

[2025-05-25T14:02:10.865+0000] {standard_task_runner.py:72} INFO - Started process 119 to run task
[2025-05-25T14:02:10.864+0000] {standard_task_runner.py:104} INFO - Running: ['***', 'tasks', 'run', 'main_dag', 'run_activesg_scrape', 'manual__2025-05-25T14:02:03.128926+00:00', '--job-id', '22', '--raw', '--subdir', 'DAGS_FOLDER/main.py', '--cfg-path', '/tmp/tmp5i0o3krc']
[2025-05-25T14:02:10.866+0000] {standard_task_runner.py:105} INFO - Job 22: Subtask run_activesg_scrape
[2025-05-25T14:02:10.951+0000] {task_command.py:467} INFO - Running <TaskInstance: main_dag.run_activesg_scrape manual__2025-05-25T14:02:03.128926+00:00 [running]> on host 3b72fe10554b
[2025-05-25T14:02:11.137+0000] {taskinstance.py:3134} INFO - Exporting env vars: AIRFLOW_CTX_DAG_EMAIL='***@example.com' AIRFLOW_CTX_DAG_OWNER='***' AIRFLOW_CTX_DAG_ID='main_dag' AIRFLOW_CTX_TASK_ID='run_activesg_scrape' AIRFLOW_CTX_EXECUTION_DATE='2025-05-25T14:02:03.128926+00:00' AIRFLOW_CTX_TRY_NUMBER='1' AIRFLOW_CTX_DAG_RUN_ID='manual__2025-05-25T14:02:03.128926+00:00'
[2025-05-25T14:02:11.139+0000] {logging_mixin.py:190} INFO - Task instance is in running state
[2025-05-25T14:02:11.141+0000] {logging_mixin.py:190} INFO -  Previous state of the Task instance: queued
[2025-05-25T14:02:11.143+0000] {logging_mixin.py:190} INFO - Current task name:run_activesg_scrape state:running start_date:2025-05-25 14:02:10.775682+00:00
[2025-05-25T14:02:11.144+0000] {logging_mixin.py:190} INFO - Dag name:main_dag and current dag run status:running
[2025-05-25T14:02:11.145+0000] {taskinstance.py:732} INFO - ::endgroup::
[2025-05-25T14:02:19.015+0000] {docker.py:157} ERROR - Failed to establish connection to Docker host tcp://docker-proxy:2375: Error while fetching server API version: HTTPConnectionPool(host='docker-proxy', port=2375): Max retries exceeded with url: /version (Caused by NameResolutionError("<urllib3.connection.HTTPConnection object at 0x7f4f2e5fcf80>: Failed to resolve 'docker-proxy' ([Errno -2] Name or service not known)"))
[2025-05-25T14:02:19.031+0000] {taskinstance.py:3313} ERROR - Task failed with exception
Traceback (most recent call last):
  File "/home/airflow/.local/lib/python3.12/site-packages/airflow/models/taskinstance.py", line 768, in _execute_task
    result = _execute_callable(context=context, **execute_callable_kwargs)
             ^^^^^^^^^^^^^^^^^^^^^^^^^^^^^^^^^^^^^^^^^^^^^^^^^^^^^^^^^^^^^
  File "/home/airflow/.local/lib/python3.12/site-packages/airflow/models/taskinstance.py", line 734, in _execute_callable
    return ExecutionCallableRunner(
           ^^^^^^^^^^^^^^^^^^^^^^^^
  File "/home/airflow/.local/lib/python3.12/site-packages/airflow/utils/operator_helpers.py", line 252, in run
    return self.func(*args, **kwargs)
           ^^^^^^^^^^^^^^^^^^^^^^^^^^
  File "/home/airflow/.local/lib/python3.12/site-packages/airflow/models/baseoperator.py", line 424, in wrapper
    return func(self, *args, **kwargs)
           ^^^^^^^^^^^^^^^^^^^^^^^^^^^
  File "/home/airflow/.local/lib/python3.12/site-packages/airflow/providers/docker/operators/docker.py", line 467, in execute
    if self.force_pull or not self.cli.images(name=self.image):
                              ^^^^^^^^
  File "/home/airflow/.local/lib/python3.12/site-packages/airflow/providers/docker/operators/docker.py", line 341, in cli
    return self.hook.api_client
           ^^^^^^^^^^^^^^^^^^^^
  File "/usr/local/lib/python3.12/functools.py", line 998, in __get__
    val = self.func(instance)
          ^^^^^^^^^^^^^^^^^^^
  File "/home/airflow/.local/lib/python3.12/site-packages/airflow/providers/docker/hooks/docker.py", line 161, in api_client
    raise AirflowException("Failed to establish connection to any given Docker hosts.")
airflow.exceptions.AirflowException: Failed to establish connection to any given Docker hosts.
[2025-05-25T14:02:19.046+0000] {logging_mixin.py:190} INFO - Task instance in failure state
[2025-05-25T14:02:19.047+0000] {logging_mixin.py:190} INFO - Task start:2025-05-25 14:02:10.775682+00:00 end:2025-05-25 14:02:19.045637+00:00 duration:8.269955
[2025-05-25T14:02:19.048+0000] {logging_mixin.py:190} INFO - Task:<Task(DockerOperator): run_activesg_scrape> dag:<DAG: main_dag> dagrun:<DagRun main_dag @ 2025-05-25 14:02:03.128926+00:00: manual__2025-05-25T14:02:03.128926+00:00, state:running, queued_at: 2025-05-25 14:02:03.194863+00:00. externally triggered: True>
[2025-05-25T14:02:19.049+0000] {logging_mixin.py:190} INFO - Failure caused by Failed to establish connection to any given Docker hosts.
[2025-05-25T14:02:19.050+0000] {taskinstance.py:1226} INFO - Marking task as UP_FOR_RETRY. dag_id=main_dag, task_id=run_activesg_scrape, run_id=manual__2025-05-25T14:02:03.128926+00:00, execution_date=20250525T140203, start_date=20250525T140210, end_date=20250525T140219
[2025-05-25T14:02:19.111+0000] {taskinstance.py:341} INFO - ::group::Post task execution logs
[2025-05-25T14:02:19.112+0000] {standard_task_runner.py:124} ERROR - Failed to execute job 22 for task run_activesg_scrape (Failed to establish connection to any given Docker hosts.; 119)
Traceback (most recent call last):
  File "/home/airflow/.local/lib/python3.12/site-packages/airflow/task/task_runner/standard_task_runner.py", line 117, in _start_by_fork
    ret = args.func(args, dag=self.dag)
          ^^^^^^^^^^^^^^^^^^^^^^^^^^^^^
  File "/home/airflow/.local/lib/python3.12/site-packages/airflow/cli/cli_config.py", line 49, in command
    return func(*args, **kwargs)
           ^^^^^^^^^^^^^^^^^^^^^
  File "/home/airflow/.local/lib/python3.12/site-packages/airflow/utils/cli.py", line 116, in wrapper
    return f(*args, **kwargs)
           ^^^^^^^^^^^^^^^^^^
  File "/home/airflow/.local/lib/python3.12/site-packages/airflow/cli/commands/task_command.py", line 483, in task_run
    task_return_code = _run_task_by_selected_method(args, _dag, ti)
                       ^^^^^^^^^^^^^^^^^^^^^^^^^^^^^^^^^^^^^^^^^^^^
  File "/home/airflow/.local/lib/python3.12/site-packages/airflow/cli/commands/task_command.py", line 256, in _run_task_by_selected_method
    return _run_raw_task(args, ti)
           ^^^^^^^^^^^^^^^^^^^^^^^
  File "/home/airflow/.local/lib/python3.12/site-packages/airflow/cli/commands/task_command.py", line 341, in _run_raw_task
    return ti._run_raw_task(
           ^^^^^^^^^^^^^^^^^
  File "/home/airflow/.local/lib/python3.12/site-packages/airflow/utils/session.py", line 97, in wrapper
    return func(*args, session=session, **kwargs)
           ^^^^^^^^^^^^^^^^^^^^^^^^^^^^^^^^^^^^^^
  File "/home/airflow/.local/lib/python3.12/site-packages/airflow/models/taskinstance.py", line 3006, in _run_raw_task
    return _run_raw_task(
           ^^^^^^^^^^^^^^
  File "/home/airflow/.local/lib/python3.12/site-packages/airflow/models/taskinstance.py", line 274, in _run_raw_task
    TaskInstance._execute_task_with_callbacks(
  File "/home/airflow/.local/lib/python3.12/site-packages/airflow/models/taskinstance.py", line 3161, in _execute_task_with_callbacks
    result = self._execute_task(context, task_orig)
             ^^^^^^^^^^^^^^^^^^^^^^^^^^^^^^^^^^^^^^
  File "/home/airflow/.local/lib/python3.12/site-packages/airflow/models/taskinstance.py", line 3185, in _execute_task
    return _execute_task(self, context, task_orig)
           ^^^^^^^^^^^^^^^^^^^^^^^^^^^^^^^^^^^^^^^
  File "/home/airflow/.local/lib/python3.12/site-packages/airflow/models/taskinstance.py", line 768, in _execute_task
    result = _execute_callable(context=context, **execute_callable_kwargs)
             ^^^^^^^^^^^^^^^^^^^^^^^^^^^^^^^^^^^^^^^^^^^^^^^^^^^^^^^^^^^^^
  File "/home/airflow/.local/lib/python3.12/site-packages/airflow/models/taskinstance.py", line 734, in _execute_callable
    return ExecutionCallableRunner(
           ^^^^^^^^^^^^^^^^^^^^^^^^
  File "/home/airflow/.local/lib/python3.12/site-packages/airflow/utils/operator_helpers.py", line 252, in run
    return self.func(*args, **kwargs)
           ^^^^^^^^^^^^^^^^^^^^^^^^^^
  File "/home/airflow/.local/lib/python3.12/site-packages/airflow/models/baseoperator.py", line 424, in wrapper
    return func(self, *args, **kwargs)
           ^^^^^^^^^^^^^^^^^^^^^^^^^^^
  File "/home/airflow/.local/lib/python3.12/site-packages/airflow/providers/docker/operators/docker.py", line 467, in execute
    if self.force_pull or not self.cli.images(name=self.image):
                              ^^^^^^^^
  File "/home/airflow/.local/lib/python3.12/site-packages/airflow/providers/docker/operators/docker.py", line 341, in cli
    return self.hook.api_client
           ^^^^^^^^^^^^^^^^^^^^
  File "/usr/local/lib/python3.12/functools.py", line 998, in __get__
    val = self.func(instance)
          ^^^^^^^^^^^^^^^^^^^
  File "/home/airflow/.local/lib/python3.12/site-packages/airflow/providers/docker/hooks/docker.py", line 161, in api_client
    raise AirflowException("Failed to establish connection to any given Docker hosts.")
airflow.exceptions.AirflowException: Failed to establish connection to any given Docker hosts.
[2025-05-25T14:02:19.166+0000] {local_task_job_runner.py:266} INFO - Task exited with return code 1
[2025-05-25T14:02:19.186+0000] {local_task_job_runner.py:245} INFO - ::endgroup::
