[2025-04-08T12:02:37.244+0000] {processor.py:186} INFO - Started process (PID=74077) to work on /home/airflow/.local/lib/python3.12/site-packages/airflow/example_dags/example_sla_dag.py
[2025-04-08T12:02:37.247+0000] {processor.py:914} INFO - Processing file /home/airflow/.local/lib/python3.12/site-packages/airflow/example_dags/example_sla_dag.py for tasks to queue
[2025-04-08T12:02:37.260+0000] {logging_mixin.py:190} INFO - [2025-04-08T12:02:37.259+0000] {dagbag.py:588} INFO - Filling up the DagBag from /home/airflow/.local/lib/python3.12/site-packages/airflow/example_dags/example_sla_dag.py
[2025-04-08T12:02:37.327+0000] {processor.py:925} INFO - DAG(s) 'example_sla_dag' retrieved from /home/airflow/.local/lib/python3.12/site-packages/airflow/example_dags/example_sla_dag.py
[2025-04-08T12:02:37.419+0000] {logging_mixin.py:190} INFO - [2025-04-08T12:02:37.418+0000] {dag.py:3239} INFO - Sync 1 DAGs
[2025-04-08T12:02:37.519+0000] {logging_mixin.py:190} INFO - [2025-04-08T12:02:37.518+0000] {dag.py:4180} INFO - Setting next_dagrun for example_sla_dag to 2025-04-08 12:00:00+00:00, run_after=2025-04-08 12:02:00+00:00
[2025-04-08T12:02:37.669+0000] {processor.py:208} INFO - Processing /home/airflow/.local/lib/python3.12/site-packages/airflow/example_dags/example_sla_dag.py took 0.457 seconds
[2025-04-08T12:03:09.349+0000] {processor.py:186} INFO - Started process (PID=74141) to work on /home/airflow/.local/lib/python3.12/site-packages/airflow/example_dags/example_sla_dag.py
[2025-04-08T12:03:09.355+0000] {processor.py:914} INFO - Processing file /home/airflow/.local/lib/python3.12/site-packages/airflow/example_dags/example_sla_dag.py for tasks to queue
[2025-04-08T12:03:09.370+0000] {logging_mixin.py:190} INFO - [2025-04-08T12:03:09.368+0000] {dagbag.py:588} INFO - Filling up the DagBag from /home/airflow/.local/lib/python3.12/site-packages/airflow/example_dags/example_sla_dag.py
[2025-04-08T12:03:09.444+0000] {processor.py:925} INFO - DAG(s) 'example_sla_dag' retrieved from /home/airflow/.local/lib/python3.12/site-packages/airflow/example_dags/example_sla_dag.py
[2025-04-08T12:03:09.558+0000] {logging_mixin.py:190} INFO - [2025-04-08T12:03:09.557+0000] {dag.py:3239} INFO - Sync 1 DAGs
[2025-04-08T12:03:09.754+0000] {logging_mixin.py:190} INFO - [2025-04-08T12:03:09.753+0000] {dag.py:4180} INFO - Setting next_dagrun for example_sla_dag to 2025-04-08 12:00:00+00:00, run_after=2025-04-08 12:02:00+00:00
[2025-04-08T12:03:09.862+0000] {processor.py:208} INFO - Processing /home/airflow/.local/lib/python3.12/site-packages/airflow/example_dags/example_sla_dag.py took 0.537 seconds
[2025-04-08T12:03:40.340+0000] {processor.py:186} INFO - Started process (PID=74205) to work on /home/airflow/.local/lib/python3.12/site-packages/airflow/example_dags/example_sla_dag.py
[2025-04-08T12:03:40.342+0000] {processor.py:914} INFO - Processing file /home/airflow/.local/lib/python3.12/site-packages/airflow/example_dags/example_sla_dag.py for tasks to queue
[2025-04-08T12:03:40.345+0000] {logging_mixin.py:190} INFO - [2025-04-08T12:03:40.344+0000] {dagbag.py:588} INFO - Filling up the DagBag from /home/airflow/.local/lib/python3.12/site-packages/airflow/example_dags/example_sla_dag.py
[2025-04-08T12:03:40.369+0000] {processor.py:925} INFO - DAG(s) 'example_sla_dag' retrieved from /home/airflow/.local/lib/python3.12/site-packages/airflow/example_dags/example_sla_dag.py
[2025-04-08T12:03:40.414+0000] {logging_mixin.py:190} INFO - [2025-04-08T12:03:40.413+0000] {dag.py:3239} INFO - Sync 1 DAGs
[2025-04-08T12:03:40.477+0000] {logging_mixin.py:190} INFO - [2025-04-08T12:03:40.477+0000] {dag.py:4180} INFO - Setting next_dagrun for example_sla_dag to 2025-04-08 12:00:00+00:00, run_after=2025-04-08 12:02:00+00:00
[2025-04-08T12:03:40.540+0000] {processor.py:208} INFO - Processing /home/airflow/.local/lib/python3.12/site-packages/airflow/example_dags/example_sla_dag.py took 0.215 seconds
[2025-04-08T12:04:10.685+0000] {processor.py:186} INFO - Started process (PID=74270) to work on /home/airflow/.local/lib/python3.12/site-packages/airflow/example_dags/example_sla_dag.py
[2025-04-08T12:04:10.688+0000] {processor.py:914} INFO - Processing file /home/airflow/.local/lib/python3.12/site-packages/airflow/example_dags/example_sla_dag.py for tasks to queue
[2025-04-08T12:04:10.691+0000] {logging_mixin.py:190} INFO - [2025-04-08T12:04:10.690+0000] {dagbag.py:588} INFO - Filling up the DagBag from /home/airflow/.local/lib/python3.12/site-packages/airflow/example_dags/example_sla_dag.py
[2025-04-08T12:04:10.709+0000] {processor.py:925} INFO - DAG(s) 'example_sla_dag' retrieved from /home/airflow/.local/lib/python3.12/site-packages/airflow/example_dags/example_sla_dag.py
[2025-04-08T12:04:10.743+0000] {logging_mixin.py:190} INFO - [2025-04-08T12:04:10.743+0000] {dag.py:3239} INFO - Sync 1 DAGs
[2025-04-08T12:04:10.793+0000] {logging_mixin.py:190} INFO - [2025-04-08T12:04:10.792+0000] {dag.py:4180} INFO - Setting next_dagrun for example_sla_dag to 2025-04-08 12:02:00+00:00, run_after=2025-04-08 12:04:00+00:00
[2025-04-08T12:04:10.828+0000] {processor.py:208} INFO - Processing /home/airflow/.local/lib/python3.12/site-packages/airflow/example_dags/example_sla_dag.py took 0.152 seconds
[2025-04-08T12:04:43.423+0000] {processor.py:186} INFO - Started process (PID=74335) to work on /home/airflow/.local/lib/python3.12/site-packages/airflow/example_dags/example_sla_dag.py
[2025-04-08T12:04:43.424+0000] {processor.py:914} INFO - Processing file /home/airflow/.local/lib/python3.12/site-packages/airflow/example_dags/example_sla_dag.py for tasks to queue
[2025-04-08T12:04:43.428+0000] {logging_mixin.py:190} INFO - [2025-04-08T12:04:43.427+0000] {dagbag.py:588} INFO - Filling up the DagBag from /home/airflow/.local/lib/python3.12/site-packages/airflow/example_dags/example_sla_dag.py
[2025-04-08T12:04:43.450+0000] {processor.py:925} INFO - DAG(s) 'example_sla_dag' retrieved from /home/airflow/.local/lib/python3.12/site-packages/airflow/example_dags/example_sla_dag.py
[2025-04-08T12:04:43.489+0000] {logging_mixin.py:190} INFO - [2025-04-08T12:04:43.489+0000] {dag.py:3239} INFO - Sync 1 DAGs
[2025-04-08T12:04:43.560+0000] {logging_mixin.py:190} INFO - [2025-04-08T12:04:43.560+0000] {dag.py:4180} INFO - Setting next_dagrun for example_sla_dag to 2025-04-08 12:02:00+00:00, run_after=2025-04-08 12:04:00+00:00
[2025-04-08T12:04:43.607+0000] {processor.py:208} INFO - Processing /home/airflow/.local/lib/python3.12/site-packages/airflow/example_dags/example_sla_dag.py took 0.196 seconds
[2025-04-08T12:05:14.853+0000] {processor.py:186} INFO - Started process (PID=74400) to work on /home/airflow/.local/lib/python3.12/site-packages/airflow/example_dags/example_sla_dag.py
[2025-04-08T12:05:14.856+0000] {processor.py:914} INFO - Processing file /home/airflow/.local/lib/python3.12/site-packages/airflow/example_dags/example_sla_dag.py for tasks to queue
[2025-04-08T12:05:14.858+0000] {logging_mixin.py:190} INFO - [2025-04-08T12:05:14.858+0000] {dagbag.py:588} INFO - Filling up the DagBag from /home/airflow/.local/lib/python3.12/site-packages/airflow/example_dags/example_sla_dag.py
[2025-04-08T12:05:14.879+0000] {processor.py:925} INFO - DAG(s) 'example_sla_dag' retrieved from /home/airflow/.local/lib/python3.12/site-packages/airflow/example_dags/example_sla_dag.py
[2025-04-08T12:05:14.919+0000] {logging_mixin.py:190} INFO - [2025-04-08T12:05:14.919+0000] {dag.py:3239} INFO - Sync 1 DAGs
[2025-04-08T12:05:14.976+0000] {logging_mixin.py:190} INFO - [2025-04-08T12:05:14.976+0000] {dag.py:4180} INFO - Setting next_dagrun for example_sla_dag to 2025-04-08 12:02:00+00:00, run_after=2025-04-08 12:04:00+00:00
[2025-04-08T12:05:15.029+0000] {processor.py:208} INFO - Processing /home/airflow/.local/lib/python3.12/site-packages/airflow/example_dags/example_sla_dag.py took 0.186 seconds
[2025-04-08T12:05:47.038+0000] {processor.py:186} INFO - Started process (PID=74465) to work on /home/airflow/.local/lib/python3.12/site-packages/airflow/example_dags/example_sla_dag.py
[2025-04-08T12:05:47.039+0000] {processor.py:914} INFO - Processing file /home/airflow/.local/lib/python3.12/site-packages/airflow/example_dags/example_sla_dag.py for tasks to queue
[2025-04-08T12:05:47.042+0000] {logging_mixin.py:190} INFO - [2025-04-08T12:05:47.041+0000] {dagbag.py:588} INFO - Filling up the DagBag from /home/airflow/.local/lib/python3.12/site-packages/airflow/example_dags/example_sla_dag.py
[2025-04-08T12:05:47.058+0000] {processor.py:925} INFO - DAG(s) 'example_sla_dag' retrieved from /home/airflow/.local/lib/python3.12/site-packages/airflow/example_dags/example_sla_dag.py
[2025-04-08T12:05:47.089+0000] {logging_mixin.py:190} INFO - [2025-04-08T12:05:47.089+0000] {dag.py:3239} INFO - Sync 1 DAGs
[2025-04-08T12:05:47.129+0000] {logging_mixin.py:190} INFO - [2025-04-08T12:05:47.129+0000] {dag.py:4180} INFO - Setting next_dagrun for example_sla_dag to 2025-04-08 12:02:00+00:00, run_after=2025-04-08 12:04:00+00:00
[2025-04-08T12:05:47.174+0000] {processor.py:208} INFO - Processing /home/airflow/.local/lib/python3.12/site-packages/airflow/example_dags/example_sla_dag.py took 0.147 seconds
[2025-04-08T12:06:18.678+0000] {processor.py:186} INFO - Started process (PID=74530) to work on /home/airflow/.local/lib/python3.12/site-packages/airflow/example_dags/example_sla_dag.py
[2025-04-08T12:06:18.680+0000] {processor.py:914} INFO - Processing file /home/airflow/.local/lib/python3.12/site-packages/airflow/example_dags/example_sla_dag.py for tasks to queue
[2025-04-08T12:06:18.683+0000] {logging_mixin.py:190} INFO - [2025-04-08T12:06:18.682+0000] {dagbag.py:588} INFO - Filling up the DagBag from /home/airflow/.local/lib/python3.12/site-packages/airflow/example_dags/example_sla_dag.py
[2025-04-08T12:06:18.704+0000] {processor.py:925} INFO - DAG(s) 'example_sla_dag' retrieved from /home/airflow/.local/lib/python3.12/site-packages/airflow/example_dags/example_sla_dag.py
[2025-04-08T12:06:18.739+0000] {logging_mixin.py:190} INFO - [2025-04-08T12:06:18.738+0000] {dag.py:3239} INFO - Sync 1 DAGs
[2025-04-08T12:06:18.784+0000] {logging_mixin.py:190} INFO - [2025-04-08T12:06:18.784+0000] {dag.py:4180} INFO - Setting next_dagrun for example_sla_dag to 2025-04-08 12:04:00+00:00, run_after=2025-04-08 12:06:00+00:00
[2025-04-08T12:06:18.840+0000] {processor.py:208} INFO - Processing /home/airflow/.local/lib/python3.12/site-packages/airflow/example_dags/example_sla_dag.py took 0.175 seconds
[2025-04-08T12:06:49.958+0000] {processor.py:186} INFO - Started process (PID=74595) to work on /home/airflow/.local/lib/python3.12/site-packages/airflow/example_dags/example_sla_dag.py
[2025-04-08T12:06:49.960+0000] {processor.py:914} INFO - Processing file /home/airflow/.local/lib/python3.12/site-packages/airflow/example_dags/example_sla_dag.py for tasks to queue
[2025-04-08T12:06:49.963+0000] {logging_mixin.py:190} INFO - [2025-04-08T12:06:49.962+0000] {dagbag.py:588} INFO - Filling up the DagBag from /home/airflow/.local/lib/python3.12/site-packages/airflow/example_dags/example_sla_dag.py
[2025-04-08T12:06:49.980+0000] {processor.py:925} INFO - DAG(s) 'example_sla_dag' retrieved from /home/airflow/.local/lib/python3.12/site-packages/airflow/example_dags/example_sla_dag.py
[2025-04-08T12:06:50.011+0000] {logging_mixin.py:190} INFO - [2025-04-08T12:06:50.011+0000] {dag.py:3239} INFO - Sync 1 DAGs
[2025-04-08T12:06:50.062+0000] {logging_mixin.py:190} INFO - [2025-04-08T12:06:50.061+0000] {dag.py:4180} INFO - Setting next_dagrun for example_sla_dag to 2025-04-08 12:04:00+00:00, run_after=2025-04-08 12:06:00+00:00
[2025-04-08T12:06:50.094+0000] {processor.py:208} INFO - Processing /home/airflow/.local/lib/python3.12/site-packages/airflow/example_dags/example_sla_dag.py took 0.145 seconds
[2025-04-08T12:07:21.445+0000] {processor.py:186} INFO - Started process (PID=74661) to work on /home/airflow/.local/lib/python3.12/site-packages/airflow/example_dags/example_sla_dag.py
[2025-04-08T12:07:21.448+0000] {processor.py:914} INFO - Processing file /home/airflow/.local/lib/python3.12/site-packages/airflow/example_dags/example_sla_dag.py for tasks to queue
[2025-04-08T12:07:21.450+0000] {logging_mixin.py:190} INFO - [2025-04-08T12:07:21.449+0000] {dagbag.py:588} INFO - Filling up the DagBag from /home/airflow/.local/lib/python3.12/site-packages/airflow/example_dags/example_sla_dag.py
[2025-04-08T12:07:21.468+0000] {processor.py:925} INFO - DAG(s) 'example_sla_dag' retrieved from /home/airflow/.local/lib/python3.12/site-packages/airflow/example_dags/example_sla_dag.py
[2025-04-08T12:07:21.499+0000] {logging_mixin.py:190} INFO - [2025-04-08T12:07:21.499+0000] {dag.py:3239} INFO - Sync 1 DAGs
[2025-04-08T12:07:21.544+0000] {logging_mixin.py:190} INFO - [2025-04-08T12:07:21.543+0000] {dag.py:4180} INFO - Setting next_dagrun for example_sla_dag to 2025-04-08 12:04:00+00:00, run_after=2025-04-08 12:06:00+00:00
[2025-04-08T12:07:21.588+0000] {processor.py:208} INFO - Processing /home/airflow/.local/lib/python3.12/site-packages/airflow/example_dags/example_sla_dag.py took 0.151 seconds
[2025-04-08T12:07:53.356+0000] {processor.py:186} INFO - Started process (PID=74726) to work on /home/airflow/.local/lib/python3.12/site-packages/airflow/example_dags/example_sla_dag.py
[2025-04-08T12:07:53.358+0000] {processor.py:914} INFO - Processing file /home/airflow/.local/lib/python3.12/site-packages/airflow/example_dags/example_sla_dag.py for tasks to queue
[2025-04-08T12:07:53.361+0000] {logging_mixin.py:190} INFO - [2025-04-08T12:07:53.360+0000] {dagbag.py:588} INFO - Filling up the DagBag from /home/airflow/.local/lib/python3.12/site-packages/airflow/example_dags/example_sla_dag.py
[2025-04-08T12:07:53.377+0000] {processor.py:925} INFO - DAG(s) 'example_sla_dag' retrieved from /home/airflow/.local/lib/python3.12/site-packages/airflow/example_dags/example_sla_dag.py
[2025-04-08T12:07:53.410+0000] {logging_mixin.py:190} INFO - [2025-04-08T12:07:53.410+0000] {dag.py:3239} INFO - Sync 1 DAGs
[2025-04-08T12:07:53.452+0000] {logging_mixin.py:190} INFO - [2025-04-08T12:07:53.452+0000] {dag.py:4180} INFO - Setting next_dagrun for example_sla_dag to 2025-04-08 12:04:00+00:00, run_after=2025-04-08 12:06:00+00:00
[2025-04-08T12:07:53.499+0000] {processor.py:208} INFO - Processing /home/airflow/.local/lib/python3.12/site-packages/airflow/example_dags/example_sla_dag.py took 0.152 seconds
[2025-04-08T12:08:25.050+0000] {processor.py:186} INFO - Started process (PID=74798) to work on /home/airflow/.local/lib/python3.12/site-packages/airflow/example_dags/example_sla_dag.py
[2025-04-08T12:08:25.052+0000] {processor.py:914} INFO - Processing file /home/airflow/.local/lib/python3.12/site-packages/airflow/example_dags/example_sla_dag.py for tasks to queue
[2025-04-08T12:08:25.055+0000] {logging_mixin.py:190} INFO - [2025-04-08T12:08:25.054+0000] {dagbag.py:588} INFO - Filling up the DagBag from /home/airflow/.local/lib/python3.12/site-packages/airflow/example_dags/example_sla_dag.py
[2025-04-08T12:08:25.078+0000] {processor.py:925} INFO - DAG(s) 'example_sla_dag' retrieved from /home/airflow/.local/lib/python3.12/site-packages/airflow/example_dags/example_sla_dag.py
[2025-04-08T12:08:25.115+0000] {logging_mixin.py:190} INFO - [2025-04-08T12:08:25.114+0000] {dag.py:3239} INFO - Sync 1 DAGs
[2025-04-08T12:08:25.168+0000] {logging_mixin.py:190} INFO - [2025-04-08T12:08:25.167+0000] {dag.py:4180} INFO - Setting next_dagrun for example_sla_dag to 2025-04-08 12:06:00+00:00, run_after=2025-04-08 12:08:00+00:00
[2025-04-08T12:08:25.207+0000] {processor.py:208} INFO - Processing /home/airflow/.local/lib/python3.12/site-packages/airflow/example_dags/example_sla_dag.py took 0.170 seconds
[2025-04-08T12:08:59.092+0000] {processor.py:186} INFO - Started process (PID=74867) to work on /home/airflow/.local/lib/python3.12/site-packages/airflow/example_dags/example_sla_dag.py
[2025-04-08T12:08:59.095+0000] {processor.py:914} INFO - Processing file /home/airflow/.local/lib/python3.12/site-packages/airflow/example_dags/example_sla_dag.py for tasks to queue
[2025-04-08T12:08:59.098+0000] {logging_mixin.py:190} INFO - [2025-04-08T12:08:59.097+0000] {dagbag.py:588} INFO - Filling up the DagBag from /home/airflow/.local/lib/python3.12/site-packages/airflow/example_dags/example_sla_dag.py
[2025-04-08T12:08:59.142+0000] {processor.py:925} INFO - DAG(s) 'example_sla_dag' retrieved from /home/airflow/.local/lib/python3.12/site-packages/airflow/example_dags/example_sla_dag.py
[2025-04-08T12:08:59.224+0000] {logging_mixin.py:190} INFO - [2025-04-08T12:08:59.223+0000] {dag.py:3239} INFO - Sync 1 DAGs
[2025-04-08T12:08:59.302+0000] {logging_mixin.py:190} INFO - [2025-04-08T12:08:59.301+0000] {dag.py:4180} INFO - Setting next_dagrun for example_sla_dag to 2025-04-08 12:06:00+00:00, run_after=2025-04-08 12:08:00+00:00
[2025-04-08T12:08:59.350+0000] {processor.py:208} INFO - Processing /home/airflow/.local/lib/python3.12/site-packages/airflow/example_dags/example_sla_dag.py took 0.271 seconds
