[2025-04-08T12:02:47.794+0000] {processor.py:186} INFO - Started process (PID=74102) to work on /home/airflow/.local/lib/python3.12/site-packages/airflow/example_dags/example_nested_branch_dag.py
[2025-04-08T12:02:47.842+0000] {processor.py:914} INFO - Processing file /home/airflow/.local/lib/python3.12/site-packages/airflow/example_dags/example_nested_branch_dag.py for tasks to queue
[2025-04-08T12:02:47.860+0000] {logging_mixin.py:190} INFO - [2025-04-08T12:02:47.859+0000] {dagbag.py:588} INFO - Filling up the DagBag from /home/airflow/.local/lib/python3.12/site-packages/airflow/example_dags/example_nested_branch_dag.py
[2025-04-08T12:02:47.973+0000] {processor.py:925} INFO - DAG(s) 'example_nested_branch_dag' retrieved from /home/airflow/.local/lib/python3.12/site-packages/airflow/example_dags/example_nested_branch_dag.py
[2025-04-08T12:02:48.262+0000] {logging_mixin.py:190} INFO - [2025-04-08T12:02:48.261+0000] {dag.py:3239} INFO - Sync 1 DAGs
[2025-04-08T12:02:48.503+0000] {logging_mixin.py:190} INFO - [2025-04-08T12:02:48.490+0000] {dag.py:4180} INFO - Setting next_dagrun for example_nested_branch_dag to 2025-04-07 00:00:00+00:00, run_after=2025-04-08 00:00:00+00:00
[2025-04-08T12:02:48.631+0000] {processor.py:208} INFO - Processing /home/airflow/.local/lib/python3.12/site-packages/airflow/example_dags/example_nested_branch_dag.py took 0.889 seconds
[2025-04-08T12:03:21.617+0000] {processor.py:186} INFO - Started process (PID=74166) to work on /home/airflow/.local/lib/python3.12/site-packages/airflow/example_dags/example_nested_branch_dag.py
[2025-04-08T12:03:21.620+0000] {processor.py:914} INFO - Processing file /home/airflow/.local/lib/python3.12/site-packages/airflow/example_dags/example_nested_branch_dag.py for tasks to queue
[2025-04-08T12:03:21.632+0000] {logging_mixin.py:190} INFO - [2025-04-08T12:03:21.622+0000] {dagbag.py:588} INFO - Filling up the DagBag from /home/airflow/.local/lib/python3.12/site-packages/airflow/example_dags/example_nested_branch_dag.py
[2025-04-08T12:03:21.716+0000] {processor.py:925} INFO - DAG(s) 'example_nested_branch_dag' retrieved from /home/airflow/.local/lib/python3.12/site-packages/airflow/example_dags/example_nested_branch_dag.py
[2025-04-08T12:03:21.890+0000] {logging_mixin.py:190} INFO - [2025-04-08T12:03:21.889+0000] {dag.py:3239} INFO - Sync 1 DAGs
[2025-04-08T12:03:22.069+0000] {logging_mixin.py:190} INFO - [2025-04-08T12:03:22.068+0000] {dag.py:4180} INFO - Setting next_dagrun for example_nested_branch_dag to 2025-04-07 00:00:00+00:00, run_after=2025-04-08 00:00:00+00:00
[2025-04-08T12:03:22.191+0000] {processor.py:208} INFO - Processing /home/airflow/.local/lib/python3.12/site-packages/airflow/example_dags/example_nested_branch_dag.py took 0.608 seconds
[2025-04-08T12:03:52.515+0000] {processor.py:186} INFO - Started process (PID=74231) to work on /home/airflow/.local/lib/python3.12/site-packages/airflow/example_dags/example_nested_branch_dag.py
[2025-04-08T12:03:52.518+0000] {processor.py:914} INFO - Processing file /home/airflow/.local/lib/python3.12/site-packages/airflow/example_dags/example_nested_branch_dag.py for tasks to queue
[2025-04-08T12:03:52.521+0000] {logging_mixin.py:190} INFO - [2025-04-08T12:03:52.520+0000] {dagbag.py:588} INFO - Filling up the DagBag from /home/airflow/.local/lib/python3.12/site-packages/airflow/example_dags/example_nested_branch_dag.py
[2025-04-08T12:03:52.542+0000] {processor.py:925} INFO - DAG(s) 'example_nested_branch_dag' retrieved from /home/airflow/.local/lib/python3.12/site-packages/airflow/example_dags/example_nested_branch_dag.py
[2025-04-08T12:03:52.582+0000] {logging_mixin.py:190} INFO - [2025-04-08T12:03:52.581+0000] {dag.py:3239} INFO - Sync 1 DAGs
[2025-04-08T12:03:52.626+0000] {logging_mixin.py:190} INFO - [2025-04-08T12:03:52.625+0000] {dag.py:4180} INFO - Setting next_dagrun for example_nested_branch_dag to 2025-04-07 00:00:00+00:00, run_after=2025-04-08 00:00:00+00:00
[2025-04-08T12:03:52.668+0000] {processor.py:208} INFO - Processing /home/airflow/.local/lib/python3.12/site-packages/airflow/example_dags/example_nested_branch_dag.py took 0.162 seconds
[2025-04-08T12:04:22.869+0000] {processor.py:186} INFO - Started process (PID=74296) to work on /home/airflow/.local/lib/python3.12/site-packages/airflow/example_dags/example_nested_branch_dag.py
[2025-04-08T12:04:22.872+0000] {processor.py:914} INFO - Processing file /home/airflow/.local/lib/python3.12/site-packages/airflow/example_dags/example_nested_branch_dag.py for tasks to queue
[2025-04-08T12:04:22.875+0000] {logging_mixin.py:190} INFO - [2025-04-08T12:04:22.874+0000] {dagbag.py:588} INFO - Filling up the DagBag from /home/airflow/.local/lib/python3.12/site-packages/airflow/example_dags/example_nested_branch_dag.py
[2025-04-08T12:04:22.899+0000] {processor.py:925} INFO - DAG(s) 'example_nested_branch_dag' retrieved from /home/airflow/.local/lib/python3.12/site-packages/airflow/example_dags/example_nested_branch_dag.py
[2025-04-08T12:04:22.968+0000] {logging_mixin.py:190} INFO - [2025-04-08T12:04:22.966+0000] {dag.py:3239} INFO - Sync 1 DAGs
[2025-04-08T12:04:23.014+0000] {logging_mixin.py:190} INFO - [2025-04-08T12:04:23.014+0000] {dag.py:4180} INFO - Setting next_dagrun for example_nested_branch_dag to 2025-04-07 00:00:00+00:00, run_after=2025-04-08 00:00:00+00:00
[2025-04-08T12:04:23.085+0000] {processor.py:208} INFO - Processing /home/airflow/.local/lib/python3.12/site-packages/airflow/example_dags/example_nested_branch_dag.py took 0.228 seconds
[2025-04-08T12:04:53.524+0000] {processor.py:186} INFO - Started process (PID=74367) to work on /home/airflow/.local/lib/python3.12/site-packages/airflow/example_dags/example_nested_branch_dag.py
[2025-04-08T12:04:53.526+0000] {processor.py:914} INFO - Processing file /home/airflow/.local/lib/python3.12/site-packages/airflow/example_dags/example_nested_branch_dag.py for tasks to queue
[2025-04-08T12:04:53.530+0000] {logging_mixin.py:190} INFO - [2025-04-08T12:04:53.529+0000] {dagbag.py:588} INFO - Filling up the DagBag from /home/airflow/.local/lib/python3.12/site-packages/airflow/example_dags/example_nested_branch_dag.py
[2025-04-08T12:04:53.549+0000] {processor.py:925} INFO - DAG(s) 'example_nested_branch_dag' retrieved from /home/airflow/.local/lib/python3.12/site-packages/airflow/example_dags/example_nested_branch_dag.py
[2025-04-08T12:04:53.584+0000] {logging_mixin.py:190} INFO - [2025-04-08T12:04:53.584+0000] {dag.py:3239} INFO - Sync 1 DAGs
[2025-04-08T12:04:53.624+0000] {logging_mixin.py:190} INFO - [2025-04-08T12:04:53.624+0000] {dag.py:4180} INFO - Setting next_dagrun for example_nested_branch_dag to 2025-04-07 00:00:00+00:00, run_after=2025-04-08 00:00:00+00:00
[2025-04-08T12:04:53.657+0000] {processor.py:208} INFO - Processing /home/airflow/.local/lib/python3.12/site-packages/airflow/example_dags/example_nested_branch_dag.py took 0.143 seconds
[2025-04-08T12:05:23.915+0000] {processor.py:186} INFO - Started process (PID=74432) to work on /home/airflow/.local/lib/python3.12/site-packages/airflow/example_dags/example_nested_branch_dag.py
[2025-04-08T12:05:23.916+0000] {processor.py:914} INFO - Processing file /home/airflow/.local/lib/python3.12/site-packages/airflow/example_dags/example_nested_branch_dag.py for tasks to queue
[2025-04-08T12:05:23.919+0000] {logging_mixin.py:190} INFO - [2025-04-08T12:05:23.918+0000] {dagbag.py:588} INFO - Filling up the DagBag from /home/airflow/.local/lib/python3.12/site-packages/airflow/example_dags/example_nested_branch_dag.py
[2025-04-08T12:05:23.937+0000] {processor.py:925} INFO - DAG(s) 'example_nested_branch_dag' retrieved from /home/airflow/.local/lib/python3.12/site-packages/airflow/example_dags/example_nested_branch_dag.py
[2025-04-08T12:05:23.973+0000] {logging_mixin.py:190} INFO - [2025-04-08T12:05:23.973+0000] {dag.py:3239} INFO - Sync 1 DAGs
[2025-04-08T12:05:24.022+0000] {logging_mixin.py:190} INFO - [2025-04-08T12:05:24.021+0000] {dag.py:4180} INFO - Setting next_dagrun for example_nested_branch_dag to 2025-04-07 00:00:00+00:00, run_after=2025-04-08 00:00:00+00:00
[2025-04-08T12:05:24.073+0000] {processor.py:208} INFO - Processing /home/airflow/.local/lib/python3.12/site-packages/airflow/example_dags/example_nested_branch_dag.py took 0.167 seconds
[2025-04-08T12:05:54.489+0000] {processor.py:186} INFO - Started process (PID=74497) to work on /home/airflow/.local/lib/python3.12/site-packages/airflow/example_dags/example_nested_branch_dag.py
[2025-04-08T12:05:54.492+0000] {processor.py:914} INFO - Processing file /home/airflow/.local/lib/python3.12/site-packages/airflow/example_dags/example_nested_branch_dag.py for tasks to queue
[2025-04-08T12:05:54.496+0000] {logging_mixin.py:190} INFO - [2025-04-08T12:05:54.495+0000] {dagbag.py:588} INFO - Filling up the DagBag from /home/airflow/.local/lib/python3.12/site-packages/airflow/example_dags/example_nested_branch_dag.py
[2025-04-08T12:05:54.518+0000] {processor.py:925} INFO - DAG(s) 'example_nested_branch_dag' retrieved from /home/airflow/.local/lib/python3.12/site-packages/airflow/example_dags/example_nested_branch_dag.py
[2025-04-08T12:05:54.564+0000] {logging_mixin.py:190} INFO - [2025-04-08T12:05:54.564+0000] {dag.py:3239} INFO - Sync 1 DAGs
[2025-04-08T12:05:54.606+0000] {logging_mixin.py:190} INFO - [2025-04-08T12:05:54.605+0000] {dag.py:4180} INFO - Setting next_dagrun for example_nested_branch_dag to 2025-04-07 00:00:00+00:00, run_after=2025-04-08 00:00:00+00:00
[2025-04-08T12:05:54.657+0000] {processor.py:208} INFO - Processing /home/airflow/.local/lib/python3.12/site-packages/airflow/example_dags/example_nested_branch_dag.py took 0.182 seconds
[2025-04-08T12:06:25.170+0000] {processor.py:186} INFO - Started process (PID=74561) to work on /home/airflow/.local/lib/python3.12/site-packages/airflow/example_dags/example_nested_branch_dag.py
[2025-04-08T12:06:25.172+0000] {processor.py:914} INFO - Processing file /home/airflow/.local/lib/python3.12/site-packages/airflow/example_dags/example_nested_branch_dag.py for tasks to queue
[2025-04-08T12:06:25.174+0000] {logging_mixin.py:190} INFO - [2025-04-08T12:06:25.174+0000] {dagbag.py:588} INFO - Filling up the DagBag from /home/airflow/.local/lib/python3.12/site-packages/airflow/example_dags/example_nested_branch_dag.py
[2025-04-08T12:06:25.195+0000] {processor.py:925} INFO - DAG(s) 'example_nested_branch_dag' retrieved from /home/airflow/.local/lib/python3.12/site-packages/airflow/example_dags/example_nested_branch_dag.py
[2025-04-08T12:06:25.235+0000] {logging_mixin.py:190} INFO - [2025-04-08T12:06:25.234+0000] {dag.py:3239} INFO - Sync 1 DAGs
[2025-04-08T12:06:25.276+0000] {logging_mixin.py:190} INFO - [2025-04-08T12:06:25.276+0000] {dag.py:4180} INFO - Setting next_dagrun for example_nested_branch_dag to 2025-04-07 00:00:00+00:00, run_after=2025-04-08 00:00:00+00:00
[2025-04-08T12:06:25.319+0000] {processor.py:208} INFO - Processing /home/airflow/.local/lib/python3.12/site-packages/airflow/example_dags/example_nested_branch_dag.py took 0.159 seconds
[2025-04-08T12:06:56.037+0000] {processor.py:186} INFO - Started process (PID=74627) to work on /home/airflow/.local/lib/python3.12/site-packages/airflow/example_dags/example_nested_branch_dag.py
[2025-04-08T12:06:56.038+0000] {processor.py:914} INFO - Processing file /home/airflow/.local/lib/python3.12/site-packages/airflow/example_dags/example_nested_branch_dag.py for tasks to queue
[2025-04-08T12:06:56.041+0000] {logging_mixin.py:190} INFO - [2025-04-08T12:06:56.040+0000] {dagbag.py:588} INFO - Filling up the DagBag from /home/airflow/.local/lib/python3.12/site-packages/airflow/example_dags/example_nested_branch_dag.py
[2025-04-08T12:06:56.061+0000] {processor.py:925} INFO - DAG(s) 'example_nested_branch_dag' retrieved from /home/airflow/.local/lib/python3.12/site-packages/airflow/example_dags/example_nested_branch_dag.py
[2025-04-08T12:06:56.099+0000] {logging_mixin.py:190} INFO - [2025-04-08T12:06:56.098+0000] {dag.py:3239} INFO - Sync 1 DAGs
[2025-04-08T12:06:56.143+0000] {logging_mixin.py:190} INFO - [2025-04-08T12:06:56.142+0000] {dag.py:4180} INFO - Setting next_dagrun for example_nested_branch_dag to 2025-04-07 00:00:00+00:00, run_after=2025-04-08 00:00:00+00:00
[2025-04-08T12:06:56.177+0000] {processor.py:208} INFO - Processing /home/airflow/.local/lib/python3.12/site-packages/airflow/example_dags/example_nested_branch_dag.py took 0.149 seconds
[2025-04-08T12:07:27.183+0000] {processor.py:186} INFO - Started process (PID=74690) to work on /home/airflow/.local/lib/python3.12/site-packages/airflow/example_dags/example_nested_branch_dag.py
[2025-04-08T12:07:27.185+0000] {processor.py:914} INFO - Processing file /home/airflow/.local/lib/python3.12/site-packages/airflow/example_dags/example_nested_branch_dag.py for tasks to queue
[2025-04-08T12:07:27.188+0000] {logging_mixin.py:190} INFO - [2025-04-08T12:07:27.187+0000] {dagbag.py:588} INFO - Filling up the DagBag from /home/airflow/.local/lib/python3.12/site-packages/airflow/example_dags/example_nested_branch_dag.py
[2025-04-08T12:07:27.211+0000] {processor.py:925} INFO - DAG(s) 'example_nested_branch_dag' retrieved from /home/airflow/.local/lib/python3.12/site-packages/airflow/example_dags/example_nested_branch_dag.py
[2025-04-08T12:07:27.249+0000] {logging_mixin.py:190} INFO - [2025-04-08T12:07:27.249+0000] {dag.py:3239} INFO - Sync 1 DAGs
[2025-04-08T12:07:27.290+0000] {logging_mixin.py:190} INFO - [2025-04-08T12:07:27.290+0000] {dag.py:4180} INFO - Setting next_dagrun for example_nested_branch_dag to 2025-04-07 00:00:00+00:00, run_after=2025-04-08 00:00:00+00:00
[2025-04-08T12:07:27.339+0000] {processor.py:208} INFO - Processing /home/airflow/.local/lib/python3.12/site-packages/airflow/example_dags/example_nested_branch_dag.py took 0.166 seconds
[2025-04-08T12:07:57.472+0000] {processor.py:186} INFO - Started process (PID=74755) to work on /home/airflow/.local/lib/python3.12/site-packages/airflow/example_dags/example_nested_branch_dag.py
[2025-04-08T12:07:57.474+0000] {processor.py:914} INFO - Processing file /home/airflow/.local/lib/python3.12/site-packages/airflow/example_dags/example_nested_branch_dag.py for tasks to queue
[2025-04-08T12:07:57.477+0000] {logging_mixin.py:190} INFO - [2025-04-08T12:07:57.477+0000] {dagbag.py:588} INFO - Filling up the DagBag from /home/airflow/.local/lib/python3.12/site-packages/airflow/example_dags/example_nested_branch_dag.py
[2025-04-08T12:07:57.497+0000] {processor.py:925} INFO - DAG(s) 'example_nested_branch_dag' retrieved from /home/airflow/.local/lib/python3.12/site-packages/airflow/example_dags/example_nested_branch_dag.py
[2025-04-08T12:07:57.538+0000] {logging_mixin.py:190} INFO - [2025-04-08T12:07:57.538+0000] {dag.py:3239} INFO - Sync 1 DAGs
[2025-04-08T12:07:57.586+0000] {logging_mixin.py:190} INFO - [2025-04-08T12:07:57.586+0000] {dag.py:4180} INFO - Setting next_dagrun for example_nested_branch_dag to 2025-04-07 00:00:00+00:00, run_after=2025-04-08 00:00:00+00:00
[2025-04-08T12:07:57.637+0000] {processor.py:208} INFO - Processing /home/airflow/.local/lib/python3.12/site-packages/airflow/example_dags/example_nested_branch_dag.py took 0.178 seconds
[2025-04-08T12:08:27.863+0000] {processor.py:186} INFO - Started process (PID=74819) to work on /home/airflow/.local/lib/python3.12/site-packages/airflow/example_dags/example_nested_branch_dag.py
[2025-04-08T12:08:27.865+0000] {processor.py:914} INFO - Processing file /home/airflow/.local/lib/python3.12/site-packages/airflow/example_dags/example_nested_branch_dag.py for tasks to queue
[2025-04-08T12:08:27.868+0000] {logging_mixin.py:190} INFO - [2025-04-08T12:08:27.867+0000] {dagbag.py:588} INFO - Filling up the DagBag from /home/airflow/.local/lib/python3.12/site-packages/airflow/example_dags/example_nested_branch_dag.py
[2025-04-08T12:08:27.889+0000] {processor.py:925} INFO - DAG(s) 'example_nested_branch_dag' retrieved from /home/airflow/.local/lib/python3.12/site-packages/airflow/example_dags/example_nested_branch_dag.py
[2025-04-08T12:08:27.931+0000] {logging_mixin.py:190} INFO - [2025-04-08T12:08:27.931+0000] {dag.py:3239} INFO - Sync 1 DAGs
[2025-04-08T12:08:27.991+0000] {logging_mixin.py:190} INFO - [2025-04-08T12:08:27.991+0000] {dag.py:4180} INFO - Setting next_dagrun for example_nested_branch_dag to 2025-04-07 00:00:00+00:00, run_after=2025-04-08 00:00:00+00:00
[2025-04-08T12:08:28.046+0000] {processor.py:208} INFO - Processing /home/airflow/.local/lib/python3.12/site-packages/airflow/example_dags/example_nested_branch_dag.py took 0.195 seconds
[2025-04-08T12:09:01.867+0000] {processor.py:186} INFO - Started process (PID=74884) to work on /home/airflow/.local/lib/python3.12/site-packages/airflow/example_dags/example_nested_branch_dag.py
[2025-04-08T12:09:01.869+0000] {processor.py:914} INFO - Processing file /home/airflow/.local/lib/python3.12/site-packages/airflow/example_dags/example_nested_branch_dag.py for tasks to queue
[2025-04-08T12:09:01.872+0000] {logging_mixin.py:190} INFO - [2025-04-08T12:09:01.871+0000] {dagbag.py:588} INFO - Filling up the DagBag from /home/airflow/.local/lib/python3.12/site-packages/airflow/example_dags/example_nested_branch_dag.py
[2025-04-08T12:09:01.897+0000] {processor.py:925} INFO - DAG(s) 'example_nested_branch_dag' retrieved from /home/airflow/.local/lib/python3.12/site-packages/airflow/example_dags/example_nested_branch_dag.py
[2025-04-08T12:09:01.941+0000] {logging_mixin.py:190} INFO - [2025-04-08T12:09:01.940+0000] {dag.py:3239} INFO - Sync 1 DAGs
[2025-04-08T12:09:02.000+0000] {logging_mixin.py:190} INFO - [2025-04-08T12:09:02.000+0000] {dag.py:4180} INFO - Setting next_dagrun for example_nested_branch_dag to 2025-04-07 00:00:00+00:00, run_after=2025-04-08 00:00:00+00:00
[2025-04-08T12:09:02.041+0000] {processor.py:208} INFO - Processing /home/airflow/.local/lib/python3.12/site-packages/airflow/example_dags/example_nested_branch_dag.py took 0.184 seconds
[2025-04-08T16:49:35.424+0000] {processor.py:186} INFO - Started process (PID=74931) to work on /home/airflow/.local/lib/python3.12/site-packages/airflow/example_dags/example_nested_branch_dag.py
[2025-04-08T16:49:35.439+0000] {processor.py:914} INFO - Processing file /home/airflow/.local/lib/python3.12/site-packages/airflow/example_dags/example_nested_branch_dag.py for tasks to queue
[2025-04-08T16:49:35.479+0000] {logging_mixin.py:190} INFO - [2025-04-08T16:49:35.478+0000] {dagbag.py:588} INFO - Filling up the DagBag from /home/airflow/.local/lib/python3.12/site-packages/airflow/example_dags/example_nested_branch_dag.py
[2025-04-08T16:49:35.647+0000] {processor.py:925} INFO - DAG(s) 'example_nested_branch_dag' retrieved from /home/airflow/.local/lib/python3.12/site-packages/airflow/example_dags/example_nested_branch_dag.py
[2025-04-08T16:49:35.830+0000] {logging_mixin.py:190} INFO - [2025-04-08T16:49:35.830+0000] {dag.py:3239} INFO - Sync 1 DAGs
[2025-04-08T16:49:36.062+0000] {logging_mixin.py:190} INFO - [2025-04-08T16:49:36.061+0000] {dag.py:4180} INFO - Setting next_dagrun for example_nested_branch_dag to 2025-04-07 00:00:00+00:00, run_after=2025-04-08 00:00:00+00:00
[2025-04-08T16:49:36.230+0000] {processor.py:208} INFO - Processing /home/airflow/.local/lib/python3.12/site-packages/airflow/example_dags/example_nested_branch_dag.py took 0.912 seconds
