[2025-04-08T12:02:51.593+0000] {processor.py:186} INFO - Started process (PID=74105) to work on /home/airflow/.local/lib/python3.12/site-packages/airflow/example_dags/example_setup_teardown.py
[2025-04-08T12:02:51.605+0000] {processor.py:914} INFO - Processing file /home/airflow/.local/lib/python3.12/site-packages/airflow/example_dags/example_setup_teardown.py for tasks to queue
[2025-04-08T12:02:51.610+0000] {logging_mixin.py:190} INFO - [2025-04-08T12:02:51.608+0000] {dagbag.py:588} INFO - Filling up the DagBag from /home/airflow/.local/lib/python3.12/site-packages/airflow/example_dags/example_setup_teardown.py
[2025-04-08T12:02:51.685+0000] {processor.py:925} INFO - DAG(s) 'example_setup_teardown' retrieved from /home/airflow/.local/lib/python3.12/site-packages/airflow/example_dags/example_setup_teardown.py
[2025-04-08T12:02:51.814+0000] {logging_mixin.py:190} INFO - [2025-04-08T12:02:51.805+0000] {dag.py:3239} INFO - Sync 1 DAGs
[2025-04-08T12:02:51.928+0000] {logging_mixin.py:190} INFO - [2025-04-08T12:02:51.927+0000] {dag.py:4180} INFO - Setting next_dagrun for example_setup_teardown to None, run_after=None
[2025-04-08T12:02:52.058+0000] {processor.py:208} INFO - Processing /home/airflow/.local/lib/python3.12/site-packages/airflow/example_dags/example_setup_teardown.py took 0.489 seconds
[2025-04-08T12:03:23.003+0000] {processor.py:186} INFO - Started process (PID=74169) to work on /home/airflow/.local/lib/python3.12/site-packages/airflow/example_dags/example_setup_teardown.py
[2025-04-08T12:03:23.009+0000] {processor.py:914} INFO - Processing file /home/airflow/.local/lib/python3.12/site-packages/airflow/example_dags/example_setup_teardown.py for tasks to queue
[2025-04-08T12:03:23.016+0000] {logging_mixin.py:190} INFO - [2025-04-08T12:03:23.013+0000] {dagbag.py:588} INFO - Filling up the DagBag from /home/airflow/.local/lib/python3.12/site-packages/airflow/example_dags/example_setup_teardown.py
[2025-04-08T12:03:23.060+0000] {processor.py:925} INFO - DAG(s) 'example_setup_teardown' retrieved from /home/airflow/.local/lib/python3.12/site-packages/airflow/example_dags/example_setup_teardown.py
[2025-04-08T12:03:23.154+0000] {logging_mixin.py:190} INFO - [2025-04-08T12:03:23.153+0000] {dag.py:3239} INFO - Sync 1 DAGs
[2025-04-08T12:03:23.210+0000] {logging_mixin.py:190} INFO - [2025-04-08T12:03:23.209+0000] {dag.py:4180} INFO - Setting next_dagrun for example_setup_teardown to None, run_after=None
[2025-04-08T12:03:23.307+0000] {processor.py:208} INFO - Processing /home/airflow/.local/lib/python3.12/site-packages/airflow/example_dags/example_setup_teardown.py took 0.328 seconds
[2025-04-08T12:03:53.861+0000] {processor.py:186} INFO - Started process (PID=74240) to work on /home/airflow/.local/lib/python3.12/site-packages/airflow/example_dags/example_setup_teardown.py
[2025-04-08T12:03:53.863+0000] {processor.py:914} INFO - Processing file /home/airflow/.local/lib/python3.12/site-packages/airflow/example_dags/example_setup_teardown.py for tasks to queue
[2025-04-08T12:03:53.867+0000] {logging_mixin.py:190} INFO - [2025-04-08T12:03:53.866+0000] {dagbag.py:588} INFO - Filling up the DagBag from /home/airflow/.local/lib/python3.12/site-packages/airflow/example_dags/example_setup_teardown.py
[2025-04-08T12:03:53.899+0000] {processor.py:925} INFO - DAG(s) 'example_setup_teardown' retrieved from /home/airflow/.local/lib/python3.12/site-packages/airflow/example_dags/example_setup_teardown.py
[2025-04-08T12:03:53.959+0000] {logging_mixin.py:190} INFO - [2025-04-08T12:03:53.959+0000] {dag.py:3239} INFO - Sync 1 DAGs
[2025-04-08T12:03:53.988+0000] {logging_mixin.py:190} INFO - [2025-04-08T12:03:53.987+0000] {dag.py:4180} INFO - Setting next_dagrun for example_setup_teardown to None, run_after=None
[2025-04-08T12:03:54.024+0000] {processor.py:208} INFO - Processing /home/airflow/.local/lib/python3.12/site-packages/airflow/example_dags/example_setup_teardown.py took 0.178 seconds
[2025-04-08T12:04:24.101+0000] {processor.py:186} INFO - Started process (PID=74305) to work on /home/airflow/.local/lib/python3.12/site-packages/airflow/example_dags/example_setup_teardown.py
[2025-04-08T12:04:24.104+0000] {processor.py:914} INFO - Processing file /home/airflow/.local/lib/python3.12/site-packages/airflow/example_dags/example_setup_teardown.py for tasks to queue
[2025-04-08T12:04:24.106+0000] {logging_mixin.py:190} INFO - [2025-04-08T12:04:24.106+0000] {dagbag.py:588} INFO - Filling up the DagBag from /home/airflow/.local/lib/python3.12/site-packages/airflow/example_dags/example_setup_teardown.py
[2025-04-08T12:04:24.126+0000] {processor.py:925} INFO - DAG(s) 'example_setup_teardown' retrieved from /home/airflow/.local/lib/python3.12/site-packages/airflow/example_dags/example_setup_teardown.py
[2025-04-08T12:04:24.162+0000] {logging_mixin.py:190} INFO - [2025-04-08T12:04:24.162+0000] {dag.py:3239} INFO - Sync 1 DAGs
[2025-04-08T12:04:24.191+0000] {logging_mixin.py:190} INFO - [2025-04-08T12:04:24.191+0000] {dag.py:4180} INFO - Setting next_dagrun for example_setup_teardown to None, run_after=None
[2025-04-08T12:04:24.227+0000] {processor.py:208} INFO - Processing /home/airflow/.local/lib/python3.12/site-packages/airflow/example_dags/example_setup_teardown.py took 0.135 seconds
[2025-04-08T12:04:54.772+0000] {processor.py:186} INFO - Started process (PID=74370) to work on /home/airflow/.local/lib/python3.12/site-packages/airflow/example_dags/example_setup_teardown.py
[2025-04-08T12:04:54.774+0000] {processor.py:914} INFO - Processing file /home/airflow/.local/lib/python3.12/site-packages/airflow/example_dags/example_setup_teardown.py for tasks to queue
[2025-04-08T12:04:54.777+0000] {logging_mixin.py:190} INFO - [2025-04-08T12:04:54.777+0000] {dagbag.py:588} INFO - Filling up the DagBag from /home/airflow/.local/lib/python3.12/site-packages/airflow/example_dags/example_setup_teardown.py
[2025-04-08T12:04:54.795+0000] {processor.py:925} INFO - DAG(s) 'example_setup_teardown' retrieved from /home/airflow/.local/lib/python3.12/site-packages/airflow/example_dags/example_setup_teardown.py
[2025-04-08T12:04:54.837+0000] {logging_mixin.py:190} INFO - [2025-04-08T12:04:54.836+0000] {dag.py:3239} INFO - Sync 1 DAGs
[2025-04-08T12:04:54.864+0000] {logging_mixin.py:190} INFO - [2025-04-08T12:04:54.863+0000] {dag.py:4180} INFO - Setting next_dagrun for example_setup_teardown to None, run_after=None
[2025-04-08T12:04:54.911+0000] {processor.py:208} INFO - Processing /home/airflow/.local/lib/python3.12/site-packages/airflow/example_dags/example_setup_teardown.py took 0.150 seconds
[2025-04-08T12:05:25.256+0000] {processor.py:186} INFO - Started process (PID=74435) to work on /home/airflow/.local/lib/python3.12/site-packages/airflow/example_dags/example_setup_teardown.py
[2025-04-08T12:05:25.258+0000] {processor.py:914} INFO - Processing file /home/airflow/.local/lib/python3.12/site-packages/airflow/example_dags/example_setup_teardown.py for tasks to queue
[2025-04-08T12:05:25.266+0000] {logging_mixin.py:190} INFO - [2025-04-08T12:05:25.263+0000] {dagbag.py:588} INFO - Filling up the DagBag from /home/airflow/.local/lib/python3.12/site-packages/airflow/example_dags/example_setup_teardown.py
[2025-04-08T12:05:25.291+0000] {processor.py:925} INFO - DAG(s) 'example_setup_teardown' retrieved from /home/airflow/.local/lib/python3.12/site-packages/airflow/example_dags/example_setup_teardown.py
[2025-04-08T12:05:25.335+0000] {logging_mixin.py:190} INFO - [2025-04-08T12:05:25.334+0000] {dag.py:3239} INFO - Sync 1 DAGs
[2025-04-08T12:05:25.368+0000] {logging_mixin.py:190} INFO - [2025-04-08T12:05:25.367+0000] {dag.py:4180} INFO - Setting next_dagrun for example_setup_teardown to None, run_after=None
[2025-04-08T12:05:25.421+0000] {processor.py:208} INFO - Processing /home/airflow/.local/lib/python3.12/site-packages/airflow/example_dags/example_setup_teardown.py took 0.176 seconds
[2025-04-08T12:05:55.780+0000] {processor.py:186} INFO - Started process (PID=74500) to work on /home/airflow/.local/lib/python3.12/site-packages/airflow/example_dags/example_setup_teardown.py
[2025-04-08T12:05:55.782+0000] {processor.py:914} INFO - Processing file /home/airflow/.local/lib/python3.12/site-packages/airflow/example_dags/example_setup_teardown.py for tasks to queue
[2025-04-08T12:05:55.784+0000] {logging_mixin.py:190} INFO - [2025-04-08T12:05:55.783+0000] {dagbag.py:588} INFO - Filling up the DagBag from /home/airflow/.local/lib/python3.12/site-packages/airflow/example_dags/example_setup_teardown.py
[2025-04-08T12:05:55.797+0000] {processor.py:925} INFO - DAG(s) 'example_setup_teardown' retrieved from /home/airflow/.local/lib/python3.12/site-packages/airflow/example_dags/example_setup_teardown.py
[2025-04-08T12:05:55.832+0000] {logging_mixin.py:190} INFO - [2025-04-08T12:05:55.832+0000] {dag.py:3239} INFO - Sync 1 DAGs
[2025-04-08T12:05:55.856+0000] {logging_mixin.py:190} INFO - [2025-04-08T12:05:55.856+0000] {dag.py:4180} INFO - Setting next_dagrun for example_setup_teardown to None, run_after=None
[2025-04-08T12:05:55.891+0000] {processor.py:208} INFO - Processing /home/airflow/.local/lib/python3.12/site-packages/airflow/example_dags/example_setup_teardown.py took 0.121 seconds
[2025-04-08T12:06:26.663+0000] {processor.py:186} INFO - Started process (PID=74565) to work on /home/airflow/.local/lib/python3.12/site-packages/airflow/example_dags/example_setup_teardown.py
[2025-04-08T12:06:26.665+0000] {processor.py:914} INFO - Processing file /home/airflow/.local/lib/python3.12/site-packages/airflow/example_dags/example_setup_teardown.py for tasks to queue
[2025-04-08T12:06:26.668+0000] {logging_mixin.py:190} INFO - [2025-04-08T12:06:26.667+0000] {dagbag.py:588} INFO - Filling up the DagBag from /home/airflow/.local/lib/python3.12/site-packages/airflow/example_dags/example_setup_teardown.py
[2025-04-08T12:06:26.681+0000] {processor.py:925} INFO - DAG(s) 'example_setup_teardown' retrieved from /home/airflow/.local/lib/python3.12/site-packages/airflow/example_dags/example_setup_teardown.py
[2025-04-08T12:06:26.730+0000] {logging_mixin.py:190} INFO - [2025-04-08T12:06:26.730+0000] {dag.py:3239} INFO - Sync 1 DAGs
[2025-04-08T12:06:26.783+0000] {logging_mixin.py:190} INFO - [2025-04-08T12:06:26.783+0000] {dag.py:4180} INFO - Setting next_dagrun for example_setup_teardown to None, run_after=None
[2025-04-08T12:06:26.833+0000] {processor.py:208} INFO - Processing /home/airflow/.local/lib/python3.12/site-packages/airflow/example_dags/example_setup_teardown.py took 0.180 seconds
[2025-04-08T12:06:57.581+0000] {processor.py:186} INFO - Started process (PID=74631) to work on /home/airflow/.local/lib/python3.12/site-packages/airflow/example_dags/example_setup_teardown.py
[2025-04-08T12:06:57.583+0000] {processor.py:914} INFO - Processing file /home/airflow/.local/lib/python3.12/site-packages/airflow/example_dags/example_setup_teardown.py for tasks to queue
[2025-04-08T12:06:57.585+0000] {logging_mixin.py:190} INFO - [2025-04-08T12:06:57.585+0000] {dagbag.py:588} INFO - Filling up the DagBag from /home/airflow/.local/lib/python3.12/site-packages/airflow/example_dags/example_setup_teardown.py
[2025-04-08T12:06:57.600+0000] {processor.py:925} INFO - DAG(s) 'example_setup_teardown' retrieved from /home/airflow/.local/lib/python3.12/site-packages/airflow/example_dags/example_setup_teardown.py
[2025-04-08T12:06:57.637+0000] {logging_mixin.py:190} INFO - [2025-04-08T12:06:57.637+0000] {dag.py:3239} INFO - Sync 1 DAGs
[2025-04-08T12:06:57.663+0000] {logging_mixin.py:190} INFO - [2025-04-08T12:06:57.662+0000] {dag.py:4180} INFO - Setting next_dagrun for example_setup_teardown to None, run_after=None
[2025-04-08T12:06:57.711+0000] {processor.py:208} INFO - Processing /home/airflow/.local/lib/python3.12/site-packages/airflow/example_dags/example_setup_teardown.py took 0.144 seconds
[2025-04-08T12:07:28.047+0000] {processor.py:186} INFO - Started process (PID=74696) to work on /home/airflow/.local/lib/python3.12/site-packages/airflow/example_dags/example_setup_teardown.py
[2025-04-08T12:07:28.050+0000] {processor.py:914} INFO - Processing file /home/airflow/.local/lib/python3.12/site-packages/airflow/example_dags/example_setup_teardown.py for tasks to queue
[2025-04-08T12:07:28.053+0000] {logging_mixin.py:190} INFO - [2025-04-08T12:07:28.052+0000] {dagbag.py:588} INFO - Filling up the DagBag from /home/airflow/.local/lib/python3.12/site-packages/airflow/example_dags/example_setup_teardown.py
[2025-04-08T12:07:28.067+0000] {processor.py:925} INFO - DAG(s) 'example_setup_teardown' retrieved from /home/airflow/.local/lib/python3.12/site-packages/airflow/example_dags/example_setup_teardown.py
[2025-04-08T12:07:28.100+0000] {logging_mixin.py:190} INFO - [2025-04-08T12:07:28.100+0000] {dag.py:3239} INFO - Sync 1 DAGs
[2025-04-08T12:07:28.128+0000] {logging_mixin.py:190} INFO - [2025-04-08T12:07:28.128+0000] {dag.py:4180} INFO - Setting next_dagrun for example_setup_teardown to None, run_after=None
[2025-04-08T12:07:28.179+0000] {processor.py:208} INFO - Processing /home/airflow/.local/lib/python3.12/site-packages/airflow/example_dags/example_setup_teardown.py took 0.143 seconds
[2025-04-08T12:07:58.842+0000] {processor.py:186} INFO - Started process (PID=74760) to work on /home/airflow/.local/lib/python3.12/site-packages/airflow/example_dags/example_setup_teardown.py
[2025-04-08T12:07:58.844+0000] {processor.py:914} INFO - Processing file /home/airflow/.local/lib/python3.12/site-packages/airflow/example_dags/example_setup_teardown.py for tasks to queue
[2025-04-08T12:07:58.847+0000] {logging_mixin.py:190} INFO - [2025-04-08T12:07:58.846+0000] {dagbag.py:588} INFO - Filling up the DagBag from /home/airflow/.local/lib/python3.12/site-packages/airflow/example_dags/example_setup_teardown.py
[2025-04-08T12:07:58.863+0000] {processor.py:925} INFO - DAG(s) 'example_setup_teardown' retrieved from /home/airflow/.local/lib/python3.12/site-packages/airflow/example_dags/example_setup_teardown.py
[2025-04-08T12:07:58.899+0000] {logging_mixin.py:190} INFO - [2025-04-08T12:07:58.898+0000] {dag.py:3239} INFO - Sync 1 DAGs
[2025-04-08T12:07:58.924+0000] {logging_mixin.py:190} INFO - [2025-04-08T12:07:58.924+0000] {dag.py:4180} INFO - Setting next_dagrun for example_setup_teardown to None, run_after=None
[2025-04-08T12:07:58.974+0000] {processor.py:208} INFO - Processing /home/airflow/.local/lib/python3.12/site-packages/airflow/example_dags/example_setup_teardown.py took 0.143 seconds
[2025-04-08T12:08:29.341+0000] {processor.py:186} INFO - Started process (PID=74822) to work on /home/airflow/.local/lib/python3.12/site-packages/airflow/example_dags/example_setup_teardown.py
[2025-04-08T12:08:29.342+0000] {processor.py:914} INFO - Processing file /home/airflow/.local/lib/python3.12/site-packages/airflow/example_dags/example_setup_teardown.py for tasks to queue
[2025-04-08T12:08:29.345+0000] {logging_mixin.py:190} INFO - [2025-04-08T12:08:29.344+0000] {dagbag.py:588} INFO - Filling up the DagBag from /home/airflow/.local/lib/python3.12/site-packages/airflow/example_dags/example_setup_teardown.py
[2025-04-08T12:08:29.361+0000] {processor.py:925} INFO - DAG(s) 'example_setup_teardown' retrieved from /home/airflow/.local/lib/python3.12/site-packages/airflow/example_dags/example_setup_teardown.py
[2025-04-08T12:08:29.399+0000] {logging_mixin.py:190} INFO - [2025-04-08T12:08:29.399+0000] {dag.py:3239} INFO - Sync 1 DAGs
[2025-04-08T12:08:29.426+0000] {logging_mixin.py:190} INFO - [2025-04-08T12:08:29.425+0000] {dag.py:4180} INFO - Setting next_dagrun for example_setup_teardown to None, run_after=None
[2025-04-08T12:08:29.465+0000] {processor.py:208} INFO - Processing /home/airflow/.local/lib/python3.12/site-packages/airflow/example_dags/example_setup_teardown.py took 0.133 seconds
[2025-04-08T12:09:02.165+0000] {processor.py:186} INFO - Started process (PID=74887) to work on /home/airflow/.local/lib/python3.12/site-packages/airflow/example_dags/example_setup_teardown.py
[2025-04-08T12:09:02.168+0000] {processor.py:914} INFO - Processing file /home/airflow/.local/lib/python3.12/site-packages/airflow/example_dags/example_setup_teardown.py for tasks to queue
[2025-04-08T12:09:02.171+0000] {logging_mixin.py:190} INFO - [2025-04-08T12:09:02.171+0000] {dagbag.py:588} INFO - Filling up the DagBag from /home/airflow/.local/lib/python3.12/site-packages/airflow/example_dags/example_setup_teardown.py
[2025-04-08T12:09:02.196+0000] {processor.py:925} INFO - DAG(s) 'example_setup_teardown' retrieved from /home/airflow/.local/lib/python3.12/site-packages/airflow/example_dags/example_setup_teardown.py
[2025-04-08T12:09:02.257+0000] {logging_mixin.py:190} INFO - [2025-04-08T12:09:02.256+0000] {dag.py:3239} INFO - Sync 1 DAGs
[2025-04-08T12:09:02.311+0000] {logging_mixin.py:190} INFO - [2025-04-08T12:09:02.310+0000] {dag.py:4180} INFO - Setting next_dagrun for example_setup_teardown to None, run_after=None
[2025-04-08T12:09:02.390+0000] {processor.py:208} INFO - Processing /home/airflow/.local/lib/python3.12/site-packages/airflow/example_dags/example_setup_teardown.py took 0.239 seconds
