[2025-04-08T12:02:22.835+0000] {processor.py:186} INFO - Started process (PID=74056) to work on /home/airflow/.local/lib/python3.12/site-packages/airflow/example_dags/example_trigger_target_dag.py
[2025-04-08T12:02:22.844+0000] {processor.py:914} INFO - Processing file /home/airflow/.local/lib/python3.12/site-packages/airflow/example_dags/example_trigger_target_dag.py for tasks to queue
[2025-04-08T12:02:22.854+0000] {logging_mixin.py:190} INFO - [2025-04-08T12:02:22.852+0000] {dagbag.py:588} INFO - Filling up the DagBag from /home/airflow/.local/lib/python3.12/site-packages/airflow/example_dags/example_trigger_target_dag.py
[2025-04-08T12:02:23.043+0000] {processor.py:925} INFO - DAG(s) 'example_trigger_target_dag' retrieved from /home/airflow/.local/lib/python3.12/site-packages/airflow/example_dags/example_trigger_target_dag.py
[2025-04-08T12:02:23.234+0000] {logging_mixin.py:190} INFO - [2025-04-08T12:02:23.224+0000] {dag.py:3239} INFO - Sync 1 DAGs
[2025-04-08T12:02:23.351+0000] {logging_mixin.py:190} INFO - [2025-04-08T12:02:23.350+0000] {dag.py:4180} INFO - Setting next_dagrun for example_trigger_target_dag to None, run_after=None
[2025-04-08T12:02:23.507+0000] {processor.py:208} INFO - Processing /home/airflow/.local/lib/python3.12/site-packages/airflow/example_dags/example_trigger_target_dag.py took 0.699 seconds
[2025-04-08T12:02:56.083+0000] {processor.py:186} INFO - Started process (PID=74121) to work on /home/airflow/.local/lib/python3.12/site-packages/airflow/example_dags/example_trigger_target_dag.py
[2025-04-08T12:02:56.098+0000] {processor.py:914} INFO - Processing file /home/airflow/.local/lib/python3.12/site-packages/airflow/example_dags/example_trigger_target_dag.py for tasks to queue
[2025-04-08T12:02:56.105+0000] {logging_mixin.py:190} INFO - [2025-04-08T12:02:56.104+0000] {dagbag.py:588} INFO - Filling up the DagBag from /home/airflow/.local/lib/python3.12/site-packages/airflow/example_dags/example_trigger_target_dag.py
[2025-04-08T12:02:56.142+0000] {processor.py:925} INFO - DAG(s) 'example_trigger_target_dag' retrieved from /home/airflow/.local/lib/python3.12/site-packages/airflow/example_dags/example_trigger_target_dag.py
[2025-04-08T12:02:56.219+0000] {logging_mixin.py:190} INFO - [2025-04-08T12:02:56.219+0000] {dag.py:3239} INFO - Sync 1 DAGs
[2025-04-08T12:02:56.293+0000] {logging_mixin.py:190} INFO - [2025-04-08T12:02:56.293+0000] {dag.py:4180} INFO - Setting next_dagrun for example_trigger_target_dag to None, run_after=None
[2025-04-08T12:02:56.414+0000] {processor.py:208} INFO - Processing /home/airflow/.local/lib/python3.12/site-packages/airflow/example_dags/example_trigger_target_dag.py took 0.356 seconds
[2025-04-08T12:03:30.145+0000] {processor.py:186} INFO - Started process (PID=74186) to work on /home/airflow/.local/lib/python3.12/site-packages/airflow/example_dags/example_trigger_target_dag.py
[2025-04-08T12:03:30.158+0000] {processor.py:914} INFO - Processing file /home/airflow/.local/lib/python3.12/site-packages/airflow/example_dags/example_trigger_target_dag.py for tasks to queue
[2025-04-08T12:03:30.164+0000] {logging_mixin.py:190} INFO - [2025-04-08T12:03:30.163+0000] {dagbag.py:588} INFO - Filling up the DagBag from /home/airflow/.local/lib/python3.12/site-packages/airflow/example_dags/example_trigger_target_dag.py
[2025-04-08T12:03:30.215+0000] {processor.py:925} INFO - DAG(s) 'example_trigger_target_dag' retrieved from /home/airflow/.local/lib/python3.12/site-packages/airflow/example_dags/example_trigger_target_dag.py
[2025-04-08T12:03:30.321+0000] {logging_mixin.py:190} INFO - [2025-04-08T12:03:30.320+0000] {dag.py:3239} INFO - Sync 1 DAGs
[2025-04-08T12:03:30.436+0000] {logging_mixin.py:190} INFO - [2025-04-08T12:03:30.431+0000] {dag.py:4180} INFO - Setting next_dagrun for example_trigger_target_dag to None, run_after=None
[2025-04-08T12:03:30.570+0000] {processor.py:208} INFO - Processing /home/airflow/.local/lib/python3.12/site-packages/airflow/example_dags/example_trigger_target_dag.py took 0.444 seconds
[2025-04-08T12:04:01.657+0000] {processor.py:186} INFO - Started process (PID=74251) to work on /home/airflow/.local/lib/python3.12/site-packages/airflow/example_dags/example_trigger_target_dag.py
[2025-04-08T12:04:01.660+0000] {processor.py:914} INFO - Processing file /home/airflow/.local/lib/python3.12/site-packages/airflow/example_dags/example_trigger_target_dag.py for tasks to queue
[2025-04-08T12:04:01.663+0000] {logging_mixin.py:190} INFO - [2025-04-08T12:04:01.662+0000] {dagbag.py:588} INFO - Filling up the DagBag from /home/airflow/.local/lib/python3.12/site-packages/airflow/example_dags/example_trigger_target_dag.py
[2025-04-08T12:04:01.683+0000] {processor.py:925} INFO - DAG(s) 'example_trigger_target_dag' retrieved from /home/airflow/.local/lib/python3.12/site-packages/airflow/example_dags/example_trigger_target_dag.py
[2025-04-08T12:04:01.756+0000] {logging_mixin.py:190} INFO - [2025-04-08T12:04:01.756+0000] {dag.py:3239} INFO - Sync 1 DAGs
[2025-04-08T12:04:01.813+0000] {logging_mixin.py:190} INFO - [2025-04-08T12:04:01.812+0000] {dag.py:4180} INFO - Setting next_dagrun for example_trigger_target_dag to None, run_after=None
[2025-04-08T12:04:01.870+0000] {processor.py:208} INFO - Processing /home/airflow/.local/lib/python3.12/site-packages/airflow/example_dags/example_trigger_target_dag.py took 0.233 seconds
[2025-04-08T12:04:32.259+0000] {processor.py:186} INFO - Started process (PID=74316) to work on /home/airflow/.local/lib/python3.12/site-packages/airflow/example_dags/example_trigger_target_dag.py
[2025-04-08T12:04:32.262+0000] {processor.py:914} INFO - Processing file /home/airflow/.local/lib/python3.12/site-packages/airflow/example_dags/example_trigger_target_dag.py for tasks to queue
[2025-04-08T12:04:32.266+0000] {logging_mixin.py:190} INFO - [2025-04-08T12:04:32.265+0000] {dagbag.py:588} INFO - Filling up the DagBag from /home/airflow/.local/lib/python3.12/site-packages/airflow/example_dags/example_trigger_target_dag.py
[2025-04-08T12:04:32.284+0000] {processor.py:925} INFO - DAG(s) 'example_trigger_target_dag' retrieved from /home/airflow/.local/lib/python3.12/site-packages/airflow/example_dags/example_trigger_target_dag.py
[2025-04-08T12:04:32.319+0000] {logging_mixin.py:190} INFO - [2025-04-08T12:04:32.318+0000] {dag.py:3239} INFO - Sync 1 DAGs
[2025-04-08T12:04:32.349+0000] {logging_mixin.py:190} INFO - [2025-04-08T12:04:32.349+0000] {dag.py:4180} INFO - Setting next_dagrun for example_trigger_target_dag to None, run_after=None
[2025-04-08T12:04:32.388+0000] {processor.py:208} INFO - Processing /home/airflow/.local/lib/python3.12/site-packages/airflow/example_dags/example_trigger_target_dag.py took 0.139 seconds
[2025-04-08T12:05:03.167+0000] {processor.py:186} INFO - Started process (PID=74381) to work on /home/airflow/.local/lib/python3.12/site-packages/airflow/example_dags/example_trigger_target_dag.py
[2025-04-08T12:05:03.169+0000] {processor.py:914} INFO - Processing file /home/airflow/.local/lib/python3.12/site-packages/airflow/example_dags/example_trigger_target_dag.py for tasks to queue
[2025-04-08T12:05:03.173+0000] {logging_mixin.py:190} INFO - [2025-04-08T12:05:03.171+0000] {dagbag.py:588} INFO - Filling up the DagBag from /home/airflow/.local/lib/python3.12/site-packages/airflow/example_dags/example_trigger_target_dag.py
[2025-04-08T12:05:03.192+0000] {processor.py:925} INFO - DAG(s) 'example_trigger_target_dag' retrieved from /home/airflow/.local/lib/python3.12/site-packages/airflow/example_dags/example_trigger_target_dag.py
[2025-04-08T12:05:03.234+0000] {logging_mixin.py:190} INFO - [2025-04-08T12:05:03.233+0000] {dag.py:3239} INFO - Sync 1 DAGs
[2025-04-08T12:05:03.271+0000] {logging_mixin.py:190} INFO - [2025-04-08T12:05:03.270+0000] {dag.py:4180} INFO - Setting next_dagrun for example_trigger_target_dag to None, run_after=None
[2025-04-08T12:05:03.318+0000] {processor.py:208} INFO - Processing /home/airflow/.local/lib/python3.12/site-packages/airflow/example_dags/example_trigger_target_dag.py took 0.165 seconds
[2025-04-08T12:05:33.482+0000] {processor.py:186} INFO - Started process (PID=74445) to work on /home/airflow/.local/lib/python3.12/site-packages/airflow/example_dags/example_trigger_target_dag.py
[2025-04-08T12:05:33.484+0000] {processor.py:914} INFO - Processing file /home/airflow/.local/lib/python3.12/site-packages/airflow/example_dags/example_trigger_target_dag.py for tasks to queue
[2025-04-08T12:05:33.487+0000] {logging_mixin.py:190} INFO - [2025-04-08T12:05:33.486+0000] {dagbag.py:588} INFO - Filling up the DagBag from /home/airflow/.local/lib/python3.12/site-packages/airflow/example_dags/example_trigger_target_dag.py
[2025-04-08T12:05:33.501+0000] {processor.py:925} INFO - DAG(s) 'example_trigger_target_dag' retrieved from /home/airflow/.local/lib/python3.12/site-packages/airflow/example_dags/example_trigger_target_dag.py
[2025-04-08T12:05:33.535+0000] {logging_mixin.py:190} INFO - [2025-04-08T12:05:33.534+0000] {dag.py:3239} INFO - Sync 1 DAGs
[2025-04-08T12:05:33.560+0000] {logging_mixin.py:190} INFO - [2025-04-08T12:05:33.559+0000] {dag.py:4180} INFO - Setting next_dagrun for example_trigger_target_dag to None, run_after=None
[2025-04-08T12:05:33.605+0000] {processor.py:208} INFO - Processing /home/airflow/.local/lib/python3.12/site-packages/airflow/example_dags/example_trigger_target_dag.py took 0.132 seconds
[2025-04-08T12:06:03.806+0000] {processor.py:186} INFO - Started process (PID=74510) to work on /home/airflow/.local/lib/python3.12/site-packages/airflow/example_dags/example_trigger_target_dag.py
[2025-04-08T12:06:03.808+0000] {processor.py:914} INFO - Processing file /home/airflow/.local/lib/python3.12/site-packages/airflow/example_dags/example_trigger_target_dag.py for tasks to queue
[2025-04-08T12:06:03.810+0000] {logging_mixin.py:190} INFO - [2025-04-08T12:06:03.810+0000] {dagbag.py:588} INFO - Filling up the DagBag from /home/airflow/.local/lib/python3.12/site-packages/airflow/example_dags/example_trigger_target_dag.py
[2025-04-08T12:06:03.823+0000] {processor.py:925} INFO - DAG(s) 'example_trigger_target_dag' retrieved from /home/airflow/.local/lib/python3.12/site-packages/airflow/example_dags/example_trigger_target_dag.py
[2025-04-08T12:06:03.859+0000] {logging_mixin.py:190} INFO - [2025-04-08T12:06:03.858+0000] {dag.py:3239} INFO - Sync 1 DAGs
[2025-04-08T12:06:03.883+0000] {logging_mixin.py:190} INFO - [2025-04-08T12:06:03.882+0000] {dag.py:4180} INFO - Setting next_dagrun for example_trigger_target_dag to None, run_after=None
[2025-04-08T12:06:03.930+0000] {processor.py:208} INFO - Processing /home/airflow/.local/lib/python3.12/site-packages/airflow/example_dags/example_trigger_target_dag.py took 0.133 seconds
[2025-04-08T12:06:34.667+0000] {processor.py:186} INFO - Started process (PID=74575) to work on /home/airflow/.local/lib/python3.12/site-packages/airflow/example_dags/example_trigger_target_dag.py
[2025-04-08T12:06:34.669+0000] {processor.py:914} INFO - Processing file /home/airflow/.local/lib/python3.12/site-packages/airflow/example_dags/example_trigger_target_dag.py for tasks to queue
[2025-04-08T12:06:34.671+0000] {logging_mixin.py:190} INFO - [2025-04-08T12:06:34.671+0000] {dagbag.py:588} INFO - Filling up the DagBag from /home/airflow/.local/lib/python3.12/site-packages/airflow/example_dags/example_trigger_target_dag.py
[2025-04-08T12:06:34.685+0000] {processor.py:925} INFO - DAG(s) 'example_trigger_target_dag' retrieved from /home/airflow/.local/lib/python3.12/site-packages/airflow/example_dags/example_trigger_target_dag.py
[2025-04-08T12:06:34.717+0000] {logging_mixin.py:190} INFO - [2025-04-08T12:06:34.717+0000] {dag.py:3239} INFO - Sync 1 DAGs
[2025-04-08T12:06:34.743+0000] {logging_mixin.py:190} INFO - [2025-04-08T12:06:34.742+0000] {dag.py:4180} INFO - Setting next_dagrun for example_trigger_target_dag to None, run_after=None
[2025-04-08T12:06:34.777+0000] {processor.py:208} INFO - Processing /home/airflow/.local/lib/python3.12/site-packages/airflow/example_dags/example_trigger_target_dag.py took 0.118 seconds
[2025-04-08T12:07:05.850+0000] {processor.py:186} INFO - Started process (PID=74641) to work on /home/airflow/.local/lib/python3.12/site-packages/airflow/example_dags/example_trigger_target_dag.py
[2025-04-08T12:07:05.852+0000] {processor.py:914} INFO - Processing file /home/airflow/.local/lib/python3.12/site-packages/airflow/example_dags/example_trigger_target_dag.py for tasks to queue
[2025-04-08T12:07:05.855+0000] {logging_mixin.py:190} INFO - [2025-04-08T12:07:05.854+0000] {dagbag.py:588} INFO - Filling up the DagBag from /home/airflow/.local/lib/python3.12/site-packages/airflow/example_dags/example_trigger_target_dag.py
[2025-04-08T12:07:05.868+0000] {processor.py:925} INFO - DAG(s) 'example_trigger_target_dag' retrieved from /home/airflow/.local/lib/python3.12/site-packages/airflow/example_dags/example_trigger_target_dag.py
[2025-04-08T12:07:05.900+0000] {logging_mixin.py:190} INFO - [2025-04-08T12:07:05.900+0000] {dag.py:3239} INFO - Sync 1 DAGs
[2025-04-08T12:07:05.925+0000] {logging_mixin.py:190} INFO - [2025-04-08T12:07:05.924+0000] {dag.py:4180} INFO - Setting next_dagrun for example_trigger_target_dag to None, run_after=None
[2025-04-08T12:07:05.963+0000] {processor.py:208} INFO - Processing /home/airflow/.local/lib/python3.12/site-packages/airflow/example_dags/example_trigger_target_dag.py took 0.122 seconds
[2025-04-08T12:07:36.238+0000] {processor.py:186} INFO - Started process (PID=74706) to work on /home/airflow/.local/lib/python3.12/site-packages/airflow/example_dags/example_trigger_target_dag.py
[2025-04-08T12:07:36.241+0000] {processor.py:914} INFO - Processing file /home/airflow/.local/lib/python3.12/site-packages/airflow/example_dags/example_trigger_target_dag.py for tasks to queue
[2025-04-08T12:07:36.244+0000] {logging_mixin.py:190} INFO - [2025-04-08T12:07:36.243+0000] {dagbag.py:588} INFO - Filling up the DagBag from /home/airflow/.local/lib/python3.12/site-packages/airflow/example_dags/example_trigger_target_dag.py
[2025-04-08T12:07:36.259+0000] {processor.py:925} INFO - DAG(s) 'example_trigger_target_dag' retrieved from /home/airflow/.local/lib/python3.12/site-packages/airflow/example_dags/example_trigger_target_dag.py
[2025-04-08T12:07:36.295+0000] {logging_mixin.py:190} INFO - [2025-04-08T12:07:36.294+0000] {dag.py:3239} INFO - Sync 1 DAGs
[2025-04-08T12:07:36.323+0000] {logging_mixin.py:190} INFO - [2025-04-08T12:07:36.323+0000] {dag.py:4180} INFO - Setting next_dagrun for example_trigger_target_dag to None, run_after=None
[2025-04-08T12:07:36.372+0000] {processor.py:208} INFO - Processing /home/airflow/.local/lib/python3.12/site-packages/airflow/example_dags/example_trigger_target_dag.py took 0.144 seconds
[2025-04-08T12:08:06.540+0000] {processor.py:186} INFO - Started process (PID=74772) to work on /home/airflow/.local/lib/python3.12/site-packages/airflow/example_dags/example_trigger_target_dag.py
[2025-04-08T12:08:06.542+0000] {processor.py:914} INFO - Processing file /home/airflow/.local/lib/python3.12/site-packages/airflow/example_dags/example_trigger_target_dag.py for tasks to queue
[2025-04-08T12:08:06.545+0000] {logging_mixin.py:190} INFO - [2025-04-08T12:08:06.544+0000] {dagbag.py:588} INFO - Filling up the DagBag from /home/airflow/.local/lib/python3.12/site-packages/airflow/example_dags/example_trigger_target_dag.py
[2025-04-08T12:08:06.564+0000] {processor.py:925} INFO - DAG(s) 'example_trigger_target_dag' retrieved from /home/airflow/.local/lib/python3.12/site-packages/airflow/example_dags/example_trigger_target_dag.py
[2025-04-08T12:08:06.599+0000] {logging_mixin.py:190} INFO - [2025-04-08T12:08:06.599+0000] {dag.py:3239} INFO - Sync 1 DAGs
[2025-04-08T12:08:06.624+0000] {logging_mixin.py:190} INFO - [2025-04-08T12:08:06.623+0000] {dag.py:4180} INFO - Setting next_dagrun for example_trigger_target_dag to None, run_after=None
[2025-04-08T12:08:06.673+0000] {processor.py:208} INFO - Processing /home/airflow/.local/lib/python3.12/site-packages/airflow/example_dags/example_trigger_target_dag.py took 0.142 seconds
[2025-04-08T12:08:37.477+0000] {processor.py:186} INFO - Started process (PID=74837) to work on /home/airflow/.local/lib/python3.12/site-packages/airflow/example_dags/example_trigger_target_dag.py
[2025-04-08T12:08:37.485+0000] {processor.py:914} INFO - Processing file /home/airflow/.local/lib/python3.12/site-packages/airflow/example_dags/example_trigger_target_dag.py for tasks to queue
[2025-04-08T12:08:37.493+0000] {logging_mixin.py:190} INFO - [2025-04-08T12:08:37.492+0000] {dagbag.py:588} INFO - Filling up the DagBag from /home/airflow/.local/lib/python3.12/site-packages/airflow/example_dags/example_trigger_target_dag.py
[2025-04-08T12:08:37.555+0000] {processor.py:925} INFO - DAG(s) 'example_trigger_target_dag' retrieved from /home/airflow/.local/lib/python3.12/site-packages/airflow/example_dags/example_trigger_target_dag.py
[2025-04-08T12:08:37.684+0000] {logging_mixin.py:190} INFO - [2025-04-08T12:08:37.683+0000] {dag.py:3239} INFO - Sync 1 DAGs
[2025-04-08T12:08:37.776+0000] {logging_mixin.py:190} INFO - [2025-04-08T12:08:37.775+0000] {dag.py:4180} INFO - Setting next_dagrun for example_trigger_target_dag to None, run_after=None
[2025-04-08T12:08:37.875+0000] {processor.py:208} INFO - Processing /home/airflow/.local/lib/python3.12/site-packages/airflow/example_dags/example_trigger_target_dag.py took 0.426 seconds
[2025-04-08T12:09:08.135+0000] {processor.py:186} INFO - Started process (PID=74902) to work on /home/airflow/.local/lib/python3.12/site-packages/airflow/example_dags/example_trigger_target_dag.py
[2025-04-08T12:09:08.137+0000] {processor.py:914} INFO - Processing file /home/airflow/.local/lib/python3.12/site-packages/airflow/example_dags/example_trigger_target_dag.py for tasks to queue
[2025-04-08T12:09:08.140+0000] {logging_mixin.py:190} INFO - [2025-04-08T12:09:08.139+0000] {dagbag.py:588} INFO - Filling up the DagBag from /home/airflow/.local/lib/python3.12/site-packages/airflow/example_dags/example_trigger_target_dag.py
[2025-04-08T12:09:08.155+0000] {processor.py:925} INFO - DAG(s) 'example_trigger_target_dag' retrieved from /home/airflow/.local/lib/python3.12/site-packages/airflow/example_dags/example_trigger_target_dag.py
[2025-04-08T12:09:08.196+0000] {logging_mixin.py:190} INFO - [2025-04-08T12:09:08.195+0000] {dag.py:3239} INFO - Sync 1 DAGs
[2025-04-08T12:09:08.235+0000] {logging_mixin.py:190} INFO - [2025-04-08T12:09:08.235+0000] {dag.py:4180} INFO - Setting next_dagrun for example_trigger_target_dag to None, run_after=None
[2025-04-08T12:09:08.291+0000] {processor.py:208} INFO - Processing /home/airflow/.local/lib/python3.12/site-packages/airflow/example_dags/example_trigger_target_dag.py took 0.169 seconds
[2025-04-08T16:49:41.203+0000] {processor.py:186} INFO - Started process (PID=74942) to work on /home/airflow/.local/lib/python3.12/site-packages/airflow/example_dags/example_trigger_target_dag.py
[2025-04-08T16:49:41.206+0000] {processor.py:914} INFO - Processing file /home/airflow/.local/lib/python3.12/site-packages/airflow/example_dags/example_trigger_target_dag.py for tasks to queue
[2025-04-08T16:49:41.217+0000] {logging_mixin.py:190} INFO - [2025-04-08T16:49:41.209+0000] {dagbag.py:588} INFO - Filling up the DagBag from /home/airflow/.local/lib/python3.12/site-packages/airflow/example_dags/example_trigger_target_dag.py
[2025-04-08T16:49:41.261+0000] {processor.py:925} INFO - DAG(s) 'example_trigger_target_dag' retrieved from /home/airflow/.local/lib/python3.12/site-packages/airflow/example_dags/example_trigger_target_dag.py
[2025-04-08T16:49:41.374+0000] {logging_mixin.py:190} INFO - [2025-04-08T16:49:41.373+0000] {dag.py:3239} INFO - Sync 1 DAGs
[2025-04-08T16:49:41.451+0000] {logging_mixin.py:190} INFO - [2025-04-08T16:49:41.450+0000] {dag.py:4180} INFO - Setting next_dagrun for example_trigger_target_dag to None, run_after=None
[2025-04-08T16:49:41.572+0000] {processor.py:208} INFO - Processing /home/airflow/.local/lib/python3.12/site-packages/airflow/example_dags/example_trigger_target_dag.py took 0.404 seconds
