[2025-04-08T12:02:20.699+0000] {processor.py:186} INFO - Started process (PID=74048) to work on /home/airflow/.local/lib/python3.12/site-packages/airflow/example_dags/example_branch_operator.py
[2025-04-08T12:02:20.738+0000] {processor.py:914} INFO - Processing file /home/airflow/.local/lib/python3.12/site-packages/airflow/example_dags/example_branch_operator.py for tasks to queue
[2025-04-08T12:02:20.787+0000] {logging_mixin.py:190} INFO - [2025-04-08T12:02:20.786+0000] {dagbag.py:588} INFO - Filling up the DagBag from /home/airflow/.local/lib/python3.12/site-packages/airflow/example_dags/example_branch_operator.py
[2025-04-08T12:02:20.900+0000] {processor.py:925} INFO - DAG(s) 'example_branch_operator' retrieved from /home/airflow/.local/lib/python3.12/site-packages/airflow/example_dags/example_branch_operator.py
[2025-04-08T12:02:21.114+0000] {logging_mixin.py:190} INFO - [2025-04-08T12:02:21.114+0000] {dag.py:3239} INFO - Sync 1 DAGs
[2025-04-08T12:02:21.331+0000] {logging_mixin.py:190} INFO - [2025-04-08T12:02:21.330+0000] {dag.py:4180} INFO - Setting next_dagrun for example_branch_operator to 2025-04-07 00:00:00+00:00, run_after=2025-04-08 00:00:00+00:00
[2025-04-08T12:02:21.617+0000] {processor.py:208} INFO - Processing /home/airflow/.local/lib/python3.12/site-packages/airflow/example_dags/example_branch_operator.py took 0.943 seconds
[2025-04-08T12:02:55.312+0000] {processor.py:186} INFO - Started process (PID=74119) to work on /home/airflow/.local/lib/python3.12/site-packages/airflow/example_dags/example_branch_operator.py
[2025-04-08T12:02:55.317+0000] {processor.py:914} INFO - Processing file /home/airflow/.local/lib/python3.12/site-packages/airflow/example_dags/example_branch_operator.py for tasks to queue
[2025-04-08T12:02:55.329+0000] {logging_mixin.py:190} INFO - [2025-04-08T12:02:55.322+0000] {dagbag.py:588} INFO - Filling up the DagBag from /home/airflow/.local/lib/python3.12/site-packages/airflow/example_dags/example_branch_operator.py
[2025-04-08T12:02:55.489+0000] {processor.py:925} INFO - DAG(s) 'example_branch_operator' retrieved from /home/airflow/.local/lib/python3.12/site-packages/airflow/example_dags/example_branch_operator.py
[2025-04-08T12:02:55.635+0000] {logging_mixin.py:190} INFO - [2025-04-08T12:02:55.634+0000] {dag.py:3239} INFO - Sync 1 DAGs
[2025-04-08T12:02:55.775+0000] {logging_mixin.py:190} INFO - [2025-04-08T12:02:55.775+0000] {dag.py:4180} INFO - Setting next_dagrun for example_branch_operator to 2025-04-07 00:00:00+00:00, run_after=2025-04-08 00:00:00+00:00
[2025-04-08T12:02:55.872+0000] {processor.py:208} INFO - Processing /home/airflow/.local/lib/python3.12/site-packages/airflow/example_dags/example_branch_operator.py took 0.599 seconds
[2025-04-08T12:03:29.340+0000] {processor.py:186} INFO - Started process (PID=74184) to work on /home/airflow/.local/lib/python3.12/site-packages/airflow/example_dags/example_branch_operator.py
[2025-04-08T12:03:29.343+0000] {processor.py:914} INFO - Processing file /home/airflow/.local/lib/python3.12/site-packages/airflow/example_dags/example_branch_operator.py for tasks to queue
[2025-04-08T12:03:29.351+0000] {logging_mixin.py:190} INFO - [2025-04-08T12:03:29.349+0000] {dagbag.py:588} INFO - Filling up the DagBag from /home/airflow/.local/lib/python3.12/site-packages/airflow/example_dags/example_branch_operator.py
[2025-04-08T12:03:29.493+0000] {processor.py:925} INFO - DAG(s) 'example_branch_operator' retrieved from /home/airflow/.local/lib/python3.12/site-packages/airflow/example_dags/example_branch_operator.py
[2025-04-08T12:03:29.683+0000] {logging_mixin.py:190} INFO - [2025-04-08T12:03:29.682+0000] {dag.py:3239} INFO - Sync 1 DAGs
[2025-04-08T12:03:29.834+0000] {logging_mixin.py:190} INFO - [2025-04-08T12:03:29.833+0000] {dag.py:4180} INFO - Setting next_dagrun for example_branch_operator to 2025-04-07 00:00:00+00:00, run_after=2025-04-08 00:00:00+00:00
[2025-04-08T12:03:29.930+0000] {processor.py:208} INFO - Processing /home/airflow/.local/lib/python3.12/site-packages/airflow/example_dags/example_branch_operator.py took 0.624 seconds
[2025-04-08T12:04:00.955+0000] {processor.py:186} INFO - Started process (PID=74249) to work on /home/airflow/.local/lib/python3.12/site-packages/airflow/example_dags/example_branch_operator.py
[2025-04-08T12:04:00.959+0000] {processor.py:914} INFO - Processing file /home/airflow/.local/lib/python3.12/site-packages/airflow/example_dags/example_branch_operator.py for tasks to queue
[2025-04-08T12:04:00.964+0000] {logging_mixin.py:190} INFO - [2025-04-08T12:04:00.962+0000] {dagbag.py:588} INFO - Filling up the DagBag from /home/airflow/.local/lib/python3.12/site-packages/airflow/example_dags/example_branch_operator.py
[2025-04-08T12:04:01.092+0000] {processor.py:925} INFO - DAG(s) 'example_branch_operator' retrieved from /home/airflow/.local/lib/python3.12/site-packages/airflow/example_dags/example_branch_operator.py
[2025-04-08T12:04:01.243+0000] {logging_mixin.py:190} INFO - [2025-04-08T12:04:01.243+0000] {dag.py:3239} INFO - Sync 1 DAGs
[2025-04-08T12:04:01.367+0000] {logging_mixin.py:190} INFO - [2025-04-08T12:04:01.366+0000] {dag.py:4180} INFO - Setting next_dagrun for example_branch_operator to 2025-04-07 00:00:00+00:00, run_after=2025-04-08 00:00:00+00:00
[2025-04-08T12:04:01.464+0000] {processor.py:208} INFO - Processing /home/airflow/.local/lib/python3.12/site-packages/airflow/example_dags/example_branch_operator.py took 0.546 seconds
[2025-04-08T12:04:32.029+0000] {processor.py:186} INFO - Started process (PID=74314) to work on /home/airflow/.local/lib/python3.12/site-packages/airflow/example_dags/example_branch_operator.py
[2025-04-08T12:04:32.031+0000] {processor.py:914} INFO - Processing file /home/airflow/.local/lib/python3.12/site-packages/airflow/example_dags/example_branch_operator.py for tasks to queue
[2025-04-08T12:04:32.033+0000] {logging_mixin.py:190} INFO - [2025-04-08T12:04:32.033+0000] {dagbag.py:588} INFO - Filling up the DagBag from /home/airflow/.local/lib/python3.12/site-packages/airflow/example_dags/example_branch_operator.py
[2025-04-08T12:04:32.071+0000] {processor.py:925} INFO - DAG(s) 'example_branch_operator' retrieved from /home/airflow/.local/lib/python3.12/site-packages/airflow/example_dags/example_branch_operator.py
[2025-04-08T12:04:32.141+0000] {logging_mixin.py:190} INFO - [2025-04-08T12:04:32.140+0000] {dag.py:3239} INFO - Sync 1 DAGs
[2025-04-08T12:04:32.194+0000] {logging_mixin.py:190} INFO - [2025-04-08T12:04:32.193+0000] {dag.py:4180} INFO - Setting next_dagrun for example_branch_operator to 2025-04-07 00:00:00+00:00, run_after=2025-04-08 00:00:00+00:00
[2025-04-08T12:04:32.248+0000] {processor.py:208} INFO - Processing /home/airflow/.local/lib/python3.12/site-packages/airflow/example_dags/example_branch_operator.py took 0.231 seconds
[2025-04-08T12:05:02.593+0000] {processor.py:186} INFO - Started process (PID=74379) to work on /home/airflow/.local/lib/python3.12/site-packages/airflow/example_dags/example_branch_operator.py
[2025-04-08T12:05:02.595+0000] {processor.py:914} INFO - Processing file /home/airflow/.local/lib/python3.12/site-packages/airflow/example_dags/example_branch_operator.py for tasks to queue
[2025-04-08T12:05:02.599+0000] {logging_mixin.py:190} INFO - [2025-04-08T12:05:02.598+0000] {dagbag.py:588} INFO - Filling up the DagBag from /home/airflow/.local/lib/python3.12/site-packages/airflow/example_dags/example_branch_operator.py
[2025-04-08T12:05:02.647+0000] {processor.py:925} INFO - DAG(s) 'example_branch_operator' retrieved from /home/airflow/.local/lib/python3.12/site-packages/airflow/example_dags/example_branch_operator.py
[2025-04-08T12:05:02.701+0000] {logging_mixin.py:190} INFO - [2025-04-08T12:05:02.701+0000] {dag.py:3239} INFO - Sync 1 DAGs
[2025-04-08T12:05:02.743+0000] {logging_mixin.py:190} INFO - [2025-04-08T12:05:02.742+0000] {dag.py:4180} INFO - Setting next_dagrun for example_branch_operator to 2025-04-07 00:00:00+00:00, run_after=2025-04-08 00:00:00+00:00
[2025-04-08T12:05:02.777+0000] {processor.py:208} INFO - Processing /home/airflow/.local/lib/python3.12/site-packages/airflow/example_dags/example_branch_operator.py took 0.194 seconds
[2025-04-08T12:05:33.014+0000] {processor.py:186} INFO - Started process (PID=74443) to work on /home/airflow/.local/lib/python3.12/site-packages/airflow/example_dags/example_branch_operator.py
[2025-04-08T12:05:33.016+0000] {processor.py:914} INFO - Processing file /home/airflow/.local/lib/python3.12/site-packages/airflow/example_dags/example_branch_operator.py for tasks to queue
[2025-04-08T12:05:33.019+0000] {logging_mixin.py:190} INFO - [2025-04-08T12:05:33.018+0000] {dagbag.py:588} INFO - Filling up the DagBag from /home/airflow/.local/lib/python3.12/site-packages/airflow/example_dags/example_branch_operator.py
[2025-04-08T12:05:33.048+0000] {processor.py:925} INFO - DAG(s) 'example_branch_operator' retrieved from /home/airflow/.local/lib/python3.12/site-packages/airflow/example_dags/example_branch_operator.py
[2025-04-08T12:05:33.097+0000] {logging_mixin.py:190} INFO - [2025-04-08T12:05:33.097+0000] {dag.py:3239} INFO - Sync 1 DAGs
[2025-04-08T12:05:33.137+0000] {logging_mixin.py:190} INFO - [2025-04-08T12:05:33.137+0000] {dag.py:4180} INFO - Setting next_dagrun for example_branch_operator to 2025-04-07 00:00:00+00:00, run_after=2025-04-08 00:00:00+00:00
[2025-04-08T12:05:33.189+0000] {processor.py:208} INFO - Processing /home/airflow/.local/lib/python3.12/site-packages/airflow/example_dags/example_branch_operator.py took 0.184 seconds
[2025-04-08T12:06:03.588+0000] {processor.py:186} INFO - Started process (PID=74508) to work on /home/airflow/.local/lib/python3.12/site-packages/airflow/example_dags/example_branch_operator.py
[2025-04-08T12:06:03.590+0000] {processor.py:914} INFO - Processing file /home/airflow/.local/lib/python3.12/site-packages/airflow/example_dags/example_branch_operator.py for tasks to queue
[2025-04-08T12:06:03.593+0000] {logging_mixin.py:190} INFO - [2025-04-08T12:06:03.592+0000] {dagbag.py:588} INFO - Filling up the DagBag from /home/airflow/.local/lib/python3.12/site-packages/airflow/example_dags/example_branch_operator.py
[2025-04-08T12:06:03.623+0000] {processor.py:925} INFO - DAG(s) 'example_branch_operator' retrieved from /home/airflow/.local/lib/python3.12/site-packages/airflow/example_dags/example_branch_operator.py
[2025-04-08T12:06:03.670+0000] {logging_mixin.py:190} INFO - [2025-04-08T12:06:03.670+0000] {dag.py:3239} INFO - Sync 1 DAGs
[2025-04-08T12:06:03.713+0000] {logging_mixin.py:190} INFO - [2025-04-08T12:06:03.712+0000] {dag.py:4180} INFO - Setting next_dagrun for example_branch_operator to 2025-04-07 00:00:00+00:00, run_after=2025-04-08 00:00:00+00:00
[2025-04-08T12:06:03.746+0000] {processor.py:208} INFO - Processing /home/airflow/.local/lib/python3.12/site-packages/airflow/example_dags/example_branch_operator.py took 0.167 seconds
[2025-04-08T12:06:34.430+0000] {processor.py:186} INFO - Started process (PID=74573) to work on /home/airflow/.local/lib/python3.12/site-packages/airflow/example_dags/example_branch_operator.py
[2025-04-08T12:06:34.431+0000] {processor.py:914} INFO - Processing file /home/airflow/.local/lib/python3.12/site-packages/airflow/example_dags/example_branch_operator.py for tasks to queue
[2025-04-08T12:06:34.434+0000] {logging_mixin.py:190} INFO - [2025-04-08T12:06:34.433+0000] {dagbag.py:588} INFO - Filling up the DagBag from /home/airflow/.local/lib/python3.12/site-packages/airflow/example_dags/example_branch_operator.py
[2025-04-08T12:06:34.467+0000] {processor.py:925} INFO - DAG(s) 'example_branch_operator' retrieved from /home/airflow/.local/lib/python3.12/site-packages/airflow/example_dags/example_branch_operator.py
[2025-04-08T12:06:34.518+0000] {logging_mixin.py:190} INFO - [2025-04-08T12:06:34.517+0000] {dag.py:3239} INFO - Sync 1 DAGs
[2025-04-08T12:06:34.559+0000] {logging_mixin.py:190} INFO - [2025-04-08T12:06:34.559+0000] {dag.py:4180} INFO - Setting next_dagrun for example_branch_operator to 2025-04-07 00:00:00+00:00, run_after=2025-04-08 00:00:00+00:00
[2025-04-08T12:06:34.596+0000] {processor.py:208} INFO - Processing /home/airflow/.local/lib/python3.12/site-packages/airflow/example_dags/example_branch_operator.py took 0.178 seconds
[2025-04-08T12:07:05.626+0000] {processor.py:186} INFO - Started process (PID=74639) to work on /home/airflow/.local/lib/python3.12/site-packages/airflow/example_dags/example_branch_operator.py
[2025-04-08T12:07:05.628+0000] {processor.py:914} INFO - Processing file /home/airflow/.local/lib/python3.12/site-packages/airflow/example_dags/example_branch_operator.py for tasks to queue
[2025-04-08T12:07:05.630+0000] {logging_mixin.py:190} INFO - [2025-04-08T12:07:05.630+0000] {dagbag.py:588} INFO - Filling up the DagBag from /home/airflow/.local/lib/python3.12/site-packages/airflow/example_dags/example_branch_operator.py
[2025-04-08T12:07:05.661+0000] {processor.py:925} INFO - DAG(s) 'example_branch_operator' retrieved from /home/airflow/.local/lib/python3.12/site-packages/airflow/example_dags/example_branch_operator.py
[2025-04-08T12:07:05.719+0000] {logging_mixin.py:190} INFO - [2025-04-08T12:07:05.719+0000] {dag.py:3239} INFO - Sync 1 DAGs
[2025-04-08T12:07:05.781+0000] {logging_mixin.py:190} INFO - [2025-04-08T12:07:05.781+0000] {dag.py:4180} INFO - Setting next_dagrun for example_branch_operator to 2025-04-07 00:00:00+00:00, run_after=2025-04-08 00:00:00+00:00
[2025-04-08T12:07:05.817+0000] {processor.py:208} INFO - Processing /home/airflow/.local/lib/python3.12/site-packages/airflow/example_dags/example_branch_operator.py took 0.201 seconds
[2025-04-08T12:07:35.976+0000] {processor.py:186} INFO - Started process (PID=74704) to work on /home/airflow/.local/lib/python3.12/site-packages/airflow/example_dags/example_branch_operator.py
[2025-04-08T12:07:35.978+0000] {processor.py:914} INFO - Processing file /home/airflow/.local/lib/python3.12/site-packages/airflow/example_dags/example_branch_operator.py for tasks to queue
[2025-04-08T12:07:35.981+0000] {logging_mixin.py:190} INFO - [2025-04-08T12:07:35.980+0000] {dagbag.py:588} INFO - Filling up the DagBag from /home/airflow/.local/lib/python3.12/site-packages/airflow/example_dags/example_branch_operator.py
[2025-04-08T12:07:36.028+0000] {processor.py:925} INFO - DAG(s) 'example_branch_operator' retrieved from /home/airflow/.local/lib/python3.12/site-packages/airflow/example_dags/example_branch_operator.py
[2025-04-08T12:07:36.098+0000] {logging_mixin.py:190} INFO - [2025-04-08T12:07:36.097+0000] {dag.py:3239} INFO - Sync 1 DAGs
[2025-04-08T12:07:36.145+0000] {logging_mixin.py:190} INFO - [2025-04-08T12:07:36.145+0000] {dag.py:4180} INFO - Setting next_dagrun for example_branch_operator to 2025-04-07 00:00:00+00:00, run_after=2025-04-08 00:00:00+00:00
[2025-04-08T12:07:36.181+0000] {processor.py:208} INFO - Processing /home/airflow/.local/lib/python3.12/site-packages/airflow/example_dags/example_branch_operator.py took 0.218 seconds
[2025-04-08T12:08:06.289+0000] {processor.py:186} INFO - Started process (PID=74770) to work on /home/airflow/.local/lib/python3.12/site-packages/airflow/example_dags/example_branch_operator.py
[2025-04-08T12:08:06.291+0000] {processor.py:914} INFO - Processing file /home/airflow/.local/lib/python3.12/site-packages/airflow/example_dags/example_branch_operator.py for tasks to queue
[2025-04-08T12:08:06.294+0000] {logging_mixin.py:190} INFO - [2025-04-08T12:08:06.293+0000] {dagbag.py:588} INFO - Filling up the DagBag from /home/airflow/.local/lib/python3.12/site-packages/airflow/example_dags/example_branch_operator.py
[2025-04-08T12:08:06.332+0000] {processor.py:925} INFO - DAG(s) 'example_branch_operator' retrieved from /home/airflow/.local/lib/python3.12/site-packages/airflow/example_dags/example_branch_operator.py
[2025-04-08T12:08:06.385+0000] {logging_mixin.py:190} INFO - [2025-04-08T12:08:06.385+0000] {dag.py:3239} INFO - Sync 1 DAGs
[2025-04-08T12:08:06.431+0000] {logging_mixin.py:190} INFO - [2025-04-08T12:08:06.431+0000] {dag.py:4180} INFO - Setting next_dagrun for example_branch_operator to 2025-04-07 00:00:00+00:00, run_after=2025-04-08 00:00:00+00:00
[2025-04-08T12:08:06.474+0000] {processor.py:208} INFO - Processing /home/airflow/.local/lib/python3.12/site-packages/airflow/example_dags/example_branch_operator.py took 0.197 seconds
[2025-04-08T12:08:36.775+0000] {processor.py:186} INFO - Started process (PID=74835) to work on /home/airflow/.local/lib/python3.12/site-packages/airflow/example_dags/example_branch_operator.py
[2025-04-08T12:08:36.777+0000] {processor.py:914} INFO - Processing file /home/airflow/.local/lib/python3.12/site-packages/airflow/example_dags/example_branch_operator.py for tasks to queue
[2025-04-08T12:08:36.790+0000] {logging_mixin.py:190} INFO - [2025-04-08T12:08:36.789+0000] {dagbag.py:588} INFO - Filling up the DagBag from /home/airflow/.local/lib/python3.12/site-packages/airflow/example_dags/example_branch_operator.py
[2025-04-08T12:08:36.940+0000] {processor.py:925} INFO - DAG(s) 'example_branch_operator' retrieved from /home/airflow/.local/lib/python3.12/site-packages/airflow/example_dags/example_branch_operator.py
[2025-04-08T12:08:37.142+0000] {logging_mixin.py:190} INFO - [2025-04-08T12:08:37.141+0000] {dag.py:3239} INFO - Sync 1 DAGs
[2025-04-08T12:08:37.334+0000] {logging_mixin.py:190} INFO - [2025-04-08T12:08:37.333+0000] {dag.py:4180} INFO - Setting next_dagrun for example_branch_operator to 2025-04-07 00:00:00+00:00, run_after=2025-04-08 00:00:00+00:00
[2025-04-08T12:08:37.477+0000] {processor.py:208} INFO - Processing /home/airflow/.local/lib/python3.12/site-packages/airflow/example_dags/example_branch_operator.py took 0.725 seconds
[2025-04-08T12:09:07.788+0000] {processor.py:186} INFO - Started process (PID=74900) to work on /home/airflow/.local/lib/python3.12/site-packages/airflow/example_dags/example_branch_operator.py
[2025-04-08T12:09:07.798+0000] {processor.py:914} INFO - Processing file /home/airflow/.local/lib/python3.12/site-packages/airflow/example_dags/example_branch_operator.py for tasks to queue
[2025-04-08T12:09:07.808+0000] {logging_mixin.py:190} INFO - [2025-04-08T12:09:07.807+0000] {dagbag.py:588} INFO - Filling up the DagBag from /home/airflow/.local/lib/python3.12/site-packages/airflow/example_dags/example_branch_operator.py
[2025-04-08T12:09:07.875+0000] {processor.py:925} INFO - DAG(s) 'example_branch_operator' retrieved from /home/airflow/.local/lib/python3.12/site-packages/airflow/example_dags/example_branch_operator.py
[2025-04-08T12:09:07.936+0000] {logging_mixin.py:190} INFO - [2025-04-08T12:09:07.936+0000] {dag.py:3239} INFO - Sync 1 DAGs
[2025-04-08T12:09:07.997+0000] {logging_mixin.py:190} INFO - [2025-04-08T12:09:07.996+0000] {dag.py:4180} INFO - Setting next_dagrun for example_branch_operator to 2025-04-07 00:00:00+00:00, run_after=2025-04-08 00:00:00+00:00
[2025-04-08T12:09:08.046+0000] {processor.py:208} INFO - Processing /home/airflow/.local/lib/python3.12/site-packages/airflow/example_dags/example_branch_operator.py took 0.269 seconds
[2025-04-08T16:49:40.318+0000] {processor.py:186} INFO - Started process (PID=74940) to work on /home/airflow/.local/lib/python3.12/site-packages/airflow/example_dags/example_branch_operator.py
[2025-04-08T16:49:40.326+0000] {processor.py:914} INFO - Processing file /home/airflow/.local/lib/python3.12/site-packages/airflow/example_dags/example_branch_operator.py for tasks to queue
[2025-04-08T16:49:40.336+0000] {logging_mixin.py:190} INFO - [2025-04-08T16:49:40.334+0000] {dagbag.py:588} INFO - Filling up the DagBag from /home/airflow/.local/lib/python3.12/site-packages/airflow/example_dags/example_branch_operator.py
[2025-04-08T16:49:40.481+0000] {processor.py:925} INFO - DAG(s) 'example_branch_operator' retrieved from /home/airflow/.local/lib/python3.12/site-packages/airflow/example_dags/example_branch_operator.py
[2025-04-08T16:49:40.662+0000] {logging_mixin.py:190} INFO - [2025-04-08T16:49:40.661+0000] {dag.py:3239} INFO - Sync 1 DAGs
[2025-04-08T16:49:40.834+0000] {logging_mixin.py:190} INFO - [2025-04-08T16:49:40.834+0000] {dag.py:4180} INFO - Setting next_dagrun for example_branch_operator to 2025-04-07 00:00:00+00:00, run_after=2025-04-08 00:00:00+00:00
[2025-04-08T16:49:40.950+0000] {processor.py:208} INFO - Processing /home/airflow/.local/lib/python3.12/site-packages/airflow/example_dags/example_branch_operator.py took 0.664 seconds
