[2025-04-08T12:02:34.266+0000] {processor.py:186} INFO - Started process (PID=74074) to work on /home/airflow/.local/lib/python3.12/site-packages/airflow/example_dags/example_params_ui_tutorial.py
[2025-04-08T12:02:34.271+0000] {processor.py:914} INFO - Processing file /home/airflow/.local/lib/python3.12/site-packages/airflow/example_dags/example_params_ui_tutorial.py for tasks to queue
[2025-04-08T12:02:34.277+0000] {logging_mixin.py:190} INFO - [2025-04-08T12:02:34.275+0000] {dagbag.py:588} INFO - Filling up the DagBag from /home/airflow/.local/lib/python3.12/site-packages/airflow/example_dags/example_params_ui_tutorial.py
[2025-04-08T12:02:34.318+0000] {processor.py:925} INFO - DAG(s) 'example_params_ui_tutorial' retrieved from /home/airflow/.local/lib/python3.12/site-packages/airflow/example_dags/example_params_ui_tutorial.py
[2025-04-08T12:02:35.076+0000] {logging_mixin.py:190} INFO - [2025-04-08T12:02:35.075+0000] {dag.py:3239} INFO - Sync 1 DAGs
[2025-04-08T12:02:35.135+0000] {logging_mixin.py:190} INFO - [2025-04-08T12:02:35.135+0000] {dag.py:4180} INFO - Setting next_dagrun for example_params_ui_tutorial to None, run_after=None
[2025-04-08T12:02:35.252+0000] {processor.py:208} INFO - Processing /home/airflow/.local/lib/python3.12/site-packages/airflow/example_dags/example_params_ui_tutorial.py took 1.005 seconds
[2025-04-08T12:03:07.646+0000] {processor.py:186} INFO - Started process (PID=74139) to work on /home/airflow/.local/lib/python3.12/site-packages/airflow/example_dags/example_params_ui_tutorial.py
[2025-04-08T12:03:07.667+0000] {processor.py:914} INFO - Processing file /home/airflow/.local/lib/python3.12/site-packages/airflow/example_dags/example_params_ui_tutorial.py for tasks to queue
[2025-04-08T12:03:07.678+0000] {logging_mixin.py:190} INFO - [2025-04-08T12:03:07.677+0000] {dagbag.py:588} INFO - Filling up the DagBag from /home/airflow/.local/lib/python3.12/site-packages/airflow/example_dags/example_params_ui_tutorial.py
[2025-04-08T12:03:07.729+0000] {processor.py:925} INFO - DAG(s) 'example_params_ui_tutorial' retrieved from /home/airflow/.local/lib/python3.12/site-packages/airflow/example_dags/example_params_ui_tutorial.py
[2025-04-08T12:03:08.071+0000] {logging_mixin.py:190} INFO - [2025-04-08T12:03:08.070+0000] {dag.py:3239} INFO - Sync 1 DAGs
[2025-04-08T12:03:08.213+0000] {logging_mixin.py:190} INFO - [2025-04-08T12:03:08.211+0000] {dag.py:4180} INFO - Setting next_dagrun for example_params_ui_tutorial to None, run_after=None
[2025-04-08T12:03:08.340+0000] {processor.py:208} INFO - Processing /home/airflow/.local/lib/python3.12/site-packages/airflow/example_dags/example_params_ui_tutorial.py took 0.721 seconds
[2025-04-08T12:03:38.965+0000] {processor.py:186} INFO - Started process (PID=74203) to work on /home/airflow/.local/lib/python3.12/site-packages/airflow/example_dags/example_params_ui_tutorial.py
[2025-04-08T12:03:38.967+0000] {processor.py:914} INFO - Processing file /home/airflow/.local/lib/python3.12/site-packages/airflow/example_dags/example_params_ui_tutorial.py for tasks to queue
[2025-04-08T12:03:38.970+0000] {logging_mixin.py:190} INFO - [2025-04-08T12:03:38.969+0000] {dagbag.py:588} INFO - Filling up the DagBag from /home/airflow/.local/lib/python3.12/site-packages/airflow/example_dags/example_params_ui_tutorial.py
[2025-04-08T12:03:39.003+0000] {processor.py:925} INFO - DAG(s) 'example_params_ui_tutorial' retrieved from /home/airflow/.local/lib/python3.12/site-packages/airflow/example_dags/example_params_ui_tutorial.py
[2025-04-08T12:03:39.083+0000] {logging_mixin.py:190} INFO - [2025-04-08T12:03:39.082+0000] {dag.py:3239} INFO - Sync 1 DAGs
[2025-04-08T12:03:39.124+0000] {logging_mixin.py:190} INFO - [2025-04-08T12:03:39.123+0000] {dag.py:4180} INFO - Setting next_dagrun for example_params_ui_tutorial to None, run_after=None
[2025-04-08T12:03:39.187+0000] {processor.py:208} INFO - Processing /home/airflow/.local/lib/python3.12/site-packages/airflow/example_dags/example_params_ui_tutorial.py took 0.234 seconds
[2025-04-08T12:04:10.445+0000] {processor.py:186} INFO - Started process (PID=74268) to work on /home/airflow/.local/lib/python3.12/site-packages/airflow/example_dags/example_params_ui_tutorial.py
[2025-04-08T12:04:10.448+0000] {processor.py:914} INFO - Processing file /home/airflow/.local/lib/python3.12/site-packages/airflow/example_dags/example_params_ui_tutorial.py for tasks to queue
[2025-04-08T12:04:10.450+0000] {logging_mixin.py:190} INFO - [2025-04-08T12:04:10.449+0000] {dagbag.py:588} INFO - Filling up the DagBag from /home/airflow/.local/lib/python3.12/site-packages/airflow/example_dags/example_params_ui_tutorial.py
[2025-04-08T12:04:10.466+0000] {processor.py:925} INFO - DAG(s) 'example_params_ui_tutorial' retrieved from /home/airflow/.local/lib/python3.12/site-packages/airflow/example_dags/example_params_ui_tutorial.py
[2025-04-08T12:04:10.549+0000] {logging_mixin.py:190} INFO - [2025-04-08T12:04:10.548+0000] {dag.py:3239} INFO - Sync 1 DAGs
[2025-04-08T12:04:10.577+0000] {logging_mixin.py:190} INFO - [2025-04-08T12:04:10.577+0000] {dag.py:4180} INFO - Setting next_dagrun for example_params_ui_tutorial to None, run_after=None
[2025-04-08T12:04:10.615+0000] {processor.py:208} INFO - Processing /home/airflow/.local/lib/python3.12/site-packages/airflow/example_dags/example_params_ui_tutorial.py took 0.181 seconds
[2025-04-08T12:04:43.117+0000] {processor.py:186} INFO - Started process (PID=74333) to work on /home/airflow/.local/lib/python3.12/site-packages/airflow/example_dags/example_params_ui_tutorial.py
[2025-04-08T12:04:43.119+0000] {processor.py:914} INFO - Processing file /home/airflow/.local/lib/python3.12/site-packages/airflow/example_dags/example_params_ui_tutorial.py for tasks to queue
[2025-04-08T12:04:43.123+0000] {logging_mixin.py:190} INFO - [2025-04-08T12:04:43.122+0000] {dagbag.py:588} INFO - Filling up the DagBag from /home/airflow/.local/lib/python3.12/site-packages/airflow/example_dags/example_params_ui_tutorial.py
[2025-04-08T12:04:43.143+0000] {processor.py:925} INFO - DAG(s) 'example_params_ui_tutorial' retrieved from /home/airflow/.local/lib/python3.12/site-packages/airflow/example_dags/example_params_ui_tutorial.py
[2025-04-08T12:04:43.231+0000] {logging_mixin.py:190} INFO - [2025-04-08T12:04:43.230+0000] {dag.py:3239} INFO - Sync 1 DAGs
[2025-04-08T12:04:43.262+0000] {logging_mixin.py:190} INFO - [2025-04-08T12:04:43.261+0000] {dag.py:4180} INFO - Setting next_dagrun for example_params_ui_tutorial to None, run_after=None
[2025-04-08T12:04:43.324+0000] {processor.py:208} INFO - Processing /home/airflow/.local/lib/python3.12/site-packages/airflow/example_dags/example_params_ui_tutorial.py took 0.216 seconds
[2025-04-08T12:05:14.583+0000] {processor.py:186} INFO - Started process (PID=74398) to work on /home/airflow/.local/lib/python3.12/site-packages/airflow/example_dags/example_params_ui_tutorial.py
[2025-04-08T12:05:14.585+0000] {processor.py:914} INFO - Processing file /home/airflow/.local/lib/python3.12/site-packages/airflow/example_dags/example_params_ui_tutorial.py for tasks to queue
[2025-04-08T12:05:14.589+0000] {logging_mixin.py:190} INFO - [2025-04-08T12:05:14.588+0000] {dagbag.py:588} INFO - Filling up the DagBag from /home/airflow/.local/lib/python3.12/site-packages/airflow/example_dags/example_params_ui_tutorial.py
[2025-04-08T12:05:14.609+0000] {processor.py:925} INFO - DAG(s) 'example_params_ui_tutorial' retrieved from /home/airflow/.local/lib/python3.12/site-packages/airflow/example_dags/example_params_ui_tutorial.py
[2025-04-08T12:05:14.701+0000] {logging_mixin.py:190} INFO - [2025-04-08T12:05:14.700+0000] {dag.py:3239} INFO - Sync 1 DAGs
[2025-04-08T12:05:14.732+0000] {logging_mixin.py:190} INFO - [2025-04-08T12:05:14.731+0000] {dag.py:4180} INFO - Setting next_dagrun for example_params_ui_tutorial to None, run_after=None
[2025-04-08T12:05:14.772+0000] {processor.py:208} INFO - Processing /home/airflow/.local/lib/python3.12/site-packages/airflow/example_dags/example_params_ui_tutorial.py took 0.199 seconds
[2025-04-08T12:05:46.523+0000] {processor.py:186} INFO - Started process (PID=74463) to work on /home/airflow/.local/lib/python3.12/site-packages/airflow/example_dags/example_params_ui_tutorial.py
[2025-04-08T12:05:46.526+0000] {processor.py:914} INFO - Processing file /home/airflow/.local/lib/python3.12/site-packages/airflow/example_dags/example_params_ui_tutorial.py for tasks to queue
[2025-04-08T12:05:46.529+0000] {logging_mixin.py:190} INFO - [2025-04-08T12:05:46.528+0000] {dagbag.py:588} INFO - Filling up the DagBag from /home/airflow/.local/lib/python3.12/site-packages/airflow/example_dags/example_params_ui_tutorial.py
[2025-04-08T12:05:46.550+0000] {processor.py:925} INFO - DAG(s) 'example_params_ui_tutorial' retrieved from /home/airflow/.local/lib/python3.12/site-packages/airflow/example_dags/example_params_ui_tutorial.py
[2025-04-08T12:05:46.634+0000] {logging_mixin.py:190} INFO - [2025-04-08T12:05:46.633+0000] {dag.py:3239} INFO - Sync 1 DAGs
[2025-04-08T12:05:46.662+0000] {logging_mixin.py:190} INFO - [2025-04-08T12:05:46.662+0000] {dag.py:4180} INFO - Setting next_dagrun for example_params_ui_tutorial to None, run_after=None
[2025-04-08T12:05:46.703+0000] {processor.py:208} INFO - Processing /home/airflow/.local/lib/python3.12/site-packages/airflow/example_dags/example_params_ui_tutorial.py took 0.191 seconds
[2025-04-08T12:06:18.370+0000] {processor.py:186} INFO - Started process (PID=74528) to work on /home/airflow/.local/lib/python3.12/site-packages/airflow/example_dags/example_params_ui_tutorial.py
[2025-04-08T12:06:18.372+0000] {processor.py:914} INFO - Processing file /home/airflow/.local/lib/python3.12/site-packages/airflow/example_dags/example_params_ui_tutorial.py for tasks to queue
[2025-04-08T12:06:18.375+0000] {logging_mixin.py:190} INFO - [2025-04-08T12:06:18.374+0000] {dagbag.py:588} INFO - Filling up the DagBag from /home/airflow/.local/lib/python3.12/site-packages/airflow/example_dags/example_params_ui_tutorial.py
[2025-04-08T12:06:18.390+0000] {processor.py:925} INFO - DAG(s) 'example_params_ui_tutorial' retrieved from /home/airflow/.local/lib/python3.12/site-packages/airflow/example_dags/example_params_ui_tutorial.py
[2025-04-08T12:06:18.507+0000] {logging_mixin.py:190} INFO - [2025-04-08T12:06:18.506+0000] {dag.py:3239} INFO - Sync 1 DAGs
[2025-04-08T12:06:18.548+0000] {logging_mixin.py:190} INFO - [2025-04-08T12:06:18.548+0000] {dag.py:4180} INFO - Setting next_dagrun for example_params_ui_tutorial to None, run_after=None
[2025-04-08T12:06:18.600+0000] {processor.py:208} INFO - Processing /home/airflow/.local/lib/python3.12/site-packages/airflow/example_dags/example_params_ui_tutorial.py took 0.240 seconds
[2025-04-08T12:06:49.729+0000] {processor.py:186} INFO - Started process (PID=74593) to work on /home/airflow/.local/lib/python3.12/site-packages/airflow/example_dags/example_params_ui_tutorial.py
[2025-04-08T12:06:49.731+0000] {processor.py:914} INFO - Processing file /home/airflow/.local/lib/python3.12/site-packages/airflow/example_dags/example_params_ui_tutorial.py for tasks to queue
[2025-04-08T12:06:49.733+0000] {logging_mixin.py:190} INFO - [2025-04-08T12:06:49.732+0000] {dagbag.py:588} INFO - Filling up the DagBag from /home/airflow/.local/lib/python3.12/site-packages/airflow/example_dags/example_params_ui_tutorial.py
[2025-04-08T12:06:49.748+0000] {processor.py:925} INFO - DAG(s) 'example_params_ui_tutorial' retrieved from /home/airflow/.local/lib/python3.12/site-packages/airflow/example_dags/example_params_ui_tutorial.py
[2025-04-08T12:06:49.821+0000] {logging_mixin.py:190} INFO - [2025-04-08T12:06:49.820+0000] {dag.py:3239} INFO - Sync 1 DAGs
[2025-04-08T12:06:49.844+0000] {logging_mixin.py:190} INFO - [2025-04-08T12:06:49.844+0000] {dag.py:4180} INFO - Setting next_dagrun for example_params_ui_tutorial to None, run_after=None
[2025-04-08T12:06:49.880+0000] {processor.py:208} INFO - Processing /home/airflow/.local/lib/python3.12/site-packages/airflow/example_dags/example_params_ui_tutorial.py took 0.161 seconds
[2025-04-08T12:07:21.199+0000] {processor.py:186} INFO - Started process (PID=74659) to work on /home/airflow/.local/lib/python3.12/site-packages/airflow/example_dags/example_params_ui_tutorial.py
[2025-04-08T12:07:21.201+0000] {processor.py:914} INFO - Processing file /home/airflow/.local/lib/python3.12/site-packages/airflow/example_dags/example_params_ui_tutorial.py for tasks to queue
[2025-04-08T12:07:21.204+0000] {logging_mixin.py:190} INFO - [2025-04-08T12:07:21.203+0000] {dagbag.py:588} INFO - Filling up the DagBag from /home/airflow/.local/lib/python3.12/site-packages/airflow/example_dags/example_params_ui_tutorial.py
[2025-04-08T12:07:21.219+0000] {processor.py:925} INFO - DAG(s) 'example_params_ui_tutorial' retrieved from /home/airflow/.local/lib/python3.12/site-packages/airflow/example_dags/example_params_ui_tutorial.py
[2025-04-08T12:07:21.291+0000] {logging_mixin.py:190} INFO - [2025-04-08T12:07:21.290+0000] {dag.py:3239} INFO - Sync 1 DAGs
[2025-04-08T12:07:21.316+0000] {logging_mixin.py:190} INFO - [2025-04-08T12:07:21.315+0000] {dag.py:4180} INFO - Setting next_dagrun for example_params_ui_tutorial to None, run_after=None
[2025-04-08T12:07:21.363+0000] {processor.py:208} INFO - Processing /home/airflow/.local/lib/python3.12/site-packages/airflow/example_dags/example_params_ui_tutorial.py took 0.174 seconds
[2025-04-08T12:07:53.139+0000] {processor.py:186} INFO - Started process (PID=74724) to work on /home/airflow/.local/lib/python3.12/site-packages/airflow/example_dags/example_params_ui_tutorial.py
[2025-04-08T12:07:53.141+0000] {processor.py:914} INFO - Processing file /home/airflow/.local/lib/python3.12/site-packages/airflow/example_dags/example_params_ui_tutorial.py for tasks to queue
[2025-04-08T12:07:53.144+0000] {logging_mixin.py:190} INFO - [2025-04-08T12:07:53.143+0000] {dagbag.py:588} INFO - Filling up the DagBag from /home/airflow/.local/lib/python3.12/site-packages/airflow/example_dags/example_params_ui_tutorial.py
[2025-04-08T12:07:53.157+0000] {processor.py:925} INFO - DAG(s) 'example_params_ui_tutorial' retrieved from /home/airflow/.local/lib/python3.12/site-packages/airflow/example_dags/example_params_ui_tutorial.py
[2025-04-08T12:07:53.232+0000] {logging_mixin.py:190} INFO - [2025-04-08T12:07:53.231+0000] {dag.py:3239} INFO - Sync 1 DAGs
[2025-04-08T12:07:53.258+0000] {logging_mixin.py:190} INFO - [2025-04-08T12:07:53.258+0000] {dag.py:4180} INFO - Setting next_dagrun for example_params_ui_tutorial to None, run_after=None
[2025-04-08T12:07:53.291+0000] {processor.py:208} INFO - Processing /home/airflow/.local/lib/python3.12/site-packages/airflow/example_dags/example_params_ui_tutorial.py took 0.162 seconds
[2025-04-08T12:08:24.754+0000] {processor.py:186} INFO - Started process (PID=74796) to work on /home/airflow/.local/lib/python3.12/site-packages/airflow/example_dags/example_params_ui_tutorial.py
[2025-04-08T12:08:24.756+0000] {processor.py:914} INFO - Processing file /home/airflow/.local/lib/python3.12/site-packages/airflow/example_dags/example_params_ui_tutorial.py for tasks to queue
[2025-04-08T12:08:24.761+0000] {logging_mixin.py:190} INFO - [2025-04-08T12:08:24.759+0000] {dagbag.py:588} INFO - Filling up the DagBag from /home/airflow/.local/lib/python3.12/site-packages/airflow/example_dags/example_params_ui_tutorial.py
[2025-04-08T12:08:24.784+0000] {processor.py:925} INFO - DAG(s) 'example_params_ui_tutorial' retrieved from /home/airflow/.local/lib/python3.12/site-packages/airflow/example_dags/example_params_ui_tutorial.py
[2025-04-08T12:08:24.889+0000] {logging_mixin.py:190} INFO - [2025-04-08T12:08:24.889+0000] {dag.py:3239} INFO - Sync 1 DAGs
[2025-04-08T12:08:24.922+0000] {logging_mixin.py:190} INFO - [2025-04-08T12:08:24.922+0000] {dag.py:4180} INFO - Setting next_dagrun for example_params_ui_tutorial to None, run_after=None
[2025-04-08T12:08:24.967+0000] {processor.py:208} INFO - Processing /home/airflow/.local/lib/python3.12/site-packages/airflow/example_dags/example_params_ui_tutorial.py took 0.225 seconds
[2025-04-08T12:08:58.757+0000] {processor.py:186} INFO - Started process (PID=74865) to work on /home/airflow/.local/lib/python3.12/site-packages/airflow/example_dags/example_params_ui_tutorial.py
[2025-04-08T12:08:58.760+0000] {processor.py:914} INFO - Processing file /home/airflow/.local/lib/python3.12/site-packages/airflow/example_dags/example_params_ui_tutorial.py for tasks to queue
[2025-04-08T12:08:58.765+0000] {logging_mixin.py:190} INFO - [2025-04-08T12:08:58.763+0000] {dagbag.py:588} INFO - Filling up the DagBag from /home/airflow/.local/lib/python3.12/site-packages/airflow/example_dags/example_params_ui_tutorial.py
[2025-04-08T12:08:58.786+0000] {processor.py:925} INFO - DAG(s) 'example_params_ui_tutorial' retrieved from /home/airflow/.local/lib/python3.12/site-packages/airflow/example_dags/example_params_ui_tutorial.py
[2025-04-08T12:08:58.916+0000] {logging_mixin.py:190} INFO - [2025-04-08T12:08:58.915+0000] {dag.py:3239} INFO - Sync 1 DAGs
[2025-04-08T12:08:58.966+0000] {logging_mixin.py:190} INFO - [2025-04-08T12:08:58.965+0000] {dag.py:4180} INFO - Setting next_dagrun for example_params_ui_tutorial to None, run_after=None
[2025-04-08T12:08:59.026+0000] {processor.py:208} INFO - Processing /home/airflow/.local/lib/python3.12/site-packages/airflow/example_dags/example_params_ui_tutorial.py took 0.284 seconds
