[2025-04-08T12:02:42.392+0000] {processor.py:186} INFO - Started process (PID=74087) to work on /home/airflow/.local/lib/python3.12/site-packages/airflow/example_dags/example_time_delta_sensor_async.py
[2025-04-08T12:02:42.395+0000] {processor.py:914} INFO - Processing file /home/airflow/.local/lib/python3.12/site-packages/airflow/example_dags/example_time_delta_sensor_async.py for tasks to queue
[2025-04-08T12:02:42.410+0000] {logging_mixin.py:190} INFO - [2025-04-08T12:02:42.399+0000] {dagbag.py:588} INFO - Filling up the DagBag from /home/airflow/.local/lib/python3.12/site-packages/airflow/example_dags/example_time_delta_sensor_async.py
[2025-04-08T12:02:42.473+0000] {processor.py:925} INFO - DAG(s) 'example_time_delta_sensor_async' retrieved from /home/airflow/.local/lib/python3.12/site-packages/airflow/example_dags/example_time_delta_sensor_async.py
[2025-04-08T12:02:42.557+0000] {logging_mixin.py:190} INFO - [2025-04-08T12:02:42.555+0000] {dag.py:3239} INFO - Sync 1 DAGs
[2025-04-08T12:02:42.605+0000] {logging_mixin.py:190} INFO - [2025-04-08T12:02:42.605+0000] {dag.py:4180} INFO - Setting next_dagrun for example_time_delta_sensor_async to None, run_after=None
[2025-04-08T12:02:42.713+0000] {processor.py:208} INFO - Processing /home/airflow/.local/lib/python3.12/site-packages/airflow/example_dags/example_time_delta_sensor_async.py took 0.360 seconds
[2025-04-08T12:03:15.595+0000] {processor.py:186} INFO - Started process (PID=74152) to work on /home/airflow/.local/lib/python3.12/site-packages/airflow/example_dags/example_time_delta_sensor_async.py
[2025-04-08T12:03:15.597+0000] {processor.py:914} INFO - Processing file /home/airflow/.local/lib/python3.12/site-packages/airflow/example_dags/example_time_delta_sensor_async.py for tasks to queue
[2025-04-08T12:03:15.611+0000] {logging_mixin.py:190} INFO - [2025-04-08T12:03:15.610+0000] {dagbag.py:588} INFO - Filling up the DagBag from /home/airflow/.local/lib/python3.12/site-packages/airflow/example_dags/example_time_delta_sensor_async.py
[2025-04-08T12:03:15.658+0000] {processor.py:925} INFO - DAG(s) 'example_time_delta_sensor_async' retrieved from /home/airflow/.local/lib/python3.12/site-packages/airflow/example_dags/example_time_delta_sensor_async.py
[2025-04-08T12:03:15.784+0000] {logging_mixin.py:190} INFO - [2025-04-08T12:03:15.783+0000] {dag.py:3239} INFO - Sync 1 DAGs
[2025-04-08T12:03:15.907+0000] {logging_mixin.py:190} INFO - [2025-04-08T12:03:15.906+0000] {dag.py:4180} INFO - Setting next_dagrun for example_time_delta_sensor_async to None, run_after=None
[2025-04-08T12:03:16.047+0000] {processor.py:208} INFO - Processing /home/airflow/.local/lib/python3.12/site-packages/airflow/example_dags/example_time_delta_sensor_async.py took 0.488 seconds
[2025-04-08T12:03:46.993+0000] {processor.py:186} INFO - Started process (PID=74216) to work on /home/airflow/.local/lib/python3.12/site-packages/airflow/example_dags/example_time_delta_sensor_async.py
[2025-04-08T12:03:46.995+0000] {processor.py:914} INFO - Processing file /home/airflow/.local/lib/python3.12/site-packages/airflow/example_dags/example_time_delta_sensor_async.py for tasks to queue
[2025-04-08T12:03:46.998+0000] {logging_mixin.py:190} INFO - [2025-04-08T12:03:46.997+0000] {dagbag.py:588} INFO - Filling up the DagBag from /home/airflow/.local/lib/python3.12/site-packages/airflow/example_dags/example_time_delta_sensor_async.py
[2025-04-08T12:03:47.010+0000] {processor.py:925} INFO - DAG(s) 'example_time_delta_sensor_async' retrieved from /home/airflow/.local/lib/python3.12/site-packages/airflow/example_dags/example_time_delta_sensor_async.py
[2025-04-08T12:03:47.047+0000] {logging_mixin.py:190} INFO - [2025-04-08T12:03:47.047+0000] {dag.py:3239} INFO - Sync 1 DAGs
[2025-04-08T12:03:47.074+0000] {logging_mixin.py:190} INFO - [2025-04-08T12:03:47.073+0000] {dag.py:4180} INFO - Setting next_dagrun for example_time_delta_sensor_async to None, run_after=None
[2025-04-08T12:03:47.126+0000] {processor.py:208} INFO - Processing /home/airflow/.local/lib/python3.12/site-packages/airflow/example_dags/example_time_delta_sensor_async.py took 0.143 seconds
[2025-04-08T12:04:17.664+0000] {processor.py:186} INFO - Started process (PID=74280) to work on /home/airflow/.local/lib/python3.12/site-packages/airflow/example_dags/example_time_delta_sensor_async.py
[2025-04-08T12:04:17.666+0000] {processor.py:914} INFO - Processing file /home/airflow/.local/lib/python3.12/site-packages/airflow/example_dags/example_time_delta_sensor_async.py for tasks to queue
[2025-04-08T12:04:17.671+0000] {logging_mixin.py:190} INFO - [2025-04-08T12:04:17.670+0000] {dagbag.py:588} INFO - Filling up the DagBag from /home/airflow/.local/lib/python3.12/site-packages/airflow/example_dags/example_time_delta_sensor_async.py
[2025-04-08T12:04:17.683+0000] {processor.py:925} INFO - DAG(s) 'example_time_delta_sensor_async' retrieved from /home/airflow/.local/lib/python3.12/site-packages/airflow/example_dags/example_time_delta_sensor_async.py
[2025-04-08T12:04:17.724+0000] {logging_mixin.py:190} INFO - [2025-04-08T12:04:17.723+0000] {dag.py:3239} INFO - Sync 1 DAGs
[2025-04-08T12:04:17.753+0000] {logging_mixin.py:190} INFO - [2025-04-08T12:04:17.753+0000] {dag.py:4180} INFO - Setting next_dagrun for example_time_delta_sensor_async to None, run_after=None
[2025-04-08T12:04:17.808+0000] {processor.py:208} INFO - Processing /home/airflow/.local/lib/python3.12/site-packages/airflow/example_dags/example_time_delta_sensor_async.py took 0.154 seconds
[2025-04-08T12:04:48.248+0000] {processor.py:186} INFO - Started process (PID=74344) to work on /home/airflow/.local/lib/python3.12/site-packages/airflow/example_dags/example_time_delta_sensor_async.py
[2025-04-08T12:04:48.250+0000] {processor.py:914} INFO - Processing file /home/airflow/.local/lib/python3.12/site-packages/airflow/example_dags/example_time_delta_sensor_async.py for tasks to queue
[2025-04-08T12:04:48.254+0000] {logging_mixin.py:190} INFO - [2025-04-08T12:04:48.253+0000] {dagbag.py:588} INFO - Filling up the DagBag from /home/airflow/.local/lib/python3.12/site-packages/airflow/example_dags/example_time_delta_sensor_async.py
[2025-04-08T12:04:48.268+0000] {processor.py:925} INFO - DAG(s) 'example_time_delta_sensor_async' retrieved from /home/airflow/.local/lib/python3.12/site-packages/airflow/example_dags/example_time_delta_sensor_async.py
[2025-04-08T12:04:48.307+0000] {logging_mixin.py:190} INFO - [2025-04-08T12:04:48.307+0000] {dag.py:3239} INFO - Sync 1 DAGs
[2025-04-08T12:04:48.349+0000] {logging_mixin.py:190} INFO - [2025-04-08T12:04:48.348+0000] {dag.py:4180} INFO - Setting next_dagrun for example_time_delta_sensor_async to None, run_after=None
[2025-04-08T12:04:48.414+0000] {processor.py:208} INFO - Processing /home/airflow/.local/lib/python3.12/site-packages/airflow/example_dags/example_time_delta_sensor_async.py took 0.180 seconds
[2025-04-08T12:05:18.680+0000] {processor.py:186} INFO - Started process (PID=74411) to work on /home/airflow/.local/lib/python3.12/site-packages/airflow/example_dags/example_time_delta_sensor_async.py
[2025-04-08T12:05:18.682+0000] {processor.py:914} INFO - Processing file /home/airflow/.local/lib/python3.12/site-packages/airflow/example_dags/example_time_delta_sensor_async.py for tasks to queue
[2025-04-08T12:05:18.684+0000] {logging_mixin.py:190} INFO - [2025-04-08T12:05:18.684+0000] {dagbag.py:588} INFO - Filling up the DagBag from /home/airflow/.local/lib/python3.12/site-packages/airflow/example_dags/example_time_delta_sensor_async.py
[2025-04-08T12:05:18.700+0000] {processor.py:925} INFO - DAG(s) 'example_time_delta_sensor_async' retrieved from /home/airflow/.local/lib/python3.12/site-packages/airflow/example_dags/example_time_delta_sensor_async.py
[2025-04-08T12:05:18.748+0000] {logging_mixin.py:190} INFO - [2025-04-08T12:05:18.748+0000] {dag.py:3239} INFO - Sync 1 DAGs
[2025-04-08T12:05:18.786+0000] {logging_mixin.py:190} INFO - [2025-04-08T12:05:18.785+0000] {dag.py:4180} INFO - Setting next_dagrun for example_time_delta_sensor_async to None, run_after=None
[2025-04-08T12:05:18.897+0000] {processor.py:208} INFO - Processing /home/airflow/.local/lib/python3.12/site-packages/airflow/example_dags/example_time_delta_sensor_async.py took 0.226 seconds
[2025-04-08T12:05:49.235+0000] {processor.py:186} INFO - Started process (PID=74476) to work on /home/airflow/.local/lib/python3.12/site-packages/airflow/example_dags/example_time_delta_sensor_async.py
[2025-04-08T12:05:49.237+0000] {processor.py:914} INFO - Processing file /home/airflow/.local/lib/python3.12/site-packages/airflow/example_dags/example_time_delta_sensor_async.py for tasks to queue
[2025-04-08T12:05:49.240+0000] {logging_mixin.py:190} INFO - [2025-04-08T12:05:49.240+0000] {dagbag.py:588} INFO - Filling up the DagBag from /home/airflow/.local/lib/python3.12/site-packages/airflow/example_dags/example_time_delta_sensor_async.py
[2025-04-08T12:05:49.251+0000] {processor.py:925} INFO - DAG(s) 'example_time_delta_sensor_async' retrieved from /home/airflow/.local/lib/python3.12/site-packages/airflow/example_dags/example_time_delta_sensor_async.py
[2025-04-08T12:05:49.284+0000] {logging_mixin.py:190} INFO - [2025-04-08T12:05:49.284+0000] {dag.py:3239} INFO - Sync 1 DAGs
[2025-04-08T12:05:49.309+0000] {logging_mixin.py:190} INFO - [2025-04-08T12:05:49.308+0000] {dag.py:4180} INFO - Setting next_dagrun for example_time_delta_sensor_async to None, run_after=None
[2025-04-08T12:05:49.359+0000] {processor.py:208} INFO - Processing /home/airflow/.local/lib/python3.12/site-packages/airflow/example_dags/example_time_delta_sensor_async.py took 0.133 seconds
[2025-04-08T12:06:19.912+0000] {processor.py:186} INFO - Started process (PID=74538) to work on /home/airflow/.local/lib/python3.12/site-packages/airflow/example_dags/example_time_delta_sensor_async.py
[2025-04-08T12:06:19.915+0000] {processor.py:914} INFO - Processing file /home/airflow/.local/lib/python3.12/site-packages/airflow/example_dags/example_time_delta_sensor_async.py for tasks to queue
[2025-04-08T12:06:19.917+0000] {logging_mixin.py:190} INFO - [2025-04-08T12:06:19.916+0000] {dagbag.py:588} INFO - Filling up the DagBag from /home/airflow/.local/lib/python3.12/site-packages/airflow/example_dags/example_time_delta_sensor_async.py
[2025-04-08T12:06:19.928+0000] {processor.py:925} INFO - DAG(s) 'example_time_delta_sensor_async' retrieved from /home/airflow/.local/lib/python3.12/site-packages/airflow/example_dags/example_time_delta_sensor_async.py
[2025-04-08T12:06:19.968+0000] {logging_mixin.py:190} INFO - [2025-04-08T12:06:19.967+0000] {dag.py:3239} INFO - Sync 1 DAGs
[2025-04-08T12:06:19.996+0000] {logging_mixin.py:190} INFO - [2025-04-08T12:06:19.996+0000] {dag.py:4180} INFO - Setting next_dagrun for example_time_delta_sensor_async to None, run_after=None
[2025-04-08T12:06:20.047+0000] {processor.py:208} INFO - Processing /home/airflow/.local/lib/python3.12/site-packages/airflow/example_dags/example_time_delta_sensor_async.py took 0.147 seconds
[2025-04-08T12:06:51.177+0000] {processor.py:186} INFO - Started process (PID=74603) to work on /home/airflow/.local/lib/python3.12/site-packages/airflow/example_dags/example_time_delta_sensor_async.py
[2025-04-08T12:06:51.179+0000] {processor.py:914} INFO - Processing file /home/airflow/.local/lib/python3.12/site-packages/airflow/example_dags/example_time_delta_sensor_async.py for tasks to queue
[2025-04-08T12:06:51.182+0000] {logging_mixin.py:190} INFO - [2025-04-08T12:06:51.181+0000] {dagbag.py:588} INFO - Filling up the DagBag from /home/airflow/.local/lib/python3.12/site-packages/airflow/example_dags/example_time_delta_sensor_async.py
[2025-04-08T12:06:51.198+0000] {processor.py:925} INFO - DAG(s) 'example_time_delta_sensor_async' retrieved from /home/airflow/.local/lib/python3.12/site-packages/airflow/example_dags/example_time_delta_sensor_async.py
[2025-04-08T12:06:51.238+0000] {logging_mixin.py:190} INFO - [2025-04-08T12:06:51.238+0000] {dag.py:3239} INFO - Sync 1 DAGs
[2025-04-08T12:06:51.269+0000] {logging_mixin.py:190} INFO - [2025-04-08T12:06:51.268+0000] {dag.py:4180} INFO - Setting next_dagrun for example_time_delta_sensor_async to None, run_after=None
[2025-04-08T12:06:51.321+0000] {processor.py:208} INFO - Processing /home/airflow/.local/lib/python3.12/site-packages/airflow/example_dags/example_time_delta_sensor_async.py took 0.155 seconds
[2025-04-08T12:07:22.555+0000] {processor.py:186} INFO - Started process (PID=74669) to work on /home/airflow/.local/lib/python3.12/site-packages/airflow/example_dags/example_time_delta_sensor_async.py
[2025-04-08T12:07:22.557+0000] {processor.py:914} INFO - Processing file /home/airflow/.local/lib/python3.12/site-packages/airflow/example_dags/example_time_delta_sensor_async.py for tasks to queue
[2025-04-08T12:07:22.559+0000] {logging_mixin.py:190} INFO - [2025-04-08T12:07:22.559+0000] {dagbag.py:588} INFO - Filling up the DagBag from /home/airflow/.local/lib/python3.12/site-packages/airflow/example_dags/example_time_delta_sensor_async.py
[2025-04-08T12:07:22.576+0000] {processor.py:925} INFO - DAG(s) 'example_time_delta_sensor_async' retrieved from /home/airflow/.local/lib/python3.12/site-packages/airflow/example_dags/example_time_delta_sensor_async.py
[2025-04-08T12:07:22.609+0000] {logging_mixin.py:190} INFO - [2025-04-08T12:07:22.609+0000] {dag.py:3239} INFO - Sync 1 DAGs
[2025-04-08T12:07:22.634+0000] {logging_mixin.py:190} INFO - [2025-04-08T12:07:22.633+0000] {dag.py:4180} INFO - Setting next_dagrun for example_time_delta_sensor_async to None, run_after=None
[2025-04-08T12:07:22.667+0000] {processor.py:208} INFO - Processing /home/airflow/.local/lib/python3.12/site-packages/airflow/example_dags/example_time_delta_sensor_async.py took 0.120 seconds
[2025-04-08T12:07:54.540+0000] {processor.py:186} INFO - Started process (PID=74741) to work on /home/airflow/.local/lib/python3.12/site-packages/airflow/example_dags/example_time_delta_sensor_async.py
[2025-04-08T12:07:54.542+0000] {processor.py:914} INFO - Processing file /home/airflow/.local/lib/python3.12/site-packages/airflow/example_dags/example_time_delta_sensor_async.py for tasks to queue
[2025-04-08T12:07:54.544+0000] {logging_mixin.py:190} INFO - [2025-04-08T12:07:54.544+0000] {dagbag.py:588} INFO - Filling up the DagBag from /home/airflow/.local/lib/python3.12/site-packages/airflow/example_dags/example_time_delta_sensor_async.py
[2025-04-08T12:07:54.556+0000] {processor.py:925} INFO - DAG(s) 'example_time_delta_sensor_async' retrieved from /home/airflow/.local/lib/python3.12/site-packages/airflow/example_dags/example_time_delta_sensor_async.py
[2025-04-08T12:07:54.589+0000] {logging_mixin.py:190} INFO - [2025-04-08T12:07:54.588+0000] {dag.py:3239} INFO - Sync 1 DAGs
[2025-04-08T12:07:54.617+0000] {logging_mixin.py:190} INFO - [2025-04-08T12:07:54.617+0000] {dag.py:4180} INFO - Setting next_dagrun for example_time_delta_sensor_async to None, run_after=None
[2025-04-08T12:07:54.672+0000] {processor.py:208} INFO - Processing /home/airflow/.local/lib/python3.12/site-packages/airflow/example_dags/example_time_delta_sensor_async.py took 0.141 seconds
[2025-04-08T12:08:26.006+0000] {processor.py:186} INFO - Started process (PID=74806) to work on /home/airflow/.local/lib/python3.12/site-packages/airflow/example_dags/example_time_delta_sensor_async.py
[2025-04-08T12:08:26.008+0000] {processor.py:914} INFO - Processing file /home/airflow/.local/lib/python3.12/site-packages/airflow/example_dags/example_time_delta_sensor_async.py for tasks to queue
[2025-04-08T12:08:26.012+0000] {logging_mixin.py:190} INFO - [2025-04-08T12:08:26.011+0000] {dagbag.py:588} INFO - Filling up the DagBag from /home/airflow/.local/lib/python3.12/site-packages/airflow/example_dags/example_time_delta_sensor_async.py
[2025-04-08T12:08:26.028+0000] {processor.py:925} INFO - DAG(s) 'example_time_delta_sensor_async' retrieved from /home/airflow/.local/lib/python3.12/site-packages/airflow/example_dags/example_time_delta_sensor_async.py
[2025-04-08T12:08:26.065+0000] {logging_mixin.py:190} INFO - [2025-04-08T12:08:26.065+0000] {dag.py:3239} INFO - Sync 1 DAGs
[2025-04-08T12:08:26.096+0000] {logging_mixin.py:190} INFO - [2025-04-08T12:08:26.095+0000] {dag.py:4180} INFO - Setting next_dagrun for example_time_delta_sensor_async to None, run_after=None
[2025-04-08T12:08:26.137+0000] {processor.py:208} INFO - Processing /home/airflow/.local/lib/python3.12/site-packages/airflow/example_dags/example_time_delta_sensor_async.py took 0.141 seconds
[2025-04-08T12:09:00.765+0000] {processor.py:186} INFO - Started process (PID=74875) to work on /home/airflow/.local/lib/python3.12/site-packages/airflow/example_dags/example_time_delta_sensor_async.py
[2025-04-08T12:09:00.767+0000] {processor.py:914} INFO - Processing file /home/airflow/.local/lib/python3.12/site-packages/airflow/example_dags/example_time_delta_sensor_async.py for tasks to queue
[2025-04-08T12:09:00.770+0000] {logging_mixin.py:190} INFO - [2025-04-08T12:09:00.770+0000] {dagbag.py:588} INFO - Filling up the DagBag from /home/airflow/.local/lib/python3.12/site-packages/airflow/example_dags/example_time_delta_sensor_async.py
[2025-04-08T12:09:00.784+0000] {processor.py:925} INFO - DAG(s) 'example_time_delta_sensor_async' retrieved from /home/airflow/.local/lib/python3.12/site-packages/airflow/example_dags/example_time_delta_sensor_async.py
[2025-04-08T12:09:00.825+0000] {logging_mixin.py:190} INFO - [2025-04-08T12:09:00.824+0000] {dag.py:3239} INFO - Sync 1 DAGs
[2025-04-08T12:09:00.898+0000] {logging_mixin.py:190} INFO - [2025-04-08T12:09:00.897+0000] {dag.py:4180} INFO - Setting next_dagrun for example_time_delta_sensor_async to None, run_after=None
[2025-04-08T12:09:00.964+0000] {processor.py:208} INFO - Processing /home/airflow/.local/lib/python3.12/site-packages/airflow/example_dags/example_time_delta_sensor_async.py took 0.209 seconds
