[2025-04-08T12:02:32.911+0000] {processor.py:186} INFO - Started process (PID=74071) to work on /home/airflow/.local/lib/python3.12/site-packages/airflow/example_dags/example_xcomargs.py
[2025-04-08T12:02:32.914+0000] {processor.py:914} INFO - Processing file /home/airflow/.local/lib/python3.12/site-packages/airflow/example_dags/example_xcomargs.py for tasks to queue
[2025-04-08T12:02:32.924+0000] {logging_mixin.py:190} INFO - [2025-04-08T12:02:32.923+0000] {dagbag.py:588} INFO - Filling up the DagBag from /home/airflow/.local/lib/python3.12/site-packages/airflow/example_dags/example_xcomargs.py
[2025-04-08T12:02:32.985+0000] {processor.py:925} INFO - DAG(s) 'example_xcom_args_with_operators', 'example_xcom_args' retrieved from /home/airflow/.local/lib/python3.12/site-packages/airflow/example_dags/example_xcomargs.py
[2025-04-08T12:02:33.082+0000] {logging_mixin.py:190} INFO - [2025-04-08T12:02:33.081+0000] {dag.py:3239} INFO - Sync 2 DAGs
[2025-04-08T12:02:33.217+0000] {logging_mixin.py:190} INFO - [2025-04-08T12:02:33.217+0000] {dag.py:4180} INFO - Setting next_dagrun for example_xcom_args to None, run_after=None
[2025-04-08T12:02:33.263+0000] {logging_mixin.py:190} INFO - [2025-04-08T12:02:33.255+0000] {dag.py:4180} INFO - Setting next_dagrun for example_xcom_args_with_operators to None, run_after=None
[2025-04-08T12:02:33.390+0000] {processor.py:208} INFO - Processing /home/airflow/.local/lib/python3.12/site-packages/airflow/example_dags/example_xcomargs.py took 0.515 seconds
[2025-04-08T12:03:06.334+0000] {processor.py:186} INFO - Started process (PID=74136) to work on /home/airflow/.local/lib/python3.12/site-packages/airflow/example_dags/example_xcomargs.py
[2025-04-08T12:03:06.341+0000] {processor.py:914} INFO - Processing file /home/airflow/.local/lib/python3.12/site-packages/airflow/example_dags/example_xcomargs.py for tasks to queue
[2025-04-08T12:03:06.349+0000] {logging_mixin.py:190} INFO - [2025-04-08T12:03:06.348+0000] {dagbag.py:588} INFO - Filling up the DagBag from /home/airflow/.local/lib/python3.12/site-packages/airflow/example_dags/example_xcomargs.py
[2025-04-08T12:03:06.396+0000] {processor.py:925} INFO - DAG(s) 'example_xcom_args_with_operators', 'example_xcom_args' retrieved from /home/airflow/.local/lib/python3.12/site-packages/airflow/example_dags/example_xcomargs.py
[2025-04-08T12:03:06.523+0000] {logging_mixin.py:190} INFO - [2025-04-08T12:03:06.523+0000] {dag.py:3239} INFO - Sync 2 DAGs
[2025-04-08T12:03:06.599+0000] {logging_mixin.py:190} INFO - [2025-04-08T12:03:06.593+0000] {dag.py:4180} INFO - Setting next_dagrun for example_xcom_args to None, run_after=None
[2025-04-08T12:03:06.621+0000] {logging_mixin.py:190} INFO - [2025-04-08T12:03:06.620+0000] {dag.py:4180} INFO - Setting next_dagrun for example_xcom_args_with_operators to None, run_after=None
[2025-04-08T12:03:06.726+0000] {processor.py:208} INFO - Processing /home/airflow/.local/lib/python3.12/site-packages/airflow/example_dags/example_xcomargs.py took 0.416 seconds
[2025-04-08T12:03:38.668+0000] {processor.py:186} INFO - Started process (PID=74201) to work on /home/airflow/.local/lib/python3.12/site-packages/airflow/example_dags/example_xcomargs.py
[2025-04-08T12:03:38.671+0000] {processor.py:914} INFO - Processing file /home/airflow/.local/lib/python3.12/site-packages/airflow/example_dags/example_xcomargs.py for tasks to queue
[2025-04-08T12:03:38.676+0000] {logging_mixin.py:190} INFO - [2025-04-08T12:03:38.675+0000] {dagbag.py:588} INFO - Filling up the DagBag from /home/airflow/.local/lib/python3.12/site-packages/airflow/example_dags/example_xcomargs.py
[2025-04-08T12:03:38.727+0000] {processor.py:925} INFO - DAG(s) 'example_xcom_args', 'example_xcom_args_with_operators' retrieved from /home/airflow/.local/lib/python3.12/site-packages/airflow/example_dags/example_xcomargs.py
[2025-04-08T12:03:38.794+0000] {logging_mixin.py:190} INFO - [2025-04-08T12:03:38.794+0000] {dag.py:3239} INFO - Sync 2 DAGs
[2025-04-08T12:03:38.832+0000] {logging_mixin.py:190} INFO - [2025-04-08T12:03:38.832+0000] {dag.py:4180} INFO - Setting next_dagrun for example_xcom_args to None, run_after=None
[2025-04-08T12:03:38.842+0000] {logging_mixin.py:190} INFO - [2025-04-08T12:03:38.842+0000] {dag.py:4180} INFO - Setting next_dagrun for example_xcom_args_with_operators to None, run_after=None
[2025-04-08T12:03:38.877+0000] {processor.py:208} INFO - Processing /home/airflow/.local/lib/python3.12/site-packages/airflow/example_dags/example_xcomargs.py took 0.226 seconds
[2025-04-08T12:04:10.184+0000] {processor.py:186} INFO - Started process (PID=74266) to work on /home/airflow/.local/lib/python3.12/site-packages/airflow/example_dags/example_xcomargs.py
[2025-04-08T12:04:10.186+0000] {processor.py:914} INFO - Processing file /home/airflow/.local/lib/python3.12/site-packages/airflow/example_dags/example_xcomargs.py for tasks to queue
[2025-04-08T12:04:10.190+0000] {logging_mixin.py:190} INFO - [2025-04-08T12:04:10.190+0000] {dagbag.py:588} INFO - Filling up the DagBag from /home/airflow/.local/lib/python3.12/site-packages/airflow/example_dags/example_xcomargs.py
[2025-04-08T12:04:10.208+0000] {processor.py:925} INFO - DAG(s) 'example_xcom_args_with_operators', 'example_xcom_args' retrieved from /home/airflow/.local/lib/python3.12/site-packages/airflow/example_dags/example_xcomargs.py
[2025-04-08T12:04:10.252+0000] {logging_mixin.py:190} INFO - [2025-04-08T12:04:10.252+0000] {dag.py:3239} INFO - Sync 2 DAGs
[2025-04-08T12:04:10.310+0000] {logging_mixin.py:190} INFO - [2025-04-08T12:04:10.309+0000] {dag.py:4180} INFO - Setting next_dagrun for example_xcom_args to None, run_after=None
[2025-04-08T12:04:10.317+0000] {logging_mixin.py:190} INFO - [2025-04-08T12:04:10.317+0000] {dag.py:4180} INFO - Setting next_dagrun for example_xcom_args_with_operators to None, run_after=None
[2025-04-08T12:04:10.363+0000] {processor.py:208} INFO - Processing /home/airflow/.local/lib/python3.12/site-packages/airflow/example_dags/example_xcomargs.py took 0.189 seconds
[2025-04-08T12:04:42.806+0000] {processor.py:186} INFO - Started process (PID=74331) to work on /home/airflow/.local/lib/python3.12/site-packages/airflow/example_dags/example_xcomargs.py
[2025-04-08T12:04:42.808+0000] {processor.py:914} INFO - Processing file /home/airflow/.local/lib/python3.12/site-packages/airflow/example_dags/example_xcomargs.py for tasks to queue
[2025-04-08T12:04:42.811+0000] {logging_mixin.py:190} INFO - [2025-04-08T12:04:42.810+0000] {dagbag.py:588} INFO - Filling up the DagBag from /home/airflow/.local/lib/python3.12/site-packages/airflow/example_dags/example_xcomargs.py
[2025-04-08T12:04:42.834+0000] {processor.py:925} INFO - DAG(s) 'example_xcom_args', 'example_xcom_args_with_operators' retrieved from /home/airflow/.local/lib/python3.12/site-packages/airflow/example_dags/example_xcomargs.py
[2025-04-08T12:04:42.896+0000] {logging_mixin.py:190} INFO - [2025-04-08T12:04:42.895+0000] {dag.py:3239} INFO - Sync 2 DAGs
[2025-04-08T12:04:42.944+0000] {logging_mixin.py:190} INFO - [2025-04-08T12:04:42.944+0000] {dag.py:4180} INFO - Setting next_dagrun for example_xcom_args to None, run_after=None
[2025-04-08T12:04:42.966+0000] {logging_mixin.py:190} INFO - [2025-04-08T12:04:42.966+0000] {dag.py:4180} INFO - Setting next_dagrun for example_xcom_args_with_operators to None, run_after=None
[2025-04-08T12:04:43.037+0000] {processor.py:208} INFO - Processing /home/airflow/.local/lib/python3.12/site-packages/airflow/example_dags/example_xcomargs.py took 0.244 seconds
[2025-04-08T12:05:14.114+0000] {processor.py:186} INFO - Started process (PID=74396) to work on /home/airflow/.local/lib/python3.12/site-packages/airflow/example_dags/example_xcomargs.py
[2025-04-08T12:05:14.116+0000] {processor.py:914} INFO - Processing file /home/airflow/.local/lib/python3.12/site-packages/airflow/example_dags/example_xcomargs.py for tasks to queue
[2025-04-08T12:05:14.118+0000] {logging_mixin.py:190} INFO - [2025-04-08T12:05:14.118+0000] {dagbag.py:588} INFO - Filling up the DagBag from /home/airflow/.local/lib/python3.12/site-packages/airflow/example_dags/example_xcomargs.py
[2025-04-08T12:05:14.139+0000] {processor.py:925} INFO - DAG(s) 'example_xcom_args_with_operators', 'example_xcom_args' retrieved from /home/airflow/.local/lib/python3.12/site-packages/airflow/example_dags/example_xcomargs.py
[2025-04-08T12:05:14.188+0000] {logging_mixin.py:190} INFO - [2025-04-08T12:05:14.187+0000] {dag.py:3239} INFO - Sync 2 DAGs
[2025-04-08T12:05:14.217+0000] {logging_mixin.py:190} INFO - [2025-04-08T12:05:14.216+0000] {dag.py:4180} INFO - Setting next_dagrun for example_xcom_args to None, run_after=None
[2025-04-08T12:05:14.225+0000] {logging_mixin.py:190} INFO - [2025-04-08T12:05:14.225+0000] {dag.py:4180} INFO - Setting next_dagrun for example_xcom_args_with_operators to None, run_after=None
[2025-04-08T12:05:14.268+0000] {processor.py:208} INFO - Processing /home/airflow/.local/lib/python3.12/site-packages/airflow/example_dags/example_xcomargs.py took 0.162 seconds
[2025-04-08T12:05:46.284+0000] {processor.py:186} INFO - Started process (PID=74461) to work on /home/airflow/.local/lib/python3.12/site-packages/airflow/example_dags/example_xcomargs.py
[2025-04-08T12:05:46.286+0000] {processor.py:914} INFO - Processing file /home/airflow/.local/lib/python3.12/site-packages/airflow/example_dags/example_xcomargs.py for tasks to queue
[2025-04-08T12:05:46.290+0000] {logging_mixin.py:190} INFO - [2025-04-08T12:05:46.289+0000] {dagbag.py:588} INFO - Filling up the DagBag from /home/airflow/.local/lib/python3.12/site-packages/airflow/example_dags/example_xcomargs.py
[2025-04-08T12:05:46.309+0000] {processor.py:925} INFO - DAG(s) 'example_xcom_args', 'example_xcom_args_with_operators' retrieved from /home/airflow/.local/lib/python3.12/site-packages/airflow/example_dags/example_xcomargs.py
[2025-04-08T12:05:46.348+0000] {logging_mixin.py:190} INFO - [2025-04-08T12:05:46.348+0000] {dag.py:3239} INFO - Sync 2 DAGs
[2025-04-08T12:05:46.374+0000] {logging_mixin.py:190} INFO - [2025-04-08T12:05:46.374+0000] {dag.py:4180} INFO - Setting next_dagrun for example_xcom_args to None, run_after=None
[2025-04-08T12:05:46.381+0000] {logging_mixin.py:190} INFO - [2025-04-08T12:05:46.380+0000] {dag.py:4180} INFO - Setting next_dagrun for example_xcom_args_with_operators to None, run_after=None
[2025-04-08T12:05:46.426+0000] {processor.py:208} INFO - Processing /home/airflow/.local/lib/python3.12/site-packages/airflow/example_dags/example_xcomargs.py took 0.165 seconds
[2025-04-08T12:06:18.140+0000] {processor.py:186} INFO - Started process (PID=74526) to work on /home/airflow/.local/lib/python3.12/site-packages/airflow/example_dags/example_xcomargs.py
[2025-04-08T12:06:18.142+0000] {processor.py:914} INFO - Processing file /home/airflow/.local/lib/python3.12/site-packages/airflow/example_dags/example_xcomargs.py for tasks to queue
[2025-04-08T12:06:18.144+0000] {logging_mixin.py:190} INFO - [2025-04-08T12:06:18.144+0000] {dagbag.py:588} INFO - Filling up the DagBag from /home/airflow/.local/lib/python3.12/site-packages/airflow/example_dags/example_xcomargs.py
[2025-04-08T12:06:18.162+0000] {processor.py:925} INFO - DAG(s) 'example_xcom_args', 'example_xcom_args_with_operators' retrieved from /home/airflow/.local/lib/python3.12/site-packages/airflow/example_dags/example_xcomargs.py
[2025-04-08T12:06:18.201+0000] {logging_mixin.py:190} INFO - [2025-04-08T12:06:18.201+0000] {dag.py:3239} INFO - Sync 2 DAGs
[2025-04-08T12:06:18.228+0000] {logging_mixin.py:190} INFO - [2025-04-08T12:06:18.228+0000] {dag.py:4180} INFO - Setting next_dagrun for example_xcom_args to None, run_after=None
[2025-04-08T12:06:18.236+0000] {logging_mixin.py:190} INFO - [2025-04-08T12:06:18.235+0000] {dag.py:4180} INFO - Setting next_dagrun for example_xcom_args_with_operators to None, run_after=None
[2025-04-08T12:06:18.273+0000] {processor.py:208} INFO - Processing /home/airflow/.local/lib/python3.12/site-packages/airflow/example_dags/example_xcomargs.py took 0.142 seconds
[2025-04-08T12:06:49.509+0000] {processor.py:186} INFO - Started process (PID=74591) to work on /home/airflow/.local/lib/python3.12/site-packages/airflow/example_dags/example_xcomargs.py
[2025-04-08T12:06:49.510+0000] {processor.py:914} INFO - Processing file /home/airflow/.local/lib/python3.12/site-packages/airflow/example_dags/example_xcomargs.py for tasks to queue
[2025-04-08T12:06:49.513+0000] {logging_mixin.py:190} INFO - [2025-04-08T12:06:49.512+0000] {dagbag.py:588} INFO - Filling up the DagBag from /home/airflow/.local/lib/python3.12/site-packages/airflow/example_dags/example_xcomargs.py
[2025-04-08T12:06:49.537+0000] {processor.py:925} INFO - DAG(s) 'example_xcom_args_with_operators', 'example_xcom_args' retrieved from /home/airflow/.local/lib/python3.12/site-packages/airflow/example_dags/example_xcomargs.py
[2025-04-08T12:06:49.585+0000] {logging_mixin.py:190} INFO - [2025-04-08T12:06:49.585+0000] {dag.py:3239} INFO - Sync 2 DAGs
[2025-04-08T12:06:49.614+0000] {logging_mixin.py:190} INFO - [2025-04-08T12:06:49.614+0000] {dag.py:4180} INFO - Setting next_dagrun for example_xcom_args to None, run_after=None
[2025-04-08T12:06:49.621+0000] {logging_mixin.py:190} INFO - [2025-04-08T12:06:49.621+0000] {dag.py:4180} INFO - Setting next_dagrun for example_xcom_args_with_operators to None, run_after=None
[2025-04-08T12:06:49.658+0000] {processor.py:208} INFO - Processing /home/airflow/.local/lib/python3.12/site-packages/airflow/example_dags/example_xcomargs.py took 0.159 seconds
[2025-04-08T12:07:20.999+0000] {processor.py:186} INFO - Started process (PID=74657) to work on /home/airflow/.local/lib/python3.12/site-packages/airflow/example_dags/example_xcomargs.py
[2025-04-08T12:07:21.002+0000] {processor.py:914} INFO - Processing file /home/airflow/.local/lib/python3.12/site-packages/airflow/example_dags/example_xcomargs.py for tasks to queue
[2025-04-08T12:07:21.005+0000] {logging_mixin.py:190} INFO - [2025-04-08T12:07:21.004+0000] {dagbag.py:588} INFO - Filling up the DagBag from /home/airflow/.local/lib/python3.12/site-packages/airflow/example_dags/example_xcomargs.py
[2025-04-08T12:07:21.023+0000] {processor.py:925} INFO - DAG(s) 'example_xcom_args_with_operators', 'example_xcom_args' retrieved from /home/airflow/.local/lib/python3.12/site-packages/airflow/example_dags/example_xcomargs.py
[2025-04-08T12:07:21.063+0000] {logging_mixin.py:190} INFO - [2025-04-08T12:07:21.063+0000] {dag.py:3239} INFO - Sync 2 DAGs
[2025-04-08T12:07:21.087+0000] {logging_mixin.py:190} INFO - [2025-04-08T12:07:21.087+0000] {dag.py:4180} INFO - Setting next_dagrun for example_xcom_args to None, run_after=None
[2025-04-08T12:07:21.095+0000] {logging_mixin.py:190} INFO - [2025-04-08T12:07:21.094+0000] {dag.py:4180} INFO - Setting next_dagrun for example_xcom_args_with_operators to None, run_after=None
[2025-04-08T12:07:21.128+0000] {processor.py:208} INFO - Processing /home/airflow/.local/lib/python3.12/site-packages/airflow/example_dags/example_xcomargs.py took 0.139 seconds
[2025-04-08T12:07:52.713+0000] {processor.py:186} INFO - Started process (PID=74722) to work on /home/airflow/.local/lib/python3.12/site-packages/airflow/example_dags/example_xcomargs.py
[2025-04-08T12:07:52.715+0000] {processor.py:914} INFO - Processing file /home/airflow/.local/lib/python3.12/site-packages/airflow/example_dags/example_xcomargs.py for tasks to queue
[2025-04-08T12:07:52.717+0000] {logging_mixin.py:190} INFO - [2025-04-08T12:07:52.717+0000] {dagbag.py:588} INFO - Filling up the DagBag from /home/airflow/.local/lib/python3.12/site-packages/airflow/example_dags/example_xcomargs.py
[2025-04-08T12:07:52.734+0000] {processor.py:925} INFO - DAG(s) 'example_xcom_args_with_operators', 'example_xcom_args' retrieved from /home/airflow/.local/lib/python3.12/site-packages/airflow/example_dags/example_xcomargs.py
[2025-04-08T12:07:52.772+0000] {logging_mixin.py:190} INFO - [2025-04-08T12:07:52.772+0000] {dag.py:3239} INFO - Sync 2 DAGs
[2025-04-08T12:07:52.798+0000] {logging_mixin.py:190} INFO - [2025-04-08T12:07:52.798+0000] {dag.py:4180} INFO - Setting next_dagrun for example_xcom_args to None, run_after=None
[2025-04-08T12:07:52.805+0000] {logging_mixin.py:190} INFO - [2025-04-08T12:07:52.804+0000] {dag.py:4180} INFO - Setting next_dagrun for example_xcom_args_with_operators to None, run_after=None
[2025-04-08T12:07:52.848+0000] {processor.py:208} INFO - Processing /home/airflow/.local/lib/python3.12/site-packages/airflow/example_dags/example_xcomargs.py took 0.146 seconds
[2025-04-08T12:08:24.314+0000] {processor.py:186} INFO - Started process (PID=74794) to work on /home/airflow/.local/lib/python3.12/site-packages/airflow/example_dags/example_xcomargs.py
[2025-04-08T12:08:24.316+0000] {processor.py:914} INFO - Processing file /home/airflow/.local/lib/python3.12/site-packages/airflow/example_dags/example_xcomargs.py for tasks to queue
[2025-04-08T12:08:24.319+0000] {logging_mixin.py:190} INFO - [2025-04-08T12:08:24.318+0000] {dagbag.py:588} INFO - Filling up the DagBag from /home/airflow/.local/lib/python3.12/site-packages/airflow/example_dags/example_xcomargs.py
[2025-04-08T12:08:24.340+0000] {processor.py:925} INFO - DAG(s) 'example_xcom_args_with_operators', 'example_xcom_args' retrieved from /home/airflow/.local/lib/python3.12/site-packages/airflow/example_dags/example_xcomargs.py
[2025-04-08T12:08:24.386+0000] {logging_mixin.py:190} INFO - [2025-04-08T12:08:24.385+0000] {dag.py:3239} INFO - Sync 2 DAGs
[2025-04-08T12:08:24.423+0000] {logging_mixin.py:190} INFO - [2025-04-08T12:08:24.423+0000] {dag.py:4180} INFO - Setting next_dagrun for example_xcom_args to None, run_after=None
[2025-04-08T12:08:24.435+0000] {logging_mixin.py:190} INFO - [2025-04-08T12:08:24.434+0000] {dag.py:4180} INFO - Setting next_dagrun for example_xcom_args_with_operators to None, run_after=None
[2025-04-08T12:08:24.484+0000] {processor.py:208} INFO - Processing /home/airflow/.local/lib/python3.12/site-packages/airflow/example_dags/example_xcomargs.py took 0.183 seconds
[2025-04-08T12:08:57.161+0000] {processor.py:186} INFO - Started process (PID=74859) to work on /home/airflow/.local/lib/python3.12/site-packages/airflow/example_dags/example_xcomargs.py
[2025-04-08T12:08:57.163+0000] {processor.py:914} INFO - Processing file /home/airflow/.local/lib/python3.12/site-packages/airflow/example_dags/example_xcomargs.py for tasks to queue
[2025-04-08T12:08:57.167+0000] {logging_mixin.py:190} INFO - [2025-04-08T12:08:57.166+0000] {dagbag.py:588} INFO - Filling up the DagBag from /home/airflow/.local/lib/python3.12/site-packages/airflow/example_dags/example_xcomargs.py
[2025-04-08T12:08:57.207+0000] {processor.py:925} INFO - DAG(s) 'example_xcom_args', 'example_xcom_args_with_operators' retrieved from /home/airflow/.local/lib/python3.12/site-packages/airflow/example_dags/example_xcomargs.py
[2025-04-08T12:08:57.263+0000] {logging_mixin.py:190} INFO - [2025-04-08T12:08:57.263+0000] {dag.py:3239} INFO - Sync 2 DAGs
[2025-04-08T12:08:57.303+0000] {logging_mixin.py:190} INFO - [2025-04-08T12:08:57.303+0000] {dag.py:4180} INFO - Setting next_dagrun for example_xcom_args to None, run_after=None
[2025-04-08T12:08:57.313+0000] {logging_mixin.py:190} INFO - [2025-04-08T12:08:57.312+0000] {dag.py:4180} INFO - Setting next_dagrun for example_xcom_args_with_operators to None, run_after=None
[2025-04-08T12:08:57.360+0000] {processor.py:208} INFO - Processing /home/airflow/.local/lib/python3.12/site-packages/airflow/example_dags/example_xcomargs.py took 0.213 seconds
