[2025-04-08T12:02:16.879+0000] {processor.py:186} INFO - Started process (PID=74044) to work on /home/airflow/.local/lib/python3.12/site-packages/airflow/example_dags/example_short_circuit_operator.py
[2025-04-08T12:02:16.933+0000] {processor.py:914} INFO - Processing file /home/airflow/.local/lib/python3.12/site-packages/airflow/example_dags/example_short_circuit_operator.py for tasks to queue
[2025-04-08T12:02:16.952+0000] {logging_mixin.py:190} INFO - [2025-04-08T12:02:16.951+0000] {dagbag.py:588} INFO - Filling up the DagBag from /home/airflow/.local/lib/python3.12/site-packages/airflow/example_dags/example_short_circuit_operator.py
[2025-04-08T12:02:16.996+0000] {processor.py:925} INFO - DAG(s) 'example_short_circuit_operator' retrieved from /home/airflow/.local/lib/python3.12/site-packages/airflow/example_dags/example_short_circuit_operator.py
[2025-04-08T12:02:17.164+0000] {logging_mixin.py:190} INFO - [2025-04-08T12:02:17.163+0000] {dag.py:3239} INFO - Sync 1 DAGs
[2025-04-08T12:02:17.282+0000] {logging_mixin.py:190} INFO - [2025-04-08T12:02:17.282+0000] {dag.py:4180} INFO - Setting next_dagrun for example_short_circuit_operator to None, run_after=None
[2025-04-08T12:02:17.715+0000] {processor.py:208} INFO - Processing /home/airflow/.local/lib/python3.12/site-packages/airflow/example_dags/example_short_circuit_operator.py took 0.857 seconds
[2025-04-08T12:02:53.760+0000] {processor.py:186} INFO - Started process (PID=74115) to work on /home/airflow/.local/lib/python3.12/site-packages/airflow/example_dags/example_short_circuit_operator.py
[2025-04-08T12:02:53.765+0000] {processor.py:914} INFO - Processing file /home/airflow/.local/lib/python3.12/site-packages/airflow/example_dags/example_short_circuit_operator.py for tasks to queue
[2025-04-08T12:02:53.776+0000] {logging_mixin.py:190} INFO - [2025-04-08T12:02:53.774+0000] {dagbag.py:588} INFO - Filling up the DagBag from /home/airflow/.local/lib/python3.12/site-packages/airflow/example_dags/example_short_circuit_operator.py
[2025-04-08T12:02:53.828+0000] {processor.py:925} INFO - DAG(s) 'example_short_circuit_operator' retrieved from /home/airflow/.local/lib/python3.12/site-packages/airflow/example_dags/example_short_circuit_operator.py
[2025-04-08T12:02:53.997+0000] {logging_mixin.py:190} INFO - [2025-04-08T12:02:53.987+0000] {dag.py:3239} INFO - Sync 1 DAGs
[2025-04-08T12:02:54.110+0000] {logging_mixin.py:190} INFO - [2025-04-08T12:02:54.109+0000] {dag.py:4180} INFO - Setting next_dagrun for example_short_circuit_operator to None, run_after=None
[2025-04-08T12:02:54.235+0000] {processor.py:208} INFO - Processing /home/airflow/.local/lib/python3.12/site-packages/airflow/example_dags/example_short_circuit_operator.py took 0.524 seconds
[2025-04-08T12:03:27.870+0000] {processor.py:186} INFO - Started process (PID=74180) to work on /home/airflow/.local/lib/python3.12/site-packages/airflow/example_dags/example_short_circuit_operator.py
[2025-04-08T12:03:27.872+0000] {processor.py:914} INFO - Processing file /home/airflow/.local/lib/python3.12/site-packages/airflow/example_dags/example_short_circuit_operator.py for tasks to queue
[2025-04-08T12:03:27.876+0000] {logging_mixin.py:190} INFO - [2025-04-08T12:03:27.875+0000] {dagbag.py:588} INFO - Filling up the DagBag from /home/airflow/.local/lib/python3.12/site-packages/airflow/example_dags/example_short_circuit_operator.py
[2025-04-08T12:03:27.904+0000] {processor.py:925} INFO - DAG(s) 'example_short_circuit_operator' retrieved from /home/airflow/.local/lib/python3.12/site-packages/airflow/example_dags/example_short_circuit_operator.py
[2025-04-08T12:03:27.993+0000] {logging_mixin.py:190} INFO - [2025-04-08T12:03:27.993+0000] {dag.py:3239} INFO - Sync 1 DAGs
[2025-04-08T12:03:28.089+0000] {logging_mixin.py:190} INFO - [2025-04-08T12:03:28.088+0000] {dag.py:4180} INFO - Setting next_dagrun for example_short_circuit_operator to None, run_after=None
[2025-04-08T12:03:28.243+0000] {processor.py:208} INFO - Processing /home/airflow/.local/lib/python3.12/site-packages/airflow/example_dags/example_short_circuit_operator.py took 0.386 seconds
[2025-04-08T12:03:58.644+0000] {processor.py:186} INFO - Started process (PID=74245) to work on /home/airflow/.local/lib/python3.12/site-packages/airflow/example_dags/example_short_circuit_operator.py
[2025-04-08T12:03:58.647+0000] {processor.py:914} INFO - Processing file /home/airflow/.local/lib/python3.12/site-packages/airflow/example_dags/example_short_circuit_operator.py for tasks to queue
[2025-04-08T12:03:58.650+0000] {logging_mixin.py:190} INFO - [2025-04-08T12:03:58.649+0000] {dagbag.py:588} INFO - Filling up the DagBag from /home/airflow/.local/lib/python3.12/site-packages/airflow/example_dags/example_short_circuit_operator.py
[2025-04-08T12:03:58.672+0000] {processor.py:925} INFO - DAG(s) 'example_short_circuit_operator' retrieved from /home/airflow/.local/lib/python3.12/site-packages/airflow/example_dags/example_short_circuit_operator.py
[2025-04-08T12:03:58.736+0000] {logging_mixin.py:190} INFO - [2025-04-08T12:03:58.735+0000] {dag.py:3239} INFO - Sync 1 DAGs
[2025-04-08T12:03:58.798+0000] {logging_mixin.py:190} INFO - [2025-04-08T12:03:58.797+0000] {dag.py:4180} INFO - Setting next_dagrun for example_short_circuit_operator to None, run_after=None
[2025-04-08T12:03:58.909+0000] {processor.py:208} INFO - Processing /home/airflow/.local/lib/python3.12/site-packages/airflow/example_dags/example_short_circuit_operator.py took 0.279 seconds
[2025-04-08T12:04:29.705+0000] {processor.py:186} INFO - Started process (PID=74309) to work on /home/airflow/.local/lib/python3.12/site-packages/airflow/example_dags/example_short_circuit_operator.py
[2025-04-08T12:04:29.708+0000] {processor.py:914} INFO - Processing file /home/airflow/.local/lib/python3.12/site-packages/airflow/example_dags/example_short_circuit_operator.py for tasks to queue
[2025-04-08T12:04:29.711+0000] {logging_mixin.py:190} INFO - [2025-04-08T12:04:29.710+0000] {dagbag.py:588} INFO - Filling up the DagBag from /home/airflow/.local/lib/python3.12/site-packages/airflow/example_dags/example_short_circuit_operator.py
[2025-04-08T12:04:29.729+0000] {processor.py:925} INFO - DAG(s) 'example_short_circuit_operator' retrieved from /home/airflow/.local/lib/python3.12/site-packages/airflow/example_dags/example_short_circuit_operator.py
[2025-04-08T12:04:29.772+0000] {logging_mixin.py:190} INFO - [2025-04-08T12:04:29.772+0000] {dag.py:3239} INFO - Sync 1 DAGs
[2025-04-08T12:04:29.802+0000] {logging_mixin.py:190} INFO - [2025-04-08T12:04:29.802+0000] {dag.py:4180} INFO - Setting next_dagrun for example_short_circuit_operator to None, run_after=None
[2025-04-08T12:04:29.861+0000] {processor.py:208} INFO - Processing /home/airflow/.local/lib/python3.12/site-packages/airflow/example_dags/example_short_circuit_operator.py took 0.168 seconds
[2025-04-08T12:05:00.132+0000] {processor.py:186} INFO - Started process (PID=74374) to work on /home/airflow/.local/lib/python3.12/site-packages/airflow/example_dags/example_short_circuit_operator.py
[2025-04-08T12:05:00.134+0000] {processor.py:914} INFO - Processing file /home/airflow/.local/lib/python3.12/site-packages/airflow/example_dags/example_short_circuit_operator.py for tasks to queue
[2025-04-08T12:05:00.137+0000] {logging_mixin.py:190} INFO - [2025-04-08T12:05:00.136+0000] {dagbag.py:588} INFO - Filling up the DagBag from /home/airflow/.local/lib/python3.12/site-packages/airflow/example_dags/example_short_circuit_operator.py
[2025-04-08T12:05:00.161+0000] {processor.py:925} INFO - DAG(s) 'example_short_circuit_operator' retrieved from /home/airflow/.local/lib/python3.12/site-packages/airflow/example_dags/example_short_circuit_operator.py
[2025-04-08T12:05:00.221+0000] {logging_mixin.py:190} INFO - [2025-04-08T12:05:00.221+0000] {dag.py:3239} INFO - Sync 1 DAGs
[2025-04-08T12:05:00.255+0000] {logging_mixin.py:190} INFO - [2025-04-08T12:05:00.254+0000] {dag.py:4180} INFO - Setting next_dagrun for example_short_circuit_operator to None, run_after=None
[2025-04-08T12:05:00.301+0000] {processor.py:208} INFO - Processing /home/airflow/.local/lib/python3.12/site-packages/airflow/example_dags/example_short_circuit_operator.py took 0.179 seconds
[2025-04-08T12:05:30.654+0000] {processor.py:186} INFO - Started process (PID=74439) to work on /home/airflow/.local/lib/python3.12/site-packages/airflow/example_dags/example_short_circuit_operator.py
[2025-04-08T12:05:30.656+0000] {processor.py:914} INFO - Processing file /home/airflow/.local/lib/python3.12/site-packages/airflow/example_dags/example_short_circuit_operator.py for tasks to queue
[2025-04-08T12:05:30.659+0000] {logging_mixin.py:190} INFO - [2025-04-08T12:05:30.658+0000] {dagbag.py:588} INFO - Filling up the DagBag from /home/airflow/.local/lib/python3.12/site-packages/airflow/example_dags/example_short_circuit_operator.py
[2025-04-08T12:05:30.680+0000] {processor.py:925} INFO - DAG(s) 'example_short_circuit_operator' retrieved from /home/airflow/.local/lib/python3.12/site-packages/airflow/example_dags/example_short_circuit_operator.py
[2025-04-08T12:05:30.727+0000] {logging_mixin.py:190} INFO - [2025-04-08T12:05:30.726+0000] {dag.py:3239} INFO - Sync 1 DAGs
[2025-04-08T12:05:30.753+0000] {logging_mixin.py:190} INFO - [2025-04-08T12:05:30.752+0000] {dag.py:4180} INFO - Setting next_dagrun for example_short_circuit_operator to None, run_after=None
[2025-04-08T12:05:30.791+0000] {processor.py:208} INFO - Processing /home/airflow/.local/lib/python3.12/site-packages/airflow/example_dags/example_short_circuit_operator.py took 0.146 seconds
[2025-04-08T12:06:01.274+0000] {processor.py:186} INFO - Started process (PID=74504) to work on /home/airflow/.local/lib/python3.12/site-packages/airflow/example_dags/example_short_circuit_operator.py
[2025-04-08T12:06:01.276+0000] {processor.py:914} INFO - Processing file /home/airflow/.local/lib/python3.12/site-packages/airflow/example_dags/example_short_circuit_operator.py for tasks to queue
[2025-04-08T12:06:01.279+0000] {logging_mixin.py:190} INFO - [2025-04-08T12:06:01.279+0000] {dagbag.py:588} INFO - Filling up the DagBag from /home/airflow/.local/lib/python3.12/site-packages/airflow/example_dags/example_short_circuit_operator.py
[2025-04-08T12:06:01.300+0000] {processor.py:925} INFO - DAG(s) 'example_short_circuit_operator' retrieved from /home/airflow/.local/lib/python3.12/site-packages/airflow/example_dags/example_short_circuit_operator.py
[2025-04-08T12:06:01.351+0000] {logging_mixin.py:190} INFO - [2025-04-08T12:06:01.351+0000] {dag.py:3239} INFO - Sync 1 DAGs
[2025-04-08T12:06:01.382+0000] {logging_mixin.py:190} INFO - [2025-04-08T12:06:01.382+0000] {dag.py:4180} INFO - Setting next_dagrun for example_short_circuit_operator to None, run_after=None
[2025-04-08T12:06:01.424+0000] {processor.py:208} INFO - Processing /home/airflow/.local/lib/python3.12/site-packages/airflow/example_dags/example_short_circuit_operator.py took 0.160 seconds
[2025-04-08T12:06:32.022+0000] {processor.py:186} INFO - Started process (PID=74569) to work on /home/airflow/.local/lib/python3.12/site-packages/airflow/example_dags/example_short_circuit_operator.py
[2025-04-08T12:06:32.024+0000] {processor.py:914} INFO - Processing file /home/airflow/.local/lib/python3.12/site-packages/airflow/example_dags/example_short_circuit_operator.py for tasks to queue
[2025-04-08T12:06:32.027+0000] {logging_mixin.py:190} INFO - [2025-04-08T12:06:32.027+0000] {dagbag.py:588} INFO - Filling up the DagBag from /home/airflow/.local/lib/python3.12/site-packages/airflow/example_dags/example_short_circuit_operator.py
[2025-04-08T12:06:32.048+0000] {processor.py:925} INFO - DAG(s) 'example_short_circuit_operator' retrieved from /home/airflow/.local/lib/python3.12/site-packages/airflow/example_dags/example_short_circuit_operator.py
[2025-04-08T12:06:32.090+0000] {logging_mixin.py:190} INFO - [2025-04-08T12:06:32.090+0000] {dag.py:3239} INFO - Sync 1 DAGs
[2025-04-08T12:06:32.117+0000] {logging_mixin.py:190} INFO - [2025-04-08T12:06:32.116+0000] {dag.py:4180} INFO - Setting next_dagrun for example_short_circuit_operator to None, run_after=None
[2025-04-08T12:06:32.166+0000] {processor.py:208} INFO - Processing /home/airflow/.local/lib/python3.12/site-packages/airflow/example_dags/example_short_circuit_operator.py took 0.156 seconds
[2025-04-08T12:07:03.125+0000] {processor.py:186} INFO - Started process (PID=74635) to work on /home/airflow/.local/lib/python3.12/site-packages/airflow/example_dags/example_short_circuit_operator.py
[2025-04-08T12:07:03.130+0000] {processor.py:914} INFO - Processing file /home/airflow/.local/lib/python3.12/site-packages/airflow/example_dags/example_short_circuit_operator.py for tasks to queue
[2025-04-08T12:07:03.134+0000] {logging_mixin.py:190} INFO - [2025-04-08T12:07:03.133+0000] {dagbag.py:588} INFO - Filling up the DagBag from /home/airflow/.local/lib/python3.12/site-packages/airflow/example_dags/example_short_circuit_operator.py
[2025-04-08T12:07:03.153+0000] {processor.py:925} INFO - DAG(s) 'example_short_circuit_operator' retrieved from /home/airflow/.local/lib/python3.12/site-packages/airflow/example_dags/example_short_circuit_operator.py
[2025-04-08T12:07:03.200+0000] {logging_mixin.py:190} INFO - [2025-04-08T12:07:03.200+0000] {dag.py:3239} INFO - Sync 1 DAGs
[2025-04-08T12:07:03.227+0000] {logging_mixin.py:190} INFO - [2025-04-08T12:07:03.226+0000] {dag.py:4180} INFO - Setting next_dagrun for example_short_circuit_operator to None, run_after=None
[2025-04-08T12:07:03.268+0000] {processor.py:208} INFO - Processing /home/airflow/.local/lib/python3.12/site-packages/airflow/example_dags/example_short_circuit_operator.py took 0.155 seconds
[2025-04-08T12:07:33.564+0000] {processor.py:186} INFO - Started process (PID=74700) to work on /home/airflow/.local/lib/python3.12/site-packages/airflow/example_dags/example_short_circuit_operator.py
[2025-04-08T12:07:33.566+0000] {processor.py:914} INFO - Processing file /home/airflow/.local/lib/python3.12/site-packages/airflow/example_dags/example_short_circuit_operator.py for tasks to queue
[2025-04-08T12:07:33.568+0000] {logging_mixin.py:190} INFO - [2025-04-08T12:07:33.568+0000] {dagbag.py:588} INFO - Filling up the DagBag from /home/airflow/.local/lib/python3.12/site-packages/airflow/example_dags/example_short_circuit_operator.py
[2025-04-08T12:07:33.585+0000] {processor.py:925} INFO - DAG(s) 'example_short_circuit_operator' retrieved from /home/airflow/.local/lib/python3.12/site-packages/airflow/example_dags/example_short_circuit_operator.py
[2025-04-08T12:07:33.650+0000] {logging_mixin.py:190} INFO - [2025-04-08T12:07:33.649+0000] {dag.py:3239} INFO - Sync 1 DAGs
[2025-04-08T12:07:33.700+0000] {logging_mixin.py:190} INFO - [2025-04-08T12:07:33.699+0000] {dag.py:4180} INFO - Setting next_dagrun for example_short_circuit_operator to None, run_after=None
[2025-04-08T12:07:33.757+0000] {processor.py:208} INFO - Processing /home/airflow/.local/lib/python3.12/site-packages/airflow/example_dags/example_short_circuit_operator.py took 0.203 seconds
[2025-04-08T12:08:03.997+0000] {processor.py:186} INFO - Started process (PID=74766) to work on /home/airflow/.local/lib/python3.12/site-packages/airflow/example_dags/example_short_circuit_operator.py
[2025-04-08T12:08:03.999+0000] {processor.py:914} INFO - Processing file /home/airflow/.local/lib/python3.12/site-packages/airflow/example_dags/example_short_circuit_operator.py for tasks to queue
[2025-04-08T12:08:04.002+0000] {logging_mixin.py:190} INFO - [2025-04-08T12:08:04.001+0000] {dagbag.py:588} INFO - Filling up the DagBag from /home/airflow/.local/lib/python3.12/site-packages/airflow/example_dags/example_short_circuit_operator.py
[2025-04-08T12:08:04.019+0000] {processor.py:925} INFO - DAG(s) 'example_short_circuit_operator' retrieved from /home/airflow/.local/lib/python3.12/site-packages/airflow/example_dags/example_short_circuit_operator.py
[2025-04-08T12:08:04.063+0000] {logging_mixin.py:190} INFO - [2025-04-08T12:08:04.063+0000] {dag.py:3239} INFO - Sync 1 DAGs
[2025-04-08T12:08:04.092+0000] {logging_mixin.py:190} INFO - [2025-04-08T12:08:04.091+0000] {dag.py:4180} INFO - Setting next_dagrun for example_short_circuit_operator to None, run_after=None
[2025-04-08T12:08:04.143+0000] {processor.py:208} INFO - Processing /home/airflow/.local/lib/python3.12/site-packages/airflow/example_dags/example_short_circuit_operator.py took 0.157 seconds
[2025-04-08T12:08:34.671+0000] {processor.py:186} INFO - Started process (PID=74831) to work on /home/airflow/.local/lib/python3.12/site-packages/airflow/example_dags/example_short_circuit_operator.py
[2025-04-08T12:08:34.673+0000] {processor.py:914} INFO - Processing file /home/airflow/.local/lib/python3.12/site-packages/airflow/example_dags/example_short_circuit_operator.py for tasks to queue
[2025-04-08T12:08:34.676+0000] {logging_mixin.py:190} INFO - [2025-04-08T12:08:34.675+0000] {dagbag.py:588} INFO - Filling up the DagBag from /home/airflow/.local/lib/python3.12/site-packages/airflow/example_dags/example_short_circuit_operator.py
[2025-04-08T12:08:34.693+0000] {processor.py:925} INFO - DAG(s) 'example_short_circuit_operator' retrieved from /home/airflow/.local/lib/python3.12/site-packages/airflow/example_dags/example_short_circuit_operator.py
[2025-04-08T12:08:34.744+0000] {logging_mixin.py:190} INFO - [2025-04-08T12:08:34.743+0000] {dag.py:3239} INFO - Sync 1 DAGs
[2025-04-08T12:08:34.782+0000] {logging_mixin.py:190} INFO - [2025-04-08T12:08:34.781+0000] {dag.py:4180} INFO - Setting next_dagrun for example_short_circuit_operator to None, run_after=None
[2025-04-08T12:08:34.828+0000] {processor.py:208} INFO - Processing /home/airflow/.local/lib/python3.12/site-packages/airflow/example_dags/example_short_circuit_operator.py took 0.171 seconds
[2025-04-08T12:09:04.983+0000] {processor.py:186} INFO - Started process (PID=74896) to work on /home/airflow/.local/lib/python3.12/site-packages/airflow/example_dags/example_short_circuit_operator.py
[2025-04-08T12:09:04.986+0000] {processor.py:914} INFO - Processing file /home/airflow/.local/lib/python3.12/site-packages/airflow/example_dags/example_short_circuit_operator.py for tasks to queue
[2025-04-08T12:09:04.991+0000] {logging_mixin.py:190} INFO - [2025-04-08T12:09:04.989+0000] {dagbag.py:588} INFO - Filling up the DagBag from /home/airflow/.local/lib/python3.12/site-packages/airflow/example_dags/example_short_circuit_operator.py
[2025-04-08T12:09:05.017+0000] {processor.py:925} INFO - DAG(s) 'example_short_circuit_operator' retrieved from /home/airflow/.local/lib/python3.12/site-packages/airflow/example_dags/example_short_circuit_operator.py
[2025-04-08T12:09:05.083+0000] {logging_mixin.py:190} INFO - [2025-04-08T12:09:05.082+0000] {dag.py:3239} INFO - Sync 1 DAGs
[2025-04-08T12:09:05.125+0000] {logging_mixin.py:190} INFO - [2025-04-08T12:09:05.124+0000] {dag.py:4180} INFO - Setting next_dagrun for example_short_circuit_operator to None, run_after=None
[2025-04-08T12:09:05.168+0000] {processor.py:208} INFO - Processing /home/airflow/.local/lib/python3.12/site-packages/airflow/example_dags/example_short_circuit_operator.py took 0.196 seconds
[2025-04-08T16:49:38.732+0000] {processor.py:186} INFO - Started process (PID=74936) to work on /home/airflow/.local/lib/python3.12/site-packages/airflow/example_dags/example_short_circuit_operator.py
[2025-04-08T16:49:38.735+0000] {processor.py:914} INFO - Processing file /home/airflow/.local/lib/python3.12/site-packages/airflow/example_dags/example_short_circuit_operator.py for tasks to queue
[2025-04-08T16:49:38.746+0000] {logging_mixin.py:190} INFO - [2025-04-08T16:49:38.745+0000] {dagbag.py:588} INFO - Filling up the DagBag from /home/airflow/.local/lib/python3.12/site-packages/airflow/example_dags/example_short_circuit_operator.py
[2025-04-08T16:49:38.827+0000] {processor.py:925} INFO - DAG(s) 'example_short_circuit_operator' retrieved from /home/airflow/.local/lib/python3.12/site-packages/airflow/example_dags/example_short_circuit_operator.py
[2025-04-08T16:49:38.954+0000] {logging_mixin.py:190} INFO - [2025-04-08T16:49:38.954+0000] {dag.py:3239} INFO - Sync 1 DAGs
[2025-04-08T16:49:39.063+0000] {logging_mixin.py:190} INFO - [2025-04-08T16:49:39.062+0000] {dag.py:4180} INFO - Setting next_dagrun for example_short_circuit_operator to None, run_after=None
[2025-04-08T16:49:39.179+0000] {processor.py:208} INFO - Processing /home/airflow/.local/lib/python3.12/site-packages/airflow/example_dags/example_short_circuit_operator.py took 0.471 seconds
