[2025-04-08T12:02:21.089+0000] {processor.py:186} INFO - Started process (PID=74049) to work on /home/airflow/.local/lib/python3.12/site-packages/airflow/example_dags/example_skip_dag.py
[2025-04-08T12:02:21.129+0000] {processor.py:914} INFO - Processing file /home/airflow/.local/lib/python3.12/site-packages/airflow/example_dags/example_skip_dag.py for tasks to queue
[2025-04-08T12:02:21.138+0000] {logging_mixin.py:190} INFO - [2025-04-08T12:02:21.136+0000] {dagbag.py:588} INFO - Filling up the DagBag from /home/airflow/.local/lib/python3.12/site-packages/airflow/example_dags/example_skip_dag.py
[2025-04-08T12:02:21.217+0000] {processor.py:925} INFO - DAG(s) 'example_skip_dag' retrieved from /home/airflow/.local/lib/python3.12/site-packages/airflow/example_dags/example_skip_dag.py
[2025-04-08T12:02:21.395+0000] {logging_mixin.py:190} INFO - [2025-04-08T12:02:21.395+0000] {dag.py:3239} INFO - Sync 1 DAGs
[2025-04-08T12:02:22.838+0000] {logging_mixin.py:190} INFO - [2025-04-08T12:02:22.838+0000] {dag.py:4180} INFO - Setting next_dagrun for example_skip_dag to 2025-04-07 00:00:00+00:00, run_after=2025-04-08 00:00:00+00:00
[2025-04-08T12:02:23.229+0000] {processor.py:208} INFO - Processing /home/airflow/.local/lib/python3.12/site-packages/airflow/example_dags/example_skip_dag.py took 2.163 seconds
[2025-04-08T12:02:55.357+0000] {processor.py:186} INFO - Started process (PID=74120) to work on /home/airflow/.local/lib/python3.12/site-packages/airflow/example_dags/example_skip_dag.py
[2025-04-08T12:02:55.360+0000] {processor.py:914} INFO - Processing file /home/airflow/.local/lib/python3.12/site-packages/airflow/example_dags/example_skip_dag.py for tasks to queue
[2025-04-08T12:02:55.372+0000] {logging_mixin.py:190} INFO - [2025-04-08T12:02:55.371+0000] {dagbag.py:588} INFO - Filling up the DagBag from /home/airflow/.local/lib/python3.12/site-packages/airflow/example_dags/example_skip_dag.py
[2025-04-08T12:02:55.438+0000] {processor.py:925} INFO - DAG(s) 'example_skip_dag' retrieved from /home/airflow/.local/lib/python3.12/site-packages/airflow/example_dags/example_skip_dag.py
[2025-04-08T12:02:55.579+0000] {logging_mixin.py:190} INFO - [2025-04-08T12:02:55.578+0000] {dag.py:3239} INFO - Sync 1 DAGs
[2025-04-08T12:02:55.730+0000] {logging_mixin.py:190} INFO - [2025-04-08T12:02:55.729+0000] {dag.py:4180} INFO - Setting next_dagrun for example_skip_dag to 2025-04-07 00:00:00+00:00, run_after=2025-04-08 00:00:00+00:00
[2025-04-08T12:02:55.851+0000] {processor.py:208} INFO - Processing /home/airflow/.local/lib/python3.12/site-packages/airflow/example_dags/example_skip_dag.py took 0.529 seconds
[2025-04-08T12:03:29.633+0000] {processor.py:186} INFO - Started process (PID=74185) to work on /home/airflow/.local/lib/python3.12/site-packages/airflow/example_dags/example_skip_dag.py
[2025-04-08T12:03:29.646+0000] {processor.py:914} INFO - Processing file /home/airflow/.local/lib/python3.12/site-packages/airflow/example_dags/example_skip_dag.py for tasks to queue
[2025-04-08T12:03:29.652+0000] {logging_mixin.py:190} INFO - [2025-04-08T12:03:29.651+0000] {dagbag.py:588} INFO - Filling up the DagBag from /home/airflow/.local/lib/python3.12/site-packages/airflow/example_dags/example_skip_dag.py
[2025-04-08T12:03:29.688+0000] {processor.py:925} INFO - DAG(s) 'example_skip_dag' retrieved from /home/airflow/.local/lib/python3.12/site-packages/airflow/example_dags/example_skip_dag.py
[2025-04-08T12:03:29.792+0000] {logging_mixin.py:190} INFO - [2025-04-08T12:03:29.792+0000] {dag.py:3239} INFO - Sync 1 DAGs
[2025-04-08T12:03:29.952+0000] {logging_mixin.py:190} INFO - [2025-04-08T12:03:29.943+0000] {dag.py:4180} INFO - Setting next_dagrun for example_skip_dag to 2025-04-07 00:00:00+00:00, run_after=2025-04-08 00:00:00+00:00
[2025-04-08T12:03:30.053+0000] {processor.py:208} INFO - Processing /home/airflow/.local/lib/python3.12/site-packages/airflow/example_dags/example_skip_dag.py took 0.445 seconds
[2025-04-08T12:04:01.120+0000] {processor.py:186} INFO - Started process (PID=74250) to work on /home/airflow/.local/lib/python3.12/site-packages/airflow/example_dags/example_skip_dag.py
[2025-04-08T12:04:01.131+0000] {processor.py:914} INFO - Processing file /home/airflow/.local/lib/python3.12/site-packages/airflow/example_dags/example_skip_dag.py for tasks to queue
[2025-04-08T12:04:01.136+0000] {logging_mixin.py:190} INFO - [2025-04-08T12:04:01.135+0000] {dagbag.py:588} INFO - Filling up the DagBag from /home/airflow/.local/lib/python3.12/site-packages/airflow/example_dags/example_skip_dag.py
[2025-04-08T12:04:01.176+0000] {processor.py:925} INFO - DAG(s) 'example_skip_dag' retrieved from /home/airflow/.local/lib/python3.12/site-packages/airflow/example_dags/example_skip_dag.py
[2025-04-08T12:04:01.289+0000] {logging_mixin.py:190} INFO - [2025-04-08T12:04:01.288+0000] {dag.py:3239} INFO - Sync 1 DAGs
[2025-04-08T12:04:01.397+0000] {logging_mixin.py:190} INFO - [2025-04-08T12:04:01.392+0000] {dag.py:4180} INFO - Setting next_dagrun for example_skip_dag to 2025-04-07 00:00:00+00:00, run_after=2025-04-08 00:00:00+00:00
[2025-04-08T12:04:01.509+0000] {processor.py:208} INFO - Processing /home/airflow/.local/lib/python3.12/site-packages/airflow/example_dags/example_skip_dag.py took 0.415 seconds
[2025-04-08T12:04:32.028+0000] {processor.py:186} INFO - Started process (PID=74315) to work on /home/airflow/.local/lib/python3.12/site-packages/airflow/example_dags/example_skip_dag.py
[2025-04-08T12:04:32.030+0000] {processor.py:914} INFO - Processing file /home/airflow/.local/lib/python3.12/site-packages/airflow/example_dags/example_skip_dag.py for tasks to queue
[2025-04-08T12:04:32.033+0000] {logging_mixin.py:190} INFO - [2025-04-08T12:04:32.032+0000] {dagbag.py:588} INFO - Filling up the DagBag from /home/airflow/.local/lib/python3.12/site-packages/airflow/example_dags/example_skip_dag.py
[2025-04-08T12:04:32.048+0000] {processor.py:925} INFO - DAG(s) 'example_skip_dag' retrieved from /home/airflow/.local/lib/python3.12/site-packages/airflow/example_dags/example_skip_dag.py
[2025-04-08T12:04:32.090+0000] {logging_mixin.py:190} INFO - [2025-04-08T12:04:32.089+0000] {dag.py:3239} INFO - Sync 1 DAGs
[2025-04-08T12:04:32.134+0000] {logging_mixin.py:190} INFO - [2025-04-08T12:04:32.134+0000] {dag.py:4180} INFO - Setting next_dagrun for example_skip_dag to 2025-04-07 00:00:00+00:00, run_after=2025-04-08 00:00:00+00:00
[2025-04-08T12:04:32.175+0000] {processor.py:208} INFO - Processing /home/airflow/.local/lib/python3.12/site-packages/airflow/example_dags/example_skip_dag.py took 0.158 seconds
[2025-04-08T12:05:02.842+0000] {processor.py:186} INFO - Started process (PID=74380) to work on /home/airflow/.local/lib/python3.12/site-packages/airflow/example_dags/example_skip_dag.py
[2025-04-08T12:05:02.844+0000] {processor.py:914} INFO - Processing file /home/airflow/.local/lib/python3.12/site-packages/airflow/example_dags/example_skip_dag.py for tasks to queue
[2025-04-08T12:05:02.846+0000] {logging_mixin.py:190} INFO - [2025-04-08T12:05:02.846+0000] {dagbag.py:588} INFO - Filling up the DagBag from /home/airflow/.local/lib/python3.12/site-packages/airflow/example_dags/example_skip_dag.py
[2025-04-08T12:05:02.860+0000] {processor.py:925} INFO - DAG(s) 'example_skip_dag' retrieved from /home/airflow/.local/lib/python3.12/site-packages/airflow/example_dags/example_skip_dag.py
[2025-04-08T12:05:02.909+0000] {logging_mixin.py:190} INFO - [2025-04-08T12:05:02.908+0000] {dag.py:3239} INFO - Sync 1 DAGs
[2025-04-08T12:05:02.985+0000] {logging_mixin.py:190} INFO - [2025-04-08T12:05:02.985+0000] {dag.py:4180} INFO - Setting next_dagrun for example_skip_dag to 2025-04-07 00:00:00+00:00, run_after=2025-04-08 00:00:00+00:00
[2025-04-08T12:05:03.081+0000] {processor.py:208} INFO - Processing /home/airflow/.local/lib/python3.12/site-packages/airflow/example_dags/example_skip_dag.py took 0.248 seconds
[2025-04-08T12:05:33.268+0000] {processor.py:186} INFO - Started process (PID=74444) to work on /home/airflow/.local/lib/python3.12/site-packages/airflow/example_dags/example_skip_dag.py
[2025-04-08T12:05:33.269+0000] {processor.py:914} INFO - Processing file /home/airflow/.local/lib/python3.12/site-packages/airflow/example_dags/example_skip_dag.py for tasks to queue
[2025-04-08T12:05:33.272+0000] {logging_mixin.py:190} INFO - [2025-04-08T12:05:33.271+0000] {dagbag.py:588} INFO - Filling up the DagBag from /home/airflow/.local/lib/python3.12/site-packages/airflow/example_dags/example_skip_dag.py
[2025-04-08T12:05:33.288+0000] {processor.py:925} INFO - DAG(s) 'example_skip_dag' retrieved from /home/airflow/.local/lib/python3.12/site-packages/airflow/example_dags/example_skip_dag.py
[2025-04-08T12:05:33.328+0000] {logging_mixin.py:190} INFO - [2025-04-08T12:05:33.327+0000] {dag.py:3239} INFO - Sync 1 DAGs
[2025-04-08T12:05:33.367+0000] {logging_mixin.py:190} INFO - [2025-04-08T12:05:33.366+0000] {dag.py:4180} INFO - Setting next_dagrun for example_skip_dag to 2025-04-07 00:00:00+00:00, run_after=2025-04-08 00:00:00+00:00
[2025-04-08T12:05:33.403+0000] {processor.py:208} INFO - Processing /home/airflow/.local/lib/python3.12/site-packages/airflow/example_dags/example_skip_dag.py took 0.145 seconds
[2025-04-08T12:06:03.588+0000] {processor.py:186} INFO - Started process (PID=74509) to work on /home/airflow/.local/lib/python3.12/site-packages/airflow/example_dags/example_skip_dag.py
[2025-04-08T12:06:03.590+0000] {processor.py:914} INFO - Processing file /home/airflow/.local/lib/python3.12/site-packages/airflow/example_dags/example_skip_dag.py for tasks to queue
[2025-04-08T12:06:03.594+0000] {logging_mixin.py:190} INFO - [2025-04-08T12:06:03.592+0000] {dagbag.py:588} INFO - Filling up the DagBag from /home/airflow/.local/lib/python3.12/site-packages/airflow/example_dags/example_skip_dag.py
[2025-04-08T12:06:03.609+0000] {processor.py:925} INFO - DAG(s) 'example_skip_dag' retrieved from /home/airflow/.local/lib/python3.12/site-packages/airflow/example_dags/example_skip_dag.py
[2025-04-08T12:06:03.647+0000] {logging_mixin.py:190} INFO - [2025-04-08T12:06:03.646+0000] {dag.py:3239} INFO - Sync 1 DAGs
[2025-04-08T12:06:03.686+0000] {logging_mixin.py:190} INFO - [2025-04-08T12:06:03.685+0000] {dag.py:4180} INFO - Setting next_dagrun for example_skip_dag to 2025-04-07 00:00:00+00:00, run_after=2025-04-08 00:00:00+00:00
[2025-04-08T12:06:03.730+0000] {processor.py:208} INFO - Processing /home/airflow/.local/lib/python3.12/site-packages/airflow/example_dags/example_skip_dag.py took 0.149 seconds
[2025-04-08T12:06:34.432+0000] {processor.py:186} INFO - Started process (PID=74574) to work on /home/airflow/.local/lib/python3.12/site-packages/airflow/example_dags/example_skip_dag.py
[2025-04-08T12:06:34.434+0000] {processor.py:914} INFO - Processing file /home/airflow/.local/lib/python3.12/site-packages/airflow/example_dags/example_skip_dag.py for tasks to queue
[2025-04-08T12:06:34.436+0000] {logging_mixin.py:190} INFO - [2025-04-08T12:06:34.436+0000] {dagbag.py:588} INFO - Filling up the DagBag from /home/airflow/.local/lib/python3.12/site-packages/airflow/example_dags/example_skip_dag.py
[2025-04-08T12:06:34.453+0000] {processor.py:925} INFO - DAG(s) 'example_skip_dag' retrieved from /home/airflow/.local/lib/python3.12/site-packages/airflow/example_dags/example_skip_dag.py
[2025-04-08T12:06:34.491+0000] {logging_mixin.py:190} INFO - [2025-04-08T12:06:34.491+0000] {dag.py:3239} INFO - Sync 1 DAGs
[2025-04-08T12:06:34.533+0000] {logging_mixin.py:190} INFO - [2025-04-08T12:06:34.533+0000] {dag.py:4180} INFO - Setting next_dagrun for example_skip_dag to 2025-04-07 00:00:00+00:00, run_after=2025-04-08 00:00:00+00:00
[2025-04-08T12:06:34.583+0000] {processor.py:208} INFO - Processing /home/airflow/.local/lib/python3.12/site-packages/airflow/example_dags/example_skip_dag.py took 0.162 seconds
[2025-04-08T12:07:05.626+0000] {processor.py:186} INFO - Started process (PID=74640) to work on /home/airflow/.local/lib/python3.12/site-packages/airflow/example_dags/example_skip_dag.py
[2025-04-08T12:07:05.628+0000] {processor.py:914} INFO - Processing file /home/airflow/.local/lib/python3.12/site-packages/airflow/example_dags/example_skip_dag.py for tasks to queue
[2025-04-08T12:07:05.630+0000] {logging_mixin.py:190} INFO - [2025-04-08T12:07:05.630+0000] {dagbag.py:588} INFO - Filling up the DagBag from /home/airflow/.local/lib/python3.12/site-packages/airflow/example_dags/example_skip_dag.py
[2025-04-08T12:07:05.646+0000] {processor.py:925} INFO - DAG(s) 'example_skip_dag' retrieved from /home/airflow/.local/lib/python3.12/site-packages/airflow/example_dags/example_skip_dag.py
[2025-04-08T12:07:05.688+0000] {logging_mixin.py:190} INFO - [2025-04-08T12:07:05.688+0000] {dag.py:3239} INFO - Sync 1 DAGs
[2025-04-08T12:07:05.734+0000] {logging_mixin.py:190} INFO - [2025-04-08T12:07:05.734+0000] {dag.py:4180} INFO - Setting next_dagrun for example_skip_dag to 2025-04-07 00:00:00+00:00, run_after=2025-04-08 00:00:00+00:00
[2025-04-08T12:07:05.789+0000] {processor.py:208} INFO - Processing /home/airflow/.local/lib/python3.12/site-packages/airflow/example_dags/example_skip_dag.py took 0.171 seconds
[2025-04-08T12:07:35.979+0000] {processor.py:186} INFO - Started process (PID=74705) to work on /home/airflow/.local/lib/python3.12/site-packages/airflow/example_dags/example_skip_dag.py
[2025-04-08T12:07:35.982+0000] {processor.py:914} INFO - Processing file /home/airflow/.local/lib/python3.12/site-packages/airflow/example_dags/example_skip_dag.py for tasks to queue
[2025-04-08T12:07:35.984+0000] {logging_mixin.py:190} INFO - [2025-04-08T12:07:35.984+0000] {dagbag.py:588} INFO - Filling up the DagBag from /home/airflow/.local/lib/python3.12/site-packages/airflow/example_dags/example_skip_dag.py
[2025-04-08T12:07:36.002+0000] {processor.py:925} INFO - DAG(s) 'example_skip_dag' retrieved from /home/airflow/.local/lib/python3.12/site-packages/airflow/example_dags/example_skip_dag.py
[2025-04-08T12:07:36.054+0000] {logging_mixin.py:190} INFO - [2025-04-08T12:07:36.053+0000] {dag.py:3239} INFO - Sync 1 DAGs
[2025-04-08T12:07:36.107+0000] {logging_mixin.py:190} INFO - [2025-04-08T12:07:36.107+0000] {dag.py:4180} INFO - Setting next_dagrun for example_skip_dag to 2025-04-07 00:00:00+00:00, run_after=2025-04-08 00:00:00+00:00
[2025-04-08T12:07:36.161+0000] {processor.py:208} INFO - Processing /home/airflow/.local/lib/python3.12/site-packages/airflow/example_dags/example_skip_dag.py took 0.194 seconds
[2025-04-08T12:08:06.290+0000] {processor.py:186} INFO - Started process (PID=74771) to work on /home/airflow/.local/lib/python3.12/site-packages/airflow/example_dags/example_skip_dag.py
[2025-04-08T12:08:06.291+0000] {processor.py:914} INFO - Processing file /home/airflow/.local/lib/python3.12/site-packages/airflow/example_dags/example_skip_dag.py for tasks to queue
[2025-04-08T12:08:06.294+0000] {logging_mixin.py:190} INFO - [2025-04-08T12:08:06.294+0000] {dagbag.py:588} INFO - Filling up the DagBag from /home/airflow/.local/lib/python3.12/site-packages/airflow/example_dags/example_skip_dag.py
[2025-04-08T12:08:06.313+0000] {processor.py:925} INFO - DAG(s) 'example_skip_dag' retrieved from /home/airflow/.local/lib/python3.12/site-packages/airflow/example_dags/example_skip_dag.py
[2025-04-08T12:08:06.357+0000] {logging_mixin.py:190} INFO - [2025-04-08T12:08:06.357+0000] {dag.py:3239} INFO - Sync 1 DAGs
[2025-04-08T12:08:06.404+0000] {logging_mixin.py:190} INFO - [2025-04-08T12:08:06.403+0000] {dag.py:4180} INFO - Setting next_dagrun for example_skip_dag to 2025-04-07 00:00:00+00:00, run_after=2025-04-08 00:00:00+00:00
[2025-04-08T12:08:06.452+0000] {processor.py:208} INFO - Processing /home/airflow/.local/lib/python3.12/site-packages/airflow/example_dags/example_skip_dag.py took 0.174 seconds
[2025-04-08T12:08:36.802+0000] {processor.py:186} INFO - Started process (PID=74836) to work on /home/airflow/.local/lib/python3.12/site-packages/airflow/example_dags/example_skip_dag.py
[2025-04-08T12:08:36.805+0000] {processor.py:914} INFO - Processing file /home/airflow/.local/lib/python3.12/site-packages/airflow/example_dags/example_skip_dag.py for tasks to queue
[2025-04-08T12:08:36.809+0000] {logging_mixin.py:190} INFO - [2025-04-08T12:08:36.808+0000] {dagbag.py:588} INFO - Filling up the DagBag from /home/airflow/.local/lib/python3.12/site-packages/airflow/example_dags/example_skip_dag.py
[2025-04-08T12:08:36.879+0000] {processor.py:925} INFO - DAG(s) 'example_skip_dag' retrieved from /home/airflow/.local/lib/python3.12/site-packages/airflow/example_dags/example_skip_dag.py
[2025-04-08T12:08:36.994+0000] {logging_mixin.py:190} INFO - [2025-04-08T12:08:36.993+0000] {dag.py:3239} INFO - Sync 1 DAGs
[2025-04-08T12:08:37.158+0000] {logging_mixin.py:190} INFO - [2025-04-08T12:08:37.157+0000] {dag.py:4180} INFO - Setting next_dagrun for example_skip_dag to 2025-04-07 00:00:00+00:00, run_after=2025-04-08 00:00:00+00:00
[2025-04-08T12:08:37.299+0000] {processor.py:208} INFO - Processing /home/airflow/.local/lib/python3.12/site-packages/airflow/example_dags/example_skip_dag.py took 0.512 seconds
[2025-04-08T12:09:07.789+0000] {processor.py:186} INFO - Started process (PID=74901) to work on /home/airflow/.local/lib/python3.12/site-packages/airflow/example_dags/example_skip_dag.py
[2025-04-08T12:09:07.792+0000] {processor.py:914} INFO - Processing file /home/airflow/.local/lib/python3.12/site-packages/airflow/example_dags/example_skip_dag.py for tasks to queue
[2025-04-08T12:09:07.799+0000] {logging_mixin.py:190} INFO - [2025-04-08T12:09:07.798+0000] {dagbag.py:588} INFO - Filling up the DagBag from /home/airflow/.local/lib/python3.12/site-packages/airflow/example_dags/example_skip_dag.py
[2025-04-08T12:09:07.840+0000] {processor.py:925} INFO - DAG(s) 'example_skip_dag' retrieved from /home/airflow/.local/lib/python3.12/site-packages/airflow/example_dags/example_skip_dag.py
[2025-04-08T12:09:07.897+0000] {logging_mixin.py:190} INFO - [2025-04-08T12:09:07.896+0000] {dag.py:3239} INFO - Sync 1 DAGs
[2025-04-08T12:09:07.947+0000] {logging_mixin.py:190} INFO - [2025-04-08T12:09:07.947+0000] {dag.py:4180} INFO - Setting next_dagrun for example_skip_dag to 2025-04-07 00:00:00+00:00, run_after=2025-04-08 00:00:00+00:00
[2025-04-08T12:09:08.011+0000] {processor.py:208} INFO - Processing /home/airflow/.local/lib/python3.12/site-packages/airflow/example_dags/example_skip_dag.py took 0.232 seconds
[2025-04-08T16:49:40.521+0000] {processor.py:186} INFO - Started process (PID=74941) to work on /home/airflow/.local/lib/python3.12/site-packages/airflow/example_dags/example_skip_dag.py
[2025-04-08T16:49:40.530+0000] {processor.py:914} INFO - Processing file /home/airflow/.local/lib/python3.12/site-packages/airflow/example_dags/example_skip_dag.py for tasks to queue
[2025-04-08T16:49:40.548+0000] {logging_mixin.py:190} INFO - [2025-04-08T16:49:40.547+0000] {dagbag.py:588} INFO - Filling up the DagBag from /home/airflow/.local/lib/python3.12/site-packages/airflow/example_dags/example_skip_dag.py
[2025-04-08T16:49:40.612+0000] {processor.py:925} INFO - DAG(s) 'example_skip_dag' retrieved from /home/airflow/.local/lib/python3.12/site-packages/airflow/example_dags/example_skip_dag.py
[2025-04-08T16:49:40.729+0000] {logging_mixin.py:190} INFO - [2025-04-08T16:49:40.729+0000] {dag.py:3239} INFO - Sync 1 DAGs
[2025-04-08T16:49:40.894+0000] {logging_mixin.py:190} INFO - [2025-04-08T16:49:40.894+0000] {dag.py:4180} INFO - Setting next_dagrun for example_skip_dag to 2025-04-07 00:00:00+00:00, run_after=2025-04-08 00:00:00+00:00
[2025-04-08T16:49:41.053+0000] {processor.py:208} INFO - Processing /home/airflow/.local/lib/python3.12/site-packages/airflow/example_dags/example_skip_dag.py took 0.566 seconds
