[2025-04-08T12:02:46.185+0000] {processor.py:186} INFO - Started process (PID=74098) to work on /home/airflow/.local/lib/python3.12/site-packages/airflow/example_dags/example_external_task_marker_dag.py
[2025-04-08T12:02:46.198+0000] {processor.py:914} INFO - Processing file /home/airflow/.local/lib/python3.12/site-packages/airflow/example_dags/example_external_task_marker_dag.py for tasks to queue
[2025-04-08T12:02:46.203+0000] {logging_mixin.py:190} INFO - [2025-04-08T12:02:46.201+0000] {dagbag.py:588} INFO - Filling up the DagBag from /home/airflow/.local/lib/python3.12/site-packages/airflow/example_dags/example_external_task_marker_dag.py
[2025-04-08T12:02:46.247+0000] {processor.py:925} INFO - DAG(s) 'example_external_task_marker_parent', 'example_external_task_marker_child' retrieved from /home/airflow/.local/lib/python3.12/site-packages/airflow/example_dags/example_external_task_marker_dag.py
[2025-04-08T12:02:46.368+0000] {logging_mixin.py:190} INFO - [2025-04-08T12:02:46.367+0000] {dag.py:3239} INFO - Sync 2 DAGs
[2025-04-08T12:02:46.466+0000] {logging_mixin.py:190} INFO - [2025-04-08T12:02:46.466+0000] {dag.py:4180} INFO - Setting next_dagrun for example_external_task_marker_child to None, run_after=None
[2025-04-08T12:02:46.503+0000] {logging_mixin.py:190} INFO - [2025-04-08T12:02:46.502+0000] {dag.py:4180} INFO - Setting next_dagrun for example_external_task_marker_parent to None, run_after=None
[2025-04-08T12:02:46.612+0000] {processor.py:208} INFO - Processing /home/airflow/.local/lib/python3.12/site-packages/airflow/example_dags/example_external_task_marker_dag.py took 0.463 seconds
[2025-04-08T12:03:20.182+0000] {processor.py:186} INFO - Started process (PID=74162) to work on /home/airflow/.local/lib/python3.12/site-packages/airflow/example_dags/example_external_task_marker_dag.py
[2025-04-08T12:03:20.197+0000] {processor.py:914} INFO - Processing file /home/airflow/.local/lib/python3.12/site-packages/airflow/example_dags/example_external_task_marker_dag.py for tasks to queue
[2025-04-08T12:03:20.200+0000] {logging_mixin.py:190} INFO - [2025-04-08T12:03:20.199+0000] {dagbag.py:588} INFO - Filling up the DagBag from /home/airflow/.local/lib/python3.12/site-packages/airflow/example_dags/example_external_task_marker_dag.py
[2025-04-08T12:03:20.243+0000] {processor.py:925} INFO - DAG(s) 'example_external_task_marker_child', 'example_external_task_marker_parent' retrieved from /home/airflow/.local/lib/python3.12/site-packages/airflow/example_dags/example_external_task_marker_dag.py
[2025-04-08T12:03:20.367+0000] {logging_mixin.py:190} INFO - [2025-04-08T12:03:20.367+0000] {dag.py:3239} INFO - Sync 2 DAGs
[2025-04-08T12:03:20.459+0000] {logging_mixin.py:190} INFO - [2025-04-08T12:03:20.459+0000] {dag.py:4180} INFO - Setting next_dagrun for example_external_task_marker_child to None, run_after=None
[2025-04-08T12:03:20.481+0000] {logging_mixin.py:190} INFO - [2025-04-08T12:03:20.480+0000] {dag.py:4180} INFO - Setting next_dagrun for example_external_task_marker_parent to None, run_after=None
[2025-04-08T12:03:20.593+0000] {processor.py:208} INFO - Processing /home/airflow/.local/lib/python3.12/site-packages/airflow/example_dags/example_external_task_marker_dag.py took 0.437 seconds
[2025-04-08T12:03:50.745+0000] {processor.py:186} INFO - Started process (PID=74227) to work on /home/airflow/.local/lib/python3.12/site-packages/airflow/example_dags/example_external_task_marker_dag.py
[2025-04-08T12:03:50.748+0000] {processor.py:914} INFO - Processing file /home/airflow/.local/lib/python3.12/site-packages/airflow/example_dags/example_external_task_marker_dag.py for tasks to queue
[2025-04-08T12:03:50.752+0000] {logging_mixin.py:190} INFO - [2025-04-08T12:03:50.751+0000] {dagbag.py:588} INFO - Filling up the DagBag from /home/airflow/.local/lib/python3.12/site-packages/airflow/example_dags/example_external_task_marker_dag.py
[2025-04-08T12:03:50.775+0000] {processor.py:925} INFO - DAG(s) 'example_external_task_marker_parent', 'example_external_task_marker_child' retrieved from /home/airflow/.local/lib/python3.12/site-packages/airflow/example_dags/example_external_task_marker_dag.py
[2025-04-08T12:03:50.827+0000] {logging_mixin.py:190} INFO - [2025-04-08T12:03:50.827+0000] {dag.py:3239} INFO - Sync 2 DAGs
[2025-04-08T12:03:50.856+0000] {logging_mixin.py:190} INFO - [2025-04-08T12:03:50.855+0000] {dag.py:4180} INFO - Setting next_dagrun for example_external_task_marker_child to None, run_after=None
[2025-04-08T12:03:50.865+0000] {logging_mixin.py:190} INFO - [2025-04-08T12:03:50.864+0000] {dag.py:4180} INFO - Setting next_dagrun for example_external_task_marker_parent to None, run_after=None
[2025-04-08T12:03:50.903+0000] {processor.py:208} INFO - Processing /home/airflow/.local/lib/python3.12/site-packages/airflow/example_dags/example_external_task_marker_dag.py took 0.171 seconds
[2025-04-08T12:04:21.389+0000] {processor.py:186} INFO - Started process (PID=74292) to work on /home/airflow/.local/lib/python3.12/site-packages/airflow/example_dags/example_external_task_marker_dag.py
[2025-04-08T12:04:21.391+0000] {processor.py:914} INFO - Processing file /home/airflow/.local/lib/python3.12/site-packages/airflow/example_dags/example_external_task_marker_dag.py for tasks to queue
[2025-04-08T12:04:21.395+0000] {logging_mixin.py:190} INFO - [2025-04-08T12:04:21.394+0000] {dagbag.py:588} INFO - Filling up the DagBag from /home/airflow/.local/lib/python3.12/site-packages/airflow/example_dags/example_external_task_marker_dag.py
[2025-04-08T12:04:21.428+0000] {processor.py:925} INFO - DAG(s) 'example_external_task_marker_child', 'example_external_task_marker_parent' retrieved from /home/airflow/.local/lib/python3.12/site-packages/airflow/example_dags/example_external_task_marker_dag.py
[2025-04-08T12:04:21.494+0000] {logging_mixin.py:190} INFO - [2025-04-08T12:04:21.494+0000] {dag.py:3239} INFO - Sync 2 DAGs
[2025-04-08T12:04:21.546+0000] {logging_mixin.py:190} INFO - [2025-04-08T12:04:21.546+0000] {dag.py:4180} INFO - Setting next_dagrun for example_external_task_marker_child to None, run_after=None
[2025-04-08T12:04:21.561+0000] {logging_mixin.py:190} INFO - [2025-04-08T12:04:21.560+0000] {dag.py:4180} INFO - Setting next_dagrun for example_external_task_marker_parent to None, run_after=None
[2025-04-08T12:04:21.612+0000] {processor.py:208} INFO - Processing /home/airflow/.local/lib/python3.12/site-packages/airflow/example_dags/example_external_task_marker_dag.py took 0.236 seconds
[2025-04-08T12:04:52.048+0000] {processor.py:186} INFO - Started process (PID=74357) to work on /home/airflow/.local/lib/python3.12/site-packages/airflow/example_dags/example_external_task_marker_dag.py
[2025-04-08T12:04:52.050+0000] {processor.py:914} INFO - Processing file /home/airflow/.local/lib/python3.12/site-packages/airflow/example_dags/example_external_task_marker_dag.py for tasks to queue
[2025-04-08T12:04:52.053+0000] {logging_mixin.py:190} INFO - [2025-04-08T12:04:52.052+0000] {dagbag.py:588} INFO - Filling up the DagBag from /home/airflow/.local/lib/python3.12/site-packages/airflow/example_dags/example_external_task_marker_dag.py
[2025-04-08T12:04:52.070+0000] {processor.py:925} INFO - DAG(s) 'example_external_task_marker_parent', 'example_external_task_marker_child' retrieved from /home/airflow/.local/lib/python3.12/site-packages/airflow/example_dags/example_external_task_marker_dag.py
[2025-04-08T12:04:52.116+0000] {logging_mixin.py:190} INFO - [2025-04-08T12:04:52.115+0000] {dag.py:3239} INFO - Sync 2 DAGs
[2025-04-08T12:04:52.147+0000] {logging_mixin.py:190} INFO - [2025-04-08T12:04:52.146+0000] {dag.py:4180} INFO - Setting next_dagrun for example_external_task_marker_child to None, run_after=None
[2025-04-08T12:04:52.155+0000] {logging_mixin.py:190} INFO - [2025-04-08T12:04:52.154+0000] {dag.py:4180} INFO - Setting next_dagrun for example_external_task_marker_parent to None, run_after=None
[2025-04-08T12:04:52.202+0000] {processor.py:208} INFO - Processing /home/airflow/.local/lib/python3.12/site-packages/airflow/example_dags/example_external_task_marker_dag.py took 0.163 seconds
[2025-04-08T12:05:22.573+0000] {processor.py:186} INFO - Started process (PID=74422) to work on /home/airflow/.local/lib/python3.12/site-packages/airflow/example_dags/example_external_task_marker_dag.py
[2025-04-08T12:05:22.576+0000] {processor.py:914} INFO - Processing file /home/airflow/.local/lib/python3.12/site-packages/airflow/example_dags/example_external_task_marker_dag.py for tasks to queue
[2025-04-08T12:05:22.579+0000] {logging_mixin.py:190} INFO - [2025-04-08T12:05:22.578+0000] {dagbag.py:588} INFO - Filling up the DagBag from /home/airflow/.local/lib/python3.12/site-packages/airflow/example_dags/example_external_task_marker_dag.py
[2025-04-08T12:05:22.598+0000] {processor.py:925} INFO - DAG(s) 'example_external_task_marker_parent', 'example_external_task_marker_child' retrieved from /home/airflow/.local/lib/python3.12/site-packages/airflow/example_dags/example_external_task_marker_dag.py
[2025-04-08T12:05:22.651+0000] {logging_mixin.py:190} INFO - [2025-04-08T12:05:22.650+0000] {dag.py:3239} INFO - Sync 2 DAGs
[2025-04-08T12:05:22.684+0000] {logging_mixin.py:190} INFO - [2025-04-08T12:05:22.684+0000] {dag.py:4180} INFO - Setting next_dagrun for example_external_task_marker_child to None, run_after=None
[2025-04-08T12:05:22.692+0000] {logging_mixin.py:190} INFO - [2025-04-08T12:05:22.691+0000] {dag.py:4180} INFO - Setting next_dagrun for example_external_task_marker_parent to None, run_after=None
[2025-04-08T12:05:22.726+0000] {processor.py:208} INFO - Processing /home/airflow/.local/lib/python3.12/site-packages/airflow/example_dags/example_external_task_marker_dag.py took 0.169 seconds
[2025-04-08T12:05:53.901+0000] {processor.py:186} INFO - Started process (PID=74493) to work on /home/airflow/.local/lib/python3.12/site-packages/airflow/example_dags/example_external_task_marker_dag.py
[2025-04-08T12:05:53.903+0000] {processor.py:914} INFO - Processing file /home/airflow/.local/lib/python3.12/site-packages/airflow/example_dags/example_external_task_marker_dag.py for tasks to queue
[2025-04-08T12:05:53.905+0000] {logging_mixin.py:190} INFO - [2025-04-08T12:05:53.905+0000] {dagbag.py:588} INFO - Filling up the DagBag from /home/airflow/.local/lib/python3.12/site-packages/airflow/example_dags/example_external_task_marker_dag.py
[2025-04-08T12:05:53.920+0000] {processor.py:925} INFO - DAG(s) 'example_external_task_marker_parent', 'example_external_task_marker_child' retrieved from /home/airflow/.local/lib/python3.12/site-packages/airflow/example_dags/example_external_task_marker_dag.py
[2025-04-08T12:05:53.972+0000] {logging_mixin.py:190} INFO - [2025-04-08T12:05:53.971+0000] {dag.py:3239} INFO - Sync 2 DAGs
[2025-04-08T12:05:54.009+0000] {logging_mixin.py:190} INFO - [2025-04-08T12:05:54.009+0000] {dag.py:4180} INFO - Setting next_dagrun for example_external_task_marker_child to None, run_after=None
[2025-04-08T12:05:54.021+0000] {logging_mixin.py:190} INFO - [2025-04-08T12:05:54.020+0000] {dag.py:4180} INFO - Setting next_dagrun for example_external_task_marker_parent to None, run_after=None
[2025-04-08T12:05:54.058+0000] {processor.py:208} INFO - Processing /home/airflow/.local/lib/python3.12/site-packages/airflow/example_dags/example_external_task_marker_dag.py took 0.166 seconds
[2025-04-08T12:06:24.141+0000] {processor.py:186} INFO - Started process (PID=74555) to work on /home/airflow/.local/lib/python3.12/site-packages/airflow/example_dags/example_external_task_marker_dag.py
[2025-04-08T12:06:24.143+0000] {processor.py:914} INFO - Processing file /home/airflow/.local/lib/python3.12/site-packages/airflow/example_dags/example_external_task_marker_dag.py for tasks to queue
[2025-04-08T12:06:24.146+0000] {logging_mixin.py:190} INFO - [2025-04-08T12:06:24.145+0000] {dagbag.py:588} INFO - Filling up the DagBag from /home/airflow/.local/lib/python3.12/site-packages/airflow/example_dags/example_external_task_marker_dag.py
[2025-04-08T12:06:24.163+0000] {processor.py:925} INFO - DAG(s) 'example_external_task_marker_parent', 'example_external_task_marker_child' retrieved from /home/airflow/.local/lib/python3.12/site-packages/airflow/example_dags/example_external_task_marker_dag.py
[2025-04-08T12:06:24.205+0000] {logging_mixin.py:190} INFO - [2025-04-08T12:06:24.204+0000] {dag.py:3239} INFO - Sync 2 DAGs
[2025-04-08T12:06:24.229+0000] {logging_mixin.py:190} INFO - [2025-04-08T12:06:24.229+0000] {dag.py:4180} INFO - Setting next_dagrun for example_external_task_marker_child to None, run_after=None
[2025-04-08T12:06:24.236+0000] {logging_mixin.py:190} INFO - [2025-04-08T12:06:24.236+0000] {dag.py:4180} INFO - Setting next_dagrun for example_external_task_marker_parent to None, run_after=None
[2025-04-08T12:06:24.266+0000] {processor.py:208} INFO - Processing /home/airflow/.local/lib/python3.12/site-packages/airflow/example_dags/example_external_task_marker_dag.py took 0.139 seconds
[2025-04-08T12:06:55.090+0000] {processor.py:186} INFO - Started process (PID=74621) to work on /home/airflow/.local/lib/python3.12/site-packages/airflow/example_dags/example_external_task_marker_dag.py
[2025-04-08T12:06:55.091+0000] {processor.py:914} INFO - Processing file /home/airflow/.local/lib/python3.12/site-packages/airflow/example_dags/example_external_task_marker_dag.py for tasks to queue
[2025-04-08T12:06:55.095+0000] {logging_mixin.py:190} INFO - [2025-04-08T12:06:55.094+0000] {dagbag.py:588} INFO - Filling up the DagBag from /home/airflow/.local/lib/python3.12/site-packages/airflow/example_dags/example_external_task_marker_dag.py
[2025-04-08T12:06:55.115+0000] {processor.py:925} INFO - DAG(s) 'example_external_task_marker_child', 'example_external_task_marker_parent' retrieved from /home/airflow/.local/lib/python3.12/site-packages/airflow/example_dags/example_external_task_marker_dag.py
[2025-04-08T12:06:55.166+0000] {logging_mixin.py:190} INFO - [2025-04-08T12:06:55.165+0000] {dag.py:3239} INFO - Sync 2 DAGs
[2025-04-08T12:06:55.205+0000] {logging_mixin.py:190} INFO - [2025-04-08T12:06:55.205+0000] {dag.py:4180} INFO - Setting next_dagrun for example_external_task_marker_child to None, run_after=None
[2025-04-08T12:06:55.218+0000] {logging_mixin.py:190} INFO - [2025-04-08T12:06:55.217+0000] {dag.py:4180} INFO - Setting next_dagrun for example_external_task_marker_parent to None, run_after=None
[2025-04-08T12:06:55.267+0000] {processor.py:208} INFO - Processing /home/airflow/.local/lib/python3.12/site-packages/airflow/example_dags/example_external_task_marker_dag.py took 0.189 seconds
[2025-04-08T12:07:25.861+0000] {processor.py:186} INFO - Started process (PID=74685) to work on /home/airflow/.local/lib/python3.12/site-packages/airflow/example_dags/example_external_task_marker_dag.py
[2025-04-08T12:07:25.863+0000] {processor.py:914} INFO - Processing file /home/airflow/.local/lib/python3.12/site-packages/airflow/example_dags/example_external_task_marker_dag.py for tasks to queue
[2025-04-08T12:07:25.866+0000] {logging_mixin.py:190} INFO - [2025-04-08T12:07:25.865+0000] {dagbag.py:588} INFO - Filling up the DagBag from /home/airflow/.local/lib/python3.12/site-packages/airflow/example_dags/example_external_task_marker_dag.py
[2025-04-08T12:07:25.880+0000] {processor.py:925} INFO - DAG(s) 'example_external_task_marker_parent', 'example_external_task_marker_child' retrieved from /home/airflow/.local/lib/python3.12/site-packages/airflow/example_dags/example_external_task_marker_dag.py
[2025-04-08T12:07:25.921+0000] {logging_mixin.py:190} INFO - [2025-04-08T12:07:25.920+0000] {dag.py:3239} INFO - Sync 2 DAGs
[2025-04-08T12:07:25.947+0000] {logging_mixin.py:190} INFO - [2025-04-08T12:07:25.946+0000] {dag.py:4180} INFO - Setting next_dagrun for example_external_task_marker_child to None, run_after=None
[2025-04-08T12:07:25.954+0000] {logging_mixin.py:190} INFO - [2025-04-08T12:07:25.953+0000] {dag.py:4180} INFO - Setting next_dagrun for example_external_task_marker_parent to None, run_after=None
[2025-04-08T12:07:25.988+0000] {processor.py:208} INFO - Processing /home/airflow/.local/lib/python3.12/site-packages/airflow/example_dags/example_external_task_marker_dag.py took 0.136 seconds
[2025-04-08T12:07:56.738+0000] {processor.py:186} INFO - Started process (PID=74751) to work on /home/airflow/.local/lib/python3.12/site-packages/airflow/example_dags/example_external_task_marker_dag.py
[2025-04-08T12:07:56.740+0000] {processor.py:914} INFO - Processing file /home/airflow/.local/lib/python3.12/site-packages/airflow/example_dags/example_external_task_marker_dag.py for tasks to queue
[2025-04-08T12:07:56.742+0000] {logging_mixin.py:190} INFO - [2025-04-08T12:07:56.742+0000] {dagbag.py:588} INFO - Filling up the DagBag from /home/airflow/.local/lib/python3.12/site-packages/airflow/example_dags/example_external_task_marker_dag.py
[2025-04-08T12:07:56.759+0000] {processor.py:925} INFO - DAG(s) 'example_external_task_marker_child', 'example_external_task_marker_parent' retrieved from /home/airflow/.local/lib/python3.12/site-packages/airflow/example_dags/example_external_task_marker_dag.py
[2025-04-08T12:07:56.806+0000] {logging_mixin.py:190} INFO - [2025-04-08T12:07:56.806+0000] {dag.py:3239} INFO - Sync 2 DAGs
[2025-04-08T12:07:56.844+0000] {logging_mixin.py:190} INFO - [2025-04-08T12:07:56.843+0000] {dag.py:4180} INFO - Setting next_dagrun for example_external_task_marker_child to None, run_after=None
[2025-04-08T12:07:56.853+0000] {logging_mixin.py:190} INFO - [2025-04-08T12:07:56.852+0000] {dag.py:4180} INFO - Setting next_dagrun for example_external_task_marker_parent to None, run_after=None
[2025-04-08T12:07:56.893+0000] {processor.py:208} INFO - Processing /home/airflow/.local/lib/python3.12/site-packages/airflow/example_dags/example_external_task_marker_dag.py took 0.166 seconds
[2025-04-08T12:08:27.296+0000] {processor.py:186} INFO - Started process (PID=74815) to work on /home/airflow/.local/lib/python3.12/site-packages/airflow/example_dags/example_external_task_marker_dag.py
[2025-04-08T12:08:27.298+0000] {processor.py:914} INFO - Processing file /home/airflow/.local/lib/python3.12/site-packages/airflow/example_dags/example_external_task_marker_dag.py for tasks to queue
[2025-04-08T12:08:27.301+0000] {logging_mixin.py:190} INFO - [2025-04-08T12:08:27.300+0000] {dagbag.py:588} INFO - Filling up the DagBag from /home/airflow/.local/lib/python3.12/site-packages/airflow/example_dags/example_external_task_marker_dag.py
[2025-04-08T12:08:27.317+0000] {processor.py:925} INFO - DAG(s) 'example_external_task_marker_child', 'example_external_task_marker_parent' retrieved from /home/airflow/.local/lib/python3.12/site-packages/airflow/example_dags/example_external_task_marker_dag.py
[2025-04-08T12:08:27.364+0000] {logging_mixin.py:190} INFO - [2025-04-08T12:08:27.363+0000] {dag.py:3239} INFO - Sync 2 DAGs
[2025-04-08T12:08:27.398+0000] {logging_mixin.py:190} INFO - [2025-04-08T12:08:27.397+0000] {dag.py:4180} INFO - Setting next_dagrun for example_external_task_marker_child to None, run_after=None
[2025-04-08T12:08:27.408+0000] {logging_mixin.py:190} INFO - [2025-04-08T12:08:27.407+0000] {dag.py:4180} INFO - Setting next_dagrun for example_external_task_marker_parent to None, run_after=None
[2025-04-08T12:08:27.466+0000] {processor.py:208} INFO - Processing /home/airflow/.local/lib/python3.12/site-packages/airflow/example_dags/example_external_task_marker_dag.py took 0.180 seconds
[2025-04-08T12:09:01.372+0000] {processor.py:186} INFO - Started process (PID=74881) to work on /home/airflow/.local/lib/python3.12/site-packages/airflow/example_dags/example_external_task_marker_dag.py
[2025-04-08T12:09:01.374+0000] {processor.py:914} INFO - Processing file /home/airflow/.local/lib/python3.12/site-packages/airflow/example_dags/example_external_task_marker_dag.py for tasks to queue
[2025-04-08T12:09:01.377+0000] {logging_mixin.py:190} INFO - [2025-04-08T12:09:01.376+0000] {dagbag.py:588} INFO - Filling up the DagBag from /home/airflow/.local/lib/python3.12/site-packages/airflow/example_dags/example_external_task_marker_dag.py
[2025-04-08T12:09:01.393+0000] {processor.py:925} INFO - DAG(s) 'example_external_task_marker_parent', 'example_external_task_marker_child' retrieved from /home/airflow/.local/lib/python3.12/site-packages/airflow/example_dags/example_external_task_marker_dag.py
[2025-04-08T12:09:01.439+0000] {logging_mixin.py:190} INFO - [2025-04-08T12:09:01.439+0000] {dag.py:3239} INFO - Sync 2 DAGs
[2025-04-08T12:09:01.469+0000] {logging_mixin.py:190} INFO - [2025-04-08T12:09:01.469+0000] {dag.py:4180} INFO - Setting next_dagrun for example_external_task_marker_child to None, run_after=None
[2025-04-08T12:09:01.478+0000] {logging_mixin.py:190} INFO - [2025-04-08T12:09:01.478+0000] {dag.py:4180} INFO - Setting next_dagrun for example_external_task_marker_parent to None, run_after=None
[2025-04-08T12:09:01.513+0000] {processor.py:208} INFO - Processing /home/airflow/.local/lib/python3.12/site-packages/airflow/example_dags/example_external_task_marker_dag.py took 0.151 seconds
[2025-04-08T12:10:35.184+0000] {processor.py:186} INFO - Started process (PID=74927) to work on /home/airflow/.local/lib/python3.12/site-packages/airflow/example_dags/example_external_task_marker_dag.py
[2025-04-08T12:10:35.186+0000] {processor.py:914} INFO - Processing file /home/airflow/.local/lib/python3.12/site-packages/airflow/example_dags/example_external_task_marker_dag.py for tasks to queue
[2025-04-08T12:10:35.200+0000] {logging_mixin.py:190} INFO - [2025-04-08T12:10:35.191+0000] {dagbag.py:588} INFO - Filling up the DagBag from /home/airflow/.local/lib/python3.12/site-packages/airflow/example_dags/example_external_task_marker_dag.py
[2025-04-08T12:10:35.265+0000] {processor.py:925} INFO - DAG(s) 'example_external_task_marker_child', 'example_external_task_marker_parent' retrieved from /home/airflow/.local/lib/python3.12/site-packages/airflow/example_dags/example_external_task_marker_dag.py
[2025-04-08T12:10:35.436+0000] {logging_mixin.py:190} INFO - [2025-04-08T12:10:35.435+0000] {dag.py:3239} INFO - Sync 2 DAGs
[2025-04-08T12:10:35.543+0000] {logging_mixin.py:190} INFO - [2025-04-08T12:10:35.542+0000] {dag.py:4180} INFO - Setting next_dagrun for example_external_task_marker_child to None, run_after=None
[2025-04-08T12:10:35.584+0000] {logging_mixin.py:190} INFO - [2025-04-08T12:10:35.583+0000] {dag.py:4180} INFO - Setting next_dagrun for example_external_task_marker_parent to None, run_after=None
[2025-04-08T12:10:35.713+0000] {processor.py:208} INFO - Processing /home/airflow/.local/lib/python3.12/site-packages/airflow/example_dags/example_external_task_marker_dag.py took 0.579 seconds
