[2025-04-08T12:02:53.222+0000] {processor.py:186} INFO - Started process (PID=74114) to work on /home/airflow/.local/lib/python3.12/site-packages/airflow/example_dags/example_short_circuit_decorator.py
[2025-04-08T12:02:53.225+0000] {processor.py:914} INFO - Processing file /home/airflow/.local/lib/python3.12/site-packages/airflow/example_dags/example_short_circuit_decorator.py for tasks to queue
[2025-04-08T12:02:53.236+0000] {logging_mixin.py:190} INFO - [2025-04-08T12:02:53.235+0000] {dagbag.py:588} INFO - Filling up the DagBag from /home/airflow/.local/lib/python3.12/site-packages/airflow/example_dags/example_short_circuit_decorator.py
[2025-04-08T12:02:53.306+0000] {processor.py:925} INFO - DAG(s) 'example_short_circuit_decorator' retrieved from /home/airflow/.local/lib/python3.12/site-packages/airflow/example_dags/example_short_circuit_decorator.py
[2025-04-08T12:02:53.466+0000] {logging_mixin.py:190} INFO - [2025-04-08T12:02:53.465+0000] {dag.py:3239} INFO - Sync 1 DAGs
[2025-04-08T12:02:53.561+0000] {logging_mixin.py:190} INFO - [2025-04-08T12:02:53.561+0000] {dag.py:4180} INFO - Setting next_dagrun for example_short_circuit_decorator to None, run_after=None
[2025-04-08T12:02:53.692+0000] {processor.py:208} INFO - Processing /home/airflow/.local/lib/python3.12/site-packages/airflow/example_dags/example_short_circuit_decorator.py took 0.495 seconds
[2025-04-08T12:03:26.200+0000] {processor.py:186} INFO - Started process (PID=74179) to work on /home/airflow/.local/lib/python3.12/site-packages/airflow/example_dags/example_short_circuit_decorator.py
[2025-04-08T12:03:26.203+0000] {processor.py:914} INFO - Processing file /home/airflow/.local/lib/python3.12/site-packages/airflow/example_dags/example_short_circuit_decorator.py for tasks to queue
[2025-04-08T12:03:26.207+0000] {logging_mixin.py:190} INFO - [2025-04-08T12:03:26.206+0000] {dagbag.py:588} INFO - Filling up the DagBag from /home/airflow/.local/lib/python3.12/site-packages/airflow/example_dags/example_short_circuit_decorator.py
[2025-04-08T12:03:26.257+0000] {processor.py:925} INFO - DAG(s) 'example_short_circuit_decorator' retrieved from /home/airflow/.local/lib/python3.12/site-packages/airflow/example_dags/example_short_circuit_decorator.py
[2025-04-08T12:03:26.362+0000] {logging_mixin.py:190} INFO - [2025-04-08T12:03:26.361+0000] {dag.py:3239} INFO - Sync 1 DAGs
[2025-04-08T12:03:26.424+0000] {logging_mixin.py:190} INFO - [2025-04-08T12:03:26.423+0000] {dag.py:4180} INFO - Setting next_dagrun for example_short_circuit_decorator to None, run_after=None
[2025-04-08T12:03:27.677+0000] {processor.py:208} INFO - Processing /home/airflow/.local/lib/python3.12/site-packages/airflow/example_dags/example_short_circuit_decorator.py took 1.514 seconds
[2025-04-08T12:03:58.294+0000] {processor.py:186} INFO - Started process (PID=74244) to work on /home/airflow/.local/lib/python3.12/site-packages/airflow/example_dags/example_short_circuit_decorator.py
[2025-04-08T12:03:58.299+0000] {processor.py:914} INFO - Processing file /home/airflow/.local/lib/python3.12/site-packages/airflow/example_dags/example_short_circuit_decorator.py for tasks to queue
[2025-04-08T12:03:58.305+0000] {logging_mixin.py:190} INFO - [2025-04-08T12:03:58.304+0000] {dagbag.py:588} INFO - Filling up the DagBag from /home/airflow/.local/lib/python3.12/site-packages/airflow/example_dags/example_short_circuit_decorator.py
[2025-04-08T12:03:58.333+0000] {processor.py:925} INFO - DAG(s) 'example_short_circuit_decorator' retrieved from /home/airflow/.local/lib/python3.12/site-packages/airflow/example_dags/example_short_circuit_decorator.py
[2025-04-08T12:03:58.399+0000] {logging_mixin.py:190} INFO - [2025-04-08T12:03:58.399+0000] {dag.py:3239} INFO - Sync 1 DAGs
[2025-04-08T12:03:58.471+0000] {logging_mixin.py:190} INFO - [2025-04-08T12:03:58.470+0000] {dag.py:4180} INFO - Setting next_dagrun for example_short_circuit_decorator to None, run_after=None
[2025-04-08T12:03:58.544+0000] {processor.py:208} INFO - Processing /home/airflow/.local/lib/python3.12/site-packages/airflow/example_dags/example_short_circuit_decorator.py took 0.263 seconds
[2025-04-08T12:04:28.690+0000] {processor.py:186} INFO - Started process (PID=74308) to work on /home/airflow/.local/lib/python3.12/site-packages/airflow/example_dags/example_short_circuit_decorator.py
[2025-04-08T12:04:28.696+0000] {processor.py:914} INFO - Processing file /home/airflow/.local/lib/python3.12/site-packages/airflow/example_dags/example_short_circuit_decorator.py for tasks to queue
[2025-04-08T12:04:28.699+0000] {logging_mixin.py:190} INFO - [2025-04-08T12:04:28.698+0000] {dagbag.py:588} INFO - Filling up the DagBag from /home/airflow/.local/lib/python3.12/site-packages/airflow/example_dags/example_short_circuit_decorator.py
[2025-04-08T12:04:28.726+0000] {processor.py:925} INFO - DAG(s) 'example_short_circuit_decorator' retrieved from /home/airflow/.local/lib/python3.12/site-packages/airflow/example_dags/example_short_circuit_decorator.py
[2025-04-08T12:04:28.771+0000] {logging_mixin.py:190} INFO - [2025-04-08T12:04:28.770+0000] {dag.py:3239} INFO - Sync 1 DAGs
[2025-04-08T12:04:28.805+0000] {logging_mixin.py:190} INFO - [2025-04-08T12:04:28.804+0000] {dag.py:4180} INFO - Setting next_dagrun for example_short_circuit_decorator to None, run_after=None
[2025-04-08T12:04:28.863+0000] {processor.py:208} INFO - Processing /home/airflow/.local/lib/python3.12/site-packages/airflow/example_dags/example_short_circuit_decorator.py took 0.193 seconds
[2025-04-08T12:04:59.079+0000] {processor.py:186} INFO - Started process (PID=74373) to work on /home/airflow/.local/lib/python3.12/site-packages/airflow/example_dags/example_short_circuit_decorator.py
[2025-04-08T12:04:59.081+0000] {processor.py:914} INFO - Processing file /home/airflow/.local/lib/python3.12/site-packages/airflow/example_dags/example_short_circuit_decorator.py for tasks to queue
[2025-04-08T12:04:59.083+0000] {logging_mixin.py:190} INFO - [2025-04-08T12:04:59.083+0000] {dagbag.py:588} INFO - Filling up the DagBag from /home/airflow/.local/lib/python3.12/site-packages/airflow/example_dags/example_short_circuit_decorator.py
[2025-04-08T12:04:59.099+0000] {processor.py:925} INFO - DAG(s) 'example_short_circuit_decorator' retrieved from /home/airflow/.local/lib/python3.12/site-packages/airflow/example_dags/example_short_circuit_decorator.py
[2025-04-08T12:04:59.137+0000] {logging_mixin.py:190} INFO - [2025-04-08T12:04:59.136+0000] {dag.py:3239} INFO - Sync 1 DAGs
[2025-04-08T12:04:59.161+0000] {logging_mixin.py:190} INFO - [2025-04-08T12:04:59.161+0000] {dag.py:4180} INFO - Setting next_dagrun for example_short_circuit_decorator to None, run_after=None
[2025-04-08T12:04:59.200+0000] {processor.py:208} INFO - Processing /home/airflow/.local/lib/python3.12/site-packages/airflow/example_dags/example_short_circuit_decorator.py took 0.130 seconds
[2025-04-08T12:05:29.631+0000] {processor.py:186} INFO - Started process (PID=74438) to work on /home/airflow/.local/lib/python3.12/site-packages/airflow/example_dags/example_short_circuit_decorator.py
[2025-04-08T12:05:29.633+0000] {processor.py:914} INFO - Processing file /home/airflow/.local/lib/python3.12/site-packages/airflow/example_dags/example_short_circuit_decorator.py for tasks to queue
[2025-04-08T12:05:29.635+0000] {logging_mixin.py:190} INFO - [2025-04-08T12:05:29.635+0000] {dagbag.py:588} INFO - Filling up the DagBag from /home/airflow/.local/lib/python3.12/site-packages/airflow/example_dags/example_short_circuit_decorator.py
[2025-04-08T12:05:29.656+0000] {processor.py:925} INFO - DAG(s) 'example_short_circuit_decorator' retrieved from /home/airflow/.local/lib/python3.12/site-packages/airflow/example_dags/example_short_circuit_decorator.py
[2025-04-08T12:05:29.699+0000] {logging_mixin.py:190} INFO - [2025-04-08T12:05:29.699+0000] {dag.py:3239} INFO - Sync 1 DAGs
[2025-04-08T12:05:29.729+0000] {logging_mixin.py:190} INFO - [2025-04-08T12:05:29.729+0000] {dag.py:4180} INFO - Setting next_dagrun for example_short_circuit_decorator to None, run_after=None
[2025-04-08T12:05:29.775+0000] {processor.py:208} INFO - Processing /home/airflow/.local/lib/python3.12/site-packages/airflow/example_dags/example_short_circuit_decorator.py took 0.154 seconds
[2025-04-08T12:06:00.097+0000] {processor.py:186} INFO - Started process (PID=74503) to work on /home/airflow/.local/lib/python3.12/site-packages/airflow/example_dags/example_short_circuit_decorator.py
[2025-04-08T12:06:00.099+0000] {processor.py:914} INFO - Processing file /home/airflow/.local/lib/python3.12/site-packages/airflow/example_dags/example_short_circuit_decorator.py for tasks to queue
[2025-04-08T12:06:00.102+0000] {logging_mixin.py:190} INFO - [2025-04-08T12:06:00.101+0000] {dagbag.py:588} INFO - Filling up the DagBag from /home/airflow/.local/lib/python3.12/site-packages/airflow/example_dags/example_short_circuit_decorator.py
[2025-04-08T12:06:00.118+0000] {processor.py:925} INFO - DAG(s) 'example_short_circuit_decorator' retrieved from /home/airflow/.local/lib/python3.12/site-packages/airflow/example_dags/example_short_circuit_decorator.py
[2025-04-08T12:06:00.154+0000] {logging_mixin.py:190} INFO - [2025-04-08T12:06:00.153+0000] {dag.py:3239} INFO - Sync 1 DAGs
[2025-04-08T12:06:00.180+0000] {logging_mixin.py:190} INFO - [2025-04-08T12:06:00.180+0000] {dag.py:4180} INFO - Setting next_dagrun for example_short_circuit_decorator to None, run_after=None
[2025-04-08T12:06:00.228+0000] {processor.py:208} INFO - Processing /home/airflow/.local/lib/python3.12/site-packages/airflow/example_dags/example_short_circuit_decorator.py took 0.139 seconds
[2025-04-08T12:06:30.971+0000] {processor.py:186} INFO - Started process (PID=74568) to work on /home/airflow/.local/lib/python3.12/site-packages/airflow/example_dags/example_short_circuit_decorator.py
[2025-04-08T12:06:30.973+0000] {processor.py:914} INFO - Processing file /home/airflow/.local/lib/python3.12/site-packages/airflow/example_dags/example_short_circuit_decorator.py for tasks to queue
[2025-04-08T12:06:30.977+0000] {logging_mixin.py:190} INFO - [2025-04-08T12:06:30.976+0000] {dagbag.py:588} INFO - Filling up the DagBag from /home/airflow/.local/lib/python3.12/site-packages/airflow/example_dags/example_short_circuit_decorator.py
[2025-04-08T12:06:30.995+0000] {processor.py:925} INFO - DAG(s) 'example_short_circuit_decorator' retrieved from /home/airflow/.local/lib/python3.12/site-packages/airflow/example_dags/example_short_circuit_decorator.py
[2025-04-08T12:06:31.032+0000] {logging_mixin.py:190} INFO - [2025-04-08T12:06:31.031+0000] {dag.py:3239} INFO - Sync 1 DAGs
[2025-04-08T12:06:31.057+0000] {logging_mixin.py:190} INFO - [2025-04-08T12:06:31.057+0000] {dag.py:4180} INFO - Setting next_dagrun for example_short_circuit_decorator to None, run_after=None
[2025-04-08T12:06:31.106+0000] {processor.py:208} INFO - Processing /home/airflow/.local/lib/python3.12/site-packages/airflow/example_dags/example_short_circuit_decorator.py took 0.144 seconds
[2025-04-08T12:07:01.890+0000] {processor.py:186} INFO - Started process (PID=74634) to work on /home/airflow/.local/lib/python3.12/site-packages/airflow/example_dags/example_short_circuit_decorator.py
[2025-04-08T12:07:01.892+0000] {processor.py:914} INFO - Processing file /home/airflow/.local/lib/python3.12/site-packages/airflow/example_dags/example_short_circuit_decorator.py for tasks to queue
[2025-04-08T12:07:01.895+0000] {logging_mixin.py:190} INFO - [2025-04-08T12:07:01.894+0000] {dagbag.py:588} INFO - Filling up the DagBag from /home/airflow/.local/lib/python3.12/site-packages/airflow/example_dags/example_short_circuit_decorator.py
[2025-04-08T12:07:01.918+0000] {processor.py:925} INFO - DAG(s) 'example_short_circuit_decorator' retrieved from /home/airflow/.local/lib/python3.12/site-packages/airflow/example_dags/example_short_circuit_decorator.py
[2025-04-08T12:07:01.985+0000] {logging_mixin.py:190} INFO - [2025-04-08T12:07:01.985+0000] {dag.py:3239} INFO - Sync 1 DAGs
[2025-04-08T12:07:02.022+0000] {logging_mixin.py:190} INFO - [2025-04-08T12:07:02.021+0000] {dag.py:4180} INFO - Setting next_dagrun for example_short_circuit_decorator to None, run_after=None
[2025-04-08T12:07:02.091+0000] {processor.py:208} INFO - Processing /home/airflow/.local/lib/python3.12/site-packages/airflow/example_dags/example_short_circuit_decorator.py took 0.212 seconds
[2025-04-08T12:07:32.482+0000] {processor.py:186} INFO - Started process (PID=74699) to work on /home/airflow/.local/lib/python3.12/site-packages/airflow/example_dags/example_short_circuit_decorator.py
[2025-04-08T12:07:32.484+0000] {processor.py:914} INFO - Processing file /home/airflow/.local/lib/python3.12/site-packages/airflow/example_dags/example_short_circuit_decorator.py for tasks to queue
[2025-04-08T12:07:32.487+0000] {logging_mixin.py:190} INFO - [2025-04-08T12:07:32.486+0000] {dagbag.py:588} INFO - Filling up the DagBag from /home/airflow/.local/lib/python3.12/site-packages/airflow/example_dags/example_short_circuit_decorator.py
[2025-04-08T12:07:32.507+0000] {processor.py:925} INFO - DAG(s) 'example_short_circuit_decorator' retrieved from /home/airflow/.local/lib/python3.12/site-packages/airflow/example_dags/example_short_circuit_decorator.py
[2025-04-08T12:07:32.551+0000] {logging_mixin.py:190} INFO - [2025-04-08T12:07:32.550+0000] {dag.py:3239} INFO - Sync 1 DAGs
[2025-04-08T12:07:32.575+0000] {logging_mixin.py:190} INFO - [2025-04-08T12:07:32.574+0000] {dag.py:4180} INFO - Setting next_dagrun for example_short_circuit_decorator to None, run_after=None
[2025-04-08T12:07:32.624+0000] {processor.py:208} INFO - Processing /home/airflow/.local/lib/python3.12/site-packages/airflow/example_dags/example_short_circuit_decorator.py took 0.151 seconds
[2025-04-08T12:08:02.800+0000] {processor.py:186} INFO - Started process (PID=74765) to work on /home/airflow/.local/lib/python3.12/site-packages/airflow/example_dags/example_short_circuit_decorator.py
[2025-04-08T12:08:02.802+0000] {processor.py:914} INFO - Processing file /home/airflow/.local/lib/python3.12/site-packages/airflow/example_dags/example_short_circuit_decorator.py for tasks to queue
[2025-04-08T12:08:02.804+0000] {logging_mixin.py:190} INFO - [2025-04-08T12:08:02.804+0000] {dagbag.py:588} INFO - Filling up the DagBag from /home/airflow/.local/lib/python3.12/site-packages/airflow/example_dags/example_short_circuit_decorator.py
[2025-04-08T12:08:02.821+0000] {processor.py:925} INFO - DAG(s) 'example_short_circuit_decorator' retrieved from /home/airflow/.local/lib/python3.12/site-packages/airflow/example_dags/example_short_circuit_decorator.py
[2025-04-08T12:08:02.860+0000] {logging_mixin.py:190} INFO - [2025-04-08T12:08:02.859+0000] {dag.py:3239} INFO - Sync 1 DAGs
[2025-04-08T12:08:02.884+0000] {logging_mixin.py:190} INFO - [2025-04-08T12:08:02.884+0000] {dag.py:4180} INFO - Setting next_dagrun for example_short_circuit_decorator to None, run_after=None
[2025-04-08T12:08:02.933+0000] {processor.py:208} INFO - Processing /home/airflow/.local/lib/python3.12/site-packages/airflow/example_dags/example_short_circuit_decorator.py took 0.146 seconds
[2025-04-08T12:08:33.610+0000] {processor.py:186} INFO - Started process (PID=74830) to work on /home/airflow/.local/lib/python3.12/site-packages/airflow/example_dags/example_short_circuit_decorator.py
[2025-04-08T12:08:33.612+0000] {processor.py:914} INFO - Processing file /home/airflow/.local/lib/python3.12/site-packages/airflow/example_dags/example_short_circuit_decorator.py for tasks to queue
[2025-04-08T12:08:33.615+0000] {logging_mixin.py:190} INFO - [2025-04-08T12:08:33.614+0000] {dagbag.py:588} INFO - Filling up the DagBag from /home/airflow/.local/lib/python3.12/site-packages/airflow/example_dags/example_short_circuit_decorator.py
[2025-04-08T12:08:33.637+0000] {processor.py:925} INFO - DAG(s) 'example_short_circuit_decorator' retrieved from /home/airflow/.local/lib/python3.12/site-packages/airflow/example_dags/example_short_circuit_decorator.py
[2025-04-08T12:08:33.680+0000] {logging_mixin.py:190} INFO - [2025-04-08T12:08:33.679+0000] {dag.py:3239} INFO - Sync 1 DAGs
[2025-04-08T12:08:33.709+0000] {logging_mixin.py:190} INFO - [2025-04-08T12:08:33.708+0000] {dag.py:4180} INFO - Setting next_dagrun for example_short_circuit_decorator to None, run_after=None
[2025-04-08T12:08:33.754+0000] {processor.py:208} INFO - Processing /home/airflow/.local/lib/python3.12/site-packages/airflow/example_dags/example_short_circuit_decorator.py took 0.153 seconds
[2025-04-08T12:09:04.725+0000] {processor.py:186} INFO - Started process (PID=74894) to work on /home/airflow/.local/lib/python3.12/site-packages/airflow/example_dags/example_short_circuit_decorator.py
[2025-04-08T12:09:04.728+0000] {processor.py:914} INFO - Processing file /home/airflow/.local/lib/python3.12/site-packages/airflow/example_dags/example_short_circuit_decorator.py for tasks to queue
[2025-04-08T12:09:04.731+0000] {logging_mixin.py:190} INFO - [2025-04-08T12:09:04.730+0000] {dagbag.py:588} INFO - Filling up the DagBag from /home/airflow/.local/lib/python3.12/site-packages/airflow/example_dags/example_short_circuit_decorator.py
[2025-04-08T12:09:04.759+0000] {processor.py:925} INFO - DAG(s) 'example_short_circuit_decorator' retrieved from /home/airflow/.local/lib/python3.12/site-packages/airflow/example_dags/example_short_circuit_decorator.py
[2025-04-08T12:09:04.820+0000] {logging_mixin.py:190} INFO - [2025-04-08T12:09:04.820+0000] {dag.py:3239} INFO - Sync 1 DAGs
[2025-04-08T12:09:04.858+0000] {logging_mixin.py:190} INFO - [2025-04-08T12:09:04.857+0000] {dag.py:4180} INFO - Setting next_dagrun for example_short_circuit_decorator to None, run_after=None
[2025-04-08T12:09:04.897+0000] {processor.py:208} INFO - Processing /home/airflow/.local/lib/python3.12/site-packages/airflow/example_dags/example_short_circuit_decorator.py took 0.184 seconds
[2025-04-08T16:49:38.244+0000] {processor.py:186} INFO - Started process (PID=74935) to work on /home/airflow/.local/lib/python3.12/site-packages/airflow/example_dags/example_short_circuit_decorator.py
[2025-04-08T16:49:38.250+0000] {processor.py:914} INFO - Processing file /home/airflow/.local/lib/python3.12/site-packages/airflow/example_dags/example_short_circuit_decorator.py for tasks to queue
[2025-04-08T16:49:38.256+0000] {logging_mixin.py:190} INFO - [2025-04-08T16:49:38.255+0000] {dagbag.py:588} INFO - Filling up the DagBag from /home/airflow/.local/lib/python3.12/site-packages/airflow/example_dags/example_short_circuit_decorator.py
[2025-04-08T16:49:38.339+0000] {processor.py:925} INFO - DAG(s) 'example_short_circuit_decorator' retrieved from /home/airflow/.local/lib/python3.12/site-packages/airflow/example_dags/example_short_circuit_decorator.py
[2025-04-08T16:49:38.465+0000] {logging_mixin.py:190} INFO - [2025-04-08T16:49:38.464+0000] {dag.py:3239} INFO - Sync 1 DAGs
[2025-04-08T16:49:38.558+0000] {logging_mixin.py:190} INFO - [2025-04-08T16:49:38.558+0000] {dag.py:4180} INFO - Setting next_dagrun for example_short_circuit_decorator to None, run_after=None
[2025-04-08T16:49:38.648+0000] {processor.py:208} INFO - Processing /home/airflow/.local/lib/python3.12/site-packages/airflow/example_dags/example_short_circuit_decorator.py took 0.425 seconds
