[2025-04-08T12:02:26.527+0000] {processor.py:186} INFO - Started process (PID=74061) to work on /home/airflow/.local/lib/python3.12/site-packages/airflow/example_dags/example_python_decorator.py
[2025-04-08T12:02:26.547+0000] {processor.py:914} INFO - Processing file /home/airflow/.local/lib/python3.12/site-packages/airflow/example_dags/example_python_decorator.py for tasks to queue
[2025-04-08T12:02:26.569+0000] {logging_mixin.py:190} INFO - [2025-04-08T12:02:26.568+0000] {dagbag.py:588} INFO - Filling up the DagBag from /home/airflow/.local/lib/python3.12/site-packages/airflow/example_dags/example_python_decorator.py
[2025-04-08T12:02:26.718+0000] {processor.py:925} INFO - DAG(s) 'example_python_decorator' retrieved from /home/airflow/.local/lib/python3.12/site-packages/airflow/example_dags/example_python_decorator.py
[2025-04-08T12:02:26.862+0000] {logging_mixin.py:190} INFO - [2025-04-08T12:02:26.861+0000] {dag.py:3239} INFO - Sync 1 DAGs
[2025-04-08T12:02:26.974+0000] {logging_mixin.py:190} INFO - [2025-04-08T12:02:26.973+0000] {dag.py:4180} INFO - Setting next_dagrun for example_python_decorator to None, run_after=None
[2025-04-08T12:02:27.094+0000] {processor.py:208} INFO - Processing /home/airflow/.local/lib/python3.12/site-packages/airflow/example_dags/example_python_decorator.py took 0.593 seconds
[2025-04-08T12:02:57.655+0000] {processor.py:186} INFO - Started process (PID=74125) to work on /home/airflow/.local/lib/python3.12/site-packages/airflow/example_dags/example_python_decorator.py
[2025-04-08T12:02:57.674+0000] {processor.py:914} INFO - Processing file /home/airflow/.local/lib/python3.12/site-packages/airflow/example_dags/example_python_decorator.py for tasks to queue
[2025-04-08T12:02:57.679+0000] {logging_mixin.py:190} INFO - [2025-04-08T12:02:57.678+0000] {dagbag.py:588} INFO - Filling up the DagBag from /home/airflow/.local/lib/python3.12/site-packages/airflow/example_dags/example_python_decorator.py
[2025-04-08T12:02:57.813+0000] {processor.py:925} INFO - DAG(s) 'example_python_decorator' retrieved from /home/airflow/.local/lib/python3.12/site-packages/airflow/example_dags/example_python_decorator.py
[2025-04-08T12:02:57.959+0000] {logging_mixin.py:190} INFO - [2025-04-08T12:02:57.950+0000] {dag.py:3239} INFO - Sync 1 DAGs
[2025-04-08T12:02:58.062+0000] {logging_mixin.py:190} INFO - [2025-04-08T12:02:58.061+0000] {dag.py:4180} INFO - Setting next_dagrun for example_python_decorator to None, run_after=None
[2025-04-08T12:02:58.188+0000] {processor.py:208} INFO - Processing /home/airflow/.local/lib/python3.12/site-packages/airflow/example_dags/example_python_decorator.py took 0.570 seconds
[2025-04-08T12:03:31.487+0000] {processor.py:186} INFO - Started process (PID=74190) to work on /home/airflow/.local/lib/python3.12/site-packages/airflow/example_dags/example_python_decorator.py
[2025-04-08T12:03:31.489+0000] {processor.py:914} INFO - Processing file /home/airflow/.local/lib/python3.12/site-packages/airflow/example_dags/example_python_decorator.py for tasks to queue
[2025-04-08T12:03:31.505+0000] {logging_mixin.py:190} INFO - [2025-04-08T12:03:31.504+0000] {dagbag.py:588} INFO - Filling up the DagBag from /home/airflow/.local/lib/python3.12/site-packages/airflow/example_dags/example_python_decorator.py
[2025-04-08T12:03:31.616+0000] {processor.py:925} INFO - DAG(s) 'example_python_decorator' retrieved from /home/airflow/.local/lib/python3.12/site-packages/airflow/example_dags/example_python_decorator.py
[2025-04-08T12:03:31.758+0000] {logging_mixin.py:190} INFO - [2025-04-08T12:03:31.749+0000] {dag.py:3239} INFO - Sync 1 DAGs
[2025-04-08T12:03:31.873+0000] {logging_mixin.py:190} INFO - [2025-04-08T12:03:31.873+0000] {dag.py:4180} INFO - Setting next_dagrun for example_python_decorator to None, run_after=None
[2025-04-08T12:03:32.016+0000] {processor.py:208} INFO - Processing /home/airflow/.local/lib/python3.12/site-packages/airflow/example_dags/example_python_decorator.py took 0.561 seconds
[2025-04-08T12:04:03.030+0000] {processor.py:186} INFO - Started process (PID=74255) to work on /home/airflow/.local/lib/python3.12/site-packages/airflow/example_dags/example_python_decorator.py
[2025-04-08T12:04:03.036+0000] {processor.py:914} INFO - Processing file /home/airflow/.local/lib/python3.12/site-packages/airflow/example_dags/example_python_decorator.py for tasks to queue
[2025-04-08T12:04:03.046+0000] {logging_mixin.py:190} INFO - [2025-04-08T12:04:03.045+0000] {dagbag.py:588} INFO - Filling up the DagBag from /home/airflow/.local/lib/python3.12/site-packages/airflow/example_dags/example_python_decorator.py
[2025-04-08T12:04:03.130+0000] {processor.py:925} INFO - DAG(s) 'example_python_decorator' retrieved from /home/airflow/.local/lib/python3.12/site-packages/airflow/example_dags/example_python_decorator.py
[2025-04-08T12:04:03.235+0000] {logging_mixin.py:190} INFO - [2025-04-08T12:04:03.234+0000] {dag.py:3239} INFO - Sync 1 DAGs
[2025-04-08T12:04:03.312+0000] {logging_mixin.py:190} INFO - [2025-04-08T12:04:03.311+0000] {dag.py:4180} INFO - Setting next_dagrun for example_python_decorator to None, run_after=None
[2025-04-08T12:04:03.389+0000] {processor.py:208} INFO - Processing /home/airflow/.local/lib/python3.12/site-packages/airflow/example_dags/example_python_decorator.py took 0.385 seconds
[2025-04-08T12:04:33.752+0000] {processor.py:186} INFO - Started process (PID=74320) to work on /home/airflow/.local/lib/python3.12/site-packages/airflow/example_dags/example_python_decorator.py
[2025-04-08T12:04:33.753+0000] {processor.py:914} INFO - Processing file /home/airflow/.local/lib/python3.12/site-packages/airflow/example_dags/example_python_decorator.py for tasks to queue
[2025-04-08T12:04:33.756+0000] {logging_mixin.py:190} INFO - [2025-04-08T12:04:33.755+0000] {dagbag.py:588} INFO - Filling up the DagBag from /home/airflow/.local/lib/python3.12/site-packages/airflow/example_dags/example_python_decorator.py
[2025-04-08T12:04:33.781+0000] {processor.py:925} INFO - DAG(s) 'example_python_decorator' retrieved from /home/airflow/.local/lib/python3.12/site-packages/airflow/example_dags/example_python_decorator.py
[2025-04-08T12:04:33.823+0000] {logging_mixin.py:190} INFO - [2025-04-08T12:04:33.822+0000] {dag.py:3239} INFO - Sync 1 DAGs
[2025-04-08T12:04:33.850+0000] {logging_mixin.py:190} INFO - [2025-04-08T12:04:33.849+0000] {dag.py:4180} INFO - Setting next_dagrun for example_python_decorator to None, run_after=None
[2025-04-08T12:04:33.886+0000] {processor.py:208} INFO - Processing /home/airflow/.local/lib/python3.12/site-packages/airflow/example_dags/example_python_decorator.py took 0.144 seconds
[2025-04-08T12:05:04.196+0000] {processor.py:186} INFO - Started process (PID=74385) to work on /home/airflow/.local/lib/python3.12/site-packages/airflow/example_dags/example_python_decorator.py
[2025-04-08T12:05:04.198+0000] {processor.py:914} INFO - Processing file /home/airflow/.local/lib/python3.12/site-packages/airflow/example_dags/example_python_decorator.py for tasks to queue
[2025-04-08T12:05:04.201+0000] {logging_mixin.py:190} INFO - [2025-04-08T12:05:04.200+0000] {dagbag.py:588} INFO - Filling up the DagBag from /home/airflow/.local/lib/python3.12/site-packages/airflow/example_dags/example_python_decorator.py
[2025-04-08T12:05:04.227+0000] {processor.py:925} INFO - DAG(s) 'example_python_decorator' retrieved from /home/airflow/.local/lib/python3.12/site-packages/airflow/example_dags/example_python_decorator.py
[2025-04-08T12:05:04.266+0000] {logging_mixin.py:190} INFO - [2025-04-08T12:05:04.265+0000] {dag.py:3239} INFO - Sync 1 DAGs
[2025-04-08T12:05:04.295+0000] {logging_mixin.py:190} INFO - [2025-04-08T12:05:04.294+0000] {dag.py:4180} INFO - Setting next_dagrun for example_python_decorator to None, run_after=None
[2025-04-08T12:05:04.331+0000] {processor.py:208} INFO - Processing /home/airflow/.local/lib/python3.12/site-packages/airflow/example_dags/example_python_decorator.py took 0.145 seconds
[2025-04-08T12:05:35.197+0000] {processor.py:186} INFO - Started process (PID=74450) to work on /home/airflow/.local/lib/python3.12/site-packages/airflow/example_dags/example_python_decorator.py
[2025-04-08T12:05:35.198+0000] {processor.py:914} INFO - Processing file /home/airflow/.local/lib/python3.12/site-packages/airflow/example_dags/example_python_decorator.py for tasks to queue
[2025-04-08T12:05:35.201+0000] {logging_mixin.py:190} INFO - [2025-04-08T12:05:35.200+0000] {dagbag.py:588} INFO - Filling up the DagBag from /home/airflow/.local/lib/python3.12/site-packages/airflow/example_dags/example_python_decorator.py
[2025-04-08T12:05:35.226+0000] {processor.py:925} INFO - DAG(s) 'example_python_decorator' retrieved from /home/airflow/.local/lib/python3.12/site-packages/airflow/example_dags/example_python_decorator.py
[2025-04-08T12:05:35.264+0000] {logging_mixin.py:190} INFO - [2025-04-08T12:05:35.264+0000] {dag.py:3239} INFO - Sync 1 DAGs
[2025-04-08T12:05:35.289+0000] {logging_mixin.py:190} INFO - [2025-04-08T12:05:35.288+0000] {dag.py:4180} INFO - Setting next_dagrun for example_python_decorator to None, run_after=None
[2025-04-08T12:05:35.338+0000] {processor.py:208} INFO - Processing /home/airflow/.local/lib/python3.12/site-packages/airflow/example_dags/example_python_decorator.py took 0.151 seconds
[2025-04-08T12:06:05.428+0000] {processor.py:186} INFO - Started process (PID=74514) to work on /home/airflow/.local/lib/python3.12/site-packages/airflow/example_dags/example_python_decorator.py
[2025-04-08T12:06:05.430+0000] {processor.py:914} INFO - Processing file /home/airflow/.local/lib/python3.12/site-packages/airflow/example_dags/example_python_decorator.py for tasks to queue
[2025-04-08T12:06:05.432+0000] {logging_mixin.py:190} INFO - [2025-04-08T12:06:05.431+0000] {dagbag.py:588} INFO - Filling up the DagBag from /home/airflow/.local/lib/python3.12/site-packages/airflow/example_dags/example_python_decorator.py
[2025-04-08T12:06:05.458+0000] {processor.py:925} INFO - DAG(s) 'example_python_decorator' retrieved from /home/airflow/.local/lib/python3.12/site-packages/airflow/example_dags/example_python_decorator.py
[2025-04-08T12:06:05.502+0000] {logging_mixin.py:190} INFO - [2025-04-08T12:06:05.502+0000] {dag.py:3239} INFO - Sync 1 DAGs
[2025-04-08T12:06:05.530+0000] {logging_mixin.py:190} INFO - [2025-04-08T12:06:05.529+0000] {dag.py:4180} INFO - Setting next_dagrun for example_python_decorator to None, run_after=None
[2025-04-08T12:06:05.583+0000] {processor.py:208} INFO - Processing /home/airflow/.local/lib/python3.12/site-packages/airflow/example_dags/example_python_decorator.py took 0.164 seconds
[2025-04-08T12:06:36.099+0000] {processor.py:186} INFO - Started process (PID=74579) to work on /home/airflow/.local/lib/python3.12/site-packages/airflow/example_dags/example_python_decorator.py
[2025-04-08T12:06:36.101+0000] {processor.py:914} INFO - Processing file /home/airflow/.local/lib/python3.12/site-packages/airflow/example_dags/example_python_decorator.py for tasks to queue
[2025-04-08T12:06:36.103+0000] {logging_mixin.py:190} INFO - [2025-04-08T12:06:36.103+0000] {dagbag.py:588} INFO - Filling up the DagBag from /home/airflow/.local/lib/python3.12/site-packages/airflow/example_dags/example_python_decorator.py
[2025-04-08T12:06:36.126+0000] {processor.py:925} INFO - DAG(s) 'example_python_decorator' retrieved from /home/airflow/.local/lib/python3.12/site-packages/airflow/example_dags/example_python_decorator.py
[2025-04-08T12:06:36.164+0000] {logging_mixin.py:190} INFO - [2025-04-08T12:06:36.163+0000] {dag.py:3239} INFO - Sync 1 DAGs
[2025-04-08T12:06:36.187+0000] {logging_mixin.py:190} INFO - [2025-04-08T12:06:36.187+0000] {dag.py:4180} INFO - Setting next_dagrun for example_python_decorator to None, run_after=None
[2025-04-08T12:06:36.234+0000] {processor.py:208} INFO - Processing /home/airflow/.local/lib/python3.12/site-packages/airflow/example_dags/example_python_decorator.py took 0.144 seconds
[2025-04-08T12:07:07.295+0000] {processor.py:186} INFO - Started process (PID=74645) to work on /home/airflow/.local/lib/python3.12/site-packages/airflow/example_dags/example_python_decorator.py
[2025-04-08T12:07:07.299+0000] {processor.py:914} INFO - Processing file /home/airflow/.local/lib/python3.12/site-packages/airflow/example_dags/example_python_decorator.py for tasks to queue
[2025-04-08T12:07:07.301+0000] {logging_mixin.py:190} INFO - [2025-04-08T12:07:07.300+0000] {dagbag.py:588} INFO - Filling up the DagBag from /home/airflow/.local/lib/python3.12/site-packages/airflow/example_dags/example_python_decorator.py
[2025-04-08T12:07:07.324+0000] {processor.py:925} INFO - DAG(s) 'example_python_decorator' retrieved from /home/airflow/.local/lib/python3.12/site-packages/airflow/example_dags/example_python_decorator.py
[2025-04-08T12:07:07.360+0000] {logging_mixin.py:190} INFO - [2025-04-08T12:07:07.360+0000] {dag.py:3239} INFO - Sync 1 DAGs
[2025-04-08T12:07:07.385+0000] {logging_mixin.py:190} INFO - [2025-04-08T12:07:07.384+0000] {dag.py:4180} INFO - Setting next_dagrun for example_python_decorator to None, run_after=None
[2025-04-08T12:07:07.431+0000] {processor.py:208} INFO - Processing /home/airflow/.local/lib/python3.12/site-packages/airflow/example_dags/example_python_decorator.py took 0.145 seconds
[2025-04-08T12:07:37.742+0000] {processor.py:186} INFO - Started process (PID=74710) to work on /home/airflow/.local/lib/python3.12/site-packages/airflow/example_dags/example_python_decorator.py
[2025-04-08T12:07:37.744+0000] {processor.py:914} INFO - Processing file /home/airflow/.local/lib/python3.12/site-packages/airflow/example_dags/example_python_decorator.py for tasks to queue
[2025-04-08T12:07:37.746+0000] {logging_mixin.py:190} INFO - [2025-04-08T12:07:37.746+0000] {dagbag.py:588} INFO - Filling up the DagBag from /home/airflow/.local/lib/python3.12/site-packages/airflow/example_dags/example_python_decorator.py
[2025-04-08T12:07:37.769+0000] {processor.py:925} INFO - DAG(s) 'example_python_decorator' retrieved from /home/airflow/.local/lib/python3.12/site-packages/airflow/example_dags/example_python_decorator.py
[2025-04-08T12:07:37.806+0000] {logging_mixin.py:190} INFO - [2025-04-08T12:07:37.806+0000] {dag.py:3239} INFO - Sync 1 DAGs
[2025-04-08T12:07:37.833+0000] {logging_mixin.py:190} INFO - [2025-04-08T12:07:37.832+0000] {dag.py:4180} INFO - Setting next_dagrun for example_python_decorator to None, run_after=None
[2025-04-08T12:07:37.887+0000] {processor.py:208} INFO - Processing /home/airflow/.local/lib/python3.12/site-packages/airflow/example_dags/example_python_decorator.py took 0.155 seconds
[2025-04-08T12:08:08.073+0000] {processor.py:186} INFO - Started process (PID=74776) to work on /home/airflow/.local/lib/python3.12/site-packages/airflow/example_dags/example_python_decorator.py
[2025-04-08T12:08:08.075+0000] {processor.py:914} INFO - Processing file /home/airflow/.local/lib/python3.12/site-packages/airflow/example_dags/example_python_decorator.py for tasks to queue
[2025-04-08T12:08:08.078+0000] {logging_mixin.py:190} INFO - [2025-04-08T12:08:08.077+0000] {dagbag.py:588} INFO - Filling up the DagBag from /home/airflow/.local/lib/python3.12/site-packages/airflow/example_dags/example_python_decorator.py
[2025-04-08T12:08:08.103+0000] {processor.py:925} INFO - DAG(s) 'example_python_decorator' retrieved from /home/airflow/.local/lib/python3.12/site-packages/airflow/example_dags/example_python_decorator.py
[2025-04-08T12:08:08.145+0000] {logging_mixin.py:190} INFO - [2025-04-08T12:08:08.144+0000] {dag.py:3239} INFO - Sync 1 DAGs
[2025-04-08T12:08:08.171+0000] {logging_mixin.py:190} INFO - [2025-04-08T12:08:08.171+0000] {dag.py:4180} INFO - Setting next_dagrun for example_python_decorator to None, run_after=None
[2025-04-08T12:08:08.209+0000] {processor.py:208} INFO - Processing /home/airflow/.local/lib/python3.12/site-packages/airflow/example_dags/example_python_decorator.py took 0.145 seconds
[2025-04-08T12:08:40.141+0000] {processor.py:186} INFO - Started process (PID=74841) to work on /home/airflow/.local/lib/python3.12/site-packages/airflow/example_dags/example_python_decorator.py
[2025-04-08T12:08:40.199+0000] {processor.py:914} INFO - Processing file /home/airflow/.local/lib/python3.12/site-packages/airflow/example_dags/example_python_decorator.py for tasks to queue
[2025-04-08T12:08:40.236+0000] {logging_mixin.py:190} INFO - [2025-04-08T12:08:40.235+0000] {dagbag.py:588} INFO - Filling up the DagBag from /home/airflow/.local/lib/python3.12/site-packages/airflow/example_dags/example_python_decorator.py
[2025-04-08T12:08:40.351+0000] {processor.py:925} INFO - DAG(s) 'example_python_decorator' retrieved from /home/airflow/.local/lib/python3.12/site-packages/airflow/example_dags/example_python_decorator.py
[2025-04-08T12:08:40.504+0000] {logging_mixin.py:190} INFO - [2025-04-08T12:08:40.503+0000] {dag.py:3239} INFO - Sync 1 DAGs
[2025-04-08T12:08:40.611+0000] {logging_mixin.py:190} INFO - [2025-04-08T12:08:40.610+0000] {dag.py:4180} INFO - Setting next_dagrun for example_python_decorator to None, run_after=None
[2025-04-08T12:08:41.029+0000] {processor.py:208} INFO - Processing /home/airflow/.local/lib/python3.12/site-packages/airflow/example_dags/example_python_decorator.py took 0.909 seconds
[2025-04-08T12:09:11.654+0000] {processor.py:186} INFO - Started process (PID=74906) to work on /home/airflow/.local/lib/python3.12/site-packages/airflow/example_dags/example_python_decorator.py
[2025-04-08T12:09:11.657+0000] {processor.py:914} INFO - Processing file /home/airflow/.local/lib/python3.12/site-packages/airflow/example_dags/example_python_decorator.py for tasks to queue
[2025-04-08T12:09:11.660+0000] {logging_mixin.py:190} INFO - [2025-04-08T12:09:11.659+0000] {dagbag.py:588} INFO - Filling up the DagBag from /home/airflow/.local/lib/python3.12/site-packages/airflow/example_dags/example_python_decorator.py
[2025-04-08T12:09:11.697+0000] {processor.py:925} INFO - DAG(s) 'example_python_decorator' retrieved from /home/airflow/.local/lib/python3.12/site-packages/airflow/example_dags/example_python_decorator.py
[2025-04-08T12:09:11.756+0000] {logging_mixin.py:190} INFO - [2025-04-08T12:09:11.755+0000] {dag.py:3239} INFO - Sync 1 DAGs
[2025-04-08T12:09:11.794+0000] {logging_mixin.py:190} INFO - [2025-04-08T12:09:11.794+0000] {dag.py:4180} INFO - Setting next_dagrun for example_python_decorator to None, run_after=None
[2025-04-08T12:09:11.838+0000] {processor.py:208} INFO - Processing /home/airflow/.local/lib/python3.12/site-packages/airflow/example_dags/example_python_decorator.py took 0.196 seconds
