[2025-04-08T12:02:45.407+0000] {processor.py:186} INFO - Started process (PID=74096) to work on /home/airflow/.local/lib/python3.12/site-packages/airflow/example_dags/example_bash_decorator.py
[2025-04-08T12:02:45.410+0000] {processor.py:914} INFO - Processing file /home/airflow/.local/lib/python3.12/site-packages/airflow/example_dags/example_bash_decorator.py for tasks to queue
[2025-04-08T12:02:45.423+0000] {logging_mixin.py:190} INFO - [2025-04-08T12:02:45.413+0000] {dagbag.py:588} INFO - Filling up the DagBag from /home/airflow/.local/lib/python3.12/site-packages/airflow/example_dags/example_bash_decorator.py
[2025-04-08T12:02:45.513+0000] {processor.py:925} INFO - DAG(s) 'example_bash_decorator' retrieved from /home/airflow/.local/lib/python3.12/site-packages/airflow/example_dags/example_bash_decorator.py
[2025-04-08T12:02:45.656+0000] {logging_mixin.py:190} INFO - [2025-04-08T12:02:45.655+0000] {dag.py:3239} INFO - Sync 1 DAGs
[2025-04-08T12:02:45.772+0000] {logging_mixin.py:190} INFO - [2025-04-08T12:02:45.763+0000] {dag.py:4180} INFO - Setting next_dagrun for example_bash_decorator to None, run_after=None
[2025-04-08T12:02:45.872+0000] {processor.py:208} INFO - Processing /home/airflow/.local/lib/python3.12/site-packages/airflow/example_dags/example_bash_decorator.py took 0.490 seconds
[2025-04-08T12:03:19.461+0000] {processor.py:186} INFO - Started process (PID=74160) to work on /home/airflow/.local/lib/python3.12/site-packages/airflow/example_dags/example_bash_decorator.py
[2025-04-08T12:03:19.464+0000] {processor.py:914} INFO - Processing file /home/airflow/.local/lib/python3.12/site-packages/airflow/example_dags/example_bash_decorator.py for tasks to queue
[2025-04-08T12:03:19.474+0000] {logging_mixin.py:190} INFO - [2025-04-08T12:03:19.473+0000] {dagbag.py:588} INFO - Filling up the DagBag from /home/airflow/.local/lib/python3.12/site-packages/airflow/example_dags/example_bash_decorator.py
[2025-04-08T12:03:19.593+0000] {processor.py:925} INFO - DAG(s) 'example_bash_decorator' retrieved from /home/airflow/.local/lib/python3.12/site-packages/airflow/example_dags/example_bash_decorator.py
[2025-04-08T12:03:19.775+0000] {logging_mixin.py:190} INFO - [2025-04-08T12:03:19.775+0000] {dag.py:3239} INFO - Sync 1 DAGs
[2025-04-08T12:03:19.883+0000] {logging_mixin.py:190} INFO - [2025-04-08T12:03:19.882+0000] {dag.py:4180} INFO - Setting next_dagrun for example_bash_decorator to None, run_after=None
[2025-04-08T12:03:20.003+0000] {processor.py:208} INFO - Processing /home/airflow/.local/lib/python3.12/site-packages/airflow/example_dags/example_bash_decorator.py took 0.570 seconds
[2025-04-08T12:03:50.225+0000] {processor.py:186} INFO - Started process (PID=74225) to work on /home/airflow/.local/lib/python3.12/site-packages/airflow/example_dags/example_bash_decorator.py
[2025-04-08T12:03:50.227+0000] {processor.py:914} INFO - Processing file /home/airflow/.local/lib/python3.12/site-packages/airflow/example_dags/example_bash_decorator.py for tasks to queue
[2025-04-08T12:03:50.230+0000] {logging_mixin.py:190} INFO - [2025-04-08T12:03:50.229+0000] {dagbag.py:588} INFO - Filling up the DagBag from /home/airflow/.local/lib/python3.12/site-packages/airflow/example_dags/example_bash_decorator.py
[2025-04-08T12:03:50.259+0000] {processor.py:925} INFO - DAG(s) 'example_bash_decorator' retrieved from /home/airflow/.local/lib/python3.12/site-packages/airflow/example_dags/example_bash_decorator.py
[2025-04-08T12:03:50.302+0000] {logging_mixin.py:190} INFO - [2025-04-08T12:03:50.301+0000] {dag.py:3239} INFO - Sync 1 DAGs
[2025-04-08T12:03:50.328+0000] {logging_mixin.py:190} INFO - [2025-04-08T12:03:50.327+0000] {dag.py:4180} INFO - Setting next_dagrun for example_bash_decorator to None, run_after=None
[2025-04-08T12:03:50.370+0000] {processor.py:208} INFO - Processing /home/airflow/.local/lib/python3.12/site-packages/airflow/example_dags/example_bash_decorator.py took 0.155 seconds
[2025-04-08T12:04:21.113+0000] {processor.py:186} INFO - Started process (PID=74290) to work on /home/airflow/.local/lib/python3.12/site-packages/airflow/example_dags/example_bash_decorator.py
[2025-04-08T12:04:21.115+0000] {processor.py:914} INFO - Processing file /home/airflow/.local/lib/python3.12/site-packages/airflow/example_dags/example_bash_decorator.py for tasks to queue
[2025-04-08T12:04:21.119+0000] {logging_mixin.py:190} INFO - [2025-04-08T12:04:21.117+0000] {dagbag.py:588} INFO - Filling up the DagBag from /home/airflow/.local/lib/python3.12/site-packages/airflow/example_dags/example_bash_decorator.py
[2025-04-08T12:04:21.158+0000] {processor.py:925} INFO - DAG(s) 'example_bash_decorator' retrieved from /home/airflow/.local/lib/python3.12/site-packages/airflow/example_dags/example_bash_decorator.py
[2025-04-08T12:04:21.218+0000] {logging_mixin.py:190} INFO - [2025-04-08T12:04:21.217+0000] {dag.py:3239} INFO - Sync 1 DAGs
[2025-04-08T12:04:21.253+0000] {logging_mixin.py:190} INFO - [2025-04-08T12:04:21.252+0000] {dag.py:4180} INFO - Setting next_dagrun for example_bash_decorator to None, run_after=None
[2025-04-08T12:04:21.301+0000] {processor.py:208} INFO - Processing /home/airflow/.local/lib/python3.12/site-packages/airflow/example_dags/example_bash_decorator.py took 0.206 seconds
[2025-04-08T12:04:51.542+0000] {processor.py:186} INFO - Started process (PID=74355) to work on /home/airflow/.local/lib/python3.12/site-packages/airflow/example_dags/example_bash_decorator.py
[2025-04-08T12:04:51.544+0000] {processor.py:914} INFO - Processing file /home/airflow/.local/lib/python3.12/site-packages/airflow/example_dags/example_bash_decorator.py for tasks to queue
[2025-04-08T12:04:51.546+0000] {logging_mixin.py:190} INFO - [2025-04-08T12:04:51.545+0000] {dagbag.py:588} INFO - Filling up the DagBag from /home/airflow/.local/lib/python3.12/site-packages/airflow/example_dags/example_bash_decorator.py
[2025-04-08T12:04:51.570+0000] {processor.py:925} INFO - DAG(s) 'example_bash_decorator' retrieved from /home/airflow/.local/lib/python3.12/site-packages/airflow/example_dags/example_bash_decorator.py
[2025-04-08T12:04:51.609+0000] {logging_mixin.py:190} INFO - [2025-04-08T12:04:51.609+0000] {dag.py:3239} INFO - Sync 1 DAGs
[2025-04-08T12:04:51.636+0000] {logging_mixin.py:190} INFO - [2025-04-08T12:04:51.635+0000] {dag.py:4180} INFO - Setting next_dagrun for example_bash_decorator to None, run_after=None
[2025-04-08T12:04:51.685+0000] {processor.py:208} INFO - Processing /home/airflow/.local/lib/python3.12/site-packages/airflow/example_dags/example_bash_decorator.py took 0.153 seconds
[2025-04-08T12:05:22.096+0000] {processor.py:186} INFO - Started process (PID=74420) to work on /home/airflow/.local/lib/python3.12/site-packages/airflow/example_dags/example_bash_decorator.py
[2025-04-08T12:05:22.098+0000] {processor.py:914} INFO - Processing file /home/airflow/.local/lib/python3.12/site-packages/airflow/example_dags/example_bash_decorator.py for tasks to queue
[2025-04-08T12:05:22.101+0000] {logging_mixin.py:190} INFO - [2025-04-08T12:05:22.100+0000] {dagbag.py:588} INFO - Filling up the DagBag from /home/airflow/.local/lib/python3.12/site-packages/airflow/example_dags/example_bash_decorator.py
[2025-04-08T12:05:22.125+0000] {processor.py:925} INFO - DAG(s) 'example_bash_decorator' retrieved from /home/airflow/.local/lib/python3.12/site-packages/airflow/example_dags/example_bash_decorator.py
[2025-04-08T12:05:22.161+0000] {logging_mixin.py:190} INFO - [2025-04-08T12:05:22.161+0000] {dag.py:3239} INFO - Sync 1 DAGs
[2025-04-08T12:05:22.188+0000] {logging_mixin.py:190} INFO - [2025-04-08T12:05:22.188+0000] {dag.py:4180} INFO - Setting next_dagrun for example_bash_decorator to None, run_after=None
[2025-04-08T12:05:22.239+0000] {processor.py:208} INFO - Processing /home/airflow/.local/lib/python3.12/site-packages/airflow/example_dags/example_bash_decorator.py took 0.152 seconds
[2025-04-08T12:05:52.975+0000] {processor.py:186} INFO - Started process (PID=74483) to work on /home/airflow/.local/lib/python3.12/site-packages/airflow/example_dags/example_bash_decorator.py
[2025-04-08T12:05:52.977+0000] {processor.py:914} INFO - Processing file /home/airflow/.local/lib/python3.12/site-packages/airflow/example_dags/example_bash_decorator.py for tasks to queue
[2025-04-08T12:05:52.979+0000] {logging_mixin.py:190} INFO - [2025-04-08T12:05:52.979+0000] {dagbag.py:588} INFO - Filling up the DagBag from /home/airflow/.local/lib/python3.12/site-packages/airflow/example_dags/example_bash_decorator.py
[2025-04-08T12:05:53.002+0000] {processor.py:925} INFO - DAG(s) 'example_bash_decorator' retrieved from /home/airflow/.local/lib/python3.12/site-packages/airflow/example_dags/example_bash_decorator.py
[2025-04-08T12:05:53.043+0000] {logging_mixin.py:190} INFO - [2025-04-08T12:05:53.042+0000] {dag.py:3239} INFO - Sync 1 DAGs
[2025-04-08T12:05:53.068+0000] {logging_mixin.py:190} INFO - [2025-04-08T12:05:53.068+0000] {dag.py:4180} INFO - Setting next_dagrun for example_bash_decorator to None, run_after=None
[2025-04-08T12:05:53.119+0000] {processor.py:208} INFO - Processing /home/airflow/.local/lib/python3.12/site-packages/airflow/example_dags/example_bash_decorator.py took 0.153 seconds
[2025-04-08T12:06:24.118+0000] {processor.py:186} INFO - Started process (PID=74554) to work on /home/airflow/.local/lib/python3.12/site-packages/airflow/example_dags/example_bash_decorator.py
[2025-04-08T12:06:24.120+0000] {processor.py:914} INFO - Processing file /home/airflow/.local/lib/python3.12/site-packages/airflow/example_dags/example_bash_decorator.py for tasks to queue
[2025-04-08T12:06:24.122+0000] {logging_mixin.py:190} INFO - [2025-04-08T12:06:24.121+0000] {dagbag.py:588} INFO - Filling up the DagBag from /home/airflow/.local/lib/python3.12/site-packages/airflow/example_dags/example_bash_decorator.py
[2025-04-08T12:06:24.152+0000] {processor.py:925} INFO - DAG(s) 'example_bash_decorator' retrieved from /home/airflow/.local/lib/python3.12/site-packages/airflow/example_dags/example_bash_decorator.py
[2025-04-08T12:06:24.192+0000] {logging_mixin.py:190} INFO - [2025-04-08T12:06:24.192+0000] {dag.py:3239} INFO - Sync 1 DAGs
[2025-04-08T12:06:24.216+0000] {logging_mixin.py:190} INFO - [2025-04-08T12:06:24.216+0000] {dag.py:4180} INFO - Setting next_dagrun for example_bash_decorator to None, run_after=None
[2025-04-08T12:06:24.249+0000] {processor.py:208} INFO - Processing /home/airflow/.local/lib/python3.12/site-packages/airflow/example_dags/example_bash_decorator.py took 0.140 seconds
[2025-04-08T12:06:55.006+0000] {processor.py:186} INFO - Started process (PID=74620) to work on /home/airflow/.local/lib/python3.12/site-packages/airflow/example_dags/example_bash_decorator.py
[2025-04-08T12:06:55.008+0000] {processor.py:914} INFO - Processing file /home/airflow/.local/lib/python3.12/site-packages/airflow/example_dags/example_bash_decorator.py for tasks to queue
[2025-04-08T12:06:55.012+0000] {logging_mixin.py:190} INFO - [2025-04-08T12:06:55.011+0000] {dagbag.py:588} INFO - Filling up the DagBag from /home/airflow/.local/lib/python3.12/site-packages/airflow/example_dags/example_bash_decorator.py
[2025-04-08T12:06:55.044+0000] {processor.py:925} INFO - DAG(s) 'example_bash_decorator' retrieved from /home/airflow/.local/lib/python3.12/site-packages/airflow/example_dags/example_bash_decorator.py
[2025-04-08T12:06:55.090+0000] {logging_mixin.py:190} INFO - [2025-04-08T12:06:55.089+0000] {dag.py:3239} INFO - Sync 1 DAGs
[2025-04-08T12:06:55.126+0000] {logging_mixin.py:190} INFO - [2025-04-08T12:06:55.126+0000] {dag.py:4180} INFO - Setting next_dagrun for example_bash_decorator to None, run_after=None
[2025-04-08T12:06:55.183+0000] {processor.py:208} INFO - Processing /home/airflow/.local/lib/python3.12/site-packages/airflow/example_dags/example_bash_decorator.py took 0.189 seconds
[2025-04-08T12:07:25.652+0000] {processor.py:186} INFO - Started process (PID=74684) to work on /home/airflow/.local/lib/python3.12/site-packages/airflow/example_dags/example_bash_decorator.py
[2025-04-08T12:07:25.654+0000] {processor.py:914} INFO - Processing file /home/airflow/.local/lib/python3.12/site-packages/airflow/example_dags/example_bash_decorator.py for tasks to queue
[2025-04-08T12:07:25.656+0000] {logging_mixin.py:190} INFO - [2025-04-08T12:07:25.656+0000] {dagbag.py:588} INFO - Filling up the DagBag from /home/airflow/.local/lib/python3.12/site-packages/airflow/example_dags/example_bash_decorator.py
[2025-04-08T12:07:25.685+0000] {processor.py:925} INFO - DAG(s) 'example_bash_decorator' retrieved from /home/airflow/.local/lib/python3.12/site-packages/airflow/example_dags/example_bash_decorator.py
[2025-04-08T12:07:25.724+0000] {logging_mixin.py:190} INFO - [2025-04-08T12:07:25.724+0000] {dag.py:3239} INFO - Sync 1 DAGs
[2025-04-08T12:07:25.748+0000] {logging_mixin.py:190} INFO - [2025-04-08T12:07:25.748+0000] {dag.py:4180} INFO - Setting next_dagrun for example_bash_decorator to None, run_after=None
[2025-04-08T12:07:25.797+0000] {processor.py:208} INFO - Processing /home/airflow/.local/lib/python3.12/site-packages/airflow/example_dags/example_bash_decorator.py took 0.155 seconds
[2025-04-08T12:07:56.515+0000] {processor.py:186} INFO - Started process (PID=74749) to work on /home/airflow/.local/lib/python3.12/site-packages/airflow/example_dags/example_bash_decorator.py
[2025-04-08T12:07:56.517+0000] {processor.py:914} INFO - Processing file /home/airflow/.local/lib/python3.12/site-packages/airflow/example_dags/example_bash_decorator.py for tasks to queue
[2025-04-08T12:07:56.520+0000] {logging_mixin.py:190} INFO - [2025-04-08T12:07:56.519+0000] {dagbag.py:588} INFO - Filling up the DagBag from /home/airflow/.local/lib/python3.12/site-packages/airflow/example_dags/example_bash_decorator.py
[2025-04-08T12:07:56.546+0000] {processor.py:925} INFO - DAG(s) 'example_bash_decorator' retrieved from /home/airflow/.local/lib/python3.12/site-packages/airflow/example_dags/example_bash_decorator.py
[2025-04-08T12:07:56.586+0000] {logging_mixin.py:190} INFO - [2025-04-08T12:07:56.586+0000] {dag.py:3239} INFO - Sync 1 DAGs
[2025-04-08T12:07:56.615+0000] {logging_mixin.py:190} INFO - [2025-04-08T12:07:56.614+0000] {dag.py:4180} INFO - Setting next_dagrun for example_bash_decorator to None, run_after=None
[2025-04-08T12:07:56.656+0000] {processor.py:208} INFO - Processing /home/airflow/.local/lib/python3.12/site-packages/airflow/example_dags/example_bash_decorator.py took 0.151 seconds
[2025-04-08T12:08:27.001+0000] {processor.py:186} INFO - Started process (PID=74814) to work on /home/airflow/.local/lib/python3.12/site-packages/airflow/example_dags/example_bash_decorator.py
[2025-04-08T12:08:27.013+0000] {processor.py:914} INFO - Processing file /home/airflow/.local/lib/python3.12/site-packages/airflow/example_dags/example_bash_decorator.py for tasks to queue
[2025-04-08T12:08:27.017+0000] {logging_mixin.py:190} INFO - [2025-04-08T12:08:27.016+0000] {dagbag.py:588} INFO - Filling up the DagBag from /home/airflow/.local/lib/python3.12/site-packages/airflow/example_dags/example_bash_decorator.py
[2025-04-08T12:08:27.067+0000] {processor.py:925} INFO - DAG(s) 'example_bash_decorator' retrieved from /home/airflow/.local/lib/python3.12/site-packages/airflow/example_dags/example_bash_decorator.py
[2025-04-08T12:08:27.122+0000] {logging_mixin.py:190} INFO - [2025-04-08T12:08:27.121+0000] {dag.py:3239} INFO - Sync 1 DAGs
[2025-04-08T12:08:27.152+0000] {logging_mixin.py:190} INFO - [2025-04-08T12:08:27.152+0000] {dag.py:4180} INFO - Setting next_dagrun for example_bash_decorator to None, run_after=None
[2025-04-08T12:08:27.203+0000] {processor.py:208} INFO - Processing /home/airflow/.local/lib/python3.12/site-packages/airflow/example_dags/example_bash_decorator.py took 0.216 seconds
[2025-04-08T12:08:58.437+0000] {processor.py:186} INFO - Started process (PID=74864) to work on /home/airflow/.local/lib/python3.12/site-packages/airflow/example_dags/example_bash_decorator.py
[2025-04-08T12:08:58.440+0000] {processor.py:914} INFO - Processing file /home/airflow/.local/lib/python3.12/site-packages/airflow/example_dags/example_bash_decorator.py for tasks to queue
[2025-04-08T12:08:58.444+0000] {logging_mixin.py:190} INFO - [2025-04-08T12:08:58.443+0000] {dagbag.py:588} INFO - Filling up the DagBag from /home/airflow/.local/lib/python3.12/site-packages/airflow/example_dags/example_bash_decorator.py
[2025-04-08T12:08:58.475+0000] {processor.py:925} INFO - DAG(s) 'example_bash_decorator' retrieved from /home/airflow/.local/lib/python3.12/site-packages/airflow/example_dags/example_bash_decorator.py
[2025-04-08T12:08:58.534+0000] {logging_mixin.py:190} INFO - [2025-04-08T12:08:58.533+0000] {dag.py:3239} INFO - Sync 1 DAGs
[2025-04-08T12:08:58.579+0000] {logging_mixin.py:190} INFO - [2025-04-08T12:08:58.579+0000] {dag.py:4180} INFO - Setting next_dagrun for example_bash_decorator to None, run_after=None
[2025-04-08T12:08:58.636+0000] {processor.py:208} INFO - Processing /home/airflow/.local/lib/python3.12/site-packages/airflow/example_dags/example_bash_decorator.py took 0.210 seconds
[2025-04-08T12:10:34.399+0000] {processor.py:186} INFO - Started process (PID=74925) to work on /home/airflow/.local/lib/python3.12/site-packages/airflow/example_dags/example_bash_decorator.py
[2025-04-08T12:10:34.402+0000] {processor.py:914} INFO - Processing file /home/airflow/.local/lib/python3.12/site-packages/airflow/example_dags/example_bash_decorator.py for tasks to queue
[2025-04-08T12:10:34.415+0000] {logging_mixin.py:190} INFO - [2025-04-08T12:10:34.405+0000] {dagbag.py:588} INFO - Filling up the DagBag from /home/airflow/.local/lib/python3.12/site-packages/airflow/example_dags/example_bash_decorator.py
[2025-04-08T12:10:34.552+0000] {processor.py:925} INFO - DAG(s) 'example_bash_decorator' retrieved from /home/airflow/.local/lib/python3.12/site-packages/airflow/example_dags/example_bash_decorator.py
[2025-04-08T12:10:34.700+0000] {logging_mixin.py:190} INFO - [2025-04-08T12:10:34.700+0000] {dag.py:3239} INFO - Sync 1 DAGs
[2025-04-08T12:10:34.801+0000] {logging_mixin.py:190} INFO - [2025-04-08T12:10:34.800+0000] {dag.py:4180} INFO - Setting next_dagrun for example_bash_decorator to None, run_after=None
[2025-04-08T12:10:34.932+0000] {processor.py:208} INFO - Processing /home/airflow/.local/lib/python3.12/site-packages/airflow/example_dags/example_bash_decorator.py took 0.567 seconds
