[2025-04-08T12:02:25.264+0000] {processor.py:186} INFO - Started process (PID=74060) to work on /home/airflow/.local/lib/python3.12/site-packages/airflow/example_dags/example_bash_operator.py
[2025-04-08T12:02:25.268+0000] {processor.py:914} INFO - Processing file /home/airflow/.local/lib/python3.12/site-packages/airflow/example_dags/example_bash_operator.py for tasks to queue
[2025-04-08T12:02:25.280+0000] {logging_mixin.py:190} INFO - [2025-04-08T12:02:25.279+0000] {dagbag.py:588} INFO - Filling up the DagBag from /home/airflow/.local/lib/python3.12/site-packages/airflow/example_dags/example_bash_operator.py
[2025-04-08T12:02:25.395+0000] {processor.py:925} INFO - DAG(s) 'example_bash_operator' retrieved from /home/airflow/.local/lib/python3.12/site-packages/airflow/example_dags/example_bash_operator.py
[2025-04-08T12:02:25.587+0000] {logging_mixin.py:190} INFO - [2025-04-08T12:02:25.586+0000] {dag.py:3239} INFO - Sync 1 DAGs
[2025-04-08T12:02:25.761+0000] {logging_mixin.py:190} INFO - [2025-04-08T12:02:25.760+0000] {dag.py:4180} INFO - Setting next_dagrun for example_bash_operator to 2025-04-07 00:00:00+00:00, run_after=2025-04-08 00:00:00+00:00
[2025-04-08T12:02:25.922+0000] {processor.py:208} INFO - Processing /home/airflow/.local/lib/python3.12/site-packages/airflow/example_dags/example_bash_operator.py took 0.683 seconds
[2025-04-08T12:02:56.750+0000] {processor.py:186} INFO - Started process (PID=74124) to work on /home/airflow/.local/lib/python3.12/site-packages/airflow/example_dags/example_bash_operator.py
[2025-04-08T12:02:56.761+0000] {processor.py:914} INFO - Processing file /home/airflow/.local/lib/python3.12/site-packages/airflow/example_dags/example_bash_operator.py for tasks to queue
[2025-04-08T12:02:56.765+0000] {logging_mixin.py:190} INFO - [2025-04-08T12:02:56.764+0000] {dagbag.py:588} INFO - Filling up the DagBag from /home/airflow/.local/lib/python3.12/site-packages/airflow/example_dags/example_bash_operator.py
[2025-04-08T12:02:56.874+0000] {processor.py:925} INFO - DAG(s) 'example_bash_operator' retrieved from /home/airflow/.local/lib/python3.12/site-packages/airflow/example_dags/example_bash_operator.py
[2025-04-08T12:02:57.071+0000] {logging_mixin.py:190} INFO - [2025-04-08T12:02:57.070+0000] {dag.py:3239} INFO - Sync 1 DAGs
[2025-04-08T12:02:57.259+0000] {logging_mixin.py:190} INFO - [2025-04-08T12:02:57.258+0000] {dag.py:4180} INFO - Setting next_dagrun for example_bash_operator to 2025-04-07 00:00:00+00:00, run_after=2025-04-08 00:00:00+00:00
[2025-04-08T12:02:57.387+0000] {processor.py:208} INFO - Processing /home/airflow/.local/lib/python3.12/site-packages/airflow/example_dags/example_bash_operator.py took 0.661 seconds
[2025-04-08T12:03:30.886+0000] {processor.py:186} INFO - Started process (PID=74189) to work on /home/airflow/.local/lib/python3.12/site-packages/airflow/example_dags/example_bash_operator.py
[2025-04-08T12:03:30.895+0000] {processor.py:914} INFO - Processing file /home/airflow/.local/lib/python3.12/site-packages/airflow/example_dags/example_bash_operator.py for tasks to queue
[2025-04-08T12:03:30.902+0000] {logging_mixin.py:190} INFO - [2025-04-08T12:03:30.899+0000] {dagbag.py:588} INFO - Filling up the DagBag from /home/airflow/.local/lib/python3.12/site-packages/airflow/example_dags/example_bash_operator.py
[2025-04-08T12:03:30.983+0000] {processor.py:925} INFO - DAG(s) 'example_bash_operator' retrieved from /home/airflow/.local/lib/python3.12/site-packages/airflow/example_dags/example_bash_operator.py
[2025-04-08T12:03:31.182+0000] {logging_mixin.py:190} INFO - [2025-04-08T12:03:31.172+0000] {dag.py:3239} INFO - Sync 1 DAGs
[2025-04-08T12:03:31.376+0000] {logging_mixin.py:190} INFO - [2025-04-08T12:03:31.376+0000] {dag.py:4180} INFO - Setting next_dagrun for example_bash_operator to 2025-04-07 00:00:00+00:00, run_after=2025-04-08 00:00:00+00:00
[2025-04-08T12:03:31.525+0000] {processor.py:208} INFO - Processing /home/airflow/.local/lib/python3.12/site-packages/airflow/example_dags/example_bash_operator.py took 0.671 seconds
[2025-04-08T12:04:02.428+0000] {processor.py:186} INFO - Started process (PID=74254) to work on /home/airflow/.local/lib/python3.12/site-packages/airflow/example_dags/example_bash_operator.py
[2025-04-08T12:04:02.432+0000] {processor.py:914} INFO - Processing file /home/airflow/.local/lib/python3.12/site-packages/airflow/example_dags/example_bash_operator.py for tasks to queue
[2025-04-08T12:04:02.436+0000] {logging_mixin.py:190} INFO - [2025-04-08T12:04:02.435+0000] {dagbag.py:588} INFO - Filling up the DagBag from /home/airflow/.local/lib/python3.12/site-packages/airflow/example_dags/example_bash_operator.py
[2025-04-08T12:04:02.501+0000] {processor.py:925} INFO - DAG(s) 'example_bash_operator' retrieved from /home/airflow/.local/lib/python3.12/site-packages/airflow/example_dags/example_bash_operator.py
[2025-04-08T12:04:02.585+0000] {logging_mixin.py:190} INFO - [2025-04-08T12:04:02.584+0000] {dag.py:3239} INFO - Sync 1 DAGs
[2025-04-08T12:04:02.720+0000] {logging_mixin.py:190} INFO - [2025-04-08T12:04:02.719+0000] {dag.py:4180} INFO - Setting next_dagrun for example_bash_operator to 2025-04-07 00:00:00+00:00, run_after=2025-04-08 00:00:00+00:00
[2025-04-08T12:04:02.843+0000] {processor.py:208} INFO - Processing /home/airflow/.local/lib/python3.12/site-packages/airflow/example_dags/example_bash_operator.py took 0.433 seconds
[2025-04-08T12:04:33.504+0000] {processor.py:186} INFO - Started process (PID=74319) to work on /home/airflow/.local/lib/python3.12/site-packages/airflow/example_dags/example_bash_operator.py
[2025-04-08T12:04:33.506+0000] {processor.py:914} INFO - Processing file /home/airflow/.local/lib/python3.12/site-packages/airflow/example_dags/example_bash_operator.py for tasks to queue
[2025-04-08T12:04:33.508+0000] {logging_mixin.py:190} INFO - [2025-04-08T12:04:33.508+0000] {dagbag.py:588} INFO - Filling up the DagBag from /home/airflow/.local/lib/python3.12/site-packages/airflow/example_dags/example_bash_operator.py
[2025-04-08T12:04:33.537+0000] {processor.py:925} INFO - DAG(s) 'example_bash_operator' retrieved from /home/airflow/.local/lib/python3.12/site-packages/airflow/example_dags/example_bash_operator.py
[2025-04-08T12:04:33.592+0000] {logging_mixin.py:190} INFO - [2025-04-08T12:04:33.592+0000] {dag.py:3239} INFO - Sync 1 DAGs
[2025-04-08T12:04:33.638+0000] {logging_mixin.py:190} INFO - [2025-04-08T12:04:33.637+0000] {dag.py:4180} INFO - Setting next_dagrun for example_bash_operator to 2025-04-07 00:00:00+00:00, run_after=2025-04-08 00:00:00+00:00
[2025-04-08T12:04:33.679+0000] {processor.py:208} INFO - Processing /home/airflow/.local/lib/python3.12/site-packages/airflow/example_dags/example_bash_operator.py took 0.185 seconds
[2025-04-08T12:05:03.942+0000] {processor.py:186} INFO - Started process (PID=74384) to work on /home/airflow/.local/lib/python3.12/site-packages/airflow/example_dags/example_bash_operator.py
[2025-04-08T12:05:03.943+0000] {processor.py:914} INFO - Processing file /home/airflow/.local/lib/python3.12/site-packages/airflow/example_dags/example_bash_operator.py for tasks to queue
[2025-04-08T12:05:03.946+0000] {logging_mixin.py:190} INFO - [2025-04-08T12:05:03.946+0000] {dagbag.py:588} INFO - Filling up the DagBag from /home/airflow/.local/lib/python3.12/site-packages/airflow/example_dags/example_bash_operator.py
[2025-04-08T12:05:03.970+0000] {processor.py:925} INFO - DAG(s) 'example_bash_operator' retrieved from /home/airflow/.local/lib/python3.12/site-packages/airflow/example_dags/example_bash_operator.py
[2025-04-08T12:05:04.020+0000] {logging_mixin.py:190} INFO - [2025-04-08T12:05:04.020+0000] {dag.py:3239} INFO - Sync 1 DAGs
[2025-04-08T12:05:04.071+0000] {logging_mixin.py:190} INFO - [2025-04-08T12:05:04.070+0000] {dag.py:4180} INFO - Setting next_dagrun for example_bash_operator to 2025-04-07 00:00:00+00:00, run_after=2025-04-08 00:00:00+00:00
[2025-04-08T12:05:04.117+0000] {processor.py:208} INFO - Processing /home/airflow/.local/lib/python3.12/site-packages/airflow/example_dags/example_bash_operator.py took 0.186 seconds
[2025-04-08T12:05:34.969+0000] {processor.py:186} INFO - Started process (PID=74449) to work on /home/airflow/.local/lib/python3.12/site-packages/airflow/example_dags/example_bash_operator.py
[2025-04-08T12:05:34.971+0000] {processor.py:914} INFO - Processing file /home/airflow/.local/lib/python3.12/site-packages/airflow/example_dags/example_bash_operator.py for tasks to queue
[2025-04-08T12:05:34.974+0000] {logging_mixin.py:190} INFO - [2025-04-08T12:05:34.973+0000] {dagbag.py:588} INFO - Filling up the DagBag from /home/airflow/.local/lib/python3.12/site-packages/airflow/example_dags/example_bash_operator.py
[2025-04-08T12:05:35.000+0000] {processor.py:925} INFO - DAG(s) 'example_bash_operator' retrieved from /home/airflow/.local/lib/python3.12/site-packages/airflow/example_dags/example_bash_operator.py
[2025-04-08T12:05:35.047+0000] {logging_mixin.py:190} INFO - [2025-04-08T12:05:35.047+0000] {dag.py:3239} INFO - Sync 1 DAGs
[2025-04-08T12:05:35.091+0000] {logging_mixin.py:190} INFO - [2025-04-08T12:05:35.091+0000] {dag.py:4180} INFO - Setting next_dagrun for example_bash_operator to 2025-04-07 00:00:00+00:00, run_after=2025-04-08 00:00:00+00:00
[2025-04-08T12:05:35.128+0000] {processor.py:208} INFO - Processing /home/airflow/.local/lib/python3.12/site-packages/airflow/example_dags/example_bash_operator.py took 0.167 seconds
[2025-04-08T12:06:05.199+0000] {processor.py:186} INFO - Started process (PID=74513) to work on /home/airflow/.local/lib/python3.12/site-packages/airflow/example_dags/example_bash_operator.py
[2025-04-08T12:06:05.201+0000] {processor.py:914} INFO - Processing file /home/airflow/.local/lib/python3.12/site-packages/airflow/example_dags/example_bash_operator.py for tasks to queue
[2025-04-08T12:06:05.204+0000] {logging_mixin.py:190} INFO - [2025-04-08T12:06:05.203+0000] {dagbag.py:588} INFO - Filling up the DagBag from /home/airflow/.local/lib/python3.12/site-packages/airflow/example_dags/example_bash_operator.py
[2025-04-08T12:06:05.227+0000] {processor.py:925} INFO - DAG(s) 'example_bash_operator' retrieved from /home/airflow/.local/lib/python3.12/site-packages/airflow/example_dags/example_bash_operator.py
[2025-04-08T12:06:05.270+0000] {logging_mixin.py:190} INFO - [2025-04-08T12:06:05.270+0000] {dag.py:3239} INFO - Sync 1 DAGs
[2025-04-08T12:06:05.309+0000] {logging_mixin.py:190} INFO - [2025-04-08T12:06:05.309+0000] {dag.py:4180} INFO - Setting next_dagrun for example_bash_operator to 2025-04-07 00:00:00+00:00, run_after=2025-04-08 00:00:00+00:00
[2025-04-08T12:06:05.354+0000] {processor.py:208} INFO - Processing /home/airflow/.local/lib/python3.12/site-packages/airflow/example_dags/example_bash_operator.py took 0.166 seconds
[2025-04-08T12:06:35.884+0000] {processor.py:186} INFO - Started process (PID=74578) to work on /home/airflow/.local/lib/python3.12/site-packages/airflow/example_dags/example_bash_operator.py
[2025-04-08T12:06:35.885+0000] {processor.py:914} INFO - Processing file /home/airflow/.local/lib/python3.12/site-packages/airflow/example_dags/example_bash_operator.py for tasks to queue
[2025-04-08T12:06:35.887+0000] {logging_mixin.py:190} INFO - [2025-04-08T12:06:35.887+0000] {dagbag.py:588} INFO - Filling up the DagBag from /home/airflow/.local/lib/python3.12/site-packages/airflow/example_dags/example_bash_operator.py
[2025-04-08T12:06:35.911+0000] {processor.py:925} INFO - DAG(s) 'example_bash_operator' retrieved from /home/airflow/.local/lib/python3.12/site-packages/airflow/example_dags/example_bash_operator.py
[2025-04-08T12:06:35.958+0000] {logging_mixin.py:190} INFO - [2025-04-08T12:06:35.957+0000] {dag.py:3239} INFO - Sync 1 DAGs
[2025-04-08T12:06:35.998+0000] {logging_mixin.py:190} INFO - [2025-04-08T12:06:35.998+0000] {dag.py:4180} INFO - Setting next_dagrun for example_bash_operator to 2025-04-07 00:00:00+00:00, run_after=2025-04-08 00:00:00+00:00
[2025-04-08T12:06:36.031+0000] {processor.py:208} INFO - Processing /home/airflow/.local/lib/python3.12/site-packages/airflow/example_dags/example_bash_operator.py took 0.157 seconds
[2025-04-08T12:07:07.060+0000] {processor.py:186} INFO - Started process (PID=74644) to work on /home/airflow/.local/lib/python3.12/site-packages/airflow/example_dags/example_bash_operator.py
[2025-04-08T12:07:07.061+0000] {processor.py:914} INFO - Processing file /home/airflow/.local/lib/python3.12/site-packages/airflow/example_dags/example_bash_operator.py for tasks to queue
[2025-04-08T12:07:07.064+0000] {logging_mixin.py:190} INFO - [2025-04-08T12:07:07.063+0000] {dagbag.py:588} INFO - Filling up the DagBag from /home/airflow/.local/lib/python3.12/site-packages/airflow/example_dags/example_bash_operator.py
[2025-04-08T12:07:07.088+0000] {processor.py:925} INFO - DAG(s) 'example_bash_operator' retrieved from /home/airflow/.local/lib/python3.12/site-packages/airflow/example_dags/example_bash_operator.py
[2025-04-08T12:07:07.139+0000] {logging_mixin.py:190} INFO - [2025-04-08T12:07:07.138+0000] {dag.py:3239} INFO - Sync 1 DAGs
[2025-04-08T12:07:07.181+0000] {logging_mixin.py:190} INFO - [2025-04-08T12:07:07.181+0000] {dag.py:4180} INFO - Setting next_dagrun for example_bash_operator to 2025-04-07 00:00:00+00:00, run_after=2025-04-08 00:00:00+00:00
[2025-04-08T12:07:07.217+0000] {processor.py:208} INFO - Processing /home/airflow/.local/lib/python3.12/site-packages/airflow/example_dags/example_bash_operator.py took 0.167 seconds
[2025-04-08T12:07:37.482+0000] {processor.py:186} INFO - Started process (PID=74709) to work on /home/airflow/.local/lib/python3.12/site-packages/airflow/example_dags/example_bash_operator.py
[2025-04-08T12:07:37.484+0000] {processor.py:914} INFO - Processing file /home/airflow/.local/lib/python3.12/site-packages/airflow/example_dags/example_bash_operator.py for tasks to queue
[2025-04-08T12:07:37.488+0000] {logging_mixin.py:190} INFO - [2025-04-08T12:07:37.487+0000] {dagbag.py:588} INFO - Filling up the DagBag from /home/airflow/.local/lib/python3.12/site-packages/airflow/example_dags/example_bash_operator.py
[2025-04-08T12:07:37.511+0000] {processor.py:925} INFO - DAG(s) 'example_bash_operator' retrieved from /home/airflow/.local/lib/python3.12/site-packages/airflow/example_dags/example_bash_operator.py
[2025-04-08T12:07:37.573+0000] {logging_mixin.py:190} INFO - [2025-04-08T12:07:37.572+0000] {dag.py:3239} INFO - Sync 1 DAGs
[2025-04-08T12:07:37.629+0000] {logging_mixin.py:190} INFO - [2025-04-08T12:07:37.628+0000] {dag.py:4180} INFO - Setting next_dagrun for example_bash_operator to 2025-04-07 00:00:00+00:00, run_after=2025-04-08 00:00:00+00:00
[2025-04-08T12:07:37.672+0000] {processor.py:208} INFO - Processing /home/airflow/.local/lib/python3.12/site-packages/airflow/example_dags/example_bash_operator.py took 0.201 seconds
[2025-04-08T12:08:07.813+0000] {processor.py:186} INFO - Started process (PID=74775) to work on /home/airflow/.local/lib/python3.12/site-packages/airflow/example_dags/example_bash_operator.py
[2025-04-08T12:08:07.815+0000] {processor.py:914} INFO - Processing file /home/airflow/.local/lib/python3.12/site-packages/airflow/example_dags/example_bash_operator.py for tasks to queue
[2025-04-08T12:08:07.819+0000] {logging_mixin.py:190} INFO - [2025-04-08T12:08:07.818+0000] {dagbag.py:588} INFO - Filling up the DagBag from /home/airflow/.local/lib/python3.12/site-packages/airflow/example_dags/example_bash_operator.py
[2025-04-08T12:08:07.849+0000] {processor.py:925} INFO - DAG(s) 'example_bash_operator' retrieved from /home/airflow/.local/lib/python3.12/site-packages/airflow/example_dags/example_bash_operator.py
[2025-04-08T12:08:07.900+0000] {logging_mixin.py:190} INFO - [2025-04-08T12:08:07.899+0000] {dag.py:3239} INFO - Sync 1 DAGs
[2025-04-08T12:08:07.941+0000] {logging_mixin.py:190} INFO - [2025-04-08T12:08:07.941+0000] {dag.py:4180} INFO - Setting next_dagrun for example_bash_operator to 2025-04-07 00:00:00+00:00, run_after=2025-04-08 00:00:00+00:00
[2025-04-08T12:08:07.995+0000] {processor.py:208} INFO - Processing /home/airflow/.local/lib/python3.12/site-packages/airflow/example_dags/example_bash_operator.py took 0.193 seconds
[2025-04-08T12:08:38.250+0000] {processor.py:186} INFO - Started process (PID=74840) to work on /home/airflow/.local/lib/python3.12/site-packages/airflow/example_dags/example_bash_operator.py
[2025-04-08T12:08:38.253+0000] {processor.py:914} INFO - Processing file /home/airflow/.local/lib/python3.12/site-packages/airflow/example_dags/example_bash_operator.py for tasks to queue
[2025-04-08T12:08:38.257+0000] {logging_mixin.py:190} INFO - [2025-04-08T12:08:38.256+0000] {dagbag.py:588} INFO - Filling up the DagBag from /home/airflow/.local/lib/python3.12/site-packages/airflow/example_dags/example_bash_operator.py
[2025-04-08T12:08:38.293+0000] {processor.py:925} INFO - DAG(s) 'example_bash_operator' retrieved from /home/airflow/.local/lib/python3.12/site-packages/airflow/example_dags/example_bash_operator.py
[2025-04-08T12:08:38.369+0000] {logging_mixin.py:190} INFO - [2025-04-08T12:08:38.368+0000] {dag.py:3239} INFO - Sync 1 DAGs
[2025-04-08T12:08:38.477+0000] {logging_mixin.py:190} INFO - [2025-04-08T12:08:38.476+0000] {dag.py:4180} INFO - Setting next_dagrun for example_bash_operator to 2025-04-07 00:00:00+00:00, run_after=2025-04-08 00:00:00+00:00
[2025-04-08T12:08:38.573+0000] {processor.py:208} INFO - Processing /home/airflow/.local/lib/python3.12/site-packages/airflow/example_dags/example_bash_operator.py took 0.336 seconds
[2025-04-08T12:09:09.413+0000] {processor.py:186} INFO - Started process (PID=74905) to work on /home/airflow/.local/lib/python3.12/site-packages/airflow/example_dags/example_bash_operator.py
[2025-04-08T12:09:09.415+0000] {processor.py:914} INFO - Processing file /home/airflow/.local/lib/python3.12/site-packages/airflow/example_dags/example_bash_operator.py for tasks to queue
[2025-04-08T12:09:09.418+0000] {logging_mixin.py:190} INFO - [2025-04-08T12:09:09.417+0000] {dagbag.py:588} INFO - Filling up the DagBag from /home/airflow/.local/lib/python3.12/site-packages/airflow/example_dags/example_bash_operator.py
[2025-04-08T12:09:09.445+0000] {processor.py:925} INFO - DAG(s) 'example_bash_operator' retrieved from /home/airflow/.local/lib/python3.12/site-packages/airflow/example_dags/example_bash_operator.py
[2025-04-08T12:09:09.497+0000] {logging_mixin.py:190} INFO - [2025-04-08T12:09:09.496+0000] {dag.py:3239} INFO - Sync 1 DAGs
[2025-04-08T12:09:09.554+0000] {logging_mixin.py:190} INFO - [2025-04-08T12:09:09.554+0000] {dag.py:4180} INFO - Setting next_dagrun for example_bash_operator to 2025-04-07 00:00:00+00:00, run_after=2025-04-08 00:00:00+00:00
[2025-04-08T12:09:09.594+0000] {processor.py:208} INFO - Processing /home/airflow/.local/lib/python3.12/site-packages/airflow/example_dags/example_bash_operator.py took 0.190 seconds
[2025-04-08T16:49:42.584+0000] {processor.py:186} INFO - Started process (PID=74946) to work on /home/airflow/.local/lib/python3.12/site-packages/airflow/example_dags/example_bash_operator.py
[2025-04-08T16:49:42.837+0000] {processor.py:914} INFO - Processing file /home/airflow/.local/lib/python3.12/site-packages/airflow/example_dags/example_bash_operator.py for tasks to queue
[2025-04-08T16:49:42.936+0000] {logging_mixin.py:190} INFO - [2025-04-08T16:49:42.935+0000] {dagbag.py:588} INFO - Filling up the DagBag from /home/airflow/.local/lib/python3.12/site-packages/airflow/example_dags/example_bash_operator.py
[2025-04-08T16:49:43.106+0000] {processor.py:925} INFO - DAG(s) 'example_bash_operator' retrieved from /home/airflow/.local/lib/python3.12/site-packages/airflow/example_dags/example_bash_operator.py
[2025-04-08T16:49:43.274+0000] {logging_mixin.py:190} INFO - [2025-04-08T16:49:43.274+0000] {dag.py:3239} INFO - Sync 1 DAGs
[2025-04-08T16:49:43.413+0000] {logging_mixin.py:190} INFO - [2025-04-08T16:49:43.412+0000] {dag.py:4180} INFO - Setting next_dagrun for example_bash_operator to 2025-04-07 00:00:00+00:00, run_after=2025-04-08 00:00:00+00:00
[2025-04-08T16:49:44.719+0000] {processor.py:208} INFO - Processing /home/airflow/.local/lib/python3.12/site-packages/airflow/example_dags/example_bash_operator.py took 2.161 seconds
