[2025-04-08T12:02:40.872+0000] {processor.py:186} INFO - Started process (PID=74083) to work on /home/airflow/.local/lib/python3.12/site-packages/airflow/example_dags/example_sensors.py
[2025-04-08T12:02:40.886+0000] {processor.py:914} INFO - Processing file /home/airflow/.local/lib/python3.12/site-packages/airflow/example_dags/example_sensors.py for tasks to queue
[2025-04-08T12:02:40.900+0000] {logging_mixin.py:190} INFO - [2025-04-08T12:02:40.894+0000] {dagbag.py:588} INFO - Filling up the DagBag from /home/airflow/.local/lib/python3.12/site-packages/airflow/example_dags/example_sensors.py
[2025-04-08T12:02:40.986+0000] {processor.py:925} INFO - DAG(s) 'example_sensors' retrieved from /home/airflow/.local/lib/python3.12/site-packages/airflow/example_dags/example_sensors.py
[2025-04-08T12:02:41.165+0000] {logging_mixin.py:190} INFO - [2025-04-08T12:02:41.164+0000] {dag.py:3239} INFO - Sync 1 DAGs
[2025-04-08T12:02:41.281+0000] {logging_mixin.py:190} INFO - [2025-04-08T12:02:41.280+0000] {dag.py:4180} INFO - Setting next_dagrun for example_sensors to None, run_after=None
[2025-04-08T12:02:41.438+0000] {processor.py:208} INFO - Processing /home/airflow/.local/lib/python3.12/site-packages/airflow/example_dags/example_sensors.py took 0.590 seconds
[2025-04-08T12:03:13.849+0000] {processor.py:186} INFO - Started process (PID=74148) to work on /home/airflow/.local/lib/python3.12/site-packages/airflow/example_dags/example_sensors.py
[2025-04-08T12:03:13.861+0000] {processor.py:914} INFO - Processing file /home/airflow/.local/lib/python3.12/site-packages/airflow/example_dags/example_sensors.py for tasks to queue
[2025-04-08T12:03:13.867+0000] {logging_mixin.py:190} INFO - [2025-04-08T12:03:13.866+0000] {dagbag.py:588} INFO - Filling up the DagBag from /home/airflow/.local/lib/python3.12/site-packages/airflow/example_dags/example_sensors.py
[2025-04-08T12:03:13.973+0000] {processor.py:925} INFO - DAG(s) 'example_sensors' retrieved from /home/airflow/.local/lib/python3.12/site-packages/airflow/example_dags/example_sensors.py
[2025-04-08T12:03:14.133+0000] {logging_mixin.py:190} INFO - [2025-04-08T12:03:14.132+0000] {dag.py:3239} INFO - Sync 1 DAGs
[2025-04-08T12:03:14.214+0000] {logging_mixin.py:190} INFO - [2025-04-08T12:03:14.214+0000] {dag.py:4180} INFO - Setting next_dagrun for example_sensors to None, run_after=None
[2025-04-08T12:03:14.345+0000] {processor.py:208} INFO - Processing /home/airflow/.local/lib/python3.12/site-packages/airflow/example_dags/example_sensors.py took 0.531 seconds
[2025-04-08T12:03:44.567+0000] {processor.py:186} INFO - Started process (PID=74212) to work on /home/airflow/.local/lib/python3.12/site-packages/airflow/example_dags/example_sensors.py
[2025-04-08T12:03:44.570+0000] {processor.py:914} INFO - Processing file /home/airflow/.local/lib/python3.12/site-packages/airflow/example_dags/example_sensors.py for tasks to queue
[2025-04-08T12:03:44.572+0000] {logging_mixin.py:190} INFO - [2025-04-08T12:03:44.572+0000] {dagbag.py:588} INFO - Filling up the DagBag from /home/airflow/.local/lib/python3.12/site-packages/airflow/example_dags/example_sensors.py
[2025-04-08T12:03:44.595+0000] {processor.py:925} INFO - DAG(s) 'example_sensors' retrieved from /home/airflow/.local/lib/python3.12/site-packages/airflow/example_dags/example_sensors.py
[2025-04-08T12:03:44.659+0000] {logging_mixin.py:190} INFO - [2025-04-08T12:03:44.658+0000] {dag.py:3239} INFO - Sync 1 DAGs
[2025-04-08T12:03:44.695+0000] {logging_mixin.py:190} INFO - [2025-04-08T12:03:44.695+0000] {dag.py:4180} INFO - Setting next_dagrun for example_sensors to None, run_after=None
[2025-04-08T12:03:44.740+0000] {processor.py:208} INFO - Processing /home/airflow/.local/lib/python3.12/site-packages/airflow/example_dags/example_sensors.py took 0.183 seconds
[2025-04-08T12:04:15.723+0000] {processor.py:186} INFO - Started process (PID=74277) to work on /home/airflow/.local/lib/python3.12/site-packages/airflow/example_dags/example_sensors.py
[2025-04-08T12:04:15.725+0000] {processor.py:914} INFO - Processing file /home/airflow/.local/lib/python3.12/site-packages/airflow/example_dags/example_sensors.py for tasks to queue
[2025-04-08T12:04:15.728+0000] {logging_mixin.py:190} INFO - [2025-04-08T12:04:15.727+0000] {dagbag.py:588} INFO - Filling up the DagBag from /home/airflow/.local/lib/python3.12/site-packages/airflow/example_dags/example_sensors.py
[2025-04-08T12:04:15.751+0000] {processor.py:925} INFO - DAG(s) 'example_sensors' retrieved from /home/airflow/.local/lib/python3.12/site-packages/airflow/example_dags/example_sensors.py
[2025-04-08T12:04:15.799+0000] {logging_mixin.py:190} INFO - [2025-04-08T12:04:15.799+0000] {dag.py:3239} INFO - Sync 1 DAGs
[2025-04-08T12:04:15.827+0000] {logging_mixin.py:190} INFO - [2025-04-08T12:04:15.826+0000] {dag.py:4180} INFO - Setting next_dagrun for example_sensors to None, run_after=None
[2025-04-08T12:04:15.891+0000] {processor.py:208} INFO - Processing /home/airflow/.local/lib/python3.12/site-packages/airflow/example_dags/example_sensors.py took 0.179 seconds
[2025-04-08T12:04:46.515+0000] {processor.py:186} INFO - Started process (PID=74342) to work on /home/airflow/.local/lib/python3.12/site-packages/airflow/example_dags/example_sensors.py
[2025-04-08T12:04:46.517+0000] {processor.py:914} INFO - Processing file /home/airflow/.local/lib/python3.12/site-packages/airflow/example_dags/example_sensors.py for tasks to queue
[2025-04-08T12:04:46.521+0000] {logging_mixin.py:190} INFO - [2025-04-08T12:04:46.520+0000] {dagbag.py:588} INFO - Filling up the DagBag from /home/airflow/.local/lib/python3.12/site-packages/airflow/example_dags/example_sensors.py
[2025-04-08T12:04:46.578+0000] {processor.py:925} INFO - DAG(s) 'example_sensors' retrieved from /home/airflow/.local/lib/python3.12/site-packages/airflow/example_dags/example_sensors.py
[2025-04-08T12:04:46.676+0000] {logging_mixin.py:190} INFO - [2025-04-08T12:04:46.676+0000] {dag.py:3239} INFO - Sync 1 DAGs
[2025-04-08T12:04:46.733+0000] {logging_mixin.py:190} INFO - [2025-04-08T12:04:46.731+0000] {dag.py:4180} INFO - Setting next_dagrun for example_sensors to None, run_after=None
[2025-04-08T12:04:46.793+0000] {processor.py:208} INFO - Processing /home/airflow/.local/lib/python3.12/site-packages/airflow/example_dags/example_sensors.py took 0.294 seconds
[2025-04-08T12:05:17.854+0000] {processor.py:186} INFO - Started process (PID=74407) to work on /home/airflow/.local/lib/python3.12/site-packages/airflow/example_dags/example_sensors.py
[2025-04-08T12:05:17.856+0000] {processor.py:914} INFO - Processing file /home/airflow/.local/lib/python3.12/site-packages/airflow/example_dags/example_sensors.py for tasks to queue
[2025-04-08T12:05:17.859+0000] {logging_mixin.py:190} INFO - [2025-04-08T12:05:17.858+0000] {dagbag.py:588} INFO - Filling up the DagBag from /home/airflow/.local/lib/python3.12/site-packages/airflow/example_dags/example_sensors.py
[2025-04-08T12:05:17.884+0000] {processor.py:925} INFO - DAG(s) 'example_sensors' retrieved from /home/airflow/.local/lib/python3.12/site-packages/airflow/example_dags/example_sensors.py
[2025-04-08T12:05:17.942+0000] {logging_mixin.py:190} INFO - [2025-04-08T12:05:17.942+0000] {dag.py:3239} INFO - Sync 1 DAGs
[2025-04-08T12:05:17.982+0000] {logging_mixin.py:190} INFO - [2025-04-08T12:05:17.982+0000] {dag.py:4180} INFO - Setting next_dagrun for example_sensors to None, run_after=None
[2025-04-08T12:05:18.033+0000] {processor.py:208} INFO - Processing /home/airflow/.local/lib/python3.12/site-packages/airflow/example_dags/example_sensors.py took 0.191 seconds
[2025-04-08T12:05:48.779+0000] {processor.py:186} INFO - Started process (PID=74471) to work on /home/airflow/.local/lib/python3.12/site-packages/airflow/example_dags/example_sensors.py
[2025-04-08T12:05:48.781+0000] {processor.py:914} INFO - Processing file /home/airflow/.local/lib/python3.12/site-packages/airflow/example_dags/example_sensors.py for tasks to queue
[2025-04-08T12:05:48.783+0000] {logging_mixin.py:190} INFO - [2025-04-08T12:05:48.783+0000] {dagbag.py:588} INFO - Filling up the DagBag from /home/airflow/.local/lib/python3.12/site-packages/airflow/example_dags/example_sensors.py
[2025-04-08T12:05:48.805+0000] {processor.py:925} INFO - DAG(s) 'example_sensors' retrieved from /home/airflow/.local/lib/python3.12/site-packages/airflow/example_dags/example_sensors.py
[2025-04-08T12:05:48.857+0000] {logging_mixin.py:190} INFO - [2025-04-08T12:05:48.856+0000] {dag.py:3239} INFO - Sync 1 DAGs
[2025-04-08T12:05:48.897+0000] {logging_mixin.py:190} INFO - [2025-04-08T12:05:48.896+0000] {dag.py:4180} INFO - Setting next_dagrun for example_sensors to None, run_after=None
[2025-04-08T12:05:48.944+0000] {processor.py:208} INFO - Processing /home/airflow/.local/lib/python3.12/site-packages/airflow/example_dags/example_sensors.py took 0.176 seconds
[2025-04-08T12:06:19.677+0000] {processor.py:186} INFO - Started process (PID=74536) to work on /home/airflow/.local/lib/python3.12/site-packages/airflow/example_dags/example_sensors.py
[2025-04-08T12:06:19.679+0000] {processor.py:914} INFO - Processing file /home/airflow/.local/lib/python3.12/site-packages/airflow/example_dags/example_sensors.py for tasks to queue
[2025-04-08T12:06:19.682+0000] {logging_mixin.py:190} INFO - [2025-04-08T12:06:19.681+0000] {dagbag.py:588} INFO - Filling up the DagBag from /home/airflow/.local/lib/python3.12/site-packages/airflow/example_dags/example_sensors.py
[2025-04-08T12:06:19.701+0000] {processor.py:925} INFO - DAG(s) 'example_sensors' retrieved from /home/airflow/.local/lib/python3.12/site-packages/airflow/example_dags/example_sensors.py
[2025-04-08T12:06:19.747+0000] {logging_mixin.py:190} INFO - [2025-04-08T12:06:19.747+0000] {dag.py:3239} INFO - Sync 1 DAGs
[2025-04-08T12:06:19.778+0000] {logging_mixin.py:190} INFO - [2025-04-08T12:06:19.777+0000] {dag.py:4180} INFO - Setting next_dagrun for example_sensors to None, run_after=None
[2025-04-08T12:06:19.829+0000] {processor.py:208} INFO - Processing /home/airflow/.local/lib/python3.12/site-packages/airflow/example_dags/example_sensors.py took 0.161 seconds
[2025-04-08T12:06:50.925+0000] {processor.py:186} INFO - Started process (PID=74601) to work on /home/airflow/.local/lib/python3.12/site-packages/airflow/example_dags/example_sensors.py
[2025-04-08T12:06:50.927+0000] {processor.py:914} INFO - Processing file /home/airflow/.local/lib/python3.12/site-packages/airflow/example_dags/example_sensors.py for tasks to queue
[2025-04-08T12:06:50.929+0000] {logging_mixin.py:190} INFO - [2025-04-08T12:06:50.929+0000] {dagbag.py:588} INFO - Filling up the DagBag from /home/airflow/.local/lib/python3.12/site-packages/airflow/example_dags/example_sensors.py
[2025-04-08T12:06:50.974+0000] {processor.py:925} INFO - DAG(s) 'example_sensors' retrieved from /home/airflow/.local/lib/python3.12/site-packages/airflow/example_dags/example_sensors.py
[2025-04-08T12:06:51.021+0000] {logging_mixin.py:190} INFO - [2025-04-08T12:06:51.021+0000] {dag.py:3239} INFO - Sync 1 DAGs
[2025-04-08T12:06:51.048+0000] {logging_mixin.py:190} INFO - [2025-04-08T12:06:51.047+0000] {dag.py:4180} INFO - Setting next_dagrun for example_sensors to None, run_after=None
[2025-04-08T12:06:51.086+0000] {processor.py:208} INFO - Processing /home/airflow/.local/lib/python3.12/site-packages/airflow/example_dags/example_sensors.py took 0.177 seconds
[2025-04-08T12:07:22.310+0000] {processor.py:186} INFO - Started process (PID=74667) to work on /home/airflow/.local/lib/python3.12/site-packages/airflow/example_dags/example_sensors.py
[2025-04-08T12:07:22.312+0000] {processor.py:914} INFO - Processing file /home/airflow/.local/lib/python3.12/site-packages/airflow/example_dags/example_sensors.py for tasks to queue
[2025-04-08T12:07:22.316+0000] {logging_mixin.py:190} INFO - [2025-04-08T12:07:22.314+0000] {dagbag.py:588} INFO - Filling up the DagBag from /home/airflow/.local/lib/python3.12/site-packages/airflow/example_dags/example_sensors.py
[2025-04-08T12:07:22.345+0000] {processor.py:925} INFO - DAG(s) 'example_sensors' retrieved from /home/airflow/.local/lib/python3.12/site-packages/airflow/example_dags/example_sensors.py
[2025-04-08T12:07:22.401+0000] {logging_mixin.py:190} INFO - [2025-04-08T12:07:22.400+0000] {dag.py:3239} INFO - Sync 1 DAGs
[2025-04-08T12:07:22.431+0000] {logging_mixin.py:190} INFO - [2025-04-08T12:07:22.430+0000] {dag.py:4180} INFO - Setting next_dagrun for example_sensors to None, run_after=None
[2025-04-08T12:07:22.473+0000] {processor.py:208} INFO - Processing /home/airflow/.local/lib/python3.12/site-packages/airflow/example_dags/example_sensors.py took 0.175 seconds
[2025-04-08T12:07:54.293+0000] {processor.py:186} INFO - Started process (PID=74739) to work on /home/airflow/.local/lib/python3.12/site-packages/airflow/example_dags/example_sensors.py
[2025-04-08T12:07:54.295+0000] {processor.py:914} INFO - Processing file /home/airflow/.local/lib/python3.12/site-packages/airflow/example_dags/example_sensors.py for tasks to queue
[2025-04-08T12:07:54.297+0000] {logging_mixin.py:190} INFO - [2025-04-08T12:07:54.297+0000] {dagbag.py:588} INFO - Filling up the DagBag from /home/airflow/.local/lib/python3.12/site-packages/airflow/example_dags/example_sensors.py
[2025-04-08T12:07:54.317+0000] {processor.py:925} INFO - DAG(s) 'example_sensors' retrieved from /home/airflow/.local/lib/python3.12/site-packages/airflow/example_dags/example_sensors.py
[2025-04-08T12:07:54.361+0000] {logging_mixin.py:190} INFO - [2025-04-08T12:07:54.360+0000] {dag.py:3239} INFO - Sync 1 DAGs
[2025-04-08T12:07:54.383+0000] {logging_mixin.py:190} INFO - [2025-04-08T12:07:54.383+0000] {dag.py:4180} INFO - Setting next_dagrun for example_sensors to None, run_after=None
[2025-04-08T12:07:54.455+0000] {processor.py:208} INFO - Processing /home/airflow/.local/lib/python3.12/site-packages/airflow/example_dags/example_sensors.py took 0.171 seconds
[2025-04-08T12:08:25.769+0000] {processor.py:186} INFO - Started process (PID=74804) to work on /home/airflow/.local/lib/python3.12/site-packages/airflow/example_dags/example_sensors.py
[2025-04-08T12:08:25.772+0000] {processor.py:914} INFO - Processing file /home/airflow/.local/lib/python3.12/site-packages/airflow/example_dags/example_sensors.py for tasks to queue
[2025-04-08T12:08:25.776+0000] {logging_mixin.py:190} INFO - [2025-04-08T12:08:25.775+0000] {dagbag.py:588} INFO - Filling up the DagBag from /home/airflow/.local/lib/python3.12/site-packages/airflow/example_dags/example_sensors.py
[2025-04-08T12:08:25.804+0000] {processor.py:925} INFO - DAG(s) 'example_sensors' retrieved from /home/airflow/.local/lib/python3.12/site-packages/airflow/example_dags/example_sensors.py
[2025-04-08T12:08:25.854+0000] {logging_mixin.py:190} INFO - [2025-04-08T12:08:25.853+0000] {dag.py:3239} INFO - Sync 1 DAGs
[2025-04-08T12:08:25.881+0000] {logging_mixin.py:190} INFO - [2025-04-08T12:08:25.881+0000] {dag.py:4180} INFO - Setting next_dagrun for example_sensors to None, run_after=None
[2025-04-08T12:08:25.925+0000] {processor.py:208} INFO - Processing /home/airflow/.local/lib/python3.12/site-packages/airflow/example_dags/example_sensors.py took 0.167 seconds
[2025-04-08T12:09:00.524+0000] {processor.py:186} INFO - Started process (PID=74873) to work on /home/airflow/.local/lib/python3.12/site-packages/airflow/example_dags/example_sensors.py
[2025-04-08T12:09:00.526+0000] {processor.py:914} INFO - Processing file /home/airflow/.local/lib/python3.12/site-packages/airflow/example_dags/example_sensors.py for tasks to queue
[2025-04-08T12:09:00.529+0000] {logging_mixin.py:190} INFO - [2025-04-08T12:09:00.528+0000] {dagbag.py:588} INFO - Filling up the DagBag from /home/airflow/.local/lib/python3.12/site-packages/airflow/example_dags/example_sensors.py
[2025-04-08T12:09:00.551+0000] {processor.py:925} INFO - DAG(s) 'example_sensors' retrieved from /home/airflow/.local/lib/python3.12/site-packages/airflow/example_dags/example_sensors.py
[2025-04-08T12:09:00.604+0000] {logging_mixin.py:190} INFO - [2025-04-08T12:09:00.603+0000] {dag.py:3239} INFO - Sync 1 DAGs
[2025-04-08T12:09:00.636+0000] {logging_mixin.py:190} INFO - [2025-04-08T12:09:00.635+0000] {dag.py:4180} INFO - Setting next_dagrun for example_sensors to None, run_after=None
[2025-04-08T12:09:00.675+0000] {processor.py:208} INFO - Processing /home/airflow/.local/lib/python3.12/site-packages/airflow/example_dags/example_sensors.py took 0.162 seconds
