[2025-04-08T12:02:32.688+0000] {processor.py:186} INFO - Started process (PID=74070) to work on /home/airflow/.local/lib/python3.12/site-packages/airflow/example_dags/tutorial.py
[2025-04-08T12:02:32.696+0000] {processor.py:914} INFO - Processing file /home/airflow/.local/lib/python3.12/site-packages/airflow/example_dags/tutorial.py for tasks to queue
[2025-04-08T12:02:32.702+0000] {logging_mixin.py:190} INFO - [2025-04-08T12:02:32.702+0000] {dagbag.py:588} INFO - Filling up the DagBag from /home/airflow/.local/lib/python3.12/site-packages/airflow/example_dags/tutorial.py
[2025-04-08T12:02:32.802+0000] {processor.py:925} INFO - DAG(s) 'tutorial' retrieved from /home/airflow/.local/lib/python3.12/site-packages/airflow/example_dags/tutorial.py
[2025-04-08T12:02:32.894+0000] {logging_mixin.py:190} INFO - [2025-04-08T12:02:32.885+0000] {dag.py:3239} INFO - Sync 1 DAGs
[2025-04-08T12:02:33.013+0000] {logging_mixin.py:190} INFO - [2025-04-08T12:02:33.013+0000] {dag.py:4180} INFO - Setting next_dagrun for tutorial to 2025-04-07 00:00:00+00:00, run_after=2025-04-08 00:00:00+00:00
[2025-04-08T12:02:33.110+0000] {processor.py:208} INFO - Processing /home/airflow/.local/lib/python3.12/site-packages/airflow/example_dags/tutorial.py took 0.441 seconds
[2025-04-08T12:03:06.213+0000] {processor.py:186} INFO - Started process (PID=74135) to work on /home/airflow/.local/lib/python3.12/site-packages/airflow/example_dags/tutorial.py
[2025-04-08T12:03:06.216+0000] {processor.py:914} INFO - Processing file /home/airflow/.local/lib/python3.12/site-packages/airflow/example_dags/tutorial.py for tasks to queue
[2025-04-08T12:03:06.233+0000] {logging_mixin.py:190} INFO - [2025-04-08T12:03:06.232+0000] {dagbag.py:588} INFO - Filling up the DagBag from /home/airflow/.local/lib/python3.12/site-packages/airflow/example_dags/tutorial.py
[2025-04-08T12:03:06.294+0000] {processor.py:925} INFO - DAG(s) 'tutorial' retrieved from /home/airflow/.local/lib/python3.12/site-packages/airflow/example_dags/tutorial.py
[2025-04-08T12:03:06.406+0000] {logging_mixin.py:190} INFO - [2025-04-08T12:03:06.396+0000] {dag.py:3239} INFO - Sync 1 DAGs
[2025-04-08T12:03:06.554+0000] {logging_mixin.py:190} INFO - [2025-04-08T12:03:06.553+0000] {dag.py:4180} INFO - Setting next_dagrun for tutorial to 2025-04-07 00:00:00+00:00, run_after=2025-04-08 00:00:00+00:00
[2025-04-08T12:03:06.660+0000] {processor.py:208} INFO - Processing /home/airflow/.local/lib/python3.12/site-packages/airflow/example_dags/tutorial.py took 0.472 seconds
[2025-04-08T12:03:38.397+0000] {processor.py:186} INFO - Started process (PID=74200) to work on /home/airflow/.local/lib/python3.12/site-packages/airflow/example_dags/tutorial.py
[2025-04-08T12:03:38.399+0000] {processor.py:914} INFO - Processing file /home/airflow/.local/lib/python3.12/site-packages/airflow/example_dags/tutorial.py for tasks to queue
[2025-04-08T12:03:38.404+0000] {logging_mixin.py:190} INFO - [2025-04-08T12:03:38.403+0000] {dagbag.py:588} INFO - Filling up the DagBag from /home/airflow/.local/lib/python3.12/site-packages/airflow/example_dags/tutorial.py
[2025-04-08T12:03:38.423+0000] {processor.py:925} INFO - DAG(s) 'tutorial' retrieved from /home/airflow/.local/lib/python3.12/site-packages/airflow/example_dags/tutorial.py
[2025-04-08T12:03:38.475+0000] {logging_mixin.py:190} INFO - [2025-04-08T12:03:38.475+0000] {dag.py:3239} INFO - Sync 1 DAGs
[2025-04-08T12:03:38.526+0000] {logging_mixin.py:190} INFO - [2025-04-08T12:03:38.525+0000] {dag.py:4180} INFO - Setting next_dagrun for tutorial to 2025-04-07 00:00:00+00:00, run_after=2025-04-08 00:00:00+00:00
[2025-04-08T12:03:38.594+0000] {processor.py:208} INFO - Processing /home/airflow/.local/lib/python3.12/site-packages/airflow/example_dags/tutorial.py took 0.208 seconds
[2025-04-08T12:04:09.797+0000] {processor.py:186} INFO - Started process (PID=74265) to work on /home/airflow/.local/lib/python3.12/site-packages/airflow/example_dags/tutorial.py
[2025-04-08T12:04:09.799+0000] {processor.py:914} INFO - Processing file /home/airflow/.local/lib/python3.12/site-packages/airflow/example_dags/tutorial.py for tasks to queue
[2025-04-08T12:04:09.803+0000] {logging_mixin.py:190} INFO - [2025-04-08T12:04:09.802+0000] {dagbag.py:588} INFO - Filling up the DagBag from /home/airflow/.local/lib/python3.12/site-packages/airflow/example_dags/tutorial.py
[2025-04-08T12:04:09.830+0000] {processor.py:925} INFO - DAG(s) 'tutorial' retrieved from /home/airflow/.local/lib/python3.12/site-packages/airflow/example_dags/tutorial.py
[2025-04-08T12:04:09.911+0000] {logging_mixin.py:190} INFO - [2025-04-08T12:04:09.910+0000] {dag.py:3239} INFO - Sync 1 DAGs
[2025-04-08T12:04:10.018+0000] {logging_mixin.py:190} INFO - [2025-04-08T12:04:10.017+0000] {dag.py:4180} INFO - Setting next_dagrun for tutorial to 2025-04-07 00:00:00+00:00, run_after=2025-04-08 00:00:00+00:00
[2025-04-08T12:04:10.098+0000] {processor.py:208} INFO - Processing /home/airflow/.local/lib/python3.12/site-packages/airflow/example_dags/tutorial.py took 0.319 seconds
[2025-04-08T12:04:42.530+0000] {processor.py:186} INFO - Started process (PID=74330) to work on /home/airflow/.local/lib/python3.12/site-packages/airflow/example_dags/tutorial.py
[2025-04-08T12:04:42.533+0000] {processor.py:914} INFO - Processing file /home/airflow/.local/lib/python3.12/site-packages/airflow/example_dags/tutorial.py for tasks to queue
[2025-04-08T12:04:42.538+0000] {logging_mixin.py:190} INFO - [2025-04-08T12:04:42.537+0000] {dagbag.py:588} INFO - Filling up the DagBag from /home/airflow/.local/lib/python3.12/site-packages/airflow/example_dags/tutorial.py
[2025-04-08T12:04:42.563+0000] {processor.py:925} INFO - DAG(s) 'tutorial' retrieved from /home/airflow/.local/lib/python3.12/site-packages/airflow/example_dags/tutorial.py
[2025-04-08T12:04:42.608+0000] {logging_mixin.py:190} INFO - [2025-04-08T12:04:42.608+0000] {dag.py:3239} INFO - Sync 1 DAGs
[2025-04-08T12:04:42.662+0000] {logging_mixin.py:190} INFO - [2025-04-08T12:04:42.661+0000] {dag.py:4180} INFO - Setting next_dagrun for tutorial to 2025-04-07 00:00:00+00:00, run_after=2025-04-08 00:00:00+00:00
[2025-04-08T12:04:42.718+0000] {processor.py:208} INFO - Processing /home/airflow/.local/lib/python3.12/site-packages/airflow/example_dags/tutorial.py took 0.208 seconds
[2025-04-08T12:05:12.977+0000] {processor.py:186} INFO - Started process (PID=74394) to work on /home/airflow/.local/lib/python3.12/site-packages/airflow/example_dags/tutorial.py
[2025-04-08T12:05:12.979+0000] {processor.py:914} INFO - Processing file /home/airflow/.local/lib/python3.12/site-packages/airflow/example_dags/tutorial.py for tasks to queue
[2025-04-08T12:05:12.981+0000] {logging_mixin.py:190} INFO - [2025-04-08T12:05:12.981+0000] {dagbag.py:588} INFO - Filling up the DagBag from /home/airflow/.local/lib/python3.12/site-packages/airflow/example_dags/tutorial.py
[2025-04-08T12:05:12.995+0000] {processor.py:925} INFO - DAG(s) 'tutorial' retrieved from /home/airflow/.local/lib/python3.12/site-packages/airflow/example_dags/tutorial.py
[2025-04-08T12:05:13.030+0000] {logging_mixin.py:190} INFO - [2025-04-08T12:05:13.030+0000] {dag.py:3239} INFO - Sync 1 DAGs
[2025-04-08T12:05:13.077+0000] {logging_mixin.py:190} INFO - [2025-04-08T12:05:13.077+0000] {dag.py:4180} INFO - Setting next_dagrun for tutorial to 2025-04-07 00:00:00+00:00, run_after=2025-04-08 00:00:00+00:00
[2025-04-08T12:05:13.115+0000] {processor.py:208} INFO - Processing /home/airflow/.local/lib/python3.12/site-packages/airflow/example_dags/tutorial.py took 0.146 seconds
[2025-04-08T12:05:43.912+0000] {processor.py:186} INFO - Started process (PID=74458) to work on /home/airflow/.local/lib/python3.12/site-packages/airflow/example_dags/tutorial.py
[2025-04-08T12:05:43.915+0000] {processor.py:914} INFO - Processing file /home/airflow/.local/lib/python3.12/site-packages/airflow/example_dags/tutorial.py for tasks to queue
[2025-04-08T12:05:43.918+0000] {logging_mixin.py:190} INFO - [2025-04-08T12:05:43.917+0000] {dagbag.py:588} INFO - Filling up the DagBag from /home/airflow/.local/lib/python3.12/site-packages/airflow/example_dags/tutorial.py
[2025-04-08T12:05:43.934+0000] {processor.py:925} INFO - DAG(s) 'tutorial' retrieved from /home/airflow/.local/lib/python3.12/site-packages/airflow/example_dags/tutorial.py
[2025-04-08T12:05:43.968+0000] {logging_mixin.py:190} INFO - [2025-04-08T12:05:43.968+0000] {dag.py:3239} INFO - Sync 1 DAGs
[2025-04-08T12:05:44.007+0000] {logging_mixin.py:190} INFO - [2025-04-08T12:05:44.007+0000] {dag.py:4180} INFO - Setting next_dagrun for tutorial to 2025-04-07 00:00:00+00:00, run_after=2025-04-08 00:00:00+00:00
[2025-04-08T12:05:44.046+0000] {processor.py:208} INFO - Processing /home/airflow/.local/lib/python3.12/site-packages/airflow/example_dags/tutorial.py took 0.143 seconds
[2025-04-08T12:06:14.351+0000] {processor.py:186} INFO - Started process (PID=74523) to work on /home/airflow/.local/lib/python3.12/site-packages/airflow/example_dags/tutorial.py
[2025-04-08T12:06:14.353+0000] {processor.py:914} INFO - Processing file /home/airflow/.local/lib/python3.12/site-packages/airflow/example_dags/tutorial.py for tasks to queue
[2025-04-08T12:06:14.356+0000] {logging_mixin.py:190} INFO - [2025-04-08T12:06:14.356+0000] {dagbag.py:588} INFO - Filling up the DagBag from /home/airflow/.local/lib/python3.12/site-packages/airflow/example_dags/tutorial.py
[2025-04-08T12:06:14.369+0000] {processor.py:925} INFO - DAG(s) 'tutorial' retrieved from /home/airflow/.local/lib/python3.12/site-packages/airflow/example_dags/tutorial.py
[2025-04-08T12:06:14.400+0000] {logging_mixin.py:190} INFO - [2025-04-08T12:06:14.400+0000] {dag.py:3239} INFO - Sync 1 DAGs
[2025-04-08T12:06:14.439+0000] {logging_mixin.py:190} INFO - [2025-04-08T12:06:14.438+0000] {dag.py:4180} INFO - Setting next_dagrun for tutorial to 2025-04-07 00:00:00+00:00, run_after=2025-04-08 00:00:00+00:00
[2025-04-08T12:06:14.496+0000] {processor.py:208} INFO - Processing /home/airflow/.local/lib/python3.12/site-packages/airflow/example_dags/tutorial.py took 0.154 seconds
[2025-04-08T12:06:45.013+0000] {processor.py:186} INFO - Started process (PID=74588) to work on /home/airflow/.local/lib/python3.12/site-packages/airflow/example_dags/tutorial.py
[2025-04-08T12:06:45.015+0000] {processor.py:914} INFO - Processing file /home/airflow/.local/lib/python3.12/site-packages/airflow/example_dags/tutorial.py for tasks to queue
[2025-04-08T12:06:45.018+0000] {logging_mixin.py:190} INFO - [2025-04-08T12:06:45.017+0000] {dagbag.py:588} INFO - Filling up the DagBag from /home/airflow/.local/lib/python3.12/site-packages/airflow/example_dags/tutorial.py
[2025-04-08T12:06:45.031+0000] {processor.py:925} INFO - DAG(s) 'tutorial' retrieved from /home/airflow/.local/lib/python3.12/site-packages/airflow/example_dags/tutorial.py
[2025-04-08T12:06:45.066+0000] {logging_mixin.py:190} INFO - [2025-04-08T12:06:45.065+0000] {dag.py:3239} INFO - Sync 1 DAGs
[2025-04-08T12:06:45.103+0000] {logging_mixin.py:190} INFO - [2025-04-08T12:06:45.103+0000] {dag.py:4180} INFO - Setting next_dagrun for tutorial to 2025-04-07 00:00:00+00:00, run_after=2025-04-08 00:00:00+00:00
[2025-04-08T12:06:45.151+0000] {processor.py:208} INFO - Processing /home/airflow/.local/lib/python3.12/site-packages/airflow/example_dags/tutorial.py took 0.147 seconds
[2025-04-08T12:07:15.623+0000] {processor.py:186} INFO - Started process (PID=74654) to work on /home/airflow/.local/lib/python3.12/site-packages/airflow/example_dags/tutorial.py
[2025-04-08T12:07:15.625+0000] {processor.py:914} INFO - Processing file /home/airflow/.local/lib/python3.12/site-packages/airflow/example_dags/tutorial.py for tasks to queue
[2025-04-08T12:07:15.629+0000] {logging_mixin.py:190} INFO - [2025-04-08T12:07:15.628+0000] {dagbag.py:588} INFO - Filling up the DagBag from /home/airflow/.local/lib/python3.12/site-packages/airflow/example_dags/tutorial.py
[2025-04-08T12:07:15.652+0000] {processor.py:925} INFO - DAG(s) 'tutorial' retrieved from /home/airflow/.local/lib/python3.12/site-packages/airflow/example_dags/tutorial.py
[2025-04-08T12:07:15.690+0000] {logging_mixin.py:190} INFO - [2025-04-08T12:07:15.690+0000] {dag.py:3239} INFO - Sync 1 DAGs
[2025-04-08T12:07:15.731+0000] {logging_mixin.py:190} INFO - [2025-04-08T12:07:15.731+0000] {dag.py:4180} INFO - Setting next_dagrun for tutorial to 2025-04-07 00:00:00+00:00, run_after=2025-04-08 00:00:00+00:00
[2025-04-08T12:07:15.766+0000] {processor.py:208} INFO - Processing /home/airflow/.local/lib/python3.12/site-packages/airflow/example_dags/tutorial.py took 0.156 seconds
[2025-04-08T12:07:46.115+0000] {processor.py:186} INFO - Started process (PID=74719) to work on /home/airflow/.local/lib/python3.12/site-packages/airflow/example_dags/tutorial.py
[2025-04-08T12:07:46.117+0000] {processor.py:914} INFO - Processing file /home/airflow/.local/lib/python3.12/site-packages/airflow/example_dags/tutorial.py for tasks to queue
[2025-04-08T12:07:46.120+0000] {logging_mixin.py:190} INFO - [2025-04-08T12:07:46.118+0000] {dagbag.py:588} INFO - Filling up the DagBag from /home/airflow/.local/lib/python3.12/site-packages/airflow/example_dags/tutorial.py
[2025-04-08T12:07:46.136+0000] {processor.py:925} INFO - DAG(s) 'tutorial' retrieved from /home/airflow/.local/lib/python3.12/site-packages/airflow/example_dags/tutorial.py
[2025-04-08T12:07:46.171+0000] {logging_mixin.py:190} INFO - [2025-04-08T12:07:46.171+0000] {dag.py:3239} INFO - Sync 1 DAGs
[2025-04-08T12:07:46.210+0000] {logging_mixin.py:190} INFO - [2025-04-08T12:07:46.210+0000] {dag.py:4180} INFO - Setting next_dagrun for tutorial to 2025-04-07 00:00:00+00:00, run_after=2025-04-08 00:00:00+00:00
[2025-04-08T12:07:46.243+0000] {processor.py:208} INFO - Processing /home/airflow/.local/lib/python3.12/site-packages/airflow/example_dags/tutorial.py took 0.138 seconds
[2025-04-08T12:08:16.492+0000] {processor.py:186} INFO - Started process (PID=74785) to work on /home/airflow/.local/lib/python3.12/site-packages/airflow/example_dags/tutorial.py
[2025-04-08T12:08:16.499+0000] {processor.py:914} INFO - Processing file /home/airflow/.local/lib/python3.12/site-packages/airflow/example_dags/tutorial.py for tasks to queue
[2025-04-08T12:08:16.504+0000] {logging_mixin.py:190} INFO - [2025-04-08T12:08:16.503+0000] {dagbag.py:588} INFO - Filling up the DagBag from /home/airflow/.local/lib/python3.12/site-packages/airflow/example_dags/tutorial.py
[2025-04-08T12:08:16.529+0000] {processor.py:925} INFO - DAG(s) 'tutorial' retrieved from /home/airflow/.local/lib/python3.12/site-packages/airflow/example_dags/tutorial.py
[2025-04-08T12:08:16.596+0000] {logging_mixin.py:190} INFO - [2025-04-08T12:08:16.596+0000] {dag.py:3239} INFO - Sync 1 DAGs
[2025-04-08T12:08:16.688+0000] {logging_mixin.py:190} INFO - [2025-04-08T12:08:16.688+0000] {dag.py:4180} INFO - Setting next_dagrun for tutorial to 2025-04-07 00:00:00+00:00, run_after=2025-04-08 00:00:00+00:00
[2025-04-08T12:08:16.757+0000] {processor.py:208} INFO - Processing /home/airflow/.local/lib/python3.12/site-packages/airflow/example_dags/tutorial.py took 0.298 seconds
[2025-04-08T12:08:47.687+0000] {processor.py:186} INFO - Started process (PID=74850) to work on /home/airflow/.local/lib/python3.12/site-packages/airflow/example_dags/tutorial.py
[2025-04-08T12:08:47.693+0000] {processor.py:914} INFO - Processing file /home/airflow/.local/lib/python3.12/site-packages/airflow/example_dags/tutorial.py for tasks to queue
[2025-04-08T12:08:47.701+0000] {logging_mixin.py:190} INFO - [2025-04-08T12:08:47.699+0000] {dagbag.py:588} INFO - Filling up the DagBag from /home/airflow/.local/lib/python3.12/site-packages/airflow/example_dags/tutorial.py
[2025-04-08T12:08:47.719+0000] {processor.py:925} INFO - DAG(s) 'tutorial' retrieved from /home/airflow/.local/lib/python3.12/site-packages/airflow/example_dags/tutorial.py
[2025-04-08T12:08:47.765+0000] {logging_mixin.py:190} INFO - [2025-04-08T12:08:47.764+0000] {dag.py:3239} INFO - Sync 1 DAGs
[2025-04-08T12:08:47.834+0000] {logging_mixin.py:190} INFO - [2025-04-08T12:08:47.833+0000] {dag.py:4180} INFO - Setting next_dagrun for tutorial to 2025-04-07 00:00:00+00:00, run_after=2025-04-08 00:00:00+00:00
[2025-04-08T12:08:47.878+0000] {processor.py:208} INFO - Processing /home/airflow/.local/lib/python3.12/site-packages/airflow/example_dags/tutorial.py took 0.214 seconds
[2025-04-08T12:09:18.605+0000] {processor.py:186} INFO - Started process (PID=74914) to work on /home/airflow/.local/lib/python3.12/site-packages/airflow/example_dags/tutorial.py
[2025-04-08T12:09:18.607+0000] {processor.py:914} INFO - Processing file /home/airflow/.local/lib/python3.12/site-packages/airflow/example_dags/tutorial.py for tasks to queue
[2025-04-08T12:09:18.610+0000] {logging_mixin.py:190} INFO - [2025-04-08T12:09:18.609+0000] {dagbag.py:588} INFO - Filling up the DagBag from /home/airflow/.local/lib/python3.12/site-packages/airflow/example_dags/tutorial.py
[2025-04-08T12:09:18.627+0000] {processor.py:925} INFO - DAG(s) 'tutorial' retrieved from /home/airflow/.local/lib/python3.12/site-packages/airflow/example_dags/tutorial.py
[2025-04-08T12:09:18.661+0000] {logging_mixin.py:190} INFO - [2025-04-08T12:09:18.661+0000] {dag.py:3239} INFO - Sync 1 DAGs
[2025-04-08T12:09:18.705+0000] {logging_mixin.py:190} INFO - [2025-04-08T12:09:18.704+0000] {dag.py:4180} INFO - Setting next_dagrun for tutorial to 2025-04-07 00:00:00+00:00, run_after=2025-04-08 00:00:00+00:00
[2025-04-08T12:09:18.757+0000] {processor.py:208} INFO - Processing /home/airflow/.local/lib/python3.12/site-packages/airflow/example_dags/tutorial.py took 0.162 seconds
