[2025-04-08T12:02:38.576+0000] {processor.py:186} INFO - Started process (PID=74079) to work on /home/airflow/.local/lib/python3.12/site-packages/airflow/example_dags/tutorial_taskflow_api.py
[2025-04-08T12:02:38.588+0000] {processor.py:914} INFO - Processing file /home/airflow/.local/lib/python3.12/site-packages/airflow/example_dags/tutorial_taskflow_api.py for tasks to queue
[2025-04-08T12:02:38.594+0000] {logging_mixin.py:190} INFO - [2025-04-08T12:02:38.593+0000] {dagbag.py:588} INFO - Filling up the DagBag from /home/airflow/.local/lib/python3.12/site-packages/airflow/example_dags/tutorial_taskflow_api.py
[2025-04-08T12:02:38.656+0000] {processor.py:925} INFO - DAG(s) 'tutorial_taskflow_api' retrieved from /home/airflow/.local/lib/python3.12/site-packages/airflow/example_dags/tutorial_taskflow_api.py
[2025-04-08T12:02:38.757+0000] {logging_mixin.py:190} INFO - [2025-04-08T12:02:38.756+0000] {dag.py:3239} INFO - Sync 1 DAGs
[2025-04-08T12:02:38.849+0000] {logging_mixin.py:190} INFO - [2025-04-08T12:02:38.849+0000] {dag.py:4180} INFO - Setting next_dagrun for tutorial_taskflow_api to None, run_after=None
[2025-04-08T12:02:39.002+0000] {processor.py:208} INFO - Processing /home/airflow/.local/lib/python3.12/site-packages/airflow/example_dags/tutorial_taskflow_api.py took 0.461 seconds
[2025-04-08T12:03:10.833+0000] {processor.py:186} INFO - Started process (PID=74143) to work on /home/airflow/.local/lib/python3.12/site-packages/airflow/example_dags/tutorial_taskflow_api.py
[2025-04-08T12:03:10.847+0000] {processor.py:914} INFO - Processing file /home/airflow/.local/lib/python3.12/site-packages/airflow/example_dags/tutorial_taskflow_api.py for tasks to queue
[2025-04-08T12:03:10.854+0000] {logging_mixin.py:190} INFO - [2025-04-08T12:03:10.853+0000] {dagbag.py:588} INFO - Filling up the DagBag from /home/airflow/.local/lib/python3.12/site-packages/airflow/example_dags/tutorial_taskflow_api.py
[2025-04-08T12:03:10.901+0000] {processor.py:925} INFO - DAG(s) 'tutorial_taskflow_api' retrieved from /home/airflow/.local/lib/python3.12/site-packages/airflow/example_dags/tutorial_taskflow_api.py
[2025-04-08T12:03:11.004+0000] {logging_mixin.py:190} INFO - [2025-04-08T12:03:11.004+0000] {dag.py:3239} INFO - Sync 1 DAGs
[2025-04-08T12:03:11.096+0000] {logging_mixin.py:190} INFO - [2025-04-08T12:03:11.095+0000] {dag.py:4180} INFO - Setting next_dagrun for tutorial_taskflow_api to None, run_after=None
[2025-04-08T12:03:11.198+0000] {processor.py:208} INFO - Processing /home/airflow/.local/lib/python3.12/site-packages/airflow/example_dags/tutorial_taskflow_api.py took 0.394 seconds
[2025-04-08T12:03:41.355+0000] {processor.py:186} INFO - Started process (PID=74207) to work on /home/airflow/.local/lib/python3.12/site-packages/airflow/example_dags/tutorial_taskflow_api.py
[2025-04-08T12:03:41.357+0000] {processor.py:914} INFO - Processing file /home/airflow/.local/lib/python3.12/site-packages/airflow/example_dags/tutorial_taskflow_api.py for tasks to queue
[2025-04-08T12:03:41.360+0000] {logging_mixin.py:190} INFO - [2025-04-08T12:03:41.359+0000] {dagbag.py:588} INFO - Filling up the DagBag from /home/airflow/.local/lib/python3.12/site-packages/airflow/example_dags/tutorial_taskflow_api.py
[2025-04-08T12:03:41.384+0000] {processor.py:925} INFO - DAG(s) 'tutorial_taskflow_api' retrieved from /home/airflow/.local/lib/python3.12/site-packages/airflow/example_dags/tutorial_taskflow_api.py
[2025-04-08T12:03:41.432+0000] {logging_mixin.py:190} INFO - [2025-04-08T12:03:41.431+0000] {dag.py:3239} INFO - Sync 1 DAGs
[2025-04-08T12:03:41.482+0000] {logging_mixin.py:190} INFO - [2025-04-08T12:03:41.482+0000] {dag.py:4180} INFO - Setting next_dagrun for tutorial_taskflow_api to None, run_after=None
[2025-04-08T12:03:41.529+0000] {processor.py:208} INFO - Processing /home/airflow/.local/lib/python3.12/site-packages/airflow/example_dags/tutorial_taskflow_api.py took 0.187 seconds
[2025-04-08T12:04:11.884+0000] {processor.py:186} INFO - Started process (PID=74272) to work on /home/airflow/.local/lib/python3.12/site-packages/airflow/example_dags/tutorial_taskflow_api.py
[2025-04-08T12:04:11.886+0000] {processor.py:914} INFO - Processing file /home/airflow/.local/lib/python3.12/site-packages/airflow/example_dags/tutorial_taskflow_api.py for tasks to queue
[2025-04-08T12:04:11.891+0000] {logging_mixin.py:190} INFO - [2025-04-08T12:04:11.890+0000] {dagbag.py:588} INFO - Filling up the DagBag from /home/airflow/.local/lib/python3.12/site-packages/airflow/example_dags/tutorial_taskflow_api.py
[2025-04-08T12:04:11.913+0000] {processor.py:925} INFO - DAG(s) 'tutorial_taskflow_api' retrieved from /home/airflow/.local/lib/python3.12/site-packages/airflow/example_dags/tutorial_taskflow_api.py
[2025-04-08T12:04:11.957+0000] {logging_mixin.py:190} INFO - [2025-04-08T12:04:11.956+0000] {dag.py:3239} INFO - Sync 1 DAGs
[2025-04-08T12:04:11.993+0000] {logging_mixin.py:190} INFO - [2025-04-08T12:04:11.993+0000] {dag.py:4180} INFO - Setting next_dagrun for tutorial_taskflow_api to None, run_after=None
[2025-04-08T12:04:12.038+0000] {processor.py:208} INFO - Processing /home/airflow/.local/lib/python3.12/site-packages/airflow/example_dags/tutorial_taskflow_api.py took 0.165 seconds
[2025-04-08T12:04:43.706+0000] {processor.py:186} INFO - Started process (PID=74337) to work on /home/airflow/.local/lib/python3.12/site-packages/airflow/example_dags/tutorial_taskflow_api.py
[2025-04-08T12:04:43.709+0000] {processor.py:914} INFO - Processing file /home/airflow/.local/lib/python3.12/site-packages/airflow/example_dags/tutorial_taskflow_api.py for tasks to queue
[2025-04-08T12:04:43.713+0000] {logging_mixin.py:190} INFO - [2025-04-08T12:04:43.712+0000] {dagbag.py:588} INFO - Filling up the DagBag from /home/airflow/.local/lib/python3.12/site-packages/airflow/example_dags/tutorial_taskflow_api.py
[2025-04-08T12:04:43.740+0000] {processor.py:925} INFO - DAG(s) 'tutorial_taskflow_api' retrieved from /home/airflow/.local/lib/python3.12/site-packages/airflow/example_dags/tutorial_taskflow_api.py
[2025-04-08T12:04:43.820+0000] {logging_mixin.py:190} INFO - [2025-04-08T12:04:43.820+0000] {dag.py:3239} INFO - Sync 1 DAGs
[2025-04-08T12:04:43.881+0000] {logging_mixin.py:190} INFO - [2025-04-08T12:04:43.880+0000] {dag.py:4180} INFO - Setting next_dagrun for tutorial_taskflow_api to None, run_after=None
[2025-04-08T12:04:43.943+0000] {processor.py:208} INFO - Processing /home/airflow/.local/lib/python3.12/site-packages/airflow/example_dags/tutorial_taskflow_api.py took 0.253 seconds
[2025-04-08T12:05:15.123+0000] {processor.py:186} INFO - Started process (PID=74402) to work on /home/airflow/.local/lib/python3.12/site-packages/airflow/example_dags/tutorial_taskflow_api.py
[2025-04-08T12:05:15.125+0000] {processor.py:914} INFO - Processing file /home/airflow/.local/lib/python3.12/site-packages/airflow/example_dags/tutorial_taskflow_api.py for tasks to queue
[2025-04-08T12:05:15.128+0000] {logging_mixin.py:190} INFO - [2025-04-08T12:05:15.127+0000] {dagbag.py:588} INFO - Filling up the DagBag from /home/airflow/.local/lib/python3.12/site-packages/airflow/example_dags/tutorial_taskflow_api.py
[2025-04-08T12:05:15.142+0000] {processor.py:925} INFO - DAG(s) 'tutorial_taskflow_api' retrieved from /home/airflow/.local/lib/python3.12/site-packages/airflow/example_dags/tutorial_taskflow_api.py
[2025-04-08T12:05:15.181+0000] {logging_mixin.py:190} INFO - [2025-04-08T12:05:15.181+0000] {dag.py:3239} INFO - Sync 1 DAGs
[2025-04-08T12:05:15.219+0000] {logging_mixin.py:190} INFO - [2025-04-08T12:05:15.218+0000] {dag.py:4180} INFO - Setting next_dagrun for tutorial_taskflow_api to None, run_after=None
[2025-04-08T12:05:15.261+0000] {processor.py:208} INFO - Processing /home/airflow/.local/lib/python3.12/site-packages/airflow/example_dags/tutorial_taskflow_api.py took 0.148 seconds
[2025-04-08T12:05:47.249+0000] {processor.py:186} INFO - Started process (PID=74467) to work on /home/airflow/.local/lib/python3.12/site-packages/airflow/example_dags/tutorial_taskflow_api.py
[2025-04-08T12:05:47.251+0000] {processor.py:914} INFO - Processing file /home/airflow/.local/lib/python3.12/site-packages/airflow/example_dags/tutorial_taskflow_api.py for tasks to queue
[2025-04-08T12:05:47.255+0000] {logging_mixin.py:190} INFO - [2025-04-08T12:05:47.254+0000] {dagbag.py:588} INFO - Filling up the DagBag from /home/airflow/.local/lib/python3.12/site-packages/airflow/example_dags/tutorial_taskflow_api.py
[2025-04-08T12:05:47.269+0000] {processor.py:925} INFO - DAG(s) 'tutorial_taskflow_api' retrieved from /home/airflow/.local/lib/python3.12/site-packages/airflow/example_dags/tutorial_taskflow_api.py
[2025-04-08T12:05:47.303+0000] {logging_mixin.py:190} INFO - [2025-04-08T12:05:47.302+0000] {dag.py:3239} INFO - Sync 1 DAGs
[2025-04-08T12:05:47.326+0000] {logging_mixin.py:190} INFO - [2025-04-08T12:05:47.326+0000] {dag.py:4180} INFO - Setting next_dagrun for tutorial_taskflow_api to None, run_after=None
[2025-04-08T12:05:47.364+0000] {processor.py:208} INFO - Processing /home/airflow/.local/lib/python3.12/site-packages/airflow/example_dags/tutorial_taskflow_api.py took 0.124 seconds
[2025-04-08T12:06:18.926+0000] {processor.py:186} INFO - Started process (PID=74532) to work on /home/airflow/.local/lib/python3.12/site-packages/airflow/example_dags/tutorial_taskflow_api.py
[2025-04-08T12:06:18.928+0000] {processor.py:914} INFO - Processing file /home/airflow/.local/lib/python3.12/site-packages/airflow/example_dags/tutorial_taskflow_api.py for tasks to queue
[2025-04-08T12:06:18.930+0000] {logging_mixin.py:190} INFO - [2025-04-08T12:06:18.930+0000] {dagbag.py:588} INFO - Filling up the DagBag from /home/airflow/.local/lib/python3.12/site-packages/airflow/example_dags/tutorial_taskflow_api.py
[2025-04-08T12:06:18.958+0000] {processor.py:925} INFO - DAG(s) 'tutorial_taskflow_api' retrieved from /home/airflow/.local/lib/python3.12/site-packages/airflow/example_dags/tutorial_taskflow_api.py
[2025-04-08T12:06:18.994+0000] {logging_mixin.py:190} INFO - [2025-04-08T12:06:18.994+0000] {dag.py:3239} INFO - Sync 1 DAGs
[2025-04-08T12:06:19.025+0000] {logging_mixin.py:190} INFO - [2025-04-08T12:06:19.024+0000] {dag.py:4180} INFO - Setting next_dagrun for tutorial_taskflow_api to None, run_after=None
[2025-04-08T12:06:19.075+0000] {processor.py:208} INFO - Processing /home/airflow/.local/lib/python3.12/site-packages/airflow/example_dags/tutorial_taskflow_api.py took 0.159 seconds
[2025-04-08T12:06:50.179+0000] {processor.py:186} INFO - Started process (PID=74597) to work on /home/airflow/.local/lib/python3.12/site-packages/airflow/example_dags/tutorial_taskflow_api.py
[2025-04-08T12:06:50.180+0000] {processor.py:914} INFO - Processing file /home/airflow/.local/lib/python3.12/site-packages/airflow/example_dags/tutorial_taskflow_api.py for tasks to queue
[2025-04-08T12:06:50.186+0000] {logging_mixin.py:190} INFO - [2025-04-08T12:06:50.183+0000] {dagbag.py:588} INFO - Filling up the DagBag from /home/airflow/.local/lib/python3.12/site-packages/airflow/example_dags/tutorial_taskflow_api.py
[2025-04-08T12:06:50.204+0000] {processor.py:925} INFO - DAG(s) 'tutorial_taskflow_api' retrieved from /home/airflow/.local/lib/python3.12/site-packages/airflow/example_dags/tutorial_taskflow_api.py
[2025-04-08T12:06:50.240+0000] {logging_mixin.py:190} INFO - [2025-04-08T12:06:50.239+0000] {dag.py:3239} INFO - Sync 1 DAGs
[2025-04-08T12:06:50.266+0000] {logging_mixin.py:190} INFO - [2025-04-08T12:06:50.265+0000] {dag.py:4180} INFO - Setting next_dagrun for tutorial_taskflow_api to None, run_after=None
[2025-04-08T12:06:50.311+0000] {processor.py:208} INFO - Processing /home/airflow/.local/lib/python3.12/site-packages/airflow/example_dags/tutorial_taskflow_api.py took 0.144 seconds
[2025-04-08T12:07:21.662+0000] {processor.py:186} INFO - Started process (PID=74663) to work on /home/airflow/.local/lib/python3.12/site-packages/airflow/example_dags/tutorial_taskflow_api.py
[2025-04-08T12:07:21.663+0000] {processor.py:914} INFO - Processing file /home/airflow/.local/lib/python3.12/site-packages/airflow/example_dags/tutorial_taskflow_api.py for tasks to queue
[2025-04-08T12:07:21.666+0000] {logging_mixin.py:190} INFO - [2025-04-08T12:07:21.665+0000] {dagbag.py:588} INFO - Filling up the DagBag from /home/airflow/.local/lib/python3.12/site-packages/airflow/example_dags/tutorial_taskflow_api.py
[2025-04-08T12:07:21.679+0000] {processor.py:925} INFO - DAG(s) 'tutorial_taskflow_api' retrieved from /home/airflow/.local/lib/python3.12/site-packages/airflow/example_dags/tutorial_taskflow_api.py
[2025-04-08T12:07:21.714+0000] {logging_mixin.py:190} INFO - [2025-04-08T12:07:21.713+0000] {dag.py:3239} INFO - Sync 1 DAGs
[2025-04-08T12:07:21.736+0000] {logging_mixin.py:190} INFO - [2025-04-08T12:07:21.736+0000] {dag.py:4180} INFO - Setting next_dagrun for tutorial_taskflow_api to None, run_after=None
[2025-04-08T12:07:21.782+0000] {processor.py:208} INFO - Processing /home/airflow/.local/lib/python3.12/site-packages/airflow/example_dags/tutorial_taskflow_api.py took 0.129 seconds
[2025-04-08T12:07:53.582+0000] {processor.py:186} INFO - Started process (PID=74728) to work on /home/airflow/.local/lib/python3.12/site-packages/airflow/example_dags/tutorial_taskflow_api.py
[2025-04-08T12:07:53.583+0000] {processor.py:914} INFO - Processing file /home/airflow/.local/lib/python3.12/site-packages/airflow/example_dags/tutorial_taskflow_api.py for tasks to queue
[2025-04-08T12:07:53.586+0000] {logging_mixin.py:190} INFO - [2025-04-08T12:07:53.585+0000] {dagbag.py:588} INFO - Filling up the DagBag from /home/airflow/.local/lib/python3.12/site-packages/airflow/example_dags/tutorial_taskflow_api.py
[2025-04-08T12:07:53.600+0000] {processor.py:925} INFO - DAG(s) 'tutorial_taskflow_api' retrieved from /home/airflow/.local/lib/python3.12/site-packages/airflow/example_dags/tutorial_taskflow_api.py
[2025-04-08T12:07:53.634+0000] {logging_mixin.py:190} INFO - [2025-04-08T12:07:53.634+0000] {dag.py:3239} INFO - Sync 1 DAGs
[2025-04-08T12:07:53.692+0000] {logging_mixin.py:190} INFO - [2025-04-08T12:07:53.692+0000] {dag.py:4180} INFO - Setting next_dagrun for tutorial_taskflow_api to None, run_after=None
[2025-04-08T12:07:53.741+0000] {processor.py:208} INFO - Processing /home/airflow/.local/lib/python3.12/site-packages/airflow/example_dags/tutorial_taskflow_api.py took 0.169 seconds
[2025-04-08T12:08:25.283+0000] {processor.py:186} INFO - Started process (PID=74800) to work on /home/airflow/.local/lib/python3.12/site-packages/airflow/example_dags/tutorial_taskflow_api.py
[2025-04-08T12:08:25.286+0000] {processor.py:914} INFO - Processing file /home/airflow/.local/lib/python3.12/site-packages/airflow/example_dags/tutorial_taskflow_api.py for tasks to queue
[2025-04-08T12:08:25.289+0000] {logging_mixin.py:190} INFO - [2025-04-08T12:08:25.289+0000] {dagbag.py:588} INFO - Filling up the DagBag from /home/airflow/.local/lib/python3.12/site-packages/airflow/example_dags/tutorial_taskflow_api.py
[2025-04-08T12:08:25.312+0000] {processor.py:925} INFO - DAG(s) 'tutorial_taskflow_api' retrieved from /home/airflow/.local/lib/python3.12/site-packages/airflow/example_dags/tutorial_taskflow_api.py
[2025-04-08T12:08:25.354+0000] {logging_mixin.py:190} INFO - [2025-04-08T12:08:25.354+0000] {dag.py:3239} INFO - Sync 1 DAGs
[2025-04-08T12:08:25.390+0000] {logging_mixin.py:190} INFO - [2025-04-08T12:08:25.389+0000] {dag.py:4180} INFO - Setting next_dagrun for tutorial_taskflow_api to None, run_after=None
[2025-04-08T12:08:25.435+0000] {processor.py:208} INFO - Processing /home/airflow/.local/lib/python3.12/site-packages/airflow/example_dags/tutorial_taskflow_api.py took 0.163 seconds
[2025-04-08T12:08:59.463+0000] {processor.py:186} INFO - Started process (PID=74869) to work on /home/airflow/.local/lib/python3.12/site-packages/airflow/example_dags/tutorial_taskflow_api.py
[2025-04-08T12:08:59.466+0000] {processor.py:914} INFO - Processing file /home/airflow/.local/lib/python3.12/site-packages/airflow/example_dags/tutorial_taskflow_api.py for tasks to queue
[2025-04-08T12:08:59.469+0000] {logging_mixin.py:190} INFO - [2025-04-08T12:08:59.468+0000] {dagbag.py:588} INFO - Filling up the DagBag from /home/airflow/.local/lib/python3.12/site-packages/airflow/example_dags/tutorial_taskflow_api.py
[2025-04-08T12:08:59.496+0000] {processor.py:925} INFO - DAG(s) 'tutorial_taskflow_api' retrieved from /home/airflow/.local/lib/python3.12/site-packages/airflow/example_dags/tutorial_taskflow_api.py
[2025-04-08T12:08:59.554+0000] {logging_mixin.py:190} INFO - [2025-04-08T12:08:59.553+0000] {dag.py:3239} INFO - Sync 1 DAGs
[2025-04-08T12:08:59.590+0000] {logging_mixin.py:190} INFO - [2025-04-08T12:08:59.589+0000] {dag.py:4180} INFO - Setting next_dagrun for tutorial_taskflow_api to None, run_after=None
[2025-04-08T12:08:59.636+0000] {processor.py:208} INFO - Processing /home/airflow/.local/lib/python3.12/site-packages/airflow/example_dags/tutorial_taskflow_api.py took 0.187 seconds
