[2025-05-25T14:41:11.757+0000] {local_task_job_runner.py:123} INFO - ::group::Pre task execution logs
[2025-05-25T14:41:11.793+0000] {taskinstance.py:2614} INFO - Dependencies all met for dep_context=non-requeueable deps ti=<TaskInstance: main_dag.run_activesg_scrape manual__2025-05-25T14:41:05.068694+00:00 [queued]>
[2025-05-25T14:41:11.822+0000] {taskinstance.py:2614} INFO - Dependencies all met for dep_context=requeueable deps ti=<TaskInstance: main_dag.run_activesg_scrape manual__2025-05-25T14:41:05.068694+00:00 [queued]>
[2025-05-25T14:41:11.825+0000] {taskinstance.py:2867} INFO - Starting attempt 1 of 2
[2025-05-25T14:41:11.860+0000] {taskinstance.py:2890} INFO - Executing <Task(DockerOperator): run_activesg_scrape> on 2025-05-25 14:41:05.068694+00:00
[2025-05-25T14:41:11.878+0000] {warnings.py:112} WARNING - /home/***/.local/lib/python3.12/site-packages/***/task/task_runner/standard_task_runner.py:70: DeprecationWarning: This process (pid=157) is multi-threaded, use of fork() may lead to deadlocks in the child.
  pid = os.fork()

[2025-05-25T14:41:11.882+0000] {standard_task_runner.py:72} INFO - Started process 160 to run task
[2025-05-25T14:41:11.882+0000] {standard_task_runner.py:104} INFO - Running: ['***', 'tasks', 'run', 'main_dag', 'run_activesg_scrape', 'manual__2025-05-25T14:41:05.068694+00:00', '--job-id', '27', '--raw', '--subdir', 'DAGS_FOLDER/main.py', '--cfg-path', '/tmp/tmplm4newxj']
[2025-05-25T14:41:11.884+0000] {standard_task_runner.py:105} INFO - Job 27: Subtask run_activesg_scrape
[2025-05-25T14:41:11.983+0000] {task_command.py:467} INFO - Running <TaskInstance: main_dag.run_activesg_scrape manual__2025-05-25T14:41:05.068694+00:00 [running]> on host 3a1b0ca09c20
[2025-05-25T14:41:12.133+0000] {taskinstance.py:3134} INFO - Exporting env vars: AIRFLOW_CTX_DAG_EMAIL='***@example.com' AIRFLOW_CTX_DAG_OWNER='***' AIRFLOW_CTX_DAG_ID='main_dag' AIRFLOW_CTX_TASK_ID='run_activesg_scrape' AIRFLOW_CTX_EXECUTION_DATE='2025-05-25T14:41:05.068694+00:00' AIRFLOW_CTX_TRY_NUMBER='1' AIRFLOW_CTX_DAG_RUN_ID='manual__2025-05-25T14:41:05.068694+00:00'
[2025-05-25T14:41:12.135+0000] {logging_mixin.py:190} INFO - Task instance is in running state
[2025-05-25T14:41:12.137+0000] {logging_mixin.py:190} INFO -  Previous state of the Task instance: queued
[2025-05-25T14:41:12.138+0000] {logging_mixin.py:190} INFO - Current task name:run_activesg_scrape state:running start_date:2025-05-25 14:41:11.795162+00:00
[2025-05-25T14:41:12.139+0000] {logging_mixin.py:190} INFO - Dag name:main_dag and current dag run status:running
[2025-05-25T14:41:12.140+0000] {taskinstance.py:732} INFO - ::endgroup::
[2025-05-25T14:41:12.192+0000] {docker.py:345} INFO - Starting docker container from image poewun/activesg-scrape:latest
[2025-05-25T14:41:12.214+0000] {docker.py:353} WARNING - Using remote engine or docker-in-docker and mounting temporary volume from host is not supported. Falling back to `mount_tmp_dir=False` mode. You can set `mount_tmp_dir` parameter to False to disable mounting and remove the warning
[2025-05-25T14:41:24.294+0000] {docker.py:69} INFO - ERROR:root:invalid input syntax for type integer: "Closed"
[2025-05-25T14:41:24.298+0000] {docker.py:69} INFO - CONTEXT:  COPY raw_scraped, line 2, column capacity: "Closed"
[2025-05-25T14:41:24.300+0000] {docker.py:69} INFO - ---Reading csv---
[2025-05-25T14:41:24.303+0000] {docker.py:69} INFO -                                   gym_name capacity                   timestamp
[2025-05-25T14:41:24.308+0000] {docker.py:69} INFO - 0             ActiveSG Gym @ Ang Mo Kio CC   Closed  2025-05-25 22:41:16.534783
[2025-05-25T14:41:24.310+0000] {docker.py:69} INFO - 1                Bukit Gombak ActiveSG Gym   Closed  2025-05-25 22:41:16.534783
[2025-05-25T14:41:24.312+0000] {docker.py:69} INFO - 2   ActiveSG Hockey Village @ Boon Lay Gym   Closed  2025-05-25 22:41:16.534783
[2025-05-25T14:41:24.317+0000] {docker.py:69} INFO - 3               Kallang Basin ActiveSG Gym   Closed  2025-05-25 22:41:16.534783
[2025-05-25T14:41:24.318+0000] {docker.py:69} INFO - 4                      Katong ActiveSG Gym   Closed  2025-05-25 22:41:16.534783
[2025-05-25T14:41:24.320+0000] {docker.py:69} INFO - 5              Bukit Canberra ActiveSG Gym   Closed  2025-05-25 22:41:16.534783
[2025-05-25T14:41:24.321+0000] {docker.py:69} INFO - 6                      Bishan ActiveSG Gym   Closed  2025-05-25 22:41:16.534783
[2025-05-25T14:41:24.323+0000] {docker.py:69} INFO - 7                 Bukit Batok ActiveSG Gym   Closed  2025-05-25 22:41:16.534783
[2025-05-25T14:41:24.326+0000] {docker.py:69} INFO - 8                    Sengkang ActiveSG Gym   Closed  2025-05-25 22:41:16.534783
[2025-05-25T14:41:24.328+0000] {docker.py:69} INFO - 9           ActiveSG Gym @ Fernvale Square   Closed  2025-05-25 22:41:16.534783
[2025-05-25T14:41:24.329+0000] {docker.py:69} INFO - 10                  Pasir Ris ActiveSG Gym   Closed  2025-05-25 22:41:16.534783
[2025-05-25T14:41:24.331+0000] {docker.py:69} INFO - 11           Enabling Village ActiveSG Gym   Closed  2025-05-25 22:41:16.534783
[2025-05-25T14:41:24.336+0000] {docker.py:69} INFO - 12                      Delta ActiveSG Gym   Closed  2025-05-25 22:41:16.534783
[2025-05-25T14:41:24.338+0000] {docker.py:69} INFO - 13                   Clementi ActiveSG Gym   Closed  2025-05-25 22:41:16.534783
[2025-05-25T14:41:24.343+0000] {docker.py:69} INFO - 14                Jalan Besar ActiveSG Gym   Closed  2025-05-25 22:41:16.534783
[2025-05-25T14:41:24.345+0000] {docker.py:69} INFO - 15        ActiveSG Gym @ Serangoon Central   Closed  2025-05-25 22:41:16.534783
[2025-05-25T14:41:24.347+0000] {docker.py:69} INFO - 16        ActiveSG Gym @ Toa Payoh West CC   Closed  2025-05-25 22:41:16.534783
[2025-05-25T14:41:24.349+0000] {docker.py:69} INFO - 17               Yio Chu Kang ActiveSG Gym   Closed  2025-05-25 22:41:16.534783
[2025-05-25T14:41:24.350+0000] {docker.py:69} INFO - 18                ActiveSG Gym @ Toa Payoh   Closed  2025-05-25 22:41:16.534783
[2025-05-25T14:41:24.352+0000] {docker.py:69} INFO - 19                     Yishun ActiveSG Gym   Closed  2025-05-25 22:41:16.534783
[2025-05-25T14:41:24.362+0000] {docker.py:69} INFO - 20                   Tampines ActiveSG Gym   Closed  2025-05-25 22:41:16.534783
[2025-05-25T14:41:24.366+0000] {docker.py:69} INFO - 21                        Senja-Cashew Gym   Closed  2025-05-25 22:41:16.534783
[2025-05-25T14:41:24.367+0000] {docker.py:69} INFO - 22          Heartbeat @ Bedok ActiveSG Gym   Closed  2025-05-25 22:41:16.534783
[2025-05-25T14:41:24.369+0000] {docker.py:69} INFO - 23                 Jurong Lake Gardens Gym   Closed  2025-05-25 22:41:16.534783
[2025-05-25T14:41:24.371+0000] {docker.py:69} INFO - 24              Choa Chu Kang ActiveSG Gym   Closed  2025-05-25 22:41:16.534783
[2025-05-25T14:41:24.372+0000] {docker.py:69} INFO - 25                  Woodlands ActiveSG Gym   Closed  2025-05-25 22:41:16.534783
[2025-05-25T14:41:24.374+0000] {docker.py:69} INFO - 26                Jurong West ActiveSG Gym   Closed  2025-05-25 22:41:16.534783
[2025-05-25T14:41:24.376+0000] {docker.py:69} INFO - 27                Jurong East ActiveSG Gym   Closed  2025-05-25 22:41:16.534783
[2025-05-25T14:41:24.377+0000] {docker.py:69} INFO - ---End---
[2025-05-25T14:41:24.378+0000] {docker.py:69} INFO - /src/data/20250525_22_41_gym_capacity.csv
[2025-05-25T14:41:25.488+0000] {taskinstance.py:341} INFO - ::group::Post task execution logs
[2025-05-25T14:41:25.508+0000] {taskinstance.py:353} INFO - Marking task as SUCCESS. dag_id=main_dag, task_id=run_activesg_scrape, run_id=manual__2025-05-25T14:41:05.068694+00:00, execution_date=20250525T144105, start_date=20250525T144111, end_date=20250525T144125
[2025-05-25T14:41:25.711+0000] {logging_mixin.py:190} INFO - Task instance in success state
[2025-05-25T14:41:25.713+0000] {logging_mixin.py:190} INFO -  Previous state of the Task instance: running
[2025-05-25T14:41:25.719+0000] {logging_mixin.py:190} INFO - Dag name:main_dag queued_at:2025-05-25 14:41:05.191803+00:00
[2025-05-25T14:41:25.723+0000] {logging_mixin.py:190} INFO - Task hostname:3a1b0ca09c20 operator:DockerOperator
[2025-05-25T14:41:25.781+0000] {local_task_job_runner.py:266} INFO - Task exited with return code 0
[2025-05-25T14:41:25.839+0000] {taskinstance.py:3901} INFO - 0 downstream tasks scheduled from follow-on schedule check
[2025-05-25T14:41:25.844+0000] {local_task_job_runner.py:245} INFO - ::endgroup::
