[2025-03-01T02:20:03.064+0000] {local_task_job_runner.py:123} INFO - ::group::Pre task execution logs
[2025-03-01T02:20:03.105+0000] {taskinstance.py:2614} INFO - Dependencies all met for dep_context=non-requeueable deps ti=<TaskInstance: main_dag.scrape scheduled__2025-02-28T19:30:00+00:00 [queued]>
[2025-03-01T02:20:03.127+0000] {taskinstance.py:2614} INFO - Dependencies all met for dep_context=requeueable deps ti=<TaskInstance: main_dag.scrape scheduled__2025-02-28T19:30:00+00:00 [queued]>
[2025-03-01T02:20:03.128+0000] {taskinstance.py:2867} INFO - Starting attempt 1 of 2
[2025-03-01T02:20:03.159+0000] {taskinstance.py:2890} INFO - Executing <Task(PythonOperator): scrape> on 2025-02-28 19:30:00+00:00
[2025-03-01T02:20:03.174+0000] {warnings.py:112} WARNING - /home/***/.local/lib/python3.12/site-packages/***/task/task_runner/standard_task_runner.py:70: DeprecationWarning: This process (pid=90) is multi-threaded, use of fork() may lead to deadlocks in the child.
  pid = os.fork()

[2025-03-01T02:20:03.180+0000] {standard_task_runner.py:72} INFO - Started process 96 to run task
[2025-03-01T02:20:03.180+0000] {standard_task_runner.py:104} INFO - Running: ['***', 'tasks', 'run', 'main_dag', 'scrape', 'scheduled__2025-02-28T19:30:00+00:00', '--job-id', '4', '--raw', '--subdir', 'DAGS_FOLDER/main.py', '--cfg-path', '/tmp/tmpopv213oq']
[2025-03-01T02:20:03.186+0000] {standard_task_runner.py:105} INFO - Job 4: Subtask scrape
[2025-03-01T02:20:03.337+0000] {task_command.py:467} INFO - Running <TaskInstance: main_dag.scrape scheduled__2025-02-28T19:30:00+00:00 [running]> on host 28b5e743a13b
[2025-03-01T02:20:03.625+0000] {taskinstance.py:3134} INFO - Exporting env vars: AIRFLOW_CTX_DAG_EMAIL='***@example.com' AIRFLOW_CTX_DAG_OWNER='***' AIRFLOW_CTX_DAG_ID='main_dag' AIRFLOW_CTX_TASK_ID='scrape' AIRFLOW_CTX_EXECUTION_DATE='2025-02-28T19:30:00+00:00' AIRFLOW_CTX_TRY_NUMBER='1' AIRFLOW_CTX_DAG_RUN_ID='scheduled__2025-02-28T19:30:00+00:00'
[2025-03-01T02:20:03.630+0000] {logging_mixin.py:190} INFO - Task instance is in running state
[2025-03-01T02:20:03.631+0000] {logging_mixin.py:190} INFO -  Previous state of the Task instance: queued
[2025-03-01T02:20:03.635+0000] {logging_mixin.py:190} INFO - Current task name:scrape state:running start_date:2025-03-01 02:20:03.106849+00:00
[2025-03-01T02:20:03.639+0000] {logging_mixin.py:190} INFO - Dag name:main_dag and current dag run status:running
[2025-03-01T02:20:03.648+0000] {taskinstance.py:732} INFO - ::endgroup::
[2025-03-01T02:20:03.661+0000] {logger.py:11} INFO - ====== WebDriver manager ======
[2025-03-01T02:20:03.727+0000] {logger.py:11} INFO - Get LATEST chromedriver version for google-chrome
[2025-03-01T02:20:03.932+0000] {logger.py:11} INFO - About to download new driver from https://chromedriver.storage.googleapis.com/114.0.5735.90/chromedriver_linux64.zip
[2025-03-01T02:20:03.989+0000] {logger.py:11} INFO - Driver downloading response is 200
[2025-03-01T02:20:04.889+0000] {logger.py:11} INFO - Get LATEST chromedriver version for google-chrome
[2025-03-01T02:20:05.283+0000] {logger.py:11} INFO - Get LATEST chromedriver version for google-chrome
[2025-03-01T02:20:05.374+0000] {logger.py:11} INFO - Driver has been saved in cache [/home/***/.wdm/drivers/chromedriver/linux64/114.0.5735.90]
[2025-03-01T02:20:05.391+0000] {logging_mixin.py:190} INFO - Message: Service /home/***/.wdm/drivers/chromedriver/linux64/114.0.5735.90/chromedriver unexpectedly exited. Status code was: 127
[2025-03-01T02:20:05.483+0000] {python.py:240} INFO - Done. Returned value was: None
[2025-03-01T02:20:05.511+0000] {taskinstance.py:341} INFO - ::group::Post task execution logs
[2025-03-01T02:20:05.512+0000] {taskinstance.py:353} INFO - Marking task as SUCCESS. dag_id=main_dag, task_id=scrape, run_id=scheduled__2025-02-28T19:30:00+00:00, execution_date=20250228T193000, start_date=20250301T022003, end_date=20250301T022005
[2025-03-01T02:20:05.587+0000] {logging_mixin.py:190} INFO - Task instance in success state
[2025-03-01T02:20:05.588+0000] {logging_mixin.py:190} INFO -  Previous state of the Task instance: running
[2025-03-01T02:20:05.590+0000] {logging_mixin.py:190} INFO - Dag name:main_dag queued_at:2025-03-01 02:19:54.836436+00:00
[2025-03-01T02:20:05.593+0000] {logging_mixin.py:190} INFO - Task hostname:28b5e743a13b operator:PythonOperator
[2025-03-01T02:20:05.659+0000] {local_task_job_runner.py:266} INFO - Task exited with return code 0
[2025-03-01T02:20:05.703+0000] {taskinstance.py:3901} INFO - 0 downstream tasks scheduled from follow-on schedule check
[2025-03-01T02:20:05.709+0000] {local_task_job_runner.py:245} INFO - ::endgroup::
