[2025-03-18T00:28:07.571+0000] {processor.py:186} INFO - Started process (PID=50641) to work on /opt/airflow/dags/main.py
[2025-03-18T00:28:07.580+0000] {processor.py:914} INFO - Processing file /opt/airflow/dags/main.py for tasks to queue
[2025-03-18T00:28:07.592+0000] {logging_mixin.py:190} INFO - [2025-03-18T00:28:07.591+0000] {dagbag.py:588} INFO - Filling up the DagBag from /opt/airflow/dags/main.py
[2025-03-18T00:28:08.808+0000] {logging_mixin.py:190} INFO - [2025-03-18T00:28:08.779+0000] {dagbag.py:387} ERROR - Failed to import: /opt/airflow/dags/main.py
Traceback (most recent call last):
  File "/home/airflow/.local/lib/python3.12/site-packages/airflow/models/dagbag.py", line 383, in parse
    loader.exec_module(new_module)
  File "<frozen importlib._bootstrap_external>", line 999, in exec_module
  File "<frozen importlib._bootstrap>", line 488, in _call_with_frames_removed
  File "/opt/airflow/dags/main.py", line 53, in <module>
    python_callable=scrape,
                    ^^^^^^
NameError: name 'scrape' is not defined
[2025-03-18T00:28:08.815+0000] {processor.py:927} WARNING - No viable dags retrieved from /opt/airflow/dags/main.py
[2025-03-18T00:28:08.921+0000] {processor.py:208} INFO - Processing /opt/airflow/dags/main.py took 1.370 seconds
[2025-03-18T00:33:08.329+0000] {processor.py:186} INFO - Started process (PID=50705) to work on /opt/airflow/dags/main.py
[2025-03-18T00:33:08.331+0000] {processor.py:914} INFO - Processing file /opt/airflow/dags/main.py for tasks to queue
[2025-03-18T00:33:08.334+0000] {logging_mixin.py:190} INFO - [2025-03-18T00:33:08.333+0000] {dagbag.py:588} INFO - Filling up the DagBag from /opt/airflow/dags/main.py
[2025-03-18T00:33:08.639+0000] {logging_mixin.py:190} INFO - [2025-03-18T00:33:08.631+0000] {dagbag.py:387} ERROR - Failed to import: /opt/airflow/dags/main.py
Traceback (most recent call last):
  File "/home/airflow/.local/lib/python3.12/site-packages/airflow/models/dagbag.py", line 383, in parse
    loader.exec_module(new_module)
  File "<frozen importlib._bootstrap_external>", line 999, in exec_module
  File "<frozen importlib._bootstrap>", line 488, in _call_with_frames_removed
  File "/opt/airflow/dags/main.py", line 53, in <module>
    python_callable=scrape,
                    ^^^^^^
NameError: name 'scrape' is not defined
[2025-03-18T00:33:08.644+0000] {processor.py:927} WARNING - No viable dags retrieved from /opt/airflow/dags/main.py
[2025-03-18T00:33:08.679+0000] {processor.py:208} INFO - Processing /opt/airflow/dags/main.py took 0.358 seconds
[2025-03-18T00:33:38.851+0000] {processor.py:186} INFO - Started process (PID=50770) to work on /opt/airflow/dags/main.py
[2025-03-18T00:33:38.852+0000] {processor.py:914} INFO - Processing file /opt/airflow/dags/main.py for tasks to queue
[2025-03-18T00:33:38.855+0000] {logging_mixin.py:190} INFO - [2025-03-18T00:33:38.854+0000] {dagbag.py:588} INFO - Filling up the DagBag from /opt/airflow/dags/main.py
[2025-03-18T00:33:39.128+0000] {logging_mixin.py:190} INFO - [2025-03-18T00:33:39.119+0000] {dagbag.py:387} ERROR - Failed to import: /opt/airflow/dags/main.py
Traceback (most recent call last):
  File "/home/airflow/.local/lib/python3.12/site-packages/airflow/models/dagbag.py", line 383, in parse
    loader.exec_module(new_module)
  File "<frozen importlib._bootstrap_external>", line 999, in exec_module
  File "<frozen importlib._bootstrap>", line 488, in _call_with_frames_removed
  File "/opt/airflow/dags/main.py", line 53, in <module>
    python_callable=scrape,
                    ^^^^^^
NameError: name 'scrape' is not defined
[2025-03-18T00:33:39.133+0000] {processor.py:927} WARNING - No viable dags retrieved from /opt/airflow/dags/main.py
[2025-03-18T00:33:39.157+0000] {processor.py:208} INFO - Processing /opt/airflow/dags/main.py took 0.315 seconds
[2025-03-18T00:34:09.753+0000] {processor.py:186} INFO - Started process (PID=50832) to work on /opt/airflow/dags/main.py
[2025-03-18T00:34:09.755+0000] {processor.py:914} INFO - Processing file /opt/airflow/dags/main.py for tasks to queue
[2025-03-18T00:34:09.759+0000] {logging_mixin.py:190} INFO - [2025-03-18T00:34:09.758+0000] {dagbag.py:588} INFO - Filling up the DagBag from /opt/airflow/dags/main.py
[2025-03-18T00:34:10.364+0000] {logging_mixin.py:190} INFO - [2025-03-18T00:34:10.348+0000] {dagbag.py:387} ERROR - Failed to import: /opt/airflow/dags/main.py
Traceback (most recent call last):
  File "/home/airflow/.local/lib/python3.12/site-packages/airflow/models/dagbag.py", line 383, in parse
    loader.exec_module(new_module)
  File "<frozen importlib._bootstrap_external>", line 999, in exec_module
  File "<frozen importlib._bootstrap>", line 488, in _call_with_frames_removed
  File "/opt/airflow/dags/main.py", line 53, in <module>
    python_callable=scrape,
                    ^^^^^^
NameError: name 'scrape' is not defined
[2025-03-18T00:34:10.371+0000] {processor.py:927} WARNING - No viable dags retrieved from /opt/airflow/dags/main.py
[2025-03-18T00:34:10.426+0000] {processor.py:208} INFO - Processing /opt/airflow/dags/main.py took 0.691 seconds
[2025-03-18T00:34:40.536+0000] {processor.py:186} INFO - Started process (PID=50895) to work on /opt/airflow/dags/main.py
[2025-03-18T00:34:40.538+0000] {processor.py:914} INFO - Processing file /opt/airflow/dags/main.py for tasks to queue
[2025-03-18T00:34:40.540+0000] {logging_mixin.py:190} INFO - [2025-03-18T00:34:40.539+0000] {dagbag.py:588} INFO - Filling up the DagBag from /opt/airflow/dags/main.py
[2025-03-18T00:34:40.843+0000] {logging_mixin.py:190} INFO - [2025-03-18T00:34:40.830+0000] {dagbag.py:387} ERROR - Failed to import: /opt/airflow/dags/main.py
Traceback (most recent call last):
  File "/home/airflow/.local/lib/python3.12/site-packages/airflow/models/dagbag.py", line 383, in parse
    loader.exec_module(new_module)
  File "<frozen importlib._bootstrap_external>", line 999, in exec_module
  File "<frozen importlib._bootstrap>", line 488, in _call_with_frames_removed
  File "/opt/airflow/dags/main.py", line 53, in <module>
    python_callable=scrape,
                    ^^^^^^
NameError: name 'scrape' is not defined
[2025-03-18T00:34:40.847+0000] {processor.py:927} WARNING - No viable dags retrieved from /opt/airflow/dags/main.py
[2025-03-18T00:34:40.882+0000] {processor.py:208} INFO - Processing /opt/airflow/dags/main.py took 0.356 seconds
[2025-03-18T00:35:11.839+0000] {processor.py:186} INFO - Started process (PID=50961) to work on /opt/airflow/dags/main.py
[2025-03-18T00:35:11.841+0000] {processor.py:914} INFO - Processing file /opt/airflow/dags/main.py for tasks to queue
[2025-03-18T00:35:11.843+0000] {logging_mixin.py:190} INFO - [2025-03-18T00:35:11.842+0000] {dagbag.py:588} INFO - Filling up the DagBag from /opt/airflow/dags/main.py
[2025-03-18T00:35:12.072+0000] {logging_mixin.py:190} INFO - [2025-03-18T00:35:12.062+0000] {dagbag.py:387} ERROR - Failed to import: /opt/airflow/dags/main.py
Traceback (most recent call last):
  File "/home/airflow/.local/lib/python3.12/site-packages/airflow/models/dagbag.py", line 383, in parse
    loader.exec_module(new_module)
  File "<frozen importlib._bootstrap_external>", line 999, in exec_module
  File "<frozen importlib._bootstrap>", line 488, in _call_with_frames_removed
  File "/opt/airflow/dags/main.py", line 53, in <module>
    python_callable=scrape,
                    ^^^^^^
NameError: name 'scrape' is not defined
[2025-03-18T00:35:12.076+0000] {processor.py:927} WARNING - No viable dags retrieved from /opt/airflow/dags/main.py
[2025-03-18T00:35:12.101+0000] {processor.py:208} INFO - Processing /opt/airflow/dags/main.py took 0.269 seconds
[2025-03-18T00:35:42.931+0000] {processor.py:186} INFO - Started process (PID=51026) to work on /opt/airflow/dags/main.py
[2025-03-18T00:35:42.932+0000] {processor.py:914} INFO - Processing file /opt/airflow/dags/main.py for tasks to queue
[2025-03-18T00:35:42.934+0000] {logging_mixin.py:190} INFO - [2025-03-18T00:35:42.934+0000] {dagbag.py:588} INFO - Filling up the DagBag from /opt/airflow/dags/main.py
[2025-03-18T00:35:43.287+0000] {logging_mixin.py:190} INFO - [2025-03-18T00:35:43.277+0000] {dagbag.py:387} ERROR - Failed to import: /opt/airflow/dags/main.py
Traceback (most recent call last):
  File "/home/airflow/.local/lib/python3.12/site-packages/airflow/models/dagbag.py", line 383, in parse
    loader.exec_module(new_module)
  File "<frozen importlib._bootstrap_external>", line 999, in exec_module
  File "<frozen importlib._bootstrap>", line 488, in _call_with_frames_removed
  File "/opt/airflow/dags/main.py", line 53, in <module>
    python_callable=scrape,
                    ^^^^^^
NameError: name 'scrape' is not defined
[2025-03-18T00:35:43.292+0000] {processor.py:927} WARNING - No viable dags retrieved from /opt/airflow/dags/main.py
[2025-03-18T00:35:43.320+0000] {processor.py:208} INFO - Processing /opt/airflow/dags/main.py took 0.399 seconds
[2025-03-18T00:36:13.464+0000] {processor.py:186} INFO - Started process (PID=51092) to work on /opt/airflow/dags/main.py
[2025-03-18T00:36:13.466+0000] {processor.py:914} INFO - Processing file /opt/airflow/dags/main.py for tasks to queue
[2025-03-18T00:36:13.468+0000] {logging_mixin.py:190} INFO - [2025-03-18T00:36:13.468+0000] {dagbag.py:588} INFO - Filling up the DagBag from /opt/airflow/dags/main.py
[2025-03-18T00:36:13.762+0000] {logging_mixin.py:190} INFO - [2025-03-18T00:36:13.750+0000] {dagbag.py:387} ERROR - Failed to import: /opt/airflow/dags/main.py
Traceback (most recent call last):
  File "/home/airflow/.local/lib/python3.12/site-packages/airflow/models/dagbag.py", line 383, in parse
    loader.exec_module(new_module)
  File "<frozen importlib._bootstrap_external>", line 999, in exec_module
  File "<frozen importlib._bootstrap>", line 488, in _call_with_frames_removed
  File "/opt/airflow/dags/main.py", line 53, in <module>
    python_callable=scrape,
                    ^^^^^^
NameError: name 'scrape' is not defined
[2025-03-18T00:36:13.768+0000] {processor.py:927} WARNING - No viable dags retrieved from /opt/airflow/dags/main.py
[2025-03-18T00:36:13.801+0000] {processor.py:208} INFO - Processing /opt/airflow/dags/main.py took 0.344 seconds
[2025-03-18T00:36:44.019+0000] {processor.py:186} INFO - Started process (PID=51158) to work on /opt/airflow/dags/main.py
[2025-03-18T00:36:44.021+0000] {processor.py:914} INFO - Processing file /opt/airflow/dags/main.py for tasks to queue
[2025-03-18T00:36:44.023+0000] {logging_mixin.py:190} INFO - [2025-03-18T00:36:44.023+0000] {dagbag.py:588} INFO - Filling up the DagBag from /opt/airflow/dags/main.py
[2025-03-18T00:36:44.273+0000] {logging_mixin.py:190} INFO - [2025-03-18T00:36:44.263+0000] {dagbag.py:387} ERROR - Failed to import: /opt/airflow/dags/main.py
Traceback (most recent call last):
  File "/home/airflow/.local/lib/python3.12/site-packages/airflow/models/dagbag.py", line 383, in parse
    loader.exec_module(new_module)
  File "<frozen importlib._bootstrap_external>", line 999, in exec_module
  File "<frozen importlib._bootstrap>", line 488, in _call_with_frames_removed
  File "/opt/airflow/dags/main.py", line 53, in <module>
    python_callable=scrape,
                    ^^^^^^
NameError: name 'scrape' is not defined
[2025-03-18T00:36:44.277+0000] {processor.py:927} WARNING - No viable dags retrieved from /opt/airflow/dags/main.py
[2025-03-18T00:36:44.307+0000] {processor.py:208} INFO - Processing /opt/airflow/dags/main.py took 0.296 seconds
[2025-03-18T00:37:14.525+0000] {processor.py:186} INFO - Started process (PID=51224) to work on /opt/airflow/dags/main.py
[2025-03-18T00:37:14.527+0000] {processor.py:914} INFO - Processing file /opt/airflow/dags/main.py for tasks to queue
[2025-03-18T00:37:14.529+0000] {logging_mixin.py:190} INFO - [2025-03-18T00:37:14.528+0000] {dagbag.py:588} INFO - Filling up the DagBag from /opt/airflow/dags/main.py
[2025-03-18T00:37:14.818+0000] {logging_mixin.py:190} INFO - [2025-03-18T00:37:14.809+0000] {dagbag.py:387} ERROR - Failed to import: /opt/airflow/dags/main.py
Traceback (most recent call last):
  File "/home/airflow/.local/lib/python3.12/site-packages/airflow/models/dagbag.py", line 383, in parse
    loader.exec_module(new_module)
  File "<frozen importlib._bootstrap_external>", line 999, in exec_module
  File "<frozen importlib._bootstrap>", line 488, in _call_with_frames_removed
  File "/opt/airflow/dags/main.py", line 53, in <module>
    python_callable=scrape,
                    ^^^^^^
NameError: name 'scrape' is not defined
[2025-03-18T00:37:14.822+0000] {processor.py:927} WARNING - No viable dags retrieved from /opt/airflow/dags/main.py
[2025-03-18T00:37:14.851+0000] {processor.py:208} INFO - Processing /opt/airflow/dags/main.py took 0.336 seconds
[2025-03-18T00:37:45.011+0000] {processor.py:186} INFO - Started process (PID=51288) to work on /opt/airflow/dags/main.py
[2025-03-18T00:37:45.013+0000] {processor.py:914} INFO - Processing file /opt/airflow/dags/main.py for tasks to queue
[2025-03-18T00:37:45.015+0000] {logging_mixin.py:190} INFO - [2025-03-18T00:37:45.014+0000] {dagbag.py:588} INFO - Filling up the DagBag from /opt/airflow/dags/main.py
[2025-03-18T00:37:45.311+0000] {logging_mixin.py:190} INFO - [2025-03-18T00:37:45.300+0000] {dagbag.py:387} ERROR - Failed to import: /opt/airflow/dags/main.py
Traceback (most recent call last):
  File "/home/airflow/.local/lib/python3.12/site-packages/airflow/models/dagbag.py", line 383, in parse
    loader.exec_module(new_module)
  File "<frozen importlib._bootstrap_external>", line 999, in exec_module
  File "<frozen importlib._bootstrap>", line 488, in _call_with_frames_removed
  File "/opt/airflow/dags/main.py", line 53, in <module>
    python_callable=scrape,
                    ^^^^^^
NameError: name 'scrape' is not defined
[2025-03-18T00:37:45.317+0000] {processor.py:927} WARNING - No viable dags retrieved from /opt/airflow/dags/main.py
[2025-03-18T00:37:45.356+0000] {processor.py:208} INFO - Processing /opt/airflow/dags/main.py took 0.353 seconds
[2025-03-18T00:38:15.715+0000] {processor.py:186} INFO - Started process (PID=51350) to work on /opt/airflow/dags/main.py
[2025-03-18T00:38:15.717+0000] {processor.py:914} INFO - Processing file /opt/airflow/dags/main.py for tasks to queue
[2025-03-18T00:38:15.719+0000] {logging_mixin.py:190} INFO - [2025-03-18T00:38:15.719+0000] {dagbag.py:588} INFO - Filling up the DagBag from /opt/airflow/dags/main.py
[2025-03-18T00:38:16.057+0000] {logging_mixin.py:190} INFO - [2025-03-18T00:38:16.047+0000] {dagbag.py:387} ERROR - Failed to import: /opt/airflow/dags/main.py
Traceback (most recent call last):
  File "/home/airflow/.local/lib/python3.12/site-packages/airflow/models/dagbag.py", line 383, in parse
    loader.exec_module(new_module)
  File "<frozen importlib._bootstrap_external>", line 999, in exec_module
  File "<frozen importlib._bootstrap>", line 488, in _call_with_frames_removed
  File "/opt/airflow/dags/main.py", line 53, in <module>
    python_callable=scrape,
                    ^^^^^^
NameError: name 'scrape' is not defined
[2025-03-18T00:38:16.062+0000] {processor.py:927} WARNING - No viable dags retrieved from /opt/airflow/dags/main.py
[2025-03-18T00:38:16.088+0000] {processor.py:208} INFO - Processing /opt/airflow/dags/main.py took 0.385 seconds
[2025-03-18T00:39:45.353+0000] {processor.py:186} INFO - Started process (PID=51399) to work on /opt/airflow/dags/main.py
[2025-03-18T00:39:45.359+0000] {processor.py:914} INFO - Processing file /opt/airflow/dags/main.py for tasks to queue
[2025-03-18T00:39:45.369+0000] {logging_mixin.py:190} INFO - [2025-03-18T00:39:45.368+0000] {dagbag.py:588} INFO - Filling up the DagBag from /opt/airflow/dags/main.py
[2025-03-18T00:39:46.010+0000] {logging_mixin.py:190} INFO - [2025-03-18T00:39:45.999+0000] {dagbag.py:387} ERROR - Failed to import: /opt/airflow/dags/main.py
Traceback (most recent call last):
  File "/home/airflow/.local/lib/python3.12/site-packages/airflow/models/dagbag.py", line 383, in parse
    loader.exec_module(new_module)
  File "<frozen importlib._bootstrap_external>", line 999, in exec_module
  File "<frozen importlib._bootstrap>", line 488, in _call_with_frames_removed
  File "/opt/airflow/dags/main.py", line 53, in <module>
    python_callable=scrape,
                    ^^^^^^
NameError: name 'scrape' is not defined
[2025-03-18T00:39:46.015+0000] {processor.py:927} WARNING - No viable dags retrieved from /opt/airflow/dags/main.py
[2025-03-18T00:39:46.043+0000] {processor.py:208} INFO - Processing /opt/airflow/dags/main.py took 0.713 seconds
