[2025-03-19T13:11:29.879+0000] {processor.py:186} INFO - Started process (PID=51464) to work on /opt/airflow/dags/main.py
[2025-03-19T13:11:29.890+0000] {processor.py:914} INFO - Processing file /opt/airflow/dags/main.py for tasks to queue
[2025-03-19T13:11:29.895+0000] {logging_mixin.py:190} INFO - [2025-03-19T13:11:29.894+0000] {dagbag.py:588} INFO - Filling up the DagBag from /opt/airflow/dags/main.py
[2025-03-19T13:11:31.137+0000] {logging_mixin.py:190} INFO - [2025-03-19T13:11:31.116+0000] {dagbag.py:387} ERROR - Failed to import: /opt/airflow/dags/main.py
Traceback (most recent call last):
  File "/home/airflow/.local/lib/python3.12/site-packages/airflow/models/dagbag.py", line 383, in parse
    loader.exec_module(new_module)
  File "<frozen importlib._bootstrap_external>", line 999, in exec_module
  File "<frozen importlib._bootstrap>", line 488, in _call_with_frames_removed
  File "/opt/airflow/dags/main.py", line 53, in <module>
    python_callable=scrape,
                    ^^^^^^
NameError: name 'scrape' is not defined
[2025-03-19T13:11:31.164+0000] {processor.py:927} WARNING - No viable dags retrieved from /opt/airflow/dags/main.py
[2025-03-19T13:11:31.252+0000] {processor.py:208} INFO - Processing /opt/airflow/dags/main.py took 1.411 seconds
[2025-03-19T13:12:01.750+0000] {processor.py:186} INFO - Started process (PID=51530) to work on /opt/airflow/dags/main.py
[2025-03-19T13:12:01.752+0000] {processor.py:914} INFO - Processing file /opt/airflow/dags/main.py for tasks to queue
[2025-03-19T13:12:01.754+0000] {logging_mixin.py:190} INFO - [2025-03-19T13:12:01.754+0000] {dagbag.py:588} INFO - Filling up the DagBag from /opt/airflow/dags/main.py
[2025-03-19T13:12:02.052+0000] {logging_mixin.py:190} INFO - [2025-03-19T13:12:02.039+0000] {dagbag.py:387} ERROR - Failed to import: /opt/airflow/dags/main.py
Traceback (most recent call last):
  File "/home/airflow/.local/lib/python3.12/site-packages/airflow/models/dagbag.py", line 383, in parse
    loader.exec_module(new_module)
  File "<frozen importlib._bootstrap_external>", line 999, in exec_module
  File "<frozen importlib._bootstrap>", line 488, in _call_with_frames_removed
  File "/opt/airflow/dags/main.py", line 53, in <module>
    python_callable=scrape,
                    ^^^^^^
NameError: name 'scrape' is not defined
[2025-03-19T13:12:02.058+0000] {processor.py:927} WARNING - No viable dags retrieved from /opt/airflow/dags/main.py
[2025-03-19T13:12:02.092+0000] {processor.py:208} INFO - Processing /opt/airflow/dags/main.py took 0.352 seconds
[2025-03-19T13:12:32.291+0000] {processor.py:186} INFO - Started process (PID=51602) to work on /opt/airflow/dags/main.py
[2025-03-19T13:12:32.293+0000] {processor.py:914} INFO - Processing file /opt/airflow/dags/main.py for tasks to queue
[2025-03-19T13:12:32.297+0000] {logging_mixin.py:190} INFO - [2025-03-19T13:12:32.296+0000] {dagbag.py:588} INFO - Filling up the DagBag from /opt/airflow/dags/main.py
[2025-03-19T13:12:32.613+0000] {logging_mixin.py:190} INFO - [2025-03-19T13:12:32.603+0000] {dagbag.py:387} ERROR - Failed to import: /opt/airflow/dags/main.py
Traceback (most recent call last):
  File "/home/airflow/.local/lib/python3.12/site-packages/airflow/models/dagbag.py", line 383, in parse
    loader.exec_module(new_module)
  File "<frozen importlib._bootstrap_external>", line 999, in exec_module
  File "<frozen importlib._bootstrap>", line 488, in _call_with_frames_removed
  File "/opt/airflow/dags/main.py", line 53, in <module>
    python_callable=scrape,
                    ^^^^^^
NameError: name 'scrape' is not defined
[2025-03-19T13:12:32.618+0000] {processor.py:927} WARNING - No viable dags retrieved from /opt/airflow/dags/main.py
[2025-03-19T13:12:32.649+0000] {processor.py:208} INFO - Processing /opt/airflow/dags/main.py took 0.368 seconds
[2025-03-19T13:13:03.393+0000] {processor.py:186} INFO - Started process (PID=51667) to work on /opt/airflow/dags/main.py
[2025-03-19T13:13:03.395+0000] {processor.py:914} INFO - Processing file /opt/airflow/dags/main.py for tasks to queue
[2025-03-19T13:13:03.398+0000] {logging_mixin.py:190} INFO - [2025-03-19T13:13:03.397+0000] {dagbag.py:588} INFO - Filling up the DagBag from /opt/airflow/dags/main.py
[2025-03-19T13:13:03.778+0000] {logging_mixin.py:190} INFO - [2025-03-19T13:13:03.763+0000] {dagbag.py:387} ERROR - Failed to import: /opt/airflow/dags/main.py
Traceback (most recent call last):
  File "/home/airflow/.local/lib/python3.12/site-packages/airflow/models/dagbag.py", line 383, in parse
    loader.exec_module(new_module)
  File "<frozen importlib._bootstrap_external>", line 999, in exec_module
  File "<frozen importlib._bootstrap>", line 488, in _call_with_frames_removed
  File "/opt/airflow/dags/main.py", line 53, in <module>
    python_callable=scrape,
                    ^^^^^^
NameError: name 'scrape' is not defined
[2025-03-19T13:13:03.784+0000] {processor.py:927} WARNING - No viable dags retrieved from /opt/airflow/dags/main.py
[2025-03-19T13:13:03.841+0000] {processor.py:208} INFO - Processing /opt/airflow/dags/main.py took 0.459 seconds
[2025-03-19T13:13:33.980+0000] {processor.py:186} INFO - Started process (PID=51727) to work on /opt/airflow/dags/main.py
[2025-03-19T13:13:33.982+0000] {processor.py:914} INFO - Processing file /opt/airflow/dags/main.py for tasks to queue
[2025-03-19T13:13:33.985+0000] {logging_mixin.py:190} INFO - [2025-03-19T13:13:33.985+0000] {dagbag.py:588} INFO - Filling up the DagBag from /opt/airflow/dags/main.py
[2025-03-19T13:13:35.246+0000] {logging_mixin.py:190} INFO - [2025-03-19T13:13:35.226+0000] {dagbag.py:387} ERROR - Failed to import: /opt/airflow/dags/main.py
Traceback (most recent call last):
  File "/home/airflow/.local/lib/python3.12/site-packages/airflow/models/dagbag.py", line 383, in parse
    loader.exec_module(new_module)
  File "<frozen importlib._bootstrap_external>", line 999, in exec_module
  File "<frozen importlib._bootstrap>", line 488, in _call_with_frames_removed
  File "/opt/airflow/dags/main.py", line 53, in <module>
    python_callable=scrape,
                    ^^^^^^
NameError: name 'scrape' is not defined
[2025-03-19T13:13:35.258+0000] {processor.py:927} WARNING - No viable dags retrieved from /opt/airflow/dags/main.py
[2025-03-19T13:13:35.319+0000] {processor.py:208} INFO - Processing /opt/airflow/dags/main.py took 1.354 seconds
[2025-03-19T13:14:05.834+0000] {processor.py:186} INFO - Started process (PID=51792) to work on /opt/airflow/dags/main.py
[2025-03-19T13:14:05.836+0000] {processor.py:914} INFO - Processing file /opt/airflow/dags/main.py for tasks to queue
[2025-03-19T13:14:05.840+0000] {logging_mixin.py:190} INFO - [2025-03-19T13:14:05.839+0000] {dagbag.py:588} INFO - Filling up the DagBag from /opt/airflow/dags/main.py
[2025-03-19T13:14:06.458+0000] {logging_mixin.py:190} INFO - [2025-03-19T13:14:06.440+0000] {dagbag.py:387} ERROR - Failed to import: /opt/airflow/dags/main.py
Traceback (most recent call last):
  File "/home/airflow/.local/lib/python3.12/site-packages/airflow/models/dagbag.py", line 383, in parse
    loader.exec_module(new_module)
  File "<frozen importlib._bootstrap_external>", line 999, in exec_module
  File "<frozen importlib._bootstrap>", line 488, in _call_with_frames_removed
  File "/opt/airflow/dags/main.py", line 53, in <module>
    python_callable=scrape,
                    ^^^^^^
NameError: name 'scrape' is not defined
[2025-03-19T13:14:06.474+0000] {processor.py:927} WARNING - No viable dags retrieved from /opt/airflow/dags/main.py
[2025-03-19T13:14:06.523+0000] {processor.py:208} INFO - Processing /opt/airflow/dags/main.py took 0.701 seconds
[2025-03-19T13:14:37.092+0000] {processor.py:186} INFO - Started process (PID=51856) to work on /opt/airflow/dags/main.py
[2025-03-19T13:14:37.094+0000] {processor.py:914} INFO - Processing file /opt/airflow/dags/main.py for tasks to queue
[2025-03-19T13:14:37.097+0000] {logging_mixin.py:190} INFO - [2025-03-19T13:14:37.096+0000] {dagbag.py:588} INFO - Filling up the DagBag from /opt/airflow/dags/main.py
[2025-03-19T13:14:37.442+0000] {logging_mixin.py:190} INFO - [2025-03-19T13:14:37.431+0000] {dagbag.py:387} ERROR - Failed to import: /opt/airflow/dags/main.py
Traceback (most recent call last):
  File "/home/airflow/.local/lib/python3.12/site-packages/airflow/models/dagbag.py", line 383, in parse
    loader.exec_module(new_module)
  File "<frozen importlib._bootstrap_external>", line 999, in exec_module
  File "<frozen importlib._bootstrap>", line 488, in _call_with_frames_removed
  File "/opt/airflow/dags/main.py", line 53, in <module>
    python_callable=scrape,
                    ^^^^^^
NameError: name 'scrape' is not defined
[2025-03-19T13:14:37.448+0000] {processor.py:927} WARNING - No viable dags retrieved from /opt/airflow/dags/main.py
[2025-03-19T13:14:37.495+0000] {processor.py:208} INFO - Processing /opt/airflow/dags/main.py took 0.416 seconds
[2025-03-19T13:15:07.859+0000] {processor.py:186} INFO - Started process (PID=51921) to work on /opt/airflow/dags/main.py
[2025-03-19T13:15:07.861+0000] {processor.py:914} INFO - Processing file /opt/airflow/dags/main.py for tasks to queue
[2025-03-19T13:15:07.864+0000] {logging_mixin.py:190} INFO - [2025-03-19T13:15:07.864+0000] {dagbag.py:588} INFO - Filling up the DagBag from /opt/airflow/dags/main.py
[2025-03-19T13:15:08.299+0000] {logging_mixin.py:190} INFO - [2025-03-19T13:15:08.280+0000] {dagbag.py:387} ERROR - Failed to import: /opt/airflow/dags/main.py
Traceback (most recent call last):
  File "/home/airflow/.local/lib/python3.12/site-packages/airflow/models/dagbag.py", line 383, in parse
    loader.exec_module(new_module)
  File "<frozen importlib._bootstrap_external>", line 999, in exec_module
  File "<frozen importlib._bootstrap>", line 488, in _call_with_frames_removed
  File "/opt/airflow/dags/main.py", line 53, in <module>
    python_callable=scrape,
                    ^^^^^^
NameError: name 'scrape' is not defined
[2025-03-19T13:15:08.306+0000] {processor.py:927} WARNING - No viable dags retrieved from /opt/airflow/dags/main.py
[2025-03-19T13:15:08.357+0000] {processor.py:208} INFO - Processing /opt/airflow/dags/main.py took 0.509 seconds
[2025-03-19T13:15:39.003+0000] {processor.py:186} INFO - Started process (PID=51986) to work on /opt/airflow/dags/main.py
[2025-03-19T13:15:39.005+0000] {processor.py:914} INFO - Processing file /opt/airflow/dags/main.py for tasks to queue
[2025-03-19T13:15:39.008+0000] {logging_mixin.py:190} INFO - [2025-03-19T13:15:39.008+0000] {dagbag.py:588} INFO - Filling up the DagBag from /opt/airflow/dags/main.py
[2025-03-19T13:15:39.480+0000] {logging_mixin.py:190} INFO - [2025-03-19T13:15:39.446+0000] {dagbag.py:387} ERROR - Failed to import: /opt/airflow/dags/main.py
Traceback (most recent call last):
  File "/home/airflow/.local/lib/python3.12/site-packages/airflow/models/dagbag.py", line 383, in parse
    loader.exec_module(new_module)
  File "<frozen importlib._bootstrap_external>", line 999, in exec_module
  File "<frozen importlib._bootstrap>", line 488, in _call_with_frames_removed
  File "/opt/airflow/dags/main.py", line 53, in <module>
    python_callable=scrape,
                    ^^^^^^
NameError: name 'scrape' is not defined
[2025-03-19T13:15:39.490+0000] {processor.py:927} WARNING - No viable dags retrieved from /opt/airflow/dags/main.py
[2025-03-19T13:15:39.530+0000] {processor.py:208} INFO - Processing /opt/airflow/dags/main.py took 0.536 seconds
[2025-03-19T13:16:09.742+0000] {processor.py:186} INFO - Started process (PID=52051) to work on /opt/airflow/dags/main.py
[2025-03-19T13:16:09.747+0000] {processor.py:914} INFO - Processing file /opt/airflow/dags/main.py for tasks to queue
[2025-03-19T13:16:09.753+0000] {logging_mixin.py:190} INFO - [2025-03-19T13:16:09.752+0000] {dagbag.py:588} INFO - Filling up the DagBag from /opt/airflow/dags/main.py
[2025-03-19T13:16:10.512+0000] {logging_mixin.py:190} INFO - [2025-03-19T13:16:10.488+0000] {dagbag.py:387} ERROR - Failed to import: /opt/airflow/dags/main.py
Traceback (most recent call last):
  File "/home/airflow/.local/lib/python3.12/site-packages/airflow/models/dagbag.py", line 383, in parse
    loader.exec_module(new_module)
  File "<frozen importlib._bootstrap_external>", line 999, in exec_module
  File "<frozen importlib._bootstrap>", line 488, in _call_with_frames_removed
  File "/opt/airflow/dags/main.py", line 53, in <module>
    python_callable=scrape,
                    ^^^^^^
NameError: name 'scrape' is not defined
[2025-03-19T13:16:10.522+0000] {processor.py:927} WARNING - No viable dags retrieved from /opt/airflow/dags/main.py
[2025-03-19T13:16:10.575+0000] {processor.py:208} INFO - Processing /opt/airflow/dags/main.py took 0.853 seconds
[2025-03-19T13:16:41.587+0000] {processor.py:186} INFO - Started process (PID=52117) to work on /opt/airflow/dags/main.py
[2025-03-19T13:16:41.589+0000] {processor.py:914} INFO - Processing file /opt/airflow/dags/main.py for tasks to queue
[2025-03-19T13:16:41.593+0000] {logging_mixin.py:190} INFO - [2025-03-19T13:16:41.592+0000] {dagbag.py:588} INFO - Filling up the DagBag from /opt/airflow/dags/main.py
[2025-03-19T13:16:42.195+0000] {logging_mixin.py:190} INFO - [2025-03-19T13:16:42.155+0000] {dagbag.py:387} ERROR - Failed to import: /opt/airflow/dags/main.py
Traceback (most recent call last):
  File "/home/airflow/.local/lib/python3.12/site-packages/airflow/models/dagbag.py", line 383, in parse
    loader.exec_module(new_module)
  File "<frozen importlib._bootstrap_external>", line 999, in exec_module
  File "<frozen importlib._bootstrap>", line 488, in _call_with_frames_removed
  File "/opt/airflow/dags/main.py", line 53, in <module>
    python_callable=scrape,
                    ^^^^^^
NameError: name 'scrape' is not defined
[2025-03-19T13:16:42.205+0000] {processor.py:927} WARNING - No viable dags retrieved from /opt/airflow/dags/main.py
[2025-03-19T13:16:42.272+0000] {processor.py:208} INFO - Processing /opt/airflow/dags/main.py took 0.700 seconds
[2025-03-19T18:29:02.334+0000] {processor.py:186} INFO - Started process (PID=52171) to work on /opt/airflow/dags/main.py
[2025-03-19T18:29:02.340+0000] {processor.py:914} INFO - Processing file /opt/airflow/dags/main.py for tasks to queue
[2025-03-19T18:29:02.344+0000] {logging_mixin.py:190} INFO - [2025-03-19T18:29:02.343+0000] {dagbag.py:588} INFO - Filling up the DagBag from /opt/airflow/dags/main.py
[2025-03-19T18:29:03.306+0000] {logging_mixin.py:190} INFO - [2025-03-19T18:29:03.264+0000] {dagbag.py:387} ERROR - Failed to import: /opt/airflow/dags/main.py
Traceback (most recent call last):
  File "/home/airflow/.local/lib/python3.12/site-packages/airflow/models/dagbag.py", line 383, in parse
    loader.exec_module(new_module)
  File "<frozen importlib._bootstrap_external>", line 999, in exec_module
  File "<frozen importlib._bootstrap>", line 488, in _call_with_frames_removed
  File "/opt/airflow/dags/main.py", line 53, in <module>
    python_callable=scrape,
                    ^^^^^^
NameError: name 'scrape' is not defined
[2025-03-19T18:29:03.314+0000] {processor.py:927} WARNING - No viable dags retrieved from /opt/airflow/dags/main.py
[2025-03-19T18:29:03.438+0000] {processor.py:208} INFO - Processing /opt/airflow/dags/main.py took 1.126 seconds
