[2025-03-17T10:50:43.778+0000] {processor.py:186} INFO - Started process (PID=50105) to work on /home/airflow/.local/lib/python3.12/site-packages/airflow/example_dags/example_dynamic_task_mapping.py
[2025-03-17T10:50:43.806+0000] {processor.py:914} INFO - Processing file /home/airflow/.local/lib/python3.12/site-packages/airflow/example_dags/example_dynamic_task_mapping.py for tasks to queue
[2025-03-17T10:50:43.812+0000] {logging_mixin.py:190} INFO - [2025-03-17T10:50:43.811+0000] {dagbag.py:588} INFO - Filling up the DagBag from /home/airflow/.local/lib/python3.12/site-packages/airflow/example_dags/example_dynamic_task_mapping.py
[2025-03-17T10:50:43.874+0000] {processor.py:925} INFO - DAG(s) 'example_dynamic_task_mapping' retrieved from /home/airflow/.local/lib/python3.12/site-packages/airflow/example_dags/example_dynamic_task_mapping.py
[2025-03-17T10:50:43.982+0000] {logging_mixin.py:190} INFO - [2025-03-17T10:50:43.971+0000] {dag.py:3239} INFO - Sync 1 DAGs
[2025-03-17T10:50:44.065+0000] {logging_mixin.py:190} INFO - [2025-03-17T10:50:44.064+0000] {dag.py:4180} INFO - Setting next_dagrun for example_dynamic_task_mapping to None, run_after=None
[2025-03-17T10:50:44.178+0000] {processor.py:208} INFO - Processing /home/airflow/.local/lib/python3.12/site-packages/airflow/example_dags/example_dynamic_task_mapping.py took 0.421 seconds
[2025-03-17T10:51:15.064+0000] {processor.py:186} INFO - Started process (PID=50170) to work on /home/airflow/.local/lib/python3.12/site-packages/airflow/example_dags/example_dynamic_task_mapping.py
[2025-03-17T10:51:15.065+0000] {processor.py:914} INFO - Processing file /home/airflow/.local/lib/python3.12/site-packages/airflow/example_dags/example_dynamic_task_mapping.py for tasks to queue
[2025-03-17T10:51:15.068+0000] {logging_mixin.py:190} INFO - [2025-03-17T10:51:15.067+0000] {dagbag.py:588} INFO - Filling up the DagBag from /home/airflow/.local/lib/python3.12/site-packages/airflow/example_dags/example_dynamic_task_mapping.py
[2025-03-17T10:51:15.084+0000] {processor.py:925} INFO - DAG(s) 'example_dynamic_task_mapping' retrieved from /home/airflow/.local/lib/python3.12/site-packages/airflow/example_dags/example_dynamic_task_mapping.py
[2025-03-17T10:51:15.121+0000] {logging_mixin.py:190} INFO - [2025-03-17T10:51:15.120+0000] {dag.py:3239} INFO - Sync 1 DAGs
[2025-03-17T10:51:15.144+0000] {logging_mixin.py:190} INFO - [2025-03-17T10:51:15.143+0000] {dag.py:4180} INFO - Setting next_dagrun for example_dynamic_task_mapping to None, run_after=None
[2025-03-17T10:51:15.181+0000] {processor.py:208} INFO - Processing /home/airflow/.local/lib/python3.12/site-packages/airflow/example_dags/example_dynamic_task_mapping.py took 0.126 seconds
[2025-03-17T10:51:45.501+0000] {processor.py:186} INFO - Started process (PID=50235) to work on /home/airflow/.local/lib/python3.12/site-packages/airflow/example_dags/example_dynamic_task_mapping.py
[2025-03-17T10:51:45.503+0000] {processor.py:914} INFO - Processing file /home/airflow/.local/lib/python3.12/site-packages/airflow/example_dags/example_dynamic_task_mapping.py for tasks to queue
[2025-03-17T10:51:45.507+0000] {logging_mixin.py:190} INFO - [2025-03-17T10:51:45.506+0000] {dagbag.py:588} INFO - Filling up the DagBag from /home/airflow/.local/lib/python3.12/site-packages/airflow/example_dags/example_dynamic_task_mapping.py
[2025-03-17T10:51:45.524+0000] {processor.py:925} INFO - DAG(s) 'example_dynamic_task_mapping' retrieved from /home/airflow/.local/lib/python3.12/site-packages/airflow/example_dags/example_dynamic_task_mapping.py
[2025-03-17T10:51:45.565+0000] {logging_mixin.py:190} INFO - [2025-03-17T10:51:45.564+0000] {dag.py:3239} INFO - Sync 1 DAGs
[2025-03-17T10:51:45.605+0000] {logging_mixin.py:190} INFO - [2025-03-17T10:51:45.604+0000] {dag.py:4180} INFO - Setting next_dagrun for example_dynamic_task_mapping to None, run_after=None
[2025-03-17T10:51:45.658+0000] {processor.py:208} INFO - Processing /home/airflow/.local/lib/python3.12/site-packages/airflow/example_dags/example_dynamic_task_mapping.py took 0.167 seconds
[2025-03-17T10:52:16.117+0000] {processor.py:186} INFO - Started process (PID=50299) to work on /home/airflow/.local/lib/python3.12/site-packages/airflow/example_dags/example_dynamic_task_mapping.py
[2025-03-17T10:52:16.119+0000] {processor.py:914} INFO - Processing file /home/airflow/.local/lib/python3.12/site-packages/airflow/example_dags/example_dynamic_task_mapping.py for tasks to queue
[2025-03-17T10:52:16.121+0000] {logging_mixin.py:190} INFO - [2025-03-17T10:52:16.120+0000] {dagbag.py:588} INFO - Filling up the DagBag from /home/airflow/.local/lib/python3.12/site-packages/airflow/example_dags/example_dynamic_task_mapping.py
[2025-03-17T10:52:16.135+0000] {processor.py:925} INFO - DAG(s) 'example_dynamic_task_mapping' retrieved from /home/airflow/.local/lib/python3.12/site-packages/airflow/example_dags/example_dynamic_task_mapping.py
[2025-03-17T10:52:16.164+0000] {logging_mixin.py:190} INFO - [2025-03-17T10:52:16.164+0000] {dag.py:3239} INFO - Sync 1 DAGs
[2025-03-17T10:52:16.185+0000] {logging_mixin.py:190} INFO - [2025-03-17T10:52:16.184+0000] {dag.py:4180} INFO - Setting next_dagrun for example_dynamic_task_mapping to None, run_after=None
[2025-03-17T10:52:16.216+0000] {processor.py:208} INFO - Processing /home/airflow/.local/lib/python3.12/site-packages/airflow/example_dags/example_dynamic_task_mapping.py took 0.106 seconds
[2025-03-17T10:52:46.907+0000] {processor.py:186} INFO - Started process (PID=50364) to work on /home/airflow/.local/lib/python3.12/site-packages/airflow/example_dags/example_dynamic_task_mapping.py
[2025-03-17T10:52:46.908+0000] {processor.py:914} INFO - Processing file /home/airflow/.local/lib/python3.12/site-packages/airflow/example_dags/example_dynamic_task_mapping.py for tasks to queue
[2025-03-17T10:52:46.910+0000] {logging_mixin.py:190} INFO - [2025-03-17T10:52:46.910+0000] {dagbag.py:588} INFO - Filling up the DagBag from /home/airflow/.local/lib/python3.12/site-packages/airflow/example_dags/example_dynamic_task_mapping.py
[2025-03-17T10:52:46.923+0000] {processor.py:925} INFO - DAG(s) 'example_dynamic_task_mapping' retrieved from /home/airflow/.local/lib/python3.12/site-packages/airflow/example_dags/example_dynamic_task_mapping.py
[2025-03-17T10:52:46.950+0000] {logging_mixin.py:190} INFO - [2025-03-17T10:52:46.950+0000] {dag.py:3239} INFO - Sync 1 DAGs
[2025-03-17T10:52:46.970+0000] {logging_mixin.py:190} INFO - [2025-03-17T10:52:46.969+0000] {dag.py:4180} INFO - Setting next_dagrun for example_dynamic_task_mapping to None, run_after=None
[2025-03-17T10:52:46.999+0000] {processor.py:208} INFO - Processing /home/airflow/.local/lib/python3.12/site-packages/airflow/example_dags/example_dynamic_task_mapping.py took 0.100 seconds
[2025-03-17T10:53:17.553+0000] {processor.py:186} INFO - Started process (PID=50428) to work on /home/airflow/.local/lib/python3.12/site-packages/airflow/example_dags/example_dynamic_task_mapping.py
[2025-03-17T10:53:17.555+0000] {processor.py:914} INFO - Processing file /home/airflow/.local/lib/python3.12/site-packages/airflow/example_dags/example_dynamic_task_mapping.py for tasks to queue
[2025-03-17T10:53:17.558+0000] {logging_mixin.py:190} INFO - [2025-03-17T10:53:17.557+0000] {dagbag.py:588} INFO - Filling up the DagBag from /home/airflow/.local/lib/python3.12/site-packages/airflow/example_dags/example_dynamic_task_mapping.py
[2025-03-17T10:53:17.575+0000] {processor.py:925} INFO - DAG(s) 'example_dynamic_task_mapping' retrieved from /home/airflow/.local/lib/python3.12/site-packages/airflow/example_dags/example_dynamic_task_mapping.py
[2025-03-17T10:53:17.605+0000] {logging_mixin.py:190} INFO - [2025-03-17T10:53:17.604+0000] {dag.py:3239} INFO - Sync 1 DAGs
[2025-03-17T10:53:17.632+0000] {logging_mixin.py:190} INFO - [2025-03-17T10:53:17.631+0000] {dag.py:4180} INFO - Setting next_dagrun for example_dynamic_task_mapping to None, run_after=None
[2025-03-17T10:53:17.668+0000] {processor.py:208} INFO - Processing /home/airflow/.local/lib/python3.12/site-packages/airflow/example_dags/example_dynamic_task_mapping.py took 0.125 seconds
[2025-03-17T10:53:47.880+0000] {processor.py:186} INFO - Started process (PID=50493) to work on /home/airflow/.local/lib/python3.12/site-packages/airflow/example_dags/example_dynamic_task_mapping.py
[2025-03-17T10:53:47.882+0000] {processor.py:914} INFO - Processing file /home/airflow/.local/lib/python3.12/site-packages/airflow/example_dags/example_dynamic_task_mapping.py for tasks to queue
[2025-03-17T10:53:47.884+0000] {logging_mixin.py:190} INFO - [2025-03-17T10:53:47.884+0000] {dagbag.py:588} INFO - Filling up the DagBag from /home/airflow/.local/lib/python3.12/site-packages/airflow/example_dags/example_dynamic_task_mapping.py
[2025-03-17T10:53:47.897+0000] {processor.py:925} INFO - DAG(s) 'example_dynamic_task_mapping' retrieved from /home/airflow/.local/lib/python3.12/site-packages/airflow/example_dags/example_dynamic_task_mapping.py
[2025-03-17T10:53:47.926+0000] {logging_mixin.py:190} INFO - [2025-03-17T10:53:47.926+0000] {dag.py:3239} INFO - Sync 1 DAGs
[2025-03-17T10:53:47.947+0000] {logging_mixin.py:190} INFO - [2025-03-17T10:53:47.947+0000] {dag.py:4180} INFO - Setting next_dagrun for example_dynamic_task_mapping to None, run_after=None
[2025-03-17T10:53:47.980+0000] {processor.py:208} INFO - Processing /home/airflow/.local/lib/python3.12/site-packages/airflow/example_dags/example_dynamic_task_mapping.py took 0.108 seconds
[2025-03-17T15:56:30.529+0000] {processor.py:186} INFO - Started process (PID=50526) to work on /home/airflow/.local/lib/python3.12/site-packages/airflow/example_dags/example_dynamic_task_mapping.py
[2025-03-17T15:56:30.537+0000] {processor.py:914} INFO - Processing file /home/airflow/.local/lib/python3.12/site-packages/airflow/example_dags/example_dynamic_task_mapping.py for tasks to queue
[2025-03-17T15:56:30.554+0000] {logging_mixin.py:190} INFO - [2025-03-17T15:56:30.554+0000] {dagbag.py:588} INFO - Filling up the DagBag from /home/airflow/.local/lib/python3.12/site-packages/airflow/example_dags/example_dynamic_task_mapping.py
[2025-03-17T15:56:30.607+0000] {processor.py:925} INFO - DAG(s) 'example_dynamic_task_mapping' retrieved from /home/airflow/.local/lib/python3.12/site-packages/airflow/example_dags/example_dynamic_task_mapping.py
[2025-03-17T15:56:30.739+0000] {logging_mixin.py:190} INFO - [2025-03-17T15:56:30.738+0000] {dag.py:3239} INFO - Sync 1 DAGs
[2025-03-17T15:56:30.813+0000] {logging_mixin.py:190} INFO - [2025-03-17T15:56:30.812+0000] {dag.py:4180} INFO - Setting next_dagrun for example_dynamic_task_mapping to None, run_after=None
[2025-03-17T15:56:30.908+0000] {processor.py:208} INFO - Processing /home/airflow/.local/lib/python3.12/site-packages/airflow/example_dags/example_dynamic_task_mapping.py took 0.412 seconds
[2025-03-17T15:57:01.182+0000] {processor.py:186} INFO - Started process (PID=50591) to work on /home/airflow/.local/lib/python3.12/site-packages/airflow/example_dags/example_dynamic_task_mapping.py
[2025-03-17T15:57:01.184+0000] {processor.py:914} INFO - Processing file /home/airflow/.local/lib/python3.12/site-packages/airflow/example_dags/example_dynamic_task_mapping.py for tasks to queue
[2025-03-17T15:57:01.186+0000] {logging_mixin.py:190} INFO - [2025-03-17T15:57:01.186+0000] {dagbag.py:588} INFO - Filling up the DagBag from /home/airflow/.local/lib/python3.12/site-packages/airflow/example_dags/example_dynamic_task_mapping.py
[2025-03-17T15:57:01.199+0000] {processor.py:925} INFO - DAG(s) 'example_dynamic_task_mapping' retrieved from /home/airflow/.local/lib/python3.12/site-packages/airflow/example_dags/example_dynamic_task_mapping.py
[2025-03-17T15:57:01.230+0000] {logging_mixin.py:190} INFO - [2025-03-17T15:57:01.230+0000] {dag.py:3239} INFO - Sync 1 DAGs
[2025-03-17T15:57:01.252+0000] {logging_mixin.py:190} INFO - [2025-03-17T15:57:01.251+0000] {dag.py:4180} INFO - Setting next_dagrun for example_dynamic_task_mapping to None, run_after=None
[2025-03-17T15:57:01.284+0000] {processor.py:208} INFO - Processing /home/airflow/.local/lib/python3.12/site-packages/airflow/example_dags/example_dynamic_task_mapping.py took 0.110 seconds
