[2025-03-17T10:50:38.196+0000] {processor.py:186} INFO - Started process (PID=50094) to work on /home/airflow/.local/lib/python3.12/site-packages/airflow/example_dags/example_task_group.py
[2025-03-17T10:50:38.198+0000] {processor.py:914} INFO - Processing file /home/airflow/.local/lib/python3.12/site-packages/airflow/example_dags/example_task_group.py for tasks to queue
[2025-03-17T10:50:38.201+0000] {logging_mixin.py:190} INFO - [2025-03-17T10:50:38.200+0000] {dagbag.py:588} INFO - Filling up the DagBag from /home/airflow/.local/lib/python3.12/site-packages/airflow/example_dags/example_task_group.py
[2025-03-17T10:50:38.261+0000] {processor.py:925} INFO - DAG(s) 'example_task_group' retrieved from /home/airflow/.local/lib/python3.12/site-packages/airflow/example_dags/example_task_group.py
[2025-03-17T10:50:38.367+0000] {logging_mixin.py:190} INFO - [2025-03-17T10:50:38.367+0000] {dag.py:3239} INFO - Sync 1 DAGs
[2025-03-17T10:50:38.465+0000] {logging_mixin.py:190} INFO - [2025-03-17T10:50:38.464+0000] {dag.py:4180} INFO - Setting next_dagrun for example_task_group to None, run_after=None
[2025-03-17T10:50:38.564+0000] {processor.py:208} INFO - Processing /home/airflow/.local/lib/python3.12/site-packages/airflow/example_dags/example_task_group.py took 0.389 seconds
[2025-03-17T10:51:08.860+0000] {processor.py:186} INFO - Started process (PID=50158) to work on /home/airflow/.local/lib/python3.12/site-packages/airflow/example_dags/example_task_group.py
[2025-03-17T10:51:08.863+0000] {processor.py:914} INFO - Processing file /home/airflow/.local/lib/python3.12/site-packages/airflow/example_dags/example_task_group.py for tasks to queue
[2025-03-17T10:51:08.879+0000] {logging_mixin.py:190} INFO - [2025-03-17T10:51:08.878+0000] {dagbag.py:588} INFO - Filling up the DagBag from /home/airflow/.local/lib/python3.12/site-packages/airflow/example_dags/example_task_group.py
[2025-03-17T10:51:08.923+0000] {processor.py:925} INFO - DAG(s) 'example_task_group' retrieved from /home/airflow/.local/lib/python3.12/site-packages/airflow/example_dags/example_task_group.py
[2025-03-17T10:51:09.015+0000] {logging_mixin.py:190} INFO - [2025-03-17T10:51:09.015+0000] {dag.py:3239} INFO - Sync 1 DAGs
[2025-03-17T10:51:09.100+0000] {logging_mixin.py:190} INFO - [2025-03-17T10:51:09.099+0000] {dag.py:4180} INFO - Setting next_dagrun for example_task_group to None, run_after=None
[2025-03-17T10:51:09.187+0000] {processor.py:208} INFO - Processing /home/airflow/.local/lib/python3.12/site-packages/airflow/example_dags/example_task_group.py took 0.355 seconds
[2025-03-17T10:51:39.364+0000] {processor.py:186} INFO - Started process (PID=50223) to work on /home/airflow/.local/lib/python3.12/site-packages/airflow/example_dags/example_task_group.py
[2025-03-17T10:51:39.366+0000] {processor.py:914} INFO - Processing file /home/airflow/.local/lib/python3.12/site-packages/airflow/example_dags/example_task_group.py for tasks to queue
[2025-03-17T10:51:39.368+0000] {logging_mixin.py:190} INFO - [2025-03-17T10:51:39.368+0000] {dagbag.py:588} INFO - Filling up the DagBag from /home/airflow/.local/lib/python3.12/site-packages/airflow/example_dags/example_task_group.py
[2025-03-17T10:51:39.382+0000] {processor.py:925} INFO - DAG(s) 'example_task_group' retrieved from /home/airflow/.local/lib/python3.12/site-packages/airflow/example_dags/example_task_group.py
[2025-03-17T10:51:39.414+0000] {logging_mixin.py:190} INFO - [2025-03-17T10:51:39.414+0000] {dag.py:3239} INFO - Sync 1 DAGs
[2025-03-17T10:51:39.438+0000] {logging_mixin.py:190} INFO - [2025-03-17T10:51:39.438+0000] {dag.py:4180} INFO - Setting next_dagrun for example_task_group to None, run_after=None
[2025-03-17T10:51:39.470+0000] {processor.py:208} INFO - Processing /home/airflow/.local/lib/python3.12/site-packages/airflow/example_dags/example_task_group.py took 0.113 seconds
[2025-03-17T10:52:09.886+0000] {processor.py:186} INFO - Started process (PID=50288) to work on /home/airflow/.local/lib/python3.12/site-packages/airflow/example_dags/example_task_group.py
[2025-03-17T10:52:09.887+0000] {processor.py:914} INFO - Processing file /home/airflow/.local/lib/python3.12/site-packages/airflow/example_dags/example_task_group.py for tasks to queue
[2025-03-17T10:52:09.890+0000] {logging_mixin.py:190} INFO - [2025-03-17T10:52:09.889+0000] {dagbag.py:588} INFO - Filling up the DagBag from /home/airflow/.local/lib/python3.12/site-packages/airflow/example_dags/example_task_group.py
[2025-03-17T10:52:09.907+0000] {processor.py:925} INFO - DAG(s) 'example_task_group' retrieved from /home/airflow/.local/lib/python3.12/site-packages/airflow/example_dags/example_task_group.py
[2025-03-17T10:52:09.952+0000] {logging_mixin.py:190} INFO - [2025-03-17T10:52:09.951+0000] {dag.py:3239} INFO - Sync 1 DAGs
[2025-03-17T10:52:09.993+0000] {logging_mixin.py:190} INFO - [2025-03-17T10:52:09.993+0000] {dag.py:4180} INFO - Setting next_dagrun for example_task_group to None, run_after=None
[2025-03-17T10:52:10.042+0000] {processor.py:208} INFO - Processing /home/airflow/.local/lib/python3.12/site-packages/airflow/example_dags/example_task_group.py took 0.164 seconds
[2025-03-17T10:52:40.825+0000] {processor.py:186} INFO - Started process (PID=50353) to work on /home/airflow/.local/lib/python3.12/site-packages/airflow/example_dags/example_task_group.py
[2025-03-17T10:52:40.826+0000] {processor.py:914} INFO - Processing file /home/airflow/.local/lib/python3.12/site-packages/airflow/example_dags/example_task_group.py for tasks to queue
[2025-03-17T10:52:40.828+0000] {logging_mixin.py:190} INFO - [2025-03-17T10:52:40.828+0000] {dagbag.py:588} INFO - Filling up the DagBag from /home/airflow/.local/lib/python3.12/site-packages/airflow/example_dags/example_task_group.py
[2025-03-17T10:52:40.847+0000] {processor.py:925} INFO - DAG(s) 'example_task_group' retrieved from /home/airflow/.local/lib/python3.12/site-packages/airflow/example_dags/example_task_group.py
[2025-03-17T10:52:40.885+0000] {logging_mixin.py:190} INFO - [2025-03-17T10:52:40.884+0000] {dag.py:3239} INFO - Sync 1 DAGs
[2025-03-17T10:52:40.909+0000] {logging_mixin.py:190} INFO - [2025-03-17T10:52:40.908+0000] {dag.py:4180} INFO - Setting next_dagrun for example_task_group to None, run_after=None
[2025-03-17T10:52:40.944+0000] {processor.py:208} INFO - Processing /home/airflow/.local/lib/python3.12/site-packages/airflow/example_dags/example_task_group.py took 0.126 seconds
[2025-03-17T10:53:11.385+0000] {processor.py:186} INFO - Started process (PID=50417) to work on /home/airflow/.local/lib/python3.12/site-packages/airflow/example_dags/example_task_group.py
[2025-03-17T10:53:11.388+0000] {processor.py:914} INFO - Processing file /home/airflow/.local/lib/python3.12/site-packages/airflow/example_dags/example_task_group.py for tasks to queue
[2025-03-17T10:53:11.391+0000] {logging_mixin.py:190} INFO - [2025-03-17T10:53:11.391+0000] {dagbag.py:588} INFO - Filling up the DagBag from /home/airflow/.local/lib/python3.12/site-packages/airflow/example_dags/example_task_group.py
[2025-03-17T10:53:11.409+0000] {processor.py:925} INFO - DAG(s) 'example_task_group' retrieved from /home/airflow/.local/lib/python3.12/site-packages/airflow/example_dags/example_task_group.py
[2025-03-17T10:53:11.449+0000] {logging_mixin.py:190} INFO - [2025-03-17T10:53:11.448+0000] {dag.py:3239} INFO - Sync 1 DAGs
[2025-03-17T10:53:11.491+0000] {logging_mixin.py:190} INFO - [2025-03-17T10:53:11.490+0000] {dag.py:4180} INFO - Setting next_dagrun for example_task_group to None, run_after=None
[2025-03-17T10:53:11.564+0000] {processor.py:208} INFO - Processing /home/airflow/.local/lib/python3.12/site-packages/airflow/example_dags/example_task_group.py took 0.190 seconds
[2025-03-17T10:53:41.788+0000] {processor.py:186} INFO - Started process (PID=50482) to work on /home/airflow/.local/lib/python3.12/site-packages/airflow/example_dags/example_task_group.py
[2025-03-17T10:53:41.789+0000] {processor.py:914} INFO - Processing file /home/airflow/.local/lib/python3.12/site-packages/airflow/example_dags/example_task_group.py for tasks to queue
[2025-03-17T10:53:41.792+0000] {logging_mixin.py:190} INFO - [2025-03-17T10:53:41.791+0000] {dagbag.py:588} INFO - Filling up the DagBag from /home/airflow/.local/lib/python3.12/site-packages/airflow/example_dags/example_task_group.py
[2025-03-17T10:53:41.805+0000] {processor.py:925} INFO - DAG(s) 'example_task_group' retrieved from /home/airflow/.local/lib/python3.12/site-packages/airflow/example_dags/example_task_group.py
[2025-03-17T10:53:41.843+0000] {logging_mixin.py:190} INFO - [2025-03-17T10:53:41.842+0000] {dag.py:3239} INFO - Sync 1 DAGs
[2025-03-17T10:53:41.865+0000] {logging_mixin.py:190} INFO - [2025-03-17T10:53:41.865+0000] {dag.py:4180} INFO - Setting next_dagrun for example_task_group to None, run_after=None
[2025-03-17T10:53:41.903+0000] {processor.py:208} INFO - Processing /home/airflow/.local/lib/python3.12/site-packages/airflow/example_dags/example_task_group.py took 0.123 seconds
[2025-03-17T15:56:26.474+0000] {processor.py:186} INFO - Started process (PID=50515) to work on /home/airflow/.local/lib/python3.12/site-packages/airflow/example_dags/example_task_group.py
[2025-03-17T15:56:26.487+0000] {processor.py:914} INFO - Processing file /home/airflow/.local/lib/python3.12/site-packages/airflow/example_dags/example_task_group.py for tasks to queue
[2025-03-17T15:56:26.490+0000] {logging_mixin.py:190} INFO - [2025-03-17T15:56:26.489+0000] {dagbag.py:588} INFO - Filling up the DagBag from /home/airflow/.local/lib/python3.12/site-packages/airflow/example_dags/example_task_group.py
[2025-03-17T15:56:26.548+0000] {processor.py:925} INFO - DAG(s) 'example_task_group' retrieved from /home/airflow/.local/lib/python3.12/site-packages/airflow/example_dags/example_task_group.py
[2025-03-17T15:56:26.671+0000] {logging_mixin.py:190} INFO - [2025-03-17T15:56:26.671+0000] {dag.py:3239} INFO - Sync 1 DAGs
[2025-03-17T15:56:26.785+0000] {logging_mixin.py:190} INFO - [2025-03-17T15:56:26.784+0000] {dag.py:4180} INFO - Setting next_dagrun for example_task_group to None, run_after=None
[2025-03-17T15:56:26.910+0000] {processor.py:208} INFO - Processing /home/airflow/.local/lib/python3.12/site-packages/airflow/example_dags/example_task_group.py took 0.457 seconds
[2025-03-17T15:56:57.200+0000] {processor.py:186} INFO - Started process (PID=50580) to work on /home/airflow/.local/lib/python3.12/site-packages/airflow/example_dags/example_task_group.py
[2025-03-17T15:56:57.202+0000] {processor.py:914} INFO - Processing file /home/airflow/.local/lib/python3.12/site-packages/airflow/example_dags/example_task_group.py for tasks to queue
[2025-03-17T15:56:57.204+0000] {logging_mixin.py:190} INFO - [2025-03-17T15:56:57.204+0000] {dagbag.py:588} INFO - Filling up the DagBag from /home/airflow/.local/lib/python3.12/site-packages/airflow/example_dags/example_task_group.py
[2025-03-17T15:56:57.216+0000] {processor.py:925} INFO - DAG(s) 'example_task_group' retrieved from /home/airflow/.local/lib/python3.12/site-packages/airflow/example_dags/example_task_group.py
[2025-03-17T15:56:57.244+0000] {logging_mixin.py:190} INFO - [2025-03-17T15:56:57.243+0000] {dag.py:3239} INFO - Sync 1 DAGs
[2025-03-17T15:56:57.275+0000] {logging_mixin.py:190} INFO - [2025-03-17T15:56:57.274+0000] {dag.py:4180} INFO - Setting next_dagrun for example_task_group to None, run_after=None
[2025-03-17T15:56:57.313+0000] {processor.py:208} INFO - Processing /home/airflow/.local/lib/python3.12/site-packages/airflow/example_dags/example_task_group.py took 0.120 seconds
