[2025-03-17T10:50:52.419+0000] {processor.py:186} INFO - Started process (PID=50118) to work on /home/airflow/.local/lib/python3.12/site-packages/airflow/example_dags/example_trigger_controller_dag.py
[2025-03-17T10:50:52.431+0000] {processor.py:914} INFO - Processing file /home/airflow/.local/lib/python3.12/site-packages/airflow/example_dags/example_trigger_controller_dag.py for tasks to queue
[2025-03-17T10:50:52.435+0000] {logging_mixin.py:190} INFO - [2025-03-17T10:50:52.434+0000] {dagbag.py:588} INFO - Filling up the DagBag from /home/airflow/.local/lib/python3.12/site-packages/airflow/example_dags/example_trigger_controller_dag.py
[2025-03-17T10:50:52.489+0000] {processor.py:925} INFO - DAG(s) 'example_trigger_controller_dag' retrieved from /home/airflow/.local/lib/python3.12/site-packages/airflow/example_dags/example_trigger_controller_dag.py
[2025-03-17T10:50:52.607+0000] {logging_mixin.py:190} INFO - [2025-03-17T10:50:52.606+0000] {dag.py:3239} INFO - Sync 1 DAGs
[2025-03-17T10:50:52.729+0000] {logging_mixin.py:190} INFO - [2025-03-17T10:50:52.729+0000] {dag.py:4180} INFO - Setting next_dagrun for example_trigger_controller_dag to 2021-01-01 00:00:00+00:00, run_after=2021-01-01 00:00:00+00:00
[2025-03-17T10:50:52.838+0000] {processor.py:208} INFO - Processing /home/airflow/.local/lib/python3.12/site-packages/airflow/example_dags/example_trigger_controller_dag.py took 0.438 seconds
[2025-03-17T10:51:23.086+0000] {processor.py:186} INFO - Started process (PID=50183) to work on /home/airflow/.local/lib/python3.12/site-packages/airflow/example_dags/example_trigger_controller_dag.py
[2025-03-17T10:51:23.087+0000] {processor.py:914} INFO - Processing file /home/airflow/.local/lib/python3.12/site-packages/airflow/example_dags/example_trigger_controller_dag.py for tasks to queue
[2025-03-17T10:51:23.090+0000] {logging_mixin.py:190} INFO - [2025-03-17T10:51:23.089+0000] {dagbag.py:588} INFO - Filling up the DagBag from /home/airflow/.local/lib/python3.12/site-packages/airflow/example_dags/example_trigger_controller_dag.py
[2025-03-17T10:51:23.101+0000] {processor.py:925} INFO - DAG(s) 'example_trigger_controller_dag' retrieved from /home/airflow/.local/lib/python3.12/site-packages/airflow/example_dags/example_trigger_controller_dag.py
[2025-03-17T10:51:23.139+0000] {logging_mixin.py:190} INFO - [2025-03-17T10:51:23.139+0000] {dag.py:3239} INFO - Sync 1 DAGs
[2025-03-17T10:51:23.177+0000] {logging_mixin.py:190} INFO - [2025-03-17T10:51:23.177+0000] {dag.py:4180} INFO - Setting next_dagrun for example_trigger_controller_dag to 2021-01-01 00:00:00+00:00, run_after=2021-01-01 00:00:00+00:00
[2025-03-17T10:51:23.219+0000] {processor.py:208} INFO - Processing /home/airflow/.local/lib/python3.12/site-packages/airflow/example_dags/example_trigger_controller_dag.py took 0.141 seconds
[2025-03-17T10:51:54.341+0000] {processor.py:186} INFO - Started process (PID=50248) to work on /home/airflow/.local/lib/python3.12/site-packages/airflow/example_dags/example_trigger_controller_dag.py
[2025-03-17T10:51:54.342+0000] {processor.py:914} INFO - Processing file /home/airflow/.local/lib/python3.12/site-packages/airflow/example_dags/example_trigger_controller_dag.py for tasks to queue
[2025-03-17T10:51:54.345+0000] {logging_mixin.py:190} INFO - [2025-03-17T10:51:54.344+0000] {dagbag.py:588} INFO - Filling up the DagBag from /home/airflow/.local/lib/python3.12/site-packages/airflow/example_dags/example_trigger_controller_dag.py
[2025-03-17T10:51:54.355+0000] {processor.py:925} INFO - DAG(s) 'example_trigger_controller_dag' retrieved from /home/airflow/.local/lib/python3.12/site-packages/airflow/example_dags/example_trigger_controller_dag.py
[2025-03-17T10:51:54.386+0000] {logging_mixin.py:190} INFO - [2025-03-17T10:51:54.386+0000] {dag.py:3239} INFO - Sync 1 DAGs
[2025-03-17T10:51:54.427+0000] {logging_mixin.py:190} INFO - [2025-03-17T10:51:54.426+0000] {dag.py:4180} INFO - Setting next_dagrun for example_trigger_controller_dag to 2021-01-01 00:00:00+00:00, run_after=2021-01-01 00:00:00+00:00
[2025-03-17T10:51:54.469+0000] {processor.py:208} INFO - Processing /home/airflow/.local/lib/python3.12/site-packages/airflow/example_dags/example_trigger_controller_dag.py took 0.138 seconds
[2025-03-17T10:52:24.558+0000] {processor.py:186} INFO - Started process (PID=50312) to work on /home/airflow/.local/lib/python3.12/site-packages/airflow/example_dags/example_trigger_controller_dag.py
[2025-03-17T10:52:24.559+0000] {processor.py:914} INFO - Processing file /home/airflow/.local/lib/python3.12/site-packages/airflow/example_dags/example_trigger_controller_dag.py for tasks to queue
[2025-03-17T10:52:24.562+0000] {logging_mixin.py:190} INFO - [2025-03-17T10:52:24.562+0000] {dagbag.py:588} INFO - Filling up the DagBag from /home/airflow/.local/lib/python3.12/site-packages/airflow/example_dags/example_trigger_controller_dag.py
[2025-03-17T10:52:24.573+0000] {processor.py:925} INFO - DAG(s) 'example_trigger_controller_dag' retrieved from /home/airflow/.local/lib/python3.12/site-packages/airflow/example_dags/example_trigger_controller_dag.py
[2025-03-17T10:52:24.604+0000] {logging_mixin.py:190} INFO - [2025-03-17T10:52:24.604+0000] {dag.py:3239} INFO - Sync 1 DAGs
[2025-03-17T10:52:24.651+0000] {logging_mixin.py:190} INFO - [2025-03-17T10:52:24.651+0000] {dag.py:4180} INFO - Setting next_dagrun for example_trigger_controller_dag to 2021-01-01 00:00:00+00:00, run_after=2021-01-01 00:00:00+00:00
[2025-03-17T10:52:24.691+0000] {processor.py:208} INFO - Processing /home/airflow/.local/lib/python3.12/site-packages/airflow/example_dags/example_trigger_controller_dag.py took 0.141 seconds
[2025-03-17T10:52:55.187+0000] {processor.py:186} INFO - Started process (PID=50377) to work on /home/airflow/.local/lib/python3.12/site-packages/airflow/example_dags/example_trigger_controller_dag.py
[2025-03-17T10:52:55.189+0000] {processor.py:914} INFO - Processing file /home/airflow/.local/lib/python3.12/site-packages/airflow/example_dags/example_trigger_controller_dag.py for tasks to queue
[2025-03-17T10:52:55.192+0000] {logging_mixin.py:190} INFO - [2025-03-17T10:52:55.191+0000] {dagbag.py:588} INFO - Filling up the DagBag from /home/airflow/.local/lib/python3.12/site-packages/airflow/example_dags/example_trigger_controller_dag.py
[2025-03-17T10:52:55.209+0000] {processor.py:925} INFO - DAG(s) 'example_trigger_controller_dag' retrieved from /home/airflow/.local/lib/python3.12/site-packages/airflow/example_dags/example_trigger_controller_dag.py
[2025-03-17T10:52:55.254+0000] {logging_mixin.py:190} INFO - [2025-03-17T10:52:55.253+0000] {dag.py:3239} INFO - Sync 1 DAGs
[2025-03-17T10:52:55.284+0000] {logging_mixin.py:190} INFO - [2025-03-17T10:52:55.284+0000] {dag.py:4180} INFO - Setting next_dagrun for example_trigger_controller_dag to 2021-01-01 00:00:00+00:00, run_after=2021-01-01 00:00:00+00:00
[2025-03-17T10:52:55.317+0000] {processor.py:208} INFO - Processing /home/airflow/.local/lib/python3.12/site-packages/airflow/example_dags/example_trigger_controller_dag.py took 0.137 seconds
[2025-03-17T10:53:26.111+0000] {processor.py:186} INFO - Started process (PID=50447) to work on /home/airflow/.local/lib/python3.12/site-packages/airflow/example_dags/example_trigger_controller_dag.py
[2025-03-17T10:53:26.113+0000] {processor.py:914} INFO - Processing file /home/airflow/.local/lib/python3.12/site-packages/airflow/example_dags/example_trigger_controller_dag.py for tasks to queue
[2025-03-17T10:53:26.116+0000] {logging_mixin.py:190} INFO - [2025-03-17T10:53:26.115+0000] {dagbag.py:588} INFO - Filling up the DagBag from /home/airflow/.local/lib/python3.12/site-packages/airflow/example_dags/example_trigger_controller_dag.py
[2025-03-17T10:53:26.128+0000] {processor.py:925} INFO - DAG(s) 'example_trigger_controller_dag' retrieved from /home/airflow/.local/lib/python3.12/site-packages/airflow/example_dags/example_trigger_controller_dag.py
[2025-03-17T10:53:26.159+0000] {logging_mixin.py:190} INFO - [2025-03-17T10:53:26.159+0000] {dag.py:3239} INFO - Sync 1 DAGs
[2025-03-17T10:53:26.193+0000] {logging_mixin.py:190} INFO - [2025-03-17T10:53:26.193+0000] {dag.py:4180} INFO - Setting next_dagrun for example_trigger_controller_dag to 2021-01-01 00:00:00+00:00, run_after=2021-01-01 00:00:00+00:00
[2025-03-17T10:53:26.227+0000] {processor.py:208} INFO - Processing /home/airflow/.local/lib/python3.12/site-packages/airflow/example_dags/example_trigger_controller_dag.py took 0.123 seconds
[2025-03-17T15:56:34.229+0000] {processor.py:186} INFO - Started process (PID=50539) to work on /home/airflow/.local/lib/python3.12/site-packages/airflow/example_dags/example_trigger_controller_dag.py
[2025-03-17T15:56:34.231+0000] {processor.py:914} INFO - Processing file /home/airflow/.local/lib/python3.12/site-packages/airflow/example_dags/example_trigger_controller_dag.py for tasks to queue
[2025-03-17T15:56:34.233+0000] {logging_mixin.py:190} INFO - [2025-03-17T15:56:34.232+0000] {dagbag.py:588} INFO - Filling up the DagBag from /home/airflow/.local/lib/python3.12/site-packages/airflow/example_dags/example_trigger_controller_dag.py
[2025-03-17T15:56:34.243+0000] {processor.py:925} INFO - DAG(s) 'example_trigger_controller_dag' retrieved from /home/airflow/.local/lib/python3.12/site-packages/airflow/example_dags/example_trigger_controller_dag.py
[2025-03-17T15:56:34.270+0000] {logging_mixin.py:190} INFO - [2025-03-17T15:56:34.270+0000] {dag.py:3239} INFO - Sync 1 DAGs
[2025-03-17T15:56:34.301+0000] {logging_mixin.py:190} INFO - [2025-03-17T15:56:34.301+0000] {dag.py:4180} INFO - Setting next_dagrun for example_trigger_controller_dag to 2021-01-01 00:00:00+00:00, run_after=2021-01-01 00:00:00+00:00
[2025-03-17T15:56:34.331+0000] {processor.py:208} INFO - Processing /home/airflow/.local/lib/python3.12/site-packages/airflow/example_dags/example_trigger_controller_dag.py took 0.110 seconds
[2025-03-17T15:57:05.681+0000] {processor.py:186} INFO - Started process (PID=50604) to work on /home/airflow/.local/lib/python3.12/site-packages/airflow/example_dags/example_trigger_controller_dag.py
[2025-03-17T15:57:05.683+0000] {processor.py:914} INFO - Processing file /home/airflow/.local/lib/python3.12/site-packages/airflow/example_dags/example_trigger_controller_dag.py for tasks to queue
[2025-03-17T15:57:05.685+0000] {logging_mixin.py:190} INFO - [2025-03-17T15:57:05.685+0000] {dagbag.py:588} INFO - Filling up the DagBag from /home/airflow/.local/lib/python3.12/site-packages/airflow/example_dags/example_trigger_controller_dag.py
[2025-03-17T15:57:05.696+0000] {processor.py:925} INFO - DAG(s) 'example_trigger_controller_dag' retrieved from /home/airflow/.local/lib/python3.12/site-packages/airflow/example_dags/example_trigger_controller_dag.py
[2025-03-17T15:57:05.725+0000] {logging_mixin.py:190} INFO - [2025-03-17T15:57:05.724+0000] {dag.py:3239} INFO - Sync 1 DAGs
[2025-03-17T15:57:05.759+0000] {logging_mixin.py:190} INFO - [2025-03-17T15:57:05.758+0000] {dag.py:4180} INFO - Setting next_dagrun for example_trigger_controller_dag to 2021-01-01 00:00:00+00:00, run_after=2021-01-01 00:00:00+00:00
[2025-03-17T15:57:05.788+0000] {processor.py:208} INFO - Processing /home/airflow/.local/lib/python3.12/site-packages/airflow/example_dags/example_trigger_controller_dag.py took 0.116 seconds
