[2025-03-17T10:50:49.449+0000] {processor.py:186} INFO - Started process (PID=50113) to work on /home/airflow/.local/lib/python3.12/site-packages/airflow/example_dags/example_local_kubernetes_executor.py
[2025-03-17T10:50:49.460+0000] {processor.py:914} INFO - Processing file /home/airflow/.local/lib/python3.12/site-packages/airflow/example_dags/example_local_kubernetes_executor.py for tasks to queue
[2025-03-17T10:50:49.464+0000] {logging_mixin.py:190} INFO - [2025-03-17T10:50:49.463+0000] {dagbag.py:588} INFO - Filling up the DagBag from /home/airflow/.local/lib/python3.12/site-packages/airflow/example_dags/example_local_kubernetes_executor.py
[2025-03-17T10:50:49.524+0000] {processor.py:925} INFO - DAG(s) 'example_local_kubernetes_executor' retrieved from /home/airflow/.local/lib/python3.12/site-packages/airflow/example_dags/example_local_kubernetes_executor.py
[2025-03-17T10:50:49.633+0000] {logging_mixin.py:190} INFO - [2025-03-17T10:50:49.632+0000] {dag.py:3239} INFO - Sync 1 DAGs
[2025-03-17T10:50:49.728+0000] {logging_mixin.py:190} INFO - [2025-03-17T10:50:49.728+0000] {dag.py:4180} INFO - Setting next_dagrun for example_local_kubernetes_executor to None, run_after=None
[2025-03-17T10:50:49.855+0000] {processor.py:208} INFO - Processing /home/airflow/.local/lib/python3.12/site-packages/airflow/example_dags/example_local_kubernetes_executor.py took 0.429 seconds
[2025-03-17T10:51:20.588+0000] {processor.py:186} INFO - Started process (PID=50177) to work on /home/airflow/.local/lib/python3.12/site-packages/airflow/example_dags/example_local_kubernetes_executor.py
[2025-03-17T10:51:20.590+0000] {processor.py:914} INFO - Processing file /home/airflow/.local/lib/python3.12/site-packages/airflow/example_dags/example_local_kubernetes_executor.py for tasks to queue
[2025-03-17T10:51:20.592+0000] {logging_mixin.py:190} INFO - [2025-03-17T10:51:20.592+0000] {dagbag.py:588} INFO - Filling up the DagBag from /home/airflow/.local/lib/python3.12/site-packages/airflow/example_dags/example_local_kubernetes_executor.py
[2025-03-17T10:51:20.605+0000] {processor.py:925} INFO - DAG(s) 'example_local_kubernetes_executor' retrieved from /home/airflow/.local/lib/python3.12/site-packages/airflow/example_dags/example_local_kubernetes_executor.py
[2025-03-17T10:51:20.633+0000] {logging_mixin.py:190} INFO - [2025-03-17T10:51:20.632+0000] {dag.py:3239} INFO - Sync 1 DAGs
[2025-03-17T10:51:20.651+0000] {logging_mixin.py:190} INFO - [2025-03-17T10:51:20.651+0000] {dag.py:4180} INFO - Setting next_dagrun for example_local_kubernetes_executor to None, run_after=None
[2025-03-17T10:51:20.692+0000] {processor.py:208} INFO - Processing /home/airflow/.local/lib/python3.12/site-packages/airflow/example_dags/example_local_kubernetes_executor.py took 0.111 seconds
[2025-03-17T10:51:51.503+0000] {processor.py:186} INFO - Started process (PID=50242) to work on /home/airflow/.local/lib/python3.12/site-packages/airflow/example_dags/example_local_kubernetes_executor.py
[2025-03-17T10:51:51.504+0000] {processor.py:914} INFO - Processing file /home/airflow/.local/lib/python3.12/site-packages/airflow/example_dags/example_local_kubernetes_executor.py for tasks to queue
[2025-03-17T10:51:51.507+0000] {logging_mixin.py:190} INFO - [2025-03-17T10:51:51.506+0000] {dagbag.py:588} INFO - Filling up the DagBag from /home/airflow/.local/lib/python3.12/site-packages/airflow/example_dags/example_local_kubernetes_executor.py
[2025-03-17T10:51:51.524+0000] {processor.py:925} INFO - DAG(s) 'example_local_kubernetes_executor' retrieved from /home/airflow/.local/lib/python3.12/site-packages/airflow/example_dags/example_local_kubernetes_executor.py
[2025-03-17T10:51:51.575+0000] {logging_mixin.py:190} INFO - [2025-03-17T10:51:51.575+0000] {dag.py:3239} INFO - Sync 1 DAGs
[2025-03-17T10:51:51.617+0000] {logging_mixin.py:190} INFO - [2025-03-17T10:51:51.617+0000] {dag.py:4180} INFO - Setting next_dagrun for example_local_kubernetes_executor to None, run_after=None
[2025-03-17T10:51:51.669+0000] {processor.py:208} INFO - Processing /home/airflow/.local/lib/python3.12/site-packages/airflow/example_dags/example_local_kubernetes_executor.py took 0.174 seconds
[2025-03-17T10:52:22.068+0000] {processor.py:186} INFO - Started process (PID=50307) to work on /home/airflow/.local/lib/python3.12/site-packages/airflow/example_dags/example_local_kubernetes_executor.py
[2025-03-17T10:52:22.070+0000] {processor.py:914} INFO - Processing file /home/airflow/.local/lib/python3.12/site-packages/airflow/example_dags/example_local_kubernetes_executor.py for tasks to queue
[2025-03-17T10:52:22.073+0000] {logging_mixin.py:190} INFO - [2025-03-17T10:52:22.072+0000] {dagbag.py:588} INFO - Filling up the DagBag from /home/airflow/.local/lib/python3.12/site-packages/airflow/example_dags/example_local_kubernetes_executor.py
[2025-03-17T10:52:22.088+0000] {processor.py:925} INFO - DAG(s) 'example_local_kubernetes_executor' retrieved from /home/airflow/.local/lib/python3.12/site-packages/airflow/example_dags/example_local_kubernetes_executor.py
[2025-03-17T10:52:22.123+0000] {logging_mixin.py:190} INFO - [2025-03-17T10:52:22.123+0000] {dag.py:3239} INFO - Sync 1 DAGs
[2025-03-17T10:52:22.147+0000] {logging_mixin.py:190} INFO - [2025-03-17T10:52:22.146+0000] {dag.py:4180} INFO - Setting next_dagrun for example_local_kubernetes_executor to None, run_after=None
[2025-03-17T10:52:22.183+0000] {processor.py:208} INFO - Processing /home/airflow/.local/lib/python3.12/site-packages/airflow/example_dags/example_local_kubernetes_executor.py took 0.124 seconds
[2025-03-17T10:52:52.715+0000] {processor.py:186} INFO - Started process (PID=50371) to work on /home/airflow/.local/lib/python3.12/site-packages/airflow/example_dags/example_local_kubernetes_executor.py
[2025-03-17T10:52:52.717+0000] {processor.py:914} INFO - Processing file /home/airflow/.local/lib/python3.12/site-packages/airflow/example_dags/example_local_kubernetes_executor.py for tasks to queue
[2025-03-17T10:52:52.720+0000] {logging_mixin.py:190} INFO - [2025-03-17T10:52:52.719+0000] {dagbag.py:588} INFO - Filling up the DagBag from /home/airflow/.local/lib/python3.12/site-packages/airflow/example_dags/example_local_kubernetes_executor.py
[2025-03-17T10:52:52.736+0000] {processor.py:925} INFO - DAG(s) 'example_local_kubernetes_executor' retrieved from /home/airflow/.local/lib/python3.12/site-packages/airflow/example_dags/example_local_kubernetes_executor.py
[2025-03-17T10:52:52.771+0000] {logging_mixin.py:190} INFO - [2025-03-17T10:52:52.770+0000] {dag.py:3239} INFO - Sync 1 DAGs
[2025-03-17T10:52:52.794+0000] {logging_mixin.py:190} INFO - [2025-03-17T10:52:52.793+0000] {dag.py:4180} INFO - Setting next_dagrun for example_local_kubernetes_executor to None, run_after=None
[2025-03-17T10:52:52.829+0000] {processor.py:208} INFO - Processing /home/airflow/.local/lib/python3.12/site-packages/airflow/example_dags/example_local_kubernetes_executor.py took 0.124 seconds
[2025-03-17T10:53:23.080+0000] {processor.py:186} INFO - Started process (PID=50435) to work on /home/airflow/.local/lib/python3.12/site-packages/airflow/example_dags/example_local_kubernetes_executor.py
[2025-03-17T10:53:23.082+0000] {processor.py:914} INFO - Processing file /home/airflow/.local/lib/python3.12/site-packages/airflow/example_dags/example_local_kubernetes_executor.py for tasks to queue
[2025-03-17T10:53:23.084+0000] {logging_mixin.py:190} INFO - [2025-03-17T10:53:23.084+0000] {dagbag.py:588} INFO - Filling up the DagBag from /home/airflow/.local/lib/python3.12/site-packages/airflow/example_dags/example_local_kubernetes_executor.py
[2025-03-17T10:53:23.100+0000] {processor.py:925} INFO - DAG(s) 'example_local_kubernetes_executor' retrieved from /home/airflow/.local/lib/python3.12/site-packages/airflow/example_dags/example_local_kubernetes_executor.py
[2025-03-17T10:53:23.133+0000] {logging_mixin.py:190} INFO - [2025-03-17T10:53:23.133+0000] {dag.py:3239} INFO - Sync 1 DAGs
[2025-03-17T10:53:23.152+0000] {logging_mixin.py:190} INFO - [2025-03-17T10:53:23.152+0000] {dag.py:4180} INFO - Setting next_dagrun for example_local_kubernetes_executor to None, run_after=None
[2025-03-17T10:53:23.184+0000] {processor.py:208} INFO - Processing /home/airflow/.local/lib/python3.12/site-packages/airflow/example_dags/example_local_kubernetes_executor.py took 0.114 seconds
[2025-03-17T15:56:33.212+0000] {processor.py:186} INFO - Started process (PID=50534) to work on /home/airflow/.local/lib/python3.12/site-packages/airflow/example_dags/example_local_kubernetes_executor.py
[2025-03-17T15:56:33.213+0000] {processor.py:914} INFO - Processing file /home/airflow/.local/lib/python3.12/site-packages/airflow/example_dags/example_local_kubernetes_executor.py for tasks to queue
[2025-03-17T15:56:33.215+0000] {logging_mixin.py:190} INFO - [2025-03-17T15:56:33.215+0000] {dagbag.py:588} INFO - Filling up the DagBag from /home/airflow/.local/lib/python3.12/site-packages/airflow/example_dags/example_local_kubernetes_executor.py
[2025-03-17T15:56:33.228+0000] {processor.py:925} INFO - DAG(s) 'example_local_kubernetes_executor' retrieved from /home/airflow/.local/lib/python3.12/site-packages/airflow/example_dags/example_local_kubernetes_executor.py
[2025-03-17T15:56:33.263+0000] {logging_mixin.py:190} INFO - [2025-03-17T15:56:33.263+0000] {dag.py:3239} INFO - Sync 1 DAGs
[2025-03-17T15:56:33.285+0000] {logging_mixin.py:190} INFO - [2025-03-17T15:56:33.285+0000] {dag.py:4180} INFO - Setting next_dagrun for example_local_kubernetes_executor to None, run_after=None
[2025-03-17T15:56:33.317+0000] {processor.py:208} INFO - Processing /home/airflow/.local/lib/python3.12/site-packages/airflow/example_dags/example_local_kubernetes_executor.py took 0.112 seconds
[2025-03-17T15:57:04.029+0000] {processor.py:186} INFO - Started process (PID=50598) to work on /home/airflow/.local/lib/python3.12/site-packages/airflow/example_dags/example_local_kubernetes_executor.py
[2025-03-17T15:57:04.030+0000] {processor.py:914} INFO - Processing file /home/airflow/.local/lib/python3.12/site-packages/airflow/example_dags/example_local_kubernetes_executor.py for tasks to queue
[2025-03-17T15:57:04.033+0000] {logging_mixin.py:190} INFO - [2025-03-17T15:57:04.032+0000] {dagbag.py:588} INFO - Filling up the DagBag from /home/airflow/.local/lib/python3.12/site-packages/airflow/example_dags/example_local_kubernetes_executor.py
[2025-03-17T15:57:04.051+0000] {processor.py:925} INFO - DAG(s) 'example_local_kubernetes_executor' retrieved from /home/airflow/.local/lib/python3.12/site-packages/airflow/example_dags/example_local_kubernetes_executor.py
[2025-03-17T15:57:04.092+0000] {logging_mixin.py:190} INFO - [2025-03-17T15:57:04.091+0000] {dag.py:3239} INFO - Sync 1 DAGs
[2025-03-17T15:57:04.128+0000] {logging_mixin.py:190} INFO - [2025-03-17T15:57:04.127+0000] {dag.py:4180} INFO - Setting next_dagrun for example_local_kubernetes_executor to None, run_after=None
[2025-03-17T15:57:04.174+0000] {processor.py:208} INFO - Processing /home/airflow/.local/lib/python3.12/site-packages/airflow/example_dags/example_local_kubernetes_executor.py took 0.155 seconds
