[2025-03-17T10:50:58.800+0000] {processor.py:186} INFO - Started process (PID=50136) to work on /home/airflow/.local/lib/python3.12/site-packages/airflow/example_dags/example_python_operator.py
[2025-03-17T10:50:58.805+0000] {processor.py:914} INFO - Processing file /home/airflow/.local/lib/python3.12/site-packages/airflow/example_dags/example_python_operator.py for tasks to queue
[2025-03-17T10:50:58.813+0000] {logging_mixin.py:190} INFO - [2025-03-17T10:50:58.808+0000] {dagbag.py:588} INFO - Filling up the DagBag from /home/airflow/.local/lib/python3.12/site-packages/airflow/example_dags/example_python_operator.py
[2025-03-17T10:50:58.885+0000] {processor.py:925} INFO - DAG(s) 'example_python_operator' retrieved from /home/airflow/.local/lib/python3.12/site-packages/airflow/example_dags/example_python_operator.py
[2025-03-17T10:50:59.030+0000] {logging_mixin.py:190} INFO - [2025-03-17T10:50:59.029+0000] {dag.py:3239} INFO - Sync 1 DAGs
[2025-03-17T10:50:59.147+0000] {logging_mixin.py:190} INFO - [2025-03-17T10:50:59.137+0000] {dag.py:4180} INFO - Setting next_dagrun for example_python_operator to None, run_after=None
[2025-03-17T10:50:59.288+0000] {processor.py:208} INFO - Processing /home/airflow/.local/lib/python3.12/site-packages/airflow/example_dags/example_python_operator.py took 0.509 seconds
[2025-03-17T10:51:30.258+0000] {processor.py:186} INFO - Started process (PID=50201) to work on /home/airflow/.local/lib/python3.12/site-packages/airflow/example_dags/example_python_operator.py
[2025-03-17T10:51:30.260+0000] {processor.py:914} INFO - Processing file /home/airflow/.local/lib/python3.12/site-packages/airflow/example_dags/example_python_operator.py for tasks to queue
[2025-03-17T10:51:30.263+0000] {logging_mixin.py:190} INFO - [2025-03-17T10:51:30.263+0000] {dagbag.py:588} INFO - Filling up the DagBag from /home/airflow/.local/lib/python3.12/site-packages/airflow/example_dags/example_python_operator.py
[2025-03-17T10:51:30.288+0000] {processor.py:925} INFO - DAG(s) 'example_python_operator' retrieved from /home/airflow/.local/lib/python3.12/site-packages/airflow/example_dags/example_python_operator.py
[2025-03-17T10:51:30.352+0000] {logging_mixin.py:190} INFO - [2025-03-17T10:51:30.351+0000] {dag.py:3239} INFO - Sync 1 DAGs
[2025-03-17T10:51:30.385+0000] {logging_mixin.py:190} INFO - [2025-03-17T10:51:30.385+0000] {dag.py:4180} INFO - Setting next_dagrun for example_python_operator to None, run_after=None
[2025-03-17T10:51:30.435+0000] {processor.py:208} INFO - Processing /home/airflow/.local/lib/python3.12/site-packages/airflow/example_dags/example_python_operator.py took 0.187 seconds
[2025-03-17T10:52:00.860+0000] {processor.py:186} INFO - Started process (PID=50265) to work on /home/airflow/.local/lib/python3.12/site-packages/airflow/example_dags/example_python_operator.py
[2025-03-17T10:52:00.862+0000] {processor.py:914} INFO - Processing file /home/airflow/.local/lib/python3.12/site-packages/airflow/example_dags/example_python_operator.py for tasks to queue
[2025-03-17T10:52:00.865+0000] {logging_mixin.py:190} INFO - [2025-03-17T10:52:00.864+0000] {dagbag.py:588} INFO - Filling up the DagBag from /home/airflow/.local/lib/python3.12/site-packages/airflow/example_dags/example_python_operator.py
[2025-03-17T10:52:00.897+0000] {processor.py:925} INFO - DAG(s) 'example_python_operator' retrieved from /home/airflow/.local/lib/python3.12/site-packages/airflow/example_dags/example_python_operator.py
[2025-03-17T10:52:00.954+0000] {logging_mixin.py:190} INFO - [2025-03-17T10:52:00.953+0000] {dag.py:3239} INFO - Sync 1 DAGs
[2025-03-17T10:52:00.998+0000] {logging_mixin.py:190} INFO - [2025-03-17T10:52:00.997+0000] {dag.py:4180} INFO - Setting next_dagrun for example_python_operator to None, run_after=None
[2025-03-17T10:52:01.040+0000] {processor.py:208} INFO - Processing /home/airflow/.local/lib/python3.12/site-packages/airflow/example_dags/example_python_operator.py took 0.192 seconds
[2025-03-17T10:52:31.430+0000] {processor.py:186} INFO - Started process (PID=50330) to work on /home/airflow/.local/lib/python3.12/site-packages/airflow/example_dags/example_python_operator.py
[2025-03-17T10:52:31.432+0000] {processor.py:914} INFO - Processing file /home/airflow/.local/lib/python3.12/site-packages/airflow/example_dags/example_python_operator.py for tasks to queue
[2025-03-17T10:52:31.435+0000] {logging_mixin.py:190} INFO - [2025-03-17T10:52:31.435+0000] {dagbag.py:588} INFO - Filling up the DagBag from /home/airflow/.local/lib/python3.12/site-packages/airflow/example_dags/example_python_operator.py
[2025-03-17T10:52:31.457+0000] {processor.py:925} INFO - DAG(s) 'example_python_operator' retrieved from /home/airflow/.local/lib/python3.12/site-packages/airflow/example_dags/example_python_operator.py
[2025-03-17T10:52:31.507+0000] {logging_mixin.py:190} INFO - [2025-03-17T10:52:31.506+0000] {dag.py:3239} INFO - Sync 1 DAGs
[2025-03-17T10:52:31.559+0000] {logging_mixin.py:190} INFO - [2025-03-17T10:52:31.559+0000] {dag.py:4180} INFO - Setting next_dagrun for example_python_operator to None, run_after=None
[2025-03-17T10:52:31.605+0000] {processor.py:208} INFO - Processing /home/airflow/.local/lib/python3.12/site-packages/airflow/example_dags/example_python_operator.py took 0.188 seconds
[2025-03-17T10:53:02.515+0000] {processor.py:186} INFO - Started process (PID=50394) to work on /home/airflow/.local/lib/python3.12/site-packages/airflow/example_dags/example_python_operator.py
[2025-03-17T10:53:02.518+0000] {processor.py:914} INFO - Processing file /home/airflow/.local/lib/python3.12/site-packages/airflow/example_dags/example_python_operator.py for tasks to queue
[2025-03-17T10:53:02.521+0000] {logging_mixin.py:190} INFO - [2025-03-17T10:53:02.520+0000] {dagbag.py:588} INFO - Filling up the DagBag from /home/airflow/.local/lib/python3.12/site-packages/airflow/example_dags/example_python_operator.py
[2025-03-17T10:53:02.544+0000] {processor.py:925} INFO - DAG(s) 'example_python_operator' retrieved from /home/airflow/.local/lib/python3.12/site-packages/airflow/example_dags/example_python_operator.py
[2025-03-17T10:53:02.581+0000] {logging_mixin.py:190} INFO - [2025-03-17T10:53:02.580+0000] {dag.py:3239} INFO - Sync 1 DAGs
[2025-03-17T10:53:02.605+0000] {logging_mixin.py:190} INFO - [2025-03-17T10:53:02.605+0000] {dag.py:4180} INFO - Setting next_dagrun for example_python_operator to None, run_after=None
[2025-03-17T10:53:02.643+0000] {processor.py:208} INFO - Processing /home/airflow/.local/lib/python3.12/site-packages/airflow/example_dags/example_python_operator.py took 0.139 seconds
[2025-03-17T10:53:33.266+0000] {processor.py:186} INFO - Started process (PID=50459) to work on /home/airflow/.local/lib/python3.12/site-packages/airflow/example_dags/example_python_operator.py
[2025-03-17T10:53:33.268+0000] {processor.py:914} INFO - Processing file /home/airflow/.local/lib/python3.12/site-packages/airflow/example_dags/example_python_operator.py for tasks to queue
[2025-03-17T10:53:33.270+0000] {logging_mixin.py:190} INFO - [2025-03-17T10:53:33.270+0000] {dagbag.py:588} INFO - Filling up the DagBag from /home/airflow/.local/lib/python3.12/site-packages/airflow/example_dags/example_python_operator.py
[2025-03-17T10:53:33.290+0000] {processor.py:925} INFO - DAG(s) 'example_python_operator' retrieved from /home/airflow/.local/lib/python3.12/site-packages/airflow/example_dags/example_python_operator.py
[2025-03-17T10:53:33.326+0000] {logging_mixin.py:190} INFO - [2025-03-17T10:53:33.326+0000] {dag.py:3239} INFO - Sync 1 DAGs
[2025-03-17T10:53:33.354+0000] {logging_mixin.py:190} INFO - [2025-03-17T10:53:33.353+0000] {dag.py:4180} INFO - Setting next_dagrun for example_python_operator to None, run_after=None
[2025-03-17T10:53:33.387+0000] {processor.py:208} INFO - Processing /home/airflow/.local/lib/python3.12/site-packages/airflow/example_dags/example_python_operator.py took 0.129 seconds
[2025-03-17T15:56:36.413+0000] {processor.py:186} INFO - Started process (PID=50551) to work on /home/airflow/.local/lib/python3.12/site-packages/airflow/example_dags/example_python_operator.py
[2025-03-17T15:56:36.414+0000] {processor.py:914} INFO - Processing file /home/airflow/.local/lib/python3.12/site-packages/airflow/example_dags/example_python_operator.py for tasks to queue
[2025-03-17T15:56:36.416+0000] {logging_mixin.py:190} INFO - [2025-03-17T15:56:36.416+0000] {dagbag.py:588} INFO - Filling up the DagBag from /home/airflow/.local/lib/python3.12/site-packages/airflow/example_dags/example_python_operator.py
[2025-03-17T15:56:36.432+0000] {processor.py:925} INFO - DAG(s) 'example_python_operator' retrieved from /home/airflow/.local/lib/python3.12/site-packages/airflow/example_dags/example_python_operator.py
[2025-03-17T15:56:36.465+0000] {logging_mixin.py:190} INFO - [2025-03-17T15:56:36.465+0000] {dag.py:3239} INFO - Sync 1 DAGs
[2025-03-17T15:56:36.488+0000] {logging_mixin.py:190} INFO - [2025-03-17T15:56:36.487+0000] {dag.py:4180} INFO - Setting next_dagrun for example_python_operator to None, run_after=None
[2025-03-17T15:56:36.520+0000] {processor.py:208} INFO - Processing /home/airflow/.local/lib/python3.12/site-packages/airflow/example_dags/example_python_operator.py took 0.115 seconds
[2025-03-17T15:57:07.141+0000] {processor.py:186} INFO - Started process (PID=50615) to work on /home/airflow/.local/lib/python3.12/site-packages/airflow/example_dags/example_python_operator.py
[2025-03-17T15:57:07.143+0000] {processor.py:914} INFO - Processing file /home/airflow/.local/lib/python3.12/site-packages/airflow/example_dags/example_python_operator.py for tasks to queue
[2025-03-17T15:57:07.145+0000] {logging_mixin.py:190} INFO - [2025-03-17T15:57:07.144+0000] {dagbag.py:588} INFO - Filling up the DagBag from /home/airflow/.local/lib/python3.12/site-packages/airflow/example_dags/example_python_operator.py
[2025-03-17T15:57:07.164+0000] {processor.py:925} INFO - DAG(s) 'example_python_operator' retrieved from /home/airflow/.local/lib/python3.12/site-packages/airflow/example_dags/example_python_operator.py
[2025-03-17T15:57:07.197+0000] {logging_mixin.py:190} INFO - [2025-03-17T15:57:07.196+0000] {dag.py:3239} INFO - Sync 1 DAGs
[2025-03-17T15:57:07.216+0000] {logging_mixin.py:190} INFO - [2025-03-17T15:57:07.216+0000] {dag.py:4180} INFO - Setting next_dagrun for example_python_operator to None, run_after=None
[2025-03-17T15:57:07.249+0000] {processor.py:208} INFO - Processing /home/airflow/.local/lib/python3.12/site-packages/airflow/example_dags/example_python_operator.py took 0.118 seconds
