[2025-03-17T10:50:37.568+0000] {processor.py:186} INFO - Started process (PID=50093) to work on /home/airflow/.local/lib/python3.12/site-packages/airflow/example_dags/example_nested_branch_dag.py
[2025-03-17T10:50:37.571+0000] {processor.py:914} INFO - Processing file /home/airflow/.local/lib/python3.12/site-packages/airflow/example_dags/example_nested_branch_dag.py for tasks to queue
[2025-03-17T10:50:37.582+0000] {logging_mixin.py:190} INFO - [2025-03-17T10:50:37.573+0000] {dagbag.py:588} INFO - Filling up the DagBag from /home/airflow/.local/lib/python3.12/site-packages/airflow/example_dags/example_nested_branch_dag.py
[2025-03-17T10:50:37.650+0000] {processor.py:925} INFO - DAG(s) 'example_nested_branch_dag' retrieved from /home/airflow/.local/lib/python3.12/site-packages/airflow/example_dags/example_nested_branch_dag.py
[2025-03-17T10:50:37.762+0000] {logging_mixin.py:190} INFO - [2025-03-17T10:50:37.761+0000] {dag.py:3239} INFO - Sync 1 DAGs
[2025-03-17T10:50:37.893+0000] {logging_mixin.py:190} INFO - [2025-03-17T10:50:37.893+0000] {dag.py:4180} INFO - Setting next_dagrun for example_nested_branch_dag to 2025-03-16 00:00:00+00:00, run_after=2025-03-17 00:00:00+00:00
[2025-03-17T10:50:38.049+0000] {processor.py:208} INFO - Processing /home/airflow/.local/lib/python3.12/site-packages/airflow/example_dags/example_nested_branch_dag.py took 0.502 seconds
[2025-03-17T10:51:08.346+0000] {processor.py:186} INFO - Started process (PID=50157) to work on /home/airflow/.local/lib/python3.12/site-packages/airflow/example_dags/example_nested_branch_dag.py
[2025-03-17T10:51:08.348+0000] {processor.py:914} INFO - Processing file /home/airflow/.local/lib/python3.12/site-packages/airflow/example_dags/example_nested_branch_dag.py for tasks to queue
[2025-03-17T10:51:08.361+0000] {logging_mixin.py:190} INFO - [2025-03-17T10:51:08.360+0000] {dagbag.py:588} INFO - Filling up the DagBag from /home/airflow/.local/lib/python3.12/site-packages/airflow/example_dags/example_nested_branch_dag.py
[2025-03-17T10:51:08.431+0000] {processor.py:925} INFO - DAG(s) 'example_nested_branch_dag' retrieved from /home/airflow/.local/lib/python3.12/site-packages/airflow/example_dags/example_nested_branch_dag.py
[2025-03-17T10:51:08.525+0000] {logging_mixin.py:190} INFO - [2025-03-17T10:51:08.525+0000] {dag.py:3239} INFO - Sync 1 DAGs
[2025-03-17T10:51:08.655+0000] {logging_mixin.py:190} INFO - [2025-03-17T10:51:08.655+0000] {dag.py:4180} INFO - Setting next_dagrun for example_nested_branch_dag to 2025-03-16 00:00:00+00:00, run_after=2025-03-17 00:00:00+00:00
[2025-03-17T10:51:08.798+0000] {processor.py:208} INFO - Processing /home/airflow/.local/lib/python3.12/site-packages/airflow/example_dags/example_nested_branch_dag.py took 0.474 seconds
[2025-03-17T10:51:39.365+0000] {processor.py:186} INFO - Started process (PID=50222) to work on /home/airflow/.local/lib/python3.12/site-packages/airflow/example_dags/example_nested_branch_dag.py
[2025-03-17T10:51:39.366+0000] {processor.py:914} INFO - Processing file /home/airflow/.local/lib/python3.12/site-packages/airflow/example_dags/example_nested_branch_dag.py for tasks to queue
[2025-03-17T10:51:39.369+0000] {logging_mixin.py:190} INFO - [2025-03-17T10:51:39.369+0000] {dagbag.py:588} INFO - Filling up the DagBag from /home/airflow/.local/lib/python3.12/site-packages/airflow/example_dags/example_nested_branch_dag.py
[2025-03-17T10:51:39.388+0000] {processor.py:925} INFO - DAG(s) 'example_nested_branch_dag' retrieved from /home/airflow/.local/lib/python3.12/site-packages/airflow/example_dags/example_nested_branch_dag.py
[2025-03-17T10:51:39.421+0000] {logging_mixin.py:190} INFO - [2025-03-17T10:51:39.421+0000] {dag.py:3239} INFO - Sync 1 DAGs
[2025-03-17T10:51:39.459+0000] {logging_mixin.py:190} INFO - [2025-03-17T10:51:39.458+0000] {dag.py:4180} INFO - Setting next_dagrun for example_nested_branch_dag to 2025-03-16 00:00:00+00:00, run_after=2025-03-17 00:00:00+00:00
[2025-03-17T10:51:39.492+0000] {processor.py:208} INFO - Processing /home/airflow/.local/lib/python3.12/site-packages/airflow/example_dags/example_nested_branch_dag.py took 0.137 seconds
[2025-03-17T10:52:09.885+0000] {processor.py:186} INFO - Started process (PID=50287) to work on /home/airflow/.local/lib/python3.12/site-packages/airflow/example_dags/example_nested_branch_dag.py
[2025-03-17T10:52:09.887+0000] {processor.py:914} INFO - Processing file /home/airflow/.local/lib/python3.12/site-packages/airflow/example_dags/example_nested_branch_dag.py for tasks to queue
[2025-03-17T10:52:09.890+0000] {logging_mixin.py:190} INFO - [2025-03-17T10:52:09.889+0000] {dagbag.py:588} INFO - Filling up the DagBag from /home/airflow/.local/lib/python3.12/site-packages/airflow/example_dags/example_nested_branch_dag.py
[2025-03-17T10:52:09.911+0000] {processor.py:925} INFO - DAG(s) 'example_nested_branch_dag' retrieved from /home/airflow/.local/lib/python3.12/site-packages/airflow/example_dags/example_nested_branch_dag.py
[2025-03-17T10:52:09.953+0000] {logging_mixin.py:190} INFO - [2025-03-17T10:52:09.952+0000] {dag.py:3239} INFO - Sync 1 DAGs
[2025-03-17T10:52:10.012+0000] {logging_mixin.py:190} INFO - [2025-03-17T10:52:10.012+0000] {dag.py:4180} INFO - Setting next_dagrun for example_nested_branch_dag to 2025-03-16 00:00:00+00:00, run_after=2025-03-17 00:00:00+00:00
[2025-03-17T10:52:10.061+0000] {processor.py:208} INFO - Processing /home/airflow/.local/lib/python3.12/site-packages/airflow/example_dags/example_nested_branch_dag.py took 0.186 seconds
[2025-03-17T10:52:40.825+0000] {processor.py:186} INFO - Started process (PID=50352) to work on /home/airflow/.local/lib/python3.12/site-packages/airflow/example_dags/example_nested_branch_dag.py
[2025-03-17T10:52:40.826+0000] {processor.py:914} INFO - Processing file /home/airflow/.local/lib/python3.12/site-packages/airflow/example_dags/example_nested_branch_dag.py for tasks to queue
[2025-03-17T10:52:40.828+0000] {logging_mixin.py:190} INFO - [2025-03-17T10:52:40.828+0000] {dagbag.py:588} INFO - Filling up the DagBag from /home/airflow/.local/lib/python3.12/site-packages/airflow/example_dags/example_nested_branch_dag.py
[2025-03-17T10:52:40.853+0000] {processor.py:925} INFO - DAG(s) 'example_nested_branch_dag' retrieved from /home/airflow/.local/lib/python3.12/site-packages/airflow/example_dags/example_nested_branch_dag.py
[2025-03-17T10:52:40.885+0000] {logging_mixin.py:190} INFO - [2025-03-17T10:52:40.885+0000] {dag.py:3239} INFO - Sync 1 DAGs
[2025-03-17T10:52:40.927+0000] {logging_mixin.py:190} INFO - [2025-03-17T10:52:40.927+0000] {dag.py:4180} INFO - Setting next_dagrun for example_nested_branch_dag to 2025-03-16 00:00:00+00:00, run_after=2025-03-17 00:00:00+00:00
[2025-03-17T10:52:40.961+0000] {processor.py:208} INFO - Processing /home/airflow/.local/lib/python3.12/site-packages/airflow/example_dags/example_nested_branch_dag.py took 0.146 seconds
[2025-03-17T10:53:11.380+0000] {processor.py:186} INFO - Started process (PID=50416) to work on /home/airflow/.local/lib/python3.12/site-packages/airflow/example_dags/example_nested_branch_dag.py
[2025-03-17T10:53:11.382+0000] {processor.py:914} INFO - Processing file /home/airflow/.local/lib/python3.12/site-packages/airflow/example_dags/example_nested_branch_dag.py for tasks to queue
[2025-03-17T10:53:11.386+0000] {logging_mixin.py:190} INFO - [2025-03-17T10:53:11.385+0000] {dagbag.py:588} INFO - Filling up the DagBag from /home/airflow/.local/lib/python3.12/site-packages/airflow/example_dags/example_nested_branch_dag.py
[2025-03-17T10:53:11.408+0000] {processor.py:925} INFO - DAG(s) 'example_nested_branch_dag' retrieved from /home/airflow/.local/lib/python3.12/site-packages/airflow/example_dags/example_nested_branch_dag.py
[2025-03-17T10:53:11.449+0000] {logging_mixin.py:190} INFO - [2025-03-17T10:53:11.448+0000] {dag.py:3239} INFO - Sync 1 DAGs
[2025-03-17T10:53:11.539+0000] {logging_mixin.py:190} INFO - [2025-03-17T10:53:11.537+0000] {dag.py:4180} INFO - Setting next_dagrun for example_nested_branch_dag to 2025-03-16 00:00:00+00:00, run_after=2025-03-17 00:00:00+00:00
[2025-03-17T10:53:11.597+0000] {processor.py:208} INFO - Processing /home/airflow/.local/lib/python3.12/site-packages/airflow/example_dags/example_nested_branch_dag.py took 0.227 seconds
[2025-03-17T10:53:41.788+0000] {processor.py:186} INFO - Started process (PID=50481) to work on /home/airflow/.local/lib/python3.12/site-packages/airflow/example_dags/example_nested_branch_dag.py
[2025-03-17T10:53:41.789+0000] {processor.py:914} INFO - Processing file /home/airflow/.local/lib/python3.12/site-packages/airflow/example_dags/example_nested_branch_dag.py for tasks to queue
[2025-03-17T10:53:41.792+0000] {logging_mixin.py:190} INFO - [2025-03-17T10:53:41.791+0000] {dagbag.py:588} INFO - Filling up the DagBag from /home/airflow/.local/lib/python3.12/site-packages/airflow/example_dags/example_nested_branch_dag.py
[2025-03-17T10:53:41.811+0000] {processor.py:925} INFO - DAG(s) 'example_nested_branch_dag' retrieved from /home/airflow/.local/lib/python3.12/site-packages/airflow/example_dags/example_nested_branch_dag.py
[2025-03-17T10:53:41.848+0000] {logging_mixin.py:190} INFO - [2025-03-17T10:53:41.847+0000] {dag.py:3239} INFO - Sync 1 DAGs
[2025-03-17T10:53:41.890+0000] {logging_mixin.py:190} INFO - [2025-03-17T10:53:41.890+0000] {dag.py:4180} INFO - Setting next_dagrun for example_nested_branch_dag to 2025-03-16 00:00:00+00:00, run_after=2025-03-17 00:00:00+00:00
[2025-03-17T10:53:41.926+0000] {processor.py:208} INFO - Processing /home/airflow/.local/lib/python3.12/site-packages/airflow/example_dags/example_nested_branch_dag.py took 0.148 seconds
[2025-03-17T15:56:26.181+0000] {processor.py:186} INFO - Started process (PID=50514) to work on /home/airflow/.local/lib/python3.12/site-packages/airflow/example_dags/example_nested_branch_dag.py
[2025-03-17T15:56:26.184+0000] {processor.py:914} INFO - Processing file /home/airflow/.local/lib/python3.12/site-packages/airflow/example_dags/example_nested_branch_dag.py for tasks to queue
[2025-03-17T15:56:26.188+0000] {logging_mixin.py:190} INFO - [2025-03-17T15:56:26.187+0000] {dagbag.py:588} INFO - Filling up the DagBag from /home/airflow/.local/lib/python3.12/site-packages/airflow/example_dags/example_nested_branch_dag.py
[2025-03-17T15:56:26.218+0000] {processor.py:925} INFO - DAG(s) 'example_nested_branch_dag' retrieved from /home/airflow/.local/lib/python3.12/site-packages/airflow/example_dags/example_nested_branch_dag.py
[2025-03-17T15:56:26.334+0000] {logging_mixin.py:190} INFO - [2025-03-17T15:56:26.333+0000] {dag.py:3239} INFO - Sync 1 DAGs
[2025-03-17T15:56:26.527+0000] {logging_mixin.py:190} INFO - [2025-03-17T15:56:26.526+0000] {dag.py:4180} INFO - Setting next_dagrun for example_nested_branch_dag to 2025-03-16 00:00:00+00:00, run_after=2025-03-17 00:00:00+00:00
[2025-03-17T15:56:26.620+0000] {processor.py:208} INFO - Processing /home/airflow/.local/lib/python3.12/site-packages/airflow/example_dags/example_nested_branch_dag.py took 0.460 seconds
[2025-03-17T15:56:57.003+0000] {processor.py:186} INFO - Started process (PID=50579) to work on /home/airflow/.local/lib/python3.12/site-packages/airflow/example_dags/example_nested_branch_dag.py
[2025-03-17T15:56:57.005+0000] {processor.py:914} INFO - Processing file /home/airflow/.local/lib/python3.12/site-packages/airflow/example_dags/example_nested_branch_dag.py for tasks to queue
[2025-03-17T15:56:57.007+0000] {logging_mixin.py:190} INFO - [2025-03-17T15:56:57.007+0000] {dagbag.py:588} INFO - Filling up the DagBag from /home/airflow/.local/lib/python3.12/site-packages/airflow/example_dags/example_nested_branch_dag.py
[2025-03-17T15:56:57.024+0000] {processor.py:925} INFO - DAG(s) 'example_nested_branch_dag' retrieved from /home/airflow/.local/lib/python3.12/site-packages/airflow/example_dags/example_nested_branch_dag.py
[2025-03-17T15:56:57.062+0000] {logging_mixin.py:190} INFO - [2025-03-17T15:56:57.062+0000] {dag.py:3239} INFO - Sync 1 DAGs
[2025-03-17T15:56:57.099+0000] {logging_mixin.py:190} INFO - [2025-03-17T15:56:57.098+0000] {dag.py:4180} INFO - Setting next_dagrun for example_nested_branch_dag to 2025-03-16 00:00:00+00:00, run_after=2025-03-17 00:00:00+00:00
[2025-03-17T15:56:57.129+0000] {processor.py:208} INFO - Processing /home/airflow/.local/lib/python3.12/site-packages/airflow/example_dags/example_nested_branch_dag.py took 0.132 seconds
