[2025-03-17T10:36:44.967+0000] {processor.py:186} INFO - Started process (PID=50089) to work on /home/airflow/.local/lib/python3.12/site-packages/airflow/example_dags/example_external_task_marker_dag.py
[2025-03-17T10:36:44.969+0000] {processor.py:914} INFO - Processing file /home/airflow/.local/lib/python3.12/site-packages/airflow/example_dags/example_external_task_marker_dag.py for tasks to queue
[2025-03-17T10:36:44.973+0000] {logging_mixin.py:190} INFO - [2025-03-17T10:36:44.972+0000] {dagbag.py:588} INFO - Filling up the DagBag from /home/airflow/.local/lib/python3.12/site-packages/airflow/example_dags/example_external_task_marker_dag.py
[2025-03-17T10:36:45.032+0000] {processor.py:925} INFO - DAG(s) 'example_external_task_marker_parent', 'example_external_task_marker_child' retrieved from /home/airflow/.local/lib/python3.12/site-packages/airflow/example_dags/example_external_task_marker_dag.py
[2025-03-17T10:50:36.158+0000] {logging_mixin.py:190} INFO - [2025-03-17T10:50:36.157+0000] {dag.py:3239} INFO - Sync 2 DAGs
[2025-03-17T10:50:36.238+0000] {logging_mixin.py:190} INFO - [2025-03-17T10:50:36.237+0000] {dag.py:4180} INFO - Setting next_dagrun for example_external_task_marker_child to None, run_after=None
[2025-03-17T10:50:36.271+0000] {logging_mixin.py:190} INFO - [2025-03-17T10:50:36.270+0000] {dag.py:4180} INFO - Setting next_dagrun for example_external_task_marker_parent to None, run_after=None
[2025-03-17T10:50:36.375+0000] {processor.py:208} INFO - Processing /home/airflow/.local/lib/python3.12/site-packages/airflow/example_dags/example_external_task_marker_dag.py took 0.427 seconds
[2025-03-17T10:51:07.252+0000] {processor.py:186} INFO - Started process (PID=50154) to work on /home/airflow/.local/lib/python3.12/site-packages/airflow/example_dags/example_external_task_marker_dag.py
[2025-03-17T10:51:07.266+0000] {processor.py:914} INFO - Processing file /home/airflow/.local/lib/python3.12/site-packages/airflow/example_dags/example_external_task_marker_dag.py for tasks to queue
[2025-03-17T10:51:07.280+0000] {logging_mixin.py:190} INFO - [2025-03-17T10:51:07.269+0000] {dagbag.py:588} INFO - Filling up the DagBag from /home/airflow/.local/lib/python3.12/site-packages/airflow/example_dags/example_external_task_marker_dag.py
[2025-03-17T10:51:07.335+0000] {processor.py:925} INFO - DAG(s) 'example_external_task_marker_child', 'example_external_task_marker_parent' retrieved from /home/airflow/.local/lib/python3.12/site-packages/airflow/example_dags/example_external_task_marker_dag.py
[2025-03-17T10:51:07.425+0000] {logging_mixin.py:190} INFO - [2025-03-17T10:51:07.425+0000] {dag.py:3239} INFO - Sync 2 DAGs
[2025-03-17T10:51:07.519+0000] {logging_mixin.py:190} INFO - [2025-03-17T10:51:07.519+0000] {dag.py:4180} INFO - Setting next_dagrun for example_external_task_marker_child to None, run_after=None
[2025-03-17T10:51:07.540+0000] {logging_mixin.py:190} INFO - [2025-03-17T10:51:07.540+0000] {dag.py:4180} INFO - Setting next_dagrun for example_external_task_marker_parent to None, run_after=None
[2025-03-17T10:51:07.638+0000] {processor.py:208} INFO - Processing /home/airflow/.local/lib/python3.12/site-packages/airflow/example_dags/example_external_task_marker_dag.py took 0.411 seconds
[2025-03-17T10:51:38.055+0000] {processor.py:186} INFO - Started process (PID=50219) to work on /home/airflow/.local/lib/python3.12/site-packages/airflow/example_dags/example_external_task_marker_dag.py
[2025-03-17T10:51:38.057+0000] {processor.py:914} INFO - Processing file /home/airflow/.local/lib/python3.12/site-packages/airflow/example_dags/example_external_task_marker_dag.py for tasks to queue
[2025-03-17T10:51:38.060+0000] {logging_mixin.py:190} INFO - [2025-03-17T10:51:38.059+0000] {dagbag.py:588} INFO - Filling up the DagBag from /home/airflow/.local/lib/python3.12/site-packages/airflow/example_dags/example_external_task_marker_dag.py
[2025-03-17T10:51:38.076+0000] {processor.py:925} INFO - DAG(s) 'example_external_task_marker_parent', 'example_external_task_marker_child' retrieved from /home/airflow/.local/lib/python3.12/site-packages/airflow/example_dags/example_external_task_marker_dag.py
[2025-03-17T10:51:38.122+0000] {logging_mixin.py:190} INFO - [2025-03-17T10:51:38.122+0000] {dag.py:3239} INFO - Sync 2 DAGs
[2025-03-17T10:51:38.152+0000] {logging_mixin.py:190} INFO - [2025-03-17T10:51:38.151+0000] {dag.py:4180} INFO - Setting next_dagrun for example_external_task_marker_child to None, run_after=None
[2025-03-17T10:51:38.162+0000] {logging_mixin.py:190} INFO - [2025-03-17T10:51:38.161+0000] {dag.py:4180} INFO - Setting next_dagrun for example_external_task_marker_parent to None, run_after=None
[2025-03-17T10:51:38.201+0000] {processor.py:208} INFO - Processing /home/airflow/.local/lib/python3.12/site-packages/airflow/example_dags/example_external_task_marker_dag.py took 0.158 seconds
[2025-03-17T10:52:08.556+0000] {processor.py:186} INFO - Started process (PID=50284) to work on /home/airflow/.local/lib/python3.12/site-packages/airflow/example_dags/example_external_task_marker_dag.py
[2025-03-17T10:52:08.559+0000] {processor.py:914} INFO - Processing file /home/airflow/.local/lib/python3.12/site-packages/airflow/example_dags/example_external_task_marker_dag.py for tasks to queue
[2025-03-17T10:52:08.563+0000] {logging_mixin.py:190} INFO - [2025-03-17T10:52:08.562+0000] {dagbag.py:588} INFO - Filling up the DagBag from /home/airflow/.local/lib/python3.12/site-packages/airflow/example_dags/example_external_task_marker_dag.py
[2025-03-17T10:52:08.588+0000] {processor.py:925} INFO - DAG(s) 'example_external_task_marker_parent', 'example_external_task_marker_child' retrieved from /home/airflow/.local/lib/python3.12/site-packages/airflow/example_dags/example_external_task_marker_dag.py
[2025-03-17T10:52:08.660+0000] {logging_mixin.py:190} INFO - [2025-03-17T10:52:08.659+0000] {dag.py:3239} INFO - Sync 2 DAGs
[2025-03-17T10:52:08.710+0000] {logging_mixin.py:190} INFO - [2025-03-17T10:52:08.710+0000] {dag.py:4180} INFO - Setting next_dagrun for example_external_task_marker_child to None, run_after=None
[2025-03-17T10:52:08.720+0000] {logging_mixin.py:190} INFO - [2025-03-17T10:52:08.719+0000] {dag.py:4180} INFO - Setting next_dagrun for example_external_task_marker_parent to None, run_after=None
[2025-03-17T10:52:08.767+0000] {processor.py:208} INFO - Processing /home/airflow/.local/lib/python3.12/site-packages/airflow/example_dags/example_external_task_marker_dag.py took 0.222 seconds
[2025-03-17T10:52:39.496+0000] {processor.py:186} INFO - Started process (PID=50349) to work on /home/airflow/.local/lib/python3.12/site-packages/airflow/example_dags/example_external_task_marker_dag.py
[2025-03-17T10:52:39.498+0000] {processor.py:914} INFO - Processing file /home/airflow/.local/lib/python3.12/site-packages/airflow/example_dags/example_external_task_marker_dag.py for tasks to queue
[2025-03-17T10:52:39.501+0000] {logging_mixin.py:190} INFO - [2025-03-17T10:52:39.501+0000] {dagbag.py:588} INFO - Filling up the DagBag from /home/airflow/.local/lib/python3.12/site-packages/airflow/example_dags/example_external_task_marker_dag.py
[2025-03-17T10:52:39.531+0000] {processor.py:925} INFO - DAG(s) 'example_external_task_marker_parent', 'example_external_task_marker_child' retrieved from /home/airflow/.local/lib/python3.12/site-packages/airflow/example_dags/example_external_task_marker_dag.py
[2025-03-17T10:52:39.603+0000] {logging_mixin.py:190} INFO - [2025-03-17T10:52:39.603+0000] {dag.py:3239} INFO - Sync 2 DAGs
[2025-03-17T10:52:39.633+0000] {logging_mixin.py:190} INFO - [2025-03-17T10:52:39.633+0000] {dag.py:4180} INFO - Setting next_dagrun for example_external_task_marker_child to None, run_after=None
[2025-03-17T10:52:39.650+0000] {logging_mixin.py:190} INFO - [2025-03-17T10:52:39.650+0000] {dag.py:4180} INFO - Setting next_dagrun for example_external_task_marker_parent to None, run_after=None
[2025-03-17T10:52:39.702+0000] {processor.py:208} INFO - Processing /home/airflow/.local/lib/python3.12/site-packages/airflow/example_dags/example_external_task_marker_dag.py took 0.218 seconds
[2025-03-17T10:53:10.156+0000] {processor.py:186} INFO - Started process (PID=50413) to work on /home/airflow/.local/lib/python3.12/site-packages/airflow/example_dags/example_external_task_marker_dag.py
[2025-03-17T10:53:10.158+0000] {processor.py:914} INFO - Processing file /home/airflow/.local/lib/python3.12/site-packages/airflow/example_dags/example_external_task_marker_dag.py for tasks to queue
[2025-03-17T10:53:10.160+0000] {logging_mixin.py:190} INFO - [2025-03-17T10:53:10.160+0000] {dagbag.py:588} INFO - Filling up the DagBag from /home/airflow/.local/lib/python3.12/site-packages/airflow/example_dags/example_external_task_marker_dag.py
[2025-03-17T10:53:10.172+0000] {processor.py:925} INFO - DAG(s) 'example_external_task_marker_child', 'example_external_task_marker_parent' retrieved from /home/airflow/.local/lib/python3.12/site-packages/airflow/example_dags/example_external_task_marker_dag.py
[2025-03-17T10:53:10.212+0000] {logging_mixin.py:190} INFO - [2025-03-17T10:53:10.211+0000] {dag.py:3239} INFO - Sync 2 DAGs
[2025-03-17T10:53:10.239+0000] {logging_mixin.py:190} INFO - [2025-03-17T10:53:10.239+0000] {dag.py:4180} INFO - Setting next_dagrun for example_external_task_marker_child to None, run_after=None
[2025-03-17T10:53:10.246+0000] {logging_mixin.py:190} INFO - [2025-03-17T10:53:10.245+0000] {dag.py:4180} INFO - Setting next_dagrun for example_external_task_marker_parent to None, run_after=None
[2025-03-17T10:53:10.274+0000] {processor.py:208} INFO - Processing /home/airflow/.local/lib/python3.12/site-packages/airflow/example_dags/example_external_task_marker_dag.py took 0.126 seconds
[2025-03-17T10:53:40.399+0000] {processor.py:186} INFO - Started process (PID=50478) to work on /home/airflow/.local/lib/python3.12/site-packages/airflow/example_dags/example_external_task_marker_dag.py
[2025-03-17T10:53:40.401+0000] {processor.py:914} INFO - Processing file /home/airflow/.local/lib/python3.12/site-packages/airflow/example_dags/example_external_task_marker_dag.py for tasks to queue
[2025-03-17T10:53:40.403+0000] {logging_mixin.py:190} INFO - [2025-03-17T10:53:40.403+0000] {dagbag.py:588} INFO - Filling up the DagBag from /home/airflow/.local/lib/python3.12/site-packages/airflow/example_dags/example_external_task_marker_dag.py
[2025-03-17T10:53:40.417+0000] {processor.py:925} INFO - DAG(s) 'example_external_task_marker_parent', 'example_external_task_marker_child' retrieved from /home/airflow/.local/lib/python3.12/site-packages/airflow/example_dags/example_external_task_marker_dag.py
[2025-03-17T10:53:40.458+0000] {logging_mixin.py:190} INFO - [2025-03-17T10:53:40.457+0000] {dag.py:3239} INFO - Sync 2 DAGs
[2025-03-17T10:53:40.481+0000] {logging_mixin.py:190} INFO - [2025-03-17T10:53:40.481+0000] {dag.py:4180} INFO - Setting next_dagrun for example_external_task_marker_child to None, run_after=None
[2025-03-17T10:53:40.488+0000] {logging_mixin.py:190} INFO - [2025-03-17T10:53:40.487+0000] {dag.py:4180} INFO - Setting next_dagrun for example_external_task_marker_parent to None, run_after=None
[2025-03-17T10:53:40.519+0000] {processor.py:208} INFO - Processing /home/airflow/.local/lib/python3.12/site-packages/airflow/example_dags/example_external_task_marker_dag.py took 0.129 seconds
[2025-03-17T15:56:25.386+0000] {processor.py:186} INFO - Started process (PID=50511) to work on /home/airflow/.local/lib/python3.12/site-packages/airflow/example_dags/example_external_task_marker_dag.py
[2025-03-17T15:56:25.390+0000] {processor.py:914} INFO - Processing file /home/airflow/.local/lib/python3.12/site-packages/airflow/example_dags/example_external_task_marker_dag.py for tasks to queue
[2025-03-17T15:56:25.393+0000] {logging_mixin.py:190} INFO - [2025-03-17T15:56:25.392+0000] {dagbag.py:588} INFO - Filling up the DagBag from /home/airflow/.local/lib/python3.12/site-packages/airflow/example_dags/example_external_task_marker_dag.py
[2025-03-17T15:56:25.428+0000] {processor.py:925} INFO - DAG(s) 'example_external_task_marker_child', 'example_external_task_marker_parent' retrieved from /home/airflow/.local/lib/python3.12/site-packages/airflow/example_dags/example_external_task_marker_dag.py
[2025-03-17T15:56:25.520+0000] {logging_mixin.py:190} INFO - [2025-03-17T15:56:25.519+0000] {dag.py:3239} INFO - Sync 2 DAGs
[2025-03-17T15:56:25.631+0000] {logging_mixin.py:190} INFO - [2025-03-17T15:56:25.630+0000] {dag.py:4180} INFO - Setting next_dagrun for example_external_task_marker_child to None, run_after=None
[2025-03-17T15:56:25.662+0000] {logging_mixin.py:190} INFO - [2025-03-17T15:56:25.661+0000] {dag.py:4180} INFO - Setting next_dagrun for example_external_task_marker_parent to None, run_after=None
[2025-03-17T15:56:25.762+0000] {processor.py:208} INFO - Processing /home/airflow/.local/lib/python3.12/site-packages/airflow/example_dags/example_external_task_marker_dag.py took 0.398 seconds
[2025-03-17T15:56:56.658+0000] {processor.py:186} INFO - Started process (PID=50576) to work on /home/airflow/.local/lib/python3.12/site-packages/airflow/example_dags/example_external_task_marker_dag.py
[2025-03-17T15:56:56.659+0000] {processor.py:914} INFO - Processing file /home/airflow/.local/lib/python3.12/site-packages/airflow/example_dags/example_external_task_marker_dag.py for tasks to queue
[2025-03-17T15:56:56.662+0000] {logging_mixin.py:190} INFO - [2025-03-17T15:56:56.661+0000] {dagbag.py:588} INFO - Filling up the DagBag from /home/airflow/.local/lib/python3.12/site-packages/airflow/example_dags/example_external_task_marker_dag.py
[2025-03-17T15:56:56.672+0000] {processor.py:925} INFO - DAG(s) 'example_external_task_marker_child', 'example_external_task_marker_parent' retrieved from /home/airflow/.local/lib/python3.12/site-packages/airflow/example_dags/example_external_task_marker_dag.py
[2025-03-17T15:56:56.708+0000] {logging_mixin.py:190} INFO - [2025-03-17T15:56:56.707+0000] {dag.py:3239} INFO - Sync 2 DAGs
[2025-03-17T15:56:56.728+0000] {logging_mixin.py:190} INFO - [2025-03-17T15:56:56.727+0000] {dag.py:4180} INFO - Setting next_dagrun for example_external_task_marker_child to None, run_after=None
[2025-03-17T15:56:56.736+0000] {logging_mixin.py:190} INFO - [2025-03-17T15:56:56.735+0000] {dag.py:4180} INFO - Setting next_dagrun for example_external_task_marker_parent to None, run_after=None
[2025-03-17T15:56:56.764+0000] {processor.py:208} INFO - Processing /home/airflow/.local/lib/python3.12/site-packages/airflow/example_dags/example_external_task_marker_dag.py took 0.113 seconds
