[2025-03-17T10:36:43.626+0000] {processor.py:186} INFO - Started process (PID=50086) to work on /home/airflow/.local/lib/python3.12/site-packages/airflow/example_dags/example_complex.py
[2025-03-17T10:36:43.639+0000] {processor.py:914} INFO - Processing file /home/airflow/.local/lib/python3.12/site-packages/airflow/example_dags/example_complex.py for tasks to queue
[2025-03-17T10:36:43.653+0000] {logging_mixin.py:190} INFO - [2025-03-17T10:36:43.652+0000] {dagbag.py:588} INFO - Filling up the DagBag from /home/airflow/.local/lib/python3.12/site-packages/airflow/example_dags/example_complex.py
[2025-03-17T10:36:43.732+0000] {processor.py:925} INFO - DAG(s) 'example_complex' retrieved from /home/airflow/.local/lib/python3.12/site-packages/airflow/example_dags/example_complex.py
[2025-03-17T10:36:43.910+0000] {logging_mixin.py:190} INFO - [2025-03-17T10:36:43.910+0000] {dag.py:3239} INFO - Sync 1 DAGs
[2025-03-17T10:36:44.009+0000] {logging_mixin.py:190} INFO - [2025-03-17T10:36:44.008+0000] {dag.py:4180} INFO - Setting next_dagrun for example_complex to None, run_after=None
[2025-03-17T10:36:44.128+0000] {processor.py:208} INFO - Processing /home/airflow/.local/lib/python3.12/site-packages/airflow/example_dags/example_complex.py took 0.525 seconds
[2025-03-17T10:51:03.929+0000] {processor.py:186} INFO - Started process (PID=50151) to work on /home/airflow/.local/lib/python3.12/site-packages/airflow/example_dags/example_complex.py
[2025-03-17T10:51:03.931+0000] {processor.py:914} INFO - Processing file /home/airflow/.local/lib/python3.12/site-packages/airflow/example_dags/example_complex.py for tasks to queue
[2025-03-17T10:51:03.945+0000] {logging_mixin.py:190} INFO - [2025-03-17T10:51:03.944+0000] {dagbag.py:588} INFO - Filling up the DagBag from /home/airflow/.local/lib/python3.12/site-packages/airflow/example_dags/example_complex.py
[2025-03-17T10:51:04.024+0000] {processor.py:925} INFO - DAG(s) 'example_complex' retrieved from /home/airflow/.local/lib/python3.12/site-packages/airflow/example_dags/example_complex.py
[2025-03-17T10:51:04.229+0000] {logging_mixin.py:190} INFO - [2025-03-17T10:51:04.228+0000] {dag.py:3239} INFO - Sync 1 DAGs
[2025-03-17T10:51:04.338+0000] {logging_mixin.py:190} INFO - [2025-03-17T10:51:04.337+0000] {dag.py:4180} INFO - Setting next_dagrun for example_complex to None, run_after=None
[2025-03-17T10:51:04.484+0000] {processor.py:208} INFO - Processing /home/airflow/.local/lib/python3.12/site-packages/airflow/example_dags/example_complex.py took 0.584 seconds
[2025-03-17T10:51:34.715+0000] {processor.py:186} INFO - Started process (PID=50216) to work on /home/airflow/.local/lib/python3.12/site-packages/airflow/example_dags/example_complex.py
[2025-03-17T10:51:34.717+0000] {processor.py:914} INFO - Processing file /home/airflow/.local/lib/python3.12/site-packages/airflow/example_dags/example_complex.py for tasks to queue
[2025-03-17T10:51:34.719+0000] {logging_mixin.py:190} INFO - [2025-03-17T10:51:34.719+0000] {dagbag.py:588} INFO - Filling up the DagBag from /home/airflow/.local/lib/python3.12/site-packages/airflow/example_dags/example_complex.py
[2025-03-17T10:51:34.734+0000] {processor.py:925} INFO - DAG(s) 'example_complex' retrieved from /home/airflow/.local/lib/python3.12/site-packages/airflow/example_dags/example_complex.py
[2025-03-17T10:51:34.779+0000] {logging_mixin.py:190} INFO - [2025-03-17T10:51:34.778+0000] {dag.py:3239} INFO - Sync 1 DAGs
[2025-03-17T10:51:34.800+0000] {logging_mixin.py:190} INFO - [2025-03-17T10:51:34.800+0000] {dag.py:4180} INFO - Setting next_dagrun for example_complex to None, run_after=None
[2025-03-17T10:51:34.836+0000] {processor.py:208} INFO - Processing /home/airflow/.local/lib/python3.12/site-packages/airflow/example_dags/example_complex.py took 0.129 seconds
[2025-03-17T10:52:05.241+0000] {processor.py:186} INFO - Started process (PID=50281) to work on /home/airflow/.local/lib/python3.12/site-packages/airflow/example_dags/example_complex.py
[2025-03-17T10:52:05.243+0000] {processor.py:914} INFO - Processing file /home/airflow/.local/lib/python3.12/site-packages/airflow/example_dags/example_complex.py for tasks to queue
[2025-03-17T10:52:05.245+0000] {logging_mixin.py:190} INFO - [2025-03-17T10:52:05.245+0000] {dagbag.py:588} INFO - Filling up the DagBag from /home/airflow/.local/lib/python3.12/site-packages/airflow/example_dags/example_complex.py
[2025-03-17T10:52:05.266+0000] {processor.py:925} INFO - DAG(s) 'example_complex' retrieved from /home/airflow/.local/lib/python3.12/site-packages/airflow/example_dags/example_complex.py
[2025-03-17T10:52:05.354+0000] {logging_mixin.py:190} INFO - [2025-03-17T10:52:05.354+0000] {dag.py:3239} INFO - Sync 1 DAGs
[2025-03-17T10:52:05.405+0000] {logging_mixin.py:190} INFO - [2025-03-17T10:52:05.404+0000] {dag.py:4180} INFO - Setting next_dagrun for example_complex to None, run_after=None
[2025-03-17T10:52:05.472+0000] {processor.py:208} INFO - Processing /home/airflow/.local/lib/python3.12/site-packages/airflow/example_dags/example_complex.py took 0.241 seconds
[2025-03-17T10:52:35.950+0000] {processor.py:186} INFO - Started process (PID=50346) to work on /home/airflow/.local/lib/python3.12/site-packages/airflow/example_dags/example_complex.py
[2025-03-17T10:52:35.951+0000] {processor.py:914} INFO - Processing file /home/airflow/.local/lib/python3.12/site-packages/airflow/example_dags/example_complex.py for tasks to queue
[2025-03-17T10:52:35.954+0000] {logging_mixin.py:190} INFO - [2025-03-17T10:52:35.954+0000] {dagbag.py:588} INFO - Filling up the DagBag from /home/airflow/.local/lib/python3.12/site-packages/airflow/example_dags/example_complex.py
[2025-03-17T10:52:35.971+0000] {processor.py:925} INFO - DAG(s) 'example_complex' retrieved from /home/airflow/.local/lib/python3.12/site-packages/airflow/example_dags/example_complex.py
[2025-03-17T10:52:36.022+0000] {logging_mixin.py:190} INFO - [2025-03-17T10:52:36.021+0000] {dag.py:3239} INFO - Sync 1 DAGs
[2025-03-17T10:52:36.047+0000] {logging_mixin.py:190} INFO - [2025-03-17T10:52:36.047+0000] {dag.py:4180} INFO - Setting next_dagrun for example_complex to None, run_after=None
[2025-03-17T10:52:36.084+0000] {processor.py:208} INFO - Processing /home/airflow/.local/lib/python3.12/site-packages/airflow/example_dags/example_complex.py took 0.145 seconds
[2025-03-17T10:53:06.383+0000] {processor.py:186} INFO - Started process (PID=50407) to work on /home/airflow/.local/lib/python3.12/site-packages/airflow/example_dags/example_complex.py
[2025-03-17T10:53:06.385+0000] {processor.py:914} INFO - Processing file /home/airflow/.local/lib/python3.12/site-packages/airflow/example_dags/example_complex.py for tasks to queue
[2025-03-17T10:53:06.387+0000] {logging_mixin.py:190} INFO - [2025-03-17T10:53:06.387+0000] {dagbag.py:588} INFO - Filling up the DagBag from /home/airflow/.local/lib/python3.12/site-packages/airflow/example_dags/example_complex.py
[2025-03-17T10:53:06.404+0000] {processor.py:925} INFO - DAG(s) 'example_complex' retrieved from /home/airflow/.local/lib/python3.12/site-packages/airflow/example_dags/example_complex.py
[2025-03-17T10:53:06.447+0000] {logging_mixin.py:190} INFO - [2025-03-17T10:53:06.447+0000] {dag.py:3239} INFO - Sync 1 DAGs
[2025-03-17T10:53:06.466+0000] {logging_mixin.py:190} INFO - [2025-03-17T10:53:06.466+0000] {dag.py:4180} INFO - Setting next_dagrun for example_complex to None, run_after=None
[2025-03-17T10:53:06.497+0000] {processor.py:208} INFO - Processing /home/airflow/.local/lib/python3.12/site-packages/airflow/example_dags/example_complex.py took 0.121 seconds
[2025-03-17T10:53:36.840+0000] {processor.py:186} INFO - Started process (PID=50471) to work on /home/airflow/.local/lib/python3.12/site-packages/airflow/example_dags/example_complex.py
[2025-03-17T10:53:36.842+0000] {processor.py:914} INFO - Processing file /home/airflow/.local/lib/python3.12/site-packages/airflow/example_dags/example_complex.py for tasks to queue
[2025-03-17T10:53:36.844+0000] {logging_mixin.py:190} INFO - [2025-03-17T10:53:36.844+0000] {dagbag.py:588} INFO - Filling up the DagBag from /home/airflow/.local/lib/python3.12/site-packages/airflow/example_dags/example_complex.py
[2025-03-17T10:53:36.867+0000] {processor.py:925} INFO - DAG(s) 'example_complex' retrieved from /home/airflow/.local/lib/python3.12/site-packages/airflow/example_dags/example_complex.py
[2025-03-17T10:53:36.916+0000] {logging_mixin.py:190} INFO - [2025-03-17T10:53:36.916+0000] {dag.py:3239} INFO - Sync 1 DAGs
[2025-03-17T10:53:36.938+0000] {logging_mixin.py:190} INFO - [2025-03-17T10:53:36.938+0000] {dag.py:4180} INFO - Setting next_dagrun for example_complex to None, run_after=None
[2025-03-17T10:53:36.976+0000] {processor.py:208} INFO - Processing /home/airflow/.local/lib/python3.12/site-packages/airflow/example_dags/example_complex.py took 0.145 seconds
[2025-03-17T15:56:24.219+0000] {processor.py:186} INFO - Started process (PID=50501) to work on /home/airflow/.local/lib/python3.12/site-packages/airflow/example_dags/example_complex.py
[2025-03-17T15:56:24.225+0000] {processor.py:914} INFO - Processing file /home/airflow/.local/lib/python3.12/site-packages/airflow/example_dags/example_complex.py for tasks to queue
[2025-03-17T15:56:24.232+0000] {logging_mixin.py:190} INFO - [2025-03-17T15:56:24.231+0000] {dagbag.py:588} INFO - Filling up the DagBag from /home/airflow/.local/lib/python3.12/site-packages/airflow/example_dags/example_complex.py
[2025-03-17T15:56:24.289+0000] {processor.py:925} INFO - DAG(s) 'example_complex' retrieved from /home/airflow/.local/lib/python3.12/site-packages/airflow/example_dags/example_complex.py
[2025-03-17T15:56:24.459+0000] {logging_mixin.py:190} INFO - [2025-03-17T15:56:24.458+0000] {dag.py:3239} INFO - Sync 1 DAGs
[2025-03-17T15:56:24.526+0000] {logging_mixin.py:190} INFO - [2025-03-17T15:56:24.526+0000] {dag.py:4180} INFO - Setting next_dagrun for example_complex to None, run_after=None
[2025-03-17T15:56:24.600+0000] {processor.py:208} INFO - Processing /home/airflow/.local/lib/python3.12/site-packages/airflow/example_dags/example_complex.py took 0.400 seconds
[2025-03-17T15:56:54.886+0000] {processor.py:186} INFO - Started process (PID=50566) to work on /home/airflow/.local/lib/python3.12/site-packages/airflow/example_dags/example_complex.py
[2025-03-17T15:56:54.887+0000] {processor.py:914} INFO - Processing file /home/airflow/.local/lib/python3.12/site-packages/airflow/example_dags/example_complex.py for tasks to queue
[2025-03-17T15:56:54.889+0000] {logging_mixin.py:190} INFO - [2025-03-17T15:56:54.889+0000] {dagbag.py:588} INFO - Filling up the DagBag from /home/airflow/.local/lib/python3.12/site-packages/airflow/example_dags/example_complex.py
[2025-03-17T15:56:54.908+0000] {processor.py:925} INFO - DAG(s) 'example_complex' retrieved from /home/airflow/.local/lib/python3.12/site-packages/airflow/example_dags/example_complex.py
[2025-03-17T15:56:54.956+0000] {logging_mixin.py:190} INFO - [2025-03-17T15:56:54.956+0000] {dag.py:3239} INFO - Sync 1 DAGs
[2025-03-17T15:56:54.977+0000] {logging_mixin.py:190} INFO - [2025-03-17T15:56:54.977+0000] {dag.py:4180} INFO - Setting next_dagrun for example_complex to None, run_after=None
[2025-03-17T15:56:55.016+0000] {processor.py:208} INFO - Processing /home/airflow/.local/lib/python3.12/site-packages/airflow/example_dags/example_complex.py took 0.137 seconds
[2025-03-17T15:57:25.370+0000] {processor.py:186} INFO - Started process (PID=50631) to work on /home/airflow/.local/lib/python3.12/site-packages/airflow/example_dags/example_complex.py
[2025-03-17T15:57:25.372+0000] {processor.py:914} INFO - Processing file /home/airflow/.local/lib/python3.12/site-packages/airflow/example_dags/example_complex.py for tasks to queue
[2025-03-17T15:57:25.381+0000] {logging_mixin.py:190} INFO - [2025-03-17T15:57:25.374+0000] {dagbag.py:588} INFO - Filling up the DagBag from /home/airflow/.local/lib/python3.12/site-packages/airflow/example_dags/example_complex.py
[2025-03-17T15:57:25.431+0000] {processor.py:925} INFO - DAG(s) 'example_complex' retrieved from /home/airflow/.local/lib/python3.12/site-packages/airflow/example_dags/example_complex.py
[2025-03-17T15:57:25.486+0000] {logging_mixin.py:190} INFO - [2025-03-17T15:57:25.485+0000] {dag.py:3239} INFO - Sync 1 DAGs
[2025-03-17T15:57:25.508+0000] {logging_mixin.py:190} INFO - [2025-03-17T15:57:25.508+0000] {dag.py:4180} INFO - Setting next_dagrun for example_complex to None, run_after=None
[2025-03-17T15:57:25.537+0000] {processor.py:208} INFO - Processing /home/airflow/.local/lib/python3.12/site-packages/airflow/example_dags/example_complex.py took 0.175 seconds
