[2025-03-17T10:50:40.172+0000] {processor.py:186} INFO - Started process (PID=50097) to work on /home/airflow/.local/lib/python3.12/site-packages/airflow/example_dags/example_short_circuit_decorator.py
[2025-03-17T10:50:40.175+0000] {processor.py:914} INFO - Processing file /home/airflow/.local/lib/python3.12/site-packages/airflow/example_dags/example_short_circuit_decorator.py for tasks to queue
[2025-03-17T10:50:40.179+0000] {logging_mixin.py:190} INFO - [2025-03-17T10:50:40.178+0000] {dagbag.py:588} INFO - Filling up the DagBag from /home/airflow/.local/lib/python3.12/site-packages/airflow/example_dags/example_short_circuit_decorator.py
[2025-03-17T10:50:40.234+0000] {processor.py:925} INFO - DAG(s) 'example_short_circuit_decorator' retrieved from /home/airflow/.local/lib/python3.12/site-packages/airflow/example_dags/example_short_circuit_decorator.py
[2025-03-17T10:50:40.355+0000] {logging_mixin.py:190} INFO - [2025-03-17T10:50:40.354+0000] {dag.py:3239} INFO - Sync 1 DAGs
[2025-03-17T10:50:40.454+0000] {logging_mixin.py:190} INFO - [2025-03-17T10:50:40.453+0000] {dag.py:4180} INFO - Setting next_dagrun for example_short_circuit_decorator to None, run_after=None
[2025-03-17T10:50:40.569+0000] {processor.py:208} INFO - Processing /home/airflow/.local/lib/python3.12/site-packages/airflow/example_dags/example_short_circuit_decorator.py took 0.421 seconds
[2025-03-17T10:51:10.928+0000] {processor.py:186} INFO - Started process (PID=50161) to work on /home/airflow/.local/lib/python3.12/site-packages/airflow/example_dags/example_short_circuit_decorator.py
[2025-03-17T10:51:10.930+0000] {processor.py:914} INFO - Processing file /home/airflow/.local/lib/python3.12/site-packages/airflow/example_dags/example_short_circuit_decorator.py for tasks to queue
[2025-03-17T10:51:10.934+0000] {logging_mixin.py:190} INFO - [2025-03-17T10:51:10.933+0000] {dagbag.py:588} INFO - Filling up the DagBag from /home/airflow/.local/lib/python3.12/site-packages/airflow/example_dags/example_short_circuit_decorator.py
[2025-03-17T10:51:10.985+0000] {processor.py:925} INFO - DAG(s) 'example_short_circuit_decorator' retrieved from /home/airflow/.local/lib/python3.12/site-packages/airflow/example_dags/example_short_circuit_decorator.py
[2025-03-17T10:51:11.084+0000] {logging_mixin.py:190} INFO - [2025-03-17T10:51:11.084+0000] {dag.py:3239} INFO - Sync 1 DAGs
[2025-03-17T10:51:11.183+0000] {logging_mixin.py:190} INFO - [2025-03-17T10:51:11.182+0000] {dag.py:4180} INFO - Setting next_dagrun for example_short_circuit_decorator to None, run_after=None
[2025-03-17T10:51:11.301+0000] {processor.py:208} INFO - Processing /home/airflow/.local/lib/python3.12/site-packages/airflow/example_dags/example_short_circuit_decorator.py took 0.394 seconds
[2025-03-17T10:51:41.614+0000] {processor.py:186} INFO - Started process (PID=50226) to work on /home/airflow/.local/lib/python3.12/site-packages/airflow/example_dags/example_short_circuit_decorator.py
[2025-03-17T10:51:41.616+0000] {processor.py:914} INFO - Processing file /home/airflow/.local/lib/python3.12/site-packages/airflow/example_dags/example_short_circuit_decorator.py for tasks to queue
[2025-03-17T10:51:41.619+0000] {logging_mixin.py:190} INFO - [2025-03-17T10:51:41.618+0000] {dagbag.py:588} INFO - Filling up the DagBag from /home/airflow/.local/lib/python3.12/site-packages/airflow/example_dags/example_short_circuit_decorator.py
[2025-03-17T10:51:41.635+0000] {processor.py:925} INFO - DAG(s) 'example_short_circuit_decorator' retrieved from /home/airflow/.local/lib/python3.12/site-packages/airflow/example_dags/example_short_circuit_decorator.py
[2025-03-17T10:51:41.676+0000] {logging_mixin.py:190} INFO - [2025-03-17T10:51:41.675+0000] {dag.py:3239} INFO - Sync 1 DAGs
[2025-03-17T10:51:41.702+0000] {logging_mixin.py:190} INFO - [2025-03-17T10:51:41.702+0000] {dag.py:4180} INFO - Setting next_dagrun for example_short_circuit_decorator to None, run_after=None
[2025-03-17T10:51:41.739+0000] {processor.py:208} INFO - Processing /home/airflow/.local/lib/python3.12/site-packages/airflow/example_dags/example_short_circuit_decorator.py took 0.135 seconds
[2025-03-17T10:52:12.187+0000] {processor.py:186} INFO - Started process (PID=50291) to work on /home/airflow/.local/lib/python3.12/site-packages/airflow/example_dags/example_short_circuit_decorator.py
[2025-03-17T10:52:12.190+0000] {processor.py:914} INFO - Processing file /home/airflow/.local/lib/python3.12/site-packages/airflow/example_dags/example_short_circuit_decorator.py for tasks to queue
[2025-03-17T10:52:12.193+0000] {logging_mixin.py:190} INFO - [2025-03-17T10:52:12.192+0000] {dagbag.py:588} INFO - Filling up the DagBag from /home/airflow/.local/lib/python3.12/site-packages/airflow/example_dags/example_short_circuit_decorator.py
[2025-03-17T10:52:12.223+0000] {processor.py:925} INFO - DAG(s) 'example_short_circuit_decorator' retrieved from /home/airflow/.local/lib/python3.12/site-packages/airflow/example_dags/example_short_circuit_decorator.py
[2025-03-17T10:52:12.275+0000] {logging_mixin.py:190} INFO - [2025-03-17T10:52:12.274+0000] {dag.py:3239} INFO - Sync 1 DAGs
[2025-03-17T10:52:12.306+0000] {logging_mixin.py:190} INFO - [2025-03-17T10:52:12.306+0000] {dag.py:4180} INFO - Setting next_dagrun for example_short_circuit_decorator to None, run_after=None
[2025-03-17T10:52:12.355+0000] {processor.py:208} INFO - Processing /home/airflow/.local/lib/python3.12/site-packages/airflow/example_dags/example_short_circuit_decorator.py took 0.176 seconds
[2025-03-17T10:52:43.074+0000] {processor.py:186} INFO - Started process (PID=50356) to work on /home/airflow/.local/lib/python3.12/site-packages/airflow/example_dags/example_short_circuit_decorator.py
[2025-03-17T10:52:43.076+0000] {processor.py:914} INFO - Processing file /home/airflow/.local/lib/python3.12/site-packages/airflow/example_dags/example_short_circuit_decorator.py for tasks to queue
[2025-03-17T10:52:43.079+0000] {logging_mixin.py:190} INFO - [2025-03-17T10:52:43.078+0000] {dagbag.py:588} INFO - Filling up the DagBag from /home/airflow/.local/lib/python3.12/site-packages/airflow/example_dags/example_short_circuit_decorator.py
[2025-03-17T10:52:43.099+0000] {processor.py:925} INFO - DAG(s) 'example_short_circuit_decorator' retrieved from /home/airflow/.local/lib/python3.12/site-packages/airflow/example_dags/example_short_circuit_decorator.py
[2025-03-17T10:52:43.147+0000] {logging_mixin.py:190} INFO - [2025-03-17T10:52:43.146+0000] {dag.py:3239} INFO - Sync 1 DAGs
[2025-03-17T10:52:43.176+0000] {logging_mixin.py:190} INFO - [2025-03-17T10:52:43.176+0000] {dag.py:4180} INFO - Setting next_dagrun for example_short_circuit_decorator to None, run_after=None
[2025-03-17T10:52:43.217+0000] {processor.py:208} INFO - Processing /home/airflow/.local/lib/python3.12/site-packages/airflow/example_dags/example_short_circuit_decorator.py took 0.152 seconds
[2025-03-17T10:53:13.713+0000] {processor.py:186} INFO - Started process (PID=50420) to work on /home/airflow/.local/lib/python3.12/site-packages/airflow/example_dags/example_short_circuit_decorator.py
[2025-03-17T10:53:13.714+0000] {processor.py:914} INFO - Processing file /home/airflow/.local/lib/python3.12/site-packages/airflow/example_dags/example_short_circuit_decorator.py for tasks to queue
[2025-03-17T10:53:13.718+0000] {logging_mixin.py:190} INFO - [2025-03-17T10:53:13.717+0000] {dagbag.py:588} INFO - Filling up the DagBag from /home/airflow/.local/lib/python3.12/site-packages/airflow/example_dags/example_short_circuit_decorator.py
[2025-03-17T10:53:13.737+0000] {processor.py:925} INFO - DAG(s) 'example_short_circuit_decorator' retrieved from /home/airflow/.local/lib/python3.12/site-packages/airflow/example_dags/example_short_circuit_decorator.py
[2025-03-17T10:53:13.788+0000] {logging_mixin.py:190} INFO - [2025-03-17T10:53:13.788+0000] {dag.py:3239} INFO - Sync 1 DAGs
[2025-03-17T10:53:13.826+0000] {logging_mixin.py:190} INFO - [2025-03-17T10:53:13.825+0000] {dag.py:4180} INFO - Setting next_dagrun for example_short_circuit_decorator to None, run_after=None
[2025-03-17T10:53:13.866+0000] {processor.py:208} INFO - Processing /home/airflow/.local/lib/python3.12/site-packages/airflow/example_dags/example_short_circuit_decorator.py took 0.163 seconds
[2025-03-17T10:53:44.049+0000] {processor.py:186} INFO - Started process (PID=50485) to work on /home/airflow/.local/lib/python3.12/site-packages/airflow/example_dags/example_short_circuit_decorator.py
[2025-03-17T10:53:44.052+0000] {processor.py:914} INFO - Processing file /home/airflow/.local/lib/python3.12/site-packages/airflow/example_dags/example_short_circuit_decorator.py for tasks to queue
[2025-03-17T10:53:44.055+0000] {logging_mixin.py:190} INFO - [2025-03-17T10:53:44.054+0000] {dagbag.py:588} INFO - Filling up the DagBag from /home/airflow/.local/lib/python3.12/site-packages/airflow/example_dags/example_short_circuit_decorator.py
[2025-03-17T10:53:44.073+0000] {processor.py:925} INFO - DAG(s) 'example_short_circuit_decorator' retrieved from /home/airflow/.local/lib/python3.12/site-packages/airflow/example_dags/example_short_circuit_decorator.py
[2025-03-17T10:53:44.117+0000] {logging_mixin.py:190} INFO - [2025-03-17T10:53:44.117+0000] {dag.py:3239} INFO - Sync 1 DAGs
[2025-03-17T10:53:44.142+0000] {logging_mixin.py:190} INFO - [2025-03-17T10:53:44.142+0000] {dag.py:4180} INFO - Setting next_dagrun for example_short_circuit_decorator to None, run_after=None
[2025-03-17T10:53:44.177+0000] {processor.py:208} INFO - Processing /home/airflow/.local/lib/python3.12/site-packages/airflow/example_dags/example_short_circuit_decorator.py took 0.137 seconds
[2025-03-17T15:56:27.268+0000] {processor.py:186} INFO - Started process (PID=50518) to work on /home/airflow/.local/lib/python3.12/site-packages/airflow/example_dags/example_short_circuit_decorator.py
[2025-03-17T15:56:27.271+0000] {processor.py:914} INFO - Processing file /home/airflow/.local/lib/python3.12/site-packages/airflow/example_dags/example_short_circuit_decorator.py for tasks to queue
[2025-03-17T15:56:27.283+0000] {logging_mixin.py:190} INFO - [2025-03-17T15:56:27.277+0000] {dagbag.py:588} INFO - Filling up the DagBag from /home/airflow/.local/lib/python3.12/site-packages/airflow/example_dags/example_short_circuit_decorator.py
[2025-03-17T15:56:27.325+0000] {processor.py:925} INFO - DAG(s) 'example_short_circuit_decorator' retrieved from /home/airflow/.local/lib/python3.12/site-packages/airflow/example_dags/example_short_circuit_decorator.py
[2025-03-17T15:56:27.456+0000] {logging_mixin.py:190} INFO - [2025-03-17T15:56:27.456+0000] {dag.py:3239} INFO - Sync 1 DAGs
[2025-03-17T15:56:27.548+0000] {logging_mixin.py:190} INFO - [2025-03-17T15:56:27.547+0000] {dag.py:4180} INFO - Setting next_dagrun for example_short_circuit_decorator to None, run_after=None
[2025-03-17T15:56:27.676+0000] {processor.py:208} INFO - Processing /home/airflow/.local/lib/python3.12/site-packages/airflow/example_dags/example_short_circuit_decorator.py took 0.429 seconds
[2025-03-17T15:56:58.411+0000] {processor.py:186} INFO - Started process (PID=50583) to work on /home/airflow/.local/lib/python3.12/site-packages/airflow/example_dags/example_short_circuit_decorator.py
[2025-03-17T15:56:58.413+0000] {processor.py:914} INFO - Processing file /home/airflow/.local/lib/python3.12/site-packages/airflow/example_dags/example_short_circuit_decorator.py for tasks to queue
[2025-03-17T15:56:58.415+0000] {logging_mixin.py:190} INFO - [2025-03-17T15:56:58.414+0000] {dagbag.py:588} INFO - Filling up the DagBag from /home/airflow/.local/lib/python3.12/site-packages/airflow/example_dags/example_short_circuit_decorator.py
[2025-03-17T15:56:58.429+0000] {processor.py:925} INFO - DAG(s) 'example_short_circuit_decorator' retrieved from /home/airflow/.local/lib/python3.12/site-packages/airflow/example_dags/example_short_circuit_decorator.py
[2025-03-17T15:56:58.463+0000] {logging_mixin.py:190} INFO - [2025-03-17T15:56:58.462+0000] {dag.py:3239} INFO - Sync 1 DAGs
[2025-03-17T15:56:58.486+0000] {logging_mixin.py:190} INFO - [2025-03-17T15:56:58.485+0000] {dag.py:4180} INFO - Setting next_dagrun for example_short_circuit_decorator to None, run_after=None
[2025-03-17T15:56:58.521+0000] {processor.py:208} INFO - Processing /home/airflow/.local/lib/python3.12/site-packages/airflow/example_dags/example_short_circuit_decorator.py took 0.117 seconds
