[2025-03-17T10:50:59.822+0000] {processor.py:186} INFO - Started process (PID=50138) to work on /home/airflow/.local/lib/python3.12/site-packages/airflow/example_dags/example_branch_labels.py
[2025-03-17T10:50:59.830+0000] {processor.py:914} INFO - Processing file /home/airflow/.local/lib/python3.12/site-packages/airflow/example_dags/example_branch_labels.py for tasks to queue
[2025-03-17T10:50:59.836+0000] {logging_mixin.py:190} INFO - [2025-03-17T10:50:59.835+0000] {dagbag.py:588} INFO - Filling up the DagBag from /home/airflow/.local/lib/python3.12/site-packages/airflow/example_dags/example_branch_labels.py
[2025-03-17T10:50:59.887+0000] {processor.py:925} INFO - DAG(s) 'example_branch_labels' retrieved from /home/airflow/.local/lib/python3.12/site-packages/airflow/example_dags/example_branch_labels.py
[2025-03-17T10:51:00.008+0000] {logging_mixin.py:190} INFO - [2025-03-17T10:51:00.008+0000] {dag.py:3239} INFO - Sync 1 DAGs
[2025-03-17T10:51:00.143+0000] {logging_mixin.py:190} INFO - [2025-03-17T10:51:00.142+0000] {dag.py:4180} INFO - Setting next_dagrun for example_branch_labels to 2025-03-16 00:00:00+00:00, run_after=2025-03-17 00:00:00+00:00
[2025-03-17T10:51:00.255+0000] {processor.py:208} INFO - Processing /home/airflow/.local/lib/python3.12/site-packages/airflow/example_dags/example_branch_labels.py took 0.455 seconds
[2025-03-17T10:51:30.771+0000] {processor.py:186} INFO - Started process (PID=50203) to work on /home/airflow/.local/lib/python3.12/site-packages/airflow/example_dags/example_branch_labels.py
[2025-03-17T10:51:30.773+0000] {processor.py:914} INFO - Processing file /home/airflow/.local/lib/python3.12/site-packages/airflow/example_dags/example_branch_labels.py for tasks to queue
[2025-03-17T10:51:30.776+0000] {logging_mixin.py:190} INFO - [2025-03-17T10:51:30.775+0000] {dagbag.py:588} INFO - Filling up the DagBag from /home/airflow/.local/lib/python3.12/site-packages/airflow/example_dags/example_branch_labels.py
[2025-03-17T10:51:30.795+0000] {processor.py:925} INFO - DAG(s) 'example_branch_labels' retrieved from /home/airflow/.local/lib/python3.12/site-packages/airflow/example_dags/example_branch_labels.py
[2025-03-17T10:51:30.838+0000] {logging_mixin.py:190} INFO - [2025-03-17T10:51:30.838+0000] {dag.py:3239} INFO - Sync 1 DAGs
[2025-03-17T10:51:30.898+0000] {logging_mixin.py:190} INFO - [2025-03-17T10:51:30.898+0000] {dag.py:4180} INFO - Setting next_dagrun for example_branch_labels to 2025-03-16 00:00:00+00:00, run_after=2025-03-17 00:00:00+00:00
[2025-03-17T10:51:30.940+0000] {processor.py:208} INFO - Processing /home/airflow/.local/lib/python3.12/site-packages/airflow/example_dags/example_branch_labels.py took 0.179 seconds
[2025-03-17T10:52:01.143+0000] {processor.py:186} INFO - Started process (PID=50267) to work on /home/airflow/.local/lib/python3.12/site-packages/airflow/example_dags/example_branch_labels.py
[2025-03-17T10:52:01.145+0000] {processor.py:914} INFO - Processing file /home/airflow/.local/lib/python3.12/site-packages/airflow/example_dags/example_branch_labels.py for tasks to queue
[2025-03-17T10:52:01.148+0000] {logging_mixin.py:190} INFO - [2025-03-17T10:52:01.147+0000] {dagbag.py:588} INFO - Filling up the DagBag from /home/airflow/.local/lib/python3.12/site-packages/airflow/example_dags/example_branch_labels.py
[2025-03-17T10:52:01.162+0000] {processor.py:925} INFO - DAG(s) 'example_branch_labels' retrieved from /home/airflow/.local/lib/python3.12/site-packages/airflow/example_dags/example_branch_labels.py
[2025-03-17T10:52:01.197+0000] {logging_mixin.py:190} INFO - [2025-03-17T10:52:01.196+0000] {dag.py:3239} INFO - Sync 1 DAGs
[2025-03-17T10:52:01.234+0000] {logging_mixin.py:190} INFO - [2025-03-17T10:52:01.234+0000] {dag.py:4180} INFO - Setting next_dagrun for example_branch_labels to 2025-03-16 00:00:00+00:00, run_after=2025-03-17 00:00:00+00:00
[2025-03-17T10:52:01.268+0000] {processor.py:208} INFO - Processing /home/airflow/.local/lib/python3.12/site-packages/airflow/example_dags/example_branch_labels.py took 0.134 seconds
[2025-03-17T10:52:31.683+0000] {processor.py:186} INFO - Started process (PID=50332) to work on /home/airflow/.local/lib/python3.12/site-packages/airflow/example_dags/example_branch_labels.py
[2025-03-17T10:52:31.685+0000] {processor.py:914} INFO - Processing file /home/airflow/.local/lib/python3.12/site-packages/airflow/example_dags/example_branch_labels.py for tasks to queue
[2025-03-17T10:52:31.689+0000] {logging_mixin.py:190} INFO - [2025-03-17T10:52:31.688+0000] {dagbag.py:588} INFO - Filling up the DagBag from /home/airflow/.local/lib/python3.12/site-packages/airflow/example_dags/example_branch_labels.py
[2025-03-17T10:52:31.711+0000] {processor.py:925} INFO - DAG(s) 'example_branch_labels' retrieved from /home/airflow/.local/lib/python3.12/site-packages/airflow/example_dags/example_branch_labels.py
[2025-03-17T10:52:31.743+0000] {logging_mixin.py:190} INFO - [2025-03-17T10:52:31.743+0000] {dag.py:3239} INFO - Sync 1 DAGs
[2025-03-17T10:52:31.793+0000] {logging_mixin.py:190} INFO - [2025-03-17T10:52:31.793+0000] {dag.py:4180} INFO - Setting next_dagrun for example_branch_labels to 2025-03-16 00:00:00+00:00, run_after=2025-03-17 00:00:00+00:00
[2025-03-17T10:52:31.829+0000] {processor.py:208} INFO - Processing /home/airflow/.local/lib/python3.12/site-packages/airflow/example_dags/example_branch_labels.py took 0.154 seconds
[2025-03-17T10:53:02.708+0000] {processor.py:186} INFO - Started process (PID=50396) to work on /home/airflow/.local/lib/python3.12/site-packages/airflow/example_dags/example_branch_labels.py
[2025-03-17T10:53:02.709+0000] {processor.py:914} INFO - Processing file /home/airflow/.local/lib/python3.12/site-packages/airflow/example_dags/example_branch_labels.py for tasks to queue
[2025-03-17T10:53:02.711+0000] {logging_mixin.py:190} INFO - [2025-03-17T10:53:02.711+0000] {dagbag.py:588} INFO - Filling up the DagBag from /home/airflow/.local/lib/python3.12/site-packages/airflow/example_dags/example_branch_labels.py
[2025-03-17T10:53:02.722+0000] {processor.py:925} INFO - DAG(s) 'example_branch_labels' retrieved from /home/airflow/.local/lib/python3.12/site-packages/airflow/example_dags/example_branch_labels.py
[2025-03-17T10:53:02.750+0000] {logging_mixin.py:190} INFO - [2025-03-17T10:53:02.749+0000] {dag.py:3239} INFO - Sync 1 DAGs
[2025-03-17T10:53:02.781+0000] {logging_mixin.py:190} INFO - [2025-03-17T10:53:02.781+0000] {dag.py:4180} INFO - Setting next_dagrun for example_branch_labels to 2025-03-16 00:00:00+00:00, run_after=2025-03-17 00:00:00+00:00
[2025-03-17T10:53:02.810+0000] {processor.py:208} INFO - Processing /home/airflow/.local/lib/python3.12/site-packages/airflow/example_dags/example_branch_labels.py took 0.108 seconds
[2025-03-17T10:53:33.641+0000] {processor.py:186} INFO - Started process (PID=50461) to work on /home/airflow/.local/lib/python3.12/site-packages/airflow/example_dags/example_branch_labels.py
[2025-03-17T10:53:33.643+0000] {processor.py:914} INFO - Processing file /home/airflow/.local/lib/python3.12/site-packages/airflow/example_dags/example_branch_labels.py for tasks to queue
[2025-03-17T10:53:33.645+0000] {logging_mixin.py:190} INFO - [2025-03-17T10:53:33.644+0000] {dagbag.py:588} INFO - Filling up the DagBag from /home/airflow/.local/lib/python3.12/site-packages/airflow/example_dags/example_branch_labels.py
[2025-03-17T10:53:33.660+0000] {processor.py:925} INFO - DAG(s) 'example_branch_labels' retrieved from /home/airflow/.local/lib/python3.12/site-packages/airflow/example_dags/example_branch_labels.py
[2025-03-17T10:53:33.697+0000] {logging_mixin.py:190} INFO - [2025-03-17T10:53:33.696+0000] {dag.py:3239} INFO - Sync 1 DAGs
[2025-03-17T10:53:33.739+0000] {logging_mixin.py:190} INFO - [2025-03-17T10:53:33.739+0000] {dag.py:4180} INFO - Setting next_dagrun for example_branch_labels to 2025-03-16 00:00:00+00:00, run_after=2025-03-17 00:00:00+00:00
[2025-03-17T10:53:33.774+0000] {processor.py:208} INFO - Processing /home/airflow/.local/lib/python3.12/site-packages/airflow/example_dags/example_branch_labels.py took 0.143 seconds
[2025-03-17T15:56:36.677+0000] {processor.py:186} INFO - Started process (PID=50553) to work on /home/airflow/.local/lib/python3.12/site-packages/airflow/example_dags/example_branch_labels.py
[2025-03-17T15:56:36.678+0000] {processor.py:914} INFO - Processing file /home/airflow/.local/lib/python3.12/site-packages/airflow/example_dags/example_branch_labels.py for tasks to queue
[2025-03-17T15:56:36.680+0000] {logging_mixin.py:190} INFO - [2025-03-17T15:56:36.680+0000] {dagbag.py:588} INFO - Filling up the DagBag from /home/airflow/.local/lib/python3.12/site-packages/airflow/example_dags/example_branch_labels.py
[2025-03-17T15:56:36.694+0000] {processor.py:925} INFO - DAG(s) 'example_branch_labels' retrieved from /home/airflow/.local/lib/python3.12/site-packages/airflow/example_dags/example_branch_labels.py
[2025-03-17T15:56:36.729+0000] {logging_mixin.py:190} INFO - [2025-03-17T15:56:36.729+0000] {dag.py:3239} INFO - Sync 1 DAGs
[2025-03-17T15:56:36.769+0000] {logging_mixin.py:190} INFO - [2025-03-17T15:56:36.768+0000] {dag.py:4180} INFO - Setting next_dagrun for example_branch_labels to 2025-03-16 00:00:00+00:00, run_after=2025-03-17 00:00:00+00:00
[2025-03-17T15:56:36.801+0000] {processor.py:208} INFO - Processing /home/airflow/.local/lib/python3.12/site-packages/airflow/example_dags/example_branch_labels.py took 0.132 seconds
[2025-03-17T15:57:07.778+0000] {processor.py:186} INFO - Started process (PID=50618) to work on /home/airflow/.local/lib/python3.12/site-packages/airflow/example_dags/example_branch_labels.py
[2025-03-17T15:57:07.779+0000] {processor.py:914} INFO - Processing file /home/airflow/.local/lib/python3.12/site-packages/airflow/example_dags/example_branch_labels.py for tasks to queue
[2025-03-17T15:57:07.782+0000] {logging_mixin.py:190} INFO - [2025-03-17T15:57:07.781+0000] {dagbag.py:588} INFO - Filling up the DagBag from /home/airflow/.local/lib/python3.12/site-packages/airflow/example_dags/example_branch_labels.py
[2025-03-17T15:57:07.797+0000] {processor.py:925} INFO - DAG(s) 'example_branch_labels' retrieved from /home/airflow/.local/lib/python3.12/site-packages/airflow/example_dags/example_branch_labels.py
[2025-03-17T15:57:07.829+0000] {logging_mixin.py:190} INFO - [2025-03-17T15:57:07.829+0000] {dag.py:3239} INFO - Sync 1 DAGs
[2025-03-17T15:57:07.862+0000] {logging_mixin.py:190} INFO - [2025-03-17T15:57:07.861+0000] {dag.py:4180} INFO - Setting next_dagrun for example_branch_labels to 2025-03-16 00:00:00+00:00, run_after=2025-03-17 00:00:00+00:00
[2025-03-17T15:57:07.894+0000] {processor.py:208} INFO - Processing /home/airflow/.local/lib/python3.12/site-packages/airflow/example_dags/example_branch_labels.py took 0.125 seconds
