[2025-03-17T10:51:01.480+0000] {processor.py:186} INFO - Started process (PID=50143) to work on /home/airflow/.local/lib/python3.12/site-packages/airflow/example_dags/example_time_delta_sensor_async.py
[2025-03-17T10:51:01.489+0000] {processor.py:914} INFO - Processing file /home/airflow/.local/lib/python3.12/site-packages/airflow/example_dags/example_time_delta_sensor_async.py for tasks to queue
[2025-03-17T10:51:01.500+0000] {logging_mixin.py:190} INFO - [2025-03-17T10:51:01.499+0000] {dagbag.py:588} INFO - Filling up the DagBag from /home/airflow/.local/lib/python3.12/site-packages/airflow/example_dags/example_time_delta_sensor_async.py
[2025-03-17T10:51:01.535+0000] {processor.py:925} INFO - DAG(s) 'example_time_delta_sensor_async' retrieved from /home/airflow/.local/lib/python3.12/site-packages/airflow/example_dags/example_time_delta_sensor_async.py
[2025-03-17T10:51:01.653+0000] {logging_mixin.py:190} INFO - [2025-03-17T10:51:01.652+0000] {dag.py:3239} INFO - Sync 1 DAGs
[2025-03-17T10:51:01.750+0000] {logging_mixin.py:190} INFO - [2025-03-17T10:51:01.749+0000] {dag.py:4180} INFO - Setting next_dagrun for example_time_delta_sensor_async to None, run_after=None
[2025-03-17T10:51:01.872+0000] {processor.py:208} INFO - Processing /home/airflow/.local/lib/python3.12/site-packages/airflow/example_dags/example_time_delta_sensor_async.py took 0.411 seconds
[2025-03-17T10:51:32.739+0000] {processor.py:186} INFO - Started process (PID=50207) to work on /home/airflow/.local/lib/python3.12/site-packages/airflow/example_dags/example_time_delta_sensor_async.py
[2025-03-17T10:51:32.741+0000] {processor.py:914} INFO - Processing file /home/airflow/.local/lib/python3.12/site-packages/airflow/example_dags/example_time_delta_sensor_async.py for tasks to queue
[2025-03-17T10:51:32.743+0000] {logging_mixin.py:190} INFO - [2025-03-17T10:51:32.743+0000] {dagbag.py:588} INFO - Filling up the DagBag from /home/airflow/.local/lib/python3.12/site-packages/airflow/example_dags/example_time_delta_sensor_async.py
[2025-03-17T10:51:32.754+0000] {processor.py:925} INFO - DAG(s) 'example_time_delta_sensor_async' retrieved from /home/airflow/.local/lib/python3.12/site-packages/airflow/example_dags/example_time_delta_sensor_async.py
[2025-03-17T10:51:32.792+0000] {logging_mixin.py:190} INFO - [2025-03-17T10:51:32.791+0000] {dag.py:3239} INFO - Sync 1 DAGs
[2025-03-17T10:51:32.819+0000] {logging_mixin.py:190} INFO - [2025-03-17T10:51:32.818+0000] {dag.py:4180} INFO - Setting next_dagrun for example_time_delta_sensor_async to None, run_after=None
[2025-03-17T10:51:32.861+0000] {processor.py:208} INFO - Processing /home/airflow/.local/lib/python3.12/site-packages/airflow/example_dags/example_time_delta_sensor_async.py took 0.131 seconds
[2025-03-17T10:52:03.409+0000] {processor.py:186} INFO - Started process (PID=50271) to work on /home/airflow/.local/lib/python3.12/site-packages/airflow/example_dags/example_time_delta_sensor_async.py
[2025-03-17T10:52:03.411+0000] {processor.py:914} INFO - Processing file /home/airflow/.local/lib/python3.12/site-packages/airflow/example_dags/example_time_delta_sensor_async.py for tasks to queue
[2025-03-17T10:52:03.414+0000] {logging_mixin.py:190} INFO - [2025-03-17T10:52:03.413+0000] {dagbag.py:588} INFO - Filling up the DagBag from /home/airflow/.local/lib/python3.12/site-packages/airflow/example_dags/example_time_delta_sensor_async.py
[2025-03-17T10:52:03.425+0000] {processor.py:925} INFO - DAG(s) 'example_time_delta_sensor_async' retrieved from /home/airflow/.local/lib/python3.12/site-packages/airflow/example_dags/example_time_delta_sensor_async.py
[2025-03-17T10:52:03.474+0000] {logging_mixin.py:190} INFO - [2025-03-17T10:52:03.474+0000] {dag.py:3239} INFO - Sync 1 DAGs
[2025-03-17T10:52:03.502+0000] {logging_mixin.py:190} INFO - [2025-03-17T10:52:03.502+0000] {dag.py:4180} INFO - Setting next_dagrun for example_time_delta_sensor_async to None, run_after=None
[2025-03-17T10:52:03.542+0000] {processor.py:208} INFO - Processing /home/airflow/.local/lib/python3.12/site-packages/airflow/example_dags/example_time_delta_sensor_async.py took 0.140 seconds
[2025-03-17T10:52:33.995+0000] {processor.py:186} INFO - Started process (PID=50336) to work on /home/airflow/.local/lib/python3.12/site-packages/airflow/example_dags/example_time_delta_sensor_async.py
[2025-03-17T10:52:33.997+0000] {processor.py:914} INFO - Processing file /home/airflow/.local/lib/python3.12/site-packages/airflow/example_dags/example_time_delta_sensor_async.py for tasks to queue
[2025-03-17T10:52:33.999+0000] {logging_mixin.py:190} INFO - [2025-03-17T10:52:33.998+0000] {dagbag.py:588} INFO - Filling up the DagBag from /home/airflow/.local/lib/python3.12/site-packages/airflow/example_dags/example_time_delta_sensor_async.py
[2025-03-17T10:52:34.010+0000] {processor.py:925} INFO - DAG(s) 'example_time_delta_sensor_async' retrieved from /home/airflow/.local/lib/python3.12/site-packages/airflow/example_dags/example_time_delta_sensor_async.py
[2025-03-17T10:52:34.040+0000] {logging_mixin.py:190} INFO - [2025-03-17T10:52:34.039+0000] {dag.py:3239} INFO - Sync 1 DAGs
[2025-03-17T10:52:34.070+0000] {logging_mixin.py:190} INFO - [2025-03-17T10:52:34.070+0000] {dag.py:4180} INFO - Setting next_dagrun for example_time_delta_sensor_async to None, run_after=None
[2025-03-17T10:52:34.136+0000] {processor.py:208} INFO - Processing /home/airflow/.local/lib/python3.12/site-packages/airflow/example_dags/example_time_delta_sensor_async.py took 0.150 seconds
[2025-03-17T10:53:04.967+0000] {processor.py:186} INFO - Started process (PID=50399) to work on /home/airflow/.local/lib/python3.12/site-packages/airflow/example_dags/example_time_delta_sensor_async.py
[2025-03-17T10:53:04.969+0000] {processor.py:914} INFO - Processing file /home/airflow/.local/lib/python3.12/site-packages/airflow/example_dags/example_time_delta_sensor_async.py for tasks to queue
[2025-03-17T10:53:04.972+0000] {logging_mixin.py:190} INFO - [2025-03-17T10:53:04.971+0000] {dagbag.py:588} INFO - Filling up the DagBag from /home/airflow/.local/lib/python3.12/site-packages/airflow/example_dags/example_time_delta_sensor_async.py
[2025-03-17T10:53:04.984+0000] {processor.py:925} INFO - DAG(s) 'example_time_delta_sensor_async' retrieved from /home/airflow/.local/lib/python3.12/site-packages/airflow/example_dags/example_time_delta_sensor_async.py
[2025-03-17T10:53:05.016+0000] {logging_mixin.py:190} INFO - [2025-03-17T10:53:05.015+0000] {dag.py:3239} INFO - Sync 1 DAGs
[2025-03-17T10:53:05.039+0000] {logging_mixin.py:190} INFO - [2025-03-17T10:53:05.039+0000] {dag.py:4180} INFO - Setting next_dagrun for example_time_delta_sensor_async to None, run_after=None
[2025-03-17T10:53:05.072+0000] {processor.py:208} INFO - Processing /home/airflow/.local/lib/python3.12/site-packages/airflow/example_dags/example_time_delta_sensor_async.py took 0.113 seconds
[2025-03-17T10:53:35.499+0000] {processor.py:186} INFO - Started process (PID=50464) to work on /home/airflow/.local/lib/python3.12/site-packages/airflow/example_dags/example_time_delta_sensor_async.py
[2025-03-17T10:53:35.501+0000] {processor.py:914} INFO - Processing file /home/airflow/.local/lib/python3.12/site-packages/airflow/example_dags/example_time_delta_sensor_async.py for tasks to queue
[2025-03-17T10:53:35.504+0000] {logging_mixin.py:190} INFO - [2025-03-17T10:53:35.503+0000] {dagbag.py:588} INFO - Filling up the DagBag from /home/airflow/.local/lib/python3.12/site-packages/airflow/example_dags/example_time_delta_sensor_async.py
[2025-03-17T10:53:35.514+0000] {processor.py:925} INFO - DAG(s) 'example_time_delta_sensor_async' retrieved from /home/airflow/.local/lib/python3.12/site-packages/airflow/example_dags/example_time_delta_sensor_async.py
[2025-03-17T10:53:35.546+0000] {logging_mixin.py:190} INFO - [2025-03-17T10:53:35.545+0000] {dag.py:3239} INFO - Sync 1 DAGs
[2025-03-17T10:53:35.575+0000] {logging_mixin.py:190} INFO - [2025-03-17T10:53:35.574+0000] {dag.py:4180} INFO - Setting next_dagrun for example_time_delta_sensor_async to None, run_after=None
[2025-03-17T10:53:35.613+0000] {processor.py:208} INFO - Processing /home/airflow/.local/lib/python3.12/site-packages/airflow/example_dags/example_time_delta_sensor_async.py took 0.123 seconds
[2025-03-17T15:56:37.157+0000] {processor.py:186} INFO - Started process (PID=50558) to work on /home/airflow/.local/lib/python3.12/site-packages/airflow/example_dags/example_time_delta_sensor_async.py
[2025-03-17T15:56:37.159+0000] {processor.py:914} INFO - Processing file /home/airflow/.local/lib/python3.12/site-packages/airflow/example_dags/example_time_delta_sensor_async.py for tasks to queue
[2025-03-17T15:56:37.162+0000] {logging_mixin.py:190} INFO - [2025-03-17T15:56:37.161+0000] {dagbag.py:588} INFO - Filling up the DagBag from /home/airflow/.local/lib/python3.12/site-packages/airflow/example_dags/example_time_delta_sensor_async.py
[2025-03-17T15:56:37.176+0000] {processor.py:925} INFO - DAG(s) 'example_time_delta_sensor_async' retrieved from /home/airflow/.local/lib/python3.12/site-packages/airflow/example_dags/example_time_delta_sensor_async.py
[2025-03-17T15:56:37.212+0000] {logging_mixin.py:190} INFO - [2025-03-17T15:56:37.211+0000] {dag.py:3239} INFO - Sync 1 DAGs
[2025-03-17T15:56:37.238+0000] {logging_mixin.py:190} INFO - [2025-03-17T15:56:37.237+0000] {dag.py:4180} INFO - Setting next_dagrun for example_time_delta_sensor_async to None, run_after=None
[2025-03-17T15:56:37.280+0000] {processor.py:208} INFO - Processing /home/airflow/.local/lib/python3.12/site-packages/airflow/example_dags/example_time_delta_sensor_async.py took 0.132 seconds
[2025-03-17T15:57:08.792+0000] {processor.py:186} INFO - Started process (PID=50623) to work on /home/airflow/.local/lib/python3.12/site-packages/airflow/example_dags/example_time_delta_sensor_async.py
[2025-03-17T15:57:08.793+0000] {processor.py:914} INFO - Processing file /home/airflow/.local/lib/python3.12/site-packages/airflow/example_dags/example_time_delta_sensor_async.py for tasks to queue
[2025-03-17T15:57:08.795+0000] {logging_mixin.py:190} INFO - [2025-03-17T15:57:08.795+0000] {dagbag.py:588} INFO - Filling up the DagBag from /home/airflow/.local/lib/python3.12/site-packages/airflow/example_dags/example_time_delta_sensor_async.py
[2025-03-17T15:57:08.804+0000] {processor.py:925} INFO - DAG(s) 'example_time_delta_sensor_async' retrieved from /home/airflow/.local/lib/python3.12/site-packages/airflow/example_dags/example_time_delta_sensor_async.py
[2025-03-17T15:57:08.832+0000] {logging_mixin.py:190} INFO - [2025-03-17T15:57:08.831+0000] {dag.py:3239} INFO - Sync 1 DAGs
[2025-03-17T15:57:08.858+0000] {logging_mixin.py:190} INFO - [2025-03-17T15:57:08.858+0000] {dag.py:4180} INFO - Setting next_dagrun for example_time_delta_sensor_async to None, run_after=None
[2025-03-17T15:57:08.896+0000] {processor.py:208} INFO - Processing /home/airflow/.local/lib/python3.12/site-packages/airflow/example_dags/example_time_delta_sensor_async.py took 0.113 seconds
