[2025-03-17T10:50:44.116+0000] {processor.py:186} INFO - Started process (PID=50106) to work on /home/airflow/.local/lib/python3.12/site-packages/airflow/example_dags/example_dataset_alias.py
[2025-03-17T10:50:44.118+0000] {processor.py:914} INFO - Processing file /home/airflow/.local/lib/python3.12/site-packages/airflow/example_dags/example_dataset_alias.py for tasks to queue
[2025-03-17T10:50:44.130+0000] {logging_mixin.py:190} INFO - [2025-03-17T10:50:44.129+0000] {dagbag.py:588} INFO - Filling up the DagBag from /home/airflow/.local/lib/python3.12/site-packages/airflow/example_dags/example_dataset_alias.py
[2025-03-17T10:50:48.032+0000] {processor.py:925} INFO - DAG(s) 'dataset_s3_bucket_producer', 'dataset_s3_bucket_consumer', 'dataset_alias_example_alias_producer', 'dataset_alias_example_alias_consumer' retrieved from /home/airflow/.local/lib/python3.12/site-packages/airflow/example_dags/example_dataset_alias.py
[2025-03-17T10:50:48.193+0000] {logging_mixin.py:190} INFO - [2025-03-17T10:50:48.191+0000] {dag.py:3239} INFO - Sync 4 DAGs
[2025-03-17T10:50:48.365+0000] {logging_mixin.py:190} INFO - [2025-03-17T10:50:48.365+0000] {dag.py:4180} INFO - Setting next_dagrun for dataset_alias_example_alias_consumer to None, run_after=None
[2025-03-17T10:50:48.382+0000] {logging_mixin.py:190} INFO - [2025-03-17T10:50:48.382+0000] {dag.py:4180} INFO - Setting next_dagrun for dataset_alias_example_alias_producer to None, run_after=None
[2025-03-17T10:50:48.388+0000] {logging_mixin.py:190} INFO - [2025-03-17T10:50:48.387+0000] {dag.py:4180} INFO - Setting next_dagrun for dataset_s3_bucket_consumer to None, run_after=None
[2025-03-17T10:50:48.402+0000] {logging_mixin.py:190} INFO - [2025-03-17T10:50:48.401+0000] {dag.py:4180} INFO - Setting next_dagrun for dataset_s3_bucket_producer to None, run_after=None
[2025-03-17T10:50:48.562+0000] {processor.py:208} INFO - Processing /home/airflow/.local/lib/python3.12/site-packages/airflow/example_dags/example_dataset_alias.py took 4.467 seconds
[2025-03-17T10:51:18.886+0000] {processor.py:186} INFO - Started process (PID=50175) to work on /home/airflow/.local/lib/python3.12/site-packages/airflow/example_dags/example_dataset_alias.py
[2025-03-17T10:51:18.888+0000] {processor.py:914} INFO - Processing file /home/airflow/.local/lib/python3.12/site-packages/airflow/example_dags/example_dataset_alias.py for tasks to queue
[2025-03-17T10:51:18.891+0000] {logging_mixin.py:190} INFO - [2025-03-17T10:51:18.890+0000] {dagbag.py:588} INFO - Filling up the DagBag from /home/airflow/.local/lib/python3.12/site-packages/airflow/example_dags/example_dataset_alias.py
[2025-03-17T10:51:20.353+0000] {processor.py:925} INFO - DAG(s) 'dataset_alias_example_alias_consumer', 'dataset_alias_example_alias_producer', 'dataset_s3_bucket_producer', 'dataset_s3_bucket_consumer' retrieved from /home/airflow/.local/lib/python3.12/site-packages/airflow/example_dags/example_dataset_alias.py
[2025-03-17T10:51:20.398+0000] {logging_mixin.py:190} INFO - [2025-03-17T10:51:20.397+0000] {dag.py:3239} INFO - Sync 4 DAGs
[2025-03-17T10:51:20.435+0000] {logging_mixin.py:190} INFO - [2025-03-17T10:51:20.435+0000] {dag.py:4180} INFO - Setting next_dagrun for dataset_alias_example_alias_consumer to None, run_after=None
[2025-03-17T10:51:20.442+0000] {logging_mixin.py:190} INFO - [2025-03-17T10:51:20.441+0000] {dag.py:4180} INFO - Setting next_dagrun for dataset_alias_example_alias_producer to None, run_after=None
[2025-03-17T10:51:20.446+0000] {logging_mixin.py:190} INFO - [2025-03-17T10:51:20.445+0000] {dag.py:4180} INFO - Setting next_dagrun for dataset_s3_bucket_consumer to None, run_after=None
[2025-03-17T10:51:20.449+0000] {logging_mixin.py:190} INFO - [2025-03-17T10:51:20.449+0000] {dag.py:4180} INFO - Setting next_dagrun for dataset_s3_bucket_producer to None, run_after=None
[2025-03-17T10:51:20.494+0000] {processor.py:208} INFO - Processing /home/airflow/.local/lib/python3.12/site-packages/airflow/example_dags/example_dataset_alias.py took 1.617 seconds
[2025-03-17T10:51:50.675+0000] {processor.py:186} INFO - Started process (PID=50241) to work on /home/airflow/.local/lib/python3.12/site-packages/airflow/example_dags/example_dataset_alias.py
[2025-03-17T10:51:50.676+0000] {processor.py:914} INFO - Processing file /home/airflow/.local/lib/python3.12/site-packages/airflow/example_dags/example_dataset_alias.py for tasks to queue
[2025-03-17T10:51:50.679+0000] {logging_mixin.py:190} INFO - [2025-03-17T10:51:50.678+0000] {dagbag.py:588} INFO - Filling up the DagBag from /home/airflow/.local/lib/python3.12/site-packages/airflow/example_dags/example_dataset_alias.py
[2025-03-17T10:51:51.780+0000] {processor.py:925} INFO - DAG(s) 'dataset_s3_bucket_producer', 'dataset_alias_example_alias_consumer', 'dataset_s3_bucket_consumer', 'dataset_alias_example_alias_producer' retrieved from /home/airflow/.local/lib/python3.12/site-packages/airflow/example_dags/example_dataset_alias.py
[2025-03-17T10:51:51.825+0000] {logging_mixin.py:190} INFO - [2025-03-17T10:51:51.824+0000] {dag.py:3239} INFO - Sync 4 DAGs
[2025-03-17T10:51:51.860+0000] {logging_mixin.py:190} INFO - [2025-03-17T10:51:51.859+0000] {dag.py:4180} INFO - Setting next_dagrun for dataset_alias_example_alias_consumer to None, run_after=None
[2025-03-17T10:51:51.866+0000] {logging_mixin.py:190} INFO - [2025-03-17T10:51:51.866+0000] {dag.py:4180} INFO - Setting next_dagrun for dataset_alias_example_alias_producer to None, run_after=None
[2025-03-17T10:51:51.870+0000] {logging_mixin.py:190} INFO - [2025-03-17T10:51:51.870+0000] {dag.py:4180} INFO - Setting next_dagrun for dataset_s3_bucket_consumer to None, run_after=None
[2025-03-17T10:51:51.877+0000] {logging_mixin.py:190} INFO - [2025-03-17T10:51:51.876+0000] {dag.py:4180} INFO - Setting next_dagrun for dataset_s3_bucket_producer to None, run_after=None
[2025-03-17T10:51:51.920+0000] {processor.py:208} INFO - Processing /home/airflow/.local/lib/python3.12/site-packages/airflow/example_dags/example_dataset_alias.py took 1.253 seconds
[2025-03-17T10:52:22.063+0000] {processor.py:186} INFO - Started process (PID=50306) to work on /home/airflow/.local/lib/python3.12/site-packages/airflow/example_dags/example_dataset_alias.py
[2025-03-17T10:52:22.064+0000] {processor.py:914} INFO - Processing file /home/airflow/.local/lib/python3.12/site-packages/airflow/example_dags/example_dataset_alias.py for tasks to queue
[2025-03-17T10:52:22.067+0000] {logging_mixin.py:190} INFO - [2025-03-17T10:52:22.066+0000] {dagbag.py:588} INFO - Filling up the DagBag from /home/airflow/.local/lib/python3.12/site-packages/airflow/example_dags/example_dataset_alias.py
[2025-03-17T10:52:22.906+0000] {processor.py:925} INFO - DAG(s) 'dataset_alias_example_alias_consumer', 'dataset_s3_bucket_consumer', 'dataset_alias_example_alias_producer', 'dataset_s3_bucket_producer' retrieved from /home/airflow/.local/lib/python3.12/site-packages/airflow/example_dags/example_dataset_alias.py
[2025-03-17T10:52:22.945+0000] {logging_mixin.py:190} INFO - [2025-03-17T10:52:22.944+0000] {dag.py:3239} INFO - Sync 4 DAGs
[2025-03-17T10:52:22.977+0000] {logging_mixin.py:190} INFO - [2025-03-17T10:52:22.977+0000] {dag.py:4180} INFO - Setting next_dagrun for dataset_alias_example_alias_consumer to None, run_after=None
[2025-03-17T10:52:22.981+0000] {logging_mixin.py:190} INFO - [2025-03-17T10:52:22.981+0000] {dag.py:4180} INFO - Setting next_dagrun for dataset_alias_example_alias_producer to None, run_after=None
[2025-03-17T10:52:22.984+0000] {logging_mixin.py:190} INFO - [2025-03-17T10:52:22.984+0000] {dag.py:4180} INFO - Setting next_dagrun for dataset_s3_bucket_consumer to None, run_after=None
[2025-03-17T10:52:22.988+0000] {logging_mixin.py:190} INFO - [2025-03-17T10:52:22.988+0000] {dag.py:4180} INFO - Setting next_dagrun for dataset_s3_bucket_producer to None, run_after=None
[2025-03-17T10:52:23.025+0000] {processor.py:208} INFO - Processing /home/airflow/.local/lib/python3.12/site-packages/airflow/example_dags/example_dataset_alias.py took 0.969 seconds
[2025-03-17T10:52:53.755+0000] {processor.py:186} INFO - Started process (PID=50372) to work on /home/airflow/.local/lib/python3.12/site-packages/airflow/example_dags/example_dataset_alias.py
[2025-03-17T10:52:53.757+0000] {processor.py:914} INFO - Processing file /home/airflow/.local/lib/python3.12/site-packages/airflow/example_dags/example_dataset_alias.py for tasks to queue
[2025-03-17T10:52:53.759+0000] {logging_mixin.py:190} INFO - [2025-03-17T10:52:53.759+0000] {dagbag.py:588} INFO - Filling up the DagBag from /home/airflow/.local/lib/python3.12/site-packages/airflow/example_dags/example_dataset_alias.py
[2025-03-17T10:52:54.640+0000] {processor.py:925} INFO - DAG(s) 'dataset_s3_bucket_producer', 'dataset_s3_bucket_consumer', 'dataset_alias_example_alias_producer', 'dataset_alias_example_alias_consumer' retrieved from /home/airflow/.local/lib/python3.12/site-packages/airflow/example_dags/example_dataset_alias.py
[2025-03-17T10:52:54.679+0000] {logging_mixin.py:190} INFO - [2025-03-17T10:52:54.676+0000] {dag.py:3239} INFO - Sync 4 DAGs
[2025-03-17T10:52:54.713+0000] {logging_mixin.py:190} INFO - [2025-03-17T10:52:54.713+0000] {dag.py:4180} INFO - Setting next_dagrun for dataset_alias_example_alias_consumer to None, run_after=None
[2025-03-17T10:52:54.718+0000] {logging_mixin.py:190} INFO - [2025-03-17T10:52:54.718+0000] {dag.py:4180} INFO - Setting next_dagrun for dataset_alias_example_alias_producer to None, run_after=None
[2025-03-17T10:52:54.721+0000] {logging_mixin.py:190} INFO - [2025-03-17T10:52:54.721+0000] {dag.py:4180} INFO - Setting next_dagrun for dataset_s3_bucket_consumer to None, run_after=None
[2025-03-17T10:52:54.724+0000] {logging_mixin.py:190} INFO - [2025-03-17T10:52:54.723+0000] {dag.py:4180} INFO - Setting next_dagrun for dataset_s3_bucket_producer to None, run_after=None
[2025-03-17T10:52:54.764+0000] {processor.py:208} INFO - Processing /home/airflow/.local/lib/python3.12/site-packages/airflow/example_dags/example_dataset_alias.py took 1.016 seconds
[2025-03-17T10:53:25.279+0000] {processor.py:186} INFO - Started process (PID=50436) to work on /home/airflow/.local/lib/python3.12/site-packages/airflow/example_dags/example_dataset_alias.py
[2025-03-17T10:53:25.281+0000] {processor.py:914} INFO - Processing file /home/airflow/.local/lib/python3.12/site-packages/airflow/example_dags/example_dataset_alias.py for tasks to queue
[2025-03-17T10:53:25.283+0000] {logging_mixin.py:190} INFO - [2025-03-17T10:53:25.282+0000] {dagbag.py:588} INFO - Filling up the DagBag from /home/airflow/.local/lib/python3.12/site-packages/airflow/example_dags/example_dataset_alias.py
[2025-03-17T10:53:26.266+0000] {processor.py:925} INFO - DAG(s) 'dataset_s3_bucket_consumer', 'dataset_alias_example_alias_producer', 'dataset_alias_example_alias_consumer', 'dataset_s3_bucket_producer' retrieved from /home/airflow/.local/lib/python3.12/site-packages/airflow/example_dags/example_dataset_alias.py
[2025-03-17T10:53:26.309+0000] {logging_mixin.py:190} INFO - [2025-03-17T10:53:26.305+0000] {dag.py:3239} INFO - Sync 4 DAGs
[2025-03-17T10:53:26.345+0000] {logging_mixin.py:190} INFO - [2025-03-17T10:53:26.345+0000] {dag.py:4180} INFO - Setting next_dagrun for dataset_alias_example_alias_consumer to None, run_after=None
[2025-03-17T10:53:26.350+0000] {logging_mixin.py:190} INFO - [2025-03-17T10:53:26.350+0000] {dag.py:4180} INFO - Setting next_dagrun for dataset_alias_example_alias_producer to None, run_after=None
[2025-03-17T10:53:26.354+0000] {logging_mixin.py:190} INFO - [2025-03-17T10:53:26.353+0000] {dag.py:4180} INFO - Setting next_dagrun for dataset_s3_bucket_consumer to None, run_after=None
[2025-03-17T10:53:26.357+0000] {logging_mixin.py:190} INFO - [2025-03-17T10:53:26.356+0000] {dag.py:4180} INFO - Setting next_dagrun for dataset_s3_bucket_producer to None, run_after=None
[2025-03-17T10:53:26.393+0000] {processor.py:208} INFO - Processing /home/airflow/.local/lib/python3.12/site-packages/airflow/example_dags/example_dataset_alias.py took 1.123 seconds
[2025-03-17T15:56:30.532+0000] {processor.py:186} INFO - Started process (PID=50527) to work on /home/airflow/.local/lib/python3.12/site-packages/airflow/example_dags/example_dataset_alias.py
[2025-03-17T15:56:30.537+0000] {processor.py:914} INFO - Processing file /home/airflow/.local/lib/python3.12/site-packages/airflow/example_dags/example_dataset_alias.py for tasks to queue
[2025-03-17T15:56:30.554+0000] {logging_mixin.py:190} INFO - [2025-03-17T15:56:30.554+0000] {dagbag.py:588} INFO - Filling up the DagBag from /home/airflow/.local/lib/python3.12/site-packages/airflow/example_dags/example_dataset_alias.py
[2025-03-17T15:56:32.770+0000] {processor.py:925} INFO - DAG(s) 'dataset_alias_example_alias_producer', 'dataset_alias_example_alias_consumer', 'dataset_s3_bucket_consumer', 'dataset_s3_bucket_producer' retrieved from /home/airflow/.local/lib/python3.12/site-packages/airflow/example_dags/example_dataset_alias.py
[2025-03-17T15:56:32.822+0000] {logging_mixin.py:190} INFO - [2025-03-17T15:56:32.821+0000] {dag.py:3239} INFO - Sync 4 DAGs
[2025-03-17T15:56:32.873+0000] {logging_mixin.py:190} INFO - [2025-03-17T15:56:32.872+0000] {dag.py:4180} INFO - Setting next_dagrun for dataset_alias_example_alias_consumer to None, run_after=None
[2025-03-17T15:56:32.880+0000] {logging_mixin.py:190} INFO - [2025-03-17T15:56:32.879+0000] {dag.py:4180} INFO - Setting next_dagrun for dataset_alias_example_alias_producer to None, run_after=None
[2025-03-17T15:56:32.884+0000] {logging_mixin.py:190} INFO - [2025-03-17T15:56:32.884+0000] {dag.py:4180} INFO - Setting next_dagrun for dataset_s3_bucket_consumer to None, run_after=None
[2025-03-17T15:56:32.889+0000] {logging_mixin.py:190} INFO - [2025-03-17T15:56:32.888+0000] {dag.py:4180} INFO - Setting next_dagrun for dataset_s3_bucket_producer to None, run_after=None
[2025-03-17T15:56:32.932+0000] {processor.py:208} INFO - Processing /home/airflow/.local/lib/python3.12/site-packages/airflow/example_dags/example_dataset_alias.py took 2.435 seconds
[2025-03-17T15:57:03.612+0000] {processor.py:186} INFO - Started process (PID=50595) to work on /home/airflow/.local/lib/python3.12/site-packages/airflow/example_dags/example_dataset_alias.py
[2025-03-17T15:57:03.614+0000] {processor.py:914} INFO - Processing file /home/airflow/.local/lib/python3.12/site-packages/airflow/example_dags/example_dataset_alias.py for tasks to queue
[2025-03-17T15:57:03.616+0000] {logging_mixin.py:190} INFO - [2025-03-17T15:57:03.615+0000] {dagbag.py:588} INFO - Filling up the DagBag from /home/airflow/.local/lib/python3.12/site-packages/airflow/example_dags/example_dataset_alias.py
[2025-03-17T15:57:04.620+0000] {processor.py:925} INFO - DAG(s) 'dataset_alias_example_alias_producer', 'dataset_s3_bucket_consumer', 'dataset_alias_example_alias_consumer', 'dataset_s3_bucket_producer' retrieved from /home/airflow/.local/lib/python3.12/site-packages/airflow/example_dags/example_dataset_alias.py
[2025-03-17T15:57:04.672+0000] {logging_mixin.py:190} INFO - [2025-03-17T15:57:04.670+0000] {dag.py:3239} INFO - Sync 4 DAGs
[2025-03-17T15:57:04.720+0000] {logging_mixin.py:190} INFO - [2025-03-17T15:57:04.719+0000] {dag.py:4180} INFO - Setting next_dagrun for dataset_alias_example_alias_consumer to None, run_after=None
[2025-03-17T15:57:04.726+0000] {logging_mixin.py:190} INFO - [2025-03-17T15:57:04.725+0000] {dag.py:4180} INFO - Setting next_dagrun for dataset_alias_example_alias_producer to None, run_after=None
[2025-03-17T15:57:04.730+0000] {logging_mixin.py:190} INFO - [2025-03-17T15:57:04.730+0000] {dag.py:4180} INFO - Setting next_dagrun for dataset_s3_bucket_consumer to None, run_after=None
[2025-03-17T15:57:04.733+0000] {logging_mixin.py:190} INFO - [2025-03-17T15:57:04.733+0000] {dag.py:4180} INFO - Setting next_dagrun for dataset_s3_bucket_producer to None, run_after=None
[2025-03-17T15:57:04.787+0000] {processor.py:208} INFO - Processing /home/airflow/.local/lib/python3.12/site-packages/airflow/example_dags/example_dataset_alias.py took 1.184 seconds
