[2025-03-17T10:51:00.037+0000] {processor.py:186} INFO - Started process (PID=50139) to work on /home/airflow/.local/lib/python3.12/site-packages/airflow/example_dags/example_sensors.py
[2025-03-17T10:51:00.044+0000] {processor.py:914} INFO - Processing file /home/airflow/.local/lib/python3.12/site-packages/airflow/example_dags/example_sensors.py for tasks to queue
[2025-03-17T10:51:00.056+0000] {logging_mixin.py:190} INFO - [2025-03-17T10:51:00.055+0000] {dagbag.py:588} INFO - Filling up the DagBag from /home/airflow/.local/lib/python3.12/site-packages/airflow/example_dags/example_sensors.py
[2025-03-17T10:51:00.118+0000] {processor.py:925} INFO - DAG(s) 'example_sensors' retrieved from /home/airflow/.local/lib/python3.12/site-packages/airflow/example_dags/example_sensors.py
[2025-03-17T10:51:00.288+0000] {logging_mixin.py:190} INFO - [2025-03-17T10:51:00.287+0000] {dag.py:3239} INFO - Sync 1 DAGs
[2025-03-17T10:51:00.385+0000] {logging_mixin.py:190} INFO - [2025-03-17T10:51:00.385+0000] {dag.py:4180} INFO - Setting next_dagrun for example_sensors to None, run_after=None
[2025-03-17T10:51:00.530+0000] {processor.py:208} INFO - Processing /home/airflow/.local/lib/python3.12/site-packages/airflow/example_dags/example_sensors.py took 0.527 seconds
[2025-03-17T10:51:31.040+0000] {processor.py:186} INFO - Started process (PID=50204) to work on /home/airflow/.local/lib/python3.12/site-packages/airflow/example_dags/example_sensors.py
[2025-03-17T10:51:31.043+0000] {processor.py:914} INFO - Processing file /home/airflow/.local/lib/python3.12/site-packages/airflow/example_dags/example_sensors.py for tasks to queue
[2025-03-17T10:51:31.047+0000] {logging_mixin.py:190} INFO - [2025-03-17T10:51:31.046+0000] {dagbag.py:588} INFO - Filling up the DagBag from /home/airflow/.local/lib/python3.12/site-packages/airflow/example_dags/example_sensors.py
[2025-03-17T10:51:31.087+0000] {processor.py:925} INFO - DAG(s) 'example_sensors' retrieved from /home/airflow/.local/lib/python3.12/site-packages/airflow/example_dags/example_sensors.py
[2025-03-17T10:51:31.177+0000] {logging_mixin.py:190} INFO - [2025-03-17T10:51:31.177+0000] {dag.py:3239} INFO - Sync 1 DAGs
[2025-03-17T10:51:31.235+0000] {logging_mixin.py:190} INFO - [2025-03-17T10:51:31.235+0000] {dag.py:4180} INFO - Setting next_dagrun for example_sensors to None, run_after=None
[2025-03-17T10:51:31.308+0000] {processor.py:208} INFO - Processing /home/airflow/.local/lib/python3.12/site-packages/airflow/example_dags/example_sensors.py took 0.282 seconds
[2025-03-17T10:52:02.173+0000] {processor.py:186} INFO - Started process (PID=50269) to work on /home/airflow/.local/lib/python3.12/site-packages/airflow/example_dags/example_sensors.py
[2025-03-17T10:52:02.179+0000] {processor.py:914} INFO - Processing file /home/airflow/.local/lib/python3.12/site-packages/airflow/example_dags/example_sensors.py for tasks to queue
[2025-03-17T10:52:02.182+0000] {logging_mixin.py:190} INFO - [2025-03-17T10:52:02.181+0000] {dagbag.py:588} INFO - Filling up the DagBag from /home/airflow/.local/lib/python3.12/site-packages/airflow/example_dags/example_sensors.py
[2025-03-17T10:52:02.207+0000] {processor.py:925} INFO - DAG(s) 'example_sensors' retrieved from /home/airflow/.local/lib/python3.12/site-packages/airflow/example_dags/example_sensors.py
[2025-03-17T10:52:02.255+0000] {logging_mixin.py:190} INFO - [2025-03-17T10:52:02.255+0000] {dag.py:3239} INFO - Sync 1 DAGs
[2025-03-17T10:52:02.280+0000] {logging_mixin.py:190} INFO - [2025-03-17T10:52:02.280+0000] {dag.py:4180} INFO - Setting next_dagrun for example_sensors to None, run_after=None
[2025-03-17T10:52:02.321+0000] {processor.py:208} INFO - Processing /home/airflow/.local/lib/python3.12/site-packages/airflow/example_dags/example_sensors.py took 0.166 seconds
[2025-03-17T10:52:32.770+0000] {processor.py:186} INFO - Started process (PID=50333) to work on /home/airflow/.local/lib/python3.12/site-packages/airflow/example_dags/example_sensors.py
[2025-03-17T10:52:32.772+0000] {processor.py:914} INFO - Processing file /home/airflow/.local/lib/python3.12/site-packages/airflow/example_dags/example_sensors.py for tasks to queue
[2025-03-17T10:52:32.774+0000] {logging_mixin.py:190} INFO - [2025-03-17T10:52:32.774+0000] {dagbag.py:588} INFO - Filling up the DagBag from /home/airflow/.local/lib/python3.12/site-packages/airflow/example_dags/example_sensors.py
[2025-03-17T10:52:32.790+0000] {processor.py:925} INFO - DAG(s) 'example_sensors' retrieved from /home/airflow/.local/lib/python3.12/site-packages/airflow/example_dags/example_sensors.py
[2025-03-17T10:52:32.840+0000] {logging_mixin.py:190} INFO - [2025-03-17T10:52:32.839+0000] {dag.py:3239} INFO - Sync 1 DAGs
[2025-03-17T10:52:32.859+0000] {logging_mixin.py:190} INFO - [2025-03-17T10:52:32.859+0000] {dag.py:4180} INFO - Setting next_dagrun for example_sensors to None, run_after=None
[2025-03-17T10:52:32.898+0000] {processor.py:208} INFO - Processing /home/airflow/.local/lib/python3.12/site-packages/airflow/example_dags/example_sensors.py took 0.135 seconds
[2025-03-17T10:53:03.734+0000] {processor.py:186} INFO - Started process (PID=50397) to work on /home/airflow/.local/lib/python3.12/site-packages/airflow/example_dags/example_sensors.py
[2025-03-17T10:53:03.735+0000] {processor.py:914} INFO - Processing file /home/airflow/.local/lib/python3.12/site-packages/airflow/example_dags/example_sensors.py for tasks to queue
[2025-03-17T10:53:03.738+0000] {logging_mixin.py:190} INFO - [2025-03-17T10:53:03.737+0000] {dagbag.py:588} INFO - Filling up the DagBag from /home/airflow/.local/lib/python3.12/site-packages/airflow/example_dags/example_sensors.py
[2025-03-17T10:53:03.756+0000] {processor.py:925} INFO - DAG(s) 'example_sensors' retrieved from /home/airflow/.local/lib/python3.12/site-packages/airflow/example_dags/example_sensors.py
[2025-03-17T10:53:03.798+0000] {logging_mixin.py:190} INFO - [2025-03-17T10:53:03.797+0000] {dag.py:3239} INFO - Sync 1 DAGs
[2025-03-17T10:53:03.820+0000] {logging_mixin.py:190} INFO - [2025-03-17T10:53:03.820+0000] {dag.py:4180} INFO - Setting next_dagrun for example_sensors to None, run_after=None
[2025-03-17T10:53:03.863+0000] {processor.py:208} INFO - Processing /home/airflow/.local/lib/python3.12/site-packages/airflow/example_dags/example_sensors.py took 0.138 seconds
[2025-03-17T10:53:34.443+0000] {processor.py:186} INFO - Started process (PID=50462) to work on /home/airflow/.local/lib/python3.12/site-packages/airflow/example_dags/example_sensors.py
[2025-03-17T10:53:34.445+0000] {processor.py:914} INFO - Processing file /home/airflow/.local/lib/python3.12/site-packages/airflow/example_dags/example_sensors.py for tasks to queue
[2025-03-17T10:53:34.448+0000] {logging_mixin.py:190} INFO - [2025-03-17T10:53:34.447+0000] {dagbag.py:588} INFO - Filling up the DagBag from /home/airflow/.local/lib/python3.12/site-packages/airflow/example_dags/example_sensors.py
[2025-03-17T10:53:34.465+0000] {processor.py:925} INFO - DAG(s) 'example_sensors' retrieved from /home/airflow/.local/lib/python3.12/site-packages/airflow/example_dags/example_sensors.py
[2025-03-17T10:53:34.505+0000] {logging_mixin.py:190} INFO - [2025-03-17T10:53:34.505+0000] {dag.py:3239} INFO - Sync 1 DAGs
[2025-03-17T10:53:34.530+0000] {logging_mixin.py:190} INFO - [2025-03-17T10:53:34.529+0000] {dag.py:4180} INFO - Setting next_dagrun for example_sensors to None, run_after=None
[2025-03-17T10:53:34.563+0000] {processor.py:208} INFO - Processing /home/airflow/.local/lib/python3.12/site-packages/airflow/example_dags/example_sensors.py took 0.128 seconds
[2025-03-17T15:56:36.779+0000] {processor.py:186} INFO - Started process (PID=50554) to work on /home/airflow/.local/lib/python3.12/site-packages/airflow/example_dags/example_sensors.py
[2025-03-17T15:56:36.781+0000] {processor.py:914} INFO - Processing file /home/airflow/.local/lib/python3.12/site-packages/airflow/example_dags/example_sensors.py for tasks to queue
[2025-03-17T15:56:36.783+0000] {logging_mixin.py:190} INFO - [2025-03-17T15:56:36.783+0000] {dagbag.py:588} INFO - Filling up the DagBag from /home/airflow/.local/lib/python3.12/site-packages/airflow/example_dags/example_sensors.py
[2025-03-17T15:56:36.801+0000] {processor.py:925} INFO - DAG(s) 'example_sensors' retrieved from /home/airflow/.local/lib/python3.12/site-packages/airflow/example_dags/example_sensors.py
[2025-03-17T15:56:36.844+0000] {logging_mixin.py:190} INFO - [2025-03-17T15:56:36.843+0000] {dag.py:3239} INFO - Sync 1 DAGs
[2025-03-17T15:56:36.867+0000] {logging_mixin.py:190} INFO - [2025-03-17T15:56:36.867+0000] {dag.py:4180} INFO - Setting next_dagrun for example_sensors to None, run_after=None
[2025-03-17T15:56:36.900+0000] {processor.py:208} INFO - Processing /home/airflow/.local/lib/python3.12/site-packages/airflow/example_dags/example_sensors.py took 0.129 seconds
[2025-03-17T15:57:07.945+0000] {processor.py:186} INFO - Started process (PID=50619) to work on /home/airflow/.local/lib/python3.12/site-packages/airflow/example_dags/example_sensors.py
[2025-03-17T15:57:07.946+0000] {processor.py:914} INFO - Processing file /home/airflow/.local/lib/python3.12/site-packages/airflow/example_dags/example_sensors.py for tasks to queue
[2025-03-17T15:57:07.949+0000] {logging_mixin.py:190} INFO - [2025-03-17T15:57:07.948+0000] {dagbag.py:588} INFO - Filling up the DagBag from /home/airflow/.local/lib/python3.12/site-packages/airflow/example_dags/example_sensors.py
[2025-03-17T15:57:07.963+0000] {processor.py:925} INFO - DAG(s) 'example_sensors' retrieved from /home/airflow/.local/lib/python3.12/site-packages/airflow/example_dags/example_sensors.py
[2025-03-17T15:57:07.997+0000] {logging_mixin.py:190} INFO - [2025-03-17T15:57:07.997+0000] {dag.py:3239} INFO - Sync 1 DAGs
[2025-03-17T15:57:08.017+0000] {logging_mixin.py:190} INFO - [2025-03-17T15:57:08.017+0000] {dag.py:4180} INFO - Setting next_dagrun for example_sensors to None, run_after=None
[2025-03-17T15:57:08.051+0000] {processor.py:208} INFO - Processing /home/airflow/.local/lib/python3.12/site-packages/airflow/example_dags/example_sensors.py took 0.113 seconds
