[2025-03-17T10:50:52.820+0000] {processor.py:186} INFO - Started process (PID=50119) to work on /home/airflow/.local/lib/python3.12/site-packages/airflow/example_dags/example_display_name.py
[2025-03-17T10:50:52.822+0000] {processor.py:914} INFO - Processing file /home/airflow/.local/lib/python3.12/site-packages/airflow/example_dags/example_display_name.py for tasks to queue
[2025-03-17T10:50:52.826+0000] {logging_mixin.py:190} INFO - [2025-03-17T10:50:52.825+0000] {dagbag.py:588} INFO - Filling up the DagBag from /home/airflow/.local/lib/python3.12/site-packages/airflow/example_dags/example_display_name.py
[2025-03-17T10:50:52.892+0000] {processor.py:925} INFO - DAG(s) 'example_display_name' retrieved from /home/airflow/.local/lib/python3.12/site-packages/airflow/example_dags/example_display_name.py
[2025-03-17T10:50:52.969+0000] {logging_mixin.py:190} INFO - [2025-03-17T10:50:52.968+0000] {dag.py:3239} INFO - Sync 1 DAGs
[2025-03-17T10:50:53.035+0000] {logging_mixin.py:190} INFO - [2025-03-17T10:50:53.034+0000] {dag.py:4180} INFO - Setting next_dagrun for example_display_name to None, run_after=None
[2025-03-17T10:50:53.290+0000] {processor.py:208} INFO - Processing /home/airflow/.local/lib/python3.12/site-packages/airflow/example_dags/example_display_name.py took 0.490 seconds
[2025-03-17T10:51:24.296+0000] {processor.py:186} INFO - Started process (PID=50184) to work on /home/airflow/.local/lib/python3.12/site-packages/airflow/example_dags/example_display_name.py
[2025-03-17T10:51:24.299+0000] {processor.py:914} INFO - Processing file /home/airflow/.local/lib/python3.12/site-packages/airflow/example_dags/example_display_name.py for tasks to queue
[2025-03-17T10:51:24.303+0000] {logging_mixin.py:190} INFO - [2025-03-17T10:51:24.302+0000] {dagbag.py:588} INFO - Filling up the DagBag from /home/airflow/.local/lib/python3.12/site-packages/airflow/example_dags/example_display_name.py
[2025-03-17T10:51:24.318+0000] {processor.py:925} INFO - DAG(s) 'example_display_name' retrieved from /home/airflow/.local/lib/python3.12/site-packages/airflow/example_dags/example_display_name.py
[2025-03-17T10:51:24.356+0000] {logging_mixin.py:190} INFO - [2025-03-17T10:51:24.355+0000] {dag.py:3239} INFO - Sync 1 DAGs
[2025-03-17T10:51:24.382+0000] {logging_mixin.py:190} INFO - [2025-03-17T10:51:24.382+0000] {dag.py:4180} INFO - Setting next_dagrun for example_display_name to None, run_after=None
[2025-03-17T10:51:24.430+0000] {processor.py:208} INFO - Processing /home/airflow/.local/lib/python3.12/site-packages/airflow/example_dags/example_display_name.py took 0.142 seconds
[2025-03-17T10:51:54.540+0000] {processor.py:186} INFO - Started process (PID=50249) to work on /home/airflow/.local/lib/python3.12/site-packages/airflow/example_dags/example_display_name.py
[2025-03-17T10:51:54.541+0000] {processor.py:914} INFO - Processing file /home/airflow/.local/lib/python3.12/site-packages/airflow/example_dags/example_display_name.py for tasks to queue
[2025-03-17T10:51:54.544+0000] {logging_mixin.py:190} INFO - [2025-03-17T10:51:54.543+0000] {dagbag.py:588} INFO - Filling up the DagBag from /home/airflow/.local/lib/python3.12/site-packages/airflow/example_dags/example_display_name.py
[2025-03-17T10:51:54.557+0000] {processor.py:925} INFO - DAG(s) 'example_display_name' retrieved from /home/airflow/.local/lib/python3.12/site-packages/airflow/example_dags/example_display_name.py
[2025-03-17T10:51:54.592+0000] {logging_mixin.py:190} INFO - [2025-03-17T10:51:54.592+0000] {dag.py:3239} INFO - Sync 1 DAGs
[2025-03-17T10:51:54.622+0000] {logging_mixin.py:190} INFO - [2025-03-17T10:51:54.621+0000] {dag.py:4180} INFO - Setting next_dagrun for example_display_name to None, run_after=None
[2025-03-17T10:51:54.705+0000] {processor.py:208} INFO - Processing /home/airflow/.local/lib/python3.12/site-packages/airflow/example_dags/example_display_name.py took 0.172 seconds
[2025-03-17T10:52:25.708+0000] {processor.py:186} INFO - Started process (PID=50320) to work on /home/airflow/.local/lib/python3.12/site-packages/airflow/example_dags/example_display_name.py
[2025-03-17T10:52:25.709+0000] {processor.py:914} INFO - Processing file /home/airflow/.local/lib/python3.12/site-packages/airflow/example_dags/example_display_name.py for tasks to queue
[2025-03-17T10:52:25.712+0000] {logging_mixin.py:190} INFO - [2025-03-17T10:52:25.712+0000] {dagbag.py:588} INFO - Filling up the DagBag from /home/airflow/.local/lib/python3.12/site-packages/airflow/example_dags/example_display_name.py
[2025-03-17T10:52:25.726+0000] {processor.py:925} INFO - DAG(s) 'example_display_name' retrieved from /home/airflow/.local/lib/python3.12/site-packages/airflow/example_dags/example_display_name.py
[2025-03-17T10:52:25.773+0000] {logging_mixin.py:190} INFO - [2025-03-17T10:52:25.772+0000] {dag.py:3239} INFO - Sync 1 DAGs
[2025-03-17T10:52:25.811+0000] {logging_mixin.py:190} INFO - [2025-03-17T10:52:25.810+0000] {dag.py:4180} INFO - Setting next_dagrun for example_display_name to None, run_after=None
[2025-03-17T10:52:25.861+0000] {processor.py:208} INFO - Processing /home/airflow/.local/lib/python3.12/site-packages/airflow/example_dags/example_display_name.py took 0.164 seconds
[2025-03-17T10:52:56.401+0000] {processor.py:186} INFO - Started process (PID=50383) to work on /home/airflow/.local/lib/python3.12/site-packages/airflow/example_dags/example_display_name.py
[2025-03-17T10:52:56.403+0000] {processor.py:914} INFO - Processing file /home/airflow/.local/lib/python3.12/site-packages/airflow/example_dags/example_display_name.py for tasks to queue
[2025-03-17T10:52:56.405+0000] {logging_mixin.py:190} INFO - [2025-03-17T10:52:56.405+0000] {dagbag.py:588} INFO - Filling up the DagBag from /home/airflow/.local/lib/python3.12/site-packages/airflow/example_dags/example_display_name.py
[2025-03-17T10:52:56.418+0000] {processor.py:925} INFO - DAG(s) 'example_display_name' retrieved from /home/airflow/.local/lib/python3.12/site-packages/airflow/example_dags/example_display_name.py
[2025-03-17T10:52:56.449+0000] {logging_mixin.py:190} INFO - [2025-03-17T10:52:56.449+0000] {dag.py:3239} INFO - Sync 1 DAGs
[2025-03-17T10:52:56.473+0000] {logging_mixin.py:190} INFO - [2025-03-17T10:52:56.473+0000] {dag.py:4180} INFO - Setting next_dagrun for example_display_name to None, run_after=None
[2025-03-17T10:52:56.508+0000] {processor.py:208} INFO - Processing /home/airflow/.local/lib/python3.12/site-packages/airflow/example_dags/example_display_name.py took 0.116 seconds
[2025-03-17T10:53:27.337+0000] {processor.py:186} INFO - Started process (PID=50448) to work on /home/airflow/.local/lib/python3.12/site-packages/airflow/example_dags/example_display_name.py
[2025-03-17T10:53:27.339+0000] {processor.py:914} INFO - Processing file /home/airflow/.local/lib/python3.12/site-packages/airflow/example_dags/example_display_name.py for tasks to queue
[2025-03-17T10:53:27.342+0000] {logging_mixin.py:190} INFO - [2025-03-17T10:53:27.341+0000] {dagbag.py:588} INFO - Filling up the DagBag from /home/airflow/.local/lib/python3.12/site-packages/airflow/example_dags/example_display_name.py
[2025-03-17T10:53:27.357+0000] {processor.py:925} INFO - DAG(s) 'example_display_name' retrieved from /home/airflow/.local/lib/python3.12/site-packages/airflow/example_dags/example_display_name.py
[2025-03-17T10:53:27.395+0000] {logging_mixin.py:190} INFO - [2025-03-17T10:53:27.394+0000] {dag.py:3239} INFO - Sync 1 DAGs
[2025-03-17T10:53:27.417+0000] {logging_mixin.py:190} INFO - [2025-03-17T10:53:27.417+0000] {dag.py:4180} INFO - Setting next_dagrun for example_display_name to None, run_after=None
[2025-03-17T10:53:27.450+0000] {processor.py:208} INFO - Processing /home/airflow/.local/lib/python3.12/site-packages/airflow/example_dags/example_display_name.py took 0.126 seconds
[2025-03-17T15:56:34.234+0000] {processor.py:186} INFO - Started process (PID=50540) to work on /home/airflow/.local/lib/python3.12/site-packages/airflow/example_dags/example_display_name.py
[2025-03-17T15:56:34.235+0000] {processor.py:914} INFO - Processing file /home/airflow/.local/lib/python3.12/site-packages/airflow/example_dags/example_display_name.py for tasks to queue
[2025-03-17T15:56:34.238+0000] {logging_mixin.py:190} INFO - [2025-03-17T15:56:34.237+0000] {dagbag.py:588} INFO - Filling up the DagBag from /home/airflow/.local/lib/python3.12/site-packages/airflow/example_dags/example_display_name.py
[2025-03-17T15:56:34.252+0000] {processor.py:925} INFO - DAG(s) 'example_display_name' retrieved from /home/airflow/.local/lib/python3.12/site-packages/airflow/example_dags/example_display_name.py
[2025-03-17T15:56:34.278+0000] {logging_mixin.py:190} INFO - [2025-03-17T15:56:34.278+0000] {dag.py:3239} INFO - Sync 1 DAGs
[2025-03-17T15:56:34.297+0000] {logging_mixin.py:190} INFO - [2025-03-17T15:56:34.297+0000] {dag.py:4180} INFO - Setting next_dagrun for example_display_name to None, run_after=None
[2025-03-17T15:56:34.326+0000] {processor.py:208} INFO - Processing /home/airflow/.local/lib/python3.12/site-packages/airflow/example_dags/example_display_name.py took 0.102 seconds
[2025-03-17T15:57:05.682+0000] {processor.py:186} INFO - Started process (PID=50605) to work on /home/airflow/.local/lib/python3.12/site-packages/airflow/example_dags/example_display_name.py
[2025-03-17T15:57:05.684+0000] {processor.py:914} INFO - Processing file /home/airflow/.local/lib/python3.12/site-packages/airflow/example_dags/example_display_name.py for tasks to queue
[2025-03-17T15:57:05.687+0000] {logging_mixin.py:190} INFO - [2025-03-17T15:57:05.686+0000] {dagbag.py:588} INFO - Filling up the DagBag from /home/airflow/.local/lib/python3.12/site-packages/airflow/example_dags/example_display_name.py
[2025-03-17T15:57:05.700+0000] {processor.py:925} INFO - DAG(s) 'example_display_name' retrieved from /home/airflow/.local/lib/python3.12/site-packages/airflow/example_dags/example_display_name.py
[2025-03-17T15:57:05.727+0000] {logging_mixin.py:190} INFO - [2025-03-17T15:57:05.727+0000] {dag.py:3239} INFO - Sync 1 DAGs
[2025-03-17T15:57:05.746+0000] {logging_mixin.py:190} INFO - [2025-03-17T15:57:05.745+0000] {dag.py:4180} INFO - Setting next_dagrun for example_display_name to None, run_after=None
[2025-03-17T15:57:05.777+0000] {processor.py:208} INFO - Processing /home/airflow/.local/lib/python3.12/site-packages/airflow/example_dags/example_display_name.py took 0.103 seconds
