[2025-03-17T10:50:53.045+0000] {processor.py:186} INFO - Started process (PID=50120) to work on /home/airflow/.local/lib/python3.12/site-packages/airflow/example_dags/tutorial.py
[2025-03-17T10:50:53.048+0000] {processor.py:914} INFO - Processing file /home/airflow/.local/lib/python3.12/site-packages/airflow/example_dags/tutorial.py for tasks to queue
[2025-03-17T10:50:53.052+0000] {logging_mixin.py:190} INFO - [2025-03-17T10:50:53.051+0000] {dagbag.py:588} INFO - Filling up the DagBag from /home/airflow/.local/lib/python3.12/site-packages/airflow/example_dags/tutorial.py
[2025-03-17T10:50:53.115+0000] {processor.py:925} INFO - DAG(s) 'tutorial' retrieved from /home/airflow/.local/lib/python3.12/site-packages/airflow/example_dags/tutorial.py
[2025-03-17T10:50:53.252+0000] {logging_mixin.py:190} INFO - [2025-03-17T10:50:53.252+0000] {dag.py:3239} INFO - Sync 1 DAGs
[2025-03-17T10:50:53.411+0000] {logging_mixin.py:190} INFO - [2025-03-17T10:50:53.411+0000] {dag.py:4180} INFO - Setting next_dagrun for tutorial to 2025-03-16 00:00:00+00:00, run_after=2025-03-17 00:00:00+00:00
[2025-03-17T10:50:53.555+0000] {processor.py:208} INFO - Processing /home/airflow/.local/lib/python3.12/site-packages/airflow/example_dags/tutorial.py took 0.534 seconds
[2025-03-17T10:51:24.300+0000] {processor.py:186} INFO - Started process (PID=50185) to work on /home/airflow/.local/lib/python3.12/site-packages/airflow/example_dags/tutorial.py
[2025-03-17T10:51:24.302+0000] {processor.py:914} INFO - Processing file /home/airflow/.local/lib/python3.12/site-packages/airflow/example_dags/tutorial.py for tasks to queue
[2025-03-17T10:51:24.305+0000] {logging_mixin.py:190} INFO - [2025-03-17T10:51:24.305+0000] {dagbag.py:588} INFO - Filling up the DagBag from /home/airflow/.local/lib/python3.12/site-packages/airflow/example_dags/tutorial.py
[2025-03-17T10:51:24.322+0000] {processor.py:925} INFO - DAG(s) 'tutorial' retrieved from /home/airflow/.local/lib/python3.12/site-packages/airflow/example_dags/tutorial.py
[2025-03-17T10:51:24.358+0000] {logging_mixin.py:190} INFO - [2025-03-17T10:51:24.358+0000] {dag.py:3239} INFO - Sync 1 DAGs
[2025-03-17T10:51:24.398+0000] {logging_mixin.py:190} INFO - [2025-03-17T10:51:24.397+0000] {dag.py:4180} INFO - Setting next_dagrun for tutorial to 2025-03-16 00:00:00+00:00, run_after=2025-03-17 00:00:00+00:00
[2025-03-17T10:51:24.451+0000] {processor.py:208} INFO - Processing /home/airflow/.local/lib/python3.12/site-packages/airflow/example_dags/tutorial.py took 0.160 seconds
[2025-03-17T10:51:54.906+0000] {processor.py:186} INFO - Started process (PID=50256) to work on /home/airflow/.local/lib/python3.12/site-packages/airflow/example_dags/tutorial.py
[2025-03-17T10:51:54.908+0000] {processor.py:914} INFO - Processing file /home/airflow/.local/lib/python3.12/site-packages/airflow/example_dags/tutorial.py for tasks to queue
[2025-03-17T10:51:54.912+0000] {logging_mixin.py:190} INFO - [2025-03-17T10:51:54.910+0000] {dagbag.py:588} INFO - Filling up the DagBag from /home/airflow/.local/lib/python3.12/site-packages/airflow/example_dags/tutorial.py
[2025-03-17T10:51:54.931+0000] {processor.py:925} INFO - DAG(s) 'tutorial' retrieved from /home/airflow/.local/lib/python3.12/site-packages/airflow/example_dags/tutorial.py
[2025-03-17T10:51:54.966+0000] {logging_mixin.py:190} INFO - [2025-03-17T10:51:54.966+0000] {dag.py:3239} INFO - Sync 1 DAGs
[2025-03-17T10:51:55.021+0000] {logging_mixin.py:190} INFO - [2025-03-17T10:51:55.020+0000] {dag.py:4180} INFO - Setting next_dagrun for tutorial to 2025-03-16 00:00:00+00:00, run_after=2025-03-17 00:00:00+00:00
[2025-03-17T10:51:55.064+0000] {processor.py:208} INFO - Processing /home/airflow/.local/lib/python3.12/site-packages/airflow/example_dags/tutorial.py took 0.168 seconds
[2025-03-17T10:52:25.948+0000] {processor.py:186} INFO - Started process (PID=50321) to work on /home/airflow/.local/lib/python3.12/site-packages/airflow/example_dags/tutorial.py
[2025-03-17T10:52:25.951+0000] {processor.py:914} INFO - Processing file /home/airflow/.local/lib/python3.12/site-packages/airflow/example_dags/tutorial.py for tasks to queue
[2025-03-17T10:52:25.956+0000] {logging_mixin.py:190} INFO - [2025-03-17T10:52:25.955+0000] {dagbag.py:588} INFO - Filling up the DagBag from /home/airflow/.local/lib/python3.12/site-packages/airflow/example_dags/tutorial.py
[2025-03-17T10:52:25.983+0000] {processor.py:925} INFO - DAG(s) 'tutorial' retrieved from /home/airflow/.local/lib/python3.12/site-packages/airflow/example_dags/tutorial.py
[2025-03-17T10:52:26.024+0000] {logging_mixin.py:190} INFO - [2025-03-17T10:52:26.024+0000] {dag.py:3239} INFO - Sync 1 DAGs
[2025-03-17T10:52:26.066+0000] {logging_mixin.py:190} INFO - [2025-03-17T10:52:26.066+0000] {dag.py:4180} INFO - Setting next_dagrun for tutorial to 2025-03-16 00:00:00+00:00, run_after=2025-03-17 00:00:00+00:00
[2025-03-17T10:52:26.101+0000] {processor.py:208} INFO - Processing /home/airflow/.local/lib/python3.12/site-packages/airflow/example_dags/tutorial.py took 0.165 seconds
[2025-03-17T10:52:56.401+0000] {processor.py:186} INFO - Started process (PID=50384) to work on /home/airflow/.local/lib/python3.12/site-packages/airflow/example_dags/tutorial.py
[2025-03-17T10:52:56.403+0000] {processor.py:914} INFO - Processing file /home/airflow/.local/lib/python3.12/site-packages/airflow/example_dags/tutorial.py for tasks to queue
[2025-03-17T10:52:56.405+0000] {logging_mixin.py:190} INFO - [2025-03-17T10:52:56.405+0000] {dagbag.py:588} INFO - Filling up the DagBag from /home/airflow/.local/lib/python3.12/site-packages/airflow/example_dags/tutorial.py
[2025-03-17T10:52:56.419+0000] {processor.py:925} INFO - DAG(s) 'tutorial' retrieved from /home/airflow/.local/lib/python3.12/site-packages/airflow/example_dags/tutorial.py
[2025-03-17T10:52:56.450+0000] {logging_mixin.py:190} INFO - [2025-03-17T10:52:56.450+0000] {dag.py:3239} INFO - Sync 1 DAGs
[2025-03-17T10:52:56.490+0000] {logging_mixin.py:190} INFO - [2025-03-17T10:52:56.490+0000] {dag.py:4180} INFO - Setting next_dagrun for tutorial to 2025-03-16 00:00:00+00:00, run_after=2025-03-17 00:00:00+00:00
[2025-03-17T10:52:56.526+0000] {processor.py:208} INFO - Processing /home/airflow/.local/lib/python3.12/site-packages/airflow/example_dags/tutorial.py took 0.133 seconds
[2025-03-17T10:53:27.337+0000] {processor.py:186} INFO - Started process (PID=50449) to work on /home/airflow/.local/lib/python3.12/site-packages/airflow/example_dags/tutorial.py
[2025-03-17T10:53:27.339+0000] {processor.py:914} INFO - Processing file /home/airflow/.local/lib/python3.12/site-packages/airflow/example_dags/tutorial.py for tasks to queue
[2025-03-17T10:53:27.342+0000] {logging_mixin.py:190} INFO - [2025-03-17T10:53:27.341+0000] {dagbag.py:588} INFO - Filling up the DagBag from /home/airflow/.local/lib/python3.12/site-packages/airflow/example_dags/tutorial.py
[2025-03-17T10:53:27.359+0000] {processor.py:925} INFO - DAG(s) 'tutorial' retrieved from /home/airflow/.local/lib/python3.12/site-packages/airflow/example_dags/tutorial.py
[2025-03-17T10:53:27.397+0000] {logging_mixin.py:190} INFO - [2025-03-17T10:53:27.396+0000] {dag.py:3239} INFO - Sync 1 DAGs
[2025-03-17T10:53:27.431+0000] {logging_mixin.py:190} INFO - [2025-03-17T10:53:27.431+0000] {dag.py:4180} INFO - Setting next_dagrun for tutorial to 2025-03-16 00:00:00+00:00, run_after=2025-03-17 00:00:00+00:00
[2025-03-17T10:53:27.465+0000] {processor.py:208} INFO - Processing /home/airflow/.local/lib/python3.12/site-packages/airflow/example_dags/tutorial.py took 0.139 seconds
[2025-03-17T15:56:34.389+0000] {processor.py:186} INFO - Started process (PID=50541) to work on /home/airflow/.local/lib/python3.12/site-packages/airflow/example_dags/tutorial.py
[2025-03-17T15:56:34.391+0000] {processor.py:914} INFO - Processing file /home/airflow/.local/lib/python3.12/site-packages/airflow/example_dags/tutorial.py for tasks to queue
[2025-03-17T15:56:34.393+0000] {logging_mixin.py:190} INFO - [2025-03-17T15:56:34.392+0000] {dagbag.py:588} INFO - Filling up the DagBag from /home/airflow/.local/lib/python3.12/site-packages/airflow/example_dags/tutorial.py
[2025-03-17T15:56:34.414+0000] {processor.py:925} INFO - DAG(s) 'tutorial' retrieved from /home/airflow/.local/lib/python3.12/site-packages/airflow/example_dags/tutorial.py
[2025-03-17T15:56:34.460+0000] {logging_mixin.py:190} INFO - [2025-03-17T15:56:34.459+0000] {dag.py:3239} INFO - Sync 1 DAGs
[2025-03-17T15:56:34.501+0000] {logging_mixin.py:190} INFO - [2025-03-17T15:56:34.500+0000] {dag.py:4180} INFO - Setting next_dagrun for tutorial to 2025-03-16 00:00:00+00:00, run_after=2025-03-17 00:00:00+00:00
[2025-03-17T15:56:34.528+0000] {processor.py:208} INFO - Processing /home/airflow/.local/lib/python3.12/site-packages/airflow/example_dags/tutorial.py took 0.145 seconds
[2025-03-17T15:57:05.843+0000] {processor.py:186} INFO - Started process (PID=50606) to work on /home/airflow/.local/lib/python3.12/site-packages/airflow/example_dags/tutorial.py
[2025-03-17T15:57:05.845+0000] {processor.py:914} INFO - Processing file /home/airflow/.local/lib/python3.12/site-packages/airflow/example_dags/tutorial.py for tasks to queue
[2025-03-17T15:57:05.847+0000] {logging_mixin.py:190} INFO - [2025-03-17T15:57:05.846+0000] {dagbag.py:588} INFO - Filling up the DagBag from /home/airflow/.local/lib/python3.12/site-packages/airflow/example_dags/tutorial.py
[2025-03-17T15:57:05.858+0000] {processor.py:925} INFO - DAG(s) 'tutorial' retrieved from /home/airflow/.local/lib/python3.12/site-packages/airflow/example_dags/tutorial.py
[2025-03-17T15:57:05.884+0000] {logging_mixin.py:190} INFO - [2025-03-17T15:57:05.883+0000] {dag.py:3239} INFO - Sync 1 DAGs
[2025-03-17T15:57:05.913+0000] {logging_mixin.py:190} INFO - [2025-03-17T15:57:05.913+0000] {dag.py:4180} INFO - Setting next_dagrun for tutorial to 2025-03-16 00:00:00+00:00, run_after=2025-03-17 00:00:00+00:00
[2025-03-17T15:57:05.940+0000] {processor.py:208} INFO - Processing /home/airflow/.local/lib/python3.12/site-packages/airflow/example_dags/tutorial.py took 0.103 seconds
