[2025-03-17T10:50:37.016+0000] {processor.py:186} INFO - Started process (PID=50091) to work on /home/airflow/.local/lib/python3.12/site-packages/airflow/example_dags/tutorial_objectstorage.py
[2025-03-17T10:50:37.033+0000] {processor.py:914} INFO - Processing file /home/airflow/.local/lib/python3.12/site-packages/airflow/example_dags/tutorial_objectstorage.py for tasks to queue
[2025-03-17T10:50:37.037+0000] {logging_mixin.py:190} INFO - [2025-03-17T10:50:37.036+0000] {dagbag.py:588} INFO - Filling up the DagBag from /home/airflow/.local/lib/python3.12/site-packages/airflow/example_dags/tutorial_objectstorage.py
[2025-03-17T10:50:37.092+0000] {processor.py:925} INFO - DAG(s) 'tutorial_objectstorage' retrieved from /home/airflow/.local/lib/python3.12/site-packages/airflow/example_dags/tutorial_objectstorage.py
[2025-03-17T10:50:37.186+0000] {logging_mixin.py:190} INFO - [2025-03-17T10:50:37.186+0000] {dag.py:3239} INFO - Sync 1 DAGs
[2025-03-17T10:50:37.276+0000] {logging_mixin.py:190} INFO - [2025-03-17T10:50:37.276+0000] {dag.py:4180} INFO - Setting next_dagrun for tutorial_objectstorage to None, run_after=None
[2025-03-17T10:50:37.391+0000] {processor.py:208} INFO - Processing /home/airflow/.local/lib/python3.12/site-packages/airflow/example_dags/tutorial_objectstorage.py took 0.395 seconds
[2025-03-17T10:51:07.836+0000] {processor.py:186} INFO - Started process (PID=50156) to work on /home/airflow/.local/lib/python3.12/site-packages/airflow/example_dags/tutorial_objectstorage.py
[2025-03-17T10:51:07.838+0000] {processor.py:914} INFO - Processing file /home/airflow/.local/lib/python3.12/site-packages/airflow/example_dags/tutorial_objectstorage.py for tasks to queue
[2025-03-17T10:51:07.841+0000] {logging_mixin.py:190} INFO - [2025-03-17T10:51:07.841+0000] {dagbag.py:588} INFO - Filling up the DagBag from /home/airflow/.local/lib/python3.12/site-packages/airflow/example_dags/tutorial_objectstorage.py
[2025-03-17T10:51:07.889+0000] {processor.py:925} INFO - DAG(s) 'tutorial_objectstorage' retrieved from /home/airflow/.local/lib/python3.12/site-packages/airflow/example_dags/tutorial_objectstorage.py
[2025-03-17T10:51:07.968+0000] {logging_mixin.py:190} INFO - [2025-03-17T10:51:07.968+0000] {dag.py:3239} INFO - Sync 1 DAGs
[2025-03-17T10:51:08.047+0000] {logging_mixin.py:190} INFO - [2025-03-17T10:51:08.046+0000] {dag.py:4180} INFO - Setting next_dagrun for tutorial_objectstorage to None, run_after=None
[2025-03-17T10:51:08.153+0000] {processor.py:208} INFO - Processing /home/airflow/.local/lib/python3.12/site-packages/airflow/example_dags/tutorial_objectstorage.py took 0.349 seconds
[2025-03-17T10:51:38.361+0000] {processor.py:186} INFO - Started process (PID=50221) to work on /home/airflow/.local/lib/python3.12/site-packages/airflow/example_dags/tutorial_objectstorage.py
[2025-03-17T10:51:38.363+0000] {processor.py:914} INFO - Processing file /home/airflow/.local/lib/python3.12/site-packages/airflow/example_dags/tutorial_objectstorage.py for tasks to queue
[2025-03-17T10:51:38.366+0000] {logging_mixin.py:190} INFO - [2025-03-17T10:51:38.366+0000] {dagbag.py:588} INFO - Filling up the DagBag from /home/airflow/.local/lib/python3.12/site-packages/airflow/example_dags/tutorial_objectstorage.py
[2025-03-17T10:51:38.383+0000] {processor.py:925} INFO - DAG(s) 'tutorial_objectstorage' retrieved from /home/airflow/.local/lib/python3.12/site-packages/airflow/example_dags/tutorial_objectstorage.py
[2025-03-17T10:51:38.418+0000] {logging_mixin.py:190} INFO - [2025-03-17T10:51:38.417+0000] {dag.py:3239} INFO - Sync 1 DAGs
[2025-03-17T10:51:38.440+0000] {logging_mixin.py:190} INFO - [2025-03-17T10:51:38.439+0000] {dag.py:4180} INFO - Setting next_dagrun for tutorial_objectstorage to None, run_after=None
[2025-03-17T10:51:38.475+0000] {processor.py:208} INFO - Processing /home/airflow/.local/lib/python3.12/site-packages/airflow/example_dags/tutorial_objectstorage.py took 0.129 seconds
[2025-03-17T10:52:08.870+0000] {processor.py:186} INFO - Started process (PID=50286) to work on /home/airflow/.local/lib/python3.12/site-packages/airflow/example_dags/tutorial_objectstorage.py
[2025-03-17T10:52:08.873+0000] {processor.py:914} INFO - Processing file /home/airflow/.local/lib/python3.12/site-packages/airflow/example_dags/tutorial_objectstorage.py for tasks to queue
[2025-03-17T10:52:08.876+0000] {logging_mixin.py:190} INFO - [2025-03-17T10:52:08.875+0000] {dagbag.py:588} INFO - Filling up the DagBag from /home/airflow/.local/lib/python3.12/site-packages/airflow/example_dags/tutorial_objectstorage.py
[2025-03-17T10:52:08.900+0000] {processor.py:925} INFO - DAG(s) 'tutorial_objectstorage' retrieved from /home/airflow/.local/lib/python3.12/site-packages/airflow/example_dags/tutorial_objectstorage.py
[2025-03-17T10:52:08.941+0000] {logging_mixin.py:190} INFO - [2025-03-17T10:52:08.941+0000] {dag.py:3239} INFO - Sync 1 DAGs
[2025-03-17T10:52:08.965+0000] {logging_mixin.py:190} INFO - [2025-03-17T10:52:08.964+0000] {dag.py:4180} INFO - Setting next_dagrun for tutorial_objectstorage to None, run_after=None
[2025-03-17T10:52:09.004+0000] {processor.py:208} INFO - Processing /home/airflow/.local/lib/python3.12/site-packages/airflow/example_dags/tutorial_objectstorage.py took 0.145 seconds
[2025-03-17T10:52:39.802+0000] {processor.py:186} INFO - Started process (PID=50351) to work on /home/airflow/.local/lib/python3.12/site-packages/airflow/example_dags/tutorial_objectstorage.py
[2025-03-17T10:52:39.804+0000] {processor.py:914} INFO - Processing file /home/airflow/.local/lib/python3.12/site-packages/airflow/example_dags/tutorial_objectstorage.py for tasks to queue
[2025-03-17T10:52:39.807+0000] {logging_mixin.py:190} INFO - [2025-03-17T10:52:39.807+0000] {dagbag.py:588} INFO - Filling up the DagBag from /home/airflow/.local/lib/python3.12/site-packages/airflow/example_dags/tutorial_objectstorage.py
[2025-03-17T10:52:39.826+0000] {processor.py:925} INFO - DAG(s) 'tutorial_objectstorage' retrieved from /home/airflow/.local/lib/python3.12/site-packages/airflow/example_dags/tutorial_objectstorage.py
[2025-03-17T10:52:39.860+0000] {logging_mixin.py:190} INFO - [2025-03-17T10:52:39.860+0000] {dag.py:3239} INFO - Sync 1 DAGs
[2025-03-17T10:52:39.882+0000] {logging_mixin.py:190} INFO - [2025-03-17T10:52:39.881+0000] {dag.py:4180} INFO - Setting next_dagrun for tutorial_objectstorage to None, run_after=None
[2025-03-17T10:52:39.924+0000] {processor.py:208} INFO - Processing /home/airflow/.local/lib/python3.12/site-packages/airflow/example_dags/tutorial_objectstorage.py took 0.129 seconds
[2025-03-17T10:53:10.343+0000] {processor.py:186} INFO - Started process (PID=50415) to work on /home/airflow/.local/lib/python3.12/site-packages/airflow/example_dags/tutorial_objectstorage.py
[2025-03-17T10:53:10.345+0000] {processor.py:914} INFO - Processing file /home/airflow/.local/lib/python3.12/site-packages/airflow/example_dags/tutorial_objectstorage.py for tasks to queue
[2025-03-17T10:53:10.347+0000] {logging_mixin.py:190} INFO - [2025-03-17T10:53:10.346+0000] {dagbag.py:588} INFO - Filling up the DagBag from /home/airflow/.local/lib/python3.12/site-packages/airflow/example_dags/tutorial_objectstorage.py
[2025-03-17T10:53:10.360+0000] {processor.py:925} INFO - DAG(s) 'tutorial_objectstorage' retrieved from /home/airflow/.local/lib/python3.12/site-packages/airflow/example_dags/tutorial_objectstorage.py
[2025-03-17T10:53:10.389+0000] {logging_mixin.py:190} INFO - [2025-03-17T10:53:10.389+0000] {dag.py:3239} INFO - Sync 1 DAGs
[2025-03-17T10:53:10.410+0000] {logging_mixin.py:190} INFO - [2025-03-17T10:53:10.410+0000] {dag.py:4180} INFO - Setting next_dagrun for tutorial_objectstorage to None, run_after=None
[2025-03-17T10:53:10.440+0000] {processor.py:208} INFO - Processing /home/airflow/.local/lib/python3.12/site-packages/airflow/example_dags/tutorial_objectstorage.py took 0.104 seconds
[2025-03-17T10:53:40.596+0000] {processor.py:186} INFO - Started process (PID=50480) to work on /home/airflow/.local/lib/python3.12/site-packages/airflow/example_dags/tutorial_objectstorage.py
[2025-03-17T10:53:40.597+0000] {processor.py:914} INFO - Processing file /home/airflow/.local/lib/python3.12/site-packages/airflow/example_dags/tutorial_objectstorage.py for tasks to queue
[2025-03-17T10:53:40.600+0000] {logging_mixin.py:190} INFO - [2025-03-17T10:53:40.599+0000] {dagbag.py:588} INFO - Filling up the DagBag from /home/airflow/.local/lib/python3.12/site-packages/airflow/example_dags/tutorial_objectstorage.py
[2025-03-17T10:53:40.614+0000] {processor.py:925} INFO - DAG(s) 'tutorial_objectstorage' retrieved from /home/airflow/.local/lib/python3.12/site-packages/airflow/example_dags/tutorial_objectstorage.py
[2025-03-17T10:53:40.641+0000] {logging_mixin.py:190} INFO - [2025-03-17T10:53:40.641+0000] {dag.py:3239} INFO - Sync 1 DAGs
[2025-03-17T10:53:40.661+0000] {logging_mixin.py:190} INFO - [2025-03-17T10:53:40.661+0000] {dag.py:4180} INFO - Setting next_dagrun for tutorial_objectstorage to None, run_after=None
[2025-03-17T10:53:40.695+0000] {processor.py:208} INFO - Processing /home/airflow/.local/lib/python3.12/site-packages/airflow/example_dags/tutorial_objectstorage.py took 0.107 seconds
[2025-03-17T15:56:25.938+0000] {processor.py:186} INFO - Started process (PID=50513) to work on /home/airflow/.local/lib/python3.12/site-packages/airflow/example_dags/tutorial_objectstorage.py
[2025-03-17T15:56:25.940+0000] {processor.py:914} INFO - Processing file /home/airflow/.local/lib/python3.12/site-packages/airflow/example_dags/tutorial_objectstorage.py for tasks to queue
[2025-03-17T15:56:25.950+0000] {logging_mixin.py:190} INFO - [2025-03-17T15:56:25.949+0000] {dagbag.py:588} INFO - Filling up the DagBag from /home/airflow/.local/lib/python3.12/site-packages/airflow/example_dags/tutorial_objectstorage.py
[2025-03-17T15:56:26.005+0000] {processor.py:925} INFO - DAG(s) 'tutorial_objectstorage' retrieved from /home/airflow/.local/lib/python3.12/site-packages/airflow/example_dags/tutorial_objectstorage.py
[2025-03-17T15:56:26.089+0000] {logging_mixin.py:190} INFO - [2025-03-17T15:56:26.088+0000] {dag.py:3239} INFO - Sync 1 DAGs
[2025-03-17T15:56:26.183+0000] {logging_mixin.py:190} INFO - [2025-03-17T15:56:26.182+0000] {dag.py:4180} INFO - Setting next_dagrun for tutorial_objectstorage to None, run_after=None
[2025-03-17T15:56:26.295+0000] {processor.py:208} INFO - Processing /home/airflow/.local/lib/python3.12/site-packages/airflow/example_dags/tutorial_objectstorage.py took 0.380 seconds
[2025-03-17T15:56:56.839+0000] {processor.py:186} INFO - Started process (PID=50578) to work on /home/airflow/.local/lib/python3.12/site-packages/airflow/example_dags/tutorial_objectstorage.py
[2025-03-17T15:56:56.840+0000] {processor.py:914} INFO - Processing file /home/airflow/.local/lib/python3.12/site-packages/airflow/example_dags/tutorial_objectstorage.py for tasks to queue
[2025-03-17T15:56:56.842+0000] {logging_mixin.py:190} INFO - [2025-03-17T15:56:56.842+0000] {dagbag.py:588} INFO - Filling up the DagBag from /home/airflow/.local/lib/python3.12/site-packages/airflow/example_dags/tutorial_objectstorage.py
[2025-03-17T15:56:56.855+0000] {processor.py:925} INFO - DAG(s) 'tutorial_objectstorage' retrieved from /home/airflow/.local/lib/python3.12/site-packages/airflow/example_dags/tutorial_objectstorage.py
[2025-03-17T15:56:56.883+0000] {logging_mixin.py:190} INFO - [2025-03-17T15:56:56.883+0000] {dag.py:3239} INFO - Sync 1 DAGs
[2025-03-17T15:56:56.904+0000] {logging_mixin.py:190} INFO - [2025-03-17T15:56:56.904+0000] {dag.py:4180} INFO - Setting next_dagrun for tutorial_objectstorage to None, run_after=None
[2025-03-17T15:56:56.935+0000] {processor.py:208} INFO - Processing /home/airflow/.local/lib/python3.12/site-packages/airflow/example_dags/tutorial_objectstorage.py took 0.104 seconds
