[2025-03-31T15:04:52.076+0000] {processor.py:186} INFO - Started process (PID=56410) to work on /home/airflow/.local/lib/python3.12/site-packages/airflow/example_dags/example_sensors.py
[2025-03-31T15:04:52.086+0000] {processor.py:914} INFO - Processing file /home/airflow/.local/lib/python3.12/site-packages/airflow/example_dags/example_sensors.py for tasks to queue
[2025-03-31T15:04:52.151+0000] {logging_mixin.py:190} INFO - [2025-03-31T15:04:52.151+0000] {dagbag.py:588} INFO - Filling up the DagBag from /home/airflow/.local/lib/python3.12/site-packages/airflow/example_dags/example_sensors.py
[2025-03-31T15:04:52.235+0000] {processor.py:925} INFO - DAG(s) 'example_sensors' retrieved from /home/airflow/.local/lib/python3.12/site-packages/airflow/example_dags/example_sensors.py
[2025-03-31T15:04:52.402+0000] {logging_mixin.py:190} INFO - [2025-03-31T15:04:52.401+0000] {dag.py:3239} INFO - Sync 1 DAGs
[2025-03-31T15:04:52.476+0000] {logging_mixin.py:190} INFO - [2025-03-31T15:04:52.475+0000] {dag.py:4180} INFO - Setting next_dagrun for example_sensors to None, run_after=None
[2025-03-31T15:04:52.574+0000] {processor.py:208} INFO - Processing /home/airflow/.local/lib/python3.12/site-packages/airflow/example_dags/example_sensors.py took 0.531 seconds
[2025-03-31T15:05:25.520+0000] {processor.py:186} INFO - Started process (PID=56475) to work on /home/airflow/.local/lib/python3.12/site-packages/airflow/example_dags/example_sensors.py
[2025-03-31T15:05:25.524+0000] {processor.py:914} INFO - Processing file /home/airflow/.local/lib/python3.12/site-packages/airflow/example_dags/example_sensors.py for tasks to queue
[2025-03-31T15:05:25.527+0000] {logging_mixin.py:190} INFO - [2025-03-31T15:05:25.526+0000] {dagbag.py:588} INFO - Filling up the DagBag from /home/airflow/.local/lib/python3.12/site-packages/airflow/example_dags/example_sensors.py
[2025-03-31T15:05:25.576+0000] {processor.py:925} INFO - DAG(s) 'example_sensors' retrieved from /home/airflow/.local/lib/python3.12/site-packages/airflow/example_dags/example_sensors.py
[2025-03-31T15:05:25.692+0000] {logging_mixin.py:190} INFO - [2025-03-31T15:05:25.691+0000] {dag.py:3239} INFO - Sync 1 DAGs
[2025-03-31T15:05:25.751+0000] {logging_mixin.py:190} INFO - [2025-03-31T15:05:25.750+0000] {dag.py:4180} INFO - Setting next_dagrun for example_sensors to None, run_after=None
[2025-03-31T15:05:25.836+0000] {processor.py:208} INFO - Processing /home/airflow/.local/lib/python3.12/site-packages/airflow/example_dags/example_sensors.py took 0.333 seconds
[2025-03-31T15:05:56.717+0000] {processor.py:186} INFO - Started process (PID=56540) to work on /home/airflow/.local/lib/python3.12/site-packages/airflow/example_dags/example_sensors.py
[2025-03-31T15:05:56.720+0000] {processor.py:914} INFO - Processing file /home/airflow/.local/lib/python3.12/site-packages/airflow/example_dags/example_sensors.py for tasks to queue
[2025-03-31T15:05:56.724+0000] {logging_mixin.py:190} INFO - [2025-03-31T15:05:56.723+0000] {dagbag.py:588} INFO - Filling up the DagBag from /home/airflow/.local/lib/python3.12/site-packages/airflow/example_dags/example_sensors.py
[2025-03-31T15:05:56.763+0000] {processor.py:925} INFO - DAG(s) 'example_sensors' retrieved from /home/airflow/.local/lib/python3.12/site-packages/airflow/example_dags/example_sensors.py
[2025-03-31T15:05:56.833+0000] {logging_mixin.py:190} INFO - [2025-03-31T15:05:56.833+0000] {dag.py:3239} INFO - Sync 1 DAGs
[2025-03-31T15:05:56.866+0000] {logging_mixin.py:190} INFO - [2025-03-31T15:05:56.865+0000] {dag.py:4180} INFO - Setting next_dagrun for example_sensors to None, run_after=None
[2025-03-31T15:05:56.913+0000] {processor.py:208} INFO - Processing /home/airflow/.local/lib/python3.12/site-packages/airflow/example_dags/example_sensors.py took 0.219 seconds
[2025-03-31T15:06:27.087+0000] {processor.py:186} INFO - Started process (PID=56604) to work on /home/airflow/.local/lib/python3.12/site-packages/airflow/example_dags/example_sensors.py
[2025-03-31T15:06:27.090+0000] {processor.py:914} INFO - Processing file /home/airflow/.local/lib/python3.12/site-packages/airflow/example_dags/example_sensors.py for tasks to queue
[2025-03-31T15:06:27.093+0000] {logging_mixin.py:190} INFO - [2025-03-31T15:06:27.092+0000] {dagbag.py:588} INFO - Filling up the DagBag from /home/airflow/.local/lib/python3.12/site-packages/airflow/example_dags/example_sensors.py
[2025-03-31T15:06:27.115+0000] {processor.py:925} INFO - DAG(s) 'example_sensors' retrieved from /home/airflow/.local/lib/python3.12/site-packages/airflow/example_dags/example_sensors.py
[2025-03-31T15:06:27.173+0000] {logging_mixin.py:190} INFO - [2025-03-31T15:06:27.172+0000] {dag.py:3239} INFO - Sync 1 DAGs
[2025-03-31T15:06:27.220+0000] {logging_mixin.py:190} INFO - [2025-03-31T15:06:27.219+0000] {dag.py:4180} INFO - Setting next_dagrun for example_sensors to None, run_after=None
[2025-03-31T15:06:27.259+0000] {processor.py:208} INFO - Processing /home/airflow/.local/lib/python3.12/site-packages/airflow/example_dags/example_sensors.py took 0.186 seconds
[2025-03-31T15:06:58.064+0000] {processor.py:186} INFO - Started process (PID=56669) to work on /home/airflow/.local/lib/python3.12/site-packages/airflow/example_dags/example_sensors.py
[2025-03-31T15:06:58.068+0000] {processor.py:914} INFO - Processing file /home/airflow/.local/lib/python3.12/site-packages/airflow/example_dags/example_sensors.py for tasks to queue
[2025-03-31T15:06:58.075+0000] {logging_mixin.py:190} INFO - [2025-03-31T15:06:58.074+0000] {dagbag.py:588} INFO - Filling up the DagBag from /home/airflow/.local/lib/python3.12/site-packages/airflow/example_dags/example_sensors.py
[2025-03-31T15:06:58.152+0000] {processor.py:925} INFO - DAG(s) 'example_sensors' retrieved from /home/airflow/.local/lib/python3.12/site-packages/airflow/example_dags/example_sensors.py
[2025-03-31T15:06:58.291+0000] {logging_mixin.py:190} INFO - [2025-03-31T15:06:58.288+0000] {dag.py:3239} INFO - Sync 1 DAGs
[2025-03-31T15:06:58.365+0000] {logging_mixin.py:190} INFO - [2025-03-31T15:06:58.364+0000] {dag.py:4180} INFO - Setting next_dagrun for example_sensors to None, run_after=None
[2025-03-31T15:06:58.414+0000] {processor.py:208} INFO - Processing /home/airflow/.local/lib/python3.12/site-packages/airflow/example_dags/example_sensors.py took 0.372 seconds
[2025-03-31T15:07:28.607+0000] {processor.py:186} INFO - Started process (PID=56734) to work on /home/airflow/.local/lib/python3.12/site-packages/airflow/example_dags/example_sensors.py
[2025-03-31T15:07:28.609+0000] {processor.py:914} INFO - Processing file /home/airflow/.local/lib/python3.12/site-packages/airflow/example_dags/example_sensors.py for tasks to queue
[2025-03-31T15:07:28.613+0000] {logging_mixin.py:190} INFO - [2025-03-31T15:07:28.612+0000] {dagbag.py:588} INFO - Filling up the DagBag from /home/airflow/.local/lib/python3.12/site-packages/airflow/example_dags/example_sensors.py
[2025-03-31T15:07:28.651+0000] {processor.py:925} INFO - DAG(s) 'example_sensors' retrieved from /home/airflow/.local/lib/python3.12/site-packages/airflow/example_dags/example_sensors.py
[2025-03-31T15:07:28.725+0000] {logging_mixin.py:190} INFO - [2025-03-31T15:07:28.724+0000] {dag.py:3239} INFO - Sync 1 DAGs
[2025-03-31T15:07:28.770+0000] {logging_mixin.py:190} INFO - [2025-03-31T15:07:28.770+0000] {dag.py:4180} INFO - Setting next_dagrun for example_sensors to None, run_after=None
[2025-03-31T15:07:28.814+0000] {processor.py:208} INFO - Processing /home/airflow/.local/lib/python3.12/site-packages/airflow/example_dags/example_sensors.py took 0.220 seconds
[2025-03-31T15:07:59.597+0000] {processor.py:186} INFO - Started process (PID=56799) to work on /home/airflow/.local/lib/python3.12/site-packages/airflow/example_dags/example_sensors.py
[2025-03-31T15:07:59.600+0000] {processor.py:914} INFO - Processing file /home/airflow/.local/lib/python3.12/site-packages/airflow/example_dags/example_sensors.py for tasks to queue
[2025-03-31T15:07:59.603+0000] {logging_mixin.py:190} INFO - [2025-03-31T15:07:59.603+0000] {dagbag.py:588} INFO - Filling up the DagBag from /home/airflow/.local/lib/python3.12/site-packages/airflow/example_dags/example_sensors.py
[2025-03-31T15:07:59.644+0000] {processor.py:925} INFO - DAG(s) 'example_sensors' retrieved from /home/airflow/.local/lib/python3.12/site-packages/airflow/example_dags/example_sensors.py
[2025-03-31T15:07:59.714+0000] {logging_mixin.py:190} INFO - [2025-03-31T15:07:59.713+0000] {dag.py:3239} INFO - Sync 1 DAGs
[2025-03-31T15:07:59.754+0000] {logging_mixin.py:190} INFO - [2025-03-31T15:07:59.754+0000] {dag.py:4180} INFO - Setting next_dagrun for example_sensors to None, run_after=None
[2025-03-31T15:07:59.816+0000] {processor.py:208} INFO - Processing /home/airflow/.local/lib/python3.12/site-packages/airflow/example_dags/example_sensors.py took 0.232 seconds
[2025-03-31T15:08:31.259+0000] {processor.py:186} INFO - Started process (PID=56864) to work on /home/airflow/.local/lib/python3.12/site-packages/airflow/example_dags/example_sensors.py
[2025-03-31T15:08:31.261+0000] {processor.py:914} INFO - Processing file /home/airflow/.local/lib/python3.12/site-packages/airflow/example_dags/example_sensors.py for tasks to queue
[2025-03-31T15:08:31.264+0000] {logging_mixin.py:190} INFO - [2025-03-31T15:08:31.263+0000] {dagbag.py:588} INFO - Filling up the DagBag from /home/airflow/.local/lib/python3.12/site-packages/airflow/example_dags/example_sensors.py
[2025-03-31T15:08:31.296+0000] {processor.py:925} INFO - DAG(s) 'example_sensors' retrieved from /home/airflow/.local/lib/python3.12/site-packages/airflow/example_dags/example_sensors.py
[2025-03-31T15:08:31.354+0000] {logging_mixin.py:190} INFO - [2025-03-31T15:08:31.353+0000] {dag.py:3239} INFO - Sync 1 DAGs
[2025-03-31T15:08:31.387+0000] {logging_mixin.py:190} INFO - [2025-03-31T15:08:31.387+0000] {dag.py:4180} INFO - Setting next_dagrun for example_sensors to None, run_after=None
[2025-03-31T15:08:31.430+0000] {processor.py:208} INFO - Processing /home/airflow/.local/lib/python3.12/site-packages/airflow/example_dags/example_sensors.py took 0.183 seconds
[2025-03-31T15:09:02.208+0000] {processor.py:186} INFO - Started process (PID=56929) to work on /home/airflow/.local/lib/python3.12/site-packages/airflow/example_dags/example_sensors.py
[2025-03-31T15:09:02.210+0000] {processor.py:914} INFO - Processing file /home/airflow/.local/lib/python3.12/site-packages/airflow/example_dags/example_sensors.py for tasks to queue
[2025-03-31T15:09:02.213+0000] {logging_mixin.py:190} INFO - [2025-03-31T15:09:02.212+0000] {dagbag.py:588} INFO - Filling up the DagBag from /home/airflow/.local/lib/python3.12/site-packages/airflow/example_dags/example_sensors.py
[2025-03-31T15:09:02.234+0000] {processor.py:925} INFO - DAG(s) 'example_sensors' retrieved from /home/airflow/.local/lib/python3.12/site-packages/airflow/example_dags/example_sensors.py
[2025-03-31T15:09:02.290+0000] {logging_mixin.py:190} INFO - [2025-03-31T15:09:02.290+0000] {dag.py:3239} INFO - Sync 1 DAGs
[2025-03-31T15:09:02.324+0000] {logging_mixin.py:190} INFO - [2025-03-31T15:09:02.323+0000] {dag.py:4180} INFO - Setting next_dagrun for example_sensors to None, run_after=None
[2025-03-31T15:09:02.364+0000] {processor.py:208} INFO - Processing /home/airflow/.local/lib/python3.12/site-packages/airflow/example_dags/example_sensors.py took 0.168 seconds
[2025-03-31T15:09:33.928+0000] {processor.py:186} INFO - Started process (PID=56993) to work on /home/airflow/.local/lib/python3.12/site-packages/airflow/example_dags/example_sensors.py
[2025-03-31T15:09:33.929+0000] {processor.py:914} INFO - Processing file /home/airflow/.local/lib/python3.12/site-packages/airflow/example_dags/example_sensors.py for tasks to queue
[2025-03-31T15:09:33.932+0000] {logging_mixin.py:190} INFO - [2025-03-31T15:09:33.931+0000] {dagbag.py:588} INFO - Filling up the DagBag from /home/airflow/.local/lib/python3.12/site-packages/airflow/example_dags/example_sensors.py
[2025-03-31T15:09:33.952+0000] {processor.py:925} INFO - DAG(s) 'example_sensors' retrieved from /home/airflow/.local/lib/python3.12/site-packages/airflow/example_dags/example_sensors.py
[2025-03-31T15:09:33.998+0000] {logging_mixin.py:190} INFO - [2025-03-31T15:09:33.998+0000] {dag.py:3239} INFO - Sync 1 DAGs
[2025-03-31T15:09:34.022+0000] {logging_mixin.py:190} INFO - [2025-03-31T15:09:34.021+0000] {dag.py:4180} INFO - Setting next_dagrun for example_sensors to None, run_after=None
[2025-03-31T15:09:34.069+0000] {processor.py:208} INFO - Processing /home/airflow/.local/lib/python3.12/site-packages/airflow/example_dags/example_sensors.py took 0.150 seconds
[2025-03-31T15:10:05.651+0000] {processor.py:186} INFO - Started process (PID=57060) to work on /home/airflow/.local/lib/python3.12/site-packages/airflow/example_dags/example_sensors.py
[2025-03-31T15:10:05.653+0000] {processor.py:914} INFO - Processing file /home/airflow/.local/lib/python3.12/site-packages/airflow/example_dags/example_sensors.py for tasks to queue
[2025-03-31T15:10:05.656+0000] {logging_mixin.py:190} INFO - [2025-03-31T15:10:05.655+0000] {dagbag.py:588} INFO - Filling up the DagBag from /home/airflow/.local/lib/python3.12/site-packages/airflow/example_dags/example_sensors.py
[2025-03-31T15:10:05.684+0000] {processor.py:925} INFO - DAG(s) 'example_sensors' retrieved from /home/airflow/.local/lib/python3.12/site-packages/airflow/example_dags/example_sensors.py
[2025-03-31T15:10:05.752+0000] {logging_mixin.py:190} INFO - [2025-03-31T15:10:05.752+0000] {dag.py:3239} INFO - Sync 1 DAGs
[2025-03-31T15:10:05.788+0000] {logging_mixin.py:190} INFO - [2025-03-31T15:10:05.788+0000] {dag.py:4180} INFO - Setting next_dagrun for example_sensors to None, run_after=None
[2025-03-31T15:10:05.828+0000] {processor.py:208} INFO - Processing /home/airflow/.local/lib/python3.12/site-packages/airflow/example_dags/example_sensors.py took 0.187 seconds
[2025-03-31T15:10:38.592+0000] {processor.py:186} INFO - Started process (PID=57132) to work on /home/airflow/.local/lib/python3.12/site-packages/airflow/example_dags/example_sensors.py
[2025-03-31T15:10:38.594+0000] {processor.py:914} INFO - Processing file /home/airflow/.local/lib/python3.12/site-packages/airflow/example_dags/example_sensors.py for tasks to queue
[2025-03-31T15:10:38.597+0000] {logging_mixin.py:190} INFO - [2025-03-31T15:10:38.597+0000] {dagbag.py:588} INFO - Filling up the DagBag from /home/airflow/.local/lib/python3.12/site-packages/airflow/example_dags/example_sensors.py
[2025-03-31T15:10:38.625+0000] {processor.py:925} INFO - DAG(s) 'example_sensors' retrieved from /home/airflow/.local/lib/python3.12/site-packages/airflow/example_dags/example_sensors.py
[2025-03-31T15:10:38.737+0000] {logging_mixin.py:190} INFO - [2025-03-31T15:10:38.736+0000] {dag.py:3239} INFO - Sync 1 DAGs
[2025-03-31T15:10:38.778+0000] {logging_mixin.py:190} INFO - [2025-03-31T15:10:38.777+0000] {dag.py:4180} INFO - Setting next_dagrun for example_sensors to None, run_after=None
[2025-03-31T15:10:38.825+0000] {processor.py:208} INFO - Processing /home/airflow/.local/lib/python3.12/site-packages/airflow/example_dags/example_sensors.py took 0.245 seconds
[2025-03-31T15:11:10.724+0000] {processor.py:186} INFO - Started process (PID=57197) to work on /home/airflow/.local/lib/python3.12/site-packages/airflow/example_dags/example_sensors.py
[2025-03-31T15:11:10.728+0000] {processor.py:914} INFO - Processing file /home/airflow/.local/lib/python3.12/site-packages/airflow/example_dags/example_sensors.py for tasks to queue
[2025-03-31T15:11:10.741+0000] {logging_mixin.py:190} INFO - [2025-03-31T15:11:10.739+0000] {dagbag.py:588} INFO - Filling up the DagBag from /home/airflow/.local/lib/python3.12/site-packages/airflow/example_dags/example_sensors.py
[2025-03-31T15:11:10.804+0000] {processor.py:925} INFO - DAG(s) 'example_sensors' retrieved from /home/airflow/.local/lib/python3.12/site-packages/airflow/example_dags/example_sensors.py
[2025-03-31T15:11:10.970+0000] {logging_mixin.py:190} INFO - [2025-03-31T15:11:10.968+0000] {dag.py:3239} INFO - Sync 1 DAGs
[2025-03-31T15:11:11.022+0000] {logging_mixin.py:190} INFO - [2025-03-31T15:11:11.021+0000] {dag.py:4180} INFO - Setting next_dagrun for example_sensors to None, run_after=None
[2025-03-31T15:11:11.094+0000] {processor.py:208} INFO - Processing /home/airflow/.local/lib/python3.12/site-packages/airflow/example_dags/example_sensors.py took 0.396 seconds
[2025-03-31T15:11:44.924+0000] {processor.py:186} INFO - Started process (PID=57268) to work on /home/airflow/.local/lib/python3.12/site-packages/airflow/example_dags/example_sensors.py
[2025-03-31T15:11:44.927+0000] {processor.py:914} INFO - Processing file /home/airflow/.local/lib/python3.12/site-packages/airflow/example_dags/example_sensors.py for tasks to queue
[2025-03-31T15:11:44.933+0000] {logging_mixin.py:190} INFO - [2025-03-31T15:11:44.932+0000] {dagbag.py:588} INFO - Filling up the DagBag from /home/airflow/.local/lib/python3.12/site-packages/airflow/example_dags/example_sensors.py
[2025-03-31T15:11:44.995+0000] {processor.py:925} INFO - DAG(s) 'example_sensors' retrieved from /home/airflow/.local/lib/python3.12/site-packages/airflow/example_dags/example_sensors.py
[2025-03-31T15:11:45.072+0000] {logging_mixin.py:190} INFO - [2025-03-31T15:11:45.072+0000] {dag.py:3239} INFO - Sync 1 DAGs
[2025-03-31T15:11:45.113+0000] {logging_mixin.py:190} INFO - [2025-03-31T15:11:45.112+0000] {dag.py:4180} INFO - Setting next_dagrun for example_sensors to None, run_after=None
[2025-03-31T15:11:45.189+0000] {processor.py:208} INFO - Processing /home/airflow/.local/lib/python3.12/site-packages/airflow/example_dags/example_sensors.py took 0.287 seconds
[2025-03-31T15:12:24.137+0000] {processor.py:186} INFO - Started process (PID=57345) to work on /home/airflow/.local/lib/python3.12/site-packages/airflow/example_dags/example_sensors.py
[2025-03-31T15:12:24.139+0000] {processor.py:914} INFO - Processing file /home/airflow/.local/lib/python3.12/site-packages/airflow/example_dags/example_sensors.py for tasks to queue
[2025-03-31T15:12:24.143+0000] {logging_mixin.py:190} INFO - [2025-03-31T15:12:24.142+0000] {dagbag.py:588} INFO - Filling up the DagBag from /home/airflow/.local/lib/python3.12/site-packages/airflow/example_dags/example_sensors.py
[2025-03-31T15:12:24.167+0000] {processor.py:925} INFO - DAG(s) 'example_sensors' retrieved from /home/airflow/.local/lib/python3.12/site-packages/airflow/example_dags/example_sensors.py
[2025-03-31T15:12:24.230+0000] {logging_mixin.py:190} INFO - [2025-03-31T15:12:24.229+0000] {dag.py:3239} INFO - Sync 1 DAGs
[2025-03-31T15:12:24.263+0000] {logging_mixin.py:190} INFO - [2025-03-31T15:12:24.263+0000] {dag.py:4180} INFO - Setting next_dagrun for example_sensors to None, run_after=None
[2025-03-31T15:12:24.345+0000] {processor.py:208} INFO - Processing /home/airflow/.local/lib/python3.12/site-packages/airflow/example_dags/example_sensors.py took 0.220 seconds
[2025-03-31T15:12:54.967+0000] {processor.py:186} INFO - Started process (PID=57410) to work on /home/airflow/.local/lib/python3.12/site-packages/airflow/example_dags/example_sensors.py
[2025-03-31T15:12:54.969+0000] {processor.py:914} INFO - Processing file /home/airflow/.local/lib/python3.12/site-packages/airflow/example_dags/example_sensors.py for tasks to queue
[2025-03-31T15:12:54.974+0000] {logging_mixin.py:190} INFO - [2025-03-31T15:12:54.973+0000] {dagbag.py:588} INFO - Filling up the DagBag from /home/airflow/.local/lib/python3.12/site-packages/airflow/example_dags/example_sensors.py
[2025-03-31T15:12:55.012+0000] {processor.py:925} INFO - DAG(s) 'example_sensors' retrieved from /home/airflow/.local/lib/python3.12/site-packages/airflow/example_dags/example_sensors.py
[2025-03-31T15:12:55.084+0000] {logging_mixin.py:190} INFO - [2025-03-31T15:12:55.083+0000] {dag.py:3239} INFO - Sync 1 DAGs
[2025-03-31T15:12:55.112+0000] {logging_mixin.py:190} INFO - [2025-03-31T15:12:55.111+0000] {dag.py:4180} INFO - Setting next_dagrun for example_sensors to None, run_after=None
[2025-03-31T15:12:55.158+0000] {processor.py:208} INFO - Processing /home/airflow/.local/lib/python3.12/site-packages/airflow/example_dags/example_sensors.py took 0.204 seconds
[2025-03-31T15:13:25.334+0000] {processor.py:186} INFO - Started process (PID=57475) to work on /home/airflow/.local/lib/python3.12/site-packages/airflow/example_dags/example_sensors.py
[2025-03-31T15:13:25.336+0000] {processor.py:914} INFO - Processing file /home/airflow/.local/lib/python3.12/site-packages/airflow/example_dags/example_sensors.py for tasks to queue
[2025-03-31T15:13:25.339+0000] {logging_mixin.py:190} INFO - [2025-03-31T15:13:25.338+0000] {dagbag.py:588} INFO - Filling up the DagBag from /home/airflow/.local/lib/python3.12/site-packages/airflow/example_dags/example_sensors.py
[2025-03-31T15:13:25.367+0000] {processor.py:925} INFO - DAG(s) 'example_sensors' retrieved from /home/airflow/.local/lib/python3.12/site-packages/airflow/example_dags/example_sensors.py
[2025-03-31T15:13:25.424+0000] {logging_mixin.py:190} INFO - [2025-03-31T15:13:25.423+0000] {dag.py:3239} INFO - Sync 1 DAGs
[2025-03-31T15:13:25.450+0000] {logging_mixin.py:190} INFO - [2025-03-31T15:13:25.449+0000] {dag.py:4180} INFO - Setting next_dagrun for example_sensors to None, run_after=None
[2025-03-31T15:13:25.497+0000] {processor.py:208} INFO - Processing /home/airflow/.local/lib/python3.12/site-packages/airflow/example_dags/example_sensors.py took 0.174 seconds
[2025-03-31T15:13:56.412+0000] {processor.py:186} INFO - Started process (PID=57540) to work on /home/airflow/.local/lib/python3.12/site-packages/airflow/example_dags/example_sensors.py
[2025-03-31T15:13:56.415+0000] {processor.py:914} INFO - Processing file /home/airflow/.local/lib/python3.12/site-packages/airflow/example_dags/example_sensors.py for tasks to queue
[2025-03-31T15:13:56.419+0000] {logging_mixin.py:190} INFO - [2025-03-31T15:13:56.418+0000] {dagbag.py:588} INFO - Filling up the DagBag from /home/airflow/.local/lib/python3.12/site-packages/airflow/example_dags/example_sensors.py
[2025-03-31T15:13:56.465+0000] {processor.py:925} INFO - DAG(s) 'example_sensors' retrieved from /home/airflow/.local/lib/python3.12/site-packages/airflow/example_dags/example_sensors.py
[2025-03-31T15:13:56.612+0000] {logging_mixin.py:190} INFO - [2025-03-31T15:13:56.611+0000] {dag.py:3239} INFO - Sync 1 DAGs
[2025-03-31T15:13:56.686+0000] {logging_mixin.py:190} INFO - [2025-03-31T15:13:56.685+0000] {dag.py:4180} INFO - Setting next_dagrun for example_sensors to None, run_after=None
[2025-03-31T15:13:56.850+0000] {processor.py:208} INFO - Processing /home/airflow/.local/lib/python3.12/site-packages/airflow/example_dags/example_sensors.py took 0.459 seconds
[2025-03-31T15:14:31.137+0000] {processor.py:186} INFO - Started process (PID=57605) to work on /home/airflow/.local/lib/python3.12/site-packages/airflow/example_dags/example_sensors.py
[2025-03-31T15:14:31.140+0000] {processor.py:914} INFO - Processing file /home/airflow/.local/lib/python3.12/site-packages/airflow/example_dags/example_sensors.py for tasks to queue
[2025-03-31T15:14:31.144+0000] {logging_mixin.py:190} INFO - [2025-03-31T15:14:31.143+0000] {dagbag.py:588} INFO - Filling up the DagBag from /home/airflow/.local/lib/python3.12/site-packages/airflow/example_dags/example_sensors.py
[2025-03-31T15:14:31.218+0000] {processor.py:925} INFO - DAG(s) 'example_sensors' retrieved from /home/airflow/.local/lib/python3.12/site-packages/airflow/example_dags/example_sensors.py
[2025-03-31T15:14:31.368+0000] {logging_mixin.py:190} INFO - [2025-03-31T15:14:31.361+0000] {dag.py:3239} INFO - Sync 1 DAGs
[2025-03-31T15:14:31.457+0000] {logging_mixin.py:190} INFO - [2025-03-31T15:14:31.456+0000] {dag.py:4180} INFO - Setting next_dagrun for example_sensors to None, run_after=None
[2025-03-31T15:14:31.558+0000] {processor.py:208} INFO - Processing /home/airflow/.local/lib/python3.12/site-packages/airflow/example_dags/example_sensors.py took 0.445 seconds
[2025-03-31T15:15:02.647+0000] {processor.py:186} INFO - Started process (PID=57672) to work on /home/airflow/.local/lib/python3.12/site-packages/airflow/example_dags/example_sensors.py
[2025-03-31T15:15:02.649+0000] {processor.py:914} INFO - Processing file /home/airflow/.local/lib/python3.12/site-packages/airflow/example_dags/example_sensors.py for tasks to queue
[2025-03-31T15:15:02.652+0000] {logging_mixin.py:190} INFO - [2025-03-31T15:15:02.651+0000] {dagbag.py:588} INFO - Filling up the DagBag from /home/airflow/.local/lib/python3.12/site-packages/airflow/example_dags/example_sensors.py
[2025-03-31T15:15:02.710+0000] {processor.py:925} INFO - DAG(s) 'example_sensors' retrieved from /home/airflow/.local/lib/python3.12/site-packages/airflow/example_dags/example_sensors.py
[2025-03-31T15:15:02.834+0000] {logging_mixin.py:190} INFO - [2025-03-31T15:15:02.833+0000] {dag.py:3239} INFO - Sync 1 DAGs
[2025-03-31T15:15:02.921+0000] {logging_mixin.py:190} INFO - [2025-03-31T15:15:02.918+0000] {dag.py:4180} INFO - Setting next_dagrun for example_sensors to None, run_after=None
[2025-03-31T15:15:03.025+0000] {processor.py:208} INFO - Processing /home/airflow/.local/lib/python3.12/site-packages/airflow/example_dags/example_sensors.py took 0.398 seconds
[2025-03-31T15:15:40.532+0000] {processor.py:186} INFO - Started process (PID=57742) to work on /home/airflow/.local/lib/python3.12/site-packages/airflow/example_dags/example_sensors.py
[2025-03-31T15:15:40.543+0000] {processor.py:914} INFO - Processing file /home/airflow/.local/lib/python3.12/site-packages/airflow/example_dags/example_sensors.py for tasks to queue
[2025-03-31T15:15:40.547+0000] {logging_mixin.py:190} INFO - [2025-03-31T15:15:40.546+0000] {dagbag.py:588} INFO - Filling up the DagBag from /home/airflow/.local/lib/python3.12/site-packages/airflow/example_dags/example_sensors.py
[2025-03-31T15:15:40.639+0000] {processor.py:925} INFO - DAG(s) 'example_sensors' retrieved from /home/airflow/.local/lib/python3.12/site-packages/airflow/example_dags/example_sensors.py
[2025-03-31T15:15:40.786+0000] {logging_mixin.py:190} INFO - [2025-03-31T15:15:40.785+0000] {dag.py:3239} INFO - Sync 1 DAGs
[2025-03-31T15:15:40.879+0000] {logging_mixin.py:190} INFO - [2025-03-31T15:15:40.879+0000] {dag.py:4180} INFO - Setting next_dagrun for example_sensors to None, run_after=None
[2025-03-31T15:15:41.009+0000] {processor.py:208} INFO - Processing /home/airflow/.local/lib/python3.12/site-packages/airflow/example_dags/example_sensors.py took 0.505 seconds
[2025-03-31T15:16:12.730+0000] {processor.py:186} INFO - Started process (PID=57809) to work on /home/airflow/.local/lib/python3.12/site-packages/airflow/example_dags/example_sensors.py
[2025-03-31T15:16:12.732+0000] {processor.py:914} INFO - Processing file /home/airflow/.local/lib/python3.12/site-packages/airflow/example_dags/example_sensors.py for tasks to queue
[2025-03-31T15:16:12.737+0000] {logging_mixin.py:190} INFO - [2025-03-31T15:16:12.736+0000] {dagbag.py:588} INFO - Filling up the DagBag from /home/airflow/.local/lib/python3.12/site-packages/airflow/example_dags/example_sensors.py
[2025-03-31T15:16:12.798+0000] {processor.py:925} INFO - DAG(s) 'example_sensors' retrieved from /home/airflow/.local/lib/python3.12/site-packages/airflow/example_dags/example_sensors.py
[2025-03-31T15:16:12.899+0000] {logging_mixin.py:190} INFO - [2025-03-31T15:16:12.899+0000] {dag.py:3239} INFO - Sync 1 DAGs
[2025-03-31T15:16:12.965+0000] {logging_mixin.py:190} INFO - [2025-03-31T15:16:12.964+0000] {dag.py:4180} INFO - Setting next_dagrun for example_sensors to None, run_after=None
[2025-03-31T15:16:13.034+0000] {processor.py:208} INFO - Processing /home/airflow/.local/lib/python3.12/site-packages/airflow/example_dags/example_sensors.py took 0.328 seconds
[2025-03-31T15:16:43.700+0000] {processor.py:186} INFO - Started process (PID=57873) to work on /home/airflow/.local/lib/python3.12/site-packages/airflow/example_dags/example_sensors.py
[2025-03-31T15:16:43.702+0000] {processor.py:914} INFO - Processing file /home/airflow/.local/lib/python3.12/site-packages/airflow/example_dags/example_sensors.py for tasks to queue
[2025-03-31T15:16:43.705+0000] {logging_mixin.py:190} INFO - [2025-03-31T15:16:43.704+0000] {dagbag.py:588} INFO - Filling up the DagBag from /home/airflow/.local/lib/python3.12/site-packages/airflow/example_dags/example_sensors.py
[2025-03-31T15:16:43.758+0000] {processor.py:925} INFO - DAG(s) 'example_sensors' retrieved from /home/airflow/.local/lib/python3.12/site-packages/airflow/example_dags/example_sensors.py
[2025-03-31T15:16:43.857+0000] {logging_mixin.py:190} INFO - [2025-03-31T15:16:43.856+0000] {dag.py:3239} INFO - Sync 1 DAGs
[2025-03-31T15:16:43.904+0000] {logging_mixin.py:190} INFO - [2025-03-31T15:16:43.903+0000] {dag.py:4180} INFO - Setting next_dagrun for example_sensors to None, run_after=None
[2025-03-31T15:16:43.959+0000] {processor.py:208} INFO - Processing /home/airflow/.local/lib/python3.12/site-packages/airflow/example_dags/example_sensors.py took 0.274 seconds
[2025-03-31T15:17:19.985+0000] {processor.py:186} INFO - Started process (PID=57944) to work on /home/airflow/.local/lib/python3.12/site-packages/airflow/example_dags/example_sensors.py
[2025-03-31T15:17:19.987+0000] {processor.py:914} INFO - Processing file /home/airflow/.local/lib/python3.12/site-packages/airflow/example_dags/example_sensors.py for tasks to queue
[2025-03-31T15:17:19.991+0000] {logging_mixin.py:190} INFO - [2025-03-31T15:17:19.990+0000] {dagbag.py:588} INFO - Filling up the DagBag from /home/airflow/.local/lib/python3.12/site-packages/airflow/example_dags/example_sensors.py
[2025-03-31T15:17:20.024+0000] {processor.py:925} INFO - DAG(s) 'example_sensors' retrieved from /home/airflow/.local/lib/python3.12/site-packages/airflow/example_dags/example_sensors.py
[2025-03-31T15:17:20.113+0000] {logging_mixin.py:190} INFO - [2025-03-31T15:17:20.112+0000] {dag.py:3239} INFO - Sync 1 DAGs
[2025-03-31T15:17:20.186+0000] {logging_mixin.py:190} INFO - [2025-03-31T15:17:20.185+0000] {dag.py:4180} INFO - Setting next_dagrun for example_sensors to None, run_after=None
[2025-03-31T15:17:20.280+0000] {processor.py:208} INFO - Processing /home/airflow/.local/lib/python3.12/site-packages/airflow/example_dags/example_sensors.py took 0.309 seconds
[2025-03-31T15:17:50.698+0000] {processor.py:186} INFO - Started process (PID=58009) to work on /home/airflow/.local/lib/python3.12/site-packages/airflow/example_dags/example_sensors.py
[2025-03-31T15:17:50.701+0000] {processor.py:914} INFO - Processing file /home/airflow/.local/lib/python3.12/site-packages/airflow/example_dags/example_sensors.py for tasks to queue
[2025-03-31T15:17:50.706+0000] {logging_mixin.py:190} INFO - [2025-03-31T15:17:50.705+0000] {dagbag.py:588} INFO - Filling up the DagBag from /home/airflow/.local/lib/python3.12/site-packages/airflow/example_dags/example_sensors.py
[2025-03-31T15:17:50.730+0000] {processor.py:925} INFO - DAG(s) 'example_sensors' retrieved from /home/airflow/.local/lib/python3.12/site-packages/airflow/example_dags/example_sensors.py
[2025-03-31T15:17:50.818+0000] {logging_mixin.py:190} INFO - [2025-03-31T15:17:50.817+0000] {dag.py:3239} INFO - Sync 1 DAGs
[2025-03-31T15:17:50.861+0000] {logging_mixin.py:190} INFO - [2025-03-31T15:17:50.861+0000] {dag.py:4180} INFO - Setting next_dagrun for example_sensors to None, run_after=None
[2025-03-31T15:17:50.922+0000] {processor.py:208} INFO - Processing /home/airflow/.local/lib/python3.12/site-packages/airflow/example_dags/example_sensors.py took 0.236 seconds
[2025-03-31T15:18:21.716+0000] {processor.py:186} INFO - Started process (PID=58074) to work on /home/airflow/.local/lib/python3.12/site-packages/airflow/example_dags/example_sensors.py
[2025-03-31T15:18:21.718+0000] {processor.py:914} INFO - Processing file /home/airflow/.local/lib/python3.12/site-packages/airflow/example_dags/example_sensors.py for tasks to queue
[2025-03-31T15:18:21.720+0000] {logging_mixin.py:190} INFO - [2025-03-31T15:18:21.720+0000] {dagbag.py:588} INFO - Filling up the DagBag from /home/airflow/.local/lib/python3.12/site-packages/airflow/example_dags/example_sensors.py
[2025-03-31T15:18:21.740+0000] {processor.py:925} INFO - DAG(s) 'example_sensors' retrieved from /home/airflow/.local/lib/python3.12/site-packages/airflow/example_dags/example_sensors.py
[2025-03-31T15:18:21.802+0000] {logging_mixin.py:190} INFO - [2025-03-31T15:18:21.802+0000] {dag.py:3239} INFO - Sync 1 DAGs
[2025-03-31T15:18:21.831+0000] {logging_mixin.py:190} INFO - [2025-03-31T15:18:21.831+0000] {dag.py:4180} INFO - Setting next_dagrun for example_sensors to None, run_after=None
[2025-03-31T15:18:21.874+0000] {processor.py:208} INFO - Processing /home/airflow/.local/lib/python3.12/site-packages/airflow/example_dags/example_sensors.py took 0.168 seconds
[2025-03-31T15:18:53.948+0000] {processor.py:186} INFO - Started process (PID=58142) to work on /home/airflow/.local/lib/python3.12/site-packages/airflow/example_dags/example_sensors.py
[2025-03-31T15:18:53.950+0000] {processor.py:914} INFO - Processing file /home/airflow/.local/lib/python3.12/site-packages/airflow/example_dags/example_sensors.py for tasks to queue
[2025-03-31T15:18:53.954+0000] {logging_mixin.py:190} INFO - [2025-03-31T15:18:53.953+0000] {dagbag.py:588} INFO - Filling up the DagBag from /home/airflow/.local/lib/python3.12/site-packages/airflow/example_dags/example_sensors.py
[2025-03-31T15:18:53.981+0000] {processor.py:925} INFO - DAG(s) 'example_sensors' retrieved from /home/airflow/.local/lib/python3.12/site-packages/airflow/example_dags/example_sensors.py
[2025-03-31T15:18:54.061+0000] {logging_mixin.py:190} INFO - [2025-03-31T15:18:54.061+0000] {dag.py:3239} INFO - Sync 1 DAGs
[2025-03-31T15:18:54.097+0000] {logging_mixin.py:190} INFO - [2025-03-31T15:18:54.096+0000] {dag.py:4180} INFO - Setting next_dagrun for example_sensors to None, run_after=None
[2025-03-31T15:18:54.152+0000] {processor.py:208} INFO - Processing /home/airflow/.local/lib/python3.12/site-packages/airflow/example_dags/example_sensors.py took 0.218 seconds
[2025-03-31T15:19:25.703+0000] {processor.py:186} INFO - Started process (PID=58210) to work on /home/airflow/.local/lib/python3.12/site-packages/airflow/example_dags/example_sensors.py
[2025-03-31T15:19:25.706+0000] {processor.py:914} INFO - Processing file /home/airflow/.local/lib/python3.12/site-packages/airflow/example_dags/example_sensors.py for tasks to queue
[2025-03-31T15:19:25.711+0000] {logging_mixin.py:190} INFO - [2025-03-31T15:19:25.710+0000] {dagbag.py:588} INFO - Filling up the DagBag from /home/airflow/.local/lib/python3.12/site-packages/airflow/example_dags/example_sensors.py
[2025-03-31T15:19:25.746+0000] {processor.py:925} INFO - DAG(s) 'example_sensors' retrieved from /home/airflow/.local/lib/python3.12/site-packages/airflow/example_dags/example_sensors.py
[2025-03-31T15:19:25.827+0000] {logging_mixin.py:190} INFO - [2025-03-31T15:19:25.827+0000] {dag.py:3239} INFO - Sync 1 DAGs
[2025-03-31T15:19:25.876+0000] {logging_mixin.py:190} INFO - [2025-03-31T15:19:25.875+0000] {dag.py:4180} INFO - Setting next_dagrun for example_sensors to None, run_after=None
[2025-03-31T15:19:25.951+0000] {processor.py:208} INFO - Processing /home/airflow/.local/lib/python3.12/site-packages/airflow/example_dags/example_sensors.py took 0.267 seconds
[2025-03-31T15:19:56.646+0000] {processor.py:186} INFO - Started process (PID=58276) to work on /home/airflow/.local/lib/python3.12/site-packages/airflow/example_dags/example_sensors.py
[2025-03-31T15:19:56.649+0000] {processor.py:914} INFO - Processing file /home/airflow/.local/lib/python3.12/site-packages/airflow/example_dags/example_sensors.py for tasks to queue
[2025-03-31T15:19:56.652+0000] {logging_mixin.py:190} INFO - [2025-03-31T15:19:56.651+0000] {dagbag.py:588} INFO - Filling up the DagBag from /home/airflow/.local/lib/python3.12/site-packages/airflow/example_dags/example_sensors.py
[2025-03-31T15:19:56.679+0000] {processor.py:925} INFO - DAG(s) 'example_sensors' retrieved from /home/airflow/.local/lib/python3.12/site-packages/airflow/example_dags/example_sensors.py
[2025-03-31T15:19:56.744+0000] {logging_mixin.py:190} INFO - [2025-03-31T15:19:56.744+0000] {dag.py:3239} INFO - Sync 1 DAGs
[2025-03-31T15:19:56.773+0000] {logging_mixin.py:190} INFO - [2025-03-31T15:19:56.773+0000] {dag.py:4180} INFO - Setting next_dagrun for example_sensors to None, run_after=None
[2025-03-31T15:19:56.811+0000] {processor.py:208} INFO - Processing /home/airflow/.local/lib/python3.12/site-packages/airflow/example_dags/example_sensors.py took 0.178 seconds
[2025-03-31T15:20:28.271+0000] {processor.py:186} INFO - Started process (PID=58341) to work on /home/airflow/.local/lib/python3.12/site-packages/airflow/example_dags/example_sensors.py
[2025-03-31T15:20:28.274+0000] {processor.py:914} INFO - Processing file /home/airflow/.local/lib/python3.12/site-packages/airflow/example_dags/example_sensors.py for tasks to queue
[2025-03-31T15:20:28.289+0000] {logging_mixin.py:190} INFO - [2025-03-31T15:20:28.279+0000] {dagbag.py:588} INFO - Filling up the DagBag from /home/airflow/.local/lib/python3.12/site-packages/airflow/example_dags/example_sensors.py
[2025-03-31T15:20:28.367+0000] {processor.py:925} INFO - DAG(s) 'example_sensors' retrieved from /home/airflow/.local/lib/python3.12/site-packages/airflow/example_dags/example_sensors.py
[2025-03-31T15:20:28.441+0000] {logging_mixin.py:190} INFO - [2025-03-31T15:20:28.441+0000] {dag.py:3239} INFO - Sync 1 DAGs
[2025-03-31T15:20:28.486+0000] {logging_mixin.py:190} INFO - [2025-03-31T15:20:28.486+0000] {dag.py:4180} INFO - Setting next_dagrun for example_sensors to None, run_after=None
[2025-03-31T15:20:28.551+0000] {processor.py:208} INFO - Processing /home/airflow/.local/lib/python3.12/site-packages/airflow/example_dags/example_sensors.py took 0.301 seconds
[2025-03-31T15:20:59.441+0000] {processor.py:186} INFO - Started process (PID=58405) to work on /home/airflow/.local/lib/python3.12/site-packages/airflow/example_dags/example_sensors.py
[2025-03-31T15:20:59.443+0000] {processor.py:914} INFO - Processing file /home/airflow/.local/lib/python3.12/site-packages/airflow/example_dags/example_sensors.py for tasks to queue
[2025-03-31T15:20:59.446+0000] {logging_mixin.py:190} INFO - [2025-03-31T15:20:59.446+0000] {dagbag.py:588} INFO - Filling up the DagBag from /home/airflow/.local/lib/python3.12/site-packages/airflow/example_dags/example_sensors.py
[2025-03-31T15:20:59.473+0000] {processor.py:925} INFO - DAG(s) 'example_sensors' retrieved from /home/airflow/.local/lib/python3.12/site-packages/airflow/example_dags/example_sensors.py
[2025-03-31T15:20:59.531+0000] {logging_mixin.py:190} INFO - [2025-03-31T15:20:59.531+0000] {dag.py:3239} INFO - Sync 1 DAGs
[2025-03-31T15:20:59.571+0000] {logging_mixin.py:190} INFO - [2025-03-31T15:20:59.570+0000] {dag.py:4180} INFO - Setting next_dagrun for example_sensors to None, run_after=None
[2025-03-31T15:20:59.626+0000] {processor.py:208} INFO - Processing /home/airflow/.local/lib/python3.12/site-packages/airflow/example_dags/example_sensors.py took 0.198 seconds
[2025-03-31T15:21:30.863+0000] {processor.py:186} INFO - Started process (PID=58471) to work on /home/airflow/.local/lib/python3.12/site-packages/airflow/example_dags/example_sensors.py
[2025-03-31T15:21:30.864+0000] {processor.py:914} INFO - Processing file /home/airflow/.local/lib/python3.12/site-packages/airflow/example_dags/example_sensors.py for tasks to queue
[2025-03-31T15:21:30.867+0000] {logging_mixin.py:190} INFO - [2025-03-31T15:21:30.867+0000] {dagbag.py:588} INFO - Filling up the DagBag from /home/airflow/.local/lib/python3.12/site-packages/airflow/example_dags/example_sensors.py
[2025-03-31T15:21:30.887+0000] {processor.py:925} INFO - DAG(s) 'example_sensors' retrieved from /home/airflow/.local/lib/python3.12/site-packages/airflow/example_dags/example_sensors.py
[2025-03-31T15:21:30.936+0000] {logging_mixin.py:190} INFO - [2025-03-31T15:21:30.935+0000] {dag.py:3239} INFO - Sync 1 DAGs
[2025-03-31T15:21:30.964+0000] {logging_mixin.py:190} INFO - [2025-03-31T15:21:30.963+0000] {dag.py:4180} INFO - Setting next_dagrun for example_sensors to None, run_after=None
[2025-03-31T15:21:31.000+0000] {processor.py:208} INFO - Processing /home/airflow/.local/lib/python3.12/site-packages/airflow/example_dags/example_sensors.py took 0.151 seconds
[2025-03-31T15:22:01.277+0000] {processor.py:186} INFO - Started process (PID=58536) to work on /home/airflow/.local/lib/python3.12/site-packages/airflow/example_dags/example_sensors.py
[2025-03-31T15:22:01.279+0000] {processor.py:914} INFO - Processing file /home/airflow/.local/lib/python3.12/site-packages/airflow/example_dags/example_sensors.py for tasks to queue
[2025-03-31T15:22:01.282+0000] {logging_mixin.py:190} INFO - [2025-03-31T15:22:01.281+0000] {dagbag.py:588} INFO - Filling up the DagBag from /home/airflow/.local/lib/python3.12/site-packages/airflow/example_dags/example_sensors.py
[2025-03-31T15:22:01.310+0000] {processor.py:925} INFO - DAG(s) 'example_sensors' retrieved from /home/airflow/.local/lib/python3.12/site-packages/airflow/example_dags/example_sensors.py
[2025-03-31T15:22:01.364+0000] {logging_mixin.py:190} INFO - [2025-03-31T15:22:01.363+0000] {dag.py:3239} INFO - Sync 1 DAGs
[2025-03-31T15:22:01.390+0000] {logging_mixin.py:190} INFO - [2025-03-31T15:22:01.389+0000] {dag.py:4180} INFO - Setting next_dagrun for example_sensors to None, run_after=None
[2025-03-31T15:22:01.458+0000] {processor.py:208} INFO - Processing /home/airflow/.local/lib/python3.12/site-packages/airflow/example_dags/example_sensors.py took 0.193 seconds
[2025-03-31T15:22:32.481+0000] {processor.py:186} INFO - Started process (PID=58602) to work on /home/airflow/.local/lib/python3.12/site-packages/airflow/example_dags/example_sensors.py
[2025-03-31T15:22:32.483+0000] {processor.py:914} INFO - Processing file /home/airflow/.local/lib/python3.12/site-packages/airflow/example_dags/example_sensors.py for tasks to queue
[2025-03-31T15:22:32.486+0000] {logging_mixin.py:190} INFO - [2025-03-31T15:22:32.485+0000] {dagbag.py:588} INFO - Filling up the DagBag from /home/airflow/.local/lib/python3.12/site-packages/airflow/example_dags/example_sensors.py
[2025-03-31T15:22:32.506+0000] {processor.py:925} INFO - DAG(s) 'example_sensors' retrieved from /home/airflow/.local/lib/python3.12/site-packages/airflow/example_dags/example_sensors.py
[2025-03-31T15:22:32.546+0000] {logging_mixin.py:190} INFO - [2025-03-31T15:22:32.545+0000] {dag.py:3239} INFO - Sync 1 DAGs
[2025-03-31T15:22:32.568+0000] {logging_mixin.py:190} INFO - [2025-03-31T15:22:32.567+0000] {dag.py:4180} INFO - Setting next_dagrun for example_sensors to None, run_after=None
[2025-03-31T15:22:32.617+0000] {processor.py:208} INFO - Processing /home/airflow/.local/lib/python3.12/site-packages/airflow/example_dags/example_sensors.py took 0.146 seconds
[2025-03-31T15:23:02.899+0000] {processor.py:186} INFO - Started process (PID=58667) to work on /home/airflow/.local/lib/python3.12/site-packages/airflow/example_dags/example_sensors.py
[2025-03-31T15:23:02.901+0000] {processor.py:914} INFO - Processing file /home/airflow/.local/lib/python3.12/site-packages/airflow/example_dags/example_sensors.py for tasks to queue
[2025-03-31T15:23:02.903+0000] {logging_mixin.py:190} INFO - [2025-03-31T15:23:02.903+0000] {dagbag.py:588} INFO - Filling up the DagBag from /home/airflow/.local/lib/python3.12/site-packages/airflow/example_dags/example_sensors.py
[2025-03-31T15:23:02.929+0000] {processor.py:925} INFO - DAG(s) 'example_sensors' retrieved from /home/airflow/.local/lib/python3.12/site-packages/airflow/example_dags/example_sensors.py
[2025-03-31T15:23:02.975+0000] {logging_mixin.py:190} INFO - [2025-03-31T15:23:02.975+0000] {dag.py:3239} INFO - Sync 1 DAGs
[2025-03-31T15:23:02.999+0000] {logging_mixin.py:190} INFO - [2025-03-31T15:23:02.998+0000] {dag.py:4180} INFO - Setting next_dagrun for example_sensors to None, run_after=None
[2025-03-31T15:23:03.051+0000] {processor.py:208} INFO - Processing /home/airflow/.local/lib/python3.12/site-packages/airflow/example_dags/example_sensors.py took 0.165 seconds
[2025-03-31T15:23:33.519+0000] {processor.py:186} INFO - Started process (PID=58732) to work on /home/airflow/.local/lib/python3.12/site-packages/airflow/example_dags/example_sensors.py
[2025-03-31T15:23:33.521+0000] {processor.py:914} INFO - Processing file /home/airflow/.local/lib/python3.12/site-packages/airflow/example_dags/example_sensors.py for tasks to queue
[2025-03-31T15:23:33.523+0000] {logging_mixin.py:190} INFO - [2025-03-31T15:23:33.523+0000] {dagbag.py:588} INFO - Filling up the DagBag from /home/airflow/.local/lib/python3.12/site-packages/airflow/example_dags/example_sensors.py
[2025-03-31T15:23:33.563+0000] {processor.py:925} INFO - DAG(s) 'example_sensors' retrieved from /home/airflow/.local/lib/python3.12/site-packages/airflow/example_dags/example_sensors.py
[2025-03-31T15:23:33.629+0000] {logging_mixin.py:190} INFO - [2025-03-31T15:23:33.628+0000] {dag.py:3239} INFO - Sync 1 DAGs
[2025-03-31T15:23:33.657+0000] {logging_mixin.py:190} INFO - [2025-03-31T15:23:33.657+0000] {dag.py:4180} INFO - Setting next_dagrun for example_sensors to None, run_after=None
[2025-03-31T15:23:33.701+0000] {processor.py:208} INFO - Processing /home/airflow/.local/lib/python3.12/site-packages/airflow/example_dags/example_sensors.py took 0.195 seconds
[2025-03-31T15:24:04.502+0000] {processor.py:186} INFO - Started process (PID=58797) to work on /home/airflow/.local/lib/python3.12/site-packages/airflow/example_dags/example_sensors.py
[2025-03-31T15:24:04.504+0000] {processor.py:914} INFO - Processing file /home/airflow/.local/lib/python3.12/site-packages/airflow/example_dags/example_sensors.py for tasks to queue
[2025-03-31T15:24:04.506+0000] {logging_mixin.py:190} INFO - [2025-03-31T15:24:04.506+0000] {dagbag.py:588} INFO - Filling up the DagBag from /home/airflow/.local/lib/python3.12/site-packages/airflow/example_dags/example_sensors.py
[2025-03-31T15:24:04.524+0000] {processor.py:925} INFO - DAG(s) 'example_sensors' retrieved from /home/airflow/.local/lib/python3.12/site-packages/airflow/example_dags/example_sensors.py
[2025-03-31T15:24:04.568+0000] {logging_mixin.py:190} INFO - [2025-03-31T15:24:04.568+0000] {dag.py:3239} INFO - Sync 1 DAGs
[2025-03-31T15:24:04.594+0000] {logging_mixin.py:190} INFO - [2025-03-31T15:24:04.593+0000] {dag.py:4180} INFO - Setting next_dagrun for example_sensors to None, run_after=None
[2025-03-31T15:24:04.629+0000] {processor.py:208} INFO - Processing /home/airflow/.local/lib/python3.12/site-packages/airflow/example_dags/example_sensors.py took 0.136 seconds
[2025-03-31T15:24:34.975+0000] {processor.py:186} INFO - Started process (PID=58863) to work on /home/airflow/.local/lib/python3.12/site-packages/airflow/example_dags/example_sensors.py
[2025-03-31T15:24:34.977+0000] {processor.py:914} INFO - Processing file /home/airflow/.local/lib/python3.12/site-packages/airflow/example_dags/example_sensors.py for tasks to queue
[2025-03-31T15:24:34.980+0000] {logging_mixin.py:190} INFO - [2025-03-31T15:24:34.979+0000] {dagbag.py:588} INFO - Filling up the DagBag from /home/airflow/.local/lib/python3.12/site-packages/airflow/example_dags/example_sensors.py
[2025-03-31T15:24:35.005+0000] {processor.py:925} INFO - DAG(s) 'example_sensors' retrieved from /home/airflow/.local/lib/python3.12/site-packages/airflow/example_dags/example_sensors.py
[2025-03-31T15:24:35.077+0000] {logging_mixin.py:190} INFO - [2025-03-31T15:24:35.077+0000] {dag.py:3239} INFO - Sync 1 DAGs
[2025-03-31T15:24:35.108+0000] {logging_mixin.py:190} INFO - [2025-03-31T15:24:35.107+0000] {dag.py:4180} INFO - Setting next_dagrun for example_sensors to None, run_after=None
[2025-03-31T15:24:35.183+0000] {processor.py:208} INFO - Processing /home/airflow/.local/lib/python3.12/site-packages/airflow/example_dags/example_sensors.py took 0.221 seconds
[2025-03-31T15:25:05.579+0000] {processor.py:186} INFO - Started process (PID=58928) to work on /home/airflow/.local/lib/python3.12/site-packages/airflow/example_dags/example_sensors.py
[2025-03-31T15:25:05.581+0000] {processor.py:914} INFO - Processing file /home/airflow/.local/lib/python3.12/site-packages/airflow/example_dags/example_sensors.py for tasks to queue
[2025-03-31T15:25:05.584+0000] {logging_mixin.py:190} INFO - [2025-03-31T15:25:05.583+0000] {dagbag.py:588} INFO - Filling up the DagBag from /home/airflow/.local/lib/python3.12/site-packages/airflow/example_dags/example_sensors.py
[2025-03-31T15:25:05.608+0000] {processor.py:925} INFO - DAG(s) 'example_sensors' retrieved from /home/airflow/.local/lib/python3.12/site-packages/airflow/example_dags/example_sensors.py
[2025-03-31T15:25:05.661+0000] {logging_mixin.py:190} INFO - [2025-03-31T15:25:05.661+0000] {dag.py:3239} INFO - Sync 1 DAGs
[2025-03-31T15:25:05.687+0000] {logging_mixin.py:190} INFO - [2025-03-31T15:25:05.686+0000] {dag.py:4180} INFO - Setting next_dagrun for example_sensors to None, run_after=None
[2025-03-31T15:25:05.728+0000] {processor.py:208} INFO - Processing /home/airflow/.local/lib/python3.12/site-packages/airflow/example_dags/example_sensors.py took 0.161 seconds
[2025-03-31T15:25:36.462+0000] {processor.py:186} INFO - Started process (PID=58993) to work on /home/airflow/.local/lib/python3.12/site-packages/airflow/example_dags/example_sensors.py
[2025-03-31T15:25:36.464+0000] {processor.py:914} INFO - Processing file /home/airflow/.local/lib/python3.12/site-packages/airflow/example_dags/example_sensors.py for tasks to queue
[2025-03-31T15:25:36.467+0000] {logging_mixin.py:190} INFO - [2025-03-31T15:25:36.466+0000] {dagbag.py:588} INFO - Filling up the DagBag from /home/airflow/.local/lib/python3.12/site-packages/airflow/example_dags/example_sensors.py
[2025-03-31T15:25:36.485+0000] {processor.py:925} INFO - DAG(s) 'example_sensors' retrieved from /home/airflow/.local/lib/python3.12/site-packages/airflow/example_dags/example_sensors.py
[2025-03-31T15:25:36.531+0000] {logging_mixin.py:190} INFO - [2025-03-31T15:25:36.531+0000] {dag.py:3239} INFO - Sync 1 DAGs
[2025-03-31T15:25:36.558+0000] {logging_mixin.py:190} INFO - [2025-03-31T15:25:36.557+0000] {dag.py:4180} INFO - Setting next_dagrun for example_sensors to None, run_after=None
[2025-03-31T15:25:36.600+0000] {processor.py:208} INFO - Processing /home/airflow/.local/lib/python3.12/site-packages/airflow/example_dags/example_sensors.py took 0.147 seconds
[2025-03-31T15:26:07.875+0000] {processor.py:186} INFO - Started process (PID=59061) to work on /home/airflow/.local/lib/python3.12/site-packages/airflow/example_dags/example_sensors.py
[2025-03-31T15:26:07.876+0000] {processor.py:914} INFO - Processing file /home/airflow/.local/lib/python3.12/site-packages/airflow/example_dags/example_sensors.py for tasks to queue
[2025-03-31T15:26:07.879+0000] {logging_mixin.py:190} INFO - [2025-03-31T15:26:07.878+0000] {dagbag.py:588} INFO - Filling up the DagBag from /home/airflow/.local/lib/python3.12/site-packages/airflow/example_dags/example_sensors.py
[2025-03-31T15:26:07.899+0000] {processor.py:925} INFO - DAG(s) 'example_sensors' retrieved from /home/airflow/.local/lib/python3.12/site-packages/airflow/example_dags/example_sensors.py
[2025-03-31T15:26:07.942+0000] {logging_mixin.py:190} INFO - [2025-03-31T15:26:07.941+0000] {dag.py:3239} INFO - Sync 1 DAGs
[2025-03-31T15:26:07.966+0000] {logging_mixin.py:190} INFO - [2025-03-31T15:26:07.966+0000] {dag.py:4180} INFO - Setting next_dagrun for example_sensors to None, run_after=None
[2025-03-31T15:26:08.012+0000] {processor.py:208} INFO - Processing /home/airflow/.local/lib/python3.12/site-packages/airflow/example_dags/example_sensors.py took 0.148 seconds
[2025-03-31T15:26:39.617+0000] {processor.py:186} INFO - Started process (PID=59133) to work on /home/airflow/.local/lib/python3.12/site-packages/airflow/example_dags/example_sensors.py
[2025-03-31T15:26:39.619+0000] {processor.py:914} INFO - Processing file /home/airflow/.local/lib/python3.12/site-packages/airflow/example_dags/example_sensors.py for tasks to queue
[2025-03-31T15:26:39.621+0000] {logging_mixin.py:190} INFO - [2025-03-31T15:26:39.621+0000] {dagbag.py:588} INFO - Filling up the DagBag from /home/airflow/.local/lib/python3.12/site-packages/airflow/example_dags/example_sensors.py
[2025-03-31T15:26:39.641+0000] {processor.py:925} INFO - DAG(s) 'example_sensors' retrieved from /home/airflow/.local/lib/python3.12/site-packages/airflow/example_dags/example_sensors.py
[2025-03-31T15:26:39.695+0000] {logging_mixin.py:190} INFO - [2025-03-31T15:26:39.694+0000] {dag.py:3239} INFO - Sync 1 DAGs
[2025-03-31T15:26:39.723+0000] {logging_mixin.py:190} INFO - [2025-03-31T15:26:39.723+0000] {dag.py:4180} INFO - Setting next_dagrun for example_sensors to None, run_after=None
[2025-03-31T15:26:39.783+0000] {processor.py:208} INFO - Processing /home/airflow/.local/lib/python3.12/site-packages/airflow/example_dags/example_sensors.py took 0.177 seconds
[2025-03-31T15:27:10.539+0000] {processor.py:186} INFO - Started process (PID=59198) to work on /home/airflow/.local/lib/python3.12/site-packages/airflow/example_dags/example_sensors.py
[2025-03-31T15:27:10.547+0000] {processor.py:914} INFO - Processing file /home/airflow/.local/lib/python3.12/site-packages/airflow/example_dags/example_sensors.py for tasks to queue
[2025-03-31T15:27:10.551+0000] {logging_mixin.py:190} INFO - [2025-03-31T15:27:10.550+0000] {dagbag.py:588} INFO - Filling up the DagBag from /home/airflow/.local/lib/python3.12/site-packages/airflow/example_dags/example_sensors.py
[2025-03-31T15:27:10.585+0000] {processor.py:925} INFO - DAG(s) 'example_sensors' retrieved from /home/airflow/.local/lib/python3.12/site-packages/airflow/example_dags/example_sensors.py
[2025-03-31T15:27:10.660+0000] {logging_mixin.py:190} INFO - [2025-03-31T15:27:10.660+0000] {dag.py:3239} INFO - Sync 1 DAGs
[2025-03-31T15:27:10.707+0000] {logging_mixin.py:190} INFO - [2025-03-31T15:27:10.706+0000] {dag.py:4180} INFO - Setting next_dagrun for example_sensors to None, run_after=None
[2025-03-31T15:27:10.781+0000] {processor.py:208} INFO - Processing /home/airflow/.local/lib/python3.12/site-packages/airflow/example_dags/example_sensors.py took 0.262 seconds
[2025-03-31T15:27:40.918+0000] {processor.py:186} INFO - Started process (PID=59262) to work on /home/airflow/.local/lib/python3.12/site-packages/airflow/example_dags/example_sensors.py
[2025-03-31T15:27:40.920+0000] {processor.py:914} INFO - Processing file /home/airflow/.local/lib/python3.12/site-packages/airflow/example_dags/example_sensors.py for tasks to queue
[2025-03-31T15:27:40.923+0000] {logging_mixin.py:190} INFO - [2025-03-31T15:27:40.922+0000] {dagbag.py:588} INFO - Filling up the DagBag from /home/airflow/.local/lib/python3.12/site-packages/airflow/example_dags/example_sensors.py
[2025-03-31T15:27:40.948+0000] {processor.py:925} INFO - DAG(s) 'example_sensors' retrieved from /home/airflow/.local/lib/python3.12/site-packages/airflow/example_dags/example_sensors.py
[2025-03-31T15:27:40.994+0000] {logging_mixin.py:190} INFO - [2025-03-31T15:27:40.994+0000] {dag.py:3239} INFO - Sync 1 DAGs
[2025-03-31T15:27:41.019+0000] {logging_mixin.py:190} INFO - [2025-03-31T15:27:41.019+0000] {dag.py:4180} INFO - Setting next_dagrun for example_sensors to None, run_after=None
[2025-03-31T15:27:41.055+0000] {processor.py:208} INFO - Processing /home/airflow/.local/lib/python3.12/site-packages/airflow/example_dags/example_sensors.py took 0.147 seconds
[2025-03-31T15:28:11.314+0000] {processor.py:186} INFO - Started process (PID=59327) to work on /home/airflow/.local/lib/python3.12/site-packages/airflow/example_dags/example_sensors.py
[2025-03-31T15:28:11.316+0000] {processor.py:914} INFO - Processing file /home/airflow/.local/lib/python3.12/site-packages/airflow/example_dags/example_sensors.py for tasks to queue
[2025-03-31T15:28:11.318+0000] {logging_mixin.py:190} INFO - [2025-03-31T15:28:11.318+0000] {dagbag.py:588} INFO - Filling up the DagBag from /home/airflow/.local/lib/python3.12/site-packages/airflow/example_dags/example_sensors.py
[2025-03-31T15:28:11.337+0000] {processor.py:925} INFO - DAG(s) 'example_sensors' retrieved from /home/airflow/.local/lib/python3.12/site-packages/airflow/example_dags/example_sensors.py
[2025-03-31T15:28:11.384+0000] {logging_mixin.py:190} INFO - [2025-03-31T15:28:11.383+0000] {dag.py:3239} INFO - Sync 1 DAGs
[2025-03-31T15:28:11.406+0000] {logging_mixin.py:190} INFO - [2025-03-31T15:28:11.405+0000] {dag.py:4180} INFO - Setting next_dagrun for example_sensors to None, run_after=None
[2025-03-31T15:28:11.443+0000] {processor.py:208} INFO - Processing /home/airflow/.local/lib/python3.12/site-packages/airflow/example_dags/example_sensors.py took 0.137 seconds
[2025-03-31T15:28:41.742+0000] {processor.py:186} INFO - Started process (PID=59392) to work on /home/airflow/.local/lib/python3.12/site-packages/airflow/example_dags/example_sensors.py
[2025-03-31T15:28:41.744+0000] {processor.py:914} INFO - Processing file /home/airflow/.local/lib/python3.12/site-packages/airflow/example_dags/example_sensors.py for tasks to queue
[2025-03-31T15:28:41.747+0000] {logging_mixin.py:190} INFO - [2025-03-31T15:28:41.746+0000] {dagbag.py:588} INFO - Filling up the DagBag from /home/airflow/.local/lib/python3.12/site-packages/airflow/example_dags/example_sensors.py
[2025-03-31T15:28:41.767+0000] {processor.py:925} INFO - DAG(s) 'example_sensors' retrieved from /home/airflow/.local/lib/python3.12/site-packages/airflow/example_dags/example_sensors.py
[2025-03-31T15:28:41.831+0000] {logging_mixin.py:190} INFO - [2025-03-31T15:28:41.830+0000] {dag.py:3239} INFO - Sync 1 DAGs
[2025-03-31T15:28:41.861+0000] {logging_mixin.py:190} INFO - [2025-03-31T15:28:41.861+0000] {dag.py:4180} INFO - Setting next_dagrun for example_sensors to None, run_after=None
[2025-03-31T15:28:41.901+0000] {processor.py:208} INFO - Processing /home/airflow/.local/lib/python3.12/site-packages/airflow/example_dags/example_sensors.py took 0.170 seconds
[2025-03-31T15:29:12.409+0000] {processor.py:186} INFO - Started process (PID=59457) to work on /home/airflow/.local/lib/python3.12/site-packages/airflow/example_dags/example_sensors.py
[2025-03-31T15:29:12.411+0000] {processor.py:914} INFO - Processing file /home/airflow/.local/lib/python3.12/site-packages/airflow/example_dags/example_sensors.py for tasks to queue
[2025-03-31T15:29:12.413+0000] {logging_mixin.py:190} INFO - [2025-03-31T15:29:12.413+0000] {dagbag.py:588} INFO - Filling up the DagBag from /home/airflow/.local/lib/python3.12/site-packages/airflow/example_dags/example_sensors.py
[2025-03-31T15:29:12.433+0000] {processor.py:925} INFO - DAG(s) 'example_sensors' retrieved from /home/airflow/.local/lib/python3.12/site-packages/airflow/example_dags/example_sensors.py
[2025-03-31T15:29:12.485+0000] {logging_mixin.py:190} INFO - [2025-03-31T15:29:12.484+0000] {dag.py:3239} INFO - Sync 1 DAGs
[2025-03-31T15:29:12.522+0000] {logging_mixin.py:190} INFO - [2025-03-31T15:29:12.522+0000] {dag.py:4180} INFO - Setting next_dagrun for example_sensors to None, run_after=None
[2025-03-31T15:29:12.562+0000] {processor.py:208} INFO - Processing /home/airflow/.local/lib/python3.12/site-packages/airflow/example_dags/example_sensors.py took 0.162 seconds
[2025-03-31T15:29:42.673+0000] {processor.py:186} INFO - Started process (PID=59521) to work on /home/airflow/.local/lib/python3.12/site-packages/airflow/example_dags/example_sensors.py
[2025-03-31T15:29:42.675+0000] {processor.py:914} INFO - Processing file /home/airflow/.local/lib/python3.12/site-packages/airflow/example_dags/example_sensors.py for tasks to queue
[2025-03-31T15:29:42.678+0000] {logging_mixin.py:190} INFO - [2025-03-31T15:29:42.677+0000] {dagbag.py:588} INFO - Filling up the DagBag from /home/airflow/.local/lib/python3.12/site-packages/airflow/example_dags/example_sensors.py
[2025-03-31T15:29:42.702+0000] {processor.py:925} INFO - DAG(s) 'example_sensors' retrieved from /home/airflow/.local/lib/python3.12/site-packages/airflow/example_dags/example_sensors.py
[2025-03-31T15:29:42.767+0000] {logging_mixin.py:190} INFO - [2025-03-31T15:29:42.766+0000] {dag.py:3239} INFO - Sync 1 DAGs
[2025-03-31T15:29:42.812+0000] {logging_mixin.py:190} INFO - [2025-03-31T15:29:42.812+0000] {dag.py:4180} INFO - Setting next_dagrun for example_sensors to None, run_after=None
[2025-03-31T15:29:42.873+0000] {processor.py:208} INFO - Processing /home/airflow/.local/lib/python3.12/site-packages/airflow/example_dags/example_sensors.py took 0.210 seconds
[2025-03-31T15:30:13.699+0000] {processor.py:186} INFO - Started process (PID=59586) to work on /home/airflow/.local/lib/python3.12/site-packages/airflow/example_dags/example_sensors.py
[2025-03-31T15:30:13.701+0000] {processor.py:914} INFO - Processing file /home/airflow/.local/lib/python3.12/site-packages/airflow/example_dags/example_sensors.py for tasks to queue
[2025-03-31T15:30:13.703+0000] {logging_mixin.py:190} INFO - [2025-03-31T15:30:13.703+0000] {dagbag.py:588} INFO - Filling up the DagBag from /home/airflow/.local/lib/python3.12/site-packages/airflow/example_dags/example_sensors.py
[2025-03-31T15:30:13.723+0000] {processor.py:925} INFO - DAG(s) 'example_sensors' retrieved from /home/airflow/.local/lib/python3.12/site-packages/airflow/example_dags/example_sensors.py
[2025-03-31T15:30:13.775+0000] {logging_mixin.py:190} INFO - [2025-03-31T15:30:13.775+0000] {dag.py:3239} INFO - Sync 1 DAGs
[2025-03-31T15:30:13.810+0000] {logging_mixin.py:190} INFO - [2025-03-31T15:30:13.809+0000] {dag.py:4180} INFO - Setting next_dagrun for example_sensors to None, run_after=None
[2025-03-31T15:30:13.852+0000] {processor.py:208} INFO - Processing /home/airflow/.local/lib/python3.12/site-packages/airflow/example_dags/example_sensors.py took 0.162 seconds
[2025-03-31T15:30:44.035+0000] {processor.py:186} INFO - Started process (PID=59651) to work on /home/airflow/.local/lib/python3.12/site-packages/airflow/example_dags/example_sensors.py
[2025-03-31T15:30:44.037+0000] {processor.py:914} INFO - Processing file /home/airflow/.local/lib/python3.12/site-packages/airflow/example_dags/example_sensors.py for tasks to queue
[2025-03-31T15:30:44.040+0000] {logging_mixin.py:190} INFO - [2025-03-31T15:30:44.039+0000] {dagbag.py:588} INFO - Filling up the DagBag from /home/airflow/.local/lib/python3.12/site-packages/airflow/example_dags/example_sensors.py
[2025-03-31T15:30:44.064+0000] {processor.py:925} INFO - DAG(s) 'example_sensors' retrieved from /home/airflow/.local/lib/python3.12/site-packages/airflow/example_dags/example_sensors.py
[2025-03-31T15:30:44.120+0000] {logging_mixin.py:190} INFO - [2025-03-31T15:30:44.120+0000] {dag.py:3239} INFO - Sync 1 DAGs
[2025-03-31T15:30:44.151+0000] {logging_mixin.py:190} INFO - [2025-03-31T15:30:44.151+0000] {dag.py:4180} INFO - Setting next_dagrun for example_sensors to None, run_after=None
[2025-03-31T15:30:44.199+0000] {processor.py:208} INFO - Processing /home/airflow/.local/lib/python3.12/site-packages/airflow/example_dags/example_sensors.py took 0.176 seconds
[2025-03-31T15:31:15.096+0000] {processor.py:186} INFO - Started process (PID=59716) to work on /home/airflow/.local/lib/python3.12/site-packages/airflow/example_dags/example_sensors.py
[2025-03-31T15:31:15.098+0000] {processor.py:914} INFO - Processing file /home/airflow/.local/lib/python3.12/site-packages/airflow/example_dags/example_sensors.py for tasks to queue
[2025-03-31T15:31:15.100+0000] {logging_mixin.py:190} INFO - [2025-03-31T15:31:15.099+0000] {dagbag.py:588} INFO - Filling up the DagBag from /home/airflow/.local/lib/python3.12/site-packages/airflow/example_dags/example_sensors.py
[2025-03-31T15:31:15.121+0000] {processor.py:925} INFO - DAG(s) 'example_sensors' retrieved from /home/airflow/.local/lib/python3.12/site-packages/airflow/example_dags/example_sensors.py
[2025-03-31T15:31:15.173+0000] {logging_mixin.py:190} INFO - [2025-03-31T15:31:15.173+0000] {dag.py:3239} INFO - Sync 1 DAGs
[2025-03-31T15:31:15.198+0000] {logging_mixin.py:190} INFO - [2025-03-31T15:31:15.197+0000] {dag.py:4180} INFO - Setting next_dagrun for example_sensors to None, run_after=None
[2025-03-31T15:31:15.232+0000] {processor.py:208} INFO - Processing /home/airflow/.local/lib/python3.12/site-packages/airflow/example_dags/example_sensors.py took 0.148 seconds
[2025-03-31T15:31:45.924+0000] {processor.py:186} INFO - Started process (PID=59781) to work on /home/airflow/.local/lib/python3.12/site-packages/airflow/example_dags/example_sensors.py
[2025-03-31T15:31:45.926+0000] {processor.py:914} INFO - Processing file /home/airflow/.local/lib/python3.12/site-packages/airflow/example_dags/example_sensors.py for tasks to queue
[2025-03-31T15:31:45.930+0000] {logging_mixin.py:190} INFO - [2025-03-31T15:31:45.929+0000] {dagbag.py:588} INFO - Filling up the DagBag from /home/airflow/.local/lib/python3.12/site-packages/airflow/example_dags/example_sensors.py
[2025-03-31T15:31:45.954+0000] {processor.py:925} INFO - DAG(s) 'example_sensors' retrieved from /home/airflow/.local/lib/python3.12/site-packages/airflow/example_dags/example_sensors.py
[2025-03-31T15:31:46.001+0000] {logging_mixin.py:190} INFO - [2025-03-31T15:31:46.001+0000] {dag.py:3239} INFO - Sync 1 DAGs
[2025-03-31T15:31:46.027+0000] {logging_mixin.py:190} INFO - [2025-03-31T15:31:46.026+0000] {dag.py:4180} INFO - Setting next_dagrun for example_sensors to None, run_after=None
[2025-03-31T15:31:46.062+0000] {processor.py:208} INFO - Processing /home/airflow/.local/lib/python3.12/site-packages/airflow/example_dags/example_sensors.py took 0.147 seconds
[2025-03-31T15:32:16.284+0000] {processor.py:186} INFO - Started process (PID=59844) to work on /home/airflow/.local/lib/python3.12/site-packages/airflow/example_dags/example_sensors.py
[2025-03-31T15:32:16.285+0000] {processor.py:914} INFO - Processing file /home/airflow/.local/lib/python3.12/site-packages/airflow/example_dags/example_sensors.py for tasks to queue
[2025-03-31T15:32:16.287+0000] {logging_mixin.py:190} INFO - [2025-03-31T15:32:16.287+0000] {dagbag.py:588} INFO - Filling up the DagBag from /home/airflow/.local/lib/python3.12/site-packages/airflow/example_dags/example_sensors.py
[2025-03-31T15:32:16.306+0000] {processor.py:925} INFO - DAG(s) 'example_sensors' retrieved from /home/airflow/.local/lib/python3.12/site-packages/airflow/example_dags/example_sensors.py
[2025-03-31T15:32:16.350+0000] {logging_mixin.py:190} INFO - [2025-03-31T15:32:16.349+0000] {dag.py:3239} INFO - Sync 1 DAGs
[2025-03-31T15:32:16.373+0000] {logging_mixin.py:190} INFO - [2025-03-31T15:32:16.373+0000] {dag.py:4180} INFO - Setting next_dagrun for example_sensors to None, run_after=None
[2025-03-31T15:32:16.419+0000] {processor.py:208} INFO - Processing /home/airflow/.local/lib/python3.12/site-packages/airflow/example_dags/example_sensors.py took 0.146 seconds
[2025-03-31T15:32:48.708+0000] {processor.py:186} INFO - Started process (PID=59910) to work on /home/airflow/.local/lib/python3.12/site-packages/airflow/example_dags/example_sensors.py
[2025-03-31T15:32:48.713+0000] {processor.py:914} INFO - Processing file /home/airflow/.local/lib/python3.12/site-packages/airflow/example_dags/example_sensors.py for tasks to queue
[2025-03-31T15:32:48.724+0000] {logging_mixin.py:190} INFO - [2025-03-31T15:32:48.723+0000] {dagbag.py:588} INFO - Filling up the DagBag from /home/airflow/.local/lib/python3.12/site-packages/airflow/example_dags/example_sensors.py
[2025-03-31T15:32:48.788+0000] {processor.py:925} INFO - DAG(s) 'example_sensors' retrieved from /home/airflow/.local/lib/python3.12/site-packages/airflow/example_dags/example_sensors.py
[2025-03-31T15:32:48.853+0000] {logging_mixin.py:190} INFO - [2025-03-31T15:32:48.853+0000] {dag.py:3239} INFO - Sync 1 DAGs
[2025-03-31T15:32:49.199+0000] {logging_mixin.py:190} INFO - [2025-03-31T15:32:49.199+0000] {dag.py:4180} INFO - Setting next_dagrun for example_sensors to None, run_after=None
[2025-03-31T15:32:49.243+0000] {processor.py:208} INFO - Processing /home/airflow/.local/lib/python3.12/site-packages/airflow/example_dags/example_sensors.py took 0.553 seconds
[2025-03-31T15:33:19.936+0000] {processor.py:186} INFO - Started process (PID=59975) to work on /home/airflow/.local/lib/python3.12/site-packages/airflow/example_dags/example_sensors.py
[2025-03-31T15:33:19.939+0000] {processor.py:914} INFO - Processing file /home/airflow/.local/lib/python3.12/site-packages/airflow/example_dags/example_sensors.py for tasks to queue
[2025-03-31T15:33:19.944+0000] {logging_mixin.py:190} INFO - [2025-03-31T15:33:19.943+0000] {dagbag.py:588} INFO - Filling up the DagBag from /home/airflow/.local/lib/python3.12/site-packages/airflow/example_dags/example_sensors.py
[2025-03-31T15:33:19.969+0000] {processor.py:925} INFO - DAG(s) 'example_sensors' retrieved from /home/airflow/.local/lib/python3.12/site-packages/airflow/example_dags/example_sensors.py
[2025-03-31T15:33:20.035+0000] {logging_mixin.py:190} INFO - [2025-03-31T15:33:20.034+0000] {dag.py:3239} INFO - Sync 1 DAGs
[2025-03-31T15:33:20.077+0000] {logging_mixin.py:190} INFO - [2025-03-31T15:33:20.077+0000] {dag.py:4180} INFO - Setting next_dagrun for example_sensors to None, run_after=None
[2025-03-31T15:33:20.138+0000] {processor.py:208} INFO - Processing /home/airflow/.local/lib/python3.12/site-packages/airflow/example_dags/example_sensors.py took 0.219 seconds
[2025-03-31T15:33:50.365+0000] {processor.py:186} INFO - Started process (PID=60040) to work on /home/airflow/.local/lib/python3.12/site-packages/airflow/example_dags/example_sensors.py
[2025-03-31T15:33:50.367+0000] {processor.py:914} INFO - Processing file /home/airflow/.local/lib/python3.12/site-packages/airflow/example_dags/example_sensors.py for tasks to queue
[2025-03-31T15:33:50.370+0000] {logging_mixin.py:190} INFO - [2025-03-31T15:33:50.369+0000] {dagbag.py:588} INFO - Filling up the DagBag from /home/airflow/.local/lib/python3.12/site-packages/airflow/example_dags/example_sensors.py
[2025-03-31T15:33:50.399+0000] {processor.py:925} INFO - DAG(s) 'example_sensors' retrieved from /home/airflow/.local/lib/python3.12/site-packages/airflow/example_dags/example_sensors.py
[2025-03-31T15:33:50.448+0000] {logging_mixin.py:190} INFO - [2025-03-31T15:33:50.448+0000] {dag.py:3239} INFO - Sync 1 DAGs
[2025-03-31T15:33:50.479+0000] {logging_mixin.py:190} INFO - [2025-03-31T15:33:50.479+0000] {dag.py:4180} INFO - Setting next_dagrun for example_sensors to None, run_after=None
[2025-03-31T15:33:50.524+0000] {processor.py:208} INFO - Processing /home/airflow/.local/lib/python3.12/site-packages/airflow/example_dags/example_sensors.py took 0.170 seconds
[2025-03-31T15:34:20.966+0000] {processor.py:186} INFO - Started process (PID=60105) to work on /home/airflow/.local/lib/python3.12/site-packages/airflow/example_dags/example_sensors.py
[2025-03-31T15:34:20.968+0000] {processor.py:914} INFO - Processing file /home/airflow/.local/lib/python3.12/site-packages/airflow/example_dags/example_sensors.py for tasks to queue
[2025-03-31T15:34:20.971+0000] {logging_mixin.py:190} INFO - [2025-03-31T15:34:20.970+0000] {dagbag.py:588} INFO - Filling up the DagBag from /home/airflow/.local/lib/python3.12/site-packages/airflow/example_dags/example_sensors.py
[2025-03-31T15:34:20.992+0000] {processor.py:925} INFO - DAG(s) 'example_sensors' retrieved from /home/airflow/.local/lib/python3.12/site-packages/airflow/example_dags/example_sensors.py
[2025-03-31T15:34:21.267+0000] {logging_mixin.py:190} INFO - [2025-03-31T15:34:21.267+0000] {dag.py:3239} INFO - Sync 1 DAGs
[2025-03-31T15:34:21.288+0000] {logging_mixin.py:190} INFO - [2025-03-31T15:34:21.288+0000] {dag.py:4180} INFO - Setting next_dagrun for example_sensors to None, run_after=None
[2025-03-31T15:34:21.323+0000] {processor.py:208} INFO - Processing /home/airflow/.local/lib/python3.12/site-packages/airflow/example_dags/example_sensors.py took 0.366 seconds
[2025-03-31T15:34:53.103+0000] {processor.py:186} INFO - Started process (PID=60171) to work on /home/airflow/.local/lib/python3.12/site-packages/airflow/example_dags/example_sensors.py
[2025-03-31T15:34:53.105+0000] {processor.py:914} INFO - Processing file /home/airflow/.local/lib/python3.12/site-packages/airflow/example_dags/example_sensors.py for tasks to queue
[2025-03-31T15:34:53.108+0000] {logging_mixin.py:190} INFO - [2025-03-31T15:34:53.107+0000] {dagbag.py:588} INFO - Filling up the DagBag from /home/airflow/.local/lib/python3.12/site-packages/airflow/example_dags/example_sensors.py
[2025-03-31T15:34:53.135+0000] {processor.py:925} INFO - DAG(s) 'example_sensors' retrieved from /home/airflow/.local/lib/python3.12/site-packages/airflow/example_dags/example_sensors.py
[2025-03-31T15:34:53.200+0000] {logging_mixin.py:190} INFO - [2025-03-31T15:34:53.200+0000] {dag.py:3239} INFO - Sync 1 DAGs
[2025-03-31T15:34:53.549+0000] {logging_mixin.py:190} INFO - [2025-03-31T15:34:53.549+0000] {dag.py:4180} INFO - Setting next_dagrun for example_sensors to None, run_after=None
[2025-03-31T15:34:53.589+0000] {processor.py:208} INFO - Processing /home/airflow/.local/lib/python3.12/site-packages/airflow/example_dags/example_sensors.py took 0.495 seconds
[2025-03-31T15:35:24.051+0000] {processor.py:186} INFO - Started process (PID=60236) to work on /home/airflow/.local/lib/python3.12/site-packages/airflow/example_dags/example_sensors.py
[2025-03-31T15:35:24.053+0000] {processor.py:914} INFO - Processing file /home/airflow/.local/lib/python3.12/site-packages/airflow/example_dags/example_sensors.py for tasks to queue
[2025-03-31T15:35:24.055+0000] {logging_mixin.py:190} INFO - [2025-03-31T15:35:24.055+0000] {dagbag.py:588} INFO - Filling up the DagBag from /home/airflow/.local/lib/python3.12/site-packages/airflow/example_dags/example_sensors.py
[2025-03-31T15:35:24.083+0000] {processor.py:925} INFO - DAG(s) 'example_sensors' retrieved from /home/airflow/.local/lib/python3.12/site-packages/airflow/example_dags/example_sensors.py
[2025-03-31T15:35:24.141+0000] {logging_mixin.py:190} INFO - [2025-03-31T15:35:24.140+0000] {dag.py:3239} INFO - Sync 1 DAGs
[2025-03-31T15:35:24.174+0000] {logging_mixin.py:190} INFO - [2025-03-31T15:35:24.174+0000] {dag.py:4180} INFO - Setting next_dagrun for example_sensors to None, run_after=None
[2025-03-31T15:35:24.229+0000] {processor.py:208} INFO - Processing /home/airflow/.local/lib/python3.12/site-packages/airflow/example_dags/example_sensors.py took 0.189 seconds
[2025-03-31T15:35:54.814+0000] {processor.py:186} INFO - Started process (PID=60299) to work on /home/airflow/.local/lib/python3.12/site-packages/airflow/example_dags/example_sensors.py
[2025-03-31T15:35:54.816+0000] {processor.py:914} INFO - Processing file /home/airflow/.local/lib/python3.12/site-packages/airflow/example_dags/example_sensors.py for tasks to queue
[2025-03-31T15:35:54.818+0000] {logging_mixin.py:190} INFO - [2025-03-31T15:35:54.818+0000] {dagbag.py:588} INFO - Filling up the DagBag from /home/airflow/.local/lib/python3.12/site-packages/airflow/example_dags/example_sensors.py
[2025-03-31T15:35:54.836+0000] {processor.py:925} INFO - DAG(s) 'example_sensors' retrieved from /home/airflow/.local/lib/python3.12/site-packages/airflow/example_dags/example_sensors.py
[2025-03-31T15:35:54.877+0000] {logging_mixin.py:190} INFO - [2025-03-31T15:35:54.877+0000] {dag.py:3239} INFO - Sync 1 DAGs
[2025-03-31T15:35:54.900+0000] {logging_mixin.py:190} INFO - [2025-03-31T15:35:54.899+0000] {dag.py:4180} INFO - Setting next_dagrun for example_sensors to None, run_after=None
[2025-03-31T15:35:54.946+0000] {processor.py:208} INFO - Processing /home/airflow/.local/lib/python3.12/site-packages/airflow/example_dags/example_sensors.py took 0.141 seconds
[2025-03-31T15:36:25.450+0000] {processor.py:186} INFO - Started process (PID=60365) to work on /home/airflow/.local/lib/python3.12/site-packages/airflow/example_dags/example_sensors.py
[2025-03-31T15:36:25.451+0000] {processor.py:914} INFO - Processing file /home/airflow/.local/lib/python3.12/site-packages/airflow/example_dags/example_sensors.py for tasks to queue
[2025-03-31T15:36:25.454+0000] {logging_mixin.py:190} INFO - [2025-03-31T15:36:25.454+0000] {dagbag.py:588} INFO - Filling up the DagBag from /home/airflow/.local/lib/python3.12/site-packages/airflow/example_dags/example_sensors.py
[2025-03-31T15:36:25.474+0000] {processor.py:925} INFO - DAG(s) 'example_sensors' retrieved from /home/airflow/.local/lib/python3.12/site-packages/airflow/example_dags/example_sensors.py
[2025-03-31T15:36:25.516+0000] {logging_mixin.py:190} INFO - [2025-03-31T15:36:25.515+0000] {dag.py:3239} INFO - Sync 1 DAGs
[2025-03-31T15:36:25.540+0000] {logging_mixin.py:190} INFO - [2025-03-31T15:36:25.539+0000] {dag.py:4180} INFO - Setting next_dagrun for example_sensors to None, run_after=None
[2025-03-31T15:36:25.609+0000] {processor.py:208} INFO - Processing /home/airflow/.local/lib/python3.12/site-packages/airflow/example_dags/example_sensors.py took 0.168 seconds
[2025-03-31T15:36:56.227+0000] {processor.py:186} INFO - Started process (PID=60430) to work on /home/airflow/.local/lib/python3.12/site-packages/airflow/example_dags/example_sensors.py
[2025-03-31T15:36:56.229+0000] {processor.py:914} INFO - Processing file /home/airflow/.local/lib/python3.12/site-packages/airflow/example_dags/example_sensors.py for tasks to queue
[2025-03-31T15:36:56.232+0000] {logging_mixin.py:190} INFO - [2025-03-31T15:36:56.231+0000] {dagbag.py:588} INFO - Filling up the DagBag from /home/airflow/.local/lib/python3.12/site-packages/airflow/example_dags/example_sensors.py
[2025-03-31T15:36:56.254+0000] {processor.py:925} INFO - DAG(s) 'example_sensors' retrieved from /home/airflow/.local/lib/python3.12/site-packages/airflow/example_dags/example_sensors.py
[2025-03-31T15:36:56.304+0000] {logging_mixin.py:190} INFO - [2025-03-31T15:36:56.304+0000] {dag.py:3239} INFO - Sync 1 DAGs
[2025-03-31T15:36:56.333+0000] {logging_mixin.py:190} INFO - [2025-03-31T15:36:56.333+0000] {dag.py:4180} INFO - Setting next_dagrun for example_sensors to None, run_after=None
[2025-03-31T15:36:56.387+0000] {processor.py:208} INFO - Processing /home/airflow/.local/lib/python3.12/site-packages/airflow/example_dags/example_sensors.py took 0.169 seconds
[2025-03-31T15:37:27.325+0000] {processor.py:186} INFO - Started process (PID=60495) to work on /home/airflow/.local/lib/python3.12/site-packages/airflow/example_dags/example_sensors.py
[2025-03-31T15:37:27.327+0000] {processor.py:914} INFO - Processing file /home/airflow/.local/lib/python3.12/site-packages/airflow/example_dags/example_sensors.py for tasks to queue
[2025-03-31T15:37:27.330+0000] {logging_mixin.py:190} INFO - [2025-03-31T15:37:27.329+0000] {dagbag.py:588} INFO - Filling up the DagBag from /home/airflow/.local/lib/python3.12/site-packages/airflow/example_dags/example_sensors.py
[2025-03-31T15:37:27.352+0000] {processor.py:925} INFO - DAG(s) 'example_sensors' retrieved from /home/airflow/.local/lib/python3.12/site-packages/airflow/example_dags/example_sensors.py
[2025-03-31T15:37:27.424+0000] {logging_mixin.py:190} INFO - [2025-03-31T15:37:27.423+0000] {dag.py:3239} INFO - Sync 1 DAGs
[2025-03-31T15:37:27.457+0000] {logging_mixin.py:190} INFO - [2025-03-31T15:37:27.456+0000] {dag.py:4180} INFO - Setting next_dagrun for example_sensors to None, run_after=None
[2025-03-31T15:37:27.510+0000] {processor.py:208} INFO - Processing /home/airflow/.local/lib/python3.12/site-packages/airflow/example_dags/example_sensors.py took 0.196 seconds
[2025-03-31T15:37:57.741+0000] {processor.py:186} INFO - Started process (PID=60560) to work on /home/airflow/.local/lib/python3.12/site-packages/airflow/example_dags/example_sensors.py
[2025-03-31T15:37:57.744+0000] {processor.py:914} INFO - Processing file /home/airflow/.local/lib/python3.12/site-packages/airflow/example_dags/example_sensors.py for tasks to queue
[2025-03-31T15:37:57.746+0000] {logging_mixin.py:190} INFO - [2025-03-31T15:37:57.746+0000] {dagbag.py:588} INFO - Filling up the DagBag from /home/airflow/.local/lib/python3.12/site-packages/airflow/example_dags/example_sensors.py
[2025-03-31T15:37:57.768+0000] {processor.py:925} INFO - DAG(s) 'example_sensors' retrieved from /home/airflow/.local/lib/python3.12/site-packages/airflow/example_dags/example_sensors.py
[2025-03-31T15:37:57.812+0000] {logging_mixin.py:190} INFO - [2025-03-31T15:37:57.811+0000] {dag.py:3239} INFO - Sync 1 DAGs
[2025-03-31T15:37:57.835+0000] {logging_mixin.py:190} INFO - [2025-03-31T15:37:57.835+0000] {dag.py:4180} INFO - Setting next_dagrun for example_sensors to None, run_after=None
[2025-03-31T15:37:57.874+0000] {processor.py:208} INFO - Processing /home/airflow/.local/lib/python3.12/site-packages/airflow/example_dags/example_sensors.py took 0.142 seconds
[2025-03-31T15:38:28.163+0000] {processor.py:186} INFO - Started process (PID=60626) to work on /home/airflow/.local/lib/python3.12/site-packages/airflow/example_dags/example_sensors.py
[2025-03-31T15:38:28.165+0000] {processor.py:914} INFO - Processing file /home/airflow/.local/lib/python3.12/site-packages/airflow/example_dags/example_sensors.py for tasks to queue
[2025-03-31T15:38:28.167+0000] {logging_mixin.py:190} INFO - [2025-03-31T15:38:28.167+0000] {dagbag.py:588} INFO - Filling up the DagBag from /home/airflow/.local/lib/python3.12/site-packages/airflow/example_dags/example_sensors.py
[2025-03-31T15:38:28.189+0000] {processor.py:925} INFO - DAG(s) 'example_sensors' retrieved from /home/airflow/.local/lib/python3.12/site-packages/airflow/example_dags/example_sensors.py
[2025-03-31T15:38:28.235+0000] {logging_mixin.py:190} INFO - [2025-03-31T15:38:28.235+0000] {dag.py:3239} INFO - Sync 1 DAGs
[2025-03-31T15:38:28.267+0000] {logging_mixin.py:190} INFO - [2025-03-31T15:38:28.267+0000] {dag.py:4180} INFO - Setting next_dagrun for example_sensors to None, run_after=None
[2025-03-31T15:38:28.315+0000] {processor.py:208} INFO - Processing /home/airflow/.local/lib/python3.12/site-packages/airflow/example_dags/example_sensors.py took 0.161 seconds
[2025-03-31T15:38:58.499+0000] {processor.py:186} INFO - Started process (PID=60690) to work on /home/airflow/.local/lib/python3.12/site-packages/airflow/example_dags/example_sensors.py
[2025-03-31T15:38:58.501+0000] {processor.py:914} INFO - Processing file /home/airflow/.local/lib/python3.12/site-packages/airflow/example_dags/example_sensors.py for tasks to queue
[2025-03-31T15:38:58.503+0000] {logging_mixin.py:190} INFO - [2025-03-31T15:38:58.503+0000] {dagbag.py:588} INFO - Filling up the DagBag from /home/airflow/.local/lib/python3.12/site-packages/airflow/example_dags/example_sensors.py
[2025-03-31T15:38:58.522+0000] {processor.py:925} INFO - DAG(s) 'example_sensors' retrieved from /home/airflow/.local/lib/python3.12/site-packages/airflow/example_dags/example_sensors.py
[2025-03-31T15:38:58.565+0000] {logging_mixin.py:190} INFO - [2025-03-31T15:38:58.565+0000] {dag.py:3239} INFO - Sync 1 DAGs
[2025-03-31T15:38:58.589+0000] {logging_mixin.py:190} INFO - [2025-03-31T15:38:58.588+0000] {dag.py:4180} INFO - Setting next_dagrun for example_sensors to None, run_after=None
[2025-03-31T15:38:58.636+0000] {processor.py:208} INFO - Processing /home/airflow/.local/lib/python3.12/site-packages/airflow/example_dags/example_sensors.py took 0.146 seconds
[2025-03-31T15:39:29.008+0000] {processor.py:186} INFO - Started process (PID=60755) to work on /home/airflow/.local/lib/python3.12/site-packages/airflow/example_dags/example_sensors.py
[2025-03-31T15:39:29.010+0000] {processor.py:914} INFO - Processing file /home/airflow/.local/lib/python3.12/site-packages/airflow/example_dags/example_sensors.py for tasks to queue
[2025-03-31T15:39:29.013+0000] {logging_mixin.py:190} INFO - [2025-03-31T15:39:29.012+0000] {dagbag.py:588} INFO - Filling up the DagBag from /home/airflow/.local/lib/python3.12/site-packages/airflow/example_dags/example_sensors.py
[2025-03-31T15:39:29.034+0000] {processor.py:925} INFO - DAG(s) 'example_sensors' retrieved from /home/airflow/.local/lib/python3.12/site-packages/airflow/example_dags/example_sensors.py
[2025-03-31T15:39:29.077+0000] {logging_mixin.py:190} INFO - [2025-03-31T15:39:29.077+0000] {dag.py:3239} INFO - Sync 1 DAGs
[2025-03-31T15:39:29.100+0000] {logging_mixin.py:190} INFO - [2025-03-31T15:39:29.100+0000] {dag.py:4180} INFO - Setting next_dagrun for example_sensors to None, run_after=None
[2025-03-31T15:39:29.156+0000] {processor.py:208} INFO - Processing /home/airflow/.local/lib/python3.12/site-packages/airflow/example_dags/example_sensors.py took 0.157 seconds
[2025-03-31T15:40:02.205+0000] {processor.py:186} INFO - Started process (PID=60820) to work on /home/airflow/.local/lib/python3.12/site-packages/airflow/example_dags/example_sensors.py
[2025-03-31T15:40:02.224+0000] {processor.py:914} INFO - Processing file /home/airflow/.local/lib/python3.12/site-packages/airflow/example_dags/example_sensors.py for tasks to queue
[2025-03-31T15:40:02.257+0000] {logging_mixin.py:190} INFO - [2025-03-31T15:40:02.256+0000] {dagbag.py:588} INFO - Filling up the DagBag from /home/airflow/.local/lib/python3.12/site-packages/airflow/example_dags/example_sensors.py
[2025-03-31T15:40:02.334+0000] {processor.py:925} INFO - DAG(s) 'example_sensors' retrieved from /home/airflow/.local/lib/python3.12/site-packages/airflow/example_dags/example_sensors.py
[2025-03-31T15:40:20.758+0000] {logging_mixin.py:190} INFO - [2025-03-31T15:40:20.758+0000] {dag.py:3239} INFO - Sync 1 DAGs
[2025-03-31T15:40:20.889+0000] {logging_mixin.py:190} INFO - [2025-03-31T15:40:20.888+0000] {dag.py:4180} INFO - Setting next_dagrun for example_sensors to None, run_after=None
[2025-03-31T15:40:21.027+0000] {processor.py:208} INFO - Processing /home/airflow/.local/lib/python3.12/site-packages/airflow/example_dags/example_sensors.py took 0.608 seconds
[2025-03-31T15:40:51.199+0000] {processor.py:186} INFO - Started process (PID=60885) to work on /home/airflow/.local/lib/python3.12/site-packages/airflow/example_dags/example_sensors.py
[2025-03-31T15:40:51.201+0000] {processor.py:914} INFO - Processing file /home/airflow/.local/lib/python3.12/site-packages/airflow/example_dags/example_sensors.py for tasks to queue
[2025-03-31T15:40:51.204+0000] {logging_mixin.py:190} INFO - [2025-03-31T15:40:51.203+0000] {dagbag.py:588} INFO - Filling up the DagBag from /home/airflow/.local/lib/python3.12/site-packages/airflow/example_dags/example_sensors.py
[2025-03-31T15:40:51.227+0000] {processor.py:925} INFO - DAG(s) 'example_sensors' retrieved from /home/airflow/.local/lib/python3.12/site-packages/airflow/example_dags/example_sensors.py
[2025-03-31T15:40:51.273+0000] {logging_mixin.py:190} INFO - [2025-03-31T15:40:51.273+0000] {dag.py:3239} INFO - Sync 1 DAGs
[2025-03-31T15:40:51.296+0000] {logging_mixin.py:190} INFO - [2025-03-31T15:40:51.295+0000] {dag.py:4180} INFO - Setting next_dagrun for example_sensors to None, run_after=None
[2025-03-31T15:40:51.349+0000] {processor.py:208} INFO - Processing /home/airflow/.local/lib/python3.12/site-packages/airflow/example_dags/example_sensors.py took 0.160 seconds
[2025-03-31T15:41:21.435+0000] {processor.py:186} INFO - Started process (PID=60950) to work on /home/airflow/.local/lib/python3.12/site-packages/airflow/example_dags/example_sensors.py
[2025-03-31T15:41:21.437+0000] {processor.py:914} INFO - Processing file /home/airflow/.local/lib/python3.12/site-packages/airflow/example_dags/example_sensors.py for tasks to queue
[2025-03-31T15:41:21.440+0000] {logging_mixin.py:190} INFO - [2025-03-31T15:41:21.439+0000] {dagbag.py:588} INFO - Filling up the DagBag from /home/airflow/.local/lib/python3.12/site-packages/airflow/example_dags/example_sensors.py
[2025-03-31T15:41:21.467+0000] {processor.py:925} INFO - DAG(s) 'example_sensors' retrieved from /home/airflow/.local/lib/python3.12/site-packages/airflow/example_dags/example_sensors.py
[2025-03-31T15:41:21.519+0000] {logging_mixin.py:190} INFO - [2025-03-31T15:41:21.519+0000] {dag.py:3239} INFO - Sync 1 DAGs
[2025-03-31T15:41:21.547+0000] {logging_mixin.py:190} INFO - [2025-03-31T15:41:21.547+0000] {dag.py:4180} INFO - Setting next_dagrun for example_sensors to None, run_after=None
[2025-03-31T15:41:21.586+0000] {processor.py:208} INFO - Processing /home/airflow/.local/lib/python3.12/site-packages/airflow/example_dags/example_sensors.py took 0.163 seconds
[2025-03-31T15:41:51.728+0000] {processor.py:186} INFO - Started process (PID=61016) to work on /home/airflow/.local/lib/python3.12/site-packages/airflow/example_dags/example_sensors.py
[2025-03-31T15:41:51.730+0000] {processor.py:914} INFO - Processing file /home/airflow/.local/lib/python3.12/site-packages/airflow/example_dags/example_sensors.py for tasks to queue
[2025-03-31T15:41:51.734+0000] {logging_mixin.py:190} INFO - [2025-03-31T15:41:51.733+0000] {dagbag.py:588} INFO - Filling up the DagBag from /home/airflow/.local/lib/python3.12/site-packages/airflow/example_dags/example_sensors.py
[2025-03-31T15:41:51.764+0000] {processor.py:925} INFO - DAG(s) 'example_sensors' retrieved from /home/airflow/.local/lib/python3.12/site-packages/airflow/example_dags/example_sensors.py
[2025-03-31T15:41:51.815+0000] {logging_mixin.py:190} INFO - [2025-03-31T15:41:51.814+0000] {dag.py:3239} INFO - Sync 1 DAGs
[2025-03-31T15:41:51.844+0000] {logging_mixin.py:190} INFO - [2025-03-31T15:41:51.844+0000] {dag.py:4180} INFO - Setting next_dagrun for example_sensors to None, run_after=None
[2025-03-31T15:41:51.881+0000] {processor.py:208} INFO - Processing /home/airflow/.local/lib/python3.12/site-packages/airflow/example_dags/example_sensors.py took 0.167 seconds
[2025-03-31T15:42:22.523+0000] {processor.py:186} INFO - Started process (PID=61081) to work on /home/airflow/.local/lib/python3.12/site-packages/airflow/example_dags/example_sensors.py
[2025-03-31T15:42:22.525+0000] {processor.py:914} INFO - Processing file /home/airflow/.local/lib/python3.12/site-packages/airflow/example_dags/example_sensors.py for tasks to queue
[2025-03-31T15:42:22.528+0000] {logging_mixin.py:190} INFO - [2025-03-31T15:42:22.527+0000] {dagbag.py:588} INFO - Filling up the DagBag from /home/airflow/.local/lib/python3.12/site-packages/airflow/example_dags/example_sensors.py
[2025-03-31T15:42:22.548+0000] {processor.py:925} INFO - DAG(s) 'example_sensors' retrieved from /home/airflow/.local/lib/python3.12/site-packages/airflow/example_dags/example_sensors.py
[2025-03-31T15:42:22.599+0000] {logging_mixin.py:190} INFO - [2025-03-31T15:42:22.598+0000] {dag.py:3239} INFO - Sync 1 DAGs
[2025-03-31T15:42:22.625+0000] {logging_mixin.py:190} INFO - [2025-03-31T15:42:22.624+0000] {dag.py:4180} INFO - Setting next_dagrun for example_sensors to None, run_after=None
[2025-03-31T15:42:22.665+0000] {processor.py:208} INFO - Processing /home/airflow/.local/lib/python3.12/site-packages/airflow/example_dags/example_sensors.py took 0.151 seconds
[2025-03-31T15:42:52.754+0000] {processor.py:186} INFO - Started process (PID=61145) to work on /home/airflow/.local/lib/python3.12/site-packages/airflow/example_dags/example_sensors.py
[2025-03-31T15:42:52.756+0000] {processor.py:914} INFO - Processing file /home/airflow/.local/lib/python3.12/site-packages/airflow/example_dags/example_sensors.py for tasks to queue
[2025-03-31T15:42:52.759+0000] {logging_mixin.py:190} INFO - [2025-03-31T15:42:52.758+0000] {dagbag.py:588} INFO - Filling up the DagBag from /home/airflow/.local/lib/python3.12/site-packages/airflow/example_dags/example_sensors.py
[2025-03-31T15:42:52.790+0000] {processor.py:925} INFO - DAG(s) 'example_sensors' retrieved from /home/airflow/.local/lib/python3.12/site-packages/airflow/example_dags/example_sensors.py
[2025-03-31T15:42:52.843+0000] {logging_mixin.py:190} INFO - [2025-03-31T15:42:52.843+0000] {dag.py:3239} INFO - Sync 1 DAGs
[2025-03-31T15:42:52.876+0000] {logging_mixin.py:190} INFO - [2025-03-31T15:42:52.876+0000] {dag.py:4180} INFO - Setting next_dagrun for example_sensors to None, run_after=None
[2025-03-31T15:42:52.935+0000] {processor.py:208} INFO - Processing /home/airflow/.local/lib/python3.12/site-packages/airflow/example_dags/example_sensors.py took 0.191 seconds
[2025-03-31T15:43:23.839+0000] {processor.py:186} INFO - Started process (PID=61211) to work on /home/airflow/.local/lib/python3.12/site-packages/airflow/example_dags/example_sensors.py
[2025-03-31T15:43:23.841+0000] {processor.py:914} INFO - Processing file /home/airflow/.local/lib/python3.12/site-packages/airflow/example_dags/example_sensors.py for tasks to queue
[2025-03-31T15:43:23.843+0000] {logging_mixin.py:190} INFO - [2025-03-31T15:43:23.843+0000] {dagbag.py:588} INFO - Filling up the DagBag from /home/airflow/.local/lib/python3.12/site-packages/airflow/example_dags/example_sensors.py
[2025-03-31T15:43:23.866+0000] {processor.py:925} INFO - DAG(s) 'example_sensors' retrieved from /home/airflow/.local/lib/python3.12/site-packages/airflow/example_dags/example_sensors.py
[2025-03-31T15:43:23.908+0000] {logging_mixin.py:190} INFO - [2025-03-31T15:43:23.908+0000] {dag.py:3239} INFO - Sync 1 DAGs
[2025-03-31T15:43:23.933+0000] {logging_mixin.py:190} INFO - [2025-03-31T15:43:23.932+0000] {dag.py:4180} INFO - Setting next_dagrun for example_sensors to None, run_after=None
[2025-03-31T15:43:23.982+0000] {processor.py:208} INFO - Processing /home/airflow/.local/lib/python3.12/site-packages/airflow/example_dags/example_sensors.py took 0.152 seconds
[2025-03-31T15:43:54.362+0000] {processor.py:186} INFO - Started process (PID=61276) to work on /home/airflow/.local/lib/python3.12/site-packages/airflow/example_dags/example_sensors.py
[2025-03-31T15:43:54.364+0000] {processor.py:914} INFO - Processing file /home/airflow/.local/lib/python3.12/site-packages/airflow/example_dags/example_sensors.py for tasks to queue
[2025-03-31T15:43:54.367+0000] {logging_mixin.py:190} INFO - [2025-03-31T15:43:54.366+0000] {dagbag.py:588} INFO - Filling up the DagBag from /home/airflow/.local/lib/python3.12/site-packages/airflow/example_dags/example_sensors.py
[2025-03-31T15:43:54.390+0000] {processor.py:925} INFO - DAG(s) 'example_sensors' retrieved from /home/airflow/.local/lib/python3.12/site-packages/airflow/example_dags/example_sensors.py
[2025-03-31T15:43:54.437+0000] {logging_mixin.py:190} INFO - [2025-03-31T15:43:54.437+0000] {dag.py:3239} INFO - Sync 1 DAGs
[2025-03-31T15:43:54.470+0000] {logging_mixin.py:190} INFO - [2025-03-31T15:43:54.470+0000] {dag.py:4180} INFO - Setting next_dagrun for example_sensors to None, run_after=None
[2025-03-31T15:43:54.522+0000] {processor.py:208} INFO - Processing /home/airflow/.local/lib/python3.12/site-packages/airflow/example_dags/example_sensors.py took 0.173 seconds
[2025-03-31T15:44:24.904+0000] {processor.py:186} INFO - Started process (PID=61341) to work on /home/airflow/.local/lib/python3.12/site-packages/airflow/example_dags/example_sensors.py
[2025-03-31T15:44:24.906+0000] {processor.py:914} INFO - Processing file /home/airflow/.local/lib/python3.12/site-packages/airflow/example_dags/example_sensors.py for tasks to queue
[2025-03-31T15:44:24.908+0000] {logging_mixin.py:190} INFO - [2025-03-31T15:44:24.908+0000] {dagbag.py:588} INFO - Filling up the DagBag from /home/airflow/.local/lib/python3.12/site-packages/airflow/example_dags/example_sensors.py
[2025-03-31T15:44:24.928+0000] {processor.py:925} INFO - DAG(s) 'example_sensors' retrieved from /home/airflow/.local/lib/python3.12/site-packages/airflow/example_dags/example_sensors.py
[2025-03-31T15:44:24.992+0000] {logging_mixin.py:190} INFO - [2025-03-31T15:44:24.992+0000] {dag.py:3239} INFO - Sync 1 DAGs
[2025-03-31T15:44:25.022+0000] {logging_mixin.py:190} INFO - [2025-03-31T15:44:25.022+0000] {dag.py:4180} INFO - Setting next_dagrun for example_sensors to None, run_after=None
[2025-03-31T15:44:25.057+0000] {processor.py:208} INFO - Processing /home/airflow/.local/lib/python3.12/site-packages/airflow/example_dags/example_sensors.py took 0.165 seconds
