[2025-03-31T15:04:56.849+0000] {processor.py:186} INFO - Started process (PID=56421) to work on /home/airflow/.local/lib/python3.12/site-packages/airflow/example_dags/tutorial_dag.py
[2025-03-31T15:04:56.861+0000] {processor.py:914} INFO - Processing file /home/airflow/.local/lib/python3.12/site-packages/airflow/example_dags/tutorial_dag.py for tasks to queue
[2025-03-31T15:04:56.867+0000] {logging_mixin.py:190} INFO - [2025-03-31T15:04:56.866+0000] {dagbag.py:588} INFO - Filling up the DagBag from /home/airflow/.local/lib/python3.12/site-packages/airflow/example_dags/tutorial_dag.py
[2025-03-31T15:04:56.918+0000] {processor.py:925} INFO - DAG(s) 'tutorial_dag' retrieved from /home/airflow/.local/lib/python3.12/site-packages/airflow/example_dags/tutorial_dag.py
[2025-03-31T15:04:57.010+0000] {logging_mixin.py:190} INFO - [2025-03-31T15:04:57.010+0000] {dag.py:3239} INFO - Sync 1 DAGs
[2025-03-31T15:04:57.103+0000] {logging_mixin.py:190} INFO - [2025-03-31T15:04:57.102+0000] {dag.py:4180} INFO - Setting next_dagrun for tutorial_dag to None, run_after=None
[2025-03-31T15:04:57.214+0000] {processor.py:208} INFO - Processing /home/airflow/.local/lib/python3.12/site-packages/airflow/example_dags/tutorial_dag.py took 0.394 seconds
[2025-03-31T15:05:27.616+0000] {processor.py:186} INFO - Started process (PID=56482) to work on /home/airflow/.local/lib/python3.12/site-packages/airflow/example_dags/tutorial_dag.py
[2025-03-31T15:05:27.623+0000] {processor.py:914} INFO - Processing file /home/airflow/.local/lib/python3.12/site-packages/airflow/example_dags/tutorial_dag.py for tasks to queue
[2025-03-31T15:05:27.627+0000] {logging_mixin.py:190} INFO - [2025-03-31T15:05:27.626+0000] {dagbag.py:588} INFO - Filling up the DagBag from /home/airflow/.local/lib/python3.12/site-packages/airflow/example_dags/tutorial_dag.py
[2025-03-31T15:05:27.654+0000] {processor.py:925} INFO - DAG(s) 'tutorial_dag' retrieved from /home/airflow/.local/lib/python3.12/site-packages/airflow/example_dags/tutorial_dag.py
[2025-03-31T15:05:27.758+0000] {logging_mixin.py:190} INFO - [2025-03-31T15:05:27.757+0000] {dag.py:3239} INFO - Sync 1 DAGs
[2025-03-31T15:05:27.833+0000] {logging_mixin.py:190} INFO - [2025-03-31T15:05:27.833+0000] {dag.py:4180} INFO - Setting next_dagrun for tutorial_dag to None, run_after=None
[2025-03-31T15:05:27.957+0000] {processor.py:208} INFO - Processing /home/airflow/.local/lib/python3.12/site-packages/airflow/example_dags/tutorial_dag.py took 0.354 seconds
[2025-03-31T15:05:58.860+0000] {processor.py:186} INFO - Started process (PID=56547) to work on /home/airflow/.local/lib/python3.12/site-packages/airflow/example_dags/tutorial_dag.py
[2025-03-31T15:05:58.863+0000] {processor.py:914} INFO - Processing file /home/airflow/.local/lib/python3.12/site-packages/airflow/example_dags/tutorial_dag.py for tasks to queue
[2025-03-31T15:05:58.870+0000] {logging_mixin.py:190} INFO - [2025-03-31T15:05:58.869+0000] {dagbag.py:588} INFO - Filling up the DagBag from /home/airflow/.local/lib/python3.12/site-packages/airflow/example_dags/tutorial_dag.py
[2025-03-31T15:05:58.894+0000] {processor.py:925} INFO - DAG(s) 'tutorial_dag' retrieved from /home/airflow/.local/lib/python3.12/site-packages/airflow/example_dags/tutorial_dag.py
[2025-03-31T15:05:58.958+0000] {logging_mixin.py:190} INFO - [2025-03-31T15:05:58.957+0000] {dag.py:3239} INFO - Sync 1 DAGs
[2025-03-31T15:05:59.010+0000] {logging_mixin.py:190} INFO - [2025-03-31T15:05:59.010+0000] {dag.py:4180} INFO - Setting next_dagrun for tutorial_dag to None, run_after=None
[2025-03-31T15:05:59.069+0000] {processor.py:208} INFO - Processing /home/airflow/.local/lib/python3.12/site-packages/airflow/example_dags/tutorial_dag.py took 0.223 seconds
[2025-03-31T15:06:29.807+0000] {processor.py:186} INFO - Started process (PID=56613) to work on /home/airflow/.local/lib/python3.12/site-packages/airflow/example_dags/tutorial_dag.py
[2025-03-31T15:06:29.808+0000] {processor.py:914} INFO - Processing file /home/airflow/.local/lib/python3.12/site-packages/airflow/example_dags/tutorial_dag.py for tasks to queue
[2025-03-31T15:06:29.811+0000] {logging_mixin.py:190} INFO - [2025-03-31T15:06:29.811+0000] {dagbag.py:588} INFO - Filling up the DagBag from /home/airflow/.local/lib/python3.12/site-packages/airflow/example_dags/tutorial_dag.py
[2025-03-31T15:06:29.826+0000] {processor.py:925} INFO - DAG(s) 'tutorial_dag' retrieved from /home/airflow/.local/lib/python3.12/site-packages/airflow/example_dags/tutorial_dag.py
[2025-03-31T15:06:29.864+0000] {logging_mixin.py:190} INFO - [2025-03-31T15:06:29.863+0000] {dag.py:3239} INFO - Sync 1 DAGs
[2025-03-31T15:06:29.899+0000] {logging_mixin.py:190} INFO - [2025-03-31T15:06:29.898+0000] {dag.py:4180} INFO - Setting next_dagrun for tutorial_dag to None, run_after=None
[2025-03-31T15:06:29.945+0000] {processor.py:208} INFO - Processing /home/airflow/.local/lib/python3.12/site-packages/airflow/example_dags/tutorial_dag.py took 0.148 seconds
[2025-03-31T15:07:01.168+0000] {processor.py:186} INFO - Started process (PID=56678) to work on /home/airflow/.local/lib/python3.12/site-packages/airflow/example_dags/tutorial_dag.py
[2025-03-31T15:07:01.170+0000] {processor.py:914} INFO - Processing file /home/airflow/.local/lib/python3.12/site-packages/airflow/example_dags/tutorial_dag.py for tasks to queue
[2025-03-31T15:07:01.173+0000] {logging_mixin.py:190} INFO - [2025-03-31T15:07:01.172+0000] {dagbag.py:588} INFO - Filling up the DagBag from /home/airflow/.local/lib/python3.12/site-packages/airflow/example_dags/tutorial_dag.py
[2025-03-31T15:07:01.187+0000] {processor.py:925} INFO - DAG(s) 'tutorial_dag' retrieved from /home/airflow/.local/lib/python3.12/site-packages/airflow/example_dags/tutorial_dag.py
[2025-03-31T15:07:01.225+0000] {logging_mixin.py:190} INFO - [2025-03-31T15:07:01.225+0000] {dag.py:3239} INFO - Sync 1 DAGs
[2025-03-31T15:07:01.257+0000] {logging_mixin.py:190} INFO - [2025-03-31T15:07:01.256+0000] {dag.py:4180} INFO - Setting next_dagrun for tutorial_dag to None, run_after=None
[2025-03-31T15:07:01.312+0000] {processor.py:208} INFO - Processing /home/airflow/.local/lib/python3.12/site-packages/airflow/example_dags/tutorial_dag.py took 0.154 seconds
[2025-03-31T15:07:31.431+0000] {processor.py:186} INFO - Started process (PID=56741) to work on /home/airflow/.local/lib/python3.12/site-packages/airflow/example_dags/tutorial_dag.py
[2025-03-31T15:07:31.433+0000] {processor.py:914} INFO - Processing file /home/airflow/.local/lib/python3.12/site-packages/airflow/example_dags/tutorial_dag.py for tasks to queue
[2025-03-31T15:07:31.436+0000] {logging_mixin.py:190} INFO - [2025-03-31T15:07:31.436+0000] {dagbag.py:588} INFO - Filling up the DagBag from /home/airflow/.local/lib/python3.12/site-packages/airflow/example_dags/tutorial_dag.py
[2025-03-31T15:07:31.449+0000] {processor.py:925} INFO - DAG(s) 'tutorial_dag' retrieved from /home/airflow/.local/lib/python3.12/site-packages/airflow/example_dags/tutorial_dag.py
[2025-03-31T15:07:31.487+0000] {logging_mixin.py:190} INFO - [2025-03-31T15:07:31.487+0000] {dag.py:3239} INFO - Sync 1 DAGs
[2025-03-31T15:07:31.522+0000] {logging_mixin.py:190} INFO - [2025-03-31T15:07:31.521+0000] {dag.py:4180} INFO - Setting next_dagrun for tutorial_dag to None, run_after=None
[2025-03-31T15:07:31.566+0000] {processor.py:208} INFO - Processing /home/airflow/.local/lib/python3.12/site-packages/airflow/example_dags/tutorial_dag.py took 0.144 seconds
[2025-03-31T15:08:02.466+0000] {processor.py:186} INFO - Started process (PID=56805) to work on /home/airflow/.local/lib/python3.12/site-packages/airflow/example_dags/tutorial_dag.py
[2025-03-31T15:08:02.468+0000] {processor.py:914} INFO - Processing file /home/airflow/.local/lib/python3.12/site-packages/airflow/example_dags/tutorial_dag.py for tasks to queue
[2025-03-31T15:08:02.471+0000] {logging_mixin.py:190} INFO - [2025-03-31T15:08:02.470+0000] {dagbag.py:588} INFO - Filling up the DagBag from /home/airflow/.local/lib/python3.12/site-packages/airflow/example_dags/tutorial_dag.py
[2025-03-31T15:08:02.486+0000] {processor.py:925} INFO - DAG(s) 'tutorial_dag' retrieved from /home/airflow/.local/lib/python3.12/site-packages/airflow/example_dags/tutorial_dag.py
[2025-03-31T15:08:02.524+0000] {logging_mixin.py:190} INFO - [2025-03-31T15:08:02.524+0000] {dag.py:3239} INFO - Sync 1 DAGs
[2025-03-31T15:08:02.550+0000] {logging_mixin.py:190} INFO - [2025-03-31T15:08:02.550+0000] {dag.py:4180} INFO - Setting next_dagrun for tutorial_dag to None, run_after=None
[2025-03-31T15:08:02.603+0000] {processor.py:208} INFO - Processing /home/airflow/.local/lib/python3.12/site-packages/airflow/example_dags/tutorial_dag.py took 0.148 seconds
[2025-03-31T15:08:33.140+0000] {processor.py:186} INFO - Started process (PID=56870) to work on /home/airflow/.local/lib/python3.12/site-packages/airflow/example_dags/tutorial_dag.py
[2025-03-31T15:08:33.142+0000] {processor.py:914} INFO - Processing file /home/airflow/.local/lib/python3.12/site-packages/airflow/example_dags/tutorial_dag.py for tasks to queue
[2025-03-31T15:08:33.144+0000] {logging_mixin.py:190} INFO - [2025-03-31T15:08:33.144+0000] {dagbag.py:588} INFO - Filling up the DagBag from /home/airflow/.local/lib/python3.12/site-packages/airflow/example_dags/tutorial_dag.py
[2025-03-31T15:08:33.161+0000] {processor.py:925} INFO - DAG(s) 'tutorial_dag' retrieved from /home/airflow/.local/lib/python3.12/site-packages/airflow/example_dags/tutorial_dag.py
[2025-03-31T15:08:33.204+0000] {logging_mixin.py:190} INFO - [2025-03-31T15:08:33.204+0000] {dag.py:3239} INFO - Sync 1 DAGs
[2025-03-31T15:08:33.231+0000] {logging_mixin.py:190} INFO - [2025-03-31T15:08:33.230+0000] {dag.py:4180} INFO - Setting next_dagrun for tutorial_dag to None, run_after=None
[2025-03-31T15:08:33.286+0000] {processor.py:208} INFO - Processing /home/airflow/.local/lib/python3.12/site-packages/airflow/example_dags/tutorial_dag.py took 0.156 seconds
[2025-03-31T15:09:03.460+0000] {processor.py:186} INFO - Started process (PID=56935) to work on /home/airflow/.local/lib/python3.12/site-packages/airflow/example_dags/tutorial_dag.py
[2025-03-31T15:09:03.462+0000] {processor.py:914} INFO - Processing file /home/airflow/.local/lib/python3.12/site-packages/airflow/example_dags/tutorial_dag.py for tasks to queue
[2025-03-31T15:09:03.465+0000] {logging_mixin.py:190} INFO - [2025-03-31T15:09:03.464+0000] {dagbag.py:588} INFO - Filling up the DagBag from /home/airflow/.local/lib/python3.12/site-packages/airflow/example_dags/tutorial_dag.py
[2025-03-31T15:09:03.478+0000] {processor.py:925} INFO - DAG(s) 'tutorial_dag' retrieved from /home/airflow/.local/lib/python3.12/site-packages/airflow/example_dags/tutorial_dag.py
[2025-03-31T15:09:03.516+0000] {logging_mixin.py:190} INFO - [2025-03-31T15:09:03.515+0000] {dag.py:3239} INFO - Sync 1 DAGs
[2025-03-31T15:09:03.545+0000] {logging_mixin.py:190} INFO - [2025-03-31T15:09:03.544+0000] {dag.py:4180} INFO - Setting next_dagrun for tutorial_dag to None, run_after=None
[2025-03-31T15:09:03.600+0000] {processor.py:208} INFO - Processing /home/airflow/.local/lib/python3.12/site-packages/airflow/example_dags/tutorial_dag.py took 0.148 seconds
[2025-03-31T15:09:34.426+0000] {processor.py:186} INFO - Started process (PID=56995) to work on /home/airflow/.local/lib/python3.12/site-packages/airflow/example_dags/tutorial_dag.py
[2025-03-31T15:09:34.429+0000] {processor.py:914} INFO - Processing file /home/airflow/.local/lib/python3.12/site-packages/airflow/example_dags/tutorial_dag.py for tasks to queue
[2025-03-31T15:09:34.432+0000] {logging_mixin.py:190} INFO - [2025-03-31T15:09:34.431+0000] {dagbag.py:588} INFO - Filling up the DagBag from /home/airflow/.local/lib/python3.12/site-packages/airflow/example_dags/tutorial_dag.py
[2025-03-31T15:09:34.452+0000] {processor.py:925} INFO - DAG(s) 'tutorial_dag' retrieved from /home/airflow/.local/lib/python3.12/site-packages/airflow/example_dags/tutorial_dag.py
[2025-03-31T15:09:34.506+0000] {logging_mixin.py:190} INFO - [2025-03-31T15:09:34.505+0000] {dag.py:3239} INFO - Sync 1 DAGs
[2025-03-31T15:09:34.545+0000] {logging_mixin.py:190} INFO - [2025-03-31T15:09:34.545+0000] {dag.py:4180} INFO - Setting next_dagrun for tutorial_dag to None, run_after=None
[2025-03-31T15:09:34.608+0000] {processor.py:208} INFO - Processing /home/airflow/.local/lib/python3.12/site-packages/airflow/example_dags/tutorial_dag.py took 0.194 seconds
[2025-03-31T15:10:05.123+0000] {processor.py:186} INFO - Started process (PID=57056) to work on /home/airflow/.local/lib/python3.12/site-packages/airflow/example_dags/tutorial_dag.py
[2025-03-31T15:10:05.125+0000] {processor.py:914} INFO - Processing file /home/airflow/.local/lib/python3.12/site-packages/airflow/example_dags/tutorial_dag.py for tasks to queue
[2025-03-31T15:10:05.129+0000] {logging_mixin.py:190} INFO - [2025-03-31T15:10:05.128+0000] {dagbag.py:588} INFO - Filling up the DagBag from /home/airflow/.local/lib/python3.12/site-packages/airflow/example_dags/tutorial_dag.py
[2025-03-31T15:10:05.145+0000] {processor.py:925} INFO - DAG(s) 'tutorial_dag' retrieved from /home/airflow/.local/lib/python3.12/site-packages/airflow/example_dags/tutorial_dag.py
[2025-03-31T15:10:05.185+0000] {logging_mixin.py:190} INFO - [2025-03-31T15:10:05.184+0000] {dag.py:3239} INFO - Sync 1 DAGs
[2025-03-31T15:10:05.212+0000] {logging_mixin.py:190} INFO - [2025-03-31T15:10:05.211+0000] {dag.py:4180} INFO - Setting next_dagrun for tutorial_dag to None, run_after=None
[2025-03-31T15:10:05.273+0000] {processor.py:208} INFO - Processing /home/airflow/.local/lib/python3.12/site-packages/airflow/example_dags/tutorial_dag.py took 0.162 seconds
[2025-03-31T15:10:37.281+0000] {processor.py:186} INFO - Started process (PID=57124) to work on /home/airflow/.local/lib/python3.12/site-packages/airflow/example_dags/tutorial_dag.py
[2025-03-31T15:10:37.283+0000] {processor.py:914} INFO - Processing file /home/airflow/.local/lib/python3.12/site-packages/airflow/example_dags/tutorial_dag.py for tasks to queue
[2025-03-31T15:10:37.287+0000] {logging_mixin.py:190} INFO - [2025-03-31T15:10:37.286+0000] {dagbag.py:588} INFO - Filling up the DagBag from /home/airflow/.local/lib/python3.12/site-packages/airflow/example_dags/tutorial_dag.py
[2025-03-31T15:10:37.305+0000] {processor.py:925} INFO - DAG(s) 'tutorial_dag' retrieved from /home/airflow/.local/lib/python3.12/site-packages/airflow/example_dags/tutorial_dag.py
[2025-03-31T15:10:37.358+0000] {logging_mixin.py:190} INFO - [2025-03-31T15:10:37.358+0000] {dag.py:3239} INFO - Sync 1 DAGs
[2025-03-31T15:10:37.417+0000] {logging_mixin.py:190} INFO - [2025-03-31T15:10:37.417+0000] {dag.py:4180} INFO - Setting next_dagrun for tutorial_dag to None, run_after=None
[2025-03-31T15:10:37.480+0000] {processor.py:208} INFO - Processing /home/airflow/.local/lib/python3.12/site-packages/airflow/example_dags/tutorial_dag.py took 0.210 seconds
[2025-03-31T15:11:09.224+0000] {processor.py:186} INFO - Started process (PID=57188) to work on /home/airflow/.local/lib/python3.12/site-packages/airflow/example_dags/tutorial_dag.py
[2025-03-31T15:11:09.227+0000] {processor.py:914} INFO - Processing file /home/airflow/.local/lib/python3.12/site-packages/airflow/example_dags/tutorial_dag.py for tasks to queue
[2025-03-31T15:11:09.229+0000] {logging_mixin.py:190} INFO - [2025-03-31T15:11:09.229+0000] {dagbag.py:588} INFO - Filling up the DagBag from /home/airflow/.local/lib/python3.12/site-packages/airflow/example_dags/tutorial_dag.py
[2025-03-31T15:11:09.245+0000] {processor.py:925} INFO - DAG(s) 'tutorial_dag' retrieved from /home/airflow/.local/lib/python3.12/site-packages/airflow/example_dags/tutorial_dag.py
[2025-03-31T15:11:09.288+0000] {logging_mixin.py:190} INFO - [2025-03-31T15:11:09.288+0000] {dag.py:3239} INFO - Sync 1 DAGs
[2025-03-31T15:11:09.325+0000] {logging_mixin.py:190} INFO - [2025-03-31T15:11:09.324+0000] {dag.py:4180} INFO - Setting next_dagrun for tutorial_dag to None, run_after=None
[2025-03-31T15:11:09.374+0000] {processor.py:208} INFO - Processing /home/airflow/.local/lib/python3.12/site-packages/airflow/example_dags/tutorial_dag.py took 0.162 seconds
[2025-03-31T15:11:40.073+0000] {processor.py:186} INFO - Started process (PID=57250) to work on /home/airflow/.local/lib/python3.12/site-packages/airflow/example_dags/tutorial_dag.py
[2025-03-31T15:11:40.075+0000] {processor.py:914} INFO - Processing file /home/airflow/.local/lib/python3.12/site-packages/airflow/example_dags/tutorial_dag.py for tasks to queue
[2025-03-31T15:11:40.078+0000] {logging_mixin.py:190} INFO - [2025-03-31T15:11:40.078+0000] {dagbag.py:588} INFO - Filling up the DagBag from /home/airflow/.local/lib/python3.12/site-packages/airflow/example_dags/tutorial_dag.py
[2025-03-31T15:11:40.094+0000] {processor.py:925} INFO - DAG(s) 'tutorial_dag' retrieved from /home/airflow/.local/lib/python3.12/site-packages/airflow/example_dags/tutorial_dag.py
[2025-03-31T15:11:40.141+0000] {logging_mixin.py:190} INFO - [2025-03-31T15:11:40.140+0000] {dag.py:3239} INFO - Sync 1 DAGs
[2025-03-31T15:11:40.177+0000] {logging_mixin.py:190} INFO - [2025-03-31T15:11:40.176+0000] {dag.py:4180} INFO - Setting next_dagrun for tutorial_dag to None, run_after=None
[2025-03-31T15:11:40.244+0000] {processor.py:208} INFO - Processing /home/airflow/.local/lib/python3.12/site-packages/airflow/example_dags/tutorial_dag.py took 0.181 seconds
[2025-03-31T15:12:10.713+0000] {processor.py:186} INFO - Started process (PID=57315) to work on /home/airflow/.local/lib/python3.12/site-packages/airflow/example_dags/tutorial_dag.py
[2025-03-31T15:12:10.721+0000] {processor.py:914} INFO - Processing file /home/airflow/.local/lib/python3.12/site-packages/airflow/example_dags/tutorial_dag.py for tasks to queue
[2025-03-31T15:12:10.726+0000] {logging_mixin.py:190} INFO - [2025-03-31T15:12:10.725+0000] {dagbag.py:588} INFO - Filling up the DagBag from /home/airflow/.local/lib/python3.12/site-packages/airflow/example_dags/tutorial_dag.py
[2025-03-31T15:12:10.762+0000] {processor.py:925} INFO - DAG(s) 'tutorial_dag' retrieved from /home/airflow/.local/lib/python3.12/site-packages/airflow/example_dags/tutorial_dag.py
[2025-03-31T15:12:10.835+0000] {logging_mixin.py:190} INFO - [2025-03-31T15:12:10.835+0000] {dag.py:3239} INFO - Sync 1 DAGs
[2025-03-31T15:12:10.886+0000] {logging_mixin.py:190} INFO - [2025-03-31T15:12:10.885+0000] {dag.py:4180} INFO - Setting next_dagrun for tutorial_dag to None, run_after=None
[2025-03-31T15:12:10.945+0000] {processor.py:208} INFO - Processing /home/airflow/.local/lib/python3.12/site-packages/airflow/example_dags/tutorial_dag.py took 0.263 seconds
[2025-03-31T15:12:41.185+0000] {processor.py:186} INFO - Started process (PID=57379) to work on /home/airflow/.local/lib/python3.12/site-packages/airflow/example_dags/tutorial_dag.py
[2025-03-31T15:12:41.187+0000] {processor.py:914} INFO - Processing file /home/airflow/.local/lib/python3.12/site-packages/airflow/example_dags/tutorial_dag.py for tasks to queue
[2025-03-31T15:12:41.191+0000] {logging_mixin.py:190} INFO - [2025-03-31T15:12:41.190+0000] {dagbag.py:588} INFO - Filling up the DagBag from /home/airflow/.local/lib/python3.12/site-packages/airflow/example_dags/tutorial_dag.py
[2025-03-31T15:12:41.205+0000] {processor.py:925} INFO - DAG(s) 'tutorial_dag' retrieved from /home/airflow/.local/lib/python3.12/site-packages/airflow/example_dags/tutorial_dag.py
[2025-03-31T15:12:41.246+0000] {logging_mixin.py:190} INFO - [2025-03-31T15:12:41.245+0000] {dag.py:3239} INFO - Sync 1 DAGs
[2025-03-31T15:12:41.278+0000] {logging_mixin.py:190} INFO - [2025-03-31T15:12:41.277+0000] {dag.py:4180} INFO - Setting next_dagrun for tutorial_dag to None, run_after=None
[2025-03-31T15:12:41.328+0000] {processor.py:208} INFO - Processing /home/airflow/.local/lib/python3.12/site-packages/airflow/example_dags/tutorial_dag.py took 0.153 seconds
[2025-03-31T15:13:12.124+0000] {processor.py:186} INFO - Started process (PID=57444) to work on /home/airflow/.local/lib/python3.12/site-packages/airflow/example_dags/tutorial_dag.py
[2025-03-31T15:13:12.127+0000] {processor.py:914} INFO - Processing file /home/airflow/.local/lib/python3.12/site-packages/airflow/example_dags/tutorial_dag.py for tasks to queue
[2025-03-31T15:13:12.130+0000] {logging_mixin.py:190} INFO - [2025-03-31T15:13:12.130+0000] {dagbag.py:588} INFO - Filling up the DagBag from /home/airflow/.local/lib/python3.12/site-packages/airflow/example_dags/tutorial_dag.py
[2025-03-31T15:13:12.151+0000] {processor.py:925} INFO - DAG(s) 'tutorial_dag' retrieved from /home/airflow/.local/lib/python3.12/site-packages/airflow/example_dags/tutorial_dag.py
[2025-03-31T15:13:12.217+0000] {logging_mixin.py:190} INFO - [2025-03-31T15:13:12.216+0000] {dag.py:3239} INFO - Sync 1 DAGs
[2025-03-31T15:13:12.279+0000] {logging_mixin.py:190} INFO - [2025-03-31T15:13:12.278+0000] {dag.py:4180} INFO - Setting next_dagrun for tutorial_dag to None, run_after=None
[2025-03-31T15:13:12.328+0000] {processor.py:208} INFO - Processing /home/airflow/.local/lib/python3.12/site-packages/airflow/example_dags/tutorial_dag.py took 0.223 seconds
[2025-03-31T15:13:42.651+0000] {processor.py:186} INFO - Started process (PID=57509) to work on /home/airflow/.local/lib/python3.12/site-packages/airflow/example_dags/tutorial_dag.py
[2025-03-31T15:13:42.653+0000] {processor.py:914} INFO - Processing file /home/airflow/.local/lib/python3.12/site-packages/airflow/example_dags/tutorial_dag.py for tasks to queue
[2025-03-31T15:13:42.656+0000] {logging_mixin.py:190} INFO - [2025-03-31T15:13:42.655+0000] {dagbag.py:588} INFO - Filling up the DagBag from /home/airflow/.local/lib/python3.12/site-packages/airflow/example_dags/tutorial_dag.py
[2025-03-31T15:13:42.669+0000] {processor.py:925} INFO - DAG(s) 'tutorial_dag' retrieved from /home/airflow/.local/lib/python3.12/site-packages/airflow/example_dags/tutorial_dag.py
[2025-03-31T15:13:42.715+0000] {logging_mixin.py:190} INFO - [2025-03-31T15:13:42.715+0000] {dag.py:3239} INFO - Sync 1 DAGs
[2025-03-31T15:13:42.750+0000] {logging_mixin.py:190} INFO - [2025-03-31T15:13:42.749+0000] {dag.py:4180} INFO - Setting next_dagrun for tutorial_dag to None, run_after=None
[2025-03-31T15:13:42.791+0000] {processor.py:208} INFO - Processing /home/airflow/.local/lib/python3.12/site-packages/airflow/example_dags/tutorial_dag.py took 0.148 seconds
[2025-03-31T15:14:13.692+0000] {processor.py:186} INFO - Started process (PID=57574) to work on /home/airflow/.local/lib/python3.12/site-packages/airflow/example_dags/tutorial_dag.py
[2025-03-31T15:14:13.695+0000] {processor.py:914} INFO - Processing file /home/airflow/.local/lib/python3.12/site-packages/airflow/example_dags/tutorial_dag.py for tasks to queue
[2025-03-31T15:14:13.698+0000] {logging_mixin.py:190} INFO - [2025-03-31T15:14:13.697+0000] {dagbag.py:588} INFO - Filling up the DagBag from /home/airflow/.local/lib/python3.12/site-packages/airflow/example_dags/tutorial_dag.py
[2025-03-31T15:14:13.717+0000] {processor.py:925} INFO - DAG(s) 'tutorial_dag' retrieved from /home/airflow/.local/lib/python3.12/site-packages/airflow/example_dags/tutorial_dag.py
[2025-03-31T15:14:13.767+0000] {logging_mixin.py:190} INFO - [2025-03-31T15:14:13.767+0000] {dag.py:3239} INFO - Sync 1 DAGs
[2025-03-31T15:14:13.799+0000] {logging_mixin.py:190} INFO - [2025-03-31T15:14:13.798+0000] {dag.py:4180} INFO - Setting next_dagrun for tutorial_dag to None, run_after=None
[2025-03-31T15:14:13.839+0000] {processor.py:208} INFO - Processing /home/airflow/.local/lib/python3.12/site-packages/airflow/example_dags/tutorial_dag.py took 0.157 seconds
[2025-03-31T15:14:44.395+0000] {processor.py:186} INFO - Started process (PID=57640) to work on /home/airflow/.local/lib/python3.12/site-packages/airflow/example_dags/tutorial_dag.py
[2025-03-31T15:14:44.397+0000] {processor.py:914} INFO - Processing file /home/airflow/.local/lib/python3.12/site-packages/airflow/example_dags/tutorial_dag.py for tasks to queue
[2025-03-31T15:14:44.401+0000] {logging_mixin.py:190} INFO - [2025-03-31T15:14:44.400+0000] {dagbag.py:588} INFO - Filling up the DagBag from /home/airflow/.local/lib/python3.12/site-packages/airflow/example_dags/tutorial_dag.py
[2025-03-31T15:14:44.420+0000] {processor.py:925} INFO - DAG(s) 'tutorial_dag' retrieved from /home/airflow/.local/lib/python3.12/site-packages/airflow/example_dags/tutorial_dag.py
[2025-03-31T15:14:44.469+0000] {logging_mixin.py:190} INFO - [2025-03-31T15:14:44.469+0000] {dag.py:3239} INFO - Sync 1 DAGs
[2025-03-31T15:14:44.513+0000] {logging_mixin.py:190} INFO - [2025-03-31T15:14:44.513+0000] {dag.py:4180} INFO - Setting next_dagrun for tutorial_dag to None, run_after=None
[2025-03-31T15:14:44.559+0000] {processor.py:208} INFO - Processing /home/airflow/.local/lib/python3.12/site-packages/airflow/example_dags/tutorial_dag.py took 0.178 seconds
[2025-03-31T15:15:15.254+0000] {processor.py:186} INFO - Started process (PID=57704) to work on /home/airflow/.local/lib/python3.12/site-packages/airflow/example_dags/tutorial_dag.py
[2025-03-31T15:15:15.266+0000] {processor.py:914} INFO - Processing file /home/airflow/.local/lib/python3.12/site-packages/airflow/example_dags/tutorial_dag.py for tasks to queue
[2025-03-31T15:15:15.271+0000] {logging_mixin.py:190} INFO - [2025-03-31T15:15:15.270+0000] {dagbag.py:588} INFO - Filling up the DagBag from /home/airflow/.local/lib/python3.12/site-packages/airflow/example_dags/tutorial_dag.py
[2025-03-31T15:15:15.353+0000] {processor.py:925} INFO - DAG(s) 'tutorial_dag' retrieved from /home/airflow/.local/lib/python3.12/site-packages/airflow/example_dags/tutorial_dag.py
[2025-03-31T15:15:15.454+0000] {logging_mixin.py:190} INFO - [2025-03-31T15:15:15.454+0000] {dag.py:3239} INFO - Sync 1 DAGs
[2025-03-31T15:15:15.562+0000] {logging_mixin.py:190} INFO - [2025-03-31T15:15:15.562+0000] {dag.py:4180} INFO - Setting next_dagrun for tutorial_dag to None, run_after=None
[2025-03-31T15:15:15.684+0000] {processor.py:208} INFO - Processing /home/airflow/.local/lib/python3.12/site-packages/airflow/example_dags/tutorial_dag.py took 0.468 seconds
[2025-03-31T15:15:48.127+0000] {processor.py:186} INFO - Started process (PID=57766) to work on /home/airflow/.local/lib/python3.12/site-packages/airflow/example_dags/tutorial_dag.py
[2025-03-31T15:15:48.130+0000] {processor.py:914} INFO - Processing file /home/airflow/.local/lib/python3.12/site-packages/airflow/example_dags/tutorial_dag.py for tasks to queue
[2025-03-31T15:15:48.134+0000] {logging_mixin.py:190} INFO - [2025-03-31T15:15:48.133+0000] {dagbag.py:588} INFO - Filling up the DagBag from /home/airflow/.local/lib/python3.12/site-packages/airflow/example_dags/tutorial_dag.py
[2025-03-31T15:15:48.184+0000] {processor.py:925} INFO - DAG(s) 'tutorial_dag' retrieved from /home/airflow/.local/lib/python3.12/site-packages/airflow/example_dags/tutorial_dag.py
[2025-03-31T15:15:48.271+0000] {logging_mixin.py:190} INFO - [2025-03-31T15:15:48.270+0000] {dag.py:3239} INFO - Sync 1 DAGs
[2025-03-31T15:15:48.373+0000] {logging_mixin.py:190} INFO - [2025-03-31T15:15:48.373+0000] {dag.py:4180} INFO - Setting next_dagrun for tutorial_dag to None, run_after=None
[2025-03-31T15:15:48.464+0000] {processor.py:208} INFO - Processing /home/airflow/.local/lib/python3.12/site-packages/airflow/example_dags/tutorial_dag.py took 0.359 seconds
[2025-03-31T15:16:19.193+0000] {processor.py:186} INFO - Started process (PID=57831) to work on /home/airflow/.local/lib/python3.12/site-packages/airflow/example_dags/tutorial_dag.py
[2025-03-31T15:16:19.195+0000] {processor.py:914} INFO - Processing file /home/airflow/.local/lib/python3.12/site-packages/airflow/example_dags/tutorial_dag.py for tasks to queue
[2025-03-31T15:16:19.199+0000] {logging_mixin.py:190} INFO - [2025-03-31T15:16:19.198+0000] {dagbag.py:588} INFO - Filling up the DagBag from /home/airflow/.local/lib/python3.12/site-packages/airflow/example_dags/tutorial_dag.py
[2025-03-31T15:16:19.223+0000] {processor.py:925} INFO - DAG(s) 'tutorial_dag' retrieved from /home/airflow/.local/lib/python3.12/site-packages/airflow/example_dags/tutorial_dag.py
[2025-03-31T15:16:19.288+0000] {logging_mixin.py:190} INFO - [2025-03-31T15:16:19.287+0000] {dag.py:3239} INFO - Sync 1 DAGs
[2025-03-31T15:16:19.344+0000] {logging_mixin.py:190} INFO - [2025-03-31T15:16:19.343+0000] {dag.py:4180} INFO - Setting next_dagrun for tutorial_dag to None, run_after=None
[2025-03-31T15:16:19.408+0000] {processor.py:208} INFO - Processing /home/airflow/.local/lib/python3.12/site-packages/airflow/example_dags/tutorial_dag.py took 0.247 seconds
[2025-03-31T15:16:50.249+0000] {processor.py:186} INFO - Started process (PID=57894) to work on /home/airflow/.local/lib/python3.12/site-packages/airflow/example_dags/tutorial_dag.py
[2025-03-31T15:16:50.253+0000] {processor.py:914} INFO - Processing file /home/airflow/.local/lib/python3.12/site-packages/airflow/example_dags/tutorial_dag.py for tasks to queue
[2025-03-31T15:16:50.258+0000] {logging_mixin.py:190} INFO - [2025-03-31T15:16:50.256+0000] {dagbag.py:588} INFO - Filling up the DagBag from /home/airflow/.local/lib/python3.12/site-packages/airflow/example_dags/tutorial_dag.py
[2025-03-31T15:16:50.276+0000] {processor.py:925} INFO - DAG(s) 'tutorial_dag' retrieved from /home/airflow/.local/lib/python3.12/site-packages/airflow/example_dags/tutorial_dag.py
[2025-03-31T15:16:50.358+0000] {logging_mixin.py:190} INFO - [2025-03-31T15:16:50.357+0000] {dag.py:3239} INFO - Sync 1 DAGs
[2025-03-31T15:16:50.443+0000] {logging_mixin.py:190} INFO - [2025-03-31T15:16:50.442+0000] {dag.py:4180} INFO - Setting next_dagrun for tutorial_dag to None, run_after=None
[2025-03-31T15:16:50.565+0000] {processor.py:208} INFO - Processing /home/airflow/.local/lib/python3.12/site-packages/airflow/example_dags/tutorial_dag.py took 0.335 seconds
[2025-03-31T15:17:21.045+0000] {processor.py:186} INFO - Started process (PID=57946) to work on /home/airflow/.local/lib/python3.12/site-packages/airflow/example_dags/tutorial_dag.py
[2025-03-31T15:17:21.056+0000] {processor.py:914} INFO - Processing file /home/airflow/.local/lib/python3.12/site-packages/airflow/example_dags/tutorial_dag.py for tasks to queue
[2025-03-31T15:17:21.060+0000] {logging_mixin.py:190} INFO - [2025-03-31T15:17:21.059+0000] {dagbag.py:588} INFO - Filling up the DagBag from /home/airflow/.local/lib/python3.12/site-packages/airflow/example_dags/tutorial_dag.py
[2025-03-31T15:17:21.110+0000] {processor.py:925} INFO - DAG(s) 'tutorial_dag' retrieved from /home/airflow/.local/lib/python3.12/site-packages/airflow/example_dags/tutorial_dag.py
[2025-03-31T15:17:21.202+0000] {logging_mixin.py:190} INFO - [2025-03-31T15:17:21.201+0000] {dag.py:3239} INFO - Sync 1 DAGs
[2025-03-31T15:17:21.288+0000] {logging_mixin.py:190} INFO - [2025-03-31T15:17:21.287+0000] {dag.py:4180} INFO - Setting next_dagrun for tutorial_dag to None, run_after=None
[2025-03-31T15:17:21.366+0000] {processor.py:208} INFO - Processing /home/airflow/.local/lib/python3.12/site-packages/airflow/example_dags/tutorial_dag.py took 0.345 seconds
[2025-03-31T15:17:51.854+0000] {processor.py:186} INFO - Started process (PID=58010) to work on /home/airflow/.local/lib/python3.12/site-packages/airflow/example_dags/tutorial_dag.py
[2025-03-31T15:17:51.856+0000] {processor.py:914} INFO - Processing file /home/airflow/.local/lib/python3.12/site-packages/airflow/example_dags/tutorial_dag.py for tasks to queue
[2025-03-31T15:17:51.860+0000] {logging_mixin.py:190} INFO - [2025-03-31T15:17:51.859+0000] {dagbag.py:588} INFO - Filling up the DagBag from /home/airflow/.local/lib/python3.12/site-packages/airflow/example_dags/tutorial_dag.py
[2025-03-31T15:17:51.878+0000] {processor.py:925} INFO - DAG(s) 'tutorial_dag' retrieved from /home/airflow/.local/lib/python3.12/site-packages/airflow/example_dags/tutorial_dag.py
[2025-03-31T15:17:51.925+0000] {logging_mixin.py:190} INFO - [2025-03-31T15:17:51.924+0000] {dag.py:3239} INFO - Sync 1 DAGs
[2025-03-31T15:17:51.964+0000] {logging_mixin.py:190} INFO - [2025-03-31T15:17:51.964+0000] {dag.py:4180} INFO - Setting next_dagrun for tutorial_dag to None, run_after=None
[2025-03-31T15:17:52.012+0000] {processor.py:208} INFO - Processing /home/airflow/.local/lib/python3.12/site-packages/airflow/example_dags/tutorial_dag.py took 0.173 seconds
[2025-03-31T15:18:22.762+0000] {processor.py:186} INFO - Started process (PID=58075) to work on /home/airflow/.local/lib/python3.12/site-packages/airflow/example_dags/tutorial_dag.py
[2025-03-31T15:18:22.764+0000] {processor.py:914} INFO - Processing file /home/airflow/.local/lib/python3.12/site-packages/airflow/example_dags/tutorial_dag.py for tasks to queue
[2025-03-31T15:18:22.767+0000] {logging_mixin.py:190} INFO - [2025-03-31T15:18:22.766+0000] {dagbag.py:588} INFO - Filling up the DagBag from /home/airflow/.local/lib/python3.12/site-packages/airflow/example_dags/tutorial_dag.py
[2025-03-31T15:18:22.797+0000] {processor.py:925} INFO - DAG(s) 'tutorial_dag' retrieved from /home/airflow/.local/lib/python3.12/site-packages/airflow/example_dags/tutorial_dag.py
[2025-03-31T15:18:22.857+0000] {logging_mixin.py:190} INFO - [2025-03-31T15:18:22.857+0000] {dag.py:3239} INFO - Sync 1 DAGs
[2025-03-31T15:18:22.939+0000] {logging_mixin.py:190} INFO - [2025-03-31T15:18:22.927+0000] {dag.py:4180} INFO - Setting next_dagrun for tutorial_dag to None, run_after=None
[2025-03-31T15:18:23.028+0000] {processor.py:208} INFO - Processing /home/airflow/.local/lib/python3.12/site-packages/airflow/example_dags/tutorial_dag.py took 0.280 seconds
[2025-03-31T15:18:53.275+0000] {processor.py:186} INFO - Started process (PID=58138) to work on /home/airflow/.local/lib/python3.12/site-packages/airflow/example_dags/tutorial_dag.py
[2025-03-31T15:18:53.277+0000] {processor.py:914} INFO - Processing file /home/airflow/.local/lib/python3.12/site-packages/airflow/example_dags/tutorial_dag.py for tasks to queue
[2025-03-31T15:18:53.281+0000] {logging_mixin.py:190} INFO - [2025-03-31T15:18:53.280+0000] {dagbag.py:588} INFO - Filling up the DagBag from /home/airflow/.local/lib/python3.12/site-packages/airflow/example_dags/tutorial_dag.py
[2025-03-31T15:18:53.297+0000] {processor.py:925} INFO - DAG(s) 'tutorial_dag' retrieved from /home/airflow/.local/lib/python3.12/site-packages/airflow/example_dags/tutorial_dag.py
[2025-03-31T15:18:53.344+0000] {logging_mixin.py:190} INFO - [2025-03-31T15:18:53.343+0000] {dag.py:3239} INFO - Sync 1 DAGs
[2025-03-31T15:18:53.387+0000] {logging_mixin.py:190} INFO - [2025-03-31T15:18:53.386+0000] {dag.py:4180} INFO - Setting next_dagrun for tutorial_dag to None, run_after=None
[2025-03-31T15:18:53.449+0000] {processor.py:208} INFO - Processing /home/airflow/.local/lib/python3.12/site-packages/airflow/example_dags/tutorial_dag.py took 0.185 seconds
[2025-03-31T15:19:24.159+0000] {processor.py:186} INFO - Started process (PID=58204) to work on /home/airflow/.local/lib/python3.12/site-packages/airflow/example_dags/tutorial_dag.py
[2025-03-31T15:19:24.161+0000] {processor.py:914} INFO - Processing file /home/airflow/.local/lib/python3.12/site-packages/airflow/example_dags/tutorial_dag.py for tasks to queue
[2025-03-31T15:19:24.164+0000] {logging_mixin.py:190} INFO - [2025-03-31T15:19:24.163+0000] {dagbag.py:588} INFO - Filling up the DagBag from /home/airflow/.local/lib/python3.12/site-packages/airflow/example_dags/tutorial_dag.py
[2025-03-31T15:19:24.180+0000] {processor.py:925} INFO - DAG(s) 'tutorial_dag' retrieved from /home/airflow/.local/lib/python3.12/site-packages/airflow/example_dags/tutorial_dag.py
[2025-03-31T15:19:24.218+0000] {logging_mixin.py:190} INFO - [2025-03-31T15:19:24.218+0000] {dag.py:3239} INFO - Sync 1 DAGs
[2025-03-31T15:19:24.248+0000] {logging_mixin.py:190} INFO - [2025-03-31T15:19:24.247+0000] {dag.py:4180} INFO - Setting next_dagrun for tutorial_dag to None, run_after=None
[2025-03-31T15:19:24.293+0000] {processor.py:208} INFO - Processing /home/airflow/.local/lib/python3.12/site-packages/airflow/example_dags/tutorial_dag.py took 0.143 seconds
[2025-03-31T15:19:54.773+0000] {processor.py:186} INFO - Started process (PID=58267) to work on /home/airflow/.local/lib/python3.12/site-packages/airflow/example_dags/tutorial_dag.py
[2025-03-31T15:19:54.775+0000] {processor.py:914} INFO - Processing file /home/airflow/.local/lib/python3.12/site-packages/airflow/example_dags/tutorial_dag.py for tasks to queue
[2025-03-31T15:19:54.777+0000] {logging_mixin.py:190} INFO - [2025-03-31T15:19:54.777+0000] {dagbag.py:588} INFO - Filling up the DagBag from /home/airflow/.local/lib/python3.12/site-packages/airflow/example_dags/tutorial_dag.py
[2025-03-31T15:19:54.795+0000] {processor.py:925} INFO - DAG(s) 'tutorial_dag' retrieved from /home/airflow/.local/lib/python3.12/site-packages/airflow/example_dags/tutorial_dag.py
[2025-03-31T15:19:54.839+0000] {logging_mixin.py:190} INFO - [2025-03-31T15:19:54.839+0000] {dag.py:3239} INFO - Sync 1 DAGs
[2025-03-31T15:19:54.874+0000] {logging_mixin.py:190} INFO - [2025-03-31T15:19:54.873+0000] {dag.py:4180} INFO - Setting next_dagrun for tutorial_dag to None, run_after=None
[2025-03-31T15:19:54.921+0000] {processor.py:208} INFO - Processing /home/airflow/.local/lib/python3.12/site-packages/airflow/example_dags/tutorial_dag.py took 0.157 seconds
[2025-03-31T15:20:25.194+0000] {processor.py:186} INFO - Started process (PID=58329) to work on /home/airflow/.local/lib/python3.12/site-packages/airflow/example_dags/tutorial_dag.py
[2025-03-31T15:20:25.197+0000] {processor.py:914} INFO - Processing file /home/airflow/.local/lib/python3.12/site-packages/airflow/example_dags/tutorial_dag.py for tasks to queue
[2025-03-31T15:20:25.199+0000] {logging_mixin.py:190} INFO - [2025-03-31T15:20:25.199+0000] {dagbag.py:588} INFO - Filling up the DagBag from /home/airflow/.local/lib/python3.12/site-packages/airflow/example_dags/tutorial_dag.py
[2025-03-31T15:20:25.218+0000] {processor.py:925} INFO - DAG(s) 'tutorial_dag' retrieved from /home/airflow/.local/lib/python3.12/site-packages/airflow/example_dags/tutorial_dag.py
[2025-03-31T15:20:25.268+0000] {logging_mixin.py:190} INFO - [2025-03-31T15:20:25.268+0000] {dag.py:3239} INFO - Sync 1 DAGs
[2025-03-31T15:20:25.315+0000] {logging_mixin.py:190} INFO - [2025-03-31T15:20:25.314+0000] {dag.py:4180} INFO - Setting next_dagrun for tutorial_dag to None, run_after=None
[2025-03-31T15:20:25.376+0000] {processor.py:208} INFO - Processing /home/airflow/.local/lib/python3.12/site-packages/airflow/example_dags/tutorial_dag.py took 0.194 seconds
[2025-03-31T15:20:55.790+0000] {processor.py:186} INFO - Started process (PID=58394) to work on /home/airflow/.local/lib/python3.12/site-packages/airflow/example_dags/tutorial_dag.py
[2025-03-31T15:20:55.792+0000] {processor.py:914} INFO - Processing file /home/airflow/.local/lib/python3.12/site-packages/airflow/example_dags/tutorial_dag.py for tasks to queue
[2025-03-31T15:20:55.794+0000] {logging_mixin.py:190} INFO - [2025-03-31T15:20:55.794+0000] {dagbag.py:588} INFO - Filling up the DagBag from /home/airflow/.local/lib/python3.12/site-packages/airflow/example_dags/tutorial_dag.py
[2025-03-31T15:20:55.810+0000] {processor.py:925} INFO - DAG(s) 'tutorial_dag' retrieved from /home/airflow/.local/lib/python3.12/site-packages/airflow/example_dags/tutorial_dag.py
[2025-03-31T15:20:55.849+0000] {logging_mixin.py:190} INFO - [2025-03-31T15:20:55.848+0000] {dag.py:3239} INFO - Sync 1 DAGs
[2025-03-31T15:20:55.877+0000] {logging_mixin.py:190} INFO - [2025-03-31T15:20:55.876+0000] {dag.py:4180} INFO - Setting next_dagrun for tutorial_dag to None, run_after=None
[2025-03-31T15:20:55.917+0000] {processor.py:208} INFO - Processing /home/airflow/.local/lib/python3.12/site-packages/airflow/example_dags/tutorial_dag.py took 0.145 seconds
[2025-03-31T15:21:26.205+0000] {processor.py:186} INFO - Started process (PID=58459) to work on /home/airflow/.local/lib/python3.12/site-packages/airflow/example_dags/tutorial_dag.py
[2025-03-31T15:21:26.208+0000] {processor.py:914} INFO - Processing file /home/airflow/.local/lib/python3.12/site-packages/airflow/example_dags/tutorial_dag.py for tasks to queue
[2025-03-31T15:21:26.210+0000] {logging_mixin.py:190} INFO - [2025-03-31T15:21:26.209+0000] {dagbag.py:588} INFO - Filling up the DagBag from /home/airflow/.local/lib/python3.12/site-packages/airflow/example_dags/tutorial_dag.py
[2025-03-31T15:21:26.224+0000] {processor.py:925} INFO - DAG(s) 'tutorial_dag' retrieved from /home/airflow/.local/lib/python3.12/site-packages/airflow/example_dags/tutorial_dag.py
[2025-03-31T15:21:26.259+0000] {logging_mixin.py:190} INFO - [2025-03-31T15:21:26.259+0000] {dag.py:3239} INFO - Sync 1 DAGs
[2025-03-31T15:21:26.293+0000] {logging_mixin.py:190} INFO - [2025-03-31T15:21:26.293+0000] {dag.py:4180} INFO - Setting next_dagrun for tutorial_dag to None, run_after=None
[2025-03-31T15:21:26.331+0000] {processor.py:208} INFO - Processing /home/airflow/.local/lib/python3.12/site-packages/airflow/example_dags/tutorial_dag.py took 0.137 seconds
[2025-03-31T15:21:56.527+0000] {processor.py:186} INFO - Started process (PID=58524) to work on /home/airflow/.local/lib/python3.12/site-packages/airflow/example_dags/tutorial_dag.py
[2025-03-31T15:21:56.529+0000] {processor.py:914} INFO - Processing file /home/airflow/.local/lib/python3.12/site-packages/airflow/example_dags/tutorial_dag.py for tasks to queue
[2025-03-31T15:21:56.531+0000] {logging_mixin.py:190} INFO - [2025-03-31T15:21:56.530+0000] {dagbag.py:588} INFO - Filling up the DagBag from /home/airflow/.local/lib/python3.12/site-packages/airflow/example_dags/tutorial_dag.py
[2025-03-31T15:21:56.544+0000] {processor.py:925} INFO - DAG(s) 'tutorial_dag' retrieved from /home/airflow/.local/lib/python3.12/site-packages/airflow/example_dags/tutorial_dag.py
[2025-03-31T15:21:56.575+0000] {logging_mixin.py:190} INFO - [2025-03-31T15:21:56.574+0000] {dag.py:3239} INFO - Sync 1 DAGs
[2025-03-31T15:21:56.600+0000] {logging_mixin.py:190} INFO - [2025-03-31T15:21:56.599+0000] {dag.py:4180} INFO - Setting next_dagrun for tutorial_dag to None, run_after=None
[2025-03-31T15:21:56.666+0000] {processor.py:208} INFO - Processing /home/airflow/.local/lib/python3.12/site-packages/airflow/example_dags/tutorial_dag.py took 0.148 seconds
[2025-03-31T15:22:27.131+0000] {processor.py:186} INFO - Started process (PID=58589) to work on /home/airflow/.local/lib/python3.12/site-packages/airflow/example_dags/tutorial_dag.py
[2025-03-31T15:22:27.133+0000] {processor.py:914} INFO - Processing file /home/airflow/.local/lib/python3.12/site-packages/airflow/example_dags/tutorial_dag.py for tasks to queue
[2025-03-31T15:22:27.136+0000] {logging_mixin.py:190} INFO - [2025-03-31T15:22:27.136+0000] {dagbag.py:588} INFO - Filling up the DagBag from /home/airflow/.local/lib/python3.12/site-packages/airflow/example_dags/tutorial_dag.py
[2025-03-31T15:22:27.149+0000] {processor.py:925} INFO - DAG(s) 'tutorial_dag' retrieved from /home/airflow/.local/lib/python3.12/site-packages/airflow/example_dags/tutorial_dag.py
[2025-03-31T15:22:27.180+0000] {logging_mixin.py:190} INFO - [2025-03-31T15:22:27.180+0000] {dag.py:3239} INFO - Sync 1 DAGs
[2025-03-31T15:22:27.212+0000] {logging_mixin.py:190} INFO - [2025-03-31T15:22:27.212+0000] {dag.py:4180} INFO - Setting next_dagrun for tutorial_dag to None, run_after=None
[2025-03-31T15:22:27.244+0000] {processor.py:208} INFO - Processing /home/airflow/.local/lib/python3.12/site-packages/airflow/example_dags/tutorial_dag.py took 0.121 seconds
[2025-03-31T15:22:57.867+0000] {processor.py:186} INFO - Started process (PID=58654) to work on /home/airflow/.local/lib/python3.12/site-packages/airflow/example_dags/tutorial_dag.py
[2025-03-31T15:22:57.869+0000] {processor.py:914} INFO - Processing file /home/airflow/.local/lib/python3.12/site-packages/airflow/example_dags/tutorial_dag.py for tasks to queue
[2025-03-31T15:22:57.873+0000] {logging_mixin.py:190} INFO - [2025-03-31T15:22:57.872+0000] {dagbag.py:588} INFO - Filling up the DagBag from /home/airflow/.local/lib/python3.12/site-packages/airflow/example_dags/tutorial_dag.py
[2025-03-31T15:22:57.895+0000] {processor.py:925} INFO - DAG(s) 'tutorial_dag' retrieved from /home/airflow/.local/lib/python3.12/site-packages/airflow/example_dags/tutorial_dag.py
[2025-03-31T15:22:57.948+0000] {logging_mixin.py:190} INFO - [2025-03-31T15:22:57.947+0000] {dag.py:3239} INFO - Sync 1 DAGs
[2025-03-31T15:22:57.989+0000] {logging_mixin.py:190} INFO - [2025-03-31T15:22:57.989+0000] {dag.py:4180} INFO - Setting next_dagrun for tutorial_dag to None, run_after=None
[2025-03-31T15:22:58.038+0000] {processor.py:208} INFO - Processing /home/airflow/.local/lib/python3.12/site-packages/airflow/example_dags/tutorial_dag.py took 0.184 seconds
[2025-03-31T15:23:28.141+0000] {processor.py:186} INFO - Started process (PID=58719) to work on /home/airflow/.local/lib/python3.12/site-packages/airflow/example_dags/tutorial_dag.py
[2025-03-31T15:23:28.143+0000] {processor.py:914} INFO - Processing file /home/airflow/.local/lib/python3.12/site-packages/airflow/example_dags/tutorial_dag.py for tasks to queue
[2025-03-31T15:23:28.146+0000] {logging_mixin.py:190} INFO - [2025-03-31T15:23:28.145+0000] {dagbag.py:588} INFO - Filling up the DagBag from /home/airflow/.local/lib/python3.12/site-packages/airflow/example_dags/tutorial_dag.py
[2025-03-31T15:23:28.160+0000] {processor.py:925} INFO - DAG(s) 'tutorial_dag' retrieved from /home/airflow/.local/lib/python3.12/site-packages/airflow/example_dags/tutorial_dag.py
[2025-03-31T15:23:28.198+0000] {logging_mixin.py:190} INFO - [2025-03-31T15:23:28.197+0000] {dag.py:3239} INFO - Sync 1 DAGs
[2025-03-31T15:23:28.227+0000] {logging_mixin.py:190} INFO - [2025-03-31T15:23:28.227+0000] {dag.py:4180} INFO - Setting next_dagrun for tutorial_dag to None, run_after=None
[2025-03-31T15:23:28.298+0000] {processor.py:208} INFO - Processing /home/airflow/.local/lib/python3.12/site-packages/airflow/example_dags/tutorial_dag.py took 0.165 seconds
[2025-03-31T15:23:58.548+0000] {processor.py:186} INFO - Started process (PID=58782) to work on /home/airflow/.local/lib/python3.12/site-packages/airflow/example_dags/tutorial_dag.py
[2025-03-31T15:23:58.550+0000] {processor.py:914} INFO - Processing file /home/airflow/.local/lib/python3.12/site-packages/airflow/example_dags/tutorial_dag.py for tasks to queue
[2025-03-31T15:23:58.553+0000] {logging_mixin.py:190} INFO - [2025-03-31T15:23:58.552+0000] {dagbag.py:588} INFO - Filling up the DagBag from /home/airflow/.local/lib/python3.12/site-packages/airflow/example_dags/tutorial_dag.py
[2025-03-31T15:23:58.568+0000] {processor.py:925} INFO - DAG(s) 'tutorial_dag' retrieved from /home/airflow/.local/lib/python3.12/site-packages/airflow/example_dags/tutorial_dag.py
[2025-03-31T15:23:58.605+0000] {logging_mixin.py:190} INFO - [2025-03-31T15:23:58.605+0000] {dag.py:3239} INFO - Sync 1 DAGs
[2025-03-31T15:23:58.636+0000] {logging_mixin.py:190} INFO - [2025-03-31T15:23:58.635+0000] {dag.py:4180} INFO - Setting next_dagrun for tutorial_dag to None, run_after=None
[2025-03-31T15:23:58.674+0000] {processor.py:208} INFO - Processing /home/airflow/.local/lib/python3.12/site-packages/airflow/example_dags/tutorial_dag.py took 0.135 seconds
[2025-03-31T15:24:29.182+0000] {processor.py:186} INFO - Started process (PID=58847) to work on /home/airflow/.local/lib/python3.12/site-packages/airflow/example_dags/tutorial_dag.py
[2025-03-31T15:24:29.184+0000] {processor.py:914} INFO - Processing file /home/airflow/.local/lib/python3.12/site-packages/airflow/example_dags/tutorial_dag.py for tasks to queue
[2025-03-31T15:24:29.187+0000] {logging_mixin.py:190} INFO - [2025-03-31T15:24:29.186+0000] {dagbag.py:588} INFO - Filling up the DagBag from /home/airflow/.local/lib/python3.12/site-packages/airflow/example_dags/tutorial_dag.py
[2025-03-31T15:24:29.200+0000] {processor.py:925} INFO - DAG(s) 'tutorial_dag' retrieved from /home/airflow/.local/lib/python3.12/site-packages/airflow/example_dags/tutorial_dag.py
[2025-03-31T15:24:29.234+0000] {logging_mixin.py:190} INFO - [2025-03-31T15:24:29.234+0000] {dag.py:3239} INFO - Sync 1 DAGs
[2025-03-31T15:24:29.259+0000] {logging_mixin.py:190} INFO - [2025-03-31T15:24:29.259+0000] {dag.py:4180} INFO - Setting next_dagrun for tutorial_dag to None, run_after=None
[2025-03-31T15:24:29.296+0000] {processor.py:208} INFO - Processing /home/airflow/.local/lib/python3.12/site-packages/airflow/example_dags/tutorial_dag.py took 0.125 seconds
[2025-03-31T15:24:59.471+0000] {processor.py:186} INFO - Started process (PID=58909) to work on /home/airflow/.local/lib/python3.12/site-packages/airflow/example_dags/tutorial_dag.py
[2025-03-31T15:24:59.473+0000] {processor.py:914} INFO - Processing file /home/airflow/.local/lib/python3.12/site-packages/airflow/example_dags/tutorial_dag.py for tasks to queue
[2025-03-31T15:24:59.476+0000] {logging_mixin.py:190} INFO - [2025-03-31T15:24:59.475+0000] {dagbag.py:588} INFO - Filling up the DagBag from /home/airflow/.local/lib/python3.12/site-packages/airflow/example_dags/tutorial_dag.py
[2025-03-31T15:24:59.490+0000] {processor.py:925} INFO - DAG(s) 'tutorial_dag' retrieved from /home/airflow/.local/lib/python3.12/site-packages/airflow/example_dags/tutorial_dag.py
[2025-03-31T15:24:59.524+0000] {logging_mixin.py:190} INFO - [2025-03-31T15:24:59.523+0000] {dag.py:3239} INFO - Sync 1 DAGs
[2025-03-31T15:24:59.549+0000] {logging_mixin.py:190} INFO - [2025-03-31T15:24:59.549+0000] {dag.py:4180} INFO - Setting next_dagrun for tutorial_dag to None, run_after=None
[2025-03-31T15:24:59.585+0000] {processor.py:208} INFO - Processing /home/airflow/.local/lib/python3.12/site-packages/airflow/example_dags/tutorial_dag.py took 0.125 seconds
[2025-03-31T15:25:29.953+0000] {processor.py:186} INFO - Started process (PID=58974) to work on /home/airflow/.local/lib/python3.12/site-packages/airflow/example_dags/tutorial_dag.py
[2025-03-31T15:25:29.955+0000] {processor.py:914} INFO - Processing file /home/airflow/.local/lib/python3.12/site-packages/airflow/example_dags/tutorial_dag.py for tasks to queue
[2025-03-31T15:25:29.958+0000] {logging_mixin.py:190} INFO - [2025-03-31T15:25:29.957+0000] {dagbag.py:588} INFO - Filling up the DagBag from /home/airflow/.local/lib/python3.12/site-packages/airflow/example_dags/tutorial_dag.py
[2025-03-31T15:25:29.971+0000] {processor.py:925} INFO - DAG(s) 'tutorial_dag' retrieved from /home/airflow/.local/lib/python3.12/site-packages/airflow/example_dags/tutorial_dag.py
[2025-03-31T15:25:30.015+0000] {logging_mixin.py:190} INFO - [2025-03-31T15:25:30.014+0000] {dag.py:3239} INFO - Sync 1 DAGs
[2025-03-31T15:25:30.056+0000] {logging_mixin.py:190} INFO - [2025-03-31T15:25:30.055+0000] {dag.py:4180} INFO - Setting next_dagrun for tutorial_dag to None, run_after=None
[2025-03-31T15:25:30.096+0000] {processor.py:208} INFO - Processing /home/airflow/.local/lib/python3.12/site-packages/airflow/example_dags/tutorial_dag.py took 0.153 seconds
[2025-03-31T15:26:00.269+0000] {processor.py:186} INFO - Started process (PID=59038) to work on /home/airflow/.local/lib/python3.12/site-packages/airflow/example_dags/tutorial_dag.py
[2025-03-31T15:26:00.270+0000] {processor.py:914} INFO - Processing file /home/airflow/.local/lib/python3.12/site-packages/airflow/example_dags/tutorial_dag.py for tasks to queue
[2025-03-31T15:26:00.273+0000] {logging_mixin.py:190} INFO - [2025-03-31T15:26:00.272+0000] {dagbag.py:588} INFO - Filling up the DagBag from /home/airflow/.local/lib/python3.12/site-packages/airflow/example_dags/tutorial_dag.py
[2025-03-31T15:26:00.286+0000] {processor.py:925} INFO - DAG(s) 'tutorial_dag' retrieved from /home/airflow/.local/lib/python3.12/site-packages/airflow/example_dags/tutorial_dag.py
[2025-03-31T15:26:00.329+0000] {logging_mixin.py:190} INFO - [2025-03-31T15:26:00.328+0000] {dag.py:3239} INFO - Sync 1 DAGs
[2025-03-31T15:26:00.359+0000] {logging_mixin.py:190} INFO - [2025-03-31T15:26:00.358+0000] {dag.py:4180} INFO - Setting next_dagrun for tutorial_dag to None, run_after=None
[2025-03-31T15:26:00.412+0000] {processor.py:208} INFO - Processing /home/airflow/.local/lib/python3.12/site-packages/airflow/example_dags/tutorial_dag.py took 0.153 seconds
[2025-03-31T15:26:30.676+0000] {processor.py:186} INFO - Started process (PID=59103) to work on /home/airflow/.local/lib/python3.12/site-packages/airflow/example_dags/tutorial_dag.py
[2025-03-31T15:26:30.677+0000] {processor.py:914} INFO - Processing file /home/airflow/.local/lib/python3.12/site-packages/airflow/example_dags/tutorial_dag.py for tasks to queue
[2025-03-31T15:26:30.680+0000] {logging_mixin.py:190} INFO - [2025-03-31T15:26:30.679+0000] {dagbag.py:588} INFO - Filling up the DagBag from /home/airflow/.local/lib/python3.12/site-packages/airflow/example_dags/tutorial_dag.py
[2025-03-31T15:26:30.695+0000] {processor.py:925} INFO - DAG(s) 'tutorial_dag' retrieved from /home/airflow/.local/lib/python3.12/site-packages/airflow/example_dags/tutorial_dag.py
[2025-03-31T15:26:30.727+0000] {logging_mixin.py:190} INFO - [2025-03-31T15:26:30.727+0000] {dag.py:3239} INFO - Sync 1 DAGs
[2025-03-31T15:26:30.750+0000] {logging_mixin.py:190} INFO - [2025-03-31T15:26:30.750+0000] {dag.py:4180} INFO - Setting next_dagrun for tutorial_dag to None, run_after=None
[2025-03-31T15:26:30.796+0000] {processor.py:208} INFO - Processing /home/airflow/.local/lib/python3.12/site-packages/airflow/example_dags/tutorial_dag.py took 0.129 seconds
[2025-03-31T15:27:01.038+0000] {processor.py:186} INFO - Started process (PID=59168) to work on /home/airflow/.local/lib/python3.12/site-packages/airflow/example_dags/tutorial_dag.py
[2025-03-31T15:27:01.039+0000] {processor.py:914} INFO - Processing file /home/airflow/.local/lib/python3.12/site-packages/airflow/example_dags/tutorial_dag.py for tasks to queue
[2025-03-31T15:27:01.042+0000] {logging_mixin.py:190} INFO - [2025-03-31T15:27:01.041+0000] {dagbag.py:588} INFO - Filling up the DagBag from /home/airflow/.local/lib/python3.12/site-packages/airflow/example_dags/tutorial_dag.py
[2025-03-31T15:27:01.054+0000] {processor.py:925} INFO - DAG(s) 'tutorial_dag' retrieved from /home/airflow/.local/lib/python3.12/site-packages/airflow/example_dags/tutorial_dag.py
[2025-03-31T15:27:01.100+0000] {logging_mixin.py:190} INFO - [2025-03-31T15:27:01.099+0000] {dag.py:3239} INFO - Sync 1 DAGs
[2025-03-31T15:27:01.126+0000] {logging_mixin.py:190} INFO - [2025-03-31T15:27:01.125+0000] {dag.py:4180} INFO - Setting next_dagrun for tutorial_dag to None, run_after=None
[2025-03-31T15:27:01.175+0000] {processor.py:208} INFO - Processing /home/airflow/.local/lib/python3.12/site-packages/airflow/example_dags/tutorial_dag.py took 0.147 seconds
[2025-03-31T15:27:31.988+0000] {processor.py:186} INFO - Started process (PID=59233) to work on /home/airflow/.local/lib/python3.12/site-packages/airflow/example_dags/tutorial_dag.py
[2025-03-31T15:27:31.989+0000] {processor.py:914} INFO - Processing file /home/airflow/.local/lib/python3.12/site-packages/airflow/example_dags/tutorial_dag.py for tasks to queue
[2025-03-31T15:27:31.992+0000] {logging_mixin.py:190} INFO - [2025-03-31T15:27:31.991+0000] {dagbag.py:588} INFO - Filling up the DagBag from /home/airflow/.local/lib/python3.12/site-packages/airflow/example_dags/tutorial_dag.py
[2025-03-31T15:27:32.005+0000] {processor.py:925} INFO - DAG(s) 'tutorial_dag' retrieved from /home/airflow/.local/lib/python3.12/site-packages/airflow/example_dags/tutorial_dag.py
[2025-03-31T15:27:32.040+0000] {logging_mixin.py:190} INFO - [2025-03-31T15:27:32.040+0000] {dag.py:3239} INFO - Sync 1 DAGs
[2025-03-31T15:27:32.075+0000] {logging_mixin.py:190} INFO - [2025-03-31T15:27:32.074+0000] {dag.py:4180} INFO - Setting next_dagrun for tutorial_dag to None, run_after=None
[2025-03-31T15:27:32.128+0000] {processor.py:208} INFO - Processing /home/airflow/.local/lib/python3.12/site-packages/airflow/example_dags/tutorial_dag.py took 0.149 seconds
[2025-03-31T15:28:02.308+0000] {processor.py:186} INFO - Started process (PID=59297) to work on /home/airflow/.local/lib/python3.12/site-packages/airflow/example_dags/tutorial_dag.py
[2025-03-31T15:28:02.310+0000] {processor.py:914} INFO - Processing file /home/airflow/.local/lib/python3.12/site-packages/airflow/example_dags/tutorial_dag.py for tasks to queue
[2025-03-31T15:28:02.312+0000] {logging_mixin.py:190} INFO - [2025-03-31T15:28:02.312+0000] {dagbag.py:588} INFO - Filling up the DagBag from /home/airflow/.local/lib/python3.12/site-packages/airflow/example_dags/tutorial_dag.py
[2025-03-31T15:28:02.326+0000] {processor.py:925} INFO - DAG(s) 'tutorial_dag' retrieved from /home/airflow/.local/lib/python3.12/site-packages/airflow/example_dags/tutorial_dag.py
[2025-03-31T15:28:02.362+0000] {logging_mixin.py:190} INFO - [2025-03-31T15:28:02.362+0000] {dag.py:3239} INFO - Sync 1 DAGs
[2025-03-31T15:28:02.388+0000] {logging_mixin.py:190} INFO - [2025-03-31T15:28:02.388+0000] {dag.py:4180} INFO - Setting next_dagrun for tutorial_dag to None, run_after=None
[2025-03-31T15:28:02.431+0000] {processor.py:208} INFO - Processing /home/airflow/.local/lib/python3.12/site-packages/airflow/example_dags/tutorial_dag.py took 0.137 seconds
[2025-03-31T15:28:32.959+0000] {processor.py:186} INFO - Started process (PID=59360) to work on /home/airflow/.local/lib/python3.12/site-packages/airflow/example_dags/tutorial_dag.py
[2025-03-31T15:28:32.961+0000] {processor.py:914} INFO - Processing file /home/airflow/.local/lib/python3.12/site-packages/airflow/example_dags/tutorial_dag.py for tasks to queue
[2025-03-31T15:28:32.964+0000] {logging_mixin.py:190} INFO - [2025-03-31T15:28:32.963+0000] {dagbag.py:588} INFO - Filling up the DagBag from /home/airflow/.local/lib/python3.12/site-packages/airflow/example_dags/tutorial_dag.py
[2025-03-31T15:28:32.978+0000] {processor.py:925} INFO - DAG(s) 'tutorial_dag' retrieved from /home/airflow/.local/lib/python3.12/site-packages/airflow/example_dags/tutorial_dag.py
[2025-03-31T15:28:33.013+0000] {logging_mixin.py:190} INFO - [2025-03-31T15:28:33.012+0000] {dag.py:3239} INFO - Sync 1 DAGs
[2025-03-31T15:28:33.038+0000] {logging_mixin.py:190} INFO - [2025-03-31T15:28:33.038+0000] {dag.py:4180} INFO - Setting next_dagrun for tutorial_dag to None, run_after=None
[2025-03-31T15:28:33.089+0000] {processor.py:208} INFO - Processing /home/airflow/.local/lib/python3.12/site-packages/airflow/example_dags/tutorial_dag.py took 0.141 seconds
[2025-03-31T15:29:03.475+0000] {processor.py:186} INFO - Started process (PID=59425) to work on /home/airflow/.local/lib/python3.12/site-packages/airflow/example_dags/tutorial_dag.py
[2025-03-31T15:29:03.477+0000] {processor.py:914} INFO - Processing file /home/airflow/.local/lib/python3.12/site-packages/airflow/example_dags/tutorial_dag.py for tasks to queue
[2025-03-31T15:29:03.480+0000] {logging_mixin.py:190} INFO - [2025-03-31T15:29:03.479+0000] {dagbag.py:588} INFO - Filling up the DagBag from /home/airflow/.local/lib/python3.12/site-packages/airflow/example_dags/tutorial_dag.py
[2025-03-31T15:29:03.493+0000] {processor.py:925} INFO - DAG(s) 'tutorial_dag' retrieved from /home/airflow/.local/lib/python3.12/site-packages/airflow/example_dags/tutorial_dag.py
[2025-03-31T15:29:03.530+0000] {logging_mixin.py:190} INFO - [2025-03-31T15:29:03.530+0000] {dag.py:3239} INFO - Sync 1 DAGs
[2025-03-31T15:29:03.565+0000] {logging_mixin.py:190} INFO - [2025-03-31T15:29:03.564+0000] {dag.py:4180} INFO - Setting next_dagrun for tutorial_dag to None, run_after=None
[2025-03-31T15:29:03.611+0000] {processor.py:208} INFO - Processing /home/airflow/.local/lib/python3.12/site-packages/airflow/example_dags/tutorial_dag.py took 0.148 seconds
[2025-03-31T15:29:33.870+0000] {processor.py:186} INFO - Started process (PID=59490) to work on /home/airflow/.local/lib/python3.12/site-packages/airflow/example_dags/tutorial_dag.py
[2025-03-31T15:29:33.872+0000] {processor.py:914} INFO - Processing file /home/airflow/.local/lib/python3.12/site-packages/airflow/example_dags/tutorial_dag.py for tasks to queue
[2025-03-31T15:29:33.875+0000] {logging_mixin.py:190} INFO - [2025-03-31T15:29:33.874+0000] {dagbag.py:588} INFO - Filling up the DagBag from /home/airflow/.local/lib/python3.12/site-packages/airflow/example_dags/tutorial_dag.py
[2025-03-31T15:29:33.893+0000] {processor.py:925} INFO - DAG(s) 'tutorial_dag' retrieved from /home/airflow/.local/lib/python3.12/site-packages/airflow/example_dags/tutorial_dag.py
[2025-03-31T15:29:33.932+0000] {logging_mixin.py:190} INFO - [2025-03-31T15:29:33.932+0000] {dag.py:3239} INFO - Sync 1 DAGs
[2025-03-31T15:29:33.965+0000] {logging_mixin.py:190} INFO - [2025-03-31T15:29:33.964+0000] {dag.py:4180} INFO - Setting next_dagrun for tutorial_dag to None, run_after=None
[2025-03-31T15:29:34.021+0000] {processor.py:208} INFO - Processing /home/airflow/.local/lib/python3.12/site-packages/airflow/example_dags/tutorial_dag.py took 0.164 seconds
[2025-03-31T15:30:04.116+0000] {processor.py:186} INFO - Started process (PID=59553) to work on /home/airflow/.local/lib/python3.12/site-packages/airflow/example_dags/tutorial_dag.py
[2025-03-31T15:30:04.118+0000] {processor.py:914} INFO - Processing file /home/airflow/.local/lib/python3.12/site-packages/airflow/example_dags/tutorial_dag.py for tasks to queue
[2025-03-31T15:30:04.121+0000] {logging_mixin.py:190} INFO - [2025-03-31T15:30:04.120+0000] {dagbag.py:588} INFO - Filling up the DagBag from /home/airflow/.local/lib/python3.12/site-packages/airflow/example_dags/tutorial_dag.py
[2025-03-31T15:30:04.141+0000] {processor.py:925} INFO - DAG(s) 'tutorial_dag' retrieved from /home/airflow/.local/lib/python3.12/site-packages/airflow/example_dags/tutorial_dag.py
[2025-03-31T15:30:04.187+0000] {logging_mixin.py:190} INFO - [2025-03-31T15:30:04.187+0000] {dag.py:3239} INFO - Sync 1 DAGs
[2025-03-31T15:30:04.217+0000] {logging_mixin.py:190} INFO - [2025-03-31T15:30:04.216+0000] {dag.py:4180} INFO - Setting next_dagrun for tutorial_dag to None, run_after=None
[2025-03-31T15:30:04.266+0000] {processor.py:208} INFO - Processing /home/airflow/.local/lib/python3.12/site-packages/airflow/example_dags/tutorial_dag.py took 0.165 seconds
[2025-03-31T15:30:34.537+0000] {processor.py:186} INFO - Started process (PID=59618) to work on /home/airflow/.local/lib/python3.12/site-packages/airflow/example_dags/tutorial_dag.py
[2025-03-31T15:30:34.539+0000] {processor.py:914} INFO - Processing file /home/airflow/.local/lib/python3.12/site-packages/airflow/example_dags/tutorial_dag.py for tasks to queue
[2025-03-31T15:30:34.542+0000] {logging_mixin.py:190} INFO - [2025-03-31T15:30:34.542+0000] {dagbag.py:588} INFO - Filling up the DagBag from /home/airflow/.local/lib/python3.12/site-packages/airflow/example_dags/tutorial_dag.py
[2025-03-31T15:30:34.556+0000] {processor.py:925} INFO - DAG(s) 'tutorial_dag' retrieved from /home/airflow/.local/lib/python3.12/site-packages/airflow/example_dags/tutorial_dag.py
[2025-03-31T15:30:34.589+0000] {logging_mixin.py:190} INFO - [2025-03-31T15:30:34.588+0000] {dag.py:3239} INFO - Sync 1 DAGs
[2025-03-31T15:30:34.614+0000] {logging_mixin.py:190} INFO - [2025-03-31T15:30:34.613+0000] {dag.py:4180} INFO - Setting next_dagrun for tutorial_dag to None, run_after=None
[2025-03-31T15:30:34.667+0000] {processor.py:208} INFO - Processing /home/airflow/.local/lib/python3.12/site-packages/airflow/example_dags/tutorial_dag.py took 0.140 seconds
[2025-03-31T15:31:04.868+0000] {processor.py:186} INFO - Started process (PID=59679) to work on /home/airflow/.local/lib/python3.12/site-packages/airflow/example_dags/tutorial_dag.py
[2025-03-31T15:31:04.870+0000] {processor.py:914} INFO - Processing file /home/airflow/.local/lib/python3.12/site-packages/airflow/example_dags/tutorial_dag.py for tasks to queue
[2025-03-31T15:31:04.873+0000] {logging_mixin.py:190} INFO - [2025-03-31T15:31:04.872+0000] {dagbag.py:588} INFO - Filling up the DagBag from /home/airflow/.local/lib/python3.12/site-packages/airflow/example_dags/tutorial_dag.py
[2025-03-31T15:31:04.887+0000] {processor.py:925} INFO - DAG(s) 'tutorial_dag' retrieved from /home/airflow/.local/lib/python3.12/site-packages/airflow/example_dags/tutorial_dag.py
[2025-03-31T15:31:04.929+0000] {logging_mixin.py:190} INFO - [2025-03-31T15:31:04.929+0000] {dag.py:3239} INFO - Sync 1 DAGs
[2025-03-31T15:31:04.966+0000] {logging_mixin.py:190} INFO - [2025-03-31T15:31:04.966+0000] {dag.py:4180} INFO - Setting next_dagrun for tutorial_dag to None, run_after=None
[2025-03-31T15:31:05.005+0000] {processor.py:208} INFO - Processing /home/airflow/.local/lib/python3.12/site-packages/airflow/example_dags/tutorial_dag.py took 0.150 seconds
[2025-03-31T15:31:35.558+0000] {processor.py:186} INFO - Started process (PID=59743) to work on /home/airflow/.local/lib/python3.12/site-packages/airflow/example_dags/tutorial_dag.py
[2025-03-31T15:31:35.559+0000] {processor.py:914} INFO - Processing file /home/airflow/.local/lib/python3.12/site-packages/airflow/example_dags/tutorial_dag.py for tasks to queue
[2025-03-31T15:31:35.562+0000] {logging_mixin.py:190} INFO - [2025-03-31T15:31:35.561+0000] {dagbag.py:588} INFO - Filling up the DagBag from /home/airflow/.local/lib/python3.12/site-packages/airflow/example_dags/tutorial_dag.py
[2025-03-31T15:31:35.574+0000] {processor.py:925} INFO - DAG(s) 'tutorial_dag' retrieved from /home/airflow/.local/lib/python3.12/site-packages/airflow/example_dags/tutorial_dag.py
[2025-03-31T15:31:35.608+0000] {logging_mixin.py:190} INFO - [2025-03-31T15:31:35.608+0000] {dag.py:3239} INFO - Sync 1 DAGs
[2025-03-31T15:31:35.635+0000] {logging_mixin.py:190} INFO - [2025-03-31T15:31:35.635+0000] {dag.py:4180} INFO - Setting next_dagrun for tutorial_dag to None, run_after=None
[2025-03-31T15:31:35.686+0000] {processor.py:208} INFO - Processing /home/airflow/.local/lib/python3.12/site-packages/airflow/example_dags/tutorial_dag.py took 0.137 seconds
[2025-03-31T15:32:05.995+0000] {processor.py:186} INFO - Started process (PID=59807) to work on /home/airflow/.local/lib/python3.12/site-packages/airflow/example_dags/tutorial_dag.py
[2025-03-31T15:32:05.997+0000] {processor.py:914} INFO - Processing file /home/airflow/.local/lib/python3.12/site-packages/airflow/example_dags/tutorial_dag.py for tasks to queue
[2025-03-31T15:32:05.999+0000] {logging_mixin.py:190} INFO - [2025-03-31T15:32:05.998+0000] {dagbag.py:588} INFO - Filling up the DagBag from /home/airflow/.local/lib/python3.12/site-packages/airflow/example_dags/tutorial_dag.py
[2025-03-31T15:32:06.015+0000] {processor.py:925} INFO - DAG(s) 'tutorial_dag' retrieved from /home/airflow/.local/lib/python3.12/site-packages/airflow/example_dags/tutorial_dag.py
[2025-03-31T15:32:06.054+0000] {logging_mixin.py:190} INFO - [2025-03-31T15:32:06.053+0000] {dag.py:3239} INFO - Sync 1 DAGs
[2025-03-31T15:32:06.079+0000] {logging_mixin.py:190} INFO - [2025-03-31T15:32:06.078+0000] {dag.py:4180} INFO - Setting next_dagrun for tutorial_dag to None, run_after=None
[2025-03-31T15:32:06.129+0000] {processor.py:208} INFO - Processing /home/airflow/.local/lib/python3.12/site-packages/airflow/example_dags/tutorial_dag.py took 0.145 seconds
[2025-03-31T15:32:36.454+0000] {processor.py:186} INFO - Started process (PID=59871) to work on /home/airflow/.local/lib/python3.12/site-packages/airflow/example_dags/tutorial_dag.py
[2025-03-31T15:32:36.457+0000] {processor.py:914} INFO - Processing file /home/airflow/.local/lib/python3.12/site-packages/airflow/example_dags/tutorial_dag.py for tasks to queue
[2025-03-31T15:32:36.461+0000] {logging_mixin.py:190} INFO - [2025-03-31T15:32:36.461+0000] {dagbag.py:588} INFO - Filling up the DagBag from /home/airflow/.local/lib/python3.12/site-packages/airflow/example_dags/tutorial_dag.py
[2025-03-31T15:32:36.478+0000] {processor.py:925} INFO - DAG(s) 'tutorial_dag' retrieved from /home/airflow/.local/lib/python3.12/site-packages/airflow/example_dags/tutorial_dag.py
[2025-03-31T15:32:36.528+0000] {logging_mixin.py:190} INFO - [2025-03-31T15:32:36.527+0000] {dag.py:3239} INFO - Sync 1 DAGs
[2025-03-31T15:32:36.567+0000] {logging_mixin.py:190} INFO - [2025-03-31T15:32:36.567+0000] {dag.py:4180} INFO - Setting next_dagrun for tutorial_dag to None, run_after=None
[2025-03-31T15:32:36.624+0000] {processor.py:208} INFO - Processing /home/airflow/.local/lib/python3.12/site-packages/airflow/example_dags/tutorial_dag.py took 0.182 seconds
[2025-03-31T15:33:07.214+0000] {processor.py:186} INFO - Started process (PID=59936) to work on /home/airflow/.local/lib/python3.12/site-packages/airflow/example_dags/tutorial_dag.py
[2025-03-31T15:33:07.217+0000] {processor.py:914} INFO - Processing file /home/airflow/.local/lib/python3.12/site-packages/airflow/example_dags/tutorial_dag.py for tasks to queue
[2025-03-31T15:33:07.220+0000] {logging_mixin.py:190} INFO - [2025-03-31T15:33:07.219+0000] {dagbag.py:588} INFO - Filling up the DagBag from /home/airflow/.local/lib/python3.12/site-packages/airflow/example_dags/tutorial_dag.py
[2025-03-31T15:33:07.235+0000] {processor.py:925} INFO - DAG(s) 'tutorial_dag' retrieved from /home/airflow/.local/lib/python3.12/site-packages/airflow/example_dags/tutorial_dag.py
[2025-03-31T15:33:07.274+0000] {logging_mixin.py:190} INFO - [2025-03-31T15:33:07.274+0000] {dag.py:3239} INFO - Sync 1 DAGs
[2025-03-31T15:33:07.315+0000] {logging_mixin.py:190} INFO - [2025-03-31T15:33:07.315+0000] {dag.py:4180} INFO - Setting next_dagrun for tutorial_dag to None, run_after=None
[2025-03-31T15:33:07.381+0000] {processor.py:208} INFO - Processing /home/airflow/.local/lib/python3.12/site-packages/airflow/example_dags/tutorial_dag.py took 0.178 seconds
[2025-03-31T15:33:37.652+0000] {processor.py:186} INFO - Started process (PID=60001) to work on /home/airflow/.local/lib/python3.12/site-packages/airflow/example_dags/tutorial_dag.py
[2025-03-31T15:33:37.654+0000] {processor.py:914} INFO - Processing file /home/airflow/.local/lib/python3.12/site-packages/airflow/example_dags/tutorial_dag.py for tasks to queue
[2025-03-31T15:33:37.656+0000] {logging_mixin.py:190} INFO - [2025-03-31T15:33:37.656+0000] {dagbag.py:588} INFO - Filling up the DagBag from /home/airflow/.local/lib/python3.12/site-packages/airflow/example_dags/tutorial_dag.py
[2025-03-31T15:33:37.668+0000] {processor.py:925} INFO - DAG(s) 'tutorial_dag' retrieved from /home/airflow/.local/lib/python3.12/site-packages/airflow/example_dags/tutorial_dag.py
[2025-03-31T15:33:37.700+0000] {logging_mixin.py:190} INFO - [2025-03-31T15:33:37.699+0000] {dag.py:3239} INFO - Sync 1 DAGs
[2025-03-31T15:33:37.723+0000] {logging_mixin.py:190} INFO - [2025-03-31T15:33:37.723+0000] {dag.py:4180} INFO - Setting next_dagrun for tutorial_dag to None, run_after=None
[2025-03-31T15:33:37.989+0000] {processor.py:208} INFO - Processing /home/airflow/.local/lib/python3.12/site-packages/airflow/example_dags/tutorial_dag.py took 0.346 seconds
[2025-03-31T15:34:08.093+0000] {processor.py:186} INFO - Started process (PID=60066) to work on /home/airflow/.local/lib/python3.12/site-packages/airflow/example_dags/tutorial_dag.py
[2025-03-31T15:34:08.095+0000] {processor.py:914} INFO - Processing file /home/airflow/.local/lib/python3.12/site-packages/airflow/example_dags/tutorial_dag.py for tasks to queue
[2025-03-31T15:34:08.099+0000] {logging_mixin.py:190} INFO - [2025-03-31T15:34:08.098+0000] {dagbag.py:588} INFO - Filling up the DagBag from /home/airflow/.local/lib/python3.12/site-packages/airflow/example_dags/tutorial_dag.py
[2025-03-31T15:34:08.119+0000] {processor.py:925} INFO - DAG(s) 'tutorial_dag' retrieved from /home/airflow/.local/lib/python3.12/site-packages/airflow/example_dags/tutorial_dag.py
[2025-03-31T15:34:08.159+0000] {logging_mixin.py:190} INFO - [2025-03-31T15:34:08.158+0000] {dag.py:3239} INFO - Sync 1 DAGs
[2025-03-31T15:34:08.184+0000] {logging_mixin.py:190} INFO - [2025-03-31T15:34:08.183+0000] {dag.py:4180} INFO - Setting next_dagrun for tutorial_dag to None, run_after=None
[2025-03-31T15:34:08.217+0000] {processor.py:208} INFO - Processing /home/airflow/.local/lib/python3.12/site-packages/airflow/example_dags/tutorial_dag.py took 0.135 seconds
[2025-03-31T15:34:38.851+0000] {processor.py:186} INFO - Started process (PID=60131) to work on /home/airflow/.local/lib/python3.12/site-packages/airflow/example_dags/tutorial_dag.py
[2025-03-31T15:34:38.853+0000] {processor.py:914} INFO - Processing file /home/airflow/.local/lib/python3.12/site-packages/airflow/example_dags/tutorial_dag.py for tasks to queue
[2025-03-31T15:34:38.858+0000] {logging_mixin.py:190} INFO - [2025-03-31T15:34:38.856+0000] {dagbag.py:588} INFO - Filling up the DagBag from /home/airflow/.local/lib/python3.12/site-packages/airflow/example_dags/tutorial_dag.py
[2025-03-31T15:34:38.875+0000] {processor.py:925} INFO - DAG(s) 'tutorial_dag' retrieved from /home/airflow/.local/lib/python3.12/site-packages/airflow/example_dags/tutorial_dag.py
[2025-03-31T15:34:38.919+0000] {logging_mixin.py:190} INFO - [2025-03-31T15:34:38.918+0000] {dag.py:3239} INFO - Sync 1 DAGs
[2025-03-31T15:34:38.964+0000] {logging_mixin.py:190} INFO - [2025-03-31T15:34:38.963+0000] {dag.py:4180} INFO - Setting next_dagrun for tutorial_dag to None, run_after=None
[2025-03-31T15:34:39.033+0000] {processor.py:208} INFO - Processing /home/airflow/.local/lib/python3.12/site-packages/airflow/example_dags/tutorial_dag.py took 0.197 seconds
[2025-03-31T15:35:09.572+0000] {processor.py:186} INFO - Started process (PID=60196) to work on /home/airflow/.local/lib/python3.12/site-packages/airflow/example_dags/tutorial_dag.py
[2025-03-31T15:35:09.574+0000] {processor.py:914} INFO - Processing file /home/airflow/.local/lib/python3.12/site-packages/airflow/example_dags/tutorial_dag.py for tasks to queue
[2025-03-31T15:35:09.577+0000] {logging_mixin.py:190} INFO - [2025-03-31T15:35:09.577+0000] {dagbag.py:588} INFO - Filling up the DagBag from /home/airflow/.local/lib/python3.12/site-packages/airflow/example_dags/tutorial_dag.py
[2025-03-31T15:35:09.591+0000] {processor.py:925} INFO - DAG(s) 'tutorial_dag' retrieved from /home/airflow/.local/lib/python3.12/site-packages/airflow/example_dags/tutorial_dag.py
[2025-03-31T15:35:09.857+0000] {logging_mixin.py:190} INFO - [2025-03-31T15:35:09.857+0000] {dag.py:3239} INFO - Sync 1 DAGs
[2025-03-31T15:35:09.879+0000] {logging_mixin.py:190} INFO - [2025-03-31T15:35:09.879+0000] {dag.py:4180} INFO - Setting next_dagrun for tutorial_dag to None, run_after=None
[2025-03-31T15:35:09.915+0000] {processor.py:208} INFO - Processing /home/airflow/.local/lib/python3.12/site-packages/airflow/example_dags/tutorial_dag.py took 0.352 seconds
[2025-03-31T15:35:40.575+0000] {processor.py:186} INFO - Started process (PID=60261) to work on /home/airflow/.local/lib/python3.12/site-packages/airflow/example_dags/tutorial_dag.py
[2025-03-31T15:35:40.577+0000] {processor.py:914} INFO - Processing file /home/airflow/.local/lib/python3.12/site-packages/airflow/example_dags/tutorial_dag.py for tasks to queue
[2025-03-31T15:35:40.579+0000] {logging_mixin.py:190} INFO - [2025-03-31T15:35:40.579+0000] {dagbag.py:588} INFO - Filling up the DagBag from /home/airflow/.local/lib/python3.12/site-packages/airflow/example_dags/tutorial_dag.py
[2025-03-31T15:35:40.596+0000] {processor.py:925} INFO - DAG(s) 'tutorial_dag' retrieved from /home/airflow/.local/lib/python3.12/site-packages/airflow/example_dags/tutorial_dag.py
[2025-03-31T15:35:40.642+0000] {logging_mixin.py:190} INFO - [2025-03-31T15:35:40.642+0000] {dag.py:3239} INFO - Sync 1 DAGs
[2025-03-31T15:35:40.677+0000] {logging_mixin.py:190} INFO - [2025-03-31T15:35:40.677+0000] {dag.py:4180} INFO - Setting next_dagrun for tutorial_dag to None, run_after=None
[2025-03-31T15:35:40.740+0000] {processor.py:208} INFO - Processing /home/airflow/.local/lib/python3.12/site-packages/airflow/example_dags/tutorial_dag.py took 0.178 seconds
[2025-03-31T15:36:10.982+0000] {processor.py:186} INFO - Started process (PID=60326) to work on /home/airflow/.local/lib/python3.12/site-packages/airflow/example_dags/tutorial_dag.py
[2025-03-31T15:36:10.984+0000] {processor.py:914} INFO - Processing file /home/airflow/.local/lib/python3.12/site-packages/airflow/example_dags/tutorial_dag.py for tasks to queue
[2025-03-31T15:36:10.986+0000] {logging_mixin.py:190} INFO - [2025-03-31T15:36:10.986+0000] {dagbag.py:588} INFO - Filling up the DagBag from /home/airflow/.local/lib/python3.12/site-packages/airflow/example_dags/tutorial_dag.py
[2025-03-31T15:36:10.999+0000] {processor.py:925} INFO - DAG(s) 'tutorial_dag' retrieved from /home/airflow/.local/lib/python3.12/site-packages/airflow/example_dags/tutorial_dag.py
[2025-03-31T15:36:11.050+0000] {logging_mixin.py:190} INFO - [2025-03-31T15:36:11.049+0000] {dag.py:3239} INFO - Sync 1 DAGs
[2025-03-31T15:36:11.076+0000] {logging_mixin.py:190} INFO - [2025-03-31T15:36:11.075+0000] {dag.py:4180} INFO - Setting next_dagrun for tutorial_dag to None, run_after=None
[2025-03-31T15:36:11.113+0000] {processor.py:208} INFO - Processing /home/airflow/.local/lib/python3.12/site-packages/airflow/example_dags/tutorial_dag.py took 0.140 seconds
[2025-03-31T15:36:41.264+0000] {processor.py:186} INFO - Started process (PID=60398) to work on /home/airflow/.local/lib/python3.12/site-packages/airflow/example_dags/tutorial_dag.py
[2025-03-31T15:36:41.266+0000] {processor.py:914} INFO - Processing file /home/airflow/.local/lib/python3.12/site-packages/airflow/example_dags/tutorial_dag.py for tasks to queue
[2025-03-31T15:36:41.268+0000] {logging_mixin.py:190} INFO - [2025-03-31T15:36:41.268+0000] {dagbag.py:588} INFO - Filling up the DagBag from /home/airflow/.local/lib/python3.12/site-packages/airflow/example_dags/tutorial_dag.py
[2025-03-31T15:36:41.285+0000] {processor.py:925} INFO - DAG(s) 'tutorial_dag' retrieved from /home/airflow/.local/lib/python3.12/site-packages/airflow/example_dags/tutorial_dag.py
[2025-03-31T15:36:41.324+0000] {logging_mixin.py:190} INFO - [2025-03-31T15:36:41.323+0000] {dag.py:3239} INFO - Sync 1 DAGs
[2025-03-31T15:36:41.353+0000] {logging_mixin.py:190} INFO - [2025-03-31T15:36:41.353+0000] {dag.py:4180} INFO - Setting next_dagrun for tutorial_dag to None, run_after=None
[2025-03-31T15:36:41.402+0000] {processor.py:208} INFO - Processing /home/airflow/.local/lib/python3.12/site-packages/airflow/example_dags/tutorial_dag.py took 0.147 seconds
[2025-03-31T15:37:11.582+0000] {processor.py:186} INFO - Started process (PID=60462) to work on /home/airflow/.local/lib/python3.12/site-packages/airflow/example_dags/tutorial_dag.py
[2025-03-31T15:37:11.585+0000] {processor.py:914} INFO - Processing file /home/airflow/.local/lib/python3.12/site-packages/airflow/example_dags/tutorial_dag.py for tasks to queue
[2025-03-31T15:37:11.587+0000] {logging_mixin.py:190} INFO - [2025-03-31T15:37:11.587+0000] {dagbag.py:588} INFO - Filling up the DagBag from /home/airflow/.local/lib/python3.12/site-packages/airflow/example_dags/tutorial_dag.py
[2025-03-31T15:37:11.600+0000] {processor.py:925} INFO - DAG(s) 'tutorial_dag' retrieved from /home/airflow/.local/lib/python3.12/site-packages/airflow/example_dags/tutorial_dag.py
[2025-03-31T15:37:11.632+0000] {logging_mixin.py:190} INFO - [2025-03-31T15:37:11.632+0000] {dag.py:3239} INFO - Sync 1 DAGs
[2025-03-31T15:37:11.658+0000] {logging_mixin.py:190} INFO - [2025-03-31T15:37:11.658+0000] {dag.py:4180} INFO - Setting next_dagrun for tutorial_dag to None, run_after=None
[2025-03-31T15:37:11.692+0000] {processor.py:208} INFO - Processing /home/airflow/.local/lib/python3.12/site-packages/airflow/example_dags/tutorial_dag.py took 0.118 seconds
[2025-03-31T15:37:42.613+0000] {processor.py:186} INFO - Started process (PID=60528) to work on /home/airflow/.local/lib/python3.12/site-packages/airflow/example_dags/tutorial_dag.py
[2025-03-31T15:37:42.615+0000] {processor.py:914} INFO - Processing file /home/airflow/.local/lib/python3.12/site-packages/airflow/example_dags/tutorial_dag.py for tasks to queue
[2025-03-31T15:37:42.618+0000] {logging_mixin.py:190} INFO - [2025-03-31T15:37:42.617+0000] {dagbag.py:588} INFO - Filling up the DagBag from /home/airflow/.local/lib/python3.12/site-packages/airflow/example_dags/tutorial_dag.py
[2025-03-31T15:37:42.630+0000] {processor.py:925} INFO - DAG(s) 'tutorial_dag' retrieved from /home/airflow/.local/lib/python3.12/site-packages/airflow/example_dags/tutorial_dag.py
[2025-03-31T15:37:42.667+0000] {logging_mixin.py:190} INFO - [2025-03-31T15:37:42.666+0000] {dag.py:3239} INFO - Sync 1 DAGs
[2025-03-31T15:37:42.697+0000] {logging_mixin.py:190} INFO - [2025-03-31T15:37:42.697+0000] {dag.py:4180} INFO - Setting next_dagrun for tutorial_dag to None, run_after=None
[2025-03-31T15:37:42.746+0000] {processor.py:208} INFO - Processing /home/airflow/.local/lib/python3.12/site-packages/airflow/example_dags/tutorial_dag.py took 0.141 seconds
[2025-03-31T15:38:13.414+0000] {processor.py:186} INFO - Started process (PID=60594) to work on /home/airflow/.local/lib/python3.12/site-packages/airflow/example_dags/tutorial_dag.py
[2025-03-31T15:38:13.416+0000] {processor.py:914} INFO - Processing file /home/airflow/.local/lib/python3.12/site-packages/airflow/example_dags/tutorial_dag.py for tasks to queue
[2025-03-31T15:38:13.420+0000] {logging_mixin.py:190} INFO - [2025-03-31T15:38:13.418+0000] {dagbag.py:588} INFO - Filling up the DagBag from /home/airflow/.local/lib/python3.12/site-packages/airflow/example_dags/tutorial_dag.py
[2025-03-31T15:38:13.437+0000] {processor.py:925} INFO - DAG(s) 'tutorial_dag' retrieved from /home/airflow/.local/lib/python3.12/site-packages/airflow/example_dags/tutorial_dag.py
[2025-03-31T15:38:13.477+0000] {logging_mixin.py:190} INFO - [2025-03-31T15:38:13.477+0000] {dag.py:3239} INFO - Sync 1 DAGs
[2025-03-31T15:38:13.512+0000] {logging_mixin.py:190} INFO - [2025-03-31T15:38:13.512+0000] {dag.py:4180} INFO - Setting next_dagrun for tutorial_dag to None, run_after=None
[2025-03-31T15:38:13.552+0000] {processor.py:208} INFO - Processing /home/airflow/.local/lib/python3.12/site-packages/airflow/example_dags/tutorial_dag.py took 0.149 seconds
[2025-03-31T15:38:43.820+0000] {processor.py:186} INFO - Started process (PID=60659) to work on /home/airflow/.local/lib/python3.12/site-packages/airflow/example_dags/tutorial_dag.py
[2025-03-31T15:38:43.822+0000] {processor.py:914} INFO - Processing file /home/airflow/.local/lib/python3.12/site-packages/airflow/example_dags/tutorial_dag.py for tasks to queue
[2025-03-31T15:38:43.825+0000] {logging_mixin.py:190} INFO - [2025-03-31T15:38:43.824+0000] {dagbag.py:588} INFO - Filling up the DagBag from /home/airflow/.local/lib/python3.12/site-packages/airflow/example_dags/tutorial_dag.py
[2025-03-31T15:38:43.838+0000] {processor.py:925} INFO - DAG(s) 'tutorial_dag' retrieved from /home/airflow/.local/lib/python3.12/site-packages/airflow/example_dags/tutorial_dag.py
[2025-03-31T15:38:43.868+0000] {logging_mixin.py:190} INFO - [2025-03-31T15:38:43.868+0000] {dag.py:3239} INFO - Sync 1 DAGs
[2025-03-31T15:38:43.890+0000] {logging_mixin.py:190} INFO - [2025-03-31T15:38:43.890+0000] {dag.py:4180} INFO - Setting next_dagrun for tutorial_dag to None, run_after=None
[2025-03-31T15:38:43.939+0000] {processor.py:208} INFO - Processing /home/airflow/.local/lib/python3.12/site-packages/airflow/example_dags/tutorial_dag.py took 0.127 seconds
[2025-03-31T15:39:14.397+0000] {processor.py:186} INFO - Started process (PID=60723) to work on /home/airflow/.local/lib/python3.12/site-packages/airflow/example_dags/tutorial_dag.py
[2025-03-31T15:39:14.399+0000] {processor.py:914} INFO - Processing file /home/airflow/.local/lib/python3.12/site-packages/airflow/example_dags/tutorial_dag.py for tasks to queue
[2025-03-31T15:39:14.402+0000] {logging_mixin.py:190} INFO - [2025-03-31T15:39:14.401+0000] {dagbag.py:588} INFO - Filling up the DagBag from /home/airflow/.local/lib/python3.12/site-packages/airflow/example_dags/tutorial_dag.py
[2025-03-31T15:39:14.418+0000] {processor.py:925} INFO - DAG(s) 'tutorial_dag' retrieved from /home/airflow/.local/lib/python3.12/site-packages/airflow/example_dags/tutorial_dag.py
[2025-03-31T15:39:14.459+0000] {logging_mixin.py:190} INFO - [2025-03-31T15:39:14.458+0000] {dag.py:3239} INFO - Sync 1 DAGs
[2025-03-31T15:39:14.503+0000] {logging_mixin.py:190} INFO - [2025-03-31T15:39:14.502+0000] {dag.py:4180} INFO - Setting next_dagrun for tutorial_dag to None, run_after=None
[2025-03-31T15:39:14.571+0000] {processor.py:208} INFO - Processing /home/airflow/.local/lib/python3.12/site-packages/airflow/example_dags/tutorial_dag.py took 0.184 seconds
[2025-03-31T15:39:45.114+0000] {processor.py:186} INFO - Started process (PID=60788) to work on /home/airflow/.local/lib/python3.12/site-packages/airflow/example_dags/tutorial_dag.py
[2025-03-31T15:39:45.116+0000] {processor.py:914} INFO - Processing file /home/airflow/.local/lib/python3.12/site-packages/airflow/example_dags/tutorial_dag.py for tasks to queue
[2025-03-31T15:39:45.119+0000] {logging_mixin.py:190} INFO - [2025-03-31T15:39:45.118+0000] {dagbag.py:588} INFO - Filling up the DagBag from /home/airflow/.local/lib/python3.12/site-packages/airflow/example_dags/tutorial_dag.py
[2025-03-31T15:39:45.137+0000] {processor.py:925} INFO - DAG(s) 'tutorial_dag' retrieved from /home/airflow/.local/lib/python3.12/site-packages/airflow/example_dags/tutorial_dag.py
[2025-03-31T15:39:45.174+0000] {logging_mixin.py:190} INFO - [2025-03-31T15:39:45.173+0000] {dag.py:3239} INFO - Sync 1 DAGs
[2025-03-31T15:39:45.202+0000] {logging_mixin.py:190} INFO - [2025-03-31T15:39:45.201+0000] {dag.py:4180} INFO - Setting next_dagrun for tutorial_dag to None, run_after=None
[2025-03-31T15:39:45.253+0000] {processor.py:208} INFO - Processing /home/airflow/.local/lib/python3.12/site-packages/airflow/example_dags/tutorial_dag.py took 0.150 seconds
[2025-03-31T15:40:22.573+0000] {processor.py:186} INFO - Started process (PID=60826) to work on /home/airflow/.local/lib/python3.12/site-packages/airflow/example_dags/tutorial_dag.py
[2025-03-31T15:40:22.576+0000] {processor.py:914} INFO - Processing file /home/airflow/.local/lib/python3.12/site-packages/airflow/example_dags/tutorial_dag.py for tasks to queue
[2025-03-31T15:40:22.589+0000] {logging_mixin.py:190} INFO - [2025-03-31T15:40:22.588+0000] {dagbag.py:588} INFO - Filling up the DagBag from /home/airflow/.local/lib/python3.12/site-packages/airflow/example_dags/tutorial_dag.py
[2025-03-31T15:40:22.649+0000] {processor.py:925} INFO - DAG(s) 'tutorial_dag' retrieved from /home/airflow/.local/lib/python3.12/site-packages/airflow/example_dags/tutorial_dag.py
[2025-03-31T15:40:22.750+0000] {logging_mixin.py:190} INFO - [2025-03-31T15:40:22.750+0000] {dag.py:3239} INFO - Sync 1 DAGs
[2025-03-31T15:40:22.870+0000] {logging_mixin.py:190} INFO - [2025-03-31T15:40:22.858+0000] {dag.py:4180} INFO - Setting next_dagrun for tutorial_dag to None, run_after=None
[2025-03-31T15:40:22.977+0000] {processor.py:208} INFO - Processing /home/airflow/.local/lib/python3.12/site-packages/airflow/example_dags/tutorial_dag.py took 0.425 seconds
[2025-03-31T15:40:53.858+0000] {processor.py:186} INFO - Started process (PID=60891) to work on /home/airflow/.local/lib/python3.12/site-packages/airflow/example_dags/tutorial_dag.py
[2025-03-31T15:40:53.860+0000] {processor.py:914} INFO - Processing file /home/airflow/.local/lib/python3.12/site-packages/airflow/example_dags/tutorial_dag.py for tasks to queue
[2025-03-31T15:40:53.863+0000] {logging_mixin.py:190} INFO - [2025-03-31T15:40:53.862+0000] {dagbag.py:588} INFO - Filling up the DagBag from /home/airflow/.local/lib/python3.12/site-packages/airflow/example_dags/tutorial_dag.py
[2025-03-31T15:40:53.881+0000] {processor.py:925} INFO - DAG(s) 'tutorial_dag' retrieved from /home/airflow/.local/lib/python3.12/site-packages/airflow/example_dags/tutorial_dag.py
[2025-03-31T15:40:53.921+0000] {logging_mixin.py:190} INFO - [2025-03-31T15:40:53.921+0000] {dag.py:3239} INFO - Sync 1 DAGs
[2025-03-31T15:40:53.947+0000] {logging_mixin.py:190} INFO - [2025-03-31T15:40:53.946+0000] {dag.py:4180} INFO - Setting next_dagrun for tutorial_dag to None, run_after=None
[2025-03-31T15:40:53.978+0000] {processor.py:208} INFO - Processing /home/airflow/.local/lib/python3.12/site-packages/airflow/example_dags/tutorial_dag.py took 0.132 seconds
[2025-03-31T15:41:24.086+0000] {processor.py:186} INFO - Started process (PID=60955) to work on /home/airflow/.local/lib/python3.12/site-packages/airflow/example_dags/tutorial_dag.py
[2025-03-31T15:41:24.088+0000] {processor.py:914} INFO - Processing file /home/airflow/.local/lib/python3.12/site-packages/airflow/example_dags/tutorial_dag.py for tasks to queue
[2025-03-31T15:41:24.092+0000] {logging_mixin.py:190} INFO - [2025-03-31T15:41:24.091+0000] {dagbag.py:588} INFO - Filling up the DagBag from /home/airflow/.local/lib/python3.12/site-packages/airflow/example_dags/tutorial_dag.py
[2025-03-31T15:41:24.109+0000] {processor.py:925} INFO - DAG(s) 'tutorial_dag' retrieved from /home/airflow/.local/lib/python3.12/site-packages/airflow/example_dags/tutorial_dag.py
[2025-03-31T15:41:24.146+0000] {logging_mixin.py:190} INFO - [2025-03-31T15:41:24.146+0000] {dag.py:3239} INFO - Sync 1 DAGs
[2025-03-31T15:41:24.172+0000] {logging_mixin.py:190} INFO - [2025-03-31T15:41:24.171+0000] {dag.py:4180} INFO - Setting next_dagrun for tutorial_dag to None, run_after=None
[2025-03-31T15:41:24.217+0000] {processor.py:208} INFO - Processing /home/airflow/.local/lib/python3.12/site-packages/airflow/example_dags/tutorial_dag.py took 0.144 seconds
[2025-03-31T15:41:54.349+0000] {processor.py:186} INFO - Started process (PID=61021) to work on /home/airflow/.local/lib/python3.12/site-packages/airflow/example_dags/tutorial_dag.py
[2025-03-31T15:41:54.351+0000] {processor.py:914} INFO - Processing file /home/airflow/.local/lib/python3.12/site-packages/airflow/example_dags/tutorial_dag.py for tasks to queue
[2025-03-31T15:41:54.353+0000] {logging_mixin.py:190} INFO - [2025-03-31T15:41:54.352+0000] {dagbag.py:588} INFO - Filling up the DagBag from /home/airflow/.local/lib/python3.12/site-packages/airflow/example_dags/tutorial_dag.py
[2025-03-31T15:41:54.369+0000] {processor.py:925} INFO - DAG(s) 'tutorial_dag' retrieved from /home/airflow/.local/lib/python3.12/site-packages/airflow/example_dags/tutorial_dag.py
[2025-03-31T15:41:54.400+0000] {logging_mixin.py:190} INFO - [2025-03-31T15:41:54.400+0000] {dag.py:3239} INFO - Sync 1 DAGs
[2025-03-31T15:41:54.430+0000] {logging_mixin.py:190} INFO - [2025-03-31T15:41:54.429+0000] {dag.py:4180} INFO - Setting next_dagrun for tutorial_dag to None, run_after=None
[2025-03-31T15:41:54.482+0000] {processor.py:208} INFO - Processing /home/airflow/.local/lib/python3.12/site-packages/airflow/example_dags/tutorial_dag.py took 0.142 seconds
[2025-03-31T15:42:24.947+0000] {processor.py:186} INFO - Started process (PID=61086) to work on /home/airflow/.local/lib/python3.12/site-packages/airflow/example_dags/tutorial_dag.py
[2025-03-31T15:42:24.949+0000] {processor.py:914} INFO - Processing file /home/airflow/.local/lib/python3.12/site-packages/airflow/example_dags/tutorial_dag.py for tasks to queue
[2025-03-31T15:42:24.952+0000] {logging_mixin.py:190} INFO - [2025-03-31T15:42:24.951+0000] {dagbag.py:588} INFO - Filling up the DagBag from /home/airflow/.local/lib/python3.12/site-packages/airflow/example_dags/tutorial_dag.py
[2025-03-31T15:42:24.965+0000] {processor.py:925} INFO - DAG(s) 'tutorial_dag' retrieved from /home/airflow/.local/lib/python3.12/site-packages/airflow/example_dags/tutorial_dag.py
[2025-03-31T15:42:24.998+0000] {logging_mixin.py:190} INFO - [2025-03-31T15:42:24.997+0000] {dag.py:3239} INFO - Sync 1 DAGs
[2025-03-31T15:42:25.022+0000] {logging_mixin.py:190} INFO - [2025-03-31T15:42:25.021+0000] {dag.py:4180} INFO - Setting next_dagrun for tutorial_dag to None, run_after=None
[2025-03-31T15:42:25.072+0000] {processor.py:208} INFO - Processing /home/airflow/.local/lib/python3.12/site-packages/airflow/example_dags/tutorial_dag.py took 0.136 seconds
[2025-03-31T15:42:55.478+0000] {processor.py:186} INFO - Started process (PID=61151) to work on /home/airflow/.local/lib/python3.12/site-packages/airflow/example_dags/tutorial_dag.py
[2025-03-31T15:42:55.480+0000] {processor.py:914} INFO - Processing file /home/airflow/.local/lib/python3.12/site-packages/airflow/example_dags/tutorial_dag.py for tasks to queue
[2025-03-31T15:42:55.483+0000] {logging_mixin.py:190} INFO - [2025-03-31T15:42:55.483+0000] {dagbag.py:588} INFO - Filling up the DagBag from /home/airflow/.local/lib/python3.12/site-packages/airflow/example_dags/tutorial_dag.py
[2025-03-31T15:42:55.498+0000] {processor.py:925} INFO - DAG(s) 'tutorial_dag' retrieved from /home/airflow/.local/lib/python3.12/site-packages/airflow/example_dags/tutorial_dag.py
[2025-03-31T15:42:55.536+0000] {logging_mixin.py:190} INFO - [2025-03-31T15:42:55.535+0000] {dag.py:3239} INFO - Sync 1 DAGs
[2025-03-31T15:42:55.573+0000] {logging_mixin.py:190} INFO - [2025-03-31T15:42:55.572+0000] {dag.py:4180} INFO - Setting next_dagrun for tutorial_dag to None, run_after=None
[2025-03-31T15:42:55.619+0000] {processor.py:208} INFO - Processing /home/airflow/.local/lib/python3.12/site-packages/airflow/example_dags/tutorial_dag.py took 0.153 seconds
[2025-03-31T15:43:26.259+0000] {processor.py:186} INFO - Started process (PID=61216) to work on /home/airflow/.local/lib/python3.12/site-packages/airflow/example_dags/tutorial_dag.py
[2025-03-31T15:43:26.261+0000] {processor.py:914} INFO - Processing file /home/airflow/.local/lib/python3.12/site-packages/airflow/example_dags/tutorial_dag.py for tasks to queue
[2025-03-31T15:43:26.264+0000] {logging_mixin.py:190} INFO - [2025-03-31T15:43:26.263+0000] {dagbag.py:588} INFO - Filling up the DagBag from /home/airflow/.local/lib/python3.12/site-packages/airflow/example_dags/tutorial_dag.py
[2025-03-31T15:43:26.278+0000] {processor.py:925} INFO - DAG(s) 'tutorial_dag' retrieved from /home/airflow/.local/lib/python3.12/site-packages/airflow/example_dags/tutorial_dag.py
[2025-03-31T15:43:26.313+0000] {logging_mixin.py:190} INFO - [2025-03-31T15:43:26.312+0000] {dag.py:3239} INFO - Sync 1 DAGs
[2025-03-31T15:43:26.346+0000] {logging_mixin.py:190} INFO - [2025-03-31T15:43:26.346+0000] {dag.py:4180} INFO - Setting next_dagrun for tutorial_dag to None, run_after=None
[2025-03-31T15:43:26.436+0000] {processor.py:208} INFO - Processing /home/airflow/.local/lib/python3.12/site-packages/airflow/example_dags/tutorial_dag.py took 0.189 seconds
[2025-03-31T15:43:57.019+0000] {processor.py:186} INFO - Started process (PID=61281) to work on /home/airflow/.local/lib/python3.12/site-packages/airflow/example_dags/tutorial_dag.py
[2025-03-31T15:43:57.021+0000] {processor.py:914} INFO - Processing file /home/airflow/.local/lib/python3.12/site-packages/airflow/example_dags/tutorial_dag.py for tasks to queue
[2025-03-31T15:43:57.024+0000] {logging_mixin.py:190} INFO - [2025-03-31T15:43:57.023+0000] {dagbag.py:588} INFO - Filling up the DagBag from /home/airflow/.local/lib/python3.12/site-packages/airflow/example_dags/tutorial_dag.py
[2025-03-31T15:43:57.037+0000] {processor.py:925} INFO - DAG(s) 'tutorial_dag' retrieved from /home/airflow/.local/lib/python3.12/site-packages/airflow/example_dags/tutorial_dag.py
[2025-03-31T15:43:57.090+0000] {logging_mixin.py:190} INFO - [2025-03-31T15:43:57.089+0000] {dag.py:3239} INFO - Sync 1 DAGs
[2025-03-31T15:43:57.116+0000] {logging_mixin.py:190} INFO - [2025-03-31T15:43:57.116+0000] {dag.py:4180} INFO - Setting next_dagrun for tutorial_dag to None, run_after=None
[2025-03-31T15:43:57.166+0000] {processor.py:208} INFO - Processing /home/airflow/.local/lib/python3.12/site-packages/airflow/example_dags/tutorial_dag.py took 0.158 seconds
[2025-03-31T15:44:27.361+0000] {processor.py:186} INFO - Started process (PID=61346) to work on /home/airflow/.local/lib/python3.12/site-packages/airflow/example_dags/tutorial_dag.py
[2025-03-31T15:44:27.363+0000] {processor.py:914} INFO - Processing file /home/airflow/.local/lib/python3.12/site-packages/airflow/example_dags/tutorial_dag.py for tasks to queue
[2025-03-31T15:44:27.366+0000] {logging_mixin.py:190} INFO - [2025-03-31T15:44:27.365+0000] {dagbag.py:588} INFO - Filling up the DagBag from /home/airflow/.local/lib/python3.12/site-packages/airflow/example_dags/tutorial_dag.py
[2025-03-31T15:44:27.384+0000] {processor.py:925} INFO - DAG(s) 'tutorial_dag' retrieved from /home/airflow/.local/lib/python3.12/site-packages/airflow/example_dags/tutorial_dag.py
[2025-03-31T15:44:27.432+0000] {logging_mixin.py:190} INFO - [2025-03-31T15:44:27.430+0000] {dag.py:3239} INFO - Sync 1 DAGs
[2025-03-31T15:44:27.488+0000] {logging_mixin.py:190} INFO - [2025-03-31T15:44:27.487+0000] {dag.py:4180} INFO - Setting next_dagrun for tutorial_dag to None, run_after=None
[2025-03-31T15:44:27.548+0000] {processor.py:208} INFO - Processing /home/airflow/.local/lib/python3.12/site-packages/airflow/example_dags/tutorial_dag.py took 0.200 seconds
