[2025-03-31T15:04:49.578+0000] {processor.py:186} INFO - Started process (PID=56406) to work on /home/airflow/.local/lib/python3.12/site-packages/airflow/example_dags/tutorial_taskflow_api.py
[2025-03-31T15:04:49.596+0000] {processor.py:914} INFO - Processing file /home/airflow/.local/lib/python3.12/site-packages/airflow/example_dags/tutorial_taskflow_api.py for tasks to queue
[2025-03-31T15:04:49.604+0000] {logging_mixin.py:190} INFO - [2025-03-31T15:04:49.603+0000] {dagbag.py:588} INFO - Filling up the DagBag from /home/airflow/.local/lib/python3.12/site-packages/airflow/example_dags/tutorial_taskflow_api.py
[2025-03-31T15:04:49.699+0000] {processor.py:925} INFO - DAG(s) 'tutorial_taskflow_api' retrieved from /home/airflow/.local/lib/python3.12/site-packages/airflow/example_dags/tutorial_taskflow_api.py
[2025-03-31T15:04:49.807+0000] {logging_mixin.py:190} INFO - [2025-03-31T15:04:49.804+0000] {dag.py:3239} INFO - Sync 1 DAGs
[2025-03-31T15:04:49.924+0000] {logging_mixin.py:190} INFO - [2025-03-31T15:04:49.924+0000] {dag.py:4180} INFO - Setting next_dagrun for tutorial_taskflow_api to None, run_after=None
[2025-03-31T15:04:50.087+0000] {processor.py:208} INFO - Processing /home/airflow/.local/lib/python3.12/site-packages/airflow/example_dags/tutorial_taskflow_api.py took 0.540 seconds
[2025-03-31T15:05:23.827+0000] {processor.py:186} INFO - Started process (PID=56471) to work on /home/airflow/.local/lib/python3.12/site-packages/airflow/example_dags/tutorial_taskflow_api.py
[2025-03-31T15:05:23.836+0000] {processor.py:914} INFO - Processing file /home/airflow/.local/lib/python3.12/site-packages/airflow/example_dags/tutorial_taskflow_api.py for tasks to queue
[2025-03-31T15:05:23.840+0000] {logging_mixin.py:190} INFO - [2025-03-31T15:05:23.839+0000] {dagbag.py:588} INFO - Filling up the DagBag from /home/airflow/.local/lib/python3.12/site-packages/airflow/example_dags/tutorial_taskflow_api.py
[2025-03-31T15:05:23.894+0000] {processor.py:925} INFO - DAG(s) 'tutorial_taskflow_api' retrieved from /home/airflow/.local/lib/python3.12/site-packages/airflow/example_dags/tutorial_taskflow_api.py
[2025-03-31T15:05:23.989+0000] {logging_mixin.py:190} INFO - [2025-03-31T15:05:23.988+0000] {dag.py:3239} INFO - Sync 1 DAGs
[2025-03-31T15:05:24.060+0000] {logging_mixin.py:190} INFO - [2025-03-31T15:05:24.059+0000] {dag.py:4180} INFO - Setting next_dagrun for tutorial_taskflow_api to None, run_after=None
[2025-03-31T15:05:24.166+0000] {processor.py:208} INFO - Processing /home/airflow/.local/lib/python3.12/site-packages/airflow/example_dags/tutorial_taskflow_api.py took 0.357 seconds
[2025-03-31T15:05:54.490+0000] {processor.py:186} INFO - Started process (PID=56535) to work on /home/airflow/.local/lib/python3.12/site-packages/airflow/example_dags/tutorial_taskflow_api.py
[2025-03-31T15:05:54.493+0000] {processor.py:914} INFO - Processing file /home/airflow/.local/lib/python3.12/site-packages/airflow/example_dags/tutorial_taskflow_api.py for tasks to queue
[2025-03-31T15:05:54.497+0000] {logging_mixin.py:190} INFO - [2025-03-31T15:05:54.496+0000] {dagbag.py:588} INFO - Filling up the DagBag from /home/airflow/.local/lib/python3.12/site-packages/airflow/example_dags/tutorial_taskflow_api.py
[2025-03-31T15:05:54.521+0000] {processor.py:925} INFO - DAG(s) 'tutorial_taskflow_api' retrieved from /home/airflow/.local/lib/python3.12/site-packages/airflow/example_dags/tutorial_taskflow_api.py
[2025-03-31T15:05:54.575+0000] {logging_mixin.py:190} INFO - [2025-03-31T15:05:54.575+0000] {dag.py:3239} INFO - Sync 1 DAGs
[2025-03-31T15:05:54.622+0000] {logging_mixin.py:190} INFO - [2025-03-31T15:05:54.621+0000] {dag.py:4180} INFO - Setting next_dagrun for tutorial_taskflow_api to None, run_after=None
[2025-03-31T15:05:54.683+0000] {processor.py:208} INFO - Processing /home/airflow/.local/lib/python3.12/site-packages/airflow/example_dags/tutorial_taskflow_api.py took 0.210 seconds
[2025-03-31T15:06:25.179+0000] {processor.py:186} INFO - Started process (PID=56600) to work on /home/airflow/.local/lib/python3.12/site-packages/airflow/example_dags/tutorial_taskflow_api.py
[2025-03-31T15:06:25.182+0000] {processor.py:914} INFO - Processing file /home/airflow/.local/lib/python3.12/site-packages/airflow/example_dags/tutorial_taskflow_api.py for tasks to queue
[2025-03-31T15:06:25.186+0000] {logging_mixin.py:190} INFO - [2025-03-31T15:06:25.185+0000] {dagbag.py:588} INFO - Filling up the DagBag from /home/airflow/.local/lib/python3.12/site-packages/airflow/example_dags/tutorial_taskflow_api.py
[2025-03-31T15:06:25.209+0000] {processor.py:925} INFO - DAG(s) 'tutorial_taskflow_api' retrieved from /home/airflow/.local/lib/python3.12/site-packages/airflow/example_dags/tutorial_taskflow_api.py
[2025-03-31T15:06:25.267+0000] {logging_mixin.py:190} INFO - [2025-03-31T15:06:25.267+0000] {dag.py:3239} INFO - Sync 1 DAGs
[2025-03-31T15:06:25.300+0000] {logging_mixin.py:190} INFO - [2025-03-31T15:06:25.300+0000] {dag.py:4180} INFO - Setting next_dagrun for tutorial_taskflow_api to None, run_after=None
[2025-03-31T15:06:25.343+0000] {processor.py:208} INFO - Processing /home/airflow/.local/lib/python3.12/site-packages/airflow/example_dags/tutorial_taskflow_api.py took 0.195 seconds
[2025-03-31T15:06:56.837+0000] {processor.py:186} INFO - Started process (PID=56665) to work on /home/airflow/.local/lib/python3.12/site-packages/airflow/example_dags/tutorial_taskflow_api.py
[2025-03-31T15:06:56.839+0000] {processor.py:914} INFO - Processing file /home/airflow/.local/lib/python3.12/site-packages/airflow/example_dags/tutorial_taskflow_api.py for tasks to queue
[2025-03-31T15:06:56.842+0000] {logging_mixin.py:190} INFO - [2025-03-31T15:06:56.841+0000] {dagbag.py:588} INFO - Filling up the DagBag from /home/airflow/.local/lib/python3.12/site-packages/airflow/example_dags/tutorial_taskflow_api.py
[2025-03-31T15:06:56.864+0000] {processor.py:925} INFO - DAG(s) 'tutorial_taskflow_api' retrieved from /home/airflow/.local/lib/python3.12/site-packages/airflow/example_dags/tutorial_taskflow_api.py
[2025-03-31T15:06:56.911+0000] {logging_mixin.py:190} INFO - [2025-03-31T15:06:56.910+0000] {dag.py:3239} INFO - Sync 1 DAGs
[2025-03-31T15:06:56.956+0000] {logging_mixin.py:190} INFO - [2025-03-31T15:06:56.956+0000] {dag.py:4180} INFO - Setting next_dagrun for tutorial_taskflow_api to None, run_after=None
[2025-03-31T15:06:57.033+0000] {processor.py:208} INFO - Processing /home/airflow/.local/lib/python3.12/site-packages/airflow/example_dags/tutorial_taskflow_api.py took 0.205 seconds
[2025-03-31T15:07:27.113+0000] {processor.py:186} INFO - Started process (PID=56730) to work on /home/airflow/.local/lib/python3.12/site-packages/airflow/example_dags/tutorial_taskflow_api.py
[2025-03-31T15:07:27.115+0000] {processor.py:914} INFO - Processing file /home/airflow/.local/lib/python3.12/site-packages/airflow/example_dags/tutorial_taskflow_api.py for tasks to queue
[2025-03-31T15:07:27.118+0000] {logging_mixin.py:190} INFO - [2025-03-31T15:07:27.117+0000] {dagbag.py:588} INFO - Filling up the DagBag from /home/airflow/.local/lib/python3.12/site-packages/airflow/example_dags/tutorial_taskflow_api.py
[2025-03-31T15:07:27.134+0000] {processor.py:925} INFO - DAG(s) 'tutorial_taskflow_api' retrieved from /home/airflow/.local/lib/python3.12/site-packages/airflow/example_dags/tutorial_taskflow_api.py
[2025-03-31T15:07:27.175+0000] {logging_mixin.py:190} INFO - [2025-03-31T15:07:27.174+0000] {dag.py:3239} INFO - Sync 1 DAGs
[2025-03-31T15:07:27.218+0000] {logging_mixin.py:190} INFO - [2025-03-31T15:07:27.218+0000] {dag.py:4180} INFO - Setting next_dagrun for tutorial_taskflow_api to None, run_after=None
[2025-03-31T15:07:27.266+0000] {processor.py:208} INFO - Processing /home/airflow/.local/lib/python3.12/site-packages/airflow/example_dags/tutorial_taskflow_api.py took 0.163 seconds
[2025-03-31T15:07:58.517+0000] {processor.py:186} INFO - Started process (PID=56795) to work on /home/airflow/.local/lib/python3.12/site-packages/airflow/example_dags/tutorial_taskflow_api.py
[2025-03-31T15:07:58.519+0000] {processor.py:914} INFO - Processing file /home/airflow/.local/lib/python3.12/site-packages/airflow/example_dags/tutorial_taskflow_api.py for tasks to queue
[2025-03-31T15:07:58.523+0000] {logging_mixin.py:190} INFO - [2025-03-31T15:07:58.522+0000] {dagbag.py:588} INFO - Filling up the DagBag from /home/airflow/.local/lib/python3.12/site-packages/airflow/example_dags/tutorial_taskflow_api.py
[2025-03-31T15:07:58.540+0000] {processor.py:925} INFO - DAG(s) 'tutorial_taskflow_api' retrieved from /home/airflow/.local/lib/python3.12/site-packages/airflow/example_dags/tutorial_taskflow_api.py
[2025-03-31T15:07:58.579+0000] {logging_mixin.py:190} INFO - [2025-03-31T15:07:58.578+0000] {dag.py:3239} INFO - Sync 1 DAGs
[2025-03-31T15:07:58.616+0000] {logging_mixin.py:190} INFO - [2025-03-31T15:07:58.615+0000] {dag.py:4180} INFO - Setting next_dagrun for tutorial_taskflow_api to None, run_after=None
[2025-03-31T15:07:58.665+0000] {processor.py:208} INFO - Processing /home/airflow/.local/lib/python3.12/site-packages/airflow/example_dags/tutorial_taskflow_api.py took 0.158 seconds
[2025-03-31T15:08:30.024+0000] {processor.py:186} INFO - Started process (PID=56859) to work on /home/airflow/.local/lib/python3.12/site-packages/airflow/example_dags/tutorial_taskflow_api.py
[2025-03-31T15:08:30.026+0000] {processor.py:914} INFO - Processing file /home/airflow/.local/lib/python3.12/site-packages/airflow/example_dags/tutorial_taskflow_api.py for tasks to queue
[2025-03-31T15:08:30.028+0000] {logging_mixin.py:190} INFO - [2025-03-31T15:08:30.027+0000] {dagbag.py:588} INFO - Filling up the DagBag from /home/airflow/.local/lib/python3.12/site-packages/airflow/example_dags/tutorial_taskflow_api.py
[2025-03-31T15:08:30.041+0000] {processor.py:925} INFO - DAG(s) 'tutorial_taskflow_api' retrieved from /home/airflow/.local/lib/python3.12/site-packages/airflow/example_dags/tutorial_taskflow_api.py
[2025-03-31T15:08:30.076+0000] {logging_mixin.py:190} INFO - [2025-03-31T15:08:30.076+0000] {dag.py:3239} INFO - Sync 1 DAGs
[2025-03-31T15:08:30.101+0000] {logging_mixin.py:190} INFO - [2025-03-31T15:08:30.101+0000] {dag.py:4180} INFO - Setting next_dagrun for tutorial_taskflow_api to None, run_after=None
[2025-03-31T15:08:30.151+0000] {processor.py:208} INFO - Processing /home/airflow/.local/lib/python3.12/site-packages/airflow/example_dags/tutorial_taskflow_api.py took 0.136 seconds
[2025-03-31T15:09:01.590+0000] {processor.py:186} INFO - Started process (PID=56924) to work on /home/airflow/.local/lib/python3.12/site-packages/airflow/example_dags/tutorial_taskflow_api.py
[2025-03-31T15:09:01.592+0000] {processor.py:914} INFO - Processing file /home/airflow/.local/lib/python3.12/site-packages/airflow/example_dags/tutorial_taskflow_api.py for tasks to queue
[2025-03-31T15:09:01.594+0000] {logging_mixin.py:190} INFO - [2025-03-31T15:09:01.594+0000] {dagbag.py:588} INFO - Filling up the DagBag from /home/airflow/.local/lib/python3.12/site-packages/airflow/example_dags/tutorial_taskflow_api.py
[2025-03-31T15:09:01.609+0000] {processor.py:925} INFO - DAG(s) 'tutorial_taskflow_api' retrieved from /home/airflow/.local/lib/python3.12/site-packages/airflow/example_dags/tutorial_taskflow_api.py
[2025-03-31T15:09:01.643+0000] {logging_mixin.py:190} INFO - [2025-03-31T15:09:01.642+0000] {dag.py:3239} INFO - Sync 1 DAGs
[2025-03-31T15:09:01.669+0000] {logging_mixin.py:190} INFO - [2025-03-31T15:09:01.668+0000] {dag.py:4180} INFO - Setting next_dagrun for tutorial_taskflow_api to None, run_after=None
[2025-03-31T15:09:01.711+0000] {processor.py:208} INFO - Processing /home/airflow/.local/lib/python3.12/site-packages/airflow/example_dags/tutorial_taskflow_api.py took 0.130 seconds
[2025-03-31T15:09:33.109+0000] {processor.py:186} INFO - Started process (PID=56989) to work on /home/airflow/.local/lib/python3.12/site-packages/airflow/example_dags/tutorial_taskflow_api.py
[2025-03-31T15:09:33.111+0000] {processor.py:914} INFO - Processing file /home/airflow/.local/lib/python3.12/site-packages/airflow/example_dags/tutorial_taskflow_api.py for tasks to queue
[2025-03-31T15:09:33.115+0000] {logging_mixin.py:190} INFO - [2025-03-31T15:09:33.114+0000] {dagbag.py:588} INFO - Filling up the DagBag from /home/airflow/.local/lib/python3.12/site-packages/airflow/example_dags/tutorial_taskflow_api.py
[2025-03-31T15:09:33.135+0000] {processor.py:925} INFO - DAG(s) 'tutorial_taskflow_api' retrieved from /home/airflow/.local/lib/python3.12/site-packages/airflow/example_dags/tutorial_taskflow_api.py
[2025-03-31T15:09:33.178+0000] {logging_mixin.py:190} INFO - [2025-03-31T15:09:33.177+0000] {dag.py:3239} INFO - Sync 1 DAGs
[2025-03-31T15:09:33.221+0000] {logging_mixin.py:190} INFO - [2025-03-31T15:09:33.220+0000] {dag.py:4180} INFO - Setting next_dagrun for tutorial_taskflow_api to None, run_after=None
[2025-03-31T15:09:33.305+0000] {processor.py:208} INFO - Processing /home/airflow/.local/lib/python3.12/site-packages/airflow/example_dags/tutorial_taskflow_api.py took 0.210 seconds
[2025-03-31T15:10:04.631+0000] {processor.py:186} INFO - Started process (PID=57054) to work on /home/airflow/.local/lib/python3.12/site-packages/airflow/example_dags/tutorial_taskflow_api.py
[2025-03-31T15:10:04.634+0000] {processor.py:914} INFO - Processing file /home/airflow/.local/lib/python3.12/site-packages/airflow/example_dags/tutorial_taskflow_api.py for tasks to queue
[2025-03-31T15:10:04.637+0000] {logging_mixin.py:190} INFO - [2025-03-31T15:10:04.636+0000] {dagbag.py:588} INFO - Filling up the DagBag from /home/airflow/.local/lib/python3.12/site-packages/airflow/example_dags/tutorial_taskflow_api.py
[2025-03-31T15:10:04.657+0000] {processor.py:925} INFO - DAG(s) 'tutorial_taskflow_api' retrieved from /home/airflow/.local/lib/python3.12/site-packages/airflow/example_dags/tutorial_taskflow_api.py
[2025-03-31T15:10:04.703+0000] {logging_mixin.py:190} INFO - [2025-03-31T15:10:04.702+0000] {dag.py:3239} INFO - Sync 1 DAGs
[2025-03-31T15:10:04.745+0000] {logging_mixin.py:190} INFO - [2025-03-31T15:10:04.744+0000] {dag.py:4180} INFO - Setting next_dagrun for tutorial_taskflow_api to None, run_after=None
[2025-03-31T15:10:04.792+0000] {processor.py:208} INFO - Processing /home/airflow/.local/lib/python3.12/site-packages/airflow/example_dags/tutorial_taskflow_api.py took 0.170 seconds
[2025-03-31T15:10:37.919+0000] {processor.py:186} INFO - Started process (PID=57128) to work on /home/airflow/.local/lib/python3.12/site-packages/airflow/example_dags/tutorial_taskflow_api.py
[2025-03-31T15:10:37.921+0000] {processor.py:914} INFO - Processing file /home/airflow/.local/lib/python3.12/site-packages/airflow/example_dags/tutorial_taskflow_api.py for tasks to queue
[2025-03-31T15:10:37.924+0000] {logging_mixin.py:190} INFO - [2025-03-31T15:10:37.924+0000] {dagbag.py:588} INFO - Filling up the DagBag from /home/airflow/.local/lib/python3.12/site-packages/airflow/example_dags/tutorial_taskflow_api.py
[2025-03-31T15:10:37.968+0000] {processor.py:925} INFO - DAG(s) 'tutorial_taskflow_api' retrieved from /home/airflow/.local/lib/python3.12/site-packages/airflow/example_dags/tutorial_taskflow_api.py
[2025-03-31T15:10:38.039+0000] {logging_mixin.py:190} INFO - [2025-03-31T15:10:38.038+0000] {dag.py:3239} INFO - Sync 1 DAGs
[2025-03-31T15:10:38.091+0000] {logging_mixin.py:190} INFO - [2025-03-31T15:10:38.090+0000] {dag.py:4180} INFO - Setting next_dagrun for tutorial_taskflow_api to None, run_after=None
[2025-03-31T15:10:38.140+0000] {processor.py:208} INFO - Processing /home/airflow/.local/lib/python3.12/site-packages/airflow/example_dags/tutorial_taskflow_api.py took 0.240 seconds
[2025-03-31T15:11:10.024+0000] {processor.py:186} INFO - Started process (PID=57193) to work on /home/airflow/.local/lib/python3.12/site-packages/airflow/example_dags/tutorial_taskflow_api.py
[2025-03-31T15:11:10.027+0000] {processor.py:914} INFO - Processing file /home/airflow/.local/lib/python3.12/site-packages/airflow/example_dags/tutorial_taskflow_api.py for tasks to queue
[2025-03-31T15:11:10.030+0000] {logging_mixin.py:190} INFO - [2025-03-31T15:11:10.030+0000] {dagbag.py:588} INFO - Filling up the DagBag from /home/airflow/.local/lib/python3.12/site-packages/airflow/example_dags/tutorial_taskflow_api.py
[2025-03-31T15:11:10.056+0000] {processor.py:925} INFO - DAG(s) 'tutorial_taskflow_api' retrieved from /home/airflow/.local/lib/python3.12/site-packages/airflow/example_dags/tutorial_taskflow_api.py
[2025-03-31T15:11:10.109+0000] {logging_mixin.py:190} INFO - [2025-03-31T15:11:10.109+0000] {dag.py:3239} INFO - Sync 1 DAGs
[2025-03-31T15:11:10.144+0000] {logging_mixin.py:190} INFO - [2025-03-31T15:11:10.143+0000] {dag.py:4180} INFO - Setting next_dagrun for tutorial_taskflow_api to None, run_after=None
[2025-03-31T15:11:10.200+0000] {processor.py:208} INFO - Processing /home/airflow/.local/lib/python3.12/site-packages/airflow/example_dags/tutorial_taskflow_api.py took 0.194 seconds
[2025-03-31T15:11:44.318+0000] {processor.py:186} INFO - Started process (PID=57264) to work on /home/airflow/.local/lib/python3.12/site-packages/airflow/example_dags/tutorial_taskflow_api.py
[2025-03-31T15:11:44.321+0000] {processor.py:914} INFO - Processing file /home/airflow/.local/lib/python3.12/site-packages/airflow/example_dags/tutorial_taskflow_api.py for tasks to queue
[2025-03-31T15:11:44.326+0000] {logging_mixin.py:190} INFO - [2025-03-31T15:11:44.325+0000] {dagbag.py:588} INFO - Filling up the DagBag from /home/airflow/.local/lib/python3.12/site-packages/airflow/example_dags/tutorial_taskflow_api.py
[2025-03-31T15:11:44.347+0000] {processor.py:925} INFO - DAG(s) 'tutorial_taskflow_api' retrieved from /home/airflow/.local/lib/python3.12/site-packages/airflow/example_dags/tutorial_taskflow_api.py
[2025-03-31T15:11:44.417+0000] {logging_mixin.py:190} INFO - [2025-03-31T15:11:44.415+0000] {dag.py:3239} INFO - Sync 1 DAGs
[2025-03-31T15:11:44.458+0000] {logging_mixin.py:190} INFO - [2025-03-31T15:11:44.458+0000] {dag.py:4180} INFO - Setting next_dagrun for tutorial_taskflow_api to None, run_after=None
[2025-03-31T15:11:44.515+0000] {processor.py:208} INFO - Processing /home/airflow/.local/lib/python3.12/site-packages/airflow/example_dags/tutorial_taskflow_api.py took 0.206 seconds
[2025-03-31T15:12:18.931+0000] {processor.py:186} INFO - Started process (PID=57329) to work on /home/airflow/.local/lib/python3.12/site-packages/airflow/example_dags/tutorial_taskflow_api.py
[2025-03-31T15:12:18.957+0000] {processor.py:914} INFO - Processing file /home/airflow/.local/lib/python3.12/site-packages/airflow/example_dags/tutorial_taskflow_api.py for tasks to queue
[2025-03-31T15:12:18.965+0000] {logging_mixin.py:190} INFO - [2025-03-31T15:12:18.964+0000] {dagbag.py:588} INFO - Filling up the DagBag from /home/airflow/.local/lib/python3.12/site-packages/airflow/example_dags/tutorial_taskflow_api.py
[2025-03-31T15:12:19.018+0000] {processor.py:925} INFO - DAG(s) 'tutorial_taskflow_api' retrieved from /home/airflow/.local/lib/python3.12/site-packages/airflow/example_dags/tutorial_taskflow_api.py
[2025-03-31T15:12:19.160+0000] {logging_mixin.py:190} INFO - [2025-03-31T15:12:19.158+0000] {dag.py:3239} INFO - Sync 1 DAGs
[2025-03-31T15:12:19.275+0000] {logging_mixin.py:190} INFO - [2025-03-31T15:12:19.274+0000] {dag.py:4180} INFO - Setting next_dagrun for tutorial_taskflow_api to None, run_after=None
[2025-03-31T15:12:19.425+0000] {processor.py:208} INFO - Processing /home/airflow/.local/lib/python3.12/site-packages/airflow/example_dags/tutorial_taskflow_api.py took 0.520 seconds
[2025-03-31T15:12:50.336+0000] {processor.py:186} INFO - Started process (PID=57394) to work on /home/airflow/.local/lib/python3.12/site-packages/airflow/example_dags/tutorial_taskflow_api.py
[2025-03-31T15:12:50.338+0000] {processor.py:914} INFO - Processing file /home/airflow/.local/lib/python3.12/site-packages/airflow/example_dags/tutorial_taskflow_api.py for tasks to queue
[2025-03-31T15:12:50.342+0000] {logging_mixin.py:190} INFO - [2025-03-31T15:12:50.341+0000] {dagbag.py:588} INFO - Filling up the DagBag from /home/airflow/.local/lib/python3.12/site-packages/airflow/example_dags/tutorial_taskflow_api.py
[2025-03-31T15:12:50.365+0000] {processor.py:925} INFO - DAG(s) 'tutorial_taskflow_api' retrieved from /home/airflow/.local/lib/python3.12/site-packages/airflow/example_dags/tutorial_taskflow_api.py
[2025-03-31T15:12:50.417+0000] {logging_mixin.py:190} INFO - [2025-03-31T15:12:50.416+0000] {dag.py:3239} INFO - Sync 1 DAGs
[2025-03-31T15:12:50.455+0000] {logging_mixin.py:190} INFO - [2025-03-31T15:12:50.455+0000] {dag.py:4180} INFO - Setting next_dagrun for tutorial_taskflow_api to None, run_after=None
[2025-03-31T15:12:50.499+0000] {processor.py:208} INFO - Processing /home/airflow/.local/lib/python3.12/site-packages/airflow/example_dags/tutorial_taskflow_api.py took 0.175 seconds
[2025-03-31T15:13:22.042+0000] {processor.py:186} INFO - Started process (PID=57460) to work on /home/airflow/.local/lib/python3.12/site-packages/airflow/example_dags/tutorial_taskflow_api.py
[2025-03-31T15:13:22.044+0000] {processor.py:914} INFO - Processing file /home/airflow/.local/lib/python3.12/site-packages/airflow/example_dags/tutorial_taskflow_api.py for tasks to queue
[2025-03-31T15:13:22.049+0000] {logging_mixin.py:190} INFO - [2025-03-31T15:13:22.048+0000] {dagbag.py:588} INFO - Filling up the DagBag from /home/airflow/.local/lib/python3.12/site-packages/airflow/example_dags/tutorial_taskflow_api.py
[2025-03-31T15:13:22.072+0000] {processor.py:925} INFO - DAG(s) 'tutorial_taskflow_api' retrieved from /home/airflow/.local/lib/python3.12/site-packages/airflow/example_dags/tutorial_taskflow_api.py
[2025-03-31T15:13:22.134+0000] {logging_mixin.py:190} INFO - [2025-03-31T15:13:22.133+0000] {dag.py:3239} INFO - Sync 1 DAGs
[2025-03-31T15:13:22.172+0000] {logging_mixin.py:190} INFO - [2025-03-31T15:13:22.171+0000] {dag.py:4180} INFO - Setting next_dagrun for tutorial_taskflow_api to None, run_after=None
[2025-03-31T15:13:22.225+0000] {processor.py:208} INFO - Processing /home/airflow/.local/lib/python3.12/site-packages/airflow/example_dags/tutorial_taskflow_api.py took 0.199 seconds
[2025-03-31T15:13:53.309+0000] {processor.py:186} INFO - Started process (PID=57525) to work on /home/airflow/.local/lib/python3.12/site-packages/airflow/example_dags/tutorial_taskflow_api.py
[2025-03-31T15:13:53.312+0000] {processor.py:914} INFO - Processing file /home/airflow/.local/lib/python3.12/site-packages/airflow/example_dags/tutorial_taskflow_api.py for tasks to queue
[2025-03-31T15:13:53.315+0000] {logging_mixin.py:190} INFO - [2025-03-31T15:13:53.314+0000] {dagbag.py:588} INFO - Filling up the DagBag from /home/airflow/.local/lib/python3.12/site-packages/airflow/example_dags/tutorial_taskflow_api.py
[2025-03-31T15:13:53.334+0000] {processor.py:925} INFO - DAG(s) 'tutorial_taskflow_api' retrieved from /home/airflow/.local/lib/python3.12/site-packages/airflow/example_dags/tutorial_taskflow_api.py
[2025-03-31T15:13:53.371+0000] {logging_mixin.py:190} INFO - [2025-03-31T15:13:53.371+0000] {dag.py:3239} INFO - Sync 1 DAGs
[2025-03-31T15:13:53.412+0000] {logging_mixin.py:190} INFO - [2025-03-31T15:13:53.411+0000] {dag.py:4180} INFO - Setting next_dagrun for tutorial_taskflow_api to None, run_after=None
[2025-03-31T15:13:53.468+0000] {processor.py:208} INFO - Processing /home/airflow/.local/lib/python3.12/site-packages/airflow/example_dags/tutorial_taskflow_api.py took 0.170 seconds
[2025-03-31T15:14:25.632+0000] {processor.py:186} INFO - Started process (PID=57590) to work on /home/airflow/.local/lib/python3.12/site-packages/airflow/example_dags/tutorial_taskflow_api.py
[2025-03-31T15:14:25.634+0000] {processor.py:914} INFO - Processing file /home/airflow/.local/lib/python3.12/site-packages/airflow/example_dags/tutorial_taskflow_api.py for tasks to queue
[2025-03-31T15:14:25.639+0000] {logging_mixin.py:190} INFO - [2025-03-31T15:14:25.638+0000] {dagbag.py:588} INFO - Filling up the DagBag from /home/airflow/.local/lib/python3.12/site-packages/airflow/example_dags/tutorial_taskflow_api.py
[2025-03-31T15:14:25.673+0000] {processor.py:925} INFO - DAG(s) 'tutorial_taskflow_api' retrieved from /home/airflow/.local/lib/python3.12/site-packages/airflow/example_dags/tutorial_taskflow_api.py
[2025-03-31T15:14:25.761+0000] {logging_mixin.py:190} INFO - [2025-03-31T15:14:25.752+0000] {dag.py:3239} INFO - Sync 1 DAGs
[2025-03-31T15:14:25.846+0000] {logging_mixin.py:190} INFO - [2025-03-31T15:14:25.845+0000] {dag.py:4180} INFO - Setting next_dagrun for tutorial_taskflow_api to None, run_after=None
[2025-03-31T15:14:25.939+0000] {processor.py:208} INFO - Processing /home/airflow/.local/lib/python3.12/site-packages/airflow/example_dags/tutorial_taskflow_api.py took 0.328 seconds
[2025-03-31T15:14:58.244+0000] {processor.py:186} INFO - Started process (PID=57655) to work on /home/airflow/.local/lib/python3.12/site-packages/airflow/example_dags/tutorial_taskflow_api.py
[2025-03-31T15:14:58.246+0000] {processor.py:914} INFO - Processing file /home/airflow/.local/lib/python3.12/site-packages/airflow/example_dags/tutorial_taskflow_api.py for tasks to queue
[2025-03-31T15:14:58.251+0000] {logging_mixin.py:190} INFO - [2025-03-31T15:14:58.250+0000] {dagbag.py:588} INFO - Filling up the DagBag from /home/airflow/.local/lib/python3.12/site-packages/airflow/example_dags/tutorial_taskflow_api.py
[2025-03-31T15:14:58.302+0000] {processor.py:925} INFO - DAG(s) 'tutorial_taskflow_api' retrieved from /home/airflow/.local/lib/python3.12/site-packages/airflow/example_dags/tutorial_taskflow_api.py
[2025-03-31T15:14:58.372+0000] {logging_mixin.py:190} INFO - [2025-03-31T15:14:58.371+0000] {dag.py:3239} INFO - Sync 1 DAGs
[2025-03-31T15:14:58.449+0000] {logging_mixin.py:190} INFO - [2025-03-31T15:14:58.448+0000] {dag.py:4180} INFO - Setting next_dagrun for tutorial_taskflow_api to None, run_after=None
[2025-03-31T15:14:58.581+0000] {processor.py:208} INFO - Processing /home/airflow/.local/lib/python3.12/site-packages/airflow/example_dags/tutorial_taskflow_api.py took 0.358 seconds
[2025-03-31T15:15:33.587+0000] {processor.py:186} INFO - Started process (PID=57720) to work on /home/airflow/.local/lib/python3.12/site-packages/airflow/example_dags/tutorial_taskflow_api.py
[2025-03-31T15:15:33.600+0000] {processor.py:914} INFO - Processing file /home/airflow/.local/lib/python3.12/site-packages/airflow/example_dags/tutorial_taskflow_api.py for tasks to queue
[2025-03-31T15:15:33.615+0000] {logging_mixin.py:190} INFO - [2025-03-31T15:15:33.611+0000] {dagbag.py:588} INFO - Filling up the DagBag from /home/airflow/.local/lib/python3.12/site-packages/airflow/example_dags/tutorial_taskflow_api.py
[2025-03-31T15:15:33.679+0000] {processor.py:925} INFO - DAG(s) 'tutorial_taskflow_api' retrieved from /home/airflow/.local/lib/python3.12/site-packages/airflow/example_dags/tutorial_taskflow_api.py
[2025-03-31T15:15:33.769+0000] {logging_mixin.py:190} INFO - [2025-03-31T15:15:33.768+0000] {dag.py:3239} INFO - Sync 1 DAGs
[2025-03-31T15:15:33.855+0000] {logging_mixin.py:190} INFO - [2025-03-31T15:15:33.854+0000] {dag.py:4180} INFO - Setting next_dagrun for tutorial_taskflow_api to None, run_after=None
[2025-03-31T15:15:33.970+0000] {processor.py:208} INFO - Processing /home/airflow/.local/lib/python3.12/site-packages/airflow/example_dags/tutorial_taskflow_api.py took 0.429 seconds
[2025-03-31T15:16:10.331+0000] {processor.py:186} INFO - Started process (PID=57801) to work on /home/airflow/.local/lib/python3.12/site-packages/airflow/example_dags/tutorial_taskflow_api.py
[2025-03-31T15:16:10.334+0000] {processor.py:914} INFO - Processing file /home/airflow/.local/lib/python3.12/site-packages/airflow/example_dags/tutorial_taskflow_api.py for tasks to queue
[2025-03-31T15:16:10.337+0000] {logging_mixin.py:190} INFO - [2025-03-31T15:16:10.336+0000] {dagbag.py:588} INFO - Filling up the DagBag from /home/airflow/.local/lib/python3.12/site-packages/airflow/example_dags/tutorial_taskflow_api.py
[2025-03-31T15:16:10.372+0000] {processor.py:925} INFO - DAG(s) 'tutorial_taskflow_api' retrieved from /home/airflow/.local/lib/python3.12/site-packages/airflow/example_dags/tutorial_taskflow_api.py
[2025-03-31T15:16:10.464+0000] {logging_mixin.py:190} INFO - [2025-03-31T15:16:10.463+0000] {dag.py:3239} INFO - Sync 1 DAGs
[2025-03-31T15:16:10.530+0000] {logging_mixin.py:190} INFO - [2025-03-31T15:16:10.530+0000] {dag.py:4180} INFO - Setting next_dagrun for tutorial_taskflow_api to None, run_after=None
[2025-03-31T15:16:10.590+0000] {processor.py:208} INFO - Processing /home/airflow/.local/lib/python3.12/site-packages/airflow/example_dags/tutorial_taskflow_api.py took 0.285 seconds
[2025-03-31T15:16:42.755+0000] {processor.py:186} INFO - Started process (PID=57868) to work on /home/airflow/.local/lib/python3.12/site-packages/airflow/example_dags/tutorial_taskflow_api.py
[2025-03-31T15:16:42.758+0000] {processor.py:914} INFO - Processing file /home/airflow/.local/lib/python3.12/site-packages/airflow/example_dags/tutorial_taskflow_api.py for tasks to queue
[2025-03-31T15:16:42.762+0000] {logging_mixin.py:190} INFO - [2025-03-31T15:16:42.761+0000] {dagbag.py:588} INFO - Filling up the DagBag from /home/airflow/.local/lib/python3.12/site-packages/airflow/example_dags/tutorial_taskflow_api.py
[2025-03-31T15:16:42.786+0000] {processor.py:925} INFO - DAG(s) 'tutorial_taskflow_api' retrieved from /home/airflow/.local/lib/python3.12/site-packages/airflow/example_dags/tutorial_taskflow_api.py
[2025-03-31T15:16:42.843+0000] {logging_mixin.py:190} INFO - [2025-03-31T15:16:42.842+0000] {dag.py:3239} INFO - Sync 1 DAGs
[2025-03-31T15:16:42.893+0000] {logging_mixin.py:190} INFO - [2025-03-31T15:16:42.892+0000] {dag.py:4180} INFO - Setting next_dagrun for tutorial_taskflow_api to None, run_after=None
[2025-03-31T15:16:42.957+0000] {processor.py:208} INFO - Processing /home/airflow/.local/lib/python3.12/site-packages/airflow/example_dags/tutorial_taskflow_api.py took 0.217 seconds
[2025-03-31T15:17:16.278+0000] {processor.py:186} INFO - Started process (PID=57933) to work on /home/airflow/.local/lib/python3.12/site-packages/airflow/example_dags/tutorial_taskflow_api.py
[2025-03-31T15:17:16.280+0000] {processor.py:914} INFO - Processing file /home/airflow/.local/lib/python3.12/site-packages/airflow/example_dags/tutorial_taskflow_api.py for tasks to queue
[2025-03-31T15:17:16.284+0000] {logging_mixin.py:190} INFO - [2025-03-31T15:17:16.283+0000] {dagbag.py:588} INFO - Filling up the DagBag from /home/airflow/.local/lib/python3.12/site-packages/airflow/example_dags/tutorial_taskflow_api.py
[2025-03-31T15:17:16.304+0000] {processor.py:925} INFO - DAG(s) 'tutorial_taskflow_api' retrieved from /home/airflow/.local/lib/python3.12/site-packages/airflow/example_dags/tutorial_taskflow_api.py
[2025-03-31T15:17:16.379+0000] {logging_mixin.py:190} INFO - [2025-03-31T15:17:16.378+0000] {dag.py:3239} INFO - Sync 1 DAGs
[2025-03-31T15:17:16.422+0000] {logging_mixin.py:190} INFO - [2025-03-31T15:17:16.421+0000] {dag.py:4180} INFO - Setting next_dagrun for tutorial_taskflow_api to None, run_after=None
[2025-03-31T15:17:16.483+0000] {processor.py:208} INFO - Processing /home/airflow/.local/lib/python3.12/site-packages/airflow/example_dags/tutorial_taskflow_api.py took 0.218 seconds
[2025-03-31T15:17:48.313+0000] {processor.py:186} INFO - Started process (PID=57998) to work on /home/airflow/.local/lib/python3.12/site-packages/airflow/example_dags/tutorial_taskflow_api.py
[2025-03-31T15:17:48.324+0000] {processor.py:914} INFO - Processing file /home/airflow/.local/lib/python3.12/site-packages/airflow/example_dags/tutorial_taskflow_api.py for tasks to queue
[2025-03-31T15:17:48.329+0000] {logging_mixin.py:190} INFO - [2025-03-31T15:17:48.328+0000] {dagbag.py:588} INFO - Filling up the DagBag from /home/airflow/.local/lib/python3.12/site-packages/airflow/example_dags/tutorial_taskflow_api.py
[2025-03-31T15:17:48.355+0000] {processor.py:925} INFO - DAG(s) 'tutorial_taskflow_api' retrieved from /home/airflow/.local/lib/python3.12/site-packages/airflow/example_dags/tutorial_taskflow_api.py
[2025-03-31T15:17:48.416+0000] {logging_mixin.py:190} INFO - [2025-03-31T15:17:48.415+0000] {dag.py:3239} INFO - Sync 1 DAGs
[2025-03-31T15:17:48.475+0000] {logging_mixin.py:190} INFO - [2025-03-31T15:17:48.474+0000] {dag.py:4180} INFO - Setting next_dagrun for tutorial_taskflow_api to None, run_after=None
[2025-03-31T15:17:48.586+0000] {processor.py:208} INFO - Processing /home/airflow/.local/lib/python3.12/site-packages/airflow/example_dags/tutorial_taskflow_api.py took 0.299 seconds
[2025-03-31T15:18:19.746+0000] {processor.py:186} INFO - Started process (PID=58063) to work on /home/airflow/.local/lib/python3.12/site-packages/airflow/example_dags/tutorial_taskflow_api.py
[2025-03-31T15:18:19.748+0000] {processor.py:914} INFO - Processing file /home/airflow/.local/lib/python3.12/site-packages/airflow/example_dags/tutorial_taskflow_api.py for tasks to queue
[2025-03-31T15:18:19.752+0000] {logging_mixin.py:190} INFO - [2025-03-31T15:18:19.751+0000] {dagbag.py:588} INFO - Filling up the DagBag from /home/airflow/.local/lib/python3.12/site-packages/airflow/example_dags/tutorial_taskflow_api.py
[2025-03-31T15:18:19.772+0000] {processor.py:925} INFO - DAG(s) 'tutorial_taskflow_api' retrieved from /home/airflow/.local/lib/python3.12/site-packages/airflow/example_dags/tutorial_taskflow_api.py
[2025-03-31T15:18:19.814+0000] {logging_mixin.py:190} INFO - [2025-03-31T15:18:19.813+0000] {dag.py:3239} INFO - Sync 1 DAGs
[2025-03-31T15:18:19.843+0000] {logging_mixin.py:190} INFO - [2025-03-31T15:18:19.842+0000] {dag.py:4180} INFO - Setting next_dagrun for tutorial_taskflow_api to None, run_after=None
[2025-03-31T15:18:19.898+0000] {processor.py:208} INFO - Processing /home/airflow/.local/lib/python3.12/site-packages/airflow/example_dags/tutorial_taskflow_api.py took 0.166 seconds
[2025-03-31T15:18:50.911+0000] {processor.py:186} INFO - Started process (PID=58129) to work on /home/airflow/.local/lib/python3.12/site-packages/airflow/example_dags/tutorial_taskflow_api.py
[2025-03-31T15:18:50.915+0000] {processor.py:914} INFO - Processing file /home/airflow/.local/lib/python3.12/site-packages/airflow/example_dags/tutorial_taskflow_api.py for tasks to queue
[2025-03-31T15:18:50.919+0000] {logging_mixin.py:190} INFO - [2025-03-31T15:18:50.918+0000] {dagbag.py:588} INFO - Filling up the DagBag from /home/airflow/.local/lib/python3.12/site-packages/airflow/example_dags/tutorial_taskflow_api.py
[2025-03-31T15:18:50.939+0000] {processor.py:925} INFO - DAG(s) 'tutorial_taskflow_api' retrieved from /home/airflow/.local/lib/python3.12/site-packages/airflow/example_dags/tutorial_taskflow_api.py
[2025-03-31T15:18:50.990+0000] {logging_mixin.py:190} INFO - [2025-03-31T15:18:50.989+0000] {dag.py:3239} INFO - Sync 1 DAGs
[2025-03-31T15:18:51.047+0000] {logging_mixin.py:190} INFO - [2025-03-31T15:18:51.046+0000] {dag.py:4180} INFO - Setting next_dagrun for tutorial_taskflow_api to None, run_after=None
[2025-03-31T15:18:51.101+0000] {processor.py:208} INFO - Processing /home/airflow/.local/lib/python3.12/site-packages/airflow/example_dags/tutorial_taskflow_api.py took 0.204 seconds
[2025-03-31T15:19:21.711+0000] {processor.py:186} INFO - Started process (PID=58194) to work on /home/airflow/.local/lib/python3.12/site-packages/airflow/example_dags/tutorial_taskflow_api.py
[2025-03-31T15:19:21.713+0000] {processor.py:914} INFO - Processing file /home/airflow/.local/lib/python3.12/site-packages/airflow/example_dags/tutorial_taskflow_api.py for tasks to queue
[2025-03-31T15:19:21.716+0000] {logging_mixin.py:190} INFO - [2025-03-31T15:19:21.715+0000] {dagbag.py:588} INFO - Filling up the DagBag from /home/airflow/.local/lib/python3.12/site-packages/airflow/example_dags/tutorial_taskflow_api.py
[2025-03-31T15:19:21.734+0000] {processor.py:925} INFO - DAG(s) 'tutorial_taskflow_api' retrieved from /home/airflow/.local/lib/python3.12/site-packages/airflow/example_dags/tutorial_taskflow_api.py
[2025-03-31T15:19:21.779+0000] {logging_mixin.py:190} INFO - [2025-03-31T15:19:21.778+0000] {dag.py:3239} INFO - Sync 1 DAGs
[2025-03-31T15:19:21.819+0000] {logging_mixin.py:190} INFO - [2025-03-31T15:19:21.818+0000] {dag.py:4180} INFO - Setting next_dagrun for tutorial_taskflow_api to None, run_after=None
[2025-03-31T15:19:21.889+0000] {processor.py:208} INFO - Processing /home/airflow/.local/lib/python3.12/site-packages/airflow/example_dags/tutorial_taskflow_api.py took 0.190 seconds
[2025-03-31T15:19:52.280+0000] {processor.py:186} INFO - Started process (PID=58259) to work on /home/airflow/.local/lib/python3.12/site-packages/airflow/example_dags/tutorial_taskflow_api.py
[2025-03-31T15:19:52.283+0000] {processor.py:914} INFO - Processing file /home/airflow/.local/lib/python3.12/site-packages/airflow/example_dags/tutorial_taskflow_api.py for tasks to queue
[2025-03-31T15:19:52.287+0000] {logging_mixin.py:190} INFO - [2025-03-31T15:19:52.286+0000] {dagbag.py:588} INFO - Filling up the DagBag from /home/airflow/.local/lib/python3.12/site-packages/airflow/example_dags/tutorial_taskflow_api.py
[2025-03-31T15:19:52.308+0000] {processor.py:925} INFO - DAG(s) 'tutorial_taskflow_api' retrieved from /home/airflow/.local/lib/python3.12/site-packages/airflow/example_dags/tutorial_taskflow_api.py
[2025-03-31T15:19:52.346+0000] {logging_mixin.py:190} INFO - [2025-03-31T15:19:52.346+0000] {dag.py:3239} INFO - Sync 1 DAGs
[2025-03-31T15:19:52.376+0000] {logging_mixin.py:190} INFO - [2025-03-31T15:19:52.375+0000] {dag.py:4180} INFO - Setting next_dagrun for tutorial_taskflow_api to None, run_after=None
[2025-03-31T15:19:52.413+0000] {processor.py:208} INFO - Processing /home/airflow/.local/lib/python3.12/site-packages/airflow/example_dags/tutorial_taskflow_api.py took 0.145 seconds
[2025-03-31T15:20:22.576+0000] {processor.py:186} INFO - Started process (PID=58324) to work on /home/airflow/.local/lib/python3.12/site-packages/airflow/example_dags/tutorial_taskflow_api.py
[2025-03-31T15:20:22.579+0000] {processor.py:914} INFO - Processing file /home/airflow/.local/lib/python3.12/site-packages/airflow/example_dags/tutorial_taskflow_api.py for tasks to queue
[2025-03-31T15:20:22.584+0000] {logging_mixin.py:190} INFO - [2025-03-31T15:20:22.582+0000] {dagbag.py:588} INFO - Filling up the DagBag from /home/airflow/.local/lib/python3.12/site-packages/airflow/example_dags/tutorial_taskflow_api.py
[2025-03-31T15:20:22.601+0000] {processor.py:925} INFO - DAG(s) 'tutorial_taskflow_api' retrieved from /home/airflow/.local/lib/python3.12/site-packages/airflow/example_dags/tutorial_taskflow_api.py
[2025-03-31T15:20:22.635+0000] {logging_mixin.py:190} INFO - [2025-03-31T15:20:22.634+0000] {dag.py:3239} INFO - Sync 1 DAGs
[2025-03-31T15:20:22.660+0000] {logging_mixin.py:190} INFO - [2025-03-31T15:20:22.659+0000] {dag.py:4180} INFO - Setting next_dagrun for tutorial_taskflow_api to None, run_after=None
[2025-03-31T15:20:22.695+0000] {processor.py:208} INFO - Processing /home/airflow/.local/lib/python3.12/site-packages/airflow/example_dags/tutorial_taskflow_api.py took 0.132 seconds
[2025-03-31T15:20:53.175+0000] {processor.py:186} INFO - Started process (PID=58389) to work on /home/airflow/.local/lib/python3.12/site-packages/airflow/example_dags/tutorial_taskflow_api.py
[2025-03-31T15:20:53.177+0000] {processor.py:914} INFO - Processing file /home/airflow/.local/lib/python3.12/site-packages/airflow/example_dags/tutorial_taskflow_api.py for tasks to queue
[2025-03-31T15:20:53.179+0000] {logging_mixin.py:190} INFO - [2025-03-31T15:20:53.179+0000] {dagbag.py:588} INFO - Filling up the DagBag from /home/airflow/.local/lib/python3.12/site-packages/airflow/example_dags/tutorial_taskflow_api.py
[2025-03-31T15:20:53.193+0000] {processor.py:925} INFO - DAG(s) 'tutorial_taskflow_api' retrieved from /home/airflow/.local/lib/python3.12/site-packages/airflow/example_dags/tutorial_taskflow_api.py
[2025-03-31T15:20:53.228+0000] {logging_mixin.py:190} INFO - [2025-03-31T15:20:53.227+0000] {dag.py:3239} INFO - Sync 1 DAGs
[2025-03-31T15:20:53.256+0000] {logging_mixin.py:190} INFO - [2025-03-31T15:20:53.255+0000] {dag.py:4180} INFO - Setting next_dagrun for tutorial_taskflow_api to None, run_after=None
[2025-03-31T15:20:53.287+0000] {processor.py:208} INFO - Processing /home/airflow/.local/lib/python3.12/site-packages/airflow/example_dags/tutorial_taskflow_api.py took 0.121 seconds
[2025-03-31T15:21:23.565+0000] {processor.py:186} INFO - Started process (PID=58454) to work on /home/airflow/.local/lib/python3.12/site-packages/airflow/example_dags/tutorial_taskflow_api.py
[2025-03-31T15:21:23.567+0000] {processor.py:914} INFO - Processing file /home/airflow/.local/lib/python3.12/site-packages/airflow/example_dags/tutorial_taskflow_api.py for tasks to queue
[2025-03-31T15:21:23.569+0000] {logging_mixin.py:190} INFO - [2025-03-31T15:21:23.568+0000] {dagbag.py:588} INFO - Filling up the DagBag from /home/airflow/.local/lib/python3.12/site-packages/airflow/example_dags/tutorial_taskflow_api.py
[2025-03-31T15:21:23.582+0000] {processor.py:925} INFO - DAG(s) 'tutorial_taskflow_api' retrieved from /home/airflow/.local/lib/python3.12/site-packages/airflow/example_dags/tutorial_taskflow_api.py
[2025-03-31T15:21:23.612+0000] {logging_mixin.py:190} INFO - [2025-03-31T15:21:23.612+0000] {dag.py:3239} INFO - Sync 1 DAGs
[2025-03-31T15:21:23.638+0000] {logging_mixin.py:190} INFO - [2025-03-31T15:21:23.637+0000] {dag.py:4180} INFO - Setting next_dagrun for tutorial_taskflow_api to None, run_after=None
[2025-03-31T15:21:23.689+0000] {processor.py:208} INFO - Processing /home/airflow/.local/lib/python3.12/site-packages/airflow/example_dags/tutorial_taskflow_api.py took 0.133 seconds
[2025-03-31T15:21:53.992+0000] {processor.py:186} INFO - Started process (PID=58519) to work on /home/airflow/.local/lib/python3.12/site-packages/airflow/example_dags/tutorial_taskflow_api.py
[2025-03-31T15:21:53.994+0000] {processor.py:914} INFO - Processing file /home/airflow/.local/lib/python3.12/site-packages/airflow/example_dags/tutorial_taskflow_api.py for tasks to queue
[2025-03-31T15:21:53.997+0000] {logging_mixin.py:190} INFO - [2025-03-31T15:21:53.996+0000] {dagbag.py:588} INFO - Filling up the DagBag from /home/airflow/.local/lib/python3.12/site-packages/airflow/example_dags/tutorial_taskflow_api.py
[2025-03-31T15:21:54.027+0000] {processor.py:925} INFO - DAG(s) 'tutorial_taskflow_api' retrieved from /home/airflow/.local/lib/python3.12/site-packages/airflow/example_dags/tutorial_taskflow_api.py
[2025-03-31T15:21:54.070+0000] {logging_mixin.py:190} INFO - [2025-03-31T15:21:54.069+0000] {dag.py:3239} INFO - Sync 1 DAGs
[2025-03-31T15:21:54.096+0000] {logging_mixin.py:190} INFO - [2025-03-31T15:21:54.096+0000] {dag.py:4180} INFO - Setting next_dagrun for tutorial_taskflow_api to None, run_after=None
[2025-03-31T15:21:54.135+0000] {processor.py:208} INFO - Processing /home/airflow/.local/lib/python3.12/site-packages/airflow/example_dags/tutorial_taskflow_api.py took 0.153 seconds
[2025-03-31T15:22:24.544+0000] {processor.py:186} INFO - Started process (PID=58584) to work on /home/airflow/.local/lib/python3.12/site-packages/airflow/example_dags/tutorial_taskflow_api.py
[2025-03-31T15:22:24.546+0000] {processor.py:914} INFO - Processing file /home/airflow/.local/lib/python3.12/site-packages/airflow/example_dags/tutorial_taskflow_api.py for tasks to queue
[2025-03-31T15:22:24.549+0000] {logging_mixin.py:190} INFO - [2025-03-31T15:22:24.548+0000] {dagbag.py:588} INFO - Filling up the DagBag from /home/airflow/.local/lib/python3.12/site-packages/airflow/example_dags/tutorial_taskflow_api.py
[2025-03-31T15:22:24.569+0000] {processor.py:925} INFO - DAG(s) 'tutorial_taskflow_api' retrieved from /home/airflow/.local/lib/python3.12/site-packages/airflow/example_dags/tutorial_taskflow_api.py
[2025-03-31T15:22:24.614+0000] {logging_mixin.py:190} INFO - [2025-03-31T15:22:24.614+0000] {dag.py:3239} INFO - Sync 1 DAGs
[2025-03-31T15:22:24.649+0000] {logging_mixin.py:190} INFO - [2025-03-31T15:22:24.649+0000] {dag.py:4180} INFO - Setting next_dagrun for tutorial_taskflow_api to None, run_after=None
[2025-03-31T15:22:24.688+0000] {processor.py:208} INFO - Processing /home/airflow/.local/lib/python3.12/site-packages/airflow/example_dags/tutorial_taskflow_api.py took 0.157 seconds
[2025-03-31T15:22:56.090+0000] {processor.py:186} INFO - Started process (PID=58649) to work on /home/airflow/.local/lib/python3.12/site-packages/airflow/example_dags/tutorial_taskflow_api.py
[2025-03-31T15:22:56.092+0000] {processor.py:914} INFO - Processing file /home/airflow/.local/lib/python3.12/site-packages/airflow/example_dags/tutorial_taskflow_api.py for tasks to queue
[2025-03-31T15:22:56.094+0000] {logging_mixin.py:190} INFO - [2025-03-31T15:22:56.093+0000] {dagbag.py:588} INFO - Filling up the DagBag from /home/airflow/.local/lib/python3.12/site-packages/airflow/example_dags/tutorial_taskflow_api.py
[2025-03-31T15:22:56.107+0000] {processor.py:925} INFO - DAG(s) 'tutorial_taskflow_api' retrieved from /home/airflow/.local/lib/python3.12/site-packages/airflow/example_dags/tutorial_taskflow_api.py
[2025-03-31T15:22:56.138+0000] {logging_mixin.py:190} INFO - [2025-03-31T15:22:56.138+0000] {dag.py:3239} INFO - Sync 1 DAGs
[2025-03-31T15:22:56.163+0000] {logging_mixin.py:190} INFO - [2025-03-31T15:22:56.163+0000] {dag.py:4180} INFO - Setting next_dagrun for tutorial_taskflow_api to None, run_after=None
[2025-03-31T15:22:56.204+0000] {processor.py:208} INFO - Processing /home/airflow/.local/lib/python3.12/site-packages/airflow/example_dags/tutorial_taskflow_api.py took 0.124 seconds
[2025-03-31T15:23:27.787+0000] {processor.py:186} INFO - Started process (PID=58717) to work on /home/airflow/.local/lib/python3.12/site-packages/airflow/example_dags/tutorial_taskflow_api.py
[2025-03-31T15:23:27.789+0000] {processor.py:914} INFO - Processing file /home/airflow/.local/lib/python3.12/site-packages/airflow/example_dags/tutorial_taskflow_api.py for tasks to queue
[2025-03-31T15:23:27.791+0000] {logging_mixin.py:190} INFO - [2025-03-31T15:23:27.791+0000] {dagbag.py:588} INFO - Filling up the DagBag from /home/airflow/.local/lib/python3.12/site-packages/airflow/example_dags/tutorial_taskflow_api.py
[2025-03-31T15:23:27.805+0000] {processor.py:925} INFO - DAG(s) 'tutorial_taskflow_api' retrieved from /home/airflow/.local/lib/python3.12/site-packages/airflow/example_dags/tutorial_taskflow_api.py
[2025-03-31T15:23:27.840+0000] {logging_mixin.py:190} INFO - [2025-03-31T15:23:27.840+0000] {dag.py:3239} INFO - Sync 1 DAGs
[2025-03-31T15:23:27.870+0000] {logging_mixin.py:190} INFO - [2025-03-31T15:23:27.869+0000] {dag.py:4180} INFO - Setting next_dagrun for tutorial_taskflow_api to None, run_after=None
[2025-03-31T15:23:27.907+0000] {processor.py:208} INFO - Processing /home/airflow/.local/lib/python3.12/site-packages/airflow/example_dags/tutorial_taskflow_api.py took 0.129 seconds
[2025-03-31T15:23:58.749+0000] {processor.py:186} INFO - Started process (PID=58783) to work on /home/airflow/.local/lib/python3.12/site-packages/airflow/example_dags/tutorial_taskflow_api.py
[2025-03-31T15:23:58.751+0000] {processor.py:914} INFO - Processing file /home/airflow/.local/lib/python3.12/site-packages/airflow/example_dags/tutorial_taskflow_api.py for tasks to queue
[2025-03-31T15:23:58.754+0000] {logging_mixin.py:190} INFO - [2025-03-31T15:23:58.753+0000] {dagbag.py:588} INFO - Filling up the DagBag from /home/airflow/.local/lib/python3.12/site-packages/airflow/example_dags/tutorial_taskflow_api.py
[2025-03-31T15:23:58.779+0000] {processor.py:925} INFO - DAG(s) 'tutorial_taskflow_api' retrieved from /home/airflow/.local/lib/python3.12/site-packages/airflow/example_dags/tutorial_taskflow_api.py
[2025-03-31T15:23:58.822+0000] {logging_mixin.py:190} INFO - [2025-03-31T15:23:58.821+0000] {dag.py:3239} INFO - Sync 1 DAGs
[2025-03-31T15:23:58.860+0000] {logging_mixin.py:190} INFO - [2025-03-31T15:23:58.859+0000] {dag.py:4180} INFO - Setting next_dagrun for tutorial_taskflow_api to None, run_after=None
[2025-03-31T15:23:58.910+0000] {processor.py:208} INFO - Processing /home/airflow/.local/lib/python3.12/site-packages/airflow/example_dags/tutorial_taskflow_api.py took 0.172 seconds
[2025-03-31T15:24:29.182+0000] {processor.py:186} INFO - Started process (PID=58848) to work on /home/airflow/.local/lib/python3.12/site-packages/airflow/example_dags/tutorial_taskflow_api.py
[2025-03-31T15:24:29.184+0000] {processor.py:914} INFO - Processing file /home/airflow/.local/lib/python3.12/site-packages/airflow/example_dags/tutorial_taskflow_api.py for tasks to queue
[2025-03-31T15:24:29.187+0000] {logging_mixin.py:190} INFO - [2025-03-31T15:24:29.186+0000] {dagbag.py:588} INFO - Filling up the DagBag from /home/airflow/.local/lib/python3.12/site-packages/airflow/example_dags/tutorial_taskflow_api.py
[2025-03-31T15:24:29.200+0000] {processor.py:925} INFO - DAG(s) 'tutorial_taskflow_api' retrieved from /home/airflow/.local/lib/python3.12/site-packages/airflow/example_dags/tutorial_taskflow_api.py
[2025-03-31T15:24:29.234+0000] {logging_mixin.py:190} INFO - [2025-03-31T15:24:29.234+0000] {dag.py:3239} INFO - Sync 1 DAGs
[2025-03-31T15:24:29.258+0000] {logging_mixin.py:190} INFO - [2025-03-31T15:24:29.258+0000] {dag.py:4180} INFO - Setting next_dagrun for tutorial_taskflow_api to None, run_after=None
[2025-03-31T15:24:29.293+0000] {processor.py:208} INFO - Processing /home/airflow/.local/lib/python3.12/site-packages/airflow/example_dags/tutorial_taskflow_api.py took 0.120 seconds
[2025-03-31T15:24:59.924+0000] {processor.py:186} INFO - Started process (PID=58913) to work on /home/airflow/.local/lib/python3.12/site-packages/airflow/example_dags/tutorial_taskflow_api.py
[2025-03-31T15:24:59.926+0000] {processor.py:914} INFO - Processing file /home/airflow/.local/lib/python3.12/site-packages/airflow/example_dags/tutorial_taskflow_api.py for tasks to queue
[2025-03-31T15:24:59.929+0000] {logging_mixin.py:190} INFO - [2025-03-31T15:24:59.928+0000] {dagbag.py:588} INFO - Filling up the DagBag from /home/airflow/.local/lib/python3.12/site-packages/airflow/example_dags/tutorial_taskflow_api.py
[2025-03-31T15:24:59.944+0000] {processor.py:925} INFO - DAG(s) 'tutorial_taskflow_api' retrieved from /home/airflow/.local/lib/python3.12/site-packages/airflow/example_dags/tutorial_taskflow_api.py
[2025-03-31T15:24:59.979+0000] {logging_mixin.py:190} INFO - [2025-03-31T15:24:59.978+0000] {dag.py:3239} INFO - Sync 1 DAGs
[2025-03-31T15:25:00.003+0000] {logging_mixin.py:190} INFO - [2025-03-31T15:25:00.002+0000] {dag.py:4180} INFO - Setting next_dagrun for tutorial_taskflow_api to None, run_after=None
[2025-03-31T15:25:00.056+0000] {processor.py:208} INFO - Processing /home/airflow/.local/lib/python3.12/site-packages/airflow/example_dags/tutorial_taskflow_api.py took 0.143 seconds
[2025-03-31T15:25:30.785+0000] {processor.py:186} INFO - Started process (PID=58978) to work on /home/airflow/.local/lib/python3.12/site-packages/airflow/example_dags/tutorial_taskflow_api.py
[2025-03-31T15:25:30.787+0000] {processor.py:914} INFO - Processing file /home/airflow/.local/lib/python3.12/site-packages/airflow/example_dags/tutorial_taskflow_api.py for tasks to queue
[2025-03-31T15:25:30.790+0000] {logging_mixin.py:190} INFO - [2025-03-31T15:25:30.790+0000] {dagbag.py:588} INFO - Filling up the DagBag from /home/airflow/.local/lib/python3.12/site-packages/airflow/example_dags/tutorial_taskflow_api.py
[2025-03-31T15:25:30.807+0000] {processor.py:925} INFO - DAG(s) 'tutorial_taskflow_api' retrieved from /home/airflow/.local/lib/python3.12/site-packages/airflow/example_dags/tutorial_taskflow_api.py
[2025-03-31T15:25:30.837+0000] {logging_mixin.py:190} INFO - [2025-03-31T15:25:30.837+0000] {dag.py:3239} INFO - Sync 1 DAGs
[2025-03-31T15:25:30.861+0000] {logging_mixin.py:190} INFO - [2025-03-31T15:25:30.861+0000] {dag.py:4180} INFO - Setting next_dagrun for tutorial_taskflow_api to None, run_after=None
[2025-03-31T15:25:30.907+0000] {processor.py:208} INFO - Processing /home/airflow/.local/lib/python3.12/site-packages/airflow/example_dags/tutorial_taskflow_api.py took 0.134 seconds
[2025-03-31T15:26:01.251+0000] {processor.py:186} INFO - Started process (PID=59043) to work on /home/airflow/.local/lib/python3.12/site-packages/airflow/example_dags/tutorial_taskflow_api.py
[2025-03-31T15:26:01.254+0000] {processor.py:914} INFO - Processing file /home/airflow/.local/lib/python3.12/site-packages/airflow/example_dags/tutorial_taskflow_api.py for tasks to queue
[2025-03-31T15:26:01.257+0000] {logging_mixin.py:190} INFO - [2025-03-31T15:26:01.256+0000] {dagbag.py:588} INFO - Filling up the DagBag from /home/airflow/.local/lib/python3.12/site-packages/airflow/example_dags/tutorial_taskflow_api.py
[2025-03-31T15:26:01.273+0000] {processor.py:925} INFO - DAG(s) 'tutorial_taskflow_api' retrieved from /home/airflow/.local/lib/python3.12/site-packages/airflow/example_dags/tutorial_taskflow_api.py
[2025-03-31T15:26:01.311+0000] {logging_mixin.py:190} INFO - [2025-03-31T15:26:01.311+0000] {dag.py:3239} INFO - Sync 1 DAGs
[2025-03-31T15:26:01.347+0000] {logging_mixin.py:190} INFO - [2025-03-31T15:26:01.347+0000] {dag.py:4180} INFO - Setting next_dagrun for tutorial_taskflow_api to None, run_after=None
[2025-03-31T15:26:01.406+0000] {processor.py:208} INFO - Processing /home/airflow/.local/lib/python3.12/site-packages/airflow/example_dags/tutorial_taskflow_api.py took 0.166 seconds
[2025-03-31T15:26:32.155+0000] {processor.py:186} INFO - Started process (PID=59107) to work on /home/airflow/.local/lib/python3.12/site-packages/airflow/example_dags/tutorial_taskflow_api.py
[2025-03-31T15:26:32.157+0000] {processor.py:914} INFO - Processing file /home/airflow/.local/lib/python3.12/site-packages/airflow/example_dags/tutorial_taskflow_api.py for tasks to queue
[2025-03-31T15:26:32.160+0000] {logging_mixin.py:190} INFO - [2025-03-31T15:26:32.160+0000] {dagbag.py:588} INFO - Filling up the DagBag from /home/airflow/.local/lib/python3.12/site-packages/airflow/example_dags/tutorial_taskflow_api.py
[2025-03-31T15:26:32.181+0000] {processor.py:925} INFO - DAG(s) 'tutorial_taskflow_api' retrieved from /home/airflow/.local/lib/python3.12/site-packages/airflow/example_dags/tutorial_taskflow_api.py
[2025-03-31T15:26:32.228+0000] {logging_mixin.py:190} INFO - [2025-03-31T15:26:32.227+0000] {dag.py:3239} INFO - Sync 1 DAGs
[2025-03-31T15:26:32.260+0000] {logging_mixin.py:190} INFO - [2025-03-31T15:26:32.260+0000] {dag.py:4180} INFO - Setting next_dagrun for tutorial_taskflow_api to None, run_after=None
[2025-03-31T15:26:32.310+0000] {processor.py:208} INFO - Processing /home/airflow/.local/lib/python3.12/site-packages/airflow/example_dags/tutorial_taskflow_api.py took 0.167 seconds
[2025-03-31T15:27:02.545+0000] {processor.py:186} INFO - Started process (PID=59172) to work on /home/airflow/.local/lib/python3.12/site-packages/airflow/example_dags/tutorial_taskflow_api.py
[2025-03-31T15:27:02.547+0000] {processor.py:914} INFO - Processing file /home/airflow/.local/lib/python3.12/site-packages/airflow/example_dags/tutorial_taskflow_api.py for tasks to queue
[2025-03-31T15:27:02.550+0000] {logging_mixin.py:190} INFO - [2025-03-31T15:27:02.549+0000] {dagbag.py:588} INFO - Filling up the DagBag from /home/airflow/.local/lib/python3.12/site-packages/airflow/example_dags/tutorial_taskflow_api.py
[2025-03-31T15:27:02.567+0000] {processor.py:925} INFO - DAG(s) 'tutorial_taskflow_api' retrieved from /home/airflow/.local/lib/python3.12/site-packages/airflow/example_dags/tutorial_taskflow_api.py
[2025-03-31T15:27:02.601+0000] {logging_mixin.py:190} INFO - [2025-03-31T15:27:02.601+0000] {dag.py:3239} INFO - Sync 1 DAGs
[2025-03-31T15:27:02.628+0000] {logging_mixin.py:190} INFO - [2025-03-31T15:27:02.627+0000] {dag.py:4180} INFO - Setting next_dagrun for tutorial_taskflow_api to None, run_after=None
[2025-03-31T15:27:02.667+0000] {processor.py:208} INFO - Processing /home/airflow/.local/lib/python3.12/site-packages/airflow/example_dags/tutorial_taskflow_api.py took 0.131 seconds
[2025-03-31T15:27:33.571+0000] {processor.py:186} INFO - Started process (PID=59237) to work on /home/airflow/.local/lib/python3.12/site-packages/airflow/example_dags/tutorial_taskflow_api.py
[2025-03-31T15:27:33.572+0000] {processor.py:914} INFO - Processing file /home/airflow/.local/lib/python3.12/site-packages/airflow/example_dags/tutorial_taskflow_api.py for tasks to queue
[2025-03-31T15:27:33.575+0000] {logging_mixin.py:190} INFO - [2025-03-31T15:27:33.575+0000] {dagbag.py:588} INFO - Filling up the DagBag from /home/airflow/.local/lib/python3.12/site-packages/airflow/example_dags/tutorial_taskflow_api.py
[2025-03-31T15:27:33.594+0000] {processor.py:925} INFO - DAG(s) 'tutorial_taskflow_api' retrieved from /home/airflow/.local/lib/python3.12/site-packages/airflow/example_dags/tutorial_taskflow_api.py
[2025-03-31T15:27:33.653+0000] {logging_mixin.py:190} INFO - [2025-03-31T15:27:33.653+0000] {dag.py:3239} INFO - Sync 1 DAGs
[2025-03-31T15:27:33.717+0000] {logging_mixin.py:190} INFO - [2025-03-31T15:27:33.716+0000] {dag.py:4180} INFO - Setting next_dagrun for tutorial_taskflow_api to None, run_after=None
[2025-03-31T15:27:33.786+0000] {processor.py:208} INFO - Processing /home/airflow/.local/lib/python3.12/site-packages/airflow/example_dags/tutorial_taskflow_api.py took 0.224 seconds
[2025-03-31T15:28:04.170+0000] {processor.py:186} INFO - Started process (PID=59302) to work on /home/airflow/.local/lib/python3.12/site-packages/airflow/example_dags/tutorial_taskflow_api.py
[2025-03-31T15:28:04.172+0000] {processor.py:914} INFO - Processing file /home/airflow/.local/lib/python3.12/site-packages/airflow/example_dags/tutorial_taskflow_api.py for tasks to queue
[2025-03-31T15:28:04.175+0000] {logging_mixin.py:190} INFO - [2025-03-31T15:28:04.174+0000] {dagbag.py:588} INFO - Filling up the DagBag from /home/airflow/.local/lib/python3.12/site-packages/airflow/example_dags/tutorial_taskflow_api.py
[2025-03-31T15:28:04.192+0000] {processor.py:925} INFO - DAG(s) 'tutorial_taskflow_api' retrieved from /home/airflow/.local/lib/python3.12/site-packages/airflow/example_dags/tutorial_taskflow_api.py
[2025-03-31T15:28:04.240+0000] {logging_mixin.py:190} INFO - [2025-03-31T15:28:04.239+0000] {dag.py:3239} INFO - Sync 1 DAGs
[2025-03-31T15:28:04.267+0000] {logging_mixin.py:190} INFO - [2025-03-31T15:28:04.267+0000] {dag.py:4180} INFO - Setting next_dagrun for tutorial_taskflow_api to None, run_after=None
[2025-03-31T15:28:04.305+0000] {processor.py:208} INFO - Processing /home/airflow/.local/lib/python3.12/site-packages/airflow/example_dags/tutorial_taskflow_api.py took 0.145 seconds
[2025-03-31T15:28:35.463+0000] {processor.py:186} INFO - Started process (PID=59367) to work on /home/airflow/.local/lib/python3.12/site-packages/airflow/example_dags/tutorial_taskflow_api.py
[2025-03-31T15:28:35.465+0000] {processor.py:914} INFO - Processing file /home/airflow/.local/lib/python3.12/site-packages/airflow/example_dags/tutorial_taskflow_api.py for tasks to queue
[2025-03-31T15:28:35.467+0000] {logging_mixin.py:190} INFO - [2025-03-31T15:28:35.467+0000] {dagbag.py:588} INFO - Filling up the DagBag from /home/airflow/.local/lib/python3.12/site-packages/airflow/example_dags/tutorial_taskflow_api.py
[2025-03-31T15:28:35.485+0000] {processor.py:925} INFO - DAG(s) 'tutorial_taskflow_api' retrieved from /home/airflow/.local/lib/python3.12/site-packages/airflow/example_dags/tutorial_taskflow_api.py
[2025-03-31T15:28:35.519+0000] {logging_mixin.py:190} INFO - [2025-03-31T15:28:35.519+0000] {dag.py:3239} INFO - Sync 1 DAGs
[2025-03-31T15:28:35.544+0000] {logging_mixin.py:190} INFO - [2025-03-31T15:28:35.543+0000] {dag.py:4180} INFO - Setting next_dagrun for tutorial_taskflow_api to None, run_after=None
[2025-03-31T15:28:35.606+0000] {processor.py:208} INFO - Processing /home/airflow/.local/lib/python3.12/site-packages/airflow/example_dags/tutorial_taskflow_api.py took 0.155 seconds
[2025-03-31T15:29:06.029+0000] {processor.py:186} INFO - Started process (PID=59432) to work on /home/airflow/.local/lib/python3.12/site-packages/airflow/example_dags/tutorial_taskflow_api.py
[2025-03-31T15:29:06.031+0000] {processor.py:914} INFO - Processing file /home/airflow/.local/lib/python3.12/site-packages/airflow/example_dags/tutorial_taskflow_api.py for tasks to queue
[2025-03-31T15:29:06.034+0000] {logging_mixin.py:190} INFO - [2025-03-31T15:29:06.033+0000] {dagbag.py:588} INFO - Filling up the DagBag from /home/airflow/.local/lib/python3.12/site-packages/airflow/example_dags/tutorial_taskflow_api.py
[2025-03-31T15:29:06.052+0000] {processor.py:925} INFO - DAG(s) 'tutorial_taskflow_api' retrieved from /home/airflow/.local/lib/python3.12/site-packages/airflow/example_dags/tutorial_taskflow_api.py
[2025-03-31T15:29:06.088+0000] {logging_mixin.py:190} INFO - [2025-03-31T15:29:06.088+0000] {dag.py:3239} INFO - Sync 1 DAGs
[2025-03-31T15:29:06.114+0000] {logging_mixin.py:190} INFO - [2025-03-31T15:29:06.114+0000] {dag.py:4180} INFO - Setting next_dagrun for tutorial_taskflow_api to None, run_after=None
[2025-03-31T15:29:06.164+0000] {processor.py:208} INFO - Processing /home/airflow/.local/lib/python3.12/site-packages/airflow/example_dags/tutorial_taskflow_api.py took 0.146 seconds
[2025-03-31T15:29:36.626+0000] {processor.py:186} INFO - Started process (PID=59496) to work on /home/airflow/.local/lib/python3.12/site-packages/airflow/example_dags/tutorial_taskflow_api.py
[2025-03-31T15:29:36.628+0000] {processor.py:914} INFO - Processing file /home/airflow/.local/lib/python3.12/site-packages/airflow/example_dags/tutorial_taskflow_api.py for tasks to queue
[2025-03-31T15:29:36.631+0000] {logging_mixin.py:190} INFO - [2025-03-31T15:29:36.630+0000] {dagbag.py:588} INFO - Filling up the DagBag from /home/airflow/.local/lib/python3.12/site-packages/airflow/example_dags/tutorial_taskflow_api.py
[2025-03-31T15:29:36.649+0000] {processor.py:925} INFO - DAG(s) 'tutorial_taskflow_api' retrieved from /home/airflow/.local/lib/python3.12/site-packages/airflow/example_dags/tutorial_taskflow_api.py
[2025-03-31T15:29:36.688+0000] {logging_mixin.py:190} INFO - [2025-03-31T15:29:36.688+0000] {dag.py:3239} INFO - Sync 1 DAGs
[2025-03-31T15:29:36.722+0000] {logging_mixin.py:190} INFO - [2025-03-31T15:29:36.721+0000] {dag.py:4180} INFO - Setting next_dagrun for tutorial_taskflow_api to None, run_after=None
[2025-03-31T15:29:36.776+0000] {processor.py:208} INFO - Processing /home/airflow/.local/lib/python3.12/site-packages/airflow/example_dags/tutorial_taskflow_api.py took 0.164 seconds
[2025-03-31T15:30:06.999+0000] {processor.py:186} INFO - Started process (PID=59561) to work on /home/airflow/.local/lib/python3.12/site-packages/airflow/example_dags/tutorial_taskflow_api.py
[2025-03-31T15:30:07.001+0000] {processor.py:914} INFO - Processing file /home/airflow/.local/lib/python3.12/site-packages/airflow/example_dags/tutorial_taskflow_api.py for tasks to queue
[2025-03-31T15:30:07.003+0000] {logging_mixin.py:190} INFO - [2025-03-31T15:30:07.002+0000] {dagbag.py:588} INFO - Filling up the DagBag from /home/airflow/.local/lib/python3.12/site-packages/airflow/example_dags/tutorial_taskflow_api.py
[2025-03-31T15:30:07.024+0000] {processor.py:925} INFO - DAG(s) 'tutorial_taskflow_api' retrieved from /home/airflow/.local/lib/python3.12/site-packages/airflow/example_dags/tutorial_taskflow_api.py
[2025-03-31T15:30:07.058+0000] {logging_mixin.py:190} INFO - [2025-03-31T15:30:07.057+0000] {dag.py:3239} INFO - Sync 1 DAGs
[2025-03-31T15:30:07.087+0000] {logging_mixin.py:190} INFO - [2025-03-31T15:30:07.086+0000] {dag.py:4180} INFO - Setting next_dagrun for tutorial_taskflow_api to None, run_after=None
[2025-03-31T15:30:07.124+0000] {processor.py:208} INFO - Processing /home/airflow/.local/lib/python3.12/site-packages/airflow/example_dags/tutorial_taskflow_api.py took 0.133 seconds
[2025-03-31T15:30:37.726+0000] {processor.py:186} INFO - Started process (PID=59626) to work on /home/airflow/.local/lib/python3.12/site-packages/airflow/example_dags/tutorial_taskflow_api.py
[2025-03-31T15:30:37.728+0000] {processor.py:914} INFO - Processing file /home/airflow/.local/lib/python3.12/site-packages/airflow/example_dags/tutorial_taskflow_api.py for tasks to queue
[2025-03-31T15:30:37.731+0000] {logging_mixin.py:190} INFO - [2025-03-31T15:30:37.730+0000] {dagbag.py:588} INFO - Filling up the DagBag from /home/airflow/.local/lib/python3.12/site-packages/airflow/example_dags/tutorial_taskflow_api.py
[2025-03-31T15:30:37.746+0000] {processor.py:925} INFO - DAG(s) 'tutorial_taskflow_api' retrieved from /home/airflow/.local/lib/python3.12/site-packages/airflow/example_dags/tutorial_taskflow_api.py
[2025-03-31T15:30:37.785+0000] {logging_mixin.py:190} INFO - [2025-03-31T15:30:37.784+0000] {dag.py:3239} INFO - Sync 1 DAGs
[2025-03-31T15:30:37.814+0000] {logging_mixin.py:190} INFO - [2025-03-31T15:30:37.813+0000] {dag.py:4180} INFO - Setting next_dagrun for tutorial_taskflow_api to None, run_after=None
[2025-03-31T15:30:37.856+0000] {processor.py:208} INFO - Processing /home/airflow/.local/lib/python3.12/site-packages/airflow/example_dags/tutorial_taskflow_api.py took 0.140 seconds
[2025-03-31T15:31:08.250+0000] {processor.py:186} INFO - Started process (PID=59691) to work on /home/airflow/.local/lib/python3.12/site-packages/airflow/example_dags/tutorial_taskflow_api.py
[2025-03-31T15:31:08.252+0000] {processor.py:914} INFO - Processing file /home/airflow/.local/lib/python3.12/site-packages/airflow/example_dags/tutorial_taskflow_api.py for tasks to queue
[2025-03-31T15:31:08.256+0000] {logging_mixin.py:190} INFO - [2025-03-31T15:31:08.255+0000] {dagbag.py:588} INFO - Filling up the DagBag from /home/airflow/.local/lib/python3.12/site-packages/airflow/example_dags/tutorial_taskflow_api.py
[2025-03-31T15:31:08.271+0000] {processor.py:925} INFO - DAG(s) 'tutorial_taskflow_api' retrieved from /home/airflow/.local/lib/python3.12/site-packages/airflow/example_dags/tutorial_taskflow_api.py
[2025-03-31T15:31:08.311+0000] {logging_mixin.py:190} INFO - [2025-03-31T15:31:08.311+0000] {dag.py:3239} INFO - Sync 1 DAGs
[2025-03-31T15:31:08.342+0000] {logging_mixin.py:190} INFO - [2025-03-31T15:31:08.341+0000] {dag.py:4180} INFO - Setting next_dagrun for tutorial_taskflow_api to None, run_after=None
[2025-03-31T15:31:08.381+0000] {processor.py:208} INFO - Processing /home/airflow/.local/lib/python3.12/site-packages/airflow/example_dags/tutorial_taskflow_api.py took 0.141 seconds
[2025-03-31T15:31:38.711+0000] {processor.py:186} INFO - Started process (PID=59756) to work on /home/airflow/.local/lib/python3.12/site-packages/airflow/example_dags/tutorial_taskflow_api.py
[2025-03-31T15:31:38.713+0000] {processor.py:914} INFO - Processing file /home/airflow/.local/lib/python3.12/site-packages/airflow/example_dags/tutorial_taskflow_api.py for tasks to queue
[2025-03-31T15:31:38.727+0000] {logging_mixin.py:190} INFO - [2025-03-31T15:31:38.726+0000] {dagbag.py:588} INFO - Filling up the DagBag from /home/airflow/.local/lib/python3.12/site-packages/airflow/example_dags/tutorial_taskflow_api.py
[2025-03-31T15:31:38.765+0000] {processor.py:925} INFO - DAG(s) 'tutorial_taskflow_api' retrieved from /home/airflow/.local/lib/python3.12/site-packages/airflow/example_dags/tutorial_taskflow_api.py
[2025-03-31T15:31:38.813+0000] {logging_mixin.py:190} INFO - [2025-03-31T15:31:38.812+0000] {dag.py:3239} INFO - Sync 1 DAGs
[2025-03-31T15:31:38.842+0000] {logging_mixin.py:190} INFO - [2025-03-31T15:31:38.842+0000] {dag.py:4180} INFO - Setting next_dagrun for tutorial_taskflow_api to None, run_after=None
[2025-03-31T15:31:38.876+0000] {processor.py:208} INFO - Processing /home/airflow/.local/lib/python3.12/site-packages/airflow/example_dags/tutorial_taskflow_api.py took 0.187 seconds
[2025-03-31T15:32:10.691+0000] {processor.py:186} INFO - Started process (PID=59825) to work on /home/airflow/.local/lib/python3.12/site-packages/airflow/example_dags/tutorial_taskflow_api.py
[2025-03-31T15:32:10.693+0000] {processor.py:914} INFO - Processing file /home/airflow/.local/lib/python3.12/site-packages/airflow/example_dags/tutorial_taskflow_api.py for tasks to queue
[2025-03-31T15:32:10.699+0000] {logging_mixin.py:190} INFO - [2025-03-31T15:32:10.698+0000] {dagbag.py:588} INFO - Filling up the DagBag from /home/airflow/.local/lib/python3.12/site-packages/airflow/example_dags/tutorial_taskflow_api.py
[2025-03-31T15:32:10.715+0000] {processor.py:925} INFO - DAG(s) 'tutorial_taskflow_api' retrieved from /home/airflow/.local/lib/python3.12/site-packages/airflow/example_dags/tutorial_taskflow_api.py
[2025-03-31T15:32:10.782+0000] {logging_mixin.py:190} INFO - [2025-03-31T15:32:10.781+0000] {dag.py:3239} INFO - Sync 1 DAGs
[2025-03-31T15:32:10.827+0000] {logging_mixin.py:190} INFO - [2025-03-31T15:32:10.827+0000] {dag.py:4180} INFO - Setting next_dagrun for tutorial_taskflow_api to None, run_after=None
[2025-03-31T15:32:10.879+0000] {processor.py:208} INFO - Processing /home/airflow/.local/lib/python3.12/site-packages/airflow/example_dags/tutorial_taskflow_api.py took 0.199 seconds
[2025-03-31T15:32:41.884+0000] {processor.py:186} INFO - Started process (PID=59890) to work on /home/airflow/.local/lib/python3.12/site-packages/airflow/example_dags/tutorial_taskflow_api.py
[2025-03-31T15:32:41.887+0000] {processor.py:914} INFO - Processing file /home/airflow/.local/lib/python3.12/site-packages/airflow/example_dags/tutorial_taskflow_api.py for tasks to queue
[2025-03-31T15:32:41.900+0000] {logging_mixin.py:190} INFO - [2025-03-31T15:32:41.899+0000] {dagbag.py:588} INFO - Filling up the DagBag from /home/airflow/.local/lib/python3.12/site-packages/airflow/example_dags/tutorial_taskflow_api.py
[2025-03-31T15:32:41.938+0000] {processor.py:925} INFO - DAG(s) 'tutorial_taskflow_api' retrieved from /home/airflow/.local/lib/python3.12/site-packages/airflow/example_dags/tutorial_taskflow_api.py
[2025-03-31T15:32:42.013+0000] {logging_mixin.py:190} INFO - [2025-03-31T15:32:42.012+0000] {dag.py:3239} INFO - Sync 1 DAGs
[2025-03-31T15:32:42.064+0000] {logging_mixin.py:190} INFO - [2025-03-31T15:32:42.063+0000] {dag.py:4180} INFO - Setting next_dagrun for tutorial_taskflow_api to None, run_after=None
[2025-03-31T15:32:42.121+0000] {processor.py:208} INFO - Processing /home/airflow/.local/lib/python3.12/site-packages/airflow/example_dags/tutorial_taskflow_api.py took 0.261 seconds
[2025-03-31T15:33:12.277+0000] {processor.py:186} INFO - Started process (PID=59954) to work on /home/airflow/.local/lib/python3.12/site-packages/airflow/example_dags/tutorial_taskflow_api.py
[2025-03-31T15:33:12.280+0000] {processor.py:914} INFO - Processing file /home/airflow/.local/lib/python3.12/site-packages/airflow/example_dags/tutorial_taskflow_api.py for tasks to queue
[2025-03-31T15:33:12.282+0000] {logging_mixin.py:190} INFO - [2025-03-31T15:33:12.281+0000] {dagbag.py:588} INFO - Filling up the DagBag from /home/airflow/.local/lib/python3.12/site-packages/airflow/example_dags/tutorial_taskflow_api.py
[2025-03-31T15:33:12.297+0000] {processor.py:925} INFO - DAG(s) 'tutorial_taskflow_api' retrieved from /home/airflow/.local/lib/python3.12/site-packages/airflow/example_dags/tutorial_taskflow_api.py
[2025-03-31T15:33:12.350+0000] {logging_mixin.py:190} INFO - [2025-03-31T15:33:12.350+0000] {dag.py:3239} INFO - Sync 1 DAGs
[2025-03-31T15:33:12.389+0000] {logging_mixin.py:190} INFO - [2025-03-31T15:33:12.388+0000] {dag.py:4180} INFO - Setting next_dagrun for tutorial_taskflow_api to None, run_after=None
[2025-03-31T15:33:12.438+0000] {processor.py:208} INFO - Processing /home/airflow/.local/lib/python3.12/site-packages/airflow/example_dags/tutorial_taskflow_api.py took 0.170 seconds
[2025-03-31T15:33:43.325+0000] {processor.py:186} INFO - Started process (PID=60019) to work on /home/airflow/.local/lib/python3.12/site-packages/airflow/example_dags/tutorial_taskflow_api.py
[2025-03-31T15:33:43.327+0000] {processor.py:914} INFO - Processing file /home/airflow/.local/lib/python3.12/site-packages/airflow/example_dags/tutorial_taskflow_api.py for tasks to queue
[2025-03-31T15:33:43.330+0000] {logging_mixin.py:190} INFO - [2025-03-31T15:33:43.329+0000] {dagbag.py:588} INFO - Filling up the DagBag from /home/airflow/.local/lib/python3.12/site-packages/airflow/example_dags/tutorial_taskflow_api.py
[2025-03-31T15:33:43.346+0000] {processor.py:925} INFO - DAG(s) 'tutorial_taskflow_api' retrieved from /home/airflow/.local/lib/python3.12/site-packages/airflow/example_dags/tutorial_taskflow_api.py
[2025-03-31T15:33:43.383+0000] {logging_mixin.py:190} INFO - [2025-03-31T15:33:43.382+0000] {dag.py:3239} INFO - Sync 1 DAGs
[2025-03-31T15:33:43.418+0000] {logging_mixin.py:190} INFO - [2025-03-31T15:33:43.418+0000] {dag.py:4180} INFO - Setting next_dagrun for tutorial_taskflow_api to None, run_after=None
[2025-03-31T15:33:43.463+0000] {processor.py:208} INFO - Processing /home/airflow/.local/lib/python3.12/site-packages/airflow/example_dags/tutorial_taskflow_api.py took 0.151 seconds
[2025-03-31T15:34:13.872+0000] {processor.py:186} INFO - Started process (PID=60083) to work on /home/airflow/.local/lib/python3.12/site-packages/airflow/example_dags/tutorial_taskflow_api.py
[2025-03-31T15:34:13.874+0000] {processor.py:914} INFO - Processing file /home/airflow/.local/lib/python3.12/site-packages/airflow/example_dags/tutorial_taskflow_api.py for tasks to queue
[2025-03-31T15:34:13.876+0000] {logging_mixin.py:190} INFO - [2025-03-31T15:34:13.876+0000] {dagbag.py:588} INFO - Filling up the DagBag from /home/airflow/.local/lib/python3.12/site-packages/airflow/example_dags/tutorial_taskflow_api.py
[2025-03-31T15:34:13.892+0000] {processor.py:925} INFO - DAG(s) 'tutorial_taskflow_api' retrieved from /home/airflow/.local/lib/python3.12/site-packages/airflow/example_dags/tutorial_taskflow_api.py
[2025-03-31T15:34:13.927+0000] {logging_mixin.py:190} INFO - [2025-03-31T15:34:13.927+0000] {dag.py:3239} INFO - Sync 1 DAGs
[2025-03-31T15:34:13.956+0000] {logging_mixin.py:190} INFO - [2025-03-31T15:34:13.956+0000] {dag.py:4180} INFO - Setting next_dagrun for tutorial_taskflow_api to None, run_after=None
[2025-03-31T15:34:14.260+0000] {processor.py:208} INFO - Processing /home/airflow/.local/lib/python3.12/site-packages/airflow/example_dags/tutorial_taskflow_api.py took 0.397 seconds
[2025-03-31T15:34:44.840+0000] {processor.py:186} INFO - Started process (PID=60148) to work on /home/airflow/.local/lib/python3.12/site-packages/airflow/example_dags/tutorial_taskflow_api.py
[2025-03-31T15:34:44.842+0000] {processor.py:914} INFO - Processing file /home/airflow/.local/lib/python3.12/site-packages/airflow/example_dags/tutorial_taskflow_api.py for tasks to queue
[2025-03-31T15:34:44.845+0000] {logging_mixin.py:190} INFO - [2025-03-31T15:34:44.844+0000] {dagbag.py:588} INFO - Filling up the DagBag from /home/airflow/.local/lib/python3.12/site-packages/airflow/example_dags/tutorial_taskflow_api.py
[2025-03-31T15:34:44.859+0000] {processor.py:925} INFO - DAG(s) 'tutorial_taskflow_api' retrieved from /home/airflow/.local/lib/python3.12/site-packages/airflow/example_dags/tutorial_taskflow_api.py
[2025-03-31T15:34:44.891+0000] {logging_mixin.py:190} INFO - [2025-03-31T15:34:44.891+0000] {dag.py:3239} INFO - Sync 1 DAGs
[2025-03-31T15:34:44.916+0000] {logging_mixin.py:190} INFO - [2025-03-31T15:34:44.915+0000] {dag.py:4180} INFO - Setting next_dagrun for tutorial_taskflow_api to None, run_after=None
[2025-03-31T15:34:44.962+0000] {processor.py:208} INFO - Processing /home/airflow/.local/lib/python3.12/site-packages/airflow/example_dags/tutorial_taskflow_api.py took 0.132 seconds
[2025-03-31T15:35:15.481+0000] {processor.py:186} INFO - Started process (PID=60213) to work on /home/airflow/.local/lib/python3.12/site-packages/airflow/example_dags/tutorial_taskflow_api.py
[2025-03-31T15:35:15.484+0000] {processor.py:914} INFO - Processing file /home/airflow/.local/lib/python3.12/site-packages/airflow/example_dags/tutorial_taskflow_api.py for tasks to queue
[2025-03-31T15:35:15.487+0000] {logging_mixin.py:190} INFO - [2025-03-31T15:35:15.486+0000] {dagbag.py:588} INFO - Filling up the DagBag from /home/airflow/.local/lib/python3.12/site-packages/airflow/example_dags/tutorial_taskflow_api.py
[2025-03-31T15:35:15.507+0000] {processor.py:925} INFO - DAG(s) 'tutorial_taskflow_api' retrieved from /home/airflow/.local/lib/python3.12/site-packages/airflow/example_dags/tutorial_taskflow_api.py
[2025-03-31T15:35:15.552+0000] {logging_mixin.py:190} INFO - [2025-03-31T15:35:15.551+0000] {dag.py:3239} INFO - Sync 1 DAGs
[2025-03-31T15:35:15.585+0000] {logging_mixin.py:190} INFO - [2025-03-31T15:35:15.584+0000] {dag.py:4180} INFO - Setting next_dagrun for tutorial_taskflow_api to None, run_after=None
[2025-03-31T15:35:15.643+0000] {processor.py:208} INFO - Processing /home/airflow/.local/lib/python3.12/site-packages/airflow/example_dags/tutorial_taskflow_api.py took 0.175 seconds
[2025-03-31T15:35:45.811+0000] {processor.py:186} INFO - Started process (PID=60278) to work on /home/airflow/.local/lib/python3.12/site-packages/airflow/example_dags/tutorial_taskflow_api.py
[2025-03-31T15:35:45.813+0000] {processor.py:914} INFO - Processing file /home/airflow/.local/lib/python3.12/site-packages/airflow/example_dags/tutorial_taskflow_api.py for tasks to queue
[2025-03-31T15:35:45.816+0000] {logging_mixin.py:190} INFO - [2025-03-31T15:35:45.815+0000] {dagbag.py:588} INFO - Filling up the DagBag from /home/airflow/.local/lib/python3.12/site-packages/airflow/example_dags/tutorial_taskflow_api.py
[2025-03-31T15:35:45.830+0000] {processor.py:925} INFO - DAG(s) 'tutorial_taskflow_api' retrieved from /home/airflow/.local/lib/python3.12/site-packages/airflow/example_dags/tutorial_taskflow_api.py
[2025-03-31T15:35:45.871+0000] {logging_mixin.py:190} INFO - [2025-03-31T15:35:45.870+0000] {dag.py:3239} INFO - Sync 1 DAGs
[2025-03-31T15:35:45.910+0000] {logging_mixin.py:190} INFO - [2025-03-31T15:35:45.909+0000] {dag.py:4180} INFO - Setting next_dagrun for tutorial_taskflow_api to None, run_after=None
[2025-03-31T15:35:45.955+0000] {processor.py:208} INFO - Processing /home/airflow/.local/lib/python3.12/site-packages/airflow/example_dags/tutorial_taskflow_api.py took 0.156 seconds
[2025-03-31T15:36:16.181+0000] {processor.py:186} INFO - Started process (PID=60344) to work on /home/airflow/.local/lib/python3.12/site-packages/airflow/example_dags/tutorial_taskflow_api.py
[2025-03-31T15:36:16.183+0000] {processor.py:914} INFO - Processing file /home/airflow/.local/lib/python3.12/site-packages/airflow/example_dags/tutorial_taskflow_api.py for tasks to queue
[2025-03-31T15:36:16.186+0000] {logging_mixin.py:190} INFO - [2025-03-31T15:36:16.186+0000] {dagbag.py:588} INFO - Filling up the DagBag from /home/airflow/.local/lib/python3.12/site-packages/airflow/example_dags/tutorial_taskflow_api.py
[2025-03-31T15:36:16.206+0000] {processor.py:925} INFO - DAG(s) 'tutorial_taskflow_api' retrieved from /home/airflow/.local/lib/python3.12/site-packages/airflow/example_dags/tutorial_taskflow_api.py
[2025-03-31T15:36:16.246+0000] {logging_mixin.py:190} INFO - [2025-03-31T15:36:16.245+0000] {dag.py:3239} INFO - Sync 1 DAGs
[2025-03-31T15:36:16.282+0000] {logging_mixin.py:190} INFO - [2025-03-31T15:36:16.282+0000] {dag.py:4180} INFO - Setting next_dagrun for tutorial_taskflow_api to None, run_after=None
[2025-03-31T15:36:16.327+0000] {processor.py:208} INFO - Processing /home/airflow/.local/lib/python3.12/site-packages/airflow/example_dags/tutorial_taskflow_api.py took 0.159 seconds
[2025-03-31T15:36:46.574+0000] {processor.py:186} INFO - Started process (PID=60409) to work on /home/airflow/.local/lib/python3.12/site-packages/airflow/example_dags/tutorial_taskflow_api.py
[2025-03-31T15:36:46.576+0000] {processor.py:914} INFO - Processing file /home/airflow/.local/lib/python3.12/site-packages/airflow/example_dags/tutorial_taskflow_api.py for tasks to queue
[2025-03-31T15:36:46.578+0000] {logging_mixin.py:190} INFO - [2025-03-31T15:36:46.577+0000] {dagbag.py:588} INFO - Filling up the DagBag from /home/airflow/.local/lib/python3.12/site-packages/airflow/example_dags/tutorial_taskflow_api.py
[2025-03-31T15:36:46.593+0000] {processor.py:925} INFO - DAG(s) 'tutorial_taskflow_api' retrieved from /home/airflow/.local/lib/python3.12/site-packages/airflow/example_dags/tutorial_taskflow_api.py
[2025-03-31T15:36:46.628+0000] {logging_mixin.py:190} INFO - [2025-03-31T15:36:46.628+0000] {dag.py:3239} INFO - Sync 1 DAGs
[2025-03-31T15:36:46.654+0000] {logging_mixin.py:190} INFO - [2025-03-31T15:36:46.654+0000] {dag.py:4180} INFO - Setting next_dagrun for tutorial_taskflow_api to None, run_after=None
[2025-03-31T15:36:46.708+0000] {processor.py:208} INFO - Processing /home/airflow/.local/lib/python3.12/site-packages/airflow/example_dags/tutorial_taskflow_api.py took 0.144 seconds
[2025-03-31T15:37:17.322+0000] {processor.py:186} INFO - Started process (PID=60474) to work on /home/airflow/.local/lib/python3.12/site-packages/airflow/example_dags/tutorial_taskflow_api.py
[2025-03-31T15:37:17.323+0000] {processor.py:914} INFO - Processing file /home/airflow/.local/lib/python3.12/site-packages/airflow/example_dags/tutorial_taskflow_api.py for tasks to queue
[2025-03-31T15:37:17.325+0000] {logging_mixin.py:190} INFO - [2025-03-31T15:37:17.325+0000] {dagbag.py:588} INFO - Filling up the DagBag from /home/airflow/.local/lib/python3.12/site-packages/airflow/example_dags/tutorial_taskflow_api.py
[2025-03-31T15:37:17.338+0000] {processor.py:925} INFO - DAG(s) 'tutorial_taskflow_api' retrieved from /home/airflow/.local/lib/python3.12/site-packages/airflow/example_dags/tutorial_taskflow_api.py
[2025-03-31T15:37:17.371+0000] {logging_mixin.py:190} INFO - [2025-03-31T15:37:17.371+0000] {dag.py:3239} INFO - Sync 1 DAGs
[2025-03-31T15:37:17.406+0000] {logging_mixin.py:190} INFO - [2025-03-31T15:37:17.405+0000] {dag.py:4180} INFO - Setting next_dagrun for tutorial_taskflow_api to None, run_after=None
[2025-03-31T15:37:17.461+0000] {processor.py:208} INFO - Processing /home/airflow/.local/lib/python3.12/site-packages/airflow/example_dags/tutorial_taskflow_api.py took 0.151 seconds
[2025-03-31T15:37:47.843+0000] {processor.py:186} INFO - Started process (PID=60540) to work on /home/airflow/.local/lib/python3.12/site-packages/airflow/example_dags/tutorial_taskflow_api.py
[2025-03-31T15:37:47.845+0000] {processor.py:914} INFO - Processing file /home/airflow/.local/lib/python3.12/site-packages/airflow/example_dags/tutorial_taskflow_api.py for tasks to queue
[2025-03-31T15:37:47.848+0000] {logging_mixin.py:190} INFO - [2025-03-31T15:37:47.847+0000] {dagbag.py:588} INFO - Filling up the DagBag from /home/airflow/.local/lib/python3.12/site-packages/airflow/example_dags/tutorial_taskflow_api.py
[2025-03-31T15:37:47.864+0000] {processor.py:925} INFO - DAG(s) 'tutorial_taskflow_api' retrieved from /home/airflow/.local/lib/python3.12/site-packages/airflow/example_dags/tutorial_taskflow_api.py
[2025-03-31T15:37:47.915+0000] {logging_mixin.py:190} INFO - [2025-03-31T15:37:47.914+0000] {dag.py:3239} INFO - Sync 1 DAGs
[2025-03-31T15:37:47.953+0000] {logging_mixin.py:190} INFO - [2025-03-31T15:37:47.952+0000] {dag.py:4180} INFO - Setting next_dagrun for tutorial_taskflow_api to None, run_after=None
[2025-03-31T15:37:48.009+0000] {processor.py:208} INFO - Processing /home/airflow/.local/lib/python3.12/site-packages/airflow/example_dags/tutorial_taskflow_api.py took 0.177 seconds
[2025-03-31T15:38:18.943+0000] {processor.py:186} INFO - Started process (PID=60606) to work on /home/airflow/.local/lib/python3.12/site-packages/airflow/example_dags/tutorial_taskflow_api.py
[2025-03-31T15:38:18.946+0000] {processor.py:914} INFO - Processing file /home/airflow/.local/lib/python3.12/site-packages/airflow/example_dags/tutorial_taskflow_api.py for tasks to queue
[2025-03-31T15:38:18.949+0000] {logging_mixin.py:190} INFO - [2025-03-31T15:38:18.949+0000] {dagbag.py:588} INFO - Filling up the DagBag from /home/airflow/.local/lib/python3.12/site-packages/airflow/example_dags/tutorial_taskflow_api.py
[2025-03-31T15:38:18.970+0000] {processor.py:925} INFO - DAG(s) 'tutorial_taskflow_api' retrieved from /home/airflow/.local/lib/python3.12/site-packages/airflow/example_dags/tutorial_taskflow_api.py
[2025-03-31T15:38:19.013+0000] {logging_mixin.py:190} INFO - [2025-03-31T15:38:19.013+0000] {dag.py:3239} INFO - Sync 1 DAGs
[2025-03-31T15:38:19.042+0000] {logging_mixin.py:190} INFO - [2025-03-31T15:38:19.042+0000] {dag.py:4180} INFO - Setting next_dagrun for tutorial_taskflow_api to None, run_after=None
[2025-03-31T15:38:19.097+0000] {processor.py:208} INFO - Processing /home/airflow/.local/lib/python3.12/site-packages/airflow/example_dags/tutorial_taskflow_api.py took 0.168 seconds
[2025-03-31T15:38:49.392+0000] {processor.py:186} INFO - Started process (PID=60671) to work on /home/airflow/.local/lib/python3.12/site-packages/airflow/example_dags/tutorial_taskflow_api.py
[2025-03-31T15:38:49.394+0000] {processor.py:914} INFO - Processing file /home/airflow/.local/lib/python3.12/site-packages/airflow/example_dags/tutorial_taskflow_api.py for tasks to queue
[2025-03-31T15:38:49.397+0000] {logging_mixin.py:190} INFO - [2025-03-31T15:38:49.397+0000] {dagbag.py:588} INFO - Filling up the DagBag from /home/airflow/.local/lib/python3.12/site-packages/airflow/example_dags/tutorial_taskflow_api.py
[2025-03-31T15:38:49.416+0000] {processor.py:925} INFO - DAG(s) 'tutorial_taskflow_api' retrieved from /home/airflow/.local/lib/python3.12/site-packages/airflow/example_dags/tutorial_taskflow_api.py
[2025-03-31T15:38:49.463+0000] {logging_mixin.py:190} INFO - [2025-03-31T15:38:49.462+0000] {dag.py:3239} INFO - Sync 1 DAGs
[2025-03-31T15:38:49.511+0000] {logging_mixin.py:190} INFO - [2025-03-31T15:38:49.510+0000] {dag.py:4180} INFO - Setting next_dagrun for tutorial_taskflow_api to None, run_after=None
[2025-03-31T15:38:49.566+0000] {processor.py:208} INFO - Processing /home/airflow/.local/lib/python3.12/site-packages/airflow/example_dags/tutorial_taskflow_api.py took 0.186 seconds
[2025-03-31T15:39:20.234+0000] {processor.py:186} INFO - Started process (PID=60736) to work on /home/airflow/.local/lib/python3.12/site-packages/airflow/example_dags/tutorial_taskflow_api.py
[2025-03-31T15:39:20.237+0000] {processor.py:914} INFO - Processing file /home/airflow/.local/lib/python3.12/site-packages/airflow/example_dags/tutorial_taskflow_api.py for tasks to queue
[2025-03-31T15:39:20.241+0000] {logging_mixin.py:190} INFO - [2025-03-31T15:39:20.240+0000] {dagbag.py:588} INFO - Filling up the DagBag from /home/airflow/.local/lib/python3.12/site-packages/airflow/example_dags/tutorial_taskflow_api.py
[2025-03-31T15:39:20.264+0000] {processor.py:925} INFO - DAG(s) 'tutorial_taskflow_api' retrieved from /home/airflow/.local/lib/python3.12/site-packages/airflow/example_dags/tutorial_taskflow_api.py
[2025-03-31T15:39:20.315+0000] {logging_mixin.py:190} INFO - [2025-03-31T15:39:20.314+0000] {dag.py:3239} INFO - Sync 1 DAGs
[2025-03-31T15:39:20.352+0000] {logging_mixin.py:190} INFO - [2025-03-31T15:39:20.352+0000] {dag.py:4180} INFO - Setting next_dagrun for tutorial_taskflow_api to None, run_after=None
[2025-03-31T15:39:20.400+0000] {processor.py:208} INFO - Processing /home/airflow/.local/lib/python3.12/site-packages/airflow/example_dags/tutorial_taskflow_api.py took 0.180 seconds
[2025-03-31T15:39:51.829+0000] {processor.py:186} INFO - Started process (PID=60803) to work on /home/airflow/.local/lib/python3.12/site-packages/airflow/example_dags/tutorial_taskflow_api.py
[2025-03-31T15:39:51.831+0000] {processor.py:914} INFO - Processing file /home/airflow/.local/lib/python3.12/site-packages/airflow/example_dags/tutorial_taskflow_api.py for tasks to queue
[2025-03-31T15:39:51.835+0000] {logging_mixin.py:190} INFO - [2025-03-31T15:39:51.834+0000] {dagbag.py:588} INFO - Filling up the DagBag from /home/airflow/.local/lib/python3.12/site-packages/airflow/example_dags/tutorial_taskflow_api.py
[2025-03-31T15:39:51.852+0000] {processor.py:925} INFO - DAG(s) 'tutorial_taskflow_api' retrieved from /home/airflow/.local/lib/python3.12/site-packages/airflow/example_dags/tutorial_taskflow_api.py
[2025-03-31T15:39:51.892+0000] {logging_mixin.py:190} INFO - [2025-03-31T15:39:51.891+0000] {dag.py:3239} INFO - Sync 1 DAGs
[2025-03-31T15:39:51.925+0000] {logging_mixin.py:190} INFO - [2025-03-31T15:39:51.924+0000] {dag.py:4180} INFO - Setting next_dagrun for tutorial_taskflow_api to None, run_after=None
[2025-03-31T15:39:51.969+0000] {processor.py:208} INFO - Processing /home/airflow/.local/lib/python3.12/site-packages/airflow/example_dags/tutorial_taskflow_api.py took 0.152 seconds
[2025-03-31T15:40:31.520+0000] {processor.py:186} INFO - Started process (PID=60863) to work on /home/airflow/.local/lib/python3.12/site-packages/airflow/example_dags/tutorial_taskflow_api.py
[2025-03-31T15:40:31.523+0000] {processor.py:914} INFO - Processing file /home/airflow/.local/lib/python3.12/site-packages/airflow/example_dags/tutorial_taskflow_api.py for tasks to queue
[2025-03-31T15:40:31.526+0000] {logging_mixin.py:190} INFO - [2025-03-31T15:40:31.525+0000] {dagbag.py:588} INFO - Filling up the DagBag from /home/airflow/.local/lib/python3.12/site-packages/airflow/example_dags/tutorial_taskflow_api.py
[2025-03-31T15:40:31.539+0000] {processor.py:925} INFO - DAG(s) 'tutorial_taskflow_api' retrieved from /home/airflow/.local/lib/python3.12/site-packages/airflow/example_dags/tutorial_taskflow_api.py
[2025-03-31T15:40:31.572+0000] {logging_mixin.py:190} INFO - [2025-03-31T15:40:31.572+0000] {dag.py:3239} INFO - Sync 1 DAGs
[2025-03-31T15:40:31.595+0000] {logging_mixin.py:190} INFO - [2025-03-31T15:40:31.595+0000] {dag.py:4180} INFO - Setting next_dagrun for tutorial_taskflow_api to None, run_after=None
[2025-03-31T15:40:31.643+0000] {processor.py:208} INFO - Processing /home/airflow/.local/lib/python3.12/site-packages/airflow/example_dags/tutorial_taskflow_api.py took 0.131 seconds
[2025-03-31T15:41:02.730+0000] {processor.py:186} INFO - Started process (PID=60929) to work on /home/airflow/.local/lib/python3.12/site-packages/airflow/example_dags/tutorial_taskflow_api.py
[2025-03-31T15:41:02.732+0000] {processor.py:914} INFO - Processing file /home/airflow/.local/lib/python3.12/site-packages/airflow/example_dags/tutorial_taskflow_api.py for tasks to queue
[2025-03-31T15:41:02.735+0000] {logging_mixin.py:190} INFO - [2025-03-31T15:41:02.734+0000] {dagbag.py:588} INFO - Filling up the DagBag from /home/airflow/.local/lib/python3.12/site-packages/airflow/example_dags/tutorial_taskflow_api.py
[2025-03-31T15:41:02.751+0000] {processor.py:925} INFO - DAG(s) 'tutorial_taskflow_api' retrieved from /home/airflow/.local/lib/python3.12/site-packages/airflow/example_dags/tutorial_taskflow_api.py
[2025-03-31T15:41:02.785+0000] {logging_mixin.py:190} INFO - [2025-03-31T15:41:02.785+0000] {dag.py:3239} INFO - Sync 1 DAGs
[2025-03-31T15:41:02.818+0000] {logging_mixin.py:190} INFO - [2025-03-31T15:41:02.818+0000] {dag.py:4180} INFO - Setting next_dagrun for tutorial_taskflow_api to None, run_after=None
[2025-03-31T15:41:02.854+0000] {processor.py:208} INFO - Processing /home/airflow/.local/lib/python3.12/site-packages/airflow/example_dags/tutorial_taskflow_api.py took 0.134 seconds
[2025-03-31T15:41:33.902+0000] {processor.py:186} INFO - Started process (PID=60995) to work on /home/airflow/.local/lib/python3.12/site-packages/airflow/example_dags/tutorial_taskflow_api.py
[2025-03-31T15:41:33.905+0000] {processor.py:914} INFO - Processing file /home/airflow/.local/lib/python3.12/site-packages/airflow/example_dags/tutorial_taskflow_api.py for tasks to queue
[2025-03-31T15:41:33.907+0000] {logging_mixin.py:190} INFO - [2025-03-31T15:41:33.906+0000] {dagbag.py:588} INFO - Filling up the DagBag from /home/airflow/.local/lib/python3.12/site-packages/airflow/example_dags/tutorial_taskflow_api.py
[2025-03-31T15:41:33.923+0000] {processor.py:925} INFO - DAG(s) 'tutorial_taskflow_api' retrieved from /home/airflow/.local/lib/python3.12/site-packages/airflow/example_dags/tutorial_taskflow_api.py
[2025-03-31T15:41:33.961+0000] {logging_mixin.py:190} INFO - [2025-03-31T15:41:33.960+0000] {dag.py:3239} INFO - Sync 1 DAGs
[2025-03-31T15:41:33.987+0000] {logging_mixin.py:190} INFO - [2025-03-31T15:41:33.987+0000] {dag.py:4180} INFO - Setting next_dagrun for tutorial_taskflow_api to None, run_after=None
[2025-03-31T15:41:34.034+0000] {processor.py:208} INFO - Processing /home/airflow/.local/lib/python3.12/site-packages/airflow/example_dags/tutorial_taskflow_api.py took 0.143 seconds
[2025-03-31T15:42:05.080+0000] {processor.py:186} INFO - Started process (PID=61059) to work on /home/airflow/.local/lib/python3.12/site-packages/airflow/example_dags/tutorial_taskflow_api.py
[2025-03-31T15:42:05.081+0000] {processor.py:914} INFO - Processing file /home/airflow/.local/lib/python3.12/site-packages/airflow/example_dags/tutorial_taskflow_api.py for tasks to queue
[2025-03-31T15:42:05.083+0000] {logging_mixin.py:190} INFO - [2025-03-31T15:42:05.083+0000] {dagbag.py:588} INFO - Filling up the DagBag from /home/airflow/.local/lib/python3.12/site-packages/airflow/example_dags/tutorial_taskflow_api.py
[2025-03-31T15:42:05.097+0000] {processor.py:925} INFO - DAG(s) 'tutorial_taskflow_api' retrieved from /home/airflow/.local/lib/python3.12/site-packages/airflow/example_dags/tutorial_taskflow_api.py
[2025-03-31T15:42:05.131+0000] {logging_mixin.py:190} INFO - [2025-03-31T15:42:05.131+0000] {dag.py:3239} INFO - Sync 1 DAGs
[2025-03-31T15:42:05.159+0000] {logging_mixin.py:190} INFO - [2025-03-31T15:42:05.158+0000] {dag.py:4180} INFO - Setting next_dagrun for tutorial_taskflow_api to None, run_after=None
[2025-03-31T15:42:05.206+0000] {processor.py:208} INFO - Processing /home/airflow/.local/lib/python3.12/site-packages/airflow/example_dags/tutorial_taskflow_api.py took 0.136 seconds
[2025-03-31T15:42:37.148+0000] {processor.py:186} INFO - Started process (PID=61124) to work on /home/airflow/.local/lib/python3.12/site-packages/airflow/example_dags/tutorial_taskflow_api.py
[2025-03-31T15:42:37.150+0000] {processor.py:914} INFO - Processing file /home/airflow/.local/lib/python3.12/site-packages/airflow/example_dags/tutorial_taskflow_api.py for tasks to queue
[2025-03-31T15:42:37.153+0000] {logging_mixin.py:190} INFO - [2025-03-31T15:42:37.152+0000] {dagbag.py:588} INFO - Filling up the DagBag from /home/airflow/.local/lib/python3.12/site-packages/airflow/example_dags/tutorial_taskflow_api.py
[2025-03-31T15:42:37.167+0000] {processor.py:925} INFO - DAG(s) 'tutorial_taskflow_api' retrieved from /home/airflow/.local/lib/python3.12/site-packages/airflow/example_dags/tutorial_taskflow_api.py
[2025-03-31T15:42:37.200+0000] {logging_mixin.py:190} INFO - [2025-03-31T15:42:37.200+0000] {dag.py:3239} INFO - Sync 1 DAGs
[2025-03-31T15:42:37.230+0000] {logging_mixin.py:190} INFO - [2025-03-31T15:42:37.230+0000] {dag.py:4180} INFO - Setting next_dagrun for tutorial_taskflow_api to None, run_after=None
[2025-03-31T15:42:37.275+0000] {processor.py:208} INFO - Processing /home/airflow/.local/lib/python3.12/site-packages/airflow/example_dags/tutorial_taskflow_api.py took 0.139 seconds
[2025-03-31T15:43:08.152+0000] {processor.py:186} INFO - Started process (PID=61189) to work on /home/airflow/.local/lib/python3.12/site-packages/airflow/example_dags/tutorial_taskflow_api.py
[2025-03-31T15:43:08.154+0000] {processor.py:914} INFO - Processing file /home/airflow/.local/lib/python3.12/site-packages/airflow/example_dags/tutorial_taskflow_api.py for tasks to queue
[2025-03-31T15:43:08.157+0000] {logging_mixin.py:190} INFO - [2025-03-31T15:43:08.156+0000] {dagbag.py:588} INFO - Filling up the DagBag from /home/airflow/.local/lib/python3.12/site-packages/airflow/example_dags/tutorial_taskflow_api.py
[2025-03-31T15:43:08.175+0000] {processor.py:925} INFO - DAG(s) 'tutorial_taskflow_api' retrieved from /home/airflow/.local/lib/python3.12/site-packages/airflow/example_dags/tutorial_taskflow_api.py
[2025-03-31T15:43:08.210+0000] {logging_mixin.py:190} INFO - [2025-03-31T15:43:08.209+0000] {dag.py:3239} INFO - Sync 1 DAGs
[2025-03-31T15:43:08.237+0000] {logging_mixin.py:190} INFO - [2025-03-31T15:43:08.236+0000] {dag.py:4180} INFO - Setting next_dagrun for tutorial_taskflow_api to None, run_after=None
[2025-03-31T15:43:08.290+0000] {processor.py:208} INFO - Processing /home/airflow/.local/lib/python3.12/site-packages/airflow/example_dags/tutorial_taskflow_api.py took 0.148 seconds
[2025-03-31T15:43:39.567+0000] {processor.py:186} INFO - Started process (PID=61254) to work on /home/airflow/.local/lib/python3.12/site-packages/airflow/example_dags/tutorial_taskflow_api.py
[2025-03-31T15:43:39.568+0000] {processor.py:914} INFO - Processing file /home/airflow/.local/lib/python3.12/site-packages/airflow/example_dags/tutorial_taskflow_api.py for tasks to queue
[2025-03-31T15:43:39.571+0000] {logging_mixin.py:190} INFO - [2025-03-31T15:43:39.570+0000] {dagbag.py:588} INFO - Filling up the DagBag from /home/airflow/.local/lib/python3.12/site-packages/airflow/example_dags/tutorial_taskflow_api.py
[2025-03-31T15:43:39.585+0000] {processor.py:925} INFO - DAG(s) 'tutorial_taskflow_api' retrieved from /home/airflow/.local/lib/python3.12/site-packages/airflow/example_dags/tutorial_taskflow_api.py
[2025-03-31T15:43:39.626+0000] {logging_mixin.py:190} INFO - [2025-03-31T15:43:39.625+0000] {dag.py:3239} INFO - Sync 1 DAGs
[2025-03-31T15:43:39.661+0000] {logging_mixin.py:190} INFO - [2025-03-31T15:43:39.661+0000] {dag.py:4180} INFO - Setting next_dagrun for tutorial_taskflow_api to None, run_after=None
[2025-03-31T15:43:39.717+0000] {processor.py:208} INFO - Processing /home/airflow/.local/lib/python3.12/site-packages/airflow/example_dags/tutorial_taskflow_api.py took 0.160 seconds
[2025-03-31T15:44:11.595+0000] {processor.py:186} INFO - Started process (PID=61323) to work on /home/airflow/.local/lib/python3.12/site-packages/airflow/example_dags/tutorial_taskflow_api.py
[2025-03-31T15:44:11.598+0000] {processor.py:914} INFO - Processing file /home/airflow/.local/lib/python3.12/site-packages/airflow/example_dags/tutorial_taskflow_api.py for tasks to queue
[2025-03-31T15:44:11.602+0000] {logging_mixin.py:190} INFO - [2025-03-31T15:44:11.600+0000] {dagbag.py:588} INFO - Filling up the DagBag from /home/airflow/.local/lib/python3.12/site-packages/airflow/example_dags/tutorial_taskflow_api.py
[2025-03-31T15:44:11.623+0000] {processor.py:925} INFO - DAG(s) 'tutorial_taskflow_api' retrieved from /home/airflow/.local/lib/python3.12/site-packages/airflow/example_dags/tutorial_taskflow_api.py
[2025-03-31T15:44:11.666+0000] {logging_mixin.py:190} INFO - [2025-03-31T15:44:11.666+0000] {dag.py:3239} INFO - Sync 1 DAGs
[2025-03-31T15:44:11.698+0000] {logging_mixin.py:190} INFO - [2025-03-31T15:44:11.697+0000] {dag.py:4180} INFO - Setting next_dagrun for tutorial_taskflow_api to None, run_after=None
[2025-03-31T15:44:11.745+0000] {processor.py:208} INFO - Processing /home/airflow/.local/lib/python3.12/site-packages/airflow/example_dags/tutorial_taskflow_api.py took 0.160 seconds
