[2025-03-31T15:04:44.925+0000] {processor.py:186} INFO - Started process (PID=56398) to work on /home/airflow/.local/lib/python3.12/site-packages/airflow/example_dags/tutorial.py
[2025-03-31T15:04:44.951+0000] {processor.py:914} INFO - Processing file /home/airflow/.local/lib/python3.12/site-packages/airflow/example_dags/tutorial.py for tasks to queue
[2025-03-31T15:04:44.978+0000] {logging_mixin.py:190} INFO - [2025-03-31T15:04:44.977+0000] {dagbag.py:588} INFO - Filling up the DagBag from /home/airflow/.local/lib/python3.12/site-packages/airflow/example_dags/tutorial.py
[2025-03-31T15:04:45.081+0000] {processor.py:925} INFO - DAG(s) 'tutorial' retrieved from /home/airflow/.local/lib/python3.12/site-packages/airflow/example_dags/tutorial.py
[2025-03-31T15:04:45.191+0000] {logging_mixin.py:190} INFO - [2025-03-31T15:04:45.190+0000] {dag.py:3239} INFO - Sync 1 DAGs
[2025-03-31T15:04:45.364+0000] {logging_mixin.py:190} INFO - [2025-03-31T15:04:45.363+0000] {dag.py:4180} INFO - Setting next_dagrun for tutorial to 2025-03-30 00:00:00+00:00, run_after=2025-03-31 00:00:00+00:00
[2025-03-31T15:04:45.533+0000] {processor.py:208} INFO - Processing /home/airflow/.local/lib/python3.12/site-packages/airflow/example_dags/tutorial.py took 0.634 seconds
[2025-03-31T15:05:20.977+0000] {processor.py:186} INFO - Started process (PID=56463) to work on /home/airflow/.local/lib/python3.12/site-packages/airflow/example_dags/tutorial.py
[2025-03-31T15:05:20.979+0000] {processor.py:914} INFO - Processing file /home/airflow/.local/lib/python3.12/site-packages/airflow/example_dags/tutorial.py for tasks to queue
[2025-03-31T15:05:20.985+0000] {logging_mixin.py:190} INFO - [2025-03-31T15:05:20.984+0000] {dagbag.py:588} INFO - Filling up the DagBag from /home/airflow/.local/lib/python3.12/site-packages/airflow/example_dags/tutorial.py
[2025-03-31T15:05:21.027+0000] {processor.py:925} INFO - DAG(s) 'tutorial' retrieved from /home/airflow/.local/lib/python3.12/site-packages/airflow/example_dags/tutorial.py
[2025-03-31T15:05:21.135+0000] {logging_mixin.py:190} INFO - [2025-03-31T15:05:21.134+0000] {dag.py:3239} INFO - Sync 1 DAGs
[2025-03-31T15:05:21.234+0000] {logging_mixin.py:190} INFO - [2025-03-31T15:05:21.233+0000] {dag.py:4180} INFO - Setting next_dagrun for tutorial to 2025-03-30 00:00:00+00:00, run_after=2025-03-31 00:00:00+00:00
[2025-03-31T15:05:21.312+0000] {processor.py:208} INFO - Processing /home/airflow/.local/lib/python3.12/site-packages/airflow/example_dags/tutorial.py took 0.357 seconds
[2025-03-31T15:05:52.005+0000] {processor.py:186} INFO - Started process (PID=56528) to work on /home/airflow/.local/lib/python3.12/site-packages/airflow/example_dags/tutorial.py
[2025-03-31T15:05:52.010+0000] {processor.py:914} INFO - Processing file /home/airflow/.local/lib/python3.12/site-packages/airflow/example_dags/tutorial.py for tasks to queue
[2025-03-31T15:05:52.014+0000] {logging_mixin.py:190} INFO - [2025-03-31T15:05:52.013+0000] {dagbag.py:588} INFO - Filling up the DagBag from /home/airflow/.local/lib/python3.12/site-packages/airflow/example_dags/tutorial.py
[2025-03-31T15:05:52.049+0000] {processor.py:925} INFO - DAG(s) 'tutorial' retrieved from /home/airflow/.local/lib/python3.12/site-packages/airflow/example_dags/tutorial.py
[2025-03-31T15:05:52.119+0000] {logging_mixin.py:190} INFO - [2025-03-31T15:05:52.119+0000] {dag.py:3239} INFO - Sync 1 DAGs
[2025-03-31T15:05:52.193+0000] {logging_mixin.py:190} INFO - [2025-03-31T15:05:52.192+0000] {dag.py:4180} INFO - Setting next_dagrun for tutorial to 2025-03-30 00:00:00+00:00, run_after=2025-03-31 00:00:00+00:00
[2025-03-31T15:05:52.232+0000] {processor.py:208} INFO - Processing /home/airflow/.local/lib/python3.12/site-packages/airflow/example_dags/tutorial.py took 0.254 seconds
[2025-03-31T15:06:22.680+0000] {processor.py:186} INFO - Started process (PID=56592) to work on /home/airflow/.local/lib/python3.12/site-packages/airflow/example_dags/tutorial.py
[2025-03-31T15:06:22.682+0000] {processor.py:914} INFO - Processing file /home/airflow/.local/lib/python3.12/site-packages/airflow/example_dags/tutorial.py for tasks to queue
[2025-03-31T15:06:22.685+0000] {logging_mixin.py:190} INFO - [2025-03-31T15:06:22.684+0000] {dagbag.py:588} INFO - Filling up the DagBag from /home/airflow/.local/lib/python3.12/site-packages/airflow/example_dags/tutorial.py
[2025-03-31T15:06:22.708+0000] {processor.py:925} INFO - DAG(s) 'tutorial' retrieved from /home/airflow/.local/lib/python3.12/site-packages/airflow/example_dags/tutorial.py
[2025-03-31T15:06:22.750+0000] {logging_mixin.py:190} INFO - [2025-03-31T15:06:22.749+0000] {dag.py:3239} INFO - Sync 1 DAGs
[2025-03-31T15:06:22.801+0000] {logging_mixin.py:190} INFO - [2025-03-31T15:06:22.800+0000] {dag.py:4180} INFO - Setting next_dagrun for tutorial to 2025-03-30 00:00:00+00:00, run_after=2025-03-31 00:00:00+00:00
[2025-03-31T15:06:22.844+0000] {processor.py:208} INFO - Processing /home/airflow/.local/lib/python3.12/site-packages/airflow/example_dags/tutorial.py took 0.177 seconds
[2025-03-31T15:06:54.544+0000] {processor.py:186} INFO - Started process (PID=56657) to work on /home/airflow/.local/lib/python3.12/site-packages/airflow/example_dags/tutorial.py
[2025-03-31T15:06:54.552+0000] {processor.py:914} INFO - Processing file /home/airflow/.local/lib/python3.12/site-packages/airflow/example_dags/tutorial.py for tasks to queue
[2025-03-31T15:06:54.565+0000] {logging_mixin.py:190} INFO - [2025-03-31T15:06:54.563+0000] {dagbag.py:588} INFO - Filling up the DagBag from /home/airflow/.local/lib/python3.12/site-packages/airflow/example_dags/tutorial.py
[2025-03-31T15:06:54.621+0000] {processor.py:925} INFO - DAG(s) 'tutorial' retrieved from /home/airflow/.local/lib/python3.12/site-packages/airflow/example_dags/tutorial.py
[2025-03-31T15:06:54.702+0000] {logging_mixin.py:190} INFO - [2025-03-31T15:06:54.699+0000] {dag.py:3239} INFO - Sync 1 DAGs
[2025-03-31T15:06:54.838+0000] {logging_mixin.py:190} INFO - [2025-03-31T15:06:54.835+0000] {dag.py:4180} INFO - Setting next_dagrun for tutorial to 2025-03-30 00:00:00+00:00, run_after=2025-03-31 00:00:00+00:00
[2025-03-31T15:06:54.956+0000] {processor.py:208} INFO - Processing /home/airflow/.local/lib/python3.12/site-packages/airflow/example_dags/tutorial.py took 0.449 seconds
[2025-03-31T15:07:25.397+0000] {processor.py:186} INFO - Started process (PID=56722) to work on /home/airflow/.local/lib/python3.12/site-packages/airflow/example_dags/tutorial.py
[2025-03-31T15:07:25.399+0000] {processor.py:914} INFO - Processing file /home/airflow/.local/lib/python3.12/site-packages/airflow/example_dags/tutorial.py for tasks to queue
[2025-03-31T15:07:25.402+0000] {logging_mixin.py:190} INFO - [2025-03-31T15:07:25.401+0000] {dagbag.py:588} INFO - Filling up the DagBag from /home/airflow/.local/lib/python3.12/site-packages/airflow/example_dags/tutorial.py
[2025-03-31T15:07:25.421+0000] {processor.py:925} INFO - DAG(s) 'tutorial' retrieved from /home/airflow/.local/lib/python3.12/site-packages/airflow/example_dags/tutorial.py
[2025-03-31T15:07:25.464+0000] {logging_mixin.py:190} INFO - [2025-03-31T15:07:25.463+0000] {dag.py:3239} INFO - Sync 1 DAGs
[2025-03-31T15:07:25.517+0000] {logging_mixin.py:190} INFO - [2025-03-31T15:07:25.516+0000] {dag.py:4180} INFO - Setting next_dagrun for tutorial to 2025-03-30 00:00:00+00:00, run_after=2025-03-31 00:00:00+00:00
[2025-03-31T15:07:25.580+0000] {processor.py:208} INFO - Processing /home/airflow/.local/lib/python3.12/site-packages/airflow/example_dags/tutorial.py took 0.193 seconds
[2025-03-31T15:07:55.905+0000] {processor.py:186} INFO - Started process (PID=56786) to work on /home/airflow/.local/lib/python3.12/site-packages/airflow/example_dags/tutorial.py
[2025-03-31T15:07:55.908+0000] {processor.py:914} INFO - Processing file /home/airflow/.local/lib/python3.12/site-packages/airflow/example_dags/tutorial.py for tasks to queue
[2025-03-31T15:07:55.912+0000] {logging_mixin.py:190} INFO - [2025-03-31T15:07:55.911+0000] {dagbag.py:588} INFO - Filling up the DagBag from /home/airflow/.local/lib/python3.12/site-packages/airflow/example_dags/tutorial.py
[2025-03-31T15:07:55.934+0000] {processor.py:925} INFO - DAG(s) 'tutorial' retrieved from /home/airflow/.local/lib/python3.12/site-packages/airflow/example_dags/tutorial.py
[2025-03-31T15:07:55.973+0000] {logging_mixin.py:190} INFO - [2025-03-31T15:07:55.973+0000] {dag.py:3239} INFO - Sync 1 DAGs
[2025-03-31T15:07:56.017+0000] {logging_mixin.py:190} INFO - [2025-03-31T15:07:56.017+0000] {dag.py:4180} INFO - Setting next_dagrun for tutorial to 2025-03-30 00:00:00+00:00, run_after=2025-03-31 00:00:00+00:00
[2025-03-31T15:07:56.074+0000] {processor.py:208} INFO - Processing /home/airflow/.local/lib/python3.12/site-packages/airflow/example_dags/tutorial.py took 0.181 seconds
[2025-03-31T15:08:26.589+0000] {processor.py:186} INFO - Started process (PID=56850) to work on /home/airflow/.local/lib/python3.12/site-packages/airflow/example_dags/tutorial.py
[2025-03-31T15:08:26.591+0000] {processor.py:914} INFO - Processing file /home/airflow/.local/lib/python3.12/site-packages/airflow/example_dags/tutorial.py for tasks to queue
[2025-03-31T15:08:26.594+0000] {logging_mixin.py:190} INFO - [2025-03-31T15:08:26.593+0000] {dagbag.py:588} INFO - Filling up the DagBag from /home/airflow/.local/lib/python3.12/site-packages/airflow/example_dags/tutorial.py
[2025-03-31T15:08:26.612+0000] {processor.py:925} INFO - DAG(s) 'tutorial' retrieved from /home/airflow/.local/lib/python3.12/site-packages/airflow/example_dags/tutorial.py
[2025-03-31T15:08:26.660+0000] {logging_mixin.py:190} INFO - [2025-03-31T15:08:26.659+0000] {dag.py:3239} INFO - Sync 1 DAGs
[2025-03-31T15:08:26.723+0000] {logging_mixin.py:190} INFO - [2025-03-31T15:08:26.722+0000] {dag.py:4180} INFO - Setting next_dagrun for tutorial to 2025-03-30 00:00:00+00:00, run_after=2025-03-31 00:00:00+00:00
[2025-03-31T15:08:26.780+0000] {processor.py:208} INFO - Processing /home/airflow/.local/lib/python3.12/site-packages/airflow/example_dags/tutorial.py took 0.203 seconds
[2025-03-31T15:08:57.115+0000] {processor.py:186} INFO - Started process (PID=56915) to work on /home/airflow/.local/lib/python3.12/site-packages/airflow/example_dags/tutorial.py
[2025-03-31T15:08:57.117+0000] {processor.py:914} INFO - Processing file /home/airflow/.local/lib/python3.12/site-packages/airflow/example_dags/tutorial.py for tasks to queue
[2025-03-31T15:08:57.119+0000] {logging_mixin.py:190} INFO - [2025-03-31T15:08:57.119+0000] {dagbag.py:588} INFO - Filling up the DagBag from /home/airflow/.local/lib/python3.12/site-packages/airflow/example_dags/tutorial.py
[2025-03-31T15:08:57.134+0000] {processor.py:925} INFO - DAG(s) 'tutorial' retrieved from /home/airflow/.local/lib/python3.12/site-packages/airflow/example_dags/tutorial.py
[2025-03-31T15:08:57.174+0000] {logging_mixin.py:190} INFO - [2025-03-31T15:08:57.173+0000] {dag.py:3239} INFO - Sync 1 DAGs
[2025-03-31T15:08:57.219+0000] {logging_mixin.py:190} INFO - [2025-03-31T15:08:57.219+0000] {dag.py:4180} INFO - Setting next_dagrun for tutorial to 2025-03-30 00:00:00+00:00, run_after=2025-03-31 00:00:00+00:00
[2025-03-31T15:08:57.255+0000] {processor.py:208} INFO - Processing /home/airflow/.local/lib/python3.12/site-packages/airflow/example_dags/tutorial.py took 0.149 seconds
[2025-03-31T15:09:27.932+0000] {processor.py:186} INFO - Started process (PID=56980) to work on /home/airflow/.local/lib/python3.12/site-packages/airflow/example_dags/tutorial.py
[2025-03-31T15:09:27.934+0000] {processor.py:914} INFO - Processing file /home/airflow/.local/lib/python3.12/site-packages/airflow/example_dags/tutorial.py for tasks to queue
[2025-03-31T15:09:27.936+0000] {logging_mixin.py:190} INFO - [2025-03-31T15:09:27.936+0000] {dagbag.py:588} INFO - Filling up the DagBag from /home/airflow/.local/lib/python3.12/site-packages/airflow/example_dags/tutorial.py
[2025-03-31T15:09:27.951+0000] {processor.py:925} INFO - DAG(s) 'tutorial' retrieved from /home/airflow/.local/lib/python3.12/site-packages/airflow/example_dags/tutorial.py
[2025-03-31T15:09:27.987+0000] {logging_mixin.py:190} INFO - [2025-03-31T15:09:27.986+0000] {dag.py:3239} INFO - Sync 1 DAGs
[2025-03-31T15:09:28.033+0000] {logging_mixin.py:190} INFO - [2025-03-31T15:09:28.033+0000] {dag.py:4180} INFO - Setting next_dagrun for tutorial to 2025-03-30 00:00:00+00:00, run_after=2025-03-31 00:00:00+00:00
[2025-03-31T15:09:28.077+0000] {processor.py:208} INFO - Processing /home/airflow/.local/lib/python3.12/site-packages/airflow/example_dags/tutorial.py took 0.154 seconds
[2025-03-31T15:09:58.214+0000] {processor.py:186} INFO - Started process (PID=57045) to work on /home/airflow/.local/lib/python3.12/site-packages/airflow/example_dags/tutorial.py
[2025-03-31T15:09:58.216+0000] {processor.py:914} INFO - Processing file /home/airflow/.local/lib/python3.12/site-packages/airflow/example_dags/tutorial.py for tasks to queue
[2025-03-31T15:09:58.219+0000] {logging_mixin.py:190} INFO - [2025-03-31T15:09:58.218+0000] {dagbag.py:588} INFO - Filling up the DagBag from /home/airflow/.local/lib/python3.12/site-packages/airflow/example_dags/tutorial.py
[2025-03-31T15:09:58.233+0000] {processor.py:925} INFO - DAG(s) 'tutorial' retrieved from /home/airflow/.local/lib/python3.12/site-packages/airflow/example_dags/tutorial.py
[2025-03-31T15:09:58.265+0000] {logging_mixin.py:190} INFO - [2025-03-31T15:09:58.265+0000] {dag.py:3239} INFO - Sync 1 DAGs
[2025-03-31T15:09:58.306+0000] {logging_mixin.py:190} INFO - [2025-03-31T15:09:58.306+0000] {dag.py:4180} INFO - Setting next_dagrun for tutorial to 2025-03-30 00:00:00+00:00, run_after=2025-03-31 00:00:00+00:00
[2025-03-31T15:09:58.360+0000] {processor.py:208} INFO - Processing /home/airflow/.local/lib/python3.12/site-packages/airflow/example_dags/tutorial.py took 0.155 seconds
[2025-03-31T15:10:28.779+0000] {processor.py:186} INFO - Started process (PID=57109) to work on /home/airflow/.local/lib/python3.12/site-packages/airflow/example_dags/tutorial.py
[2025-03-31T15:10:28.783+0000] {processor.py:914} INFO - Processing file /home/airflow/.local/lib/python3.12/site-packages/airflow/example_dags/tutorial.py for tasks to queue
[2025-03-31T15:10:28.792+0000] {logging_mixin.py:190} INFO - [2025-03-31T15:10:28.791+0000] {dagbag.py:588} INFO - Filling up the DagBag from /home/airflow/.local/lib/python3.12/site-packages/airflow/example_dags/tutorial.py
[2025-03-31T15:10:28.839+0000] {processor.py:925} INFO - DAG(s) 'tutorial' retrieved from /home/airflow/.local/lib/python3.12/site-packages/airflow/example_dags/tutorial.py
[2025-03-31T15:10:28.969+0000] {logging_mixin.py:190} INFO - [2025-03-31T15:10:28.968+0000] {dag.py:3239} INFO - Sync 1 DAGs
[2025-03-31T15:10:29.115+0000] {logging_mixin.py:190} INFO - [2025-03-31T15:10:29.114+0000] {dag.py:4180} INFO - Setting next_dagrun for tutorial to 2025-03-30 00:00:00+00:00, run_after=2025-03-31 00:00:00+00:00
[2025-03-31T15:10:29.245+0000] {processor.py:208} INFO - Processing /home/airflow/.local/lib/python3.12/site-packages/airflow/example_dags/tutorial.py took 0.498 seconds
[2025-03-31T15:10:59.854+0000] {processor.py:186} INFO - Started process (PID=57175) to work on /home/airflow/.local/lib/python3.12/site-packages/airflow/example_dags/tutorial.py
[2025-03-31T15:10:59.856+0000] {processor.py:914} INFO - Processing file /home/airflow/.local/lib/python3.12/site-packages/airflow/example_dags/tutorial.py for tasks to queue
[2025-03-31T15:10:59.860+0000] {logging_mixin.py:190} INFO - [2025-03-31T15:10:59.859+0000] {dagbag.py:588} INFO - Filling up the DagBag from /home/airflow/.local/lib/python3.12/site-packages/airflow/example_dags/tutorial.py
[2025-03-31T15:10:59.887+0000] {processor.py:925} INFO - DAG(s) 'tutorial' retrieved from /home/airflow/.local/lib/python3.12/site-packages/airflow/example_dags/tutorial.py
[2025-03-31T15:10:59.955+0000] {logging_mixin.py:190} INFO - [2025-03-31T15:10:59.954+0000] {dag.py:3239} INFO - Sync 1 DAGs
[2025-03-31T15:11:00.042+0000] {logging_mixin.py:190} INFO - [2025-03-31T15:11:00.041+0000] {dag.py:4180} INFO - Setting next_dagrun for tutorial to 2025-03-30 00:00:00+00:00, run_after=2025-03-31 00:00:00+00:00
[2025-03-31T15:11:00.092+0000] {processor.py:208} INFO - Processing /home/airflow/.local/lib/python3.12/site-packages/airflow/example_dags/tutorial.py took 0.252 seconds
[2025-03-31T15:11:30.371+0000] {processor.py:186} INFO - Started process (PID=57240) to work on /home/airflow/.local/lib/python3.12/site-packages/airflow/example_dags/tutorial.py
[2025-03-31T15:11:30.374+0000] {processor.py:914} INFO - Processing file /home/airflow/.local/lib/python3.12/site-packages/airflow/example_dags/tutorial.py for tasks to queue
[2025-03-31T15:11:30.377+0000] {logging_mixin.py:190} INFO - [2025-03-31T15:11:30.377+0000] {dagbag.py:588} INFO - Filling up the DagBag from /home/airflow/.local/lib/python3.12/site-packages/airflow/example_dags/tutorial.py
[2025-03-31T15:11:30.394+0000] {processor.py:925} INFO - DAG(s) 'tutorial' retrieved from /home/airflow/.local/lib/python3.12/site-packages/airflow/example_dags/tutorial.py
[2025-03-31T15:11:30.446+0000] {logging_mixin.py:190} INFO - [2025-03-31T15:11:30.445+0000] {dag.py:3239} INFO - Sync 1 DAGs
[2025-03-31T15:11:30.517+0000] {logging_mixin.py:190} INFO - [2025-03-31T15:11:30.515+0000] {dag.py:4180} INFO - Setting next_dagrun for tutorial to 2025-03-30 00:00:00+00:00, run_after=2025-03-31 00:00:00+00:00
[2025-03-31T15:11:30.596+0000] {processor.py:208} INFO - Processing /home/airflow/.local/lib/python3.12/site-packages/airflow/example_dags/tutorial.py took 0.236 seconds
[2025-03-31T15:12:01.190+0000] {processor.py:186} INFO - Started process (PID=57305) to work on /home/airflow/.local/lib/python3.12/site-packages/airflow/example_dags/tutorial.py
[2025-03-31T15:12:01.192+0000] {processor.py:914} INFO - Processing file /home/airflow/.local/lib/python3.12/site-packages/airflow/example_dags/tutorial.py for tasks to queue
[2025-03-31T15:12:01.196+0000] {logging_mixin.py:190} INFO - [2025-03-31T15:12:01.195+0000] {dagbag.py:588} INFO - Filling up the DagBag from /home/airflow/.local/lib/python3.12/site-packages/airflow/example_dags/tutorial.py
[2025-03-31T15:12:01.216+0000] {processor.py:925} INFO - DAG(s) 'tutorial' retrieved from /home/airflow/.local/lib/python3.12/site-packages/airflow/example_dags/tutorial.py
[2025-03-31T15:12:01.266+0000] {logging_mixin.py:190} INFO - [2025-03-31T15:12:01.266+0000] {dag.py:3239} INFO - Sync 1 DAGs
[2025-03-31T15:12:01.333+0000] {logging_mixin.py:190} INFO - [2025-03-31T15:12:01.332+0000] {dag.py:4180} INFO - Setting next_dagrun for tutorial to 2025-03-30 00:00:00+00:00, run_after=2025-03-31 00:00:00+00:00
[2025-03-31T15:12:01.402+0000] {processor.py:208} INFO - Processing /home/airflow/.local/lib/python3.12/site-packages/airflow/example_dags/tutorial.py took 0.226 seconds
[2025-03-31T15:12:31.756+0000] {processor.py:186} INFO - Started process (PID=57370) to work on /home/airflow/.local/lib/python3.12/site-packages/airflow/example_dags/tutorial.py
[2025-03-31T15:12:31.758+0000] {processor.py:914} INFO - Processing file /home/airflow/.local/lib/python3.12/site-packages/airflow/example_dags/tutorial.py for tasks to queue
[2025-03-31T15:12:31.761+0000] {logging_mixin.py:190} INFO - [2025-03-31T15:12:31.760+0000] {dagbag.py:588} INFO - Filling up the DagBag from /home/airflow/.local/lib/python3.12/site-packages/airflow/example_dags/tutorial.py
[2025-03-31T15:12:31.781+0000] {processor.py:925} INFO - DAG(s) 'tutorial' retrieved from /home/airflow/.local/lib/python3.12/site-packages/airflow/example_dags/tutorial.py
[2025-03-31T15:12:31.828+0000] {logging_mixin.py:190} INFO - [2025-03-31T15:12:31.828+0000] {dag.py:3239} INFO - Sync 1 DAGs
[2025-03-31T15:12:31.893+0000] {logging_mixin.py:190} INFO - [2025-03-31T15:12:31.892+0000] {dag.py:4180} INFO - Setting next_dagrun for tutorial to 2025-03-30 00:00:00+00:00, run_after=2025-03-31 00:00:00+00:00
[2025-03-31T15:12:31.936+0000] {processor.py:208} INFO - Processing /home/airflow/.local/lib/python3.12/site-packages/airflow/example_dags/tutorial.py took 0.191 seconds
[2025-03-31T15:13:02.606+0000] {processor.py:186} INFO - Started process (PID=57435) to work on /home/airflow/.local/lib/python3.12/site-packages/airflow/example_dags/tutorial.py
[2025-03-31T15:13:02.609+0000] {processor.py:914} INFO - Processing file /home/airflow/.local/lib/python3.12/site-packages/airflow/example_dags/tutorial.py for tasks to queue
[2025-03-31T15:13:02.613+0000] {logging_mixin.py:190} INFO - [2025-03-31T15:13:02.612+0000] {dagbag.py:588} INFO - Filling up the DagBag from /home/airflow/.local/lib/python3.12/site-packages/airflow/example_dags/tutorial.py
[2025-03-31T15:13:02.639+0000] {processor.py:925} INFO - DAG(s) 'tutorial' retrieved from /home/airflow/.local/lib/python3.12/site-packages/airflow/example_dags/tutorial.py
[2025-03-31T15:13:02.690+0000] {logging_mixin.py:190} INFO - [2025-03-31T15:13:02.690+0000] {dag.py:3239} INFO - Sync 1 DAGs
[2025-03-31T15:13:02.760+0000] {logging_mixin.py:190} INFO - [2025-03-31T15:13:02.759+0000] {dag.py:4180} INFO - Setting next_dagrun for tutorial to 2025-03-30 00:00:00+00:00, run_after=2025-03-31 00:00:00+00:00
[2025-03-31T15:13:02.810+0000] {processor.py:208} INFO - Processing /home/airflow/.local/lib/python3.12/site-packages/airflow/example_dags/tutorial.py took 0.222 seconds
[2025-03-31T15:13:34.556+0000] {processor.py:186} INFO - Started process (PID=57500) to work on /home/airflow/.local/lib/python3.12/site-packages/airflow/example_dags/tutorial.py
[2025-03-31T15:13:34.558+0000] {processor.py:914} INFO - Processing file /home/airflow/.local/lib/python3.12/site-packages/airflow/example_dags/tutorial.py for tasks to queue
[2025-03-31T15:13:34.560+0000] {logging_mixin.py:190} INFO - [2025-03-31T15:13:34.560+0000] {dagbag.py:588} INFO - Filling up the DagBag from /home/airflow/.local/lib/python3.12/site-packages/airflow/example_dags/tutorial.py
[2025-03-31T15:13:34.577+0000] {processor.py:925} INFO - DAG(s) 'tutorial' retrieved from /home/airflow/.local/lib/python3.12/site-packages/airflow/example_dags/tutorial.py
[2025-03-31T15:13:34.614+0000] {logging_mixin.py:190} INFO - [2025-03-31T15:13:34.614+0000] {dag.py:3239} INFO - Sync 1 DAGs
[2025-03-31T15:13:34.663+0000] {logging_mixin.py:190} INFO - [2025-03-31T15:13:34.663+0000] {dag.py:4180} INFO - Setting next_dagrun for tutorial to 2025-03-30 00:00:00+00:00, run_after=2025-03-31 00:00:00+00:00
[2025-03-31T15:13:34.707+0000] {processor.py:208} INFO - Processing /home/airflow/.local/lib/python3.12/site-packages/airflow/example_dags/tutorial.py took 0.163 seconds
[2025-03-31T15:14:05.746+0000] {processor.py:186} INFO - Started process (PID=57564) to work on /home/airflow/.local/lib/python3.12/site-packages/airflow/example_dags/tutorial.py
[2025-03-31T15:14:05.750+0000] {processor.py:914} INFO - Processing file /home/airflow/.local/lib/python3.12/site-packages/airflow/example_dags/tutorial.py for tasks to queue
[2025-03-31T15:14:05.754+0000] {logging_mixin.py:190} INFO - [2025-03-31T15:14:05.753+0000] {dagbag.py:588} INFO - Filling up the DagBag from /home/airflow/.local/lib/python3.12/site-packages/airflow/example_dags/tutorial.py
[2025-03-31T15:14:05.776+0000] {processor.py:925} INFO - DAG(s) 'tutorial' retrieved from /home/airflow/.local/lib/python3.12/site-packages/airflow/example_dags/tutorial.py
[2025-03-31T15:14:05.820+0000] {logging_mixin.py:190} INFO - [2025-03-31T15:14:05.819+0000] {dag.py:3239} INFO - Sync 1 DAGs
[2025-03-31T15:14:05.874+0000] {logging_mixin.py:190} INFO - [2025-03-31T15:14:05.873+0000] {dag.py:4180} INFO - Setting next_dagrun for tutorial to 2025-03-30 00:00:00+00:00, run_after=2025-03-31 00:00:00+00:00
[2025-03-31T15:14:05.932+0000] {processor.py:208} INFO - Processing /home/airflow/.local/lib/python3.12/site-packages/airflow/example_dags/tutorial.py took 0.203 seconds
[2025-03-31T15:14:37.675+0000] {processor.py:186} INFO - Started process (PID=57636) to work on /home/airflow/.local/lib/python3.12/site-packages/airflow/example_dags/tutorial.py
[2025-03-31T15:14:37.679+0000] {processor.py:914} INFO - Processing file /home/airflow/.local/lib/python3.12/site-packages/airflow/example_dags/tutorial.py for tasks to queue
[2025-03-31T15:14:37.684+0000] {logging_mixin.py:190} INFO - [2025-03-31T15:14:37.682+0000] {dagbag.py:588} INFO - Filling up the DagBag from /home/airflow/.local/lib/python3.12/site-packages/airflow/example_dags/tutorial.py
[2025-03-31T15:14:37.711+0000] {processor.py:925} INFO - DAG(s) 'tutorial' retrieved from /home/airflow/.local/lib/python3.12/site-packages/airflow/example_dags/tutorial.py
[2025-03-31T15:14:37.784+0000] {logging_mixin.py:190} INFO - [2025-03-31T15:14:37.784+0000] {dag.py:3239} INFO - Sync 1 DAGs
[2025-03-31T15:14:37.870+0000] {logging_mixin.py:190} INFO - [2025-03-31T15:14:37.869+0000] {dag.py:4180} INFO - Setting next_dagrun for tutorial to 2025-03-30 00:00:00+00:00, run_after=2025-03-31 00:00:00+00:00
[2025-03-31T15:14:37.941+0000] {processor.py:208} INFO - Processing /home/airflow/.local/lib/python3.12/site-packages/airflow/example_dags/tutorial.py took 0.286 seconds
[2025-03-31T15:15:08.268+0000] {processor.py:186} INFO - Started process (PID=57699) to work on /home/airflow/.local/lib/python3.12/site-packages/airflow/example_dags/tutorial.py
[2025-03-31T15:15:08.273+0000] {processor.py:914} INFO - Processing file /home/airflow/.local/lib/python3.12/site-packages/airflow/example_dags/tutorial.py for tasks to queue
[2025-03-31T15:15:08.283+0000] {logging_mixin.py:190} INFO - [2025-03-31T15:15:08.282+0000] {dagbag.py:588} INFO - Filling up the DagBag from /home/airflow/.local/lib/python3.12/site-packages/airflow/example_dags/tutorial.py
[2025-03-31T15:15:08.326+0000] {processor.py:925} INFO - DAG(s) 'tutorial' retrieved from /home/airflow/.local/lib/python3.12/site-packages/airflow/example_dags/tutorial.py
[2025-03-31T15:15:08.440+0000] {logging_mixin.py:190} INFO - [2025-03-31T15:15:08.439+0000] {dag.py:3239} INFO - Sync 1 DAGs
[2025-03-31T15:15:08.589+0000] {logging_mixin.py:190} INFO - [2025-03-31T15:15:08.588+0000] {dag.py:4180} INFO - Setting next_dagrun for tutorial to 2025-03-30 00:00:00+00:00, run_after=2025-03-31 00:00:00+00:00
[2025-03-31T15:15:08.708+0000] {processor.py:208} INFO - Processing /home/airflow/.local/lib/python3.12/site-packages/airflow/example_dags/tutorial.py took 0.459 seconds
[2025-03-31T15:15:45.274+0000] {processor.py:186} INFO - Started process (PID=57756) to work on /home/airflow/.local/lib/python3.12/site-packages/airflow/example_dags/tutorial.py
[2025-03-31T15:15:45.279+0000] {processor.py:914} INFO - Processing file /home/airflow/.local/lib/python3.12/site-packages/airflow/example_dags/tutorial.py for tasks to queue
[2025-03-31T15:15:45.283+0000] {logging_mixin.py:190} INFO - [2025-03-31T15:15:45.282+0000] {dagbag.py:588} INFO - Filling up the DagBag from /home/airflow/.local/lib/python3.12/site-packages/airflow/example_dags/tutorial.py
[2025-03-31T15:15:45.323+0000] {processor.py:925} INFO - DAG(s) 'tutorial' retrieved from /home/airflow/.local/lib/python3.12/site-packages/airflow/example_dags/tutorial.py
[2025-03-31T15:15:45.410+0000] {logging_mixin.py:190} INFO - [2025-03-31T15:15:45.410+0000] {dag.py:3239} INFO - Sync 1 DAGs
[2025-03-31T15:15:45.544+0000] {logging_mixin.py:190} INFO - [2025-03-31T15:15:45.538+0000] {dag.py:4180} INFO - Setting next_dagrun for tutorial to 2025-03-30 00:00:00+00:00, run_after=2025-03-31 00:00:00+00:00
[2025-03-31T15:15:45.650+0000] {processor.py:208} INFO - Processing /home/airflow/.local/lib/python3.12/site-packages/airflow/example_dags/tutorial.py took 0.411 seconds
[2025-03-31T15:16:17.180+0000] {processor.py:186} INFO - Started process (PID=57822) to work on /home/airflow/.local/lib/python3.12/site-packages/airflow/example_dags/tutorial.py
[2025-03-31T15:16:17.184+0000] {processor.py:914} INFO - Processing file /home/airflow/.local/lib/python3.12/site-packages/airflow/example_dags/tutorial.py for tasks to queue
[2025-03-31T15:16:17.194+0000] {logging_mixin.py:190} INFO - [2025-03-31T15:16:17.193+0000] {dagbag.py:588} INFO - Filling up the DagBag from /home/airflow/.local/lib/python3.12/site-packages/airflow/example_dags/tutorial.py
[2025-03-31T15:16:17.224+0000] {processor.py:925} INFO - DAG(s) 'tutorial' retrieved from /home/airflow/.local/lib/python3.12/site-packages/airflow/example_dags/tutorial.py
[2025-03-31T15:16:17.311+0000] {logging_mixin.py:190} INFO - [2025-03-31T15:16:17.310+0000] {dag.py:3239} INFO - Sync 1 DAGs
[2025-03-31T15:16:17.393+0000] {logging_mixin.py:190} INFO - [2025-03-31T15:16:17.392+0000] {dag.py:4180} INFO - Setting next_dagrun for tutorial to 2025-03-30 00:00:00+00:00, run_after=2025-03-31 00:00:00+00:00
[2025-03-31T15:16:17.452+0000] {processor.py:208} INFO - Processing /home/airflow/.local/lib/python3.12/site-packages/airflow/example_dags/tutorial.py took 0.292 seconds
[2025-03-31T15:16:48.036+0000] {processor.py:186} INFO - Started process (PID=57887) to work on /home/airflow/.local/lib/python3.12/site-packages/airflow/example_dags/tutorial.py
[2025-03-31T15:16:48.038+0000] {processor.py:914} INFO - Processing file /home/airflow/.local/lib/python3.12/site-packages/airflow/example_dags/tutorial.py for tasks to queue
[2025-03-31T15:16:48.041+0000] {logging_mixin.py:190} INFO - [2025-03-31T15:16:48.040+0000] {dagbag.py:588} INFO - Filling up the DagBag from /home/airflow/.local/lib/python3.12/site-packages/airflow/example_dags/tutorial.py
[2025-03-31T15:16:48.065+0000] {processor.py:925} INFO - DAG(s) 'tutorial' retrieved from /home/airflow/.local/lib/python3.12/site-packages/airflow/example_dags/tutorial.py
[2025-03-31T15:16:48.142+0000] {logging_mixin.py:190} INFO - [2025-03-31T15:16:48.142+0000] {dag.py:3239} INFO - Sync 1 DAGs
[2025-03-31T15:16:48.224+0000] {logging_mixin.py:190} INFO - [2025-03-31T15:16:48.224+0000] {dag.py:4180} INFO - Setting next_dagrun for tutorial to 2025-03-30 00:00:00+00:00, run_after=2025-03-31 00:00:00+00:00
[2025-03-31T15:16:48.303+0000] {processor.py:208} INFO - Processing /home/airflow/.local/lib/python3.12/site-packages/airflow/example_dags/tutorial.py took 0.280 seconds
[2025-03-31T15:17:23.284+0000] {processor.py:186} INFO - Started process (PID=57953) to work on /home/airflow/.local/lib/python3.12/site-packages/airflow/example_dags/tutorial.py
[2025-03-31T15:17:23.291+0000] {processor.py:914} INFO - Processing file /home/airflow/.local/lib/python3.12/site-packages/airflow/example_dags/tutorial.py for tasks to queue
[2025-03-31T15:17:23.297+0000] {logging_mixin.py:190} INFO - [2025-03-31T15:17:23.295+0000] {dagbag.py:588} INFO - Filling up the DagBag from /home/airflow/.local/lib/python3.12/site-packages/airflow/example_dags/tutorial.py
[2025-03-31T15:17:23.322+0000] {processor.py:925} INFO - DAG(s) 'tutorial' retrieved from /home/airflow/.local/lib/python3.12/site-packages/airflow/example_dags/tutorial.py
[2025-03-31T15:17:23.387+0000] {logging_mixin.py:190} INFO - [2025-03-31T15:17:23.387+0000] {dag.py:3239} INFO - Sync 1 DAGs
[2025-03-31T15:17:23.484+0000] {logging_mixin.py:190} INFO - [2025-03-31T15:17:23.483+0000] {dag.py:4180} INFO - Setting next_dagrun for tutorial to 2025-03-30 00:00:00+00:00, run_after=2025-03-31 00:00:00+00:00
[2025-03-31T15:17:23.559+0000] {processor.py:208} INFO - Processing /home/airflow/.local/lib/python3.12/site-packages/airflow/example_dags/tutorial.py took 0.292 seconds
[2025-03-31T15:17:53.872+0000] {processor.py:186} INFO - Started process (PID=58018) to work on /home/airflow/.local/lib/python3.12/site-packages/airflow/example_dags/tutorial.py
[2025-03-31T15:17:53.873+0000] {processor.py:914} INFO - Processing file /home/airflow/.local/lib/python3.12/site-packages/airflow/example_dags/tutorial.py for tasks to queue
[2025-03-31T15:17:53.877+0000] {logging_mixin.py:190} INFO - [2025-03-31T15:17:53.876+0000] {dagbag.py:588} INFO - Filling up the DagBag from /home/airflow/.local/lib/python3.12/site-packages/airflow/example_dags/tutorial.py
[2025-03-31T15:17:53.899+0000] {processor.py:925} INFO - DAG(s) 'tutorial' retrieved from /home/airflow/.local/lib/python3.12/site-packages/airflow/example_dags/tutorial.py
[2025-03-31T15:17:53.949+0000] {logging_mixin.py:190} INFO - [2025-03-31T15:17:53.948+0000] {dag.py:3239} INFO - Sync 1 DAGs
[2025-03-31T15:17:54.013+0000] {logging_mixin.py:190} INFO - [2025-03-31T15:17:54.012+0000] {dag.py:4180} INFO - Setting next_dagrun for tutorial to 2025-03-30 00:00:00+00:00, run_after=2025-03-31 00:00:00+00:00
[2025-03-31T15:17:54.067+0000] {processor.py:208} INFO - Processing /home/airflow/.local/lib/python3.12/site-packages/airflow/example_dags/tutorial.py took 0.209 seconds
[2025-03-31T15:18:24.910+0000] {processor.py:186} INFO - Started process (PID=58083) to work on /home/airflow/.local/lib/python3.12/site-packages/airflow/example_dags/tutorial.py
[2025-03-31T15:18:24.913+0000] {processor.py:914} INFO - Processing file /home/airflow/.local/lib/python3.12/site-packages/airflow/example_dags/tutorial.py for tasks to queue
[2025-03-31T15:18:24.917+0000] {logging_mixin.py:190} INFO - [2025-03-31T15:18:24.916+0000] {dagbag.py:588} INFO - Filling up the DagBag from /home/airflow/.local/lib/python3.12/site-packages/airflow/example_dags/tutorial.py
[2025-03-31T15:18:24.946+0000] {processor.py:925} INFO - DAG(s) 'tutorial' retrieved from /home/airflow/.local/lib/python3.12/site-packages/airflow/example_dags/tutorial.py
[2025-03-31T15:18:24.989+0000] {logging_mixin.py:190} INFO - [2025-03-31T15:18:24.988+0000] {dag.py:3239} INFO - Sync 1 DAGs
[2025-03-31T15:18:25.049+0000] {logging_mixin.py:190} INFO - [2025-03-31T15:18:25.049+0000] {dag.py:4180} INFO - Setting next_dagrun for tutorial to 2025-03-30 00:00:00+00:00, run_after=2025-03-31 00:00:00+00:00
[2025-03-31T15:18:25.093+0000] {processor.py:208} INFO - Processing /home/airflow/.local/lib/python3.12/site-packages/airflow/example_dags/tutorial.py took 0.196 seconds
[2025-03-31T15:18:56.500+0000] {processor.py:186} INFO - Started process (PID=58149) to work on /home/airflow/.local/lib/python3.12/site-packages/airflow/example_dags/tutorial.py
[2025-03-31T15:18:56.503+0000] {processor.py:914} INFO - Processing file /home/airflow/.local/lib/python3.12/site-packages/airflow/example_dags/tutorial.py for tasks to queue
[2025-03-31T15:18:56.507+0000] {logging_mixin.py:190} INFO - [2025-03-31T15:18:56.506+0000] {dagbag.py:588} INFO - Filling up the DagBag from /home/airflow/.local/lib/python3.12/site-packages/airflow/example_dags/tutorial.py
[2025-03-31T15:18:56.530+0000] {processor.py:925} INFO - DAG(s) 'tutorial' retrieved from /home/airflow/.local/lib/python3.12/site-packages/airflow/example_dags/tutorial.py
[2025-03-31T15:18:56.581+0000] {logging_mixin.py:190} INFO - [2025-03-31T15:18:56.580+0000] {dag.py:3239} INFO - Sync 1 DAGs
[2025-03-31T15:18:56.648+0000] {logging_mixin.py:190} INFO - [2025-03-31T15:18:56.647+0000] {dag.py:4180} INFO - Setting next_dagrun for tutorial to 2025-03-30 00:00:00+00:00, run_after=2025-03-31 00:00:00+00:00
[2025-03-31T15:18:56.690+0000] {processor.py:208} INFO - Processing /home/airflow/.local/lib/python3.12/site-packages/airflow/example_dags/tutorial.py took 0.204 seconds
[2025-03-31T15:19:27.458+0000] {processor.py:186} INFO - Started process (PID=58215) to work on /home/airflow/.local/lib/python3.12/site-packages/airflow/example_dags/tutorial.py
[2025-03-31T15:19:27.460+0000] {processor.py:914} INFO - Processing file /home/airflow/.local/lib/python3.12/site-packages/airflow/example_dags/tutorial.py for tasks to queue
[2025-03-31T15:19:27.463+0000] {logging_mixin.py:190} INFO - [2025-03-31T15:19:27.462+0000] {dagbag.py:588} INFO - Filling up the DagBag from /home/airflow/.local/lib/python3.12/site-packages/airflow/example_dags/tutorial.py
[2025-03-31T15:19:27.484+0000] {processor.py:925} INFO - DAG(s) 'tutorial' retrieved from /home/airflow/.local/lib/python3.12/site-packages/airflow/example_dags/tutorial.py
[2025-03-31T15:19:27.530+0000] {logging_mixin.py:190} INFO - [2025-03-31T15:19:27.530+0000] {dag.py:3239} INFO - Sync 1 DAGs
[2025-03-31T15:19:27.595+0000] {logging_mixin.py:190} INFO - [2025-03-31T15:19:27.594+0000] {dag.py:4180} INFO - Setting next_dagrun for tutorial to 2025-03-30 00:00:00+00:00, run_after=2025-03-31 00:00:00+00:00
[2025-03-31T15:19:27.687+0000] {processor.py:208} INFO - Processing /home/airflow/.local/lib/python3.12/site-packages/airflow/example_dags/tutorial.py took 0.239 seconds
[2025-03-31T15:19:58.232+0000] {processor.py:186} INFO - Started process (PID=58281) to work on /home/airflow/.local/lib/python3.12/site-packages/airflow/example_dags/tutorial.py
[2025-03-31T15:19:58.234+0000] {processor.py:914} INFO - Processing file /home/airflow/.local/lib/python3.12/site-packages/airflow/example_dags/tutorial.py for tasks to queue
[2025-03-31T15:19:58.242+0000] {logging_mixin.py:190} INFO - [2025-03-31T15:19:58.238+0000] {dagbag.py:588} INFO - Filling up the DagBag from /home/airflow/.local/lib/python3.12/site-packages/airflow/example_dags/tutorial.py
[2025-03-31T15:19:58.260+0000] {processor.py:925} INFO - DAG(s) 'tutorial' retrieved from /home/airflow/.local/lib/python3.12/site-packages/airflow/example_dags/tutorial.py
[2025-03-31T15:19:58.300+0000] {logging_mixin.py:190} INFO - [2025-03-31T15:19:58.299+0000] {dag.py:3239} INFO - Sync 1 DAGs
[2025-03-31T15:19:58.351+0000] {logging_mixin.py:190} INFO - [2025-03-31T15:19:58.351+0000] {dag.py:4180} INFO - Setting next_dagrun for tutorial to 2025-03-30 00:00:00+00:00, run_after=2025-03-31 00:00:00+00:00
[2025-03-31T15:19:58.391+0000] {processor.py:208} INFO - Processing /home/airflow/.local/lib/python3.12/site-packages/airflow/example_dags/tutorial.py took 0.174 seconds
[2025-03-31T15:20:29.946+0000] {processor.py:186} INFO - Started process (PID=58346) to work on /home/airflow/.local/lib/python3.12/site-packages/airflow/example_dags/tutorial.py
[2025-03-31T15:20:29.948+0000] {processor.py:914} INFO - Processing file /home/airflow/.local/lib/python3.12/site-packages/airflow/example_dags/tutorial.py for tasks to queue
[2025-03-31T15:20:29.951+0000] {logging_mixin.py:190} INFO - [2025-03-31T15:20:29.950+0000] {dagbag.py:588} INFO - Filling up the DagBag from /home/airflow/.local/lib/python3.12/site-packages/airflow/example_dags/tutorial.py
[2025-03-31T15:20:29.973+0000] {processor.py:925} INFO - DAG(s) 'tutorial' retrieved from /home/airflow/.local/lib/python3.12/site-packages/airflow/example_dags/tutorial.py
[2025-03-31T15:20:30.030+0000] {logging_mixin.py:190} INFO - [2025-03-31T15:20:30.030+0000] {dag.py:3239} INFO - Sync 1 DAGs
[2025-03-31T15:20:30.099+0000] {logging_mixin.py:190} INFO - [2025-03-31T15:20:30.098+0000] {dag.py:4180} INFO - Setting next_dagrun for tutorial to 2025-03-30 00:00:00+00:00, run_after=2025-03-31 00:00:00+00:00
[2025-03-31T15:20:30.166+0000] {processor.py:208} INFO - Processing /home/airflow/.local/lib/python3.12/site-packages/airflow/example_dags/tutorial.py took 0.232 seconds
[2025-03-31T15:21:00.584+0000] {processor.py:186} INFO - Started process (PID=58411) to work on /home/airflow/.local/lib/python3.12/site-packages/airflow/example_dags/tutorial.py
[2025-03-31T15:21:00.586+0000] {processor.py:914} INFO - Processing file /home/airflow/.local/lib/python3.12/site-packages/airflow/example_dags/tutorial.py for tasks to queue
[2025-03-31T15:21:00.590+0000] {logging_mixin.py:190} INFO - [2025-03-31T15:21:00.589+0000] {dagbag.py:588} INFO - Filling up the DagBag from /home/airflow/.local/lib/python3.12/site-packages/airflow/example_dags/tutorial.py
[2025-03-31T15:21:00.606+0000] {processor.py:925} INFO - DAG(s) 'tutorial' retrieved from /home/airflow/.local/lib/python3.12/site-packages/airflow/example_dags/tutorial.py
[2025-03-31T15:21:00.642+0000] {logging_mixin.py:190} INFO - [2025-03-31T15:21:00.641+0000] {dag.py:3239} INFO - Sync 1 DAGs
[2025-03-31T15:21:00.681+0000] {logging_mixin.py:190} INFO - [2025-03-31T15:21:00.681+0000] {dag.py:4180} INFO - Setting next_dagrun for tutorial to 2025-03-30 00:00:00+00:00, run_after=2025-03-31 00:00:00+00:00
[2025-03-31T15:21:00.716+0000] {processor.py:208} INFO - Processing /home/airflow/.local/lib/python3.12/site-packages/airflow/example_dags/tutorial.py took 0.141 seconds
[2025-03-31T15:21:31.302+0000] {processor.py:186} INFO - Started process (PID=58475) to work on /home/airflow/.local/lib/python3.12/site-packages/airflow/example_dags/tutorial.py
[2025-03-31T15:21:31.304+0000] {processor.py:914} INFO - Processing file /home/airflow/.local/lib/python3.12/site-packages/airflow/example_dags/tutorial.py for tasks to queue
[2025-03-31T15:21:31.307+0000] {logging_mixin.py:190} INFO - [2025-03-31T15:21:31.306+0000] {dagbag.py:588} INFO - Filling up the DagBag from /home/airflow/.local/lib/python3.12/site-packages/airflow/example_dags/tutorial.py
[2025-03-31T15:21:31.324+0000] {processor.py:925} INFO - DAG(s) 'tutorial' retrieved from /home/airflow/.local/lib/python3.12/site-packages/airflow/example_dags/tutorial.py
[2025-03-31T15:21:31.361+0000] {logging_mixin.py:190} INFO - [2025-03-31T15:21:31.361+0000] {dag.py:3239} INFO - Sync 1 DAGs
[2025-03-31T15:21:31.414+0000] {logging_mixin.py:190} INFO - [2025-03-31T15:21:31.414+0000] {dag.py:4180} INFO - Setting next_dagrun for tutorial to 2025-03-30 00:00:00+00:00, run_after=2025-03-31 00:00:00+00:00
[2025-03-31T15:21:31.453+0000] {processor.py:208} INFO - Processing /home/airflow/.local/lib/python3.12/site-packages/airflow/example_dags/tutorial.py took 0.160 seconds
[2025-03-31T15:22:02.208+0000] {processor.py:186} INFO - Started process (PID=58540) to work on /home/airflow/.local/lib/python3.12/site-packages/airflow/example_dags/tutorial.py
[2025-03-31T15:22:02.210+0000] {processor.py:914} INFO - Processing file /home/airflow/.local/lib/python3.12/site-packages/airflow/example_dags/tutorial.py for tasks to queue
[2025-03-31T15:22:02.212+0000] {logging_mixin.py:190} INFO - [2025-03-31T15:22:02.211+0000] {dagbag.py:588} INFO - Filling up the DagBag from /home/airflow/.local/lib/python3.12/site-packages/airflow/example_dags/tutorial.py
[2025-03-31T15:22:02.227+0000] {processor.py:925} INFO - DAG(s) 'tutorial' retrieved from /home/airflow/.local/lib/python3.12/site-packages/airflow/example_dags/tutorial.py
[2025-03-31T15:22:02.259+0000] {logging_mixin.py:190} INFO - [2025-03-31T15:22:02.258+0000] {dag.py:3239} INFO - Sync 1 DAGs
[2025-03-31T15:22:02.299+0000] {logging_mixin.py:190} INFO - [2025-03-31T15:22:02.299+0000] {dag.py:4180} INFO - Setting next_dagrun for tutorial to 2025-03-30 00:00:00+00:00, run_after=2025-03-31 00:00:00+00:00
[2025-03-31T15:22:02.354+0000] {processor.py:208} INFO - Processing /home/airflow/.local/lib/python3.12/site-packages/airflow/example_dags/tutorial.py took 0.155 seconds
[2025-03-31T15:22:32.929+0000] {processor.py:186} INFO - Started process (PID=58605) to work on /home/airflow/.local/lib/python3.12/site-packages/airflow/example_dags/tutorial.py
[2025-03-31T15:22:32.932+0000] {processor.py:914} INFO - Processing file /home/airflow/.local/lib/python3.12/site-packages/airflow/example_dags/tutorial.py for tasks to queue
[2025-03-31T15:22:32.936+0000] {logging_mixin.py:190} INFO - [2025-03-31T15:22:32.935+0000] {dagbag.py:588} INFO - Filling up the DagBag from /home/airflow/.local/lib/python3.12/site-packages/airflow/example_dags/tutorial.py
[2025-03-31T15:22:32.954+0000] {processor.py:925} INFO - DAG(s) 'tutorial' retrieved from /home/airflow/.local/lib/python3.12/site-packages/airflow/example_dags/tutorial.py
[2025-03-31T15:22:33.001+0000] {logging_mixin.py:190} INFO - [2025-03-31T15:22:33.001+0000] {dag.py:3239} INFO - Sync 1 DAGs
[2025-03-31T15:22:33.065+0000] {logging_mixin.py:190} INFO - [2025-03-31T15:22:33.065+0000] {dag.py:4180} INFO - Setting next_dagrun for tutorial to 2025-03-30 00:00:00+00:00, run_after=2025-03-31 00:00:00+00:00
[2025-03-31T15:22:33.123+0000] {processor.py:208} INFO - Processing /home/airflow/.local/lib/python3.12/site-packages/airflow/example_dags/tutorial.py took 0.205 seconds
[2025-03-31T15:23:03.391+0000] {processor.py:186} INFO - Started process (PID=58669) to work on /home/airflow/.local/lib/python3.12/site-packages/airflow/example_dags/tutorial.py
[2025-03-31T15:23:03.393+0000] {processor.py:914} INFO - Processing file /home/airflow/.local/lib/python3.12/site-packages/airflow/example_dags/tutorial.py for tasks to queue
[2025-03-31T15:23:03.395+0000] {logging_mixin.py:190} INFO - [2025-03-31T15:23:03.395+0000] {dagbag.py:588} INFO - Filling up the DagBag from /home/airflow/.local/lib/python3.12/site-packages/airflow/example_dags/tutorial.py
[2025-03-31T15:23:03.421+0000] {processor.py:925} INFO - DAG(s) 'tutorial' retrieved from /home/airflow/.local/lib/python3.12/site-packages/airflow/example_dags/tutorial.py
[2025-03-31T15:23:03.467+0000] {logging_mixin.py:190} INFO - [2025-03-31T15:23:03.467+0000] {dag.py:3239} INFO - Sync 1 DAGs
[2025-03-31T15:23:03.505+0000] {logging_mixin.py:190} INFO - [2025-03-31T15:23:03.504+0000] {dag.py:4180} INFO - Setting next_dagrun for tutorial to 2025-03-30 00:00:00+00:00, run_after=2025-03-31 00:00:00+00:00
[2025-03-31T15:23:03.539+0000] {processor.py:208} INFO - Processing /home/airflow/.local/lib/python3.12/site-packages/airflow/example_dags/tutorial.py took 0.157 seconds
[2025-03-31T15:23:33.782+0000] {processor.py:186} INFO - Started process (PID=58734) to work on /home/airflow/.local/lib/python3.12/site-packages/airflow/example_dags/tutorial.py
[2025-03-31T15:23:33.784+0000] {processor.py:914} INFO - Processing file /home/airflow/.local/lib/python3.12/site-packages/airflow/example_dags/tutorial.py for tasks to queue
[2025-03-31T15:23:33.787+0000] {logging_mixin.py:190} INFO - [2025-03-31T15:23:33.786+0000] {dagbag.py:588} INFO - Filling up the DagBag from /home/airflow/.local/lib/python3.12/site-packages/airflow/example_dags/tutorial.py
[2025-03-31T15:23:33.806+0000] {processor.py:925} INFO - DAG(s) 'tutorial' retrieved from /home/airflow/.local/lib/python3.12/site-packages/airflow/example_dags/tutorial.py
[2025-03-31T15:23:33.844+0000] {logging_mixin.py:190} INFO - [2025-03-31T15:23:33.843+0000] {dag.py:3239} INFO - Sync 1 DAGs
[2025-03-31T15:23:33.889+0000] {logging_mixin.py:190} INFO - [2025-03-31T15:23:33.888+0000] {dag.py:4180} INFO - Setting next_dagrun for tutorial to 2025-03-30 00:00:00+00:00, run_after=2025-03-31 00:00:00+00:00
[2025-03-31T15:23:33.927+0000] {processor.py:208} INFO - Processing /home/airflow/.local/lib/python3.12/site-packages/airflow/example_dags/tutorial.py took 0.156 seconds
[2025-03-31T15:24:04.709+0000] {processor.py:186} INFO - Started process (PID=58798) to work on /home/airflow/.local/lib/python3.12/site-packages/airflow/example_dags/tutorial.py
[2025-03-31T15:24:04.711+0000] {processor.py:914} INFO - Processing file /home/airflow/.local/lib/python3.12/site-packages/airflow/example_dags/tutorial.py for tasks to queue
[2025-03-31T15:24:04.714+0000] {logging_mixin.py:190} INFO - [2025-03-31T15:24:04.713+0000] {dagbag.py:588} INFO - Filling up the DagBag from /home/airflow/.local/lib/python3.12/site-packages/airflow/example_dags/tutorial.py
[2025-03-31T15:24:04.732+0000] {processor.py:925} INFO - DAG(s) 'tutorial' retrieved from /home/airflow/.local/lib/python3.12/site-packages/airflow/example_dags/tutorial.py
[2025-03-31T15:24:04.768+0000] {logging_mixin.py:190} INFO - [2025-03-31T15:24:04.768+0000] {dag.py:3239} INFO - Sync 1 DAGs
[2025-03-31T15:24:04.812+0000] {logging_mixin.py:190} INFO - [2025-03-31T15:24:04.811+0000] {dag.py:4180} INFO - Setting next_dagrun for tutorial to 2025-03-30 00:00:00+00:00, run_after=2025-03-31 00:00:00+00:00
[2025-03-31T15:24:04.852+0000] {processor.py:208} INFO - Processing /home/airflow/.local/lib/python3.12/site-packages/airflow/example_dags/tutorial.py took 0.153 seconds
[2025-03-31T15:24:35.232+0000] {processor.py:186} INFO - Started process (PID=58864) to work on /home/airflow/.local/lib/python3.12/site-packages/airflow/example_dags/tutorial.py
[2025-03-31T15:24:35.235+0000] {processor.py:914} INFO - Processing file /home/airflow/.local/lib/python3.12/site-packages/airflow/example_dags/tutorial.py for tasks to queue
[2025-03-31T15:24:35.238+0000] {logging_mixin.py:190} INFO - [2025-03-31T15:24:35.237+0000] {dagbag.py:588} INFO - Filling up the DagBag from /home/airflow/.local/lib/python3.12/site-packages/airflow/example_dags/tutorial.py
[2025-03-31T15:24:35.262+0000] {processor.py:925} INFO - DAG(s) 'tutorial' retrieved from /home/airflow/.local/lib/python3.12/site-packages/airflow/example_dags/tutorial.py
[2025-03-31T15:24:35.309+0000] {logging_mixin.py:190} INFO - [2025-03-31T15:24:35.308+0000] {dag.py:3239} INFO - Sync 1 DAGs
[2025-03-31T15:24:35.352+0000] {logging_mixin.py:190} INFO - [2025-03-31T15:24:35.351+0000] {dag.py:4180} INFO - Setting next_dagrun for tutorial to 2025-03-30 00:00:00+00:00, run_after=2025-03-31 00:00:00+00:00
[2025-03-31T15:24:35.402+0000] {processor.py:208} INFO - Processing /home/airflow/.local/lib/python3.12/site-packages/airflow/example_dags/tutorial.py took 0.187 seconds
[2025-03-31T15:25:05.745+0000] {processor.py:186} INFO - Started process (PID=58929) to work on /home/airflow/.local/lib/python3.12/site-packages/airflow/example_dags/tutorial.py
[2025-03-31T15:25:05.747+0000] {processor.py:914} INFO - Processing file /home/airflow/.local/lib/python3.12/site-packages/airflow/example_dags/tutorial.py for tasks to queue
[2025-03-31T15:25:05.749+0000] {logging_mixin.py:190} INFO - [2025-03-31T15:25:05.749+0000] {dagbag.py:588} INFO - Filling up the DagBag from /home/airflow/.local/lib/python3.12/site-packages/airflow/example_dags/tutorial.py
[2025-03-31T15:25:05.766+0000] {processor.py:925} INFO - DAG(s) 'tutorial' retrieved from /home/airflow/.local/lib/python3.12/site-packages/airflow/example_dags/tutorial.py
[2025-03-31T15:25:05.797+0000] {logging_mixin.py:190} INFO - [2025-03-31T15:25:05.797+0000] {dag.py:3239} INFO - Sync 1 DAGs
[2025-03-31T15:25:05.835+0000] {logging_mixin.py:190} INFO - [2025-03-31T15:25:05.834+0000] {dag.py:4180} INFO - Setting next_dagrun for tutorial to 2025-03-30 00:00:00+00:00, run_after=2025-03-31 00:00:00+00:00
[2025-03-31T15:25:05.885+0000] {processor.py:208} INFO - Processing /home/airflow/.local/lib/python3.12/site-packages/airflow/example_dags/tutorial.py took 0.149 seconds
[2025-03-31T15:25:36.628+0000] {processor.py:186} INFO - Started process (PID=58994) to work on /home/airflow/.local/lib/python3.12/site-packages/airflow/example_dags/tutorial.py
[2025-03-31T15:25:36.630+0000] {processor.py:914} INFO - Processing file /home/airflow/.local/lib/python3.12/site-packages/airflow/example_dags/tutorial.py for tasks to queue
[2025-03-31T15:25:36.633+0000] {logging_mixin.py:190} INFO - [2025-03-31T15:25:36.633+0000] {dagbag.py:588} INFO - Filling up the DagBag from /home/airflow/.local/lib/python3.12/site-packages/airflow/example_dags/tutorial.py
[2025-03-31T15:25:36.651+0000] {processor.py:925} INFO - DAG(s) 'tutorial' retrieved from /home/airflow/.local/lib/python3.12/site-packages/airflow/example_dags/tutorial.py
[2025-03-31T15:25:36.687+0000] {logging_mixin.py:190} INFO - [2025-03-31T15:25:36.687+0000] {dag.py:3239} INFO - Sync 1 DAGs
[2025-03-31T15:25:36.731+0000] {logging_mixin.py:190} INFO - [2025-03-31T15:25:36.731+0000] {dag.py:4180} INFO - Setting next_dagrun for tutorial to 2025-03-30 00:00:00+00:00, run_after=2025-03-31 00:00:00+00:00
[2025-03-31T15:25:36.781+0000] {processor.py:208} INFO - Processing /home/airflow/.local/lib/python3.12/site-packages/airflow/example_dags/tutorial.py took 0.165 seconds
[2025-03-31T15:26:07.407+0000] {processor.py:186} INFO - Started process (PID=59058) to work on /home/airflow/.local/lib/python3.12/site-packages/airflow/example_dags/tutorial.py
[2025-03-31T15:26:07.409+0000] {processor.py:914} INFO - Processing file /home/airflow/.local/lib/python3.12/site-packages/airflow/example_dags/tutorial.py for tasks to queue
[2025-03-31T15:26:07.412+0000] {logging_mixin.py:190} INFO - [2025-03-31T15:26:07.411+0000] {dagbag.py:588} INFO - Filling up the DagBag from /home/airflow/.local/lib/python3.12/site-packages/airflow/example_dags/tutorial.py
[2025-03-31T15:26:07.427+0000] {processor.py:925} INFO - DAG(s) 'tutorial' retrieved from /home/airflow/.local/lib/python3.12/site-packages/airflow/example_dags/tutorial.py
[2025-03-31T15:26:07.471+0000] {logging_mixin.py:190} INFO - [2025-03-31T15:26:07.470+0000] {dag.py:3239} INFO - Sync 1 DAGs
[2025-03-31T15:26:07.529+0000] {logging_mixin.py:190} INFO - [2025-03-31T15:26:07.528+0000] {dag.py:4180} INFO - Setting next_dagrun for tutorial to 2025-03-30 00:00:00+00:00, run_after=2025-03-31 00:00:00+00:00
[2025-03-31T15:26:07.580+0000] {processor.py:208} INFO - Processing /home/airflow/.local/lib/python3.12/site-packages/airflow/example_dags/tutorial.py took 0.186 seconds
[2025-03-31T15:26:38.028+0000] {processor.py:186} INFO - Started process (PID=59122) to work on /home/airflow/.local/lib/python3.12/site-packages/airflow/example_dags/tutorial.py
[2025-03-31T15:26:38.030+0000] {processor.py:914} INFO - Processing file /home/airflow/.local/lib/python3.12/site-packages/airflow/example_dags/tutorial.py for tasks to queue
[2025-03-31T15:26:38.034+0000] {logging_mixin.py:190} INFO - [2025-03-31T15:26:38.033+0000] {dagbag.py:588} INFO - Filling up the DagBag from /home/airflow/.local/lib/python3.12/site-packages/airflow/example_dags/tutorial.py
[2025-03-31T15:26:38.059+0000] {processor.py:925} INFO - DAG(s) 'tutorial' retrieved from /home/airflow/.local/lib/python3.12/site-packages/airflow/example_dags/tutorial.py
[2025-03-31T15:26:38.104+0000] {logging_mixin.py:190} INFO - [2025-03-31T15:26:38.104+0000] {dag.py:3239} INFO - Sync 1 DAGs
[2025-03-31T15:26:38.165+0000] {logging_mixin.py:190} INFO - [2025-03-31T15:26:38.165+0000] {dag.py:4180} INFO - Setting next_dagrun for tutorial to 2025-03-30 00:00:00+00:00, run_after=2025-03-31 00:00:00+00:00
[2025-03-31T15:26:38.226+0000] {processor.py:208} INFO - Processing /home/airflow/.local/lib/python3.12/site-packages/airflow/example_dags/tutorial.py took 0.215 seconds
[2025-03-31T15:27:08.665+0000] {processor.py:186} INFO - Started process (PID=59186) to work on /home/airflow/.local/lib/python3.12/site-packages/airflow/example_dags/tutorial.py
[2025-03-31T15:27:08.667+0000] {processor.py:914} INFO - Processing file /home/airflow/.local/lib/python3.12/site-packages/airflow/example_dags/tutorial.py for tasks to queue
[2025-03-31T15:27:08.671+0000] {logging_mixin.py:190} INFO - [2025-03-31T15:27:08.671+0000] {dagbag.py:588} INFO - Filling up the DagBag from /home/airflow/.local/lib/python3.12/site-packages/airflow/example_dags/tutorial.py
[2025-03-31T15:27:08.689+0000] {processor.py:925} INFO - DAG(s) 'tutorial' retrieved from /home/airflow/.local/lib/python3.12/site-packages/airflow/example_dags/tutorial.py
[2025-03-31T15:27:08.725+0000] {logging_mixin.py:190} INFO - [2025-03-31T15:27:08.725+0000] {dag.py:3239} INFO - Sync 1 DAGs
[2025-03-31T15:27:08.766+0000] {logging_mixin.py:190} INFO - [2025-03-31T15:27:08.765+0000] {dag.py:4180} INFO - Setting next_dagrun for tutorial to 2025-03-30 00:00:00+00:00, run_after=2025-03-31 00:00:00+00:00
[2025-03-31T15:27:08.813+0000] {processor.py:208} INFO - Processing /home/airflow/.local/lib/python3.12/site-packages/airflow/example_dags/tutorial.py took 0.159 seconds
[2025-03-31T15:27:38.959+0000] {processor.py:186} INFO - Started process (PID=59250) to work on /home/airflow/.local/lib/python3.12/site-packages/airflow/example_dags/tutorial.py
[2025-03-31T15:27:38.961+0000] {processor.py:914} INFO - Processing file /home/airflow/.local/lib/python3.12/site-packages/airflow/example_dags/tutorial.py for tasks to queue
[2025-03-31T15:27:38.964+0000] {logging_mixin.py:190} INFO - [2025-03-31T15:27:38.962+0000] {dagbag.py:588} INFO - Filling up the DagBag from /home/airflow/.local/lib/python3.12/site-packages/airflow/example_dags/tutorial.py
[2025-03-31T15:27:38.985+0000] {processor.py:925} INFO - DAG(s) 'tutorial' retrieved from /home/airflow/.local/lib/python3.12/site-packages/airflow/example_dags/tutorial.py
[2025-03-31T15:27:39.025+0000] {logging_mixin.py:190} INFO - [2025-03-31T15:27:39.024+0000] {dag.py:3239} INFO - Sync 1 DAGs
[2025-03-31T15:27:39.069+0000] {logging_mixin.py:190} INFO - [2025-03-31T15:27:39.069+0000] {dag.py:4180} INFO - Setting next_dagrun for tutorial to 2025-03-30 00:00:00+00:00, run_after=2025-03-31 00:00:00+00:00
[2025-03-31T15:27:39.113+0000] {processor.py:208} INFO - Processing /home/airflow/.local/lib/python3.12/site-packages/airflow/example_dags/tutorial.py took 0.166 seconds
[2025-03-31T15:28:09.536+0000] {processor.py:186} INFO - Started process (PID=59315) to work on /home/airflow/.local/lib/python3.12/site-packages/airflow/example_dags/tutorial.py
[2025-03-31T15:28:09.538+0000] {processor.py:914} INFO - Processing file /home/airflow/.local/lib/python3.12/site-packages/airflow/example_dags/tutorial.py for tasks to queue
[2025-03-31T15:28:09.542+0000] {logging_mixin.py:190} INFO - [2025-03-31T15:28:09.541+0000] {dagbag.py:588} INFO - Filling up the DagBag from /home/airflow/.local/lib/python3.12/site-packages/airflow/example_dags/tutorial.py
[2025-03-31T15:28:09.566+0000] {processor.py:925} INFO - DAG(s) 'tutorial' retrieved from /home/airflow/.local/lib/python3.12/site-packages/airflow/example_dags/tutorial.py
[2025-03-31T15:28:09.610+0000] {logging_mixin.py:190} INFO - [2025-03-31T15:28:09.609+0000] {dag.py:3239} INFO - Sync 1 DAGs
[2025-03-31T15:28:09.696+0000] {logging_mixin.py:190} INFO - [2025-03-31T15:28:09.696+0000] {dag.py:4180} INFO - Setting next_dagrun for tutorial to 2025-03-30 00:00:00+00:00, run_after=2025-03-31 00:00:00+00:00
[2025-03-31T15:28:09.737+0000] {processor.py:208} INFO - Processing /home/airflow/.local/lib/python3.12/site-packages/airflow/example_dags/tutorial.py took 0.217 seconds
[2025-03-31T15:28:40.483+0000] {processor.py:186} INFO - Started process (PID=59386) to work on /home/airflow/.local/lib/python3.12/site-packages/airflow/example_dags/tutorial.py
[2025-03-31T15:28:40.485+0000] {processor.py:914} INFO - Processing file /home/airflow/.local/lib/python3.12/site-packages/airflow/example_dags/tutorial.py for tasks to queue
[2025-03-31T15:28:40.488+0000] {logging_mixin.py:190} INFO - [2025-03-31T15:28:40.487+0000] {dagbag.py:588} INFO - Filling up the DagBag from /home/airflow/.local/lib/python3.12/site-packages/airflow/example_dags/tutorial.py
[2025-03-31T15:28:40.502+0000] {processor.py:925} INFO - DAG(s) 'tutorial' retrieved from /home/airflow/.local/lib/python3.12/site-packages/airflow/example_dags/tutorial.py
[2025-03-31T15:28:40.538+0000] {logging_mixin.py:190} INFO - [2025-03-31T15:28:40.538+0000] {dag.py:3239} INFO - Sync 1 DAGs
[2025-03-31T15:28:40.606+0000] {logging_mixin.py:190} INFO - [2025-03-31T15:28:40.605+0000] {dag.py:4180} INFO - Setting next_dagrun for tutorial to 2025-03-30 00:00:00+00:00, run_after=2025-03-31 00:00:00+00:00
[2025-03-31T15:28:40.640+0000] {processor.py:208} INFO - Processing /home/airflow/.local/lib/python3.12/site-packages/airflow/example_dags/tutorial.py took 0.166 seconds
[2025-03-31T15:29:10.858+0000] {processor.py:186} INFO - Started process (PID=59450) to work on /home/airflow/.local/lib/python3.12/site-packages/airflow/example_dags/tutorial.py
[2025-03-31T15:29:10.860+0000] {processor.py:914} INFO - Processing file /home/airflow/.local/lib/python3.12/site-packages/airflow/example_dags/tutorial.py for tasks to queue
[2025-03-31T15:29:10.863+0000] {logging_mixin.py:190} INFO - [2025-03-31T15:29:10.862+0000] {dagbag.py:588} INFO - Filling up the DagBag from /home/airflow/.local/lib/python3.12/site-packages/airflow/example_dags/tutorial.py
[2025-03-31T15:29:10.880+0000] {processor.py:925} INFO - DAG(s) 'tutorial' retrieved from /home/airflow/.local/lib/python3.12/site-packages/airflow/example_dags/tutorial.py
[2025-03-31T15:29:10.914+0000] {logging_mixin.py:190} INFO - [2025-03-31T15:29:10.913+0000] {dag.py:3239} INFO - Sync 1 DAGs
[2025-03-31T15:29:10.951+0000] {logging_mixin.py:190} INFO - [2025-03-31T15:29:10.950+0000] {dag.py:4180} INFO - Setting next_dagrun for tutorial to 2025-03-30 00:00:00+00:00, run_after=2025-03-31 00:00:00+00:00
[2025-03-31T15:29:10.996+0000] {processor.py:208} INFO - Processing /home/airflow/.local/lib/python3.12/site-packages/airflow/example_dags/tutorial.py took 0.149 seconds
[2025-03-31T15:29:41.450+0000] {processor.py:186} INFO - Started process (PID=59515) to work on /home/airflow/.local/lib/python3.12/site-packages/airflow/example_dags/tutorial.py
[2025-03-31T15:29:41.452+0000] {processor.py:914} INFO - Processing file /home/airflow/.local/lib/python3.12/site-packages/airflow/example_dags/tutorial.py for tasks to queue
[2025-03-31T15:29:41.455+0000] {logging_mixin.py:190} INFO - [2025-03-31T15:29:41.454+0000] {dagbag.py:588} INFO - Filling up the DagBag from /home/airflow/.local/lib/python3.12/site-packages/airflow/example_dags/tutorial.py
[2025-03-31T15:29:41.474+0000] {processor.py:925} INFO - DAG(s) 'tutorial' retrieved from /home/airflow/.local/lib/python3.12/site-packages/airflow/example_dags/tutorial.py
[2025-03-31T15:29:41.510+0000] {logging_mixin.py:190} INFO - [2025-03-31T15:29:41.510+0000] {dag.py:3239} INFO - Sync 1 DAGs
[2025-03-31T15:29:41.553+0000] {logging_mixin.py:190} INFO - [2025-03-31T15:29:41.552+0000] {dag.py:4180} INFO - Setting next_dagrun for tutorial to 2025-03-30 00:00:00+00:00, run_after=2025-03-31 00:00:00+00:00
[2025-03-31T15:29:41.592+0000] {processor.py:208} INFO - Processing /home/airflow/.local/lib/python3.12/site-packages/airflow/example_dags/tutorial.py took 0.152 seconds
[2025-03-31T15:30:11.726+0000] {processor.py:186} INFO - Started process (PID=59580) to work on /home/airflow/.local/lib/python3.12/site-packages/airflow/example_dags/tutorial.py
[2025-03-31T15:30:11.728+0000] {processor.py:914} INFO - Processing file /home/airflow/.local/lib/python3.12/site-packages/airflow/example_dags/tutorial.py for tasks to queue
[2025-03-31T15:30:11.730+0000] {logging_mixin.py:190} INFO - [2025-03-31T15:30:11.730+0000] {dagbag.py:588} INFO - Filling up the DagBag from /home/airflow/.local/lib/python3.12/site-packages/airflow/example_dags/tutorial.py
[2025-03-31T15:30:11.746+0000] {processor.py:925} INFO - DAG(s) 'tutorial' retrieved from /home/airflow/.local/lib/python3.12/site-packages/airflow/example_dags/tutorial.py
[2025-03-31T15:30:11.783+0000] {logging_mixin.py:190} INFO - [2025-03-31T15:30:11.783+0000] {dag.py:3239} INFO - Sync 1 DAGs
[2025-03-31T15:30:11.825+0000] {logging_mixin.py:190} INFO - [2025-03-31T15:30:11.825+0000] {dag.py:4180} INFO - Setting next_dagrun for tutorial to 2025-03-30 00:00:00+00:00, run_after=2025-03-31 00:00:00+00:00
[2025-03-31T15:30:11.862+0000] {processor.py:208} INFO - Processing /home/airflow/.local/lib/python3.12/site-packages/airflow/example_dags/tutorial.py took 0.145 seconds
[2025-03-31T15:30:42.711+0000] {processor.py:186} INFO - Started process (PID=59645) to work on /home/airflow/.local/lib/python3.12/site-packages/airflow/example_dags/tutorial.py
[2025-03-31T15:30:42.713+0000] {processor.py:914} INFO - Processing file /home/airflow/.local/lib/python3.12/site-packages/airflow/example_dags/tutorial.py for tasks to queue
[2025-03-31T15:30:42.715+0000] {logging_mixin.py:190} INFO - [2025-03-31T15:30:42.715+0000] {dagbag.py:588} INFO - Filling up the DagBag from /home/airflow/.local/lib/python3.12/site-packages/airflow/example_dags/tutorial.py
[2025-03-31T15:30:42.731+0000] {processor.py:925} INFO - DAG(s) 'tutorial' retrieved from /home/airflow/.local/lib/python3.12/site-packages/airflow/example_dags/tutorial.py
[2025-03-31T15:30:42.770+0000] {logging_mixin.py:190} INFO - [2025-03-31T15:30:42.770+0000] {dag.py:3239} INFO - Sync 1 DAGs
[2025-03-31T15:30:42.817+0000] {logging_mixin.py:190} INFO - [2025-03-31T15:30:42.817+0000] {dag.py:4180} INFO - Setting next_dagrun for tutorial to 2025-03-30 00:00:00+00:00, run_after=2025-03-31 00:00:00+00:00
[2025-03-31T15:30:42.871+0000] {processor.py:208} INFO - Processing /home/airflow/.local/lib/python3.12/site-packages/airflow/example_dags/tutorial.py took 0.170 seconds
[2025-03-31T15:31:12.978+0000] {processor.py:186} INFO - Started process (PID=59709) to work on /home/airflow/.local/lib/python3.12/site-packages/airflow/example_dags/tutorial.py
[2025-03-31T15:31:12.980+0000] {processor.py:914} INFO - Processing file /home/airflow/.local/lib/python3.12/site-packages/airflow/example_dags/tutorial.py for tasks to queue
[2025-03-31T15:31:12.983+0000] {logging_mixin.py:190} INFO - [2025-03-31T15:31:12.983+0000] {dagbag.py:588} INFO - Filling up the DagBag from /home/airflow/.local/lib/python3.12/site-packages/airflow/example_dags/tutorial.py
[2025-03-31T15:31:13.000+0000] {processor.py:925} INFO - DAG(s) 'tutorial' retrieved from /home/airflow/.local/lib/python3.12/site-packages/airflow/example_dags/tutorial.py
[2025-03-31T15:31:13.034+0000] {logging_mixin.py:190} INFO - [2025-03-31T15:31:13.034+0000] {dag.py:3239} INFO - Sync 1 DAGs
[2025-03-31T15:31:13.077+0000] {logging_mixin.py:190} INFO - [2025-03-31T15:31:13.076+0000] {dag.py:4180} INFO - Setting next_dagrun for tutorial to 2025-03-30 00:00:00+00:00, run_after=2025-03-31 00:00:00+00:00
[2025-03-31T15:31:13.113+0000] {processor.py:208} INFO - Processing /home/airflow/.local/lib/python3.12/site-packages/airflow/example_dags/tutorial.py took 0.146 seconds
[2025-03-31T15:31:43.603+0000] {processor.py:186} INFO - Started process (PID=59774) to work on /home/airflow/.local/lib/python3.12/site-packages/airflow/example_dags/tutorial.py
[2025-03-31T15:31:43.605+0000] {processor.py:914} INFO - Processing file /home/airflow/.local/lib/python3.12/site-packages/airflow/example_dags/tutorial.py for tasks to queue
[2025-03-31T15:31:43.609+0000] {logging_mixin.py:190} INFO - [2025-03-31T15:31:43.608+0000] {dagbag.py:588} INFO - Filling up the DagBag from /home/airflow/.local/lib/python3.12/site-packages/airflow/example_dags/tutorial.py
[2025-03-31T15:31:43.624+0000] {processor.py:925} INFO - DAG(s) 'tutorial' retrieved from /home/airflow/.local/lib/python3.12/site-packages/airflow/example_dags/tutorial.py
[2025-03-31T15:31:43.668+0000] {logging_mixin.py:190} INFO - [2025-03-31T15:31:43.667+0000] {dag.py:3239} INFO - Sync 1 DAGs
[2025-03-31T15:31:43.712+0000] {logging_mixin.py:190} INFO - [2025-03-31T15:31:43.712+0000] {dag.py:4180} INFO - Setting next_dagrun for tutorial to 2025-03-30 00:00:00+00:00, run_after=2025-03-31 00:00:00+00:00
[2025-03-31T15:31:43.759+0000] {processor.py:208} INFO - Processing /home/airflow/.local/lib/python3.12/site-packages/airflow/example_dags/tutorial.py took 0.165 seconds
[2025-03-31T15:32:14.119+0000] {processor.py:186} INFO - Started process (PID=59838) to work on /home/airflow/.local/lib/python3.12/site-packages/airflow/example_dags/tutorial.py
[2025-03-31T15:32:14.121+0000] {processor.py:914} INFO - Processing file /home/airflow/.local/lib/python3.12/site-packages/airflow/example_dags/tutorial.py for tasks to queue
[2025-03-31T15:32:14.123+0000] {logging_mixin.py:190} INFO - [2025-03-31T15:32:14.123+0000] {dagbag.py:588} INFO - Filling up the DagBag from /home/airflow/.local/lib/python3.12/site-packages/airflow/example_dags/tutorial.py
[2025-03-31T15:32:14.137+0000] {processor.py:925} INFO - DAG(s) 'tutorial' retrieved from /home/airflow/.local/lib/python3.12/site-packages/airflow/example_dags/tutorial.py
[2025-03-31T15:32:14.168+0000] {logging_mixin.py:190} INFO - [2025-03-31T15:32:14.168+0000] {dag.py:3239} INFO - Sync 1 DAGs
[2025-03-31T15:32:14.208+0000] {logging_mixin.py:190} INFO - [2025-03-31T15:32:14.208+0000] {dag.py:4180} INFO - Setting next_dagrun for tutorial to 2025-03-30 00:00:00+00:00, run_after=2025-03-31 00:00:00+00:00
[2025-03-31T15:32:14.252+0000] {processor.py:208} INFO - Processing /home/airflow/.local/lib/python3.12/site-packages/airflow/example_dags/tutorial.py took 0.143 seconds
[2025-03-31T15:32:46.532+0000] {processor.py:186} INFO - Started process (PID=59903) to work on /home/airflow/.local/lib/python3.12/site-packages/airflow/example_dags/tutorial.py
[2025-03-31T15:32:46.535+0000] {processor.py:914} INFO - Processing file /home/airflow/.local/lib/python3.12/site-packages/airflow/example_dags/tutorial.py for tasks to queue
[2025-03-31T15:32:46.539+0000] {logging_mixin.py:190} INFO - [2025-03-31T15:32:46.538+0000] {dagbag.py:588} INFO - Filling up the DagBag from /home/airflow/.local/lib/python3.12/site-packages/airflow/example_dags/tutorial.py
[2025-03-31T15:32:46.601+0000] {processor.py:925} INFO - DAG(s) 'tutorial' retrieved from /home/airflow/.local/lib/python3.12/site-packages/airflow/example_dags/tutorial.py
[2025-03-31T15:32:46.692+0000] {logging_mixin.py:190} INFO - [2025-03-31T15:32:46.691+0000] {dag.py:3239} INFO - Sync 1 DAGs
[2025-03-31T15:32:47.149+0000] {logging_mixin.py:190} INFO - [2025-03-31T15:32:47.148+0000] {dag.py:4180} INFO - Setting next_dagrun for tutorial to 2025-03-30 00:00:00+00:00, run_after=2025-03-31 00:00:00+00:00
[2025-03-31T15:32:47.219+0000] {processor.py:208} INFO - Processing /home/airflow/.local/lib/python3.12/site-packages/airflow/example_dags/tutorial.py took 0.703 seconds
[2025-03-31T15:33:18.015+0000] {processor.py:186} INFO - Started process (PID=59968) to work on /home/airflow/.local/lib/python3.12/site-packages/airflow/example_dags/tutorial.py
[2025-03-31T15:33:18.017+0000] {processor.py:914} INFO - Processing file /home/airflow/.local/lib/python3.12/site-packages/airflow/example_dags/tutorial.py for tasks to queue
[2025-03-31T15:33:18.020+0000] {logging_mixin.py:190} INFO - [2025-03-31T15:33:18.019+0000] {dagbag.py:588} INFO - Filling up the DagBag from /home/airflow/.local/lib/python3.12/site-packages/airflow/example_dags/tutorial.py
[2025-03-31T15:33:18.042+0000] {processor.py:925} INFO - DAG(s) 'tutorial' retrieved from /home/airflow/.local/lib/python3.12/site-packages/airflow/example_dags/tutorial.py
[2025-03-31T15:33:18.087+0000] {logging_mixin.py:190} INFO - [2025-03-31T15:33:18.087+0000] {dag.py:3239} INFO - Sync 1 DAGs
[2025-03-31T15:33:18.141+0000] {logging_mixin.py:190} INFO - [2025-03-31T15:33:18.141+0000] {dag.py:4180} INFO - Setting next_dagrun for tutorial to 2025-03-30 00:00:00+00:00, run_after=2025-03-31 00:00:00+00:00
[2025-03-31T15:33:18.193+0000] {processor.py:208} INFO - Processing /home/airflow/.local/lib/python3.12/site-packages/airflow/example_dags/tutorial.py took 0.188 seconds
[2025-03-31T15:33:48.568+0000] {processor.py:186} INFO - Started process (PID=60033) to work on /home/airflow/.local/lib/python3.12/site-packages/airflow/example_dags/tutorial.py
[2025-03-31T15:33:48.569+0000] {processor.py:914} INFO - Processing file /home/airflow/.local/lib/python3.12/site-packages/airflow/example_dags/tutorial.py for tasks to queue
[2025-03-31T15:33:48.572+0000] {logging_mixin.py:190} INFO - [2025-03-31T15:33:48.571+0000] {dagbag.py:588} INFO - Filling up the DagBag from /home/airflow/.local/lib/python3.12/site-packages/airflow/example_dags/tutorial.py
[2025-03-31T15:33:48.590+0000] {processor.py:925} INFO - DAG(s) 'tutorial' retrieved from /home/airflow/.local/lib/python3.12/site-packages/airflow/example_dags/tutorial.py
[2025-03-31T15:33:48.633+0000] {logging_mixin.py:190} INFO - [2025-03-31T15:33:48.632+0000] {dag.py:3239} INFO - Sync 1 DAGs
[2025-03-31T15:33:48.684+0000] {logging_mixin.py:190} INFO - [2025-03-31T15:33:48.683+0000] {dag.py:4180} INFO - Setting next_dagrun for tutorial to 2025-03-30 00:00:00+00:00, run_after=2025-03-31 00:00:00+00:00
[2025-03-31T15:33:48.744+0000] {processor.py:208} INFO - Processing /home/airflow/.local/lib/python3.12/site-packages/airflow/example_dags/tutorial.py took 0.186 seconds
[2025-03-31T15:34:18.874+0000] {processor.py:186} INFO - Started process (PID=60096) to work on /home/airflow/.local/lib/python3.12/site-packages/airflow/example_dags/tutorial.py
[2025-03-31T15:34:18.876+0000] {processor.py:914} INFO - Processing file /home/airflow/.local/lib/python3.12/site-packages/airflow/example_dags/tutorial.py for tasks to queue
[2025-03-31T15:34:18.879+0000] {logging_mixin.py:190} INFO - [2025-03-31T15:34:18.878+0000] {dagbag.py:588} INFO - Filling up the DagBag from /home/airflow/.local/lib/python3.12/site-packages/airflow/example_dags/tutorial.py
[2025-03-31T15:34:18.895+0000] {processor.py:925} INFO - DAG(s) 'tutorial' retrieved from /home/airflow/.local/lib/python3.12/site-packages/airflow/example_dags/tutorial.py
[2025-03-31T15:34:18.929+0000] {logging_mixin.py:190} INFO - [2025-03-31T15:34:18.929+0000] {dag.py:3239} INFO - Sync 1 DAGs
[2025-03-31T15:34:19.245+0000] {logging_mixin.py:190} INFO - [2025-03-31T15:34:19.244+0000] {dag.py:4180} INFO - Setting next_dagrun for tutorial to 2025-03-30 00:00:00+00:00, run_after=2025-03-31 00:00:00+00:00
[2025-03-31T15:34:19.295+0000] {processor.py:208} INFO - Processing /home/airflow/.local/lib/python3.12/site-packages/airflow/example_dags/tutorial.py took 0.429 seconds
[2025-03-31T15:34:50.572+0000] {processor.py:186} INFO - Started process (PID=60162) to work on /home/airflow/.local/lib/python3.12/site-packages/airflow/example_dags/tutorial.py
[2025-03-31T15:34:50.573+0000] {processor.py:914} INFO - Processing file /home/airflow/.local/lib/python3.12/site-packages/airflow/example_dags/tutorial.py for tasks to queue
[2025-03-31T15:34:50.576+0000] {logging_mixin.py:190} INFO - [2025-03-31T15:34:50.575+0000] {dagbag.py:588} INFO - Filling up the DagBag from /home/airflow/.local/lib/python3.12/site-packages/airflow/example_dags/tutorial.py
[2025-03-31T15:34:50.592+0000] {processor.py:925} INFO - DAG(s) 'tutorial' retrieved from /home/airflow/.local/lib/python3.12/site-packages/airflow/example_dags/tutorial.py
[2025-03-31T15:34:50.627+0000] {logging_mixin.py:190} INFO - [2025-03-31T15:34:50.626+0000] {dag.py:3239} INFO - Sync 1 DAGs
[2025-03-31T15:34:50.945+0000] {logging_mixin.py:190} INFO - [2025-03-31T15:34:50.944+0000] {dag.py:4180} INFO - Setting next_dagrun for tutorial to 2025-03-30 00:00:00+00:00, run_after=2025-03-31 00:00:00+00:00
[2025-03-31T15:34:50.995+0000] {processor.py:208} INFO - Processing /home/airflow/.local/lib/python3.12/site-packages/airflow/example_dags/tutorial.py took 0.433 seconds
[2025-03-31T15:35:21.818+0000] {processor.py:186} INFO - Started process (PID=60227) to work on /home/airflow/.local/lib/python3.12/site-packages/airflow/example_dags/tutorial.py
[2025-03-31T15:35:21.820+0000] {processor.py:914} INFO - Processing file /home/airflow/.local/lib/python3.12/site-packages/airflow/example_dags/tutorial.py for tasks to queue
[2025-03-31T15:35:21.823+0000] {logging_mixin.py:190} INFO - [2025-03-31T15:35:21.823+0000] {dagbag.py:588} INFO - Filling up the DagBag from /home/airflow/.local/lib/python3.12/site-packages/airflow/example_dags/tutorial.py
[2025-03-31T15:35:21.840+0000] {processor.py:925} INFO - DAG(s) 'tutorial' retrieved from /home/airflow/.local/lib/python3.12/site-packages/airflow/example_dags/tutorial.py
[2025-03-31T15:35:21.875+0000] {logging_mixin.py:190} INFO - [2025-03-31T15:35:21.875+0000] {dag.py:3239} INFO - Sync 1 DAGs
[2025-03-31T15:35:21.917+0000] {logging_mixin.py:190} INFO - [2025-03-31T15:35:21.916+0000] {dag.py:4180} INFO - Setting next_dagrun for tutorial to 2025-03-30 00:00:00+00:00, run_after=2025-03-31 00:00:00+00:00
[2025-03-31T15:35:21.968+0000] {processor.py:208} INFO - Processing /home/airflow/.local/lib/python3.12/site-packages/airflow/example_dags/tutorial.py took 0.161 seconds
[2025-03-31T15:35:52.586+0000] {processor.py:186} INFO - Started process (PID=60292) to work on /home/airflow/.local/lib/python3.12/site-packages/airflow/example_dags/tutorial.py
[2025-03-31T15:35:52.588+0000] {processor.py:914} INFO - Processing file /home/airflow/.local/lib/python3.12/site-packages/airflow/example_dags/tutorial.py for tasks to queue
[2025-03-31T15:35:52.590+0000] {logging_mixin.py:190} INFO - [2025-03-31T15:35:52.590+0000] {dagbag.py:588} INFO - Filling up the DagBag from /home/airflow/.local/lib/python3.12/site-packages/airflow/example_dags/tutorial.py
[2025-03-31T15:35:52.607+0000] {processor.py:925} INFO - DAG(s) 'tutorial' retrieved from /home/airflow/.local/lib/python3.12/site-packages/airflow/example_dags/tutorial.py
[2025-03-31T15:35:52.648+0000] {logging_mixin.py:190} INFO - [2025-03-31T15:35:52.648+0000] {dag.py:3239} INFO - Sync 1 DAGs
[2025-03-31T15:35:52.703+0000] {logging_mixin.py:190} INFO - [2025-03-31T15:35:52.702+0000] {dag.py:4180} INFO - Setting next_dagrun for tutorial to 2025-03-30 00:00:00+00:00, run_after=2025-03-31 00:00:00+00:00
[2025-03-31T15:35:52.757+0000] {processor.py:208} INFO - Processing /home/airflow/.local/lib/python3.12/site-packages/airflow/example_dags/tutorial.py took 0.184 seconds
[2025-03-31T15:36:22.998+0000] {processor.py:186} INFO - Started process (PID=60357) to work on /home/airflow/.local/lib/python3.12/site-packages/airflow/example_dags/tutorial.py
[2025-03-31T15:36:23.000+0000] {processor.py:914} INFO - Processing file /home/airflow/.local/lib/python3.12/site-packages/airflow/example_dags/tutorial.py for tasks to queue
[2025-03-31T15:36:23.002+0000] {logging_mixin.py:190} INFO - [2025-03-31T15:36:23.001+0000] {dagbag.py:588} INFO - Filling up the DagBag from /home/airflow/.local/lib/python3.12/site-packages/airflow/example_dags/tutorial.py
[2025-03-31T15:36:23.017+0000] {processor.py:925} INFO - DAG(s) 'tutorial' retrieved from /home/airflow/.local/lib/python3.12/site-packages/airflow/example_dags/tutorial.py
[2025-03-31T15:36:23.049+0000] {logging_mixin.py:190} INFO - [2025-03-31T15:36:23.049+0000] {dag.py:3239} INFO - Sync 1 DAGs
[2025-03-31T15:36:23.087+0000] {logging_mixin.py:190} INFO - [2025-03-31T15:36:23.087+0000] {dag.py:4180} INFO - Setting next_dagrun for tutorial to 2025-03-30 00:00:00+00:00, run_after=2025-03-31 00:00:00+00:00
[2025-03-31T15:36:23.121+0000] {processor.py:208} INFO - Processing /home/airflow/.local/lib/python3.12/site-packages/airflow/example_dags/tutorial.py took 0.135 seconds
[2025-03-31T15:36:53.394+0000] {processor.py:186} INFO - Started process (PID=60422) to work on /home/airflow/.local/lib/python3.12/site-packages/airflow/example_dags/tutorial.py
[2025-03-31T15:36:53.396+0000] {processor.py:914} INFO - Processing file /home/airflow/.local/lib/python3.12/site-packages/airflow/example_dags/tutorial.py for tasks to queue
[2025-03-31T15:36:53.399+0000] {logging_mixin.py:190} INFO - [2025-03-31T15:36:53.398+0000] {dagbag.py:588} INFO - Filling up the DagBag from /home/airflow/.local/lib/python3.12/site-packages/airflow/example_dags/tutorial.py
[2025-03-31T15:36:53.413+0000] {processor.py:925} INFO - DAG(s) 'tutorial' retrieved from /home/airflow/.local/lib/python3.12/site-packages/airflow/example_dags/tutorial.py
[2025-03-31T15:36:53.446+0000] {logging_mixin.py:190} INFO - [2025-03-31T15:36:53.446+0000] {dag.py:3239} INFO - Sync 1 DAGs
[2025-03-31T15:36:53.486+0000] {logging_mixin.py:190} INFO - [2025-03-31T15:36:53.486+0000] {dag.py:4180} INFO - Setting next_dagrun for tutorial to 2025-03-30 00:00:00+00:00, run_after=2025-03-31 00:00:00+00:00
[2025-03-31T15:36:53.534+0000] {processor.py:208} INFO - Processing /home/airflow/.local/lib/python3.12/site-packages/airflow/example_dags/tutorial.py took 0.149 seconds
[2025-03-31T15:37:23.783+0000] {processor.py:186} INFO - Started process (PID=60487) to work on /home/airflow/.local/lib/python3.12/site-packages/airflow/example_dags/tutorial.py
[2025-03-31T15:37:23.784+0000] {processor.py:914} INFO - Processing file /home/airflow/.local/lib/python3.12/site-packages/airflow/example_dags/tutorial.py for tasks to queue
[2025-03-31T15:37:23.787+0000] {logging_mixin.py:190} INFO - [2025-03-31T15:37:23.786+0000] {dagbag.py:588} INFO - Filling up the DagBag from /home/airflow/.local/lib/python3.12/site-packages/airflow/example_dags/tutorial.py
[2025-03-31T15:37:23.805+0000] {processor.py:925} INFO - DAG(s) 'tutorial' retrieved from /home/airflow/.local/lib/python3.12/site-packages/airflow/example_dags/tutorial.py
[2025-03-31T15:37:23.839+0000] {logging_mixin.py:190} INFO - [2025-03-31T15:37:23.839+0000] {dag.py:3239} INFO - Sync 1 DAGs
[2025-03-31T15:37:23.883+0000] {logging_mixin.py:190} INFO - [2025-03-31T15:37:23.883+0000] {dag.py:4180} INFO - Setting next_dagrun for tutorial to 2025-03-30 00:00:00+00:00, run_after=2025-03-31 00:00:00+00:00
[2025-03-31T15:37:23.919+0000] {processor.py:208} INFO - Processing /home/airflow/.local/lib/python3.12/site-packages/airflow/example_dags/tutorial.py took 0.146 seconds
[2025-03-31T15:37:54.228+0000] {processor.py:186} INFO - Started process (PID=60552) to work on /home/airflow/.local/lib/python3.12/site-packages/airflow/example_dags/tutorial.py
[2025-03-31T15:37:54.230+0000] {processor.py:914} INFO - Processing file /home/airflow/.local/lib/python3.12/site-packages/airflow/example_dags/tutorial.py for tasks to queue
[2025-03-31T15:37:54.232+0000] {logging_mixin.py:190} INFO - [2025-03-31T15:37:54.232+0000] {dagbag.py:588} INFO - Filling up the DagBag from /home/airflow/.local/lib/python3.12/site-packages/airflow/example_dags/tutorial.py
[2025-03-31T15:37:54.253+0000] {processor.py:925} INFO - DAG(s) 'tutorial' retrieved from /home/airflow/.local/lib/python3.12/site-packages/airflow/example_dags/tutorial.py
[2025-03-31T15:37:54.290+0000] {logging_mixin.py:190} INFO - [2025-03-31T15:37:54.289+0000] {dag.py:3239} INFO - Sync 1 DAGs
[2025-03-31T15:37:54.333+0000] {logging_mixin.py:190} INFO - [2025-03-31T15:37:54.332+0000] {dag.py:4180} INFO - Setting next_dagrun for tutorial to 2025-03-30 00:00:00+00:00, run_after=2025-03-31 00:00:00+00:00
[2025-03-31T15:37:54.372+0000] {processor.py:208} INFO - Processing /home/airflow/.local/lib/python3.12/site-packages/airflow/example_dags/tutorial.py took 0.152 seconds
[2025-03-31T15:38:24.733+0000] {processor.py:186} INFO - Started process (PID=60618) to work on /home/airflow/.local/lib/python3.12/site-packages/airflow/example_dags/tutorial.py
[2025-03-31T15:38:24.735+0000] {processor.py:914} INFO - Processing file /home/airflow/.local/lib/python3.12/site-packages/airflow/example_dags/tutorial.py for tasks to queue
[2025-03-31T15:38:24.738+0000] {logging_mixin.py:190} INFO - [2025-03-31T15:38:24.737+0000] {dagbag.py:588} INFO - Filling up the DagBag from /home/airflow/.local/lib/python3.12/site-packages/airflow/example_dags/tutorial.py
[2025-03-31T15:38:24.756+0000] {processor.py:925} INFO - DAG(s) 'tutorial' retrieved from /home/airflow/.local/lib/python3.12/site-packages/airflow/example_dags/tutorial.py
[2025-03-31T15:38:24.793+0000] {logging_mixin.py:190} INFO - [2025-03-31T15:38:24.792+0000] {dag.py:3239} INFO - Sync 1 DAGs
[2025-03-31T15:38:24.832+0000] {logging_mixin.py:190} INFO - [2025-03-31T15:38:24.831+0000] {dag.py:4180} INFO - Setting next_dagrun for tutorial to 2025-03-30 00:00:00+00:00, run_after=2025-03-31 00:00:00+00:00
[2025-03-31T15:38:24.866+0000] {processor.py:208} INFO - Processing /home/airflow/.local/lib/python3.12/site-packages/airflow/example_dags/tutorial.py took 0.142 seconds
[2025-03-31T15:38:55.321+0000] {processor.py:186} INFO - Started process (PID=60683) to work on /home/airflow/.local/lib/python3.12/site-packages/airflow/example_dags/tutorial.py
[2025-03-31T15:38:55.323+0000] {processor.py:914} INFO - Processing file /home/airflow/.local/lib/python3.12/site-packages/airflow/example_dags/tutorial.py for tasks to queue
[2025-03-31T15:38:55.326+0000] {logging_mixin.py:190} INFO - [2025-03-31T15:38:55.325+0000] {dagbag.py:588} INFO - Filling up the DagBag from /home/airflow/.local/lib/python3.12/site-packages/airflow/example_dags/tutorial.py
[2025-03-31T15:38:55.341+0000] {processor.py:925} INFO - DAG(s) 'tutorial' retrieved from /home/airflow/.local/lib/python3.12/site-packages/airflow/example_dags/tutorial.py
[2025-03-31T15:38:55.382+0000] {logging_mixin.py:190} INFO - [2025-03-31T15:38:55.382+0000] {dag.py:3239} INFO - Sync 1 DAGs
[2025-03-31T15:38:55.436+0000] {logging_mixin.py:190} INFO - [2025-03-31T15:38:55.435+0000] {dag.py:4180} INFO - Setting next_dagrun for tutorial to 2025-03-30 00:00:00+00:00, run_after=2025-03-31 00:00:00+00:00
[2025-03-31T15:38:55.474+0000] {processor.py:208} INFO - Processing /home/airflow/.local/lib/python3.12/site-packages/airflow/example_dags/tutorial.py took 0.163 seconds
[2025-03-31T15:39:25.816+0000] {processor.py:186} INFO - Started process (PID=60748) to work on /home/airflow/.local/lib/python3.12/site-packages/airflow/example_dags/tutorial.py
[2025-03-31T15:39:25.818+0000] {processor.py:914} INFO - Processing file /home/airflow/.local/lib/python3.12/site-packages/airflow/example_dags/tutorial.py for tasks to queue
[2025-03-31T15:39:25.822+0000] {logging_mixin.py:190} INFO - [2025-03-31T15:39:25.821+0000] {dagbag.py:588} INFO - Filling up the DagBag from /home/airflow/.local/lib/python3.12/site-packages/airflow/example_dags/tutorial.py
[2025-03-31T15:39:25.841+0000] {processor.py:925} INFO - DAG(s) 'tutorial' retrieved from /home/airflow/.local/lib/python3.12/site-packages/airflow/example_dags/tutorial.py
[2025-03-31T15:39:25.892+0000] {logging_mixin.py:190} INFO - [2025-03-31T15:39:25.891+0000] {dag.py:3239} INFO - Sync 1 DAGs
[2025-03-31T15:39:25.984+0000] {logging_mixin.py:190} INFO - [2025-03-31T15:39:25.983+0000] {dag.py:4180} INFO - Setting next_dagrun for tutorial to 2025-03-30 00:00:00+00:00, run_after=2025-03-31 00:00:00+00:00
[2025-03-31T15:39:26.042+0000] {processor.py:208} INFO - Processing /home/airflow/.local/lib/python3.12/site-packages/airflow/example_dags/tutorial.py took 0.236 seconds
[2025-03-31T15:39:58.825+0000] {processor.py:186} INFO - Started process (PID=60813) to work on /home/airflow/.local/lib/python3.12/site-packages/airflow/example_dags/tutorial.py
[2025-03-31T15:39:58.835+0000] {processor.py:914} INFO - Processing file /home/airflow/.local/lib/python3.12/site-packages/airflow/example_dags/tutorial.py for tasks to queue
[2025-03-31T15:39:58.843+0000] {logging_mixin.py:190} INFO - [2025-03-31T15:39:58.842+0000] {dagbag.py:588} INFO - Filling up the DagBag from /home/airflow/.local/lib/python3.12/site-packages/airflow/example_dags/tutorial.py
[2025-03-31T15:39:58.901+0000] {processor.py:925} INFO - DAG(s) 'tutorial' retrieved from /home/airflow/.local/lib/python3.12/site-packages/airflow/example_dags/tutorial.py
[2025-03-31T15:39:59.001+0000] {logging_mixin.py:190} INFO - [2025-03-31T15:39:59.000+0000] {dag.py:3239} INFO - Sync 1 DAGs
[2025-03-31T15:39:59.158+0000] {logging_mixin.py:190} INFO - [2025-03-31T15:39:59.157+0000] {dag.py:4180} INFO - Setting next_dagrun for tutorial to 2025-03-30 00:00:00+00:00, run_after=2025-03-31 00:00:00+00:00
[2025-03-31T15:39:59.257+0000] {processor.py:208} INFO - Processing /home/airflow/.local/lib/python3.12/site-packages/airflow/example_dags/tutorial.py took 0.458 seconds
[2025-03-31T15:40:33.390+0000] {processor.py:186} INFO - Started process (PID=60879) to work on /home/airflow/.local/lib/python3.12/site-packages/airflow/example_dags/tutorial.py
[2025-03-31T15:40:33.392+0000] {processor.py:914} INFO - Processing file /home/airflow/.local/lib/python3.12/site-packages/airflow/example_dags/tutorial.py for tasks to queue
[2025-03-31T15:40:33.395+0000] {logging_mixin.py:190} INFO - [2025-03-31T15:40:33.394+0000] {dagbag.py:588} INFO - Filling up the DagBag from /home/airflow/.local/lib/python3.12/site-packages/airflow/example_dags/tutorial.py
[2025-03-31T15:40:33.408+0000] {processor.py:925} INFO - DAG(s) 'tutorial' retrieved from /home/airflow/.local/lib/python3.12/site-packages/airflow/example_dags/tutorial.py
[2025-03-31T15:40:33.441+0000] {logging_mixin.py:190} INFO - [2025-03-31T15:40:33.441+0000] {dag.py:3239} INFO - Sync 1 DAGs
[2025-03-31T15:40:33.482+0000] {logging_mixin.py:190} INFO - [2025-03-31T15:40:33.482+0000] {dag.py:4180} INFO - Setting next_dagrun for tutorial to 2025-03-30 00:00:00+00:00, run_after=2025-03-31 00:00:00+00:00
[2025-03-31T15:40:33.516+0000] {processor.py:208} INFO - Processing /home/airflow/.local/lib/python3.12/site-packages/airflow/example_dags/tutorial.py took 0.135 seconds
[2025-03-31T15:41:04.542+0000] {processor.py:186} INFO - Started process (PID=60944) to work on /home/airflow/.local/lib/python3.12/site-packages/airflow/example_dags/tutorial.py
[2025-03-31T15:41:04.544+0000] {processor.py:914} INFO - Processing file /home/airflow/.local/lib/python3.12/site-packages/airflow/example_dags/tutorial.py for tasks to queue
[2025-03-31T15:41:04.546+0000] {logging_mixin.py:190} INFO - [2025-03-31T15:41:04.546+0000] {dagbag.py:588} INFO - Filling up the DagBag from /home/airflow/.local/lib/python3.12/site-packages/airflow/example_dags/tutorial.py
[2025-03-31T15:41:04.566+0000] {processor.py:925} INFO - DAG(s) 'tutorial' retrieved from /home/airflow/.local/lib/python3.12/site-packages/airflow/example_dags/tutorial.py
[2025-03-31T15:41:04.606+0000] {logging_mixin.py:190} INFO - [2025-03-31T15:41:04.606+0000] {dag.py:3239} INFO - Sync 1 DAGs
[2025-03-31T15:41:04.657+0000] {logging_mixin.py:190} INFO - [2025-03-31T15:41:04.656+0000] {dag.py:4180} INFO - Setting next_dagrun for tutorial to 2025-03-30 00:00:00+00:00, run_after=2025-03-31 00:00:00+00:00
[2025-03-31T15:41:04.696+0000] {processor.py:208} INFO - Processing /home/airflow/.local/lib/python3.12/site-packages/airflow/example_dags/tutorial.py took 0.163 seconds
[2025-03-31T15:41:36.677+0000] {processor.py:186} INFO - Started process (PID=61010) to work on /home/airflow/.local/lib/python3.12/site-packages/airflow/example_dags/tutorial.py
[2025-03-31T15:41:36.679+0000] {processor.py:914} INFO - Processing file /home/airflow/.local/lib/python3.12/site-packages/airflow/example_dags/tutorial.py for tasks to queue
[2025-03-31T15:41:36.681+0000] {logging_mixin.py:190} INFO - [2025-03-31T15:41:36.681+0000] {dagbag.py:588} INFO - Filling up the DagBag from /home/airflow/.local/lib/python3.12/site-packages/airflow/example_dags/tutorial.py
[2025-03-31T15:41:36.701+0000] {processor.py:925} INFO - DAG(s) 'tutorial' retrieved from /home/airflow/.local/lib/python3.12/site-packages/airflow/example_dags/tutorial.py
[2025-03-31T15:41:36.738+0000] {logging_mixin.py:190} INFO - [2025-03-31T15:41:36.738+0000] {dag.py:3239} INFO - Sync 1 DAGs
[2025-03-31T15:41:36.784+0000] {logging_mixin.py:190} INFO - [2025-03-31T15:41:36.783+0000] {dag.py:4180} INFO - Setting next_dagrun for tutorial to 2025-03-30 00:00:00+00:00, run_after=2025-03-31 00:00:00+00:00
[2025-03-31T15:41:36.835+0000] {processor.py:208} INFO - Processing /home/airflow/.local/lib/python3.12/site-packages/airflow/example_dags/tutorial.py took 0.168 seconds
[2025-03-31T15:42:07.641+0000] {processor.py:186} INFO - Started process (PID=61075) to work on /home/airflow/.local/lib/python3.12/site-packages/airflow/example_dags/tutorial.py
[2025-03-31T15:42:07.642+0000] {processor.py:914} INFO - Processing file /home/airflow/.local/lib/python3.12/site-packages/airflow/example_dags/tutorial.py for tasks to queue
[2025-03-31T15:42:07.645+0000] {logging_mixin.py:190} INFO - [2025-03-31T15:42:07.645+0000] {dagbag.py:588} INFO - Filling up the DagBag from /home/airflow/.local/lib/python3.12/site-packages/airflow/example_dags/tutorial.py
[2025-03-31T15:42:07.665+0000] {processor.py:925} INFO - DAG(s) 'tutorial' retrieved from /home/airflow/.local/lib/python3.12/site-packages/airflow/example_dags/tutorial.py
[2025-03-31T15:42:07.699+0000] {logging_mixin.py:190} INFO - [2025-03-31T15:42:07.699+0000] {dag.py:3239} INFO - Sync 1 DAGs
[2025-03-31T15:42:07.742+0000] {logging_mixin.py:190} INFO - [2025-03-31T15:42:07.742+0000] {dag.py:4180} INFO - Setting next_dagrun for tutorial to 2025-03-30 00:00:00+00:00, run_after=2025-03-31 00:00:00+00:00
[2025-03-31T15:42:07.790+0000] {processor.py:208} INFO - Processing /home/airflow/.local/lib/python3.12/site-packages/airflow/example_dags/tutorial.py took 0.159 seconds
[2025-03-31T15:42:38.988+0000] {processor.py:186} INFO - Started process (PID=61137) to work on /home/airflow/.local/lib/python3.12/site-packages/airflow/example_dags/tutorial.py
[2025-03-31T15:42:38.990+0000] {processor.py:914} INFO - Processing file /home/airflow/.local/lib/python3.12/site-packages/airflow/example_dags/tutorial.py for tasks to queue
[2025-03-31T15:42:38.994+0000] {logging_mixin.py:190} INFO - [2025-03-31T15:42:38.993+0000] {dagbag.py:588} INFO - Filling up the DagBag from /home/airflow/.local/lib/python3.12/site-packages/airflow/example_dags/tutorial.py
[2025-03-31T15:42:39.011+0000] {processor.py:925} INFO - DAG(s) 'tutorial' retrieved from /home/airflow/.local/lib/python3.12/site-packages/airflow/example_dags/tutorial.py
[2025-03-31T15:42:39.056+0000] {logging_mixin.py:190} INFO - [2025-03-31T15:42:39.056+0000] {dag.py:3239} INFO - Sync 1 DAGs
[2025-03-31T15:42:39.120+0000] {logging_mixin.py:190} INFO - [2025-03-31T15:42:39.119+0000] {dag.py:4180} INFO - Setting next_dagrun for tutorial to 2025-03-30 00:00:00+00:00, run_after=2025-03-31 00:00:00+00:00
[2025-03-31T15:42:39.178+0000] {processor.py:208} INFO - Processing /home/airflow/.local/lib/python3.12/site-packages/airflow/example_dags/tutorial.py took 0.200 seconds
[2025-03-31T15:43:09.906+0000] {processor.py:186} INFO - Started process (PID=61201) to work on /home/airflow/.local/lib/python3.12/site-packages/airflow/example_dags/tutorial.py
[2025-03-31T15:43:09.908+0000] {processor.py:914} INFO - Processing file /home/airflow/.local/lib/python3.12/site-packages/airflow/example_dags/tutorial.py for tasks to queue
[2025-03-31T15:43:09.911+0000] {logging_mixin.py:190} INFO - [2025-03-31T15:43:09.911+0000] {dagbag.py:588} INFO - Filling up the DagBag from /home/airflow/.local/lib/python3.12/site-packages/airflow/example_dags/tutorial.py
[2025-03-31T15:43:09.926+0000] {processor.py:925} INFO - DAG(s) 'tutorial' retrieved from /home/airflow/.local/lib/python3.12/site-packages/airflow/example_dags/tutorial.py
[2025-03-31T15:43:09.959+0000] {logging_mixin.py:190} INFO - [2025-03-31T15:43:09.959+0000] {dag.py:3239} INFO - Sync 1 DAGs
[2025-03-31T15:43:10.007+0000] {logging_mixin.py:190} INFO - [2025-03-31T15:43:10.006+0000] {dag.py:4180} INFO - Setting next_dagrun for tutorial to 2025-03-30 00:00:00+00:00, run_after=2025-03-31 00:00:00+00:00
[2025-03-31T15:43:10.044+0000] {processor.py:208} INFO - Processing /home/airflow/.local/lib/python3.12/site-packages/airflow/example_dags/tutorial.py took 0.149 seconds
[2025-03-31T15:43:41.300+0000] {processor.py:186} INFO - Started process (PID=61266) to work on /home/airflow/.local/lib/python3.12/site-packages/airflow/example_dags/tutorial.py
[2025-03-31T15:43:41.302+0000] {processor.py:914} INFO - Processing file /home/airflow/.local/lib/python3.12/site-packages/airflow/example_dags/tutorial.py for tasks to queue
[2025-03-31T15:43:41.305+0000] {logging_mixin.py:190} INFO - [2025-03-31T15:43:41.305+0000] {dagbag.py:588} INFO - Filling up the DagBag from /home/airflow/.local/lib/python3.12/site-packages/airflow/example_dags/tutorial.py
[2025-03-31T15:43:41.323+0000] {processor.py:925} INFO - DAG(s) 'tutorial' retrieved from /home/airflow/.local/lib/python3.12/site-packages/airflow/example_dags/tutorial.py
[2025-03-31T15:43:41.367+0000] {logging_mixin.py:190} INFO - [2025-03-31T15:43:41.367+0000] {dag.py:3239} INFO - Sync 1 DAGs
[2025-03-31T15:43:41.420+0000] {logging_mixin.py:190} INFO - [2025-03-31T15:43:41.420+0000] {dag.py:4180} INFO - Setting next_dagrun for tutorial to 2025-03-30 00:00:00+00:00, run_after=2025-03-31 00:00:00+00:00
[2025-03-31T15:43:41.472+0000] {processor.py:208} INFO - Processing /home/airflow/.local/lib/python3.12/site-packages/airflow/example_dags/tutorial.py took 0.182 seconds
[2025-03-31T15:44:12.898+0000] {processor.py:186} INFO - Started process (PID=61331) to work on /home/airflow/.local/lib/python3.12/site-packages/airflow/example_dags/tutorial.py
[2025-03-31T15:44:12.901+0000] {processor.py:914} INFO - Processing file /home/airflow/.local/lib/python3.12/site-packages/airflow/example_dags/tutorial.py for tasks to queue
[2025-03-31T15:44:12.904+0000] {logging_mixin.py:190} INFO - [2025-03-31T15:44:12.903+0000] {dagbag.py:588} INFO - Filling up the DagBag from /home/airflow/.local/lib/python3.12/site-packages/airflow/example_dags/tutorial.py
[2025-03-31T15:44:12.924+0000] {processor.py:925} INFO - DAG(s) 'tutorial' retrieved from /home/airflow/.local/lib/python3.12/site-packages/airflow/example_dags/tutorial.py
[2025-03-31T15:44:12.960+0000] {logging_mixin.py:190} INFO - [2025-03-31T15:44:12.960+0000] {dag.py:3239} INFO - Sync 1 DAGs
[2025-03-31T15:44:13.001+0000] {logging_mixin.py:190} INFO - [2025-03-31T15:44:13.001+0000] {dag.py:4180} INFO - Setting next_dagrun for tutorial to 2025-03-30 00:00:00+00:00, run_after=2025-03-31 00:00:00+00:00
[2025-03-31T15:44:13.037+0000] {processor.py:208} INFO - Processing /home/airflow/.local/lib/python3.12/site-packages/airflow/example_dags/tutorial.py took 0.150 seconds
