[2025-05-26T09:00:07.735+0000] {local_task_job_runner.py:123} INFO - ::group::Pre task execution logs
[2025-05-26T09:00:07.764+0000] {taskinstance.py:2614} INFO - Dependencies all met for dep_context=non-requeueable deps ti=<TaskInstance: main_dag.run_activesg_scrape scheduled__2025-05-26T08:00:00+00:00 [queued]>
[2025-05-26T09:00:07.781+0000] {taskinstance.py:2614} INFO - Dependencies all met for dep_context=requeueable deps ti=<TaskInstance: main_dag.run_activesg_scrape scheduled__2025-05-26T08:00:00+00:00 [queued]>
[2025-05-26T09:00:07.783+0000] {taskinstance.py:2867} INFO - Starting attempt 1 of 2
[2025-05-26T09:00:07.804+0000] {taskinstance.py:2890} INFO - Executing <Task(DockerOperator): run_activesg_scrape> on 2025-05-26 08:00:00+00:00
[2025-05-26T09:00:07.819+0000] {warnings.py:112} WARNING - /home/***/.local/lib/python3.12/site-packages/***/task/task_runner/standard_task_runner.py:70: DeprecationWarning: This process (pid=13216) is multi-threaded, use of fork() may lead to deadlocks in the child.
  pid = os.fork()

[2025-05-26T09:00:07.822+0000] {standard_task_runner.py:72} INFO - Started process 13226 to run task
[2025-05-26T09:00:07.823+0000] {standard_task_runner.py:104} INFO - Running: ['***', 'tasks', 'run', 'main_dag', 'run_activesg_scrape', 'scheduled__2025-05-26T08:00:00+00:00', '--job-id', '41', '--raw', '--subdir', 'DAGS_FOLDER/main.py', '--cfg-path', '/tmp/tmp027zwd0k']
[2025-05-26T09:00:07.825+0000] {standard_task_runner.py:105} INFO - Job 41: Subtask run_activesg_scrape
[2025-05-26T09:00:07.899+0000] {task_command.py:467} INFO - Running <TaskInstance: main_dag.run_activesg_scrape scheduled__2025-05-26T08:00:00+00:00 [running]> on host 0e2c171a3c5e
[2025-05-26T09:00:08.085+0000] {taskinstance.py:3134} INFO - Exporting env vars: AIRFLOW_CTX_DAG_EMAIL='***@example.com' AIRFLOW_CTX_DAG_OWNER='***' AIRFLOW_CTX_DAG_ID='main_dag' AIRFLOW_CTX_TASK_ID='run_activesg_scrape' AIRFLOW_CTX_EXECUTION_DATE='2025-05-26T08:00:00+00:00' AIRFLOW_CTX_TRY_NUMBER='1' AIRFLOW_CTX_DAG_RUN_ID='scheduled__2025-05-26T08:00:00+00:00'
[2025-05-26T09:00:08.088+0000] {logging_mixin.py:190} INFO - Task instance is in running state
[2025-05-26T09:00:08.090+0000] {logging_mixin.py:190} INFO -  Previous state of the Task instance: queued
[2025-05-26T09:00:08.092+0000] {logging_mixin.py:190} INFO - Current task name:run_activesg_scrape state:running start_date:2025-05-26 09:00:07.765288+00:00
[2025-05-26T09:00:08.093+0000] {logging_mixin.py:190} INFO - Dag name:main_dag and current dag run status:running
[2025-05-26T09:00:08.094+0000] {taskinstance.py:732} INFO - ::endgroup::
[2025-05-26T09:00:08.162+0000] {docker.py:345} INFO - Starting docker container from image poewun/activesg-scrape:latest
[2025-05-26T09:00:08.197+0000] {docker.py:353} WARNING - Using remote engine or docker-in-docker and mounting temporary volume from host is not supported. Falling back to `mount_tmp_dir=False` mode. You can set `mount_tmp_dir` parameter to False to disable mounting and remove the warning
[2025-05-26T09:00:12.425+0000] {docker.py:69} INFO - ---Reading csv---
[2025-05-26T09:00:12.427+0000] {docker.py:69} INFO -                                   gym_name  ...                   timestamp
[2025-05-26T09:00:12.429+0000] {docker.py:69} INFO - 0             ActiveSG Gym @ Ang Mo Kio CC  ...  2025-05-26 17:00:12.689336
[2025-05-26T09:00:12.431+0000] {docker.py:69} INFO - 1                Bukit Gombak ActiveSG Gym  ...  2025-05-26 17:00:12.689336
[2025-05-26T09:00:12.432+0000] {docker.py:69} INFO - 2   ActiveSG Hockey Village @ Boon Lay Gym  ...  2025-05-26 17:00:12.689336
[2025-05-26T09:00:12.433+0000] {docker.py:69} INFO - 3               Kallang Basin ActiveSG Gym  ...  2025-05-26 17:00:12.689336
[2025-05-26T09:00:12.434+0000] {docker.py:69} INFO - 4                      Katong ActiveSG Gym  ...  2025-05-26 17:00:12.689336
[2025-05-26T09:00:12.436+0000] {docker.py:69} INFO - 5              Bukit Canberra ActiveSG Gym  ...  2025-05-26 17:00:12.689336
[2025-05-26T09:00:12.437+0000] {docker.py:69} INFO - 6                      Bishan ActiveSG Gym  ...  2025-05-26 17:00:12.689336
[2025-05-26T09:00:12.438+0000] {docker.py:69} INFO - 7                 Bukit Batok ActiveSG Gym  ...  2025-05-26 17:00:12.689336
[2025-05-26T09:00:12.439+0000] {docker.py:69} INFO - 8                    Sengkang ActiveSG Gym  ...  2025-05-26 17:00:12.689336
[2025-05-26T09:00:12.440+0000] {docker.py:69} INFO - 9           ActiveSG Gym @ Fernvale Square  ...  2025-05-26 17:00:12.689336
[2025-05-26T09:00:12.441+0000] {docker.py:69} INFO - 10                  Pasir Ris ActiveSG Gym  ...  2025-05-26 17:00:12.689336
[2025-05-26T09:00:12.443+0000] {docker.py:69} INFO - 11           Enabling Village ActiveSG Gym  ...  2025-05-26 17:00:12.689336
[2025-05-26T09:00:12.444+0000] {docker.py:69} INFO - 12                      Delta ActiveSG Gym  ...  2025-05-26 17:00:12.689336
[2025-05-26T09:00:12.444+0000] {docker.py:69} INFO - 13                   Clementi ActiveSG Gym  ...  2025-05-26 17:00:12.689336
[2025-05-26T09:00:12.445+0000] {docker.py:69} INFO - 14                Jalan Besar ActiveSG Gym  ...  2025-05-26 17:00:12.689336
[2025-05-26T09:00:12.446+0000] {docker.py:69} INFO - 15        ActiveSG Gym @ Serangoon Central  ...  2025-05-26 17:00:12.689336
[2025-05-26T09:00:12.447+0000] {docker.py:69} INFO - 16        ActiveSG Gym @ Toa Payoh West CC  ...  2025-05-26 17:00:12.689336
[2025-05-26T09:00:12.448+0000] {docker.py:69} INFO - 17               Yio Chu Kang ActiveSG Gym  ...  2025-05-26 17:00:12.689336
[2025-05-26T09:00:12.449+0000] {docker.py:69} INFO - 18                ActiveSG Gym @ Toa Payoh  ...  2025-05-26 17:00:12.689336
[2025-05-26T09:00:12.450+0000] {docker.py:69} INFO - 19                     Yishun ActiveSG Gym  ...  2025-05-26 17:00:12.689336
[2025-05-26T09:00:12.451+0000] {docker.py:69} INFO - 20                   Tampines ActiveSG Gym  ...  2025-05-26 17:00:12.689336
[2025-05-26T09:00:12.452+0000] {docker.py:69} INFO - 21                        Senja-Cashew Gym  ...  2025-05-26 17:00:12.689336
[2025-05-26T09:00:12.453+0000] {docker.py:69} INFO - 22          Heartbeat @ Bedok ActiveSG Gym  ...  2025-05-26 17:00:12.689336
[2025-05-26T09:00:12.454+0000] {docker.py:69} INFO - 23                 Jurong Lake Gardens Gym  ...  2025-05-26 17:00:12.689336
[2025-05-26T09:00:12.455+0000] {docker.py:69} INFO - 24              Choa Chu Kang ActiveSG Gym  ...  2025-05-26 17:00:12.689336
[2025-05-26T09:00:12.456+0000] {docker.py:69} INFO - 25                  Woodlands ActiveSG Gym  ...  2025-05-26 17:00:12.689336
[2025-05-26T09:00:12.457+0000] {docker.py:69} INFO - 26                Jurong West ActiveSG Gym  ...  2025-05-26 17:00:12.689336
[2025-05-26T09:00:12.458+0000] {docker.py:69} INFO - 27                Jurong East ActiveSG Gym  ...  2025-05-26 17:00:12.689336
[2025-05-26T09:00:12.459+0000] {docker.py:69} INFO - 
[2025-05-26T09:00:12.461+0000] {docker.py:69} INFO - [28 rows x 3 columns]
[2025-05-26T09:00:12.462+0000] {docker.py:69} INFO - ---End---
[2025-05-26T09:00:12.463+0000] {docker.py:69} INFO - /src/data/20250526_17_00_gym_capacity.csv
[2025-05-26T09:00:13.193+0000] {taskinstance.py:341} INFO - ::group::Post task execution logs
[2025-05-26T09:00:13.194+0000] {taskinstance.py:353} INFO - Marking task as SUCCESS. dag_id=main_dag, task_id=run_activesg_scrape, run_id=scheduled__2025-05-26T08:00:00+00:00, execution_date=20250526T080000, start_date=20250526T090007, end_date=20250526T090013
[2025-05-26T09:00:13.240+0000] {logging_mixin.py:190} INFO - Task instance in success state
[2025-05-26T09:00:13.241+0000] {logging_mixin.py:190} INFO -  Previous state of the Task instance: running
[2025-05-26T09:00:13.243+0000] {logging_mixin.py:190} INFO - Dag name:main_dag queued_at:2025-05-26 09:00:00.779628+00:00
[2025-05-26T09:00:13.244+0000] {logging_mixin.py:190} INFO - Task hostname:0e2c171a3c5e operator:DockerOperator
[2025-05-26T09:00:17.925+0000] {local_task_job_runner.py:266} INFO - Task exited with return code 0
[2025-05-26T09:00:17.951+0000] {taskinstance.py:3901} INFO - 0 downstream tasks scheduled from follow-on schedule check
[2025-05-26T09:00:17.954+0000] {local_task_job_runner.py:245} INFO - ::endgroup::
